
Gurobi 13.0.0 (linux64) logging started Tue Mar 31 15:06:53 2026

Set parameter LogFile to value "logs/N=12_layers=3_presolve_on/N=12/seed=34/n_qaoa_layers=3/precond_pen=0.800.log"
Set parameter MIPGap to value 1e-06
Set parameter Threads to value 8
Gurobi Optimizer version 13.0.0 build v13.0.0rc1 (linux64 - "Oracle Linux Server 9.7")

CPU model: AMD EPYC 7643 48-Core Processor, instruction set [SSE2|AVX|AVX2]
Thread count: 48 physical cores, 96 logical processors, using up to 8 threads

Non-default parameters:
MIPGap  1e-06
Threads  8

Optimize a model with 1 rows, 12 columns and 12 nonzeros (Min)
Model fingerprint: 0x8327edfb
Model has 12 linear objective coefficients and an objective constant of 5.1336079176680025e+00
Model has 66 quadratic objective terms
Variable types: 0 continuous, 12 integer (12 binary)
Coefficient statistics:
  Matrix range     [1e+00, 1e+00]
  Objective range  [2e+00, 2e+00]
  QObjective range [3e-02, 3e+00]
  Bounds range     [1e+00, 1e+00]
  RHS range        [6e+00, 6e+00]
Found heuristic solution: objective 0.6334318
Presolve time: 0.00s
Presolved: 67 rows, 78 columns, 210 nonzeros
Variable types: 0 continuous, 78 integer (78 binary)

Root relaxation: objective -9.373952e+00, 11 iterations, 0.00 seconds (0.00 work units)

    Nodes    |    Current Node    |     Objective Bounds      |     Work
 Expl Unexpl |  Obj  Depth IntInf | Incumbent    BestBd   Gap | It/Node Time

     0     0   -9.37395    0   12    0.63343   -9.37395  1580%     -    0s
H    0     0                      -4.4000188   -9.37395   113%     -    0s
H    0     0                      -4.9483943   -9.37395  89.4%     -    0s
     0     0   -4.94839    0   39   -4.94839   -4.94839  0.00%     -    0s

Cutting planes:
  Gomory: 2
  MIR: 18
  Zero half: 13
  RLT: 18
  BQP: 60

Explored 1 nodes (77 simplex iterations) in 0.01 seconds (0.00 work units)
Thread count was 8 (of 96 available processors)

Solution count 3: -4.94839 -4.40002 0.633432 
No other solutions better than -4.94839

Optimal solution found (tolerance 1.00e-06)
Best objective -4.948394265472e+00, best bound -4.948394265472e+00, gap 0.0000%

User-callback calls 161, time in user-callback 0.00 sec

Gurobi 13.0.0 (linux64) logging started Tue Mar 31 15:10:51 2026

Set parameter LogFile to value "logs/N=12_layers=3_presolve_on/N=12/seed=34/n_qaoa_layers=3/precond_pen=0.800.log"
Set parameter MIPGap to value 1e-06
Set parameter Threads to value 8
Gurobi Optimizer version 13.0.0 build v13.0.0rc1 (linux64 - "Oracle Linux Server 9.7")

CPU model: AMD EPYC 7643 48-Core Processor, instruction set [SSE2|AVX|AVX2]
Thread count: 48 physical cores, 96 logical processors, using up to 8 threads

Non-default parameters:
MIPGap  1e-06
Threads  8

Optimize a model with 1 rows, 12 columns and 12 nonzeros (Min)
Model fingerprint: 0x8327edfb
Model has 12 linear objective coefficients and an objective constant of 5.1336079176680025e+00
Model has 66 quadratic objective terms
Variable types: 0 continuous, 12 integer (12 binary)
Coefficient statistics:
  Matrix range     [1e+00, 1e+00]
  Objective range  [2e+00, 2e+00]
  QObjective range [3e-02, 3e+00]
  Bounds range     [1e+00, 1e+00]
  RHS range        [6e+00, 6e+00]
Found heuristic solution: objective 0.6334318
Presolve time: 0.00s
Presolved: 67 rows, 78 columns, 210 nonzeros
Variable types: 0 continuous, 78 integer (78 binary)

Root relaxation: objective -9.373952e+00, 11 iterations, 0.00 seconds (0.00 work units)

    Nodes    |    Current Node    |     Objective Bounds      |     Work
 Expl Unexpl |  Obj  Depth IntInf | Incumbent    BestBd   Gap | It/Node Time

     0     0   -9.37395    0   12    0.63343   -9.37395  1580%     -    0s
H    0     0                      -4.4000188   -9.37395   113%     -    0s
H    0     0                      -4.9483943   -9.37395  89.4%     -    0s
     0     0   -4.94839    0   39   -4.94839   -4.94839  0.00%     -    0s

Cutting planes:
  Gomory: 2
  MIR: 18
  Zero half: 13
  RLT: 18
  BQP: 60

Explored 1 nodes (77 simplex iterations) in 0.01 seconds (0.00 work units)
Thread count was 8 (of 96 available processors)

Solution count 3: -4.94839 -4.40002 0.633432 
No other solutions better than -4.94839

Optimal solution found (tolerance 1.00e-06)
Best objective -4.948394265472e+00, best bound -4.948394265472e+00, gap 0.0000%

User-callback calls 161, time in user-callback 0.00 sec
