
Gurobi 13.0.0 (linux64) logging started Tue Mar 31 15:05:17 2026

Set parameter LogFile to value "logs/N=12_layers=2_presolve_off/N=12/seed=9/n_qaoa_layers=2/precond_pen=0.900.log"
Set parameter MIPGap to value 1e-06
Set parameter Threads to value 8
Set parameter Presolve to value 0
Gurobi Optimizer version 13.0.0 build v13.0.0rc1 (linux64 - "Oracle Linux Server 9.7")

CPU model: AMD EPYC 7643 48-Core Processor, instruction set [SSE2|AVX|AVX2]
Thread count: 48 physical cores, 96 logical processors, using up to 8 threads

Non-default parameters:
MIPGap  1e-06
Presolve  0
Threads  8

Optimize a model with 1 rows, 12 columns and 12 nonzeros (Min)
Model fingerprint: 0x0727f4b3
Model has 12 linear objective coefficients and an objective constant of 5.3012165083769993e+00
Model has 66 quadratic objective terms
Variable types: 0 continuous, 12 integer (12 binary)
Coefficient statistics:
  Matrix range     [1e+00, 1e+00]
  Objective range  [2e+00, 2e+00]
  QObjective range [3e-04, 2e+00]
  Bounds range     [1e+00, 1e+00]
  RHS range        [6e+00, 6e+00]
Found heuristic solution: objective -0.4816201
Variable types: 0 continuous, 78 integer (78 binary)

Root relaxation: objective -5.457086e+00, 21 iterations, 0.00 seconds (0.00 work units)

    Nodes    |    Current Node    |     Objective Bounds      |     Work
 Expl Unexpl |  Obj  Depth IntInf | Incumbent    BestBd   Gap | It/Node Time

     0     0   -5.45709    0   12   -0.48162   -5.45709  1033%     -    0s
H    0     0                      -1.2916785   -5.45709   322%     -    0s
H    0     0                      -2.3166804   -5.45709   136%     -    0s
     0     0     cutoff    0        -2.31668   -2.31668  0.00%     -    0s

Cutting planes:
  Gomory: 1
  MIR: 47
  Zero half: 18
  RLT: 26
  BQP: 116

Explored 1 nodes (116 simplex iterations) in 0.01 seconds (0.00 work units)
Thread count was 8 (of 96 available processors)

Solution count 3: -2.31668 -1.29168 -0.48162 
No other solutions better than -2.31668

Optimal solution found (tolerance 1.00e-06)
Best objective -2.316680382203e+00, best bound -2.316680382203e+00, gap 0.0000%

User-callback calls 67, time in user-callback 0.00 sec
