
Gurobi 13.0.0 (linux64) logging started Tue Mar 31 15:05:19 2026

Set parameter LogFile to value "logs/N=12_layers=2_presolve_off/N=12/seed=26/n_qaoa_layers=2/precond_pen=0.400.log"
Set parameter MIPGap to value 1e-06
Set parameter Threads to value 8
Set parameter Presolve to value 0
Gurobi Optimizer version 13.0.0 build v13.0.0rc1 (linux64 - "Oracle Linux Server 9.7")

CPU model: AMD EPYC 7643 48-Core Processor, instruction set [SSE2|AVX|AVX2]
Thread count: 48 physical cores, 96 logical processors, using up to 8 threads

Non-default parameters:
MIPGap  1e-06
Presolve  0
Threads  8

Optimize a model with 1 rows, 12 columns and 12 nonzeros (Min)
Model fingerprint: 0x1019f1f2
Model has 12 linear objective coefficients and an objective constant of 4.360524524737
Model has 66 quadratic objective terms
Variable types: 0 continuous, 12 integer (12 binary)
Coefficient statistics:
  Matrix range     [1e+00, 1e+00]
  Objective range  [1e+00, 2e+00]
  QObjective range [1e-02, 4e+00]
  Bounds range     [1e+00, 1e+00]
  RHS range        [6e+00, 6e+00]
Found heuristic solution: objective -3.3499277
Variable types: 0 continuous, 78 integer (78 binary)

Root relaxation: objective -1.356372e+01, 16 iterations, 0.00 seconds (0.00 work units)

    Nodes    |    Current Node    |     Objective Bounds      |     Work
 Expl Unexpl |  Obj  Depth IntInf | Incumbent    BestBd   Gap | It/Node Time

     0     0  -13.56372    0   12   -3.34993  -13.56372   305%     -    0s
H    0     0                      -4.3801367  -13.56372   210%     -    0s
H    0     0                      -8.2990338  -13.56372  63.4%     -    0s
     0     0   -8.29903    0   30   -8.29903   -8.29903  0.00%     -    0s

Cutting planes:
  MIR: 21
  Zero half: 13
  RLT: 18
  BQP: 62

Explored 1 nodes (81 simplex iterations) in 0.01 seconds (0.00 work units)
Thread count was 8 (of 96 available processors)

Solution count 3: -8.29903 -4.38014 -3.34993 
No other solutions better than -8.29903

Optimal solution found (tolerance 1.00e-06)
Best objective -8.299033803075e+00, best bound -8.299033803075e+00, gap 0.0000%

User-callback calls 65, time in user-callback 0.00 sec
