
Gurobi 13.0.0 (linux64) logging started Sun May  3 10:58:44 2026

Set parameter LogFile to value "logs/N=16_layers=2_presolve_off/N=16/seed=15/quantum_layers=2/precond_pen=0.200.log"
Set parameter MIPGap to value 1e-06
Set parameter Threads to value 8
Set parameter Presolve to value 0
Gurobi Optimizer version 13.0.0 build v13.0.0rc1 (linux64 - "Oracle Linux Server 9.7")

CPU model: AMD EPYC 7643 48-Core Processor, instruction set [SSE2|AVX|AVX2]
Thread count: 48 physical cores, 96 logical processors, using up to 8 threads

Non-default parameters:
MIPGap  1e-06
Presolve  0
Threads  8

Optimize a model with 1 rows, 16 columns and 16 nonzeros (Min)
Model fingerprint: 0x11d7b017
Model has 16 linear objective coefficients and an objective constant of -2.6706057707830993e+01
Model has 120 quadratic objective terms
Variable types: 0 continuous, 16 integer (16 binary)
Coefficient statistics:
  Matrix range     [1e+00, 1e+00]
  Objective range  [9e-01, 1e+01]
  QObjective range [3e-02, 5e+00]
  Bounds range     [1e+00, 1e+00]
  RHS range        [8e+00, 8e+00]
Found heuristic solution: objective 2.1435905
Variable types: 0 continuous, 136 integer (136 binary)

Root relaxation: objective -3.177782e+01, 21 iterations, 0.00 seconds (0.00 work units)

    Nodes    |    Current Node    |     Objective Bounds      |     Work
 Expl Unexpl |  Obj  Depth IntInf | Incumbent    BestBd   Gap | It/Node Time

     0     0  -31.77782    0   16    2.14359  -31.77782  1582%     -    0s
H    0     0                       1.2541613  -31.77782  2634%     -    0s
H    0     0                      -0.1576156  -31.77782      -     -    0s
H    0     0                      -6.1777327  -31.77782   414%     -    0s
     0     0  -17.62013    0   44   -6.17773  -17.62013   185%     -    0s
     0     0  -12.55766    0   63   -6.17773  -12.55766   103%     -    0s
     0     0  -12.48975    0   63   -6.17773  -12.48975   102%     -    0s
     0     2  -12.47337    0   63   -6.17773  -12.47337   102%     -    0s

Cutting planes:
  Gomory: 5
  MIR: 22
  Zero half: 8
  RLT: 25
  BQP: 21

Explored 75 nodes (3264 simplex iterations) in 0.06 seconds (0.05 work units)
Thread count was 8 (of 96 available processors)

Solution count 4: -6.17773 -0.157616 1.25416 2.14359 
No other solutions better than -6.17773

Optimal solution found (tolerance 1.00e-06)
Best objective -6.177732697689e+00, best bound -6.177732697689e+00, gap 0.0000%

User-callback calls 251, time in user-callback 0.00 sec
