
Gurobi 13.0.0 (linux64) logging started Tue Mar 31 15:05:20 2026

Set parameter LogFile to value "logs/N=12_layers=2_presolve_off/N=12/seed=45/n_qaoa_layers=2/precond_pen=0.700.log"
Set parameter MIPGap to value 1e-06
Set parameter Threads to value 8
Set parameter Presolve to value 0
Gurobi Optimizer version 13.0.0 build v13.0.0rc1 (linux64 - "Oracle Linux Server 9.7")

CPU model: AMD EPYC 7643 48-Core Processor, instruction set [SSE2|AVX|AVX2]
Thread count: 48 physical cores, 96 logical processors, using up to 8 threads

Non-default parameters:
MIPGap  1e-06
Presolve  0
Threads  8

Optimize a model with 1 rows, 12 columns and 12 nonzeros (Min)
Model fingerprint: 0xd7f66553
Model has 12 linear objective coefficients and an objective constant of 4.5477709941480011e+00
Model has 66 quadratic objective terms
Variable types: 0 continuous, 12 integer (12 binary)
Coefficient statistics:
  Matrix range     [1e+00, 1e+00]
  Objective range  [1e+00, 2e+00]
  QObjective range [2e-02, 3e+00]
  Bounds range     [1e+00, 1e+00]
  RHS range        [6e+00, 6e+00]
Found heuristic solution: objective -0.7110747
Variable types: 0 continuous, 78 integer (78 binary)

Root relaxation: objective -7.498741e+00, 19 iterations, 0.00 seconds (0.00 work units)

    Nodes    |    Current Node    |     Objective Bounds      |     Work
 Expl Unexpl |  Obj  Depth IntInf | Incumbent    BestBd   Gap | It/Node Time

     0     0   -7.49874    0   12   -0.71107   -7.49874   955%     -    0s
H    0     0                      -1.4794378   -7.49874   407%     -    0s
H    0     0                      -2.9408622   -7.49874   155%     -    0s
H    0     0                      -3.7203723   -7.49874   102%     -    0s
     0     0   -3.72037    0   34   -3.72037   -3.72037  0.00%     -    0s

Cutting planes:
  Gomory: 1
  MIR: 28
  Zero half: 12
  RLT: 15
  BQP: 54

Explored 1 nodes (112 simplex iterations) in 0.01 seconds (0.00 work units)
Thread count was 8 (of 96 available processors)

Solution count 4: -3.72037 -2.94086 -1.47944 -0.711075 
No other solutions better than -3.72037

Optimal solution found (tolerance 1.00e-06)
Best objective -3.720372328312e+00, best bound -3.720372328312e+00, gap 0.0000%

User-callback calls 69, time in user-callback 0.00 sec
