
Gurobi 13.0.0 (linux64) logging started Tue Mar 31 15:12:52 2026

Set parameter LogFile to value "logs/N=16_layers=2_presolve_off/N=16/seed=25/n_qaoa_layers=2/baseline.log"
Set parameter MIPGap to value 1e-06
Set parameter Threads to value 8
Set parameter Presolve to value 0
Gurobi Optimizer version 13.0.0 build v13.0.0rc1 (linux64 - "Oracle Linux Server 9.7")

CPU model: AMD EPYC 7643 48-Core Processor, instruction set [SSE2|AVX|AVX2]
Thread count: 48 physical cores, 96 logical processors, using up to 8 threads

Non-default parameters:
MIPGap  1e-06
Presolve  0
Threads  8

Optimize a model with 1 rows, 16 columns and 16 nonzeros (Min)
Model fingerprint: 0xf10e71ff
Model has 16 linear objective coefficients and an objective constant of 1.9947377083440188e-12
Model has 120 quadratic objective terms
Variable types: 0 continuous, 16 integer (16 binary)
Coefficient statistics:
  Matrix range     [1e+00, 1e+00]
  Objective range  [1e+01, 2e+01]
  QObjective range [2e-03, 8e+00]
  Bounds range     [1e+00, 1e+00]
  RHS range        [8e+00, 8e+00]
Found heuristic solution: objective 55.4799027
Variable types: 0 continuous, 136 integer (136 binary)

Root relaxation: objective 1.992073e-12, 14 iterations, 0.00 seconds (0.00 work units)

    Nodes    |    Current Node    |     Objective Bounds      |     Work
 Expl Unexpl |  Obj  Depth IntInf | Incumbent    BestBd   Gap | It/Node Time

     0     0    0.00000    0   16   55.47990    0.00000   100%     -    0s
H    0     0                      51.6710817    0.00000   100%     -    0s
     0     0   22.57769    0   19   51.67108   22.57769  56.3%     -    0s
     0     0   28.71109    0   37   51.67108   28.71109  44.4%     -    0s
     0     0   28.71109    0   37   51.67108   28.71109  44.4%     -    0s
     0     2   28.71109    0   37   51.67108   28.71109  44.4%     -    0s
H   49    61                      51.3387880   34.46917  32.9%  39.4    0s
*  223    91              11      51.2853106   37.91722  26.1%  24.6    0s
*  396    80              12      50.7356171   44.26635  12.8%  22.0    0s

Cutting planes:
  Gomory: 6
  Cover: 6
  MIR: 25
  StrongCG: 11
  RLT: 13

Explored 606 nodes (12139 simplex iterations) in 0.08 seconds (0.08 work units)
Thread count was 8 (of 96 available processors)

Solution count 5: 50.7356 51.2853 51.3388 ... 55.4799

Optimal solution found (tolerance 1.00e-06)
Best objective 5.073561711458e+01, best bound 5.073561711458e+01, gap 0.0000%

User-callback calls 1324, time in user-callback 0.00 sec
