
Gurobi 13.0.0 (linux64) logging started Tue Mar 31 15:12:52 2026

Set parameter LogFile to value "logs/N=16_layers=2_presolve_off/N=16/seed=25/n_qaoa_layers=2/precond_pen=0.500.log"
Set parameter MIPGap to value 1e-06
Set parameter Threads to value 8
Set parameter Presolve to value 0
Gurobi Optimizer version 13.0.0 build v13.0.0rc1 (linux64 - "Oracle Linux Server 9.7")

CPU model: AMD EPYC 7643 48-Core Processor, instruction set [SSE2|AVX|AVX2]
Thread count: 48 physical cores, 96 logical processors, using up to 8 threads

Non-default parameters:
MIPGap  1e-06
Presolve  0
Threads  8

Optimize a model with 1 rows, 16 columns and 16 nonzeros (Min)
Model fingerprint: 0xbdc0eb5c
Model has 16 linear objective coefficients and an objective constant of 5.9050005292610006e+00
Model has 120 quadratic objective terms
Variable types: 0 continuous, 16 integer (16 binary)
Coefficient statistics:
  Matrix range     [1e+00, 1e+00]
  Objective range  [9e-01, 2e+00]
  QObjective range [2e-02, 3e+00]
  Bounds range     [1e+00, 1e+00]
  RHS range        [8e+00, 8e+00]
Found heuristic solution: objective -4.2621671
Variable types: 0 continuous, 136 integer (136 binary)

Root relaxation: objective -1.719568e+01, 25 iterations, 0.00 seconds (0.00 work units)

    Nodes    |    Current Node    |     Objective Bounds      |     Work
 Expl Unexpl |  Obj  Depth IntInf | Incumbent    BestBd   Gap | It/Node Time

     0     0  -17.19568    0   16   -4.26217  -17.19568   303%     -    0s
H    0     0                      -8.1783385  -17.19568   110%     -    0s
     0     0   -8.69517    0   83   -8.17834   -8.69517  6.32%     -    0s

Cutting planes:
  Gomory: 7
  MIR: 56
  Flow cover: 7
  Zero half: 27
  RLT: 21
  BQP: 76

Explored 1 nodes (274 simplex iterations) in 0.02 seconds (0.02 work units)
Thread count was 8 (of 96 available processors)

Solution count 2: -8.17834 -4.26217 
No other solutions better than -8.17834

Optimal solution found (tolerance 1.00e-06)
Best objective -8.178338519465e+00, best bound -8.178338519465e+00, gap 0.0000%

User-callback calls 72, time in user-callback 0.00 sec
