
Gurobi 13.0.0 (linux64) logging started Tue Mar 31 15:12:52 2026

Set parameter LogFile to value "logs/N=16_layers=2_presolve_off/N=16/seed=25/n_qaoa_layers=2/precond_pen=0.200.log"
Set parameter MIPGap to value 1e-06
Set parameter Threads to value 8
Set parameter Presolve to value 0
Gurobi Optimizer version 13.0.0 build v13.0.0rc1 (linux64 - "Oracle Linux Server 9.7")

CPU model: AMD EPYC 7643 48-Core Processor, instruction set [SSE2|AVX|AVX2]
Thread count: 48 physical cores, 96 logical processors, using up to 8 threads

Non-default parameters:
MIPGap  1e-06
Presolve  0
Threads  8

Optimize a model with 1 rows, 16 columns and 16 nonzeros (Min)
Model fingerprint: 0x00276be5
Model has 16 linear objective coefficients and an objective constant of -9.7986407492159984e+00
Model has 120 quadratic objective terms
Variable types: 0 continuous, 16 integer (16 binary)
Coefficient statistics:
  Matrix range     [1e+00, 1e+00]
  Objective range  [7e-02, 6e+00]
  QObjective range [3e-02, 5e+00]
  Bounds range     [1e+00, 1e+00]
  RHS range        [8e+00, 8e+00]
Found heuristic solution: objective -4.4352826
Variable types: 0 continuous, 136 integer (136 binary)

Root relaxation: objective -2.438397e+01, 20 iterations, 0.00 seconds (0.00 work units)

    Nodes    |    Current Node    |     Objective Bounds      |     Work
 Expl Unexpl |  Obj  Depth IntInf | Incumbent    BestBd   Gap | It/Node Time

     0     0  -24.38397    0   16   -4.43528  -24.38397   450%     -    0s
H    0     0                     -10.7359406  -24.38397   127%     -    0s
     0     0  -12.84594    0   54  -10.73594  -12.84594  19.7%     -    0s

Cutting planes:
  Gomory: 7
  Cover: 3
  MIR: 50
  StrongCG: 2
  Zero half: 31
  RLT: 29
  BQP: 101

Explored 1 nodes (226 simplex iterations) in 0.03 seconds (0.02 work units)
Thread count was 8 (of 96 available processors)

Solution count 2: -10.7359 -4.43528 
No other solutions better than -10.7359

Optimal solution found (tolerance 1.00e-06)
Best objective -1.073594062883e+01, best bound -1.073594062883e+01, gap 0.0000%

User-callback calls 73, time in user-callback 0.00 sec
