
Gurobi 13.0.0 (linux64) logging started Sun May  3 11:04:16 2026

Set parameter LogFile to value "logs/N=12_layers=1_presolve_on/N=12/seed=3/quantum_layers=1/precond_pen=0.100.log"
Set parameter MIPGap to value 1e-06
Set parameter Threads to value 8
Gurobi Optimizer version 13.0.0 build v13.0.0rc1 (linux64 - "Oracle Linux Server 9.7")

CPU model: AMD EPYC 7643 48-Core Processor, instruction set [SSE2|AVX|AVX2]
Thread count: 48 physical cores, 96 logical processors, using up to 8 threads

Non-default parameters:
MIPGap  1e-06
Threads  8

Optimize a model with 1 rows, 12 columns and 12 nonzeros (Min)
Model fingerprint: 0x444373c4
Model has 12 linear objective coefficients and an objective constant of -1.8678238637004995e+01
Model has 66 quadratic objective terms
Variable types: 0 continuous, 12 integer (12 binary)
Coefficient statistics:
  Matrix range     [1e+00, 1e+00]
  Objective range  [5e+00, 7e+00]
  QObjective range [5e-01, 4e+00]
  Bounds range     [1e+00, 1e+00]
  RHS range        [6e+00, 6e+00]
Found heuristic solution: objective 2.2401695
Presolve time: 0.00s
Presolved: 67 rows, 78 columns, 210 nonzeros
Variable types: 0 continuous, 78 integer (78 binary)

Root relaxation: objective -1.867824e+01, 4 iterations, 0.00 seconds (0.00 work units)

    Nodes    |    Current Node    |     Objective Bounds      |     Work
 Expl Unexpl |  Obj  Depth IntInf | Incumbent    BestBd   Gap | It/Node Time

     0     0  -18.67824    0   12    2.24017  -18.67824   934%     -    0s
H    0     0                       1.1279238  -18.67824  1756%     -    0s
H    0     0                       0.8733138  -18.67824  2239%     -    0s
H    0     0                      -2.2905177  -18.67824   715%     -    0s
     0     0   -6.28265    0   22   -2.29052   -6.28265   174%     -    0s
     0     0   -6.21124    0   24   -2.29052   -6.21124   171%     -    0s
     0     0   -4.06988    0   44   -2.29052   -4.06988  77.7%     -    0s
     0     0   -4.03077    0   44   -2.29052   -4.03077  76.0%     -    0s
     0     2   -4.00166    0   44   -2.29052   -4.00166  74.7%     -    0s

Cutting planes:
  Gomory: 4
  Cover: 1
  Dual implied bound: 12
  MIR: 9
  StrongCG: 1
  RLT: 10

Explored 13 nodes (394 simplex iterations) in 0.03 seconds (0.02 work units)
Thread count was 8 (of 96 available processors)

Solution count 4: -2.29052 0.873314 1.12792 2.24017 
No other solutions better than -2.29052

Optimal solution found (tolerance 1.00e-06)
Best objective -2.290517678499e+00, best bound -2.290517678499e+00, gap 0.0000%

User-callback calls 214, time in user-callback 0.00 sec
