
Gurobi 13.0.0 (linux64) logging started Sun Mar 22 16:50:34 2026

Set parameter LogFile to value "logs/N=12_presolve_on/N=12/seed=1/n_qaoa_layers=1/precond_pen=0.100.log"
Set parameter MIPGap to value 1e-06
Set parameter Threads to value 8
Gurobi Optimizer version 13.0.0 build v13.0.0rc1 (linux64 - "Oracle Linux Server 9.7")

CPU model: AMD EPYC 7643 48-Core Processor, instruction set [SSE2|AVX|AVX2]
Thread count: 48 physical cores, 96 logical processors, using up to 8 threads

Non-default parameters:
MIPGap  1e-06
Threads  8

Optimize a model with 1 rows, 12 columns and 12 nonzeros (Min)
Model fingerprint: 0xbda342b5
Model has 12 linear objective coefficients and an objective constant of -1.9086321755752998e+01
Model has 66 quadratic objective terms
Variable types: 0 continuous, 12 integer (12 binary)
Coefficient statistics:
  Matrix range     [1e+00, 1e+00]
  Objective range  [3e+00, 8e+00]
  QObjective range [2e-01, 4e+00]
  Bounds range     [1e+00, 1e+00]
  RHS range        [6e+00, 6e+00]
Found heuristic solution: objective 1.6271423
Presolve time: 0.00s
Presolved: 67 rows, 78 columns, 210 nonzeros
Variable types: 0 continuous, 78 integer (78 binary)

Root relaxation: objective -1.908632e+01, 7 iterations, 0.00 seconds (0.00 work units)

    Nodes    |    Current Node    |     Objective Bounds      |     Work
 Expl Unexpl |  Obj  Depth IntInf | Incumbent    BestBd   Gap | It/Node Time

     0     0  -19.08632    0   12    1.62714  -19.08632  1273%     -    0s
H    0     0                       1.4403534  -19.08632  1425%     -    0s
H    0     0                       1.1249502  -19.08632  1797%     -    0s
H    0     0                      -0.0782986  -19.08632      -     -    0s
H    0     0                      -1.8821883  -19.08632   914%     -    0s
     0     0   -6.65366    0   15   -1.88219   -6.65366   254%     -    0s
     0     0   -6.41517    0   12   -1.88219   -6.41517   241%     -    0s
     0     0   -3.64930    0   39   -1.88219   -3.64930  93.9%     -    0s
     0     0   -3.59820    0   39   -1.88219   -3.59820  91.2%     -    0s
     0     2   -3.43060    0   39   -1.88219   -3.43060  82.3%     -    0s

Cutting planes:
  Gomory: 1
  Dual implied bound: 17
  MIR: 8
  StrongCG: 1
  RLT: 10

Explored 13 nodes (369 simplex iterations) in 0.02 seconds (0.01 work units)
Thread count was 8 (of 96 available processors)

Solution count 5: -1.88219 -0.0782986 1.12495 ... 1.62714
No other solutions better than -1.88219

Optimal solution found (tolerance 1.00e-06)
Best objective -1.882188253341e+00, best bound -1.882188253341e+00, gap 0.0000%

User-callback calls 213, time in user-callback 0.00 sec
