
Gurobi 13.0.0 (linux64) logging started Sun May  3 11:04:19 2026

Set parameter LogFile to value "logs/N=12_layers=1_presolve_on/N=12/seed=18/quantum_layers=1/precond_pen=0.100.log"
Set parameter MIPGap to value 1e-06
Set parameter Threads to value 8
Gurobi Optimizer version 13.0.0 build v13.0.0rc1 (linux64 - "Oracle Linux Server 9.7")

CPU model: AMD EPYC 7643 48-Core Processor, instruction set [SSE2|AVX|AVX2]
Thread count: 48 physical cores, 96 logical processors, using up to 8 threads

Non-default parameters:
MIPGap  1e-06
Threads  8

Optimize a model with 1 rows, 12 columns and 12 nonzeros (Min)
Model fingerprint: 0xa88483ba
Model has 12 linear objective coefficients and an objective constant of -1.7792755456527996e+01
Model has 66 quadratic objective terms
Variable types: 0 continuous, 12 integer (12 binary)
Coefficient statistics:
  Matrix range     [1e+00, 1e+00]
  Objective range  [4e+00, 7e+00]
  QObjective range [2e-01, 4e+00]
  Bounds range     [1e+00, 1e+00]
  RHS range        [6e+00, 6e+00]
Found heuristic solution: objective -1.3586977
Presolve time: 0.00s
Presolved: 67 rows, 78 columns, 210 nonzeros
Variable types: 0 continuous, 78 integer (78 binary)

Root relaxation: objective -1.792291e+01, 6 iterations, 0.00 seconds (0.00 work units)

    Nodes    |    Current Node    |     Objective Bounds      |     Work
 Expl Unexpl |  Obj  Depth IntInf | Incumbent    BestBd   Gap | It/Node Time

     0     0  -17.92291    0   12   -1.35870  -17.92291  1219%     -    0s
H    0     0                      -1.6638934  -17.92291   977%     -    0s
H    0     0                      -2.3069584  -17.92291   677%     -    0s
     0     0   -6.95621    0   17   -2.30696   -6.95621   202%     -    0s
     0     0   -4.16682    0   47   -2.30696   -4.16682  80.6%     -    0s
     0     0   -3.99190    0   47   -2.30696   -3.99190  73.0%     -    0s
     0     2   -3.95512    0   47   -2.30696   -3.95512  71.4%     -    0s

Cutting planes:
  Gomory: 2
  Dual implied bound: 15
  MIR: 7
  Zero half: 1
  RLT: 11

Explored 13 nodes (476 simplex iterations) in 0.02 seconds (0.01 work units)
Thread count was 8 (of 96 available processors)

Solution count 3: -2.30696 -1.66389 -1.3587 
No other solutions better than -2.30696

Optimal solution found (tolerance 1.00e-06)
Best objective -2.306958399902e+00, best bound -2.306958399902e+00, gap 0.0000%

User-callback calls 206, time in user-callback 0.00 sec
