
Gurobi 13.0.0 (linux64) logging started Sun May  3 11:06:41 2026

Set parameter LogFile to value "logs/N=12_layers=2_presolve_off/N=12/seed=30/quantum_layers=2/precond_pen=0.600.log"
Set parameter MIPGap to value 1e-06
Set parameter Threads to value 8
Set parameter Presolve to value 0
Gurobi Optimizer version 13.0.0 build v13.0.0rc1 (linux64 - "Oracle Linux Server 9.7")

CPU model: AMD EPYC 7643 48-Core Processor, instruction set [SSE2|AVX|AVX2]
Thread count: 48 physical cores, 96 logical processors, using up to 8 threads

Non-default parameters:
MIPGap  1e-06
Presolve  0
Threads  8

Optimize a model with 1 rows, 12 columns and 12 nonzeros (Min)
Model fingerprint: 0xfcc93140
Model has 12 linear objective coefficients and an objective constant of 4.3725720481450017e+00
Model has 66 quadratic objective terms
Variable types: 0 continuous, 12 integer (12 binary)
Coefficient statistics:
  Matrix range     [1e+00, 1e+00]
  Objective range  [9e-01, 2e+00]
  QObjective range [5e-02, 3e+00]
  Bounds range     [1e+00, 1e+00]
  RHS range        [6e+00, 6e+00]
Found heuristic solution: objective -0.0078666
Variable types: 0 continuous, 78 integer (78 binary)

Root relaxation: objective -9.503167e+00, 12 iterations, 0.00 seconds (0.00 work units)

    Nodes    |    Current Node    |     Objective Bounds      |     Work
 Expl Unexpl |  Obj  Depth IntInf | Incumbent    BestBd   Gap | It/Node Time

     0     0   -9.50317    0   12   -0.00787   -9.50317      -     -    0s
H    0     0                      -5.7172500   -9.50317  66.2%     -    0s
H    0     0                      -6.3577460   -9.50317  49.5%     -    0s

Cutting planes:
  MIR: 27
  Zero half: 17
  RLT: 17
  BQP: 61

Explored 1 nodes (12 simplex iterations) in 0.00 seconds (0.00 work units)
Thread count was 8 (of 96 available processors)

Solution count 3: -6.35775 -5.71725 -0.00786657 
No other solutions better than -6.35775

Optimal solution found (tolerance 1.00e-06)
Best objective -6.357745960811e+00, best bound -6.357745960811e+00, gap 0.0000%

User-callback calls 61, time in user-callback 0.00 sec
