
Gurobi 13.0.0 (linux64) logging started Sun Mar 22 16:50:41 2026

Set parameter LogFile to value "logs/N=12_presolve_on/N=12/seed=40/n_qaoa_layers=1/precond_pen=0.100.log"
Set parameter MIPGap to value 1e-06
Set parameter Threads to value 8
Gurobi Optimizer version 13.0.0 build v13.0.0rc1 (linux64 - "Oracle Linux Server 9.7")

CPU model: AMD EPYC 7643 48-Core Processor, instruction set [SSE2|AVX|AVX2]
Thread count: 48 physical cores, 96 logical processors, using up to 8 threads

Non-default parameters:
MIPGap  1e-06
Threads  8

Optimize a model with 1 rows, 12 columns and 12 nonzeros (Min)
Model fingerprint: 0xab0224bc
Model has 12 linear objective coefficients and an objective constant of -1.6042032475299006e+01
Model has 66 quadratic objective terms
Variable types: 0 continuous, 12 integer (12 binary)
Coefficient statistics:
  Matrix range     [1e+00, 1e+00]
  Objective range  [4e+00, 6e+00]
  QObjective range [1e-01, 4e+00]
  Bounds range     [1e+00, 1e+00]
  RHS range        [6e+00, 6e+00]
Found heuristic solution: objective -1.5544864
Presolve time: 0.00s
Presolved: 67 rows, 78 columns, 210 nonzeros
Variable types: 0 continuous, 78 integer (78 binary)

Root relaxation: objective -1.622134e+01, 9 iterations, 0.00 seconds (0.00 work units)

    Nodes    |    Current Node    |     Objective Bounds      |     Work
 Expl Unexpl |  Obj  Depth IntInf | Incumbent    BestBd   Gap | It/Node Time

     0     0  -16.22134    0   12   -1.55449  -16.22134   944%     -    0s
H    0     0                      -1.6878757  -16.22134   861%     -    0s
     0     0   -6.86913    0   19   -1.68788   -6.86913   307%     -    0s
     0     0   -4.74113    0   38   -1.68788   -4.74113   181%     -    0s
     0     0   -4.69662    0   38   -1.68788   -4.69662   178%     -    0s
     0     2   -4.57910    0   38   -1.68788   -4.57910   171%     -    0s
H   13     9                      -1.7047847   -2.47748  45.3%  27.0    0s

Cutting planes:
  Gomory: 1
  Dual implied bound: 11
  MIR: 8
  StrongCG: 1
  RLT: 12
  BQP: 1

Explored 31 nodes (718 simplex iterations) in 0.03 seconds (0.01 work units)
Thread count was 8 (of 96 available processors)

Solution count 3: -1.70478 -1.68788 -1.55449 
No other solutions better than -1.70478

Optimal solution found (tolerance 1.00e-06)
Best objective -1.704784693365e+00, best bound -1.704784693365e+00, gap 0.0000%

User-callback calls 243, time in user-callback 0.00 sec
