
Gurobi 13.0.0 (linux64) logging started Sun Mar 22 16:50:41 2026

Set parameter LogFile to value "logs/N=12_presolve_on/N=12/seed=40/n_qaoa_layers=1/precond_pen=0.900.log"
Set parameter MIPGap to value 1e-06
Set parameter Threads to value 8
Gurobi Optimizer version 13.0.0 build v13.0.0rc1 (linux64 - "Oracle Linux Server 9.7")

CPU model: AMD EPYC 7643 48-Core Processor, instruction set [SSE2|AVX|AVX2]
Thread count: 48 physical cores, 96 logical processors, using up to 8 threads

Non-default parameters:
MIPGap  1e-06
Threads  8

Optimize a model with 1 rows, 12 columns and 12 nonzeros (Min)
Model fingerprint: 0x532e4627
Model has 12 linear objective coefficients and an objective constant of 4.918221647615
Model has 66 quadratic objective terms
Variable types: 0 continuous, 12 integer (12 binary)
Coefficient statistics:
  Matrix range     [1e+00, 1e+00]
  Objective range  [1e+00, 2e+00]
  QObjective range [2e-01, 9e-01]
  Bounds range     [1e+00, 1e+00]
  RHS range        [6e+00, 6e+00]
Found heuristic solution: objective -0.9033666
Presolve time: 0.00s
Presolved: 67 rows, 78 columns, 210 nonzeros
Variable types: 0 continuous, 78 integer (78 binary)

Root relaxation: objective -4.918222e+00, 22 iterations, 0.00 seconds (0.00 work units)

    Nodes    |    Current Node    |     Objective Bounds      |     Work
 Expl Unexpl |  Obj  Depth IntInf | Incumbent    BestBd   Gap | It/Node Time

     0     0   -4.91822    0   12   -0.90337   -4.91822   444%     -    0s
H    0     0                      -0.9695907   -4.91822   407%     -    0s
H    0     0                      -1.0020197   -3.35629   235%     -    0s
     0     0   -1.04152    0   65   -1.00202   -1.04152  3.94%     -    0s

Cutting planes:
  Gomory: 2
  Cover: 6
  Dual implied bound: 4
  MIR: 46
  Zero half: 6
  RLT: 23
  BQP: 109

Explored 1 nodes (313 simplex iterations) in 0.03 seconds (0.02 work units)
Thread count was 8 (of 96 available processors)

Solution count 3: -1.00202 -0.969591 -0.903367 
No other solutions better than -1.00202

Optimal solution found (tolerance 1.00e-06)
Best objective -1.002019739533e+00, best bound -1.002019739533e+00, gap 0.0000%

User-callback calls 169, time in user-callback 0.00 sec
