
Gurobi 13.0.0 (linux64) logging started Sun May  3 10:58:43 2026

Set parameter LogFile to value "logs/N=16_layers=2_presolve_off/N=16/seed=10/quantum_layers=2/precond_pen=0.200.log"
Set parameter MIPGap to value 1e-06
Set parameter Threads to value 8
Set parameter Presolve to value 0
Gurobi Optimizer version 13.0.0 build v13.0.0rc1 (linux64 - "Oracle Linux Server 9.7")

CPU model: AMD EPYC 7643 48-Core Processor, instruction set [SSE2|AVX|AVX2]
Thread count: 48 physical cores, 96 logical processors, using up to 8 threads

Non-default parameters:
MIPGap  1e-06
Presolve  0
Threads  8

Optimize a model with 1 rows, 16 columns and 16 nonzeros (Min)
Model fingerprint: 0x9c4ec602
Model has 16 linear objective coefficients and an objective constant of -1.6140128319348996e+01
Model has 120 quadratic objective terms
Variable types: 0 continuous, 16 integer (16 binary)
Coefficient statistics:
  Matrix range     [1e+00, 1e+00]
  Objective range  [2e+00, 7e+00]
  QObjective range [2e-02, 5e+00]
  Bounds range     [1e+00, 1e+00]
  RHS range        [8e+00, 8e+00]
Found heuristic solution: objective 1.5655592
Variable types: 0 continuous, 136 integer (136 binary)

Root relaxation: objective -2.913850e+01, 22 iterations, 0.00 seconds (0.00 work units)

    Nodes    |    Current Node    |     Objective Bounds      |     Work
 Expl Unexpl |  Obj  Depth IntInf | Incumbent    BestBd   Gap | It/Node Time

     0     0  -29.13850    0   16    1.56556  -29.13850  1961%     -    0s
H    0     0                       1.1569787  -29.13850  2618%     -    0s
H    0     0                       0.7256554  -29.13850  4115%     -    0s
H    0     0                     -11.7311845  -29.13850   148%     -    0s
     0     0  -18.64486    0   45  -11.73118  -18.64486  58.9%     -    0s
     0     0  -11.73118    0   70  -11.73118  -11.73118  0.00%     -    0s

Cutting planes:
  Gomory: 6
  Cover: 1
  MIR: 36
  StrongCG: 1
  Zero half: 16
  RLT: 26
  BQP: 36

Explored 1 nodes (279 simplex iterations) in 0.03 seconds (0.02 work units)
Thread count was 8 (of 96 available processors)

Solution count 4: -11.7312 0.725655 1.15698 1.56556 
No other solutions better than -11.7312

Optimal solution found (tolerance 1.00e-06)
Best objective -1.173118454691e+01, best bound -1.173118454691e+01, gap 0.0000%

User-callback calls 81, time in user-callback 0.00 sec
