
Gurobi 13.0.0 (linux64) logging started Tue Mar 31 15:06:52 2026

Set parameter LogFile to value "logs/N=12_layers=3_presolve_on/N=12/seed=31/n_qaoa_layers=3/precond_pen=0.300.log"
Set parameter MIPGap to value 1e-06
Set parameter Threads to value 8
Gurobi Optimizer version 13.0.0 build v13.0.0rc1 (linux64 - "Oracle Linux Server 9.7")

CPU model: AMD EPYC 7643 48-Core Processor, instruction set [SSE2|AVX|AVX2]
Thread count: 48 physical cores, 96 logical processors, using up to 8 threads

Non-default parameters:
MIPGap  1e-06
Threads  8

Optimize a model with 1 rows, 12 columns and 12 nonzeros (Min)
Model fingerprint: 0x420325b6
Model has 12 linear objective coefficients and an objective constant of 3.133454277895
Model has 66 quadratic objective terms
Variable types: 0 continuous, 12 integer (12 binary)
Coefficient statistics:
  Matrix range     [1e+00, 1e+00]
  Objective range  [2e-01, 4e+00]
  QObjective range [6e-03, 7e+00]
  Bounds range     [1e+00, 1e+00]
  RHS range        [6e+00, 6e+00]
Found heuristic solution: objective -4.2613545
Presolve time: 0.00s
Presolved: 67 rows, 78 columns, 210 nonzeros
Variable types: 0 continuous, 78 integer (78 binary)

Root relaxation: objective -2.108220e+01, 6 iterations, 0.00 seconds (0.00 work units)

    Nodes    |    Current Node    |     Objective Bounds      |     Work
 Expl Unexpl |  Obj  Depth IntInf | Incumbent    BestBd   Gap | It/Node Time

     0     0  -21.08220    0   12   -4.26135  -21.08220   395%     -    0s
H    0     0                      -5.8554092  -21.08220   260%     -    0s
H    0     0                      -8.1555503  -21.08220   159%     -    0s
H    0     0                     -16.0094305  -21.08220  31.7%     -    0s

Cutting planes:
  Gomory: 1
  MIR: 10
  Zero half: 7
  RLT: 11
  BQP: 40

Explored 1 nodes (6 simplex iterations) in 0.01 seconds (0.00 work units)
Thread count was 8 (of 96 available processors)

Solution count 4: -16.0094 -8.15555 -5.85541 -4.26135 
No other solutions better than -16.0094

Optimal solution found (tolerance 1.00e-06)
Best objective -1.600943047700e+01, best bound -1.600943047700e+01, gap 0.0000%

User-callback calls 159, time in user-callback 0.00 sec

Gurobi 13.0.0 (linux64) logging started Tue Mar 31 15:10:51 2026

Set parameter LogFile to value "logs/N=12_layers=3_presolve_on/N=12/seed=31/n_qaoa_layers=3/precond_pen=0.300.log"
Set parameter MIPGap to value 1e-06
Set parameter Threads to value 8
Gurobi Optimizer version 13.0.0 build v13.0.0rc1 (linux64 - "Oracle Linux Server 9.7")

CPU model: AMD EPYC 7643 48-Core Processor, instruction set [SSE2|AVX|AVX2]
Thread count: 48 physical cores, 96 logical processors, using up to 8 threads

Non-default parameters:
MIPGap  1e-06
Threads  8

Optimize a model with 1 rows, 12 columns and 12 nonzeros (Min)
Model fingerprint: 0x420325b6
Model has 12 linear objective coefficients and an objective constant of 3.133454277895
Model has 66 quadratic objective terms
Variable types: 0 continuous, 12 integer (12 binary)
Coefficient statistics:
  Matrix range     [1e+00, 1e+00]
  Objective range  [2e-01, 4e+00]
  QObjective range [6e-03, 7e+00]
  Bounds range     [1e+00, 1e+00]
  RHS range        [6e+00, 6e+00]
Found heuristic solution: objective -4.2613545
Presolve time: 0.00s
Presolved: 67 rows, 78 columns, 210 nonzeros
Variable types: 0 continuous, 78 integer (78 binary)

Root relaxation: objective -2.108220e+01, 6 iterations, 0.00 seconds (0.00 work units)

    Nodes    |    Current Node    |     Objective Bounds      |     Work
 Expl Unexpl |  Obj  Depth IntInf | Incumbent    BestBd   Gap | It/Node Time

     0     0  -21.08220    0   12   -4.26135  -21.08220   395%     -    0s
H    0     0                      -5.8554092  -21.08220   260%     -    0s
H    0     0                      -8.1555503  -21.08220   159%     -    0s
H    0     0                     -16.0094305  -21.08220  31.7%     -    0s

Cutting planes:
  Gomory: 1
  MIR: 10
  Zero half: 7
  RLT: 11
  BQP: 40

Explored 1 nodes (6 simplex iterations) in 0.01 seconds (0.00 work units)
Thread count was 8 (of 96 available processors)

Solution count 4: -16.0094 -8.15555 -5.85541 -4.26135 
No other solutions better than -16.0094

Optimal solution found (tolerance 1.00e-06)
Best objective -1.600943047700e+01, best bound -1.600943047700e+01, gap 0.0000%

User-callback calls 159, time in user-callback 0.00 sec
