
Gurobi 13.0.0 (linux64) logging started Sun Mar 22 16:50:34 2026

Set parameter LogFile to value "logs/N=12_presolve_on/N=12/seed=3/n_qaoa_layers=1/precond_pen=0.400.log"
Set parameter MIPGap to value 1e-06
Set parameter Threads to value 8
Gurobi Optimizer version 13.0.0 build v13.0.0rc1 (linux64 - "Oracle Linux Server 9.7")

CPU model: AMD EPYC 7643 48-Core Processor, instruction set [SSE2|AVX|AVX2]
Thread count: 48 physical cores, 96 logical processors, using up to 8 threads

Non-default parameters:
MIPGap  1e-06
Threads  8

Optimize a model with 1 rows, 12 columns and 12 nonzeros (Min)
Model fingerprint: 0xecc2ae77
Model has 12 linear objective coefficients and an objective constant of 4.2513038219809989e+00
Model has 66 quadratic objective terms
Variable types: 0 continuous, 12 integer (12 binary)
Coefficient statistics:
  Matrix range     [1e+00, 1e+00]
  Objective range  [1e+00, 2e+00]
  QObjective range [6e-05, 2e+00]
  Bounds range     [1e+00, 1e+00]
  RHS range        [6e+00, 6e+00]
Found heuristic solution: objective 0.6440266
Presolve time: 0.00s
Presolved: 67 rows, 78 columns, 210 nonzeros
Variable types: 0 continuous, 78 integer (78 binary)

Root relaxation: objective -7.499147e+00, 15 iterations, 0.00 seconds (0.00 work units)

    Nodes    |    Current Node    |     Objective Bounds      |     Work
 Expl Unexpl |  Obj  Depth IntInf | Incumbent    BestBd   Gap | It/Node Time

     0     0   -7.49915    0   12    0.64403   -7.49915  1264%     -    0s
H    0     0                      -4.1497416   -7.49915  80.7%     -    0s
     0     0   -4.14974    0   41   -4.14974   -4.14974  0.00%     -    0s

Cutting planes:
  Gomory: 1
  MIR: 24
  Zero half: 13
  RLT: 13
  BQP: 65

Explored 1 nodes (99 simplex iterations) in 0.01 seconds (0.00 work units)
Thread count was 8 (of 96 available processors)

Solution count 2: -4.14974 0.644027 
No other solutions better than -4.14974

Optimal solution found (tolerance 1.00e-06)
Best objective -4.149741556645e+00, best bound -4.149741556645e+00, gap 0.0000%

User-callback calls 160, time in user-callback 0.00 sec
