
Gurobi 13.0.0 (linux64) logging started Sun May  3 11:04:25 2026

Set parameter LogFile to value "logs/N=12_layers=1_presolve_off/N=12/seed=3/quantum_layers=1/baseline.log"
Set parameter MIPGap to value 1e-06
Set parameter Threads to value 8
Set parameter Presolve to value 0
Gurobi Optimizer version 13.0.0 build v13.0.0rc1 (linux64 - "Oracle Linux Server 9.7")

CPU model: AMD EPYC 7643 48-Core Processor, instruction set [SSE2|AVX|AVX2]
Thread count: 48 physical cores, 96 logical processors, using up to 8 threads

Non-default parameters:
MIPGap  1e-06
Presolve  0
Threads  8

Optimize a model with 1 rows, 12 columns and 12 nonzeros (Min)
Model fingerprint: 0x29eacb53
Model has 12 linear objective coefficients and an objective constant of 8.00032262660011e-12
Model has 66 quadratic objective terms
Variable types: 0 continuous, 12 integer (12 binary)
Coefficient statistics:
  Matrix range     [1e+00, 1e+00]
  Objective range  [8e+00, 1e+01]
  QObjective range [1e-02, 8e+00]
  Bounds range     [1e+00, 1e+00]
  RHS range        [6e+00, 6e+00]
Found heuristic solution: objective 38.4387221
Variable types: 0 continuous, 78 integer (78 binary)

Root relaxation: objective 8.001211e-12, 7 iterations, 0.00 seconds (0.00 work units)

    Nodes    |    Current Node    |     Objective Bounds      |     Work
 Expl Unexpl |  Obj  Depth IntInf | Incumbent    BestBd   Gap | It/Node Time

     0     0    0.00000    0   12   38.43872    0.00000   100%     -    0s
H    0     0                      34.8030183    0.00000   100%     -    0s
H    0     0                      34.5134762    0.00000   100%     -    0s
H    0     0                      29.5546396    0.00000   100%     -    0s
     0     0   16.73012    0   20   29.55464   16.73012  43.4%     -    0s
     0     0   18.58352    0   22   29.55464   18.58352  37.1%     -    0s
     0     0   23.39266    0   43   29.55464   23.39266  20.8%     -    0s
     0     0   23.39994    0   43   29.55464   23.39994  20.8%     -    0s
     0     2   23.39994    0   43   29.55464   23.39994  20.8%     -    0s

Cutting planes:
  Gomory: 2
  MIR: 15
  StrongCG: 1
  RLT: 9

Explored 66 nodes (1389 simplex iterations) in 0.03 seconds (0.02 work units)
Thread count was 8 (of 96 available processors)

Solution count 4: 29.5546 34.5135 34.803 38.4387 

Optimal solution found (tolerance 1.00e-06)
Best objective 2.955463959199e+01, best bound 2.955463959199e+01, gap 0.0000%

User-callback calls 224, time in user-callback 0.00 sec
