
Gurobi 13.0.0 (linux64) logging started Sun May  3 11:04:25 2026

Set parameter LogFile to value "logs/N=12_layers=1_presolve_off/N=12/seed=3/quantum_layers=1/precond_pen=0.500.log"
Set parameter MIPGap to value 1e-06
Set parameter Threads to value 8
Set parameter Presolve to value 0
Gurobi Optimizer version 13.0.0 build v13.0.0rc1 (linux64 - "Oracle Linux Server 9.7")

CPU model: AMD EPYC 7643 48-Core Processor, instruction set [SSE2|AVX|AVX2]
Thread count: 48 physical cores, 96 logical processors, using up to 8 threads

Non-default parameters:
MIPGap  1e-06
Presolve  0
Threads  8

Optimize a model with 1 rows, 12 columns and 12 nonzeros (Min)
Model fingerprint: 0xe8c3bd58
Model has 12 linear objective coefficients and an objective constant of 4.6984384329290005e+00
Model has 66 quadratic objective terms
Variable types: 0 continuous, 12 integer (12 binary)
Coefficient statistics:
  Matrix range     [1e+00, 1e+00]
  Objective range  [1e+00, 2e+00]
  QObjective range [3e-03, 2e+00]
  Bounds range     [1e+00, 1e+00]
  RHS range        [6e+00, 6e+00]
Found heuristic solution: objective 0.1817389
Variable types: 0 continuous, 78 integer (78 binary)

Root relaxation: objective -5.493418e+00, 19 iterations, 0.00 seconds (0.00 work units)

    Nodes    |    Current Node    |     Objective Bounds      |     Work
 Expl Unexpl |  Obj  Depth IntInf | Incumbent    BestBd   Gap | It/Node Time

     0     0   -5.49342    0   12    0.18174   -5.49342  3123%     -    0s
H    0     0                      -1.6281950   -5.49342   237%     -    0s
H    0     0                      -1.6587168   -5.49342   231%     -    0s
H    0     0                      -2.6294335   -5.49342   109%     -    0s
     0     0     cutoff    0        -2.62943   -2.62943  0.00%     -    0s

Cutting planes:
  Gomory: 1
  MIR: 31
  Zero half: 8
  RLT: 16
  BQP: 88

Explored 1 nodes (87 simplex iterations) in 0.01 seconds (0.00 work units)
Thread count was 8 (of 96 available processors)

Solution count 4: -2.62943 -1.65872 -1.6282 0.181739 
No other solutions better than -2.62943

Optimal solution found (tolerance 1.00e-06)
Best objective -2.629433544585e+00, best bound -2.629433544585e+00, gap 0.0000%

User-callback calls 68, time in user-callback 0.00 sec
