
Gurobi 13.0.0 (linux64) logging started Sun May  3 11:06:35 2026

Set parameter LogFile to value "logs/N=12_layers=2_presolve_on/N=12/seed=22/quantum_layers=2/precond_pen=0.900.log"
Set parameter MIPGap to value 1e-06
Set parameter Threads to value 8
Gurobi Optimizer version 13.0.0 build v13.0.0rc1 (linux64 - "Oracle Linux Server 9.7")

CPU model: AMD EPYC 7643 48-Core Processor, instruction set [SSE2|AVX|AVX2]
Thread count: 48 physical cores, 96 logical processors, using up to 8 threads

Non-default parameters:
MIPGap  1e-06
Threads  8

Optimize a model with 1 rows, 12 columns and 12 nonzeros (Min)
Model fingerprint: 0x19fdeb1a
Model has 12 linear objective coefficients and an objective constant of 5.3457767085760013e+00
Model has 66 quadratic objective terms
Variable types: 0 continuous, 12 integer (12 binary)
Coefficient statistics:
  Matrix range     [1e+00, 1e+00]
  Objective range  [1e+00, 2e+00]
  QObjective range [6e-04, 2e+00]
  Bounds range     [1e+00, 1e+00]
  RHS range        [6e+00, 6e+00]
Found heuristic solution: objective 0.3803840
Presolve time: 0.00s
Presolved: 67 rows, 78 columns, 210 nonzeros
Variable types: 0 continuous, 78 integer (78 binary)

Root relaxation: objective -5.408307e+00, 14 iterations, 0.00 seconds (0.00 work units)

    Nodes    |    Current Node    |     Objective Bounds      |     Work
 Expl Unexpl |  Obj  Depth IntInf | Incumbent    BestBd   Gap | It/Node Time

     0     0   -5.40831    0   12    0.38038   -5.40831  1522%     -    0s
H    0     0                      -1.0315491   -5.40831   424%     -    0s
H    0     0                      -1.4276098   -5.40831   279%     -    0s
H    0     0                      -1.6741519   -5.40831   223%     -    0s
H    0     0                      -1.9020743   -1.90207  0.00%     -    0s
     0     0          -    0        -1.90207   -1.90207  0.00%     -    0s

Cutting planes:
  MIR: 32
  Zero half: 22
  RLT: 26
  BQP: 124

Explored 1 nodes (135 simplex iterations) in 0.01 seconds (0.00 work units)
Thread count was 8 (of 96 available processors)

Solution count 5: -1.90207 -1.67415 -1.42761 ... 0.380384
No other solutions better than -1.90207

Optimal solution found (tolerance 1.00e-06)
Best objective -1.902074309428e+00, best bound -1.902074309428e+00, gap 0.0000%

User-callback calls 165, time in user-callback 0.00 sec
