
Gurobi 13.0.0 (linux64) logging started Tue Mar 31 15:12:44 2026

Set parameter LogFile to value "logs/N=16_layers=2_presolve_on/N=16/seed=47/n_qaoa_layers=2/precond_pen=0.400.log"
Set parameter MIPGap to value 1e-06
Set parameter Threads to value 8
Gurobi Optimizer version 13.0.0 build v13.0.0rc1 (linux64 - "Oracle Linux Server 9.7")

CPU model: AMD EPYC 7643 48-Core Processor, instruction set [SSE2|AVX|AVX2]
Thread count: 48 physical cores, 96 logical processors, using up to 8 threads

Non-default parameters:
MIPGap  1e-06
Threads  8

Optimize a model with 1 rows, 16 columns and 16 nonzeros (Min)
Model fingerprint: 0x45fc36cf
Model has 16 linear objective coefficients and an objective constant of 5.2832877936100013e+00
Model has 120 quadratic objective terms
Variable types: 0 continuous, 16 integer (16 binary)
Coefficient statistics:
  Matrix range     [1e+00, 1e+00]
  Objective range  [4e-01, 2e+00]
  QObjective range [2e-02, 4e+00]
  Bounds range     [1e+00, 1e+00]
  RHS range        [8e+00, 8e+00]
Found heuristic solution: objective 3.8810238
Presolve time: 0.00s
Presolved: 121 rows, 136 columns, 376 nonzeros
Variable types: 0 continuous, 136 integer (136 binary)

Root relaxation: objective -2.029617e+01, 24 iterations, 0.00 seconds (0.00 work units)

    Nodes    |    Current Node    |     Objective Bounds      |     Work
 Expl Unexpl |  Obj  Depth IntInf | Incumbent    BestBd   Gap | It/Node Time

     0     0  -20.29617    0   16    3.88102  -20.29617   623%     -    0s
H    0     0                      -3.8774739  -20.29617   423%     -    0s
H    0     0                      -3.9210209  -20.29617   418%     -    0s
H    0     0                      -4.6018483  -20.29617   341%     -    0s
H    0     0                     -11.8577964  -20.29617  71.2%     -    0s
     0     0  -11.85780    0   69  -11.85780  -11.85780  0.00%     -    0s

Cutting planes:
  Gomory: 1
  MIR: 48
  Zero half: 24
  RLT: 35
  BQP: 170

Explored 1 nodes (214 simplex iterations) in 0.01 seconds (0.01 work units)
Thread count was 8 (of 96 available processors)

Solution count 5: -11.8578 -4.60185 -3.92102 ... 3.88102
No other solutions better than -11.8578

Optimal solution found (tolerance 1.00e-06)
Best objective -1.185779638069e+01, best bound -1.185779638069e+01, gap 0.0000%

User-callback calls 167, time in user-callback 0.00 sec
