
Gurobi 13.0.0 (linux64) logging started Tue Mar 31 15:12:44 2026

Set parameter LogFile to value "logs/N=16_layers=2_presolve_on/N=16/seed=47/n_qaoa_layers=2/precond_pen=1.000.log"
Set parameter MIPGap to value 1e-06
Set parameter Threads to value 8
Gurobi Optimizer version 13.0.0 build v13.0.0rc1 (linux64 - "Oracle Linux Server 9.7")

CPU model: AMD EPYC 7643 48-Core Processor, instruction set [SSE2|AVX|AVX2]
Thread count: 48 physical cores, 96 logical processors, using up to 8 threads

Non-default parameters:
MIPGap  1e-06
Threads  8

Optimize a model with 1 rows, 16 columns and 16 nonzeros (Min)
Model fingerprint: 0x8dc2c2c2
Model has 16 linear objective coefficients and an objective constant of 7.2817382089189984e+00
Model has 120 quadratic objective terms
Variable types: 0 continuous, 16 integer (16 binary)
Coefficient statistics:
  Matrix range     [1e+00, 1e+00]
  Objective range  [2e+00, 2e+00]
  QObjective range [2e-03, 1e+00]
  Bounds range     [1e+00, 1e+00]
  RHS range        [8e+00, 8e+00]
Found heuristic solution: objective 0.3299193
Presolve time: 0.00s
Presolved: 121 rows, 136 columns, 376 nonzeros
Variable types: 0 continuous, 136 integer (136 binary)

Root relaxation: objective -7.314467e+00, 30 iterations, 0.00 seconds (0.00 work units)

    Nodes    |    Current Node    |     Objective Bounds      |     Work
 Expl Unexpl |  Obj  Depth IntInf | Incumbent    BestBd   Gap | It/Node Time

     0     0   -7.31447    0   16    0.32992   -7.31447  2317%     -    0s
H    0     0                      -0.8080754   -7.31447   805%     -    0s
H    0     0                      -0.8416110   -7.31447   769%     -    0s
H    0     0                      -1.4900488   -7.31447   391%     -    0s
H    0     0                      -2.1134580   -7.31447   246%     -    0s
H    0     0                      -2.2023286   -7.31447   232%     -    0s
     0     0   -2.26316    0  104   -2.20233   -2.26316  2.76%     -    0s

Cutting planes:
  Gomory: 3
  Dual implied bound: 9
  MIR: 63
  Zero half: 24
  RLT: 37
  BQP: 246

Explored 1 nodes (469 simplex iterations) in 0.07 seconds (0.04 work units)
Thread count was 8 (of 96 available processors)

Solution count 6: -2.20233 -2.11346 -1.49005 ... 0.329919
No other solutions better than -2.20233

Optimal solution found (tolerance 1.00e-06)
Best objective -2.202328576893e+00, best bound -2.202328576893e+00, gap 0.0000%

User-callback calls 181, time in user-callback 0.00 sec
