
Gurobi 13.0.0 (linux64) logging started Tue Mar 31 15:12:44 2026

Set parameter LogFile to value "logs/N=16_layers=2_presolve_on/N=16/seed=47/n_qaoa_layers=2/precond_pen=0.700.log"
Set parameter MIPGap to value 1e-06
Set parameter Threads to value 8
Gurobi Optimizer version 13.0.0 build v13.0.0rc1 (linux64 - "Oracle Linux Server 9.7")

CPU model: AMD EPYC 7643 48-Core Processor, instruction set [SSE2|AVX|AVX2]
Thread count: 48 physical cores, 96 logical processors, using up to 8 threads

Non-default parameters:
MIPGap  1e-06
Threads  8

Optimize a model with 1 rows, 16 columns and 16 nonzeros (Min)
Model fingerprint: 0xe4eeb80e
Model has 16 linear objective coefficients and an objective constant of 6.2764828267759967e+00
Model has 120 quadratic objective terms
Variable types: 0 continuous, 16 integer (16 binary)
Coefficient statistics:
  Matrix range     [1e+00, 1e+00]
  Objective range  [1e+00, 2e+00]
  QObjective range [1e-04, 2e+00]
  Bounds range     [1e+00, 1e+00]
  RHS range        [8e+00, 8e+00]
Found heuristic solution: objective 2.0014125
Presolve time: 0.00s
Presolved: 121 rows, 136 columns, 376 nonzeros
Variable types: 0 continuous, 136 integer (136 binary)

Root relaxation: objective -1.176236e+01, 30 iterations, 0.00 seconds (0.00 work units)

    Nodes    |    Current Node    |     Objective Bounds      |     Work
 Expl Unexpl |  Obj  Depth IntInf | Incumbent    BestBd   Gap | It/Node Time

     0     0  -11.76236    0   16    2.00141  -11.76236   688%     -    0s
H    0     0                      -2.3913541  -11.76236   392%     -    0s
H    0     0                      -3.1991378  -11.76236   268%     -    0s
H    0     0                      -5.6628153  -11.76236   108%     -    0s
H    0     0                      -5.9554915   -8.21346  37.9%     -    0s
     0     0 infeasible    0        -5.95549   -5.95549  0.00%     -    0s

Cutting planes:
  Gomory: 1
  MIR: 45
  Zero half: 29
  RLT: 37
  BQP: 191

Explored 1 nodes (242 simplex iterations) in 0.02 seconds (0.01 work units)
Thread count was 8 (of 96 available processors)

Solution count 5: -5.95549 -5.66282 -3.19914 ... 2.00141
No other solutions better than -5.95549

Optimal solution found (tolerance 1.00e-06)
Best objective -5.955491548212e+00, best bound -5.955491548212e+00, gap 0.0000%

User-callback calls 168, time in user-callback 0.00 sec
