
Gurobi 13.0.0 (linux64) logging started Tue Mar 31 15:12:44 2026

Set parameter LogFile to value "logs/N=16_layers=2_presolve_on/N=16/seed=47/n_qaoa_layers=2/precond_pen=0.500.log"
Set parameter MIPGap to value 1e-06
Set parameter Threads to value 8
Gurobi Optimizer version 13.0.0 build v13.0.0rc1 (linux64 - "Oracle Linux Server 9.7")

CPU model: AMD EPYC 7643 48-Core Processor, instruction set [SSE2|AVX|AVX2]
Thread count: 48 physical cores, 96 logical processors, using up to 8 threads

Non-default parameters:
MIPGap  1e-06
Threads  8

Optimize a model with 1 rows, 16 columns and 16 nonzeros (Min)
Model fingerprint: 0x149986eb
Model has 16 linear objective coefficients and an objective constant of 5.7380477627320010e+00
Model has 120 quadratic objective terms
Variable types: 0 continuous, 16 integer (16 binary)
Coefficient statistics:
  Matrix range     [1e+00, 1e+00]
  Objective range  [8e-01, 2e+00]
  QObjective range [9e-03, 3e+00]
  Bounds range     [1e+00, 1e+00]
  RHS range        [8e+00, 8e+00]
Found heuristic solution: objective 3.3246442
Presolve time: 0.00s
Presolved: 121 rows, 136 columns, 376 nonzeros
Variable types: 0 continuous, 136 integer (136 binary)

Root relaxation: objective -1.720872e+01, 29 iterations, 0.00 seconds (0.00 work units)

    Nodes    |    Current Node    |     Objective Bounds      |     Work
 Expl Unexpl |  Obj  Depth IntInf | Incumbent    BestBd   Gap | It/Node Time

     0     0  -17.20872    0   16    3.32464  -17.20872   618%     -    0s
H    0     0                      -1.2696208  -17.20872  1255%     -    0s
H    0     0                      -2.8899567  -17.20872   495%     -    0s
H    0     0                      -9.5583932  -17.20872  80.0%     -    0s
     0     0   -9.69675    0   67   -9.55839   -9.69675  1.45%     -    0s
     0     0     cutoff    0        -9.55839   -9.55839  0.00%     -    0s

Cutting planes:
  Gomory: 2
  MIR: 36
  Zero half: 18
  RLT: 36
  BQP: 182

Explored 1 nodes (202 simplex iterations) in 0.02 seconds (0.01 work units)
Thread count was 8 (of 96 available processors)

Solution count 4: -9.55839 -2.88996 -1.26962 3.32464 
No other solutions better than -9.55839

Optimal solution found (tolerance 1.00e-06)
Best objective -9.558393216040e+00, best bound -9.558393216040e+00, gap 0.0000%

User-callback calls 168, time in user-callback 0.00 sec
