
Gurobi 13.0.0 (linux64) logging started Tue Mar 31 15:12:41 2026

Set parameter LogFile to value "logs/N=16_layers=2_presolve_on/N=16/seed=40/n_qaoa_layers=2/precond_pen=0.800.log"
Set parameter MIPGap to value 1e-06
Set parameter Threads to value 8
Gurobi Optimizer version 13.0.0 build v13.0.0rc1 (linux64 - "Oracle Linux Server 9.7")

CPU model: AMD EPYC 7643 48-Core Processor, instruction set [SSE2|AVX|AVX2]
Thread count: 48 physical cores, 96 logical processors, using up to 8 threads

Non-default parameters:
MIPGap  1e-06
Threads  8

Optimize a model with 1 rows, 16 columns and 16 nonzeros (Min)
Model fingerprint: 0x16581bae
Model has 16 linear objective coefficients and an objective constant of 6.597656122346
Model has 120 quadratic objective terms
Variable types: 0 continuous, 16 integer (16 binary)
Coefficient statistics:
  Matrix range     [1e+00, 1e+00]
  Objective range  [1e+00, 2e+00]
  QObjective range [1e-02, 2e+00]
  Bounds range     [1e+00, 1e+00]
  RHS range        [8e+00, 8e+00]
Found heuristic solution: objective -1.5870690
Presolve time: 0.00s
Presolved: 121 rows, 136 columns, 376 nonzeros
Variable types: 0 continuous, 136 integer (136 binary)

Root relaxation: objective -9.328219e+00, 40 iterations, 0.00 seconds (0.00 work units)

    Nodes    |    Current Node    |     Objective Bounds      |     Work
 Expl Unexpl |  Obj  Depth IntInf | Incumbent    BestBd   Gap | It/Node Time

     0     0   -9.32822    0   16   -1.58707   -9.32822   488%     -    0s
H    0     0                      -4.0690763   -9.32822   129%     -    0s
H    0     0                      -4.6086946   -9.32822   102%     -    0s
     0     0   -4.77108    0   60   -4.60869   -4.77108  3.52%     -    0s

Cutting planes:
  Gomory: 15
  Cover: 2
  Dual implied bound: 1
  MIR: 134
  StrongCG: 7
  Flow cover: 37
  Zero half: 24
  RLT: 29
  BQP: 171

Explored 1 nodes (256 simplex iterations) in 0.04 seconds (0.03 work units)
Thread count was 8 (of 96 available processors)

Solution count 3: -4.60869 -4.06908 -1.58707 
No other solutions better than -4.60869

Optimal solution found (tolerance 1.00e-06)
Best objective -4.608694554980e+00, best bound -4.608694554980e+00, gap 0.0000%

User-callback calls 174, time in user-callback 0.00 sec
