
Gurobi 13.0.0 (linux64) logging started Wed Apr 22 16:19:40 2026

Set parameter LogFile to value "logs/N=40_layers=1_presolve_on/N=40/seed=9/quantum_layers=1/precond_pen=0.800.log"
Set parameter MIPGap to value 1e-06
Set parameter Threads to value 8
Gurobi Optimizer version 13.0.0 build v13.0.0rc1 (linux64 - "Oracle Linux Server 9.7")

CPU model: AMD EPYC 7643 48-Core Processor, instruction set [SSE2|AVX|AVX2]
Thread count: 48 physical cores, 96 logical processors, using up to 8 threads

Non-default parameters:
MIPGap  1e-06
Threads  8

Optimize a model with 1 rows, 40 columns and 40 nonzeros (Min)
Model fingerprint: 0xe2c00bd8
Model has 40 linear objective coefficients and an objective constant of 1.4867681480561998e+01
Model has 780 quadratic objective terms
Variable types: 0 continuous, 40 integer (40 binary)
Coefficient statistics:
  Matrix range     [1e+00, 1e+00]
  Objective range  [1e+00, 2e+00]
  QObjective range [4e-04, 4e-01]
  Bounds range     [1e+00, 1e+00]
  RHS range        [2e+01, 2e+01]
Found heuristic solution: objective -0.3970340
Presolve time: 0.00s
Presolved: 781 rows, 820 columns, 2380 nonzeros
Variable types: 0 continuous, 820 integer (820 binary)

Root relaxation: objective -1.558397e+01, 228 iterations, 0.00 seconds (0.01 work units)

    Nodes    |    Current Node    |     Objective Bounds      |     Work
 Expl Unexpl |  Obj  Depth IntInf | Incumbent    BestBd   Gap | It/Node Time

     0     0  -15.58397    0   40   -0.39703  -15.58397  3825%     -    0s
H    0     0                      -1.1069519  -15.58397  1308%     -    0s
H    0     0                      -1.4727032  -15.58397   958%     -    0s
H    0     0                      -2.8652567  -15.58397   444%     -    0s
H    0     0                      -2.8810427  -13.96477   385%     -    0s
     0     0  -10.24949    0  283   -2.88104  -10.24949   256%     -    0s
     0     0   -6.95527    0  511   -2.88104   -6.95527   141%     -    0s
     0     0   -6.69471    0  556   -2.88104   -6.69471   132%     -    0s
H    0     0                      -2.8886755   -6.69471   132%     -    0s
     0     0   -5.25431    0  750   -2.88868   -5.25431  81.9%     -    1s
     0     0   -5.25428    0  750   -2.88868   -5.25428  81.9%     -    1s
     0     2   -5.25428    0  750   -2.88868   -5.25428  81.9%     -    1s
   252   186   -3.01794   14  447   -2.88868   -4.75239  64.5%   601    5s
H  705   407                      -2.9371894   -4.41583  50.3%   446    8s
   999   533   -4.05338    7  589   -2.93719   -4.32630  47.3%   414   10s
  2043   880   -3.81810    9  553   -2.93719   -4.09594  39.5%   359   15s
  2833  1121   -3.36635   13  391   -2.93719   -4.02285  37.0%   343   22s
  2842  1127   -3.70764   10  790   -2.93719   -4.02285  37.0%   342   25s
  2868  1144   -3.61965   10  808   -2.93719   -3.86400  31.6%   338   30s
  2895  1162   -3.54566   12  811   -2.93719   -3.54566  20.7%   335   35s
  2915  1176   -3.39178   13  816   -2.93719   -3.39178  15.5%   333   40s
  2933  1188   -3.30860   13  806   -2.93719   -3.30860  12.6%   331   45s
  2947  1197   -3.25241    9  812   -2.93719   -3.25241  10.7%   329   50s
  2962  1207   -3.20915   14  814   -2.93719   -3.20915  9.26%   328   55s
  2993  1245   -3.10995   17  635   -2.93719   -3.20391  9.08%   356   60s
  3312  1178     cutoff   21        -2.93719   -3.15401  7.38%   384   65s
  3587  1061     cutoff   21        -2.93719   -3.10374  5.67%   399   70s

Cutting planes:
  Cover: 6
  Dual implied bound: 1
  MIR: 43
  Flow cover: 50
  Zero half: 16
  RLT: 99
  BQP: 707
  PSD: 2

Explored 3758 nodes (1543076 simplex iterations) in 71.85 seconds (153.84 work units)
Thread count was 8 (of 96 available processors)

Solution count 7: -2.93719 -2.88868 -2.88104 ... -0.397034
No other solutions better than -2.93719

Optimal solution found (tolerance 1.00e-06)
Best objective -2.937189363366e+00, best bound -2.937189363366e+00, gap 0.0000%

User-callback calls 13455, time in user-callback 0.01 sec
