
Gurobi 13.0.0 (linux64) logging started Sun May  3 11:04:30 2026

Set parameter LogFile to value "logs/N=12_layers=1_presolve_off/N=12/seed=32/quantum_layers=1/precond_pen=0.400.log"
Set parameter MIPGap to value 1e-06
Set parameter Threads to value 8
Set parameter Presolve to value 0
Gurobi Optimizer version 13.0.0 build v13.0.0rc1 (linux64 - "Oracle Linux Server 9.7")

CPU model: AMD EPYC 7643 48-Core Processor, instruction set [SSE2|AVX|AVX2]
Thread count: 48 physical cores, 96 logical processors, using up to 8 threads

Non-default parameters:
MIPGap  1e-06
Presolve  0
Threads  8

Optimize a model with 1 rows, 12 columns and 12 nonzeros (Min)
Model fingerprint: 0x94bf6e26
Model has 12 linear objective coefficients and an objective constant of 3.8782514221149991e+00
Model has 66 quadratic objective terms
Variable types: 0 continuous, 12 integer (12 binary)
Coefficient statistics:
  Matrix range     [1e+00, 1e+00]
  Objective range  [1e-01, 2e+00]
  QObjective range [2e-02, 3e+00]
  Bounds range     [1e+00, 1e+00]
  RHS range        [6e+00, 6e+00]
Found heuristic solution: objective 0.2075679
Variable types: 0 continuous, 78 integer (78 binary)

Root relaxation: objective -8.263483e+00, 14 iterations, 0.00 seconds (0.00 work units)

    Nodes    |    Current Node    |     Objective Bounds      |     Work
 Expl Unexpl |  Obj  Depth IntInf | Incumbent    BestBd   Gap | It/Node Time

     0     0   -8.26348    0   12    0.20757   -8.26348  4081%     -    0s
H    0     0                      -1.9658191   -8.26348   320%     -    0s
H    0     0                      -3.7092308   -8.26348   123%     -    0s
     0     0   -4.40243    0   48   -3.70923   -4.40243  18.7%     -    0s
     0     0   -4.17334    0   49   -3.70923   -4.17334  12.5%     -    0s

Cutting planes:
  Gomory: 8
  MIR: 14
  Zero half: 11
  RLT: 7
  BQP: 31

Explored 1 nodes (99 simplex iterations) in 0.01 seconds (0.01 work units)
Thread count was 8 (of 96 available processors)

Solution count 3: -3.70923 -1.96582 0.207568 
No other solutions better than -3.70923

Optimal solution found (tolerance 1.00e-06)
Best objective -3.709230838531e+00, best bound -3.709230838531e+00, gap 0.0000%

User-callback calls 73, time in user-callback 0.00 sec
