
Gurobi 13.0.0 (linux64) logging started Sun May  3 11:08:56 2026

Set parameter LogFile to value "logs/N=12_layers=3_presolve_off/N=12/seed=8/quantum_layers=3/precond_pen=0.300.log"
Set parameter MIPGap to value 1e-06
Set parameter Threads to value 8
Set parameter Presolve to value 0
Gurobi Optimizer version 13.0.0 build v13.0.0rc1 (linux64 - "Oracle Linux Server 9.7")

CPU model: AMD EPYC 7643 48-Core Processor, instruction set [SSE2|AVX|AVX2]
Thread count: 48 physical cores, 96 logical processors, using up to 8 threads

Non-default parameters:
MIPGap  1e-06
Presolve  0
Threads  8

Optimize a model with 1 rows, 12 columns and 12 nonzeros (Min)
Model fingerprint: 0x8a5c877f
Model has 12 linear objective coefficients and an objective constant of 4.191093855744
Model has 66 quadratic objective terms
Variable types: 0 continuous, 12 integer (12 binary)
Coefficient statistics:
  Matrix range     [1e+00, 1e+00]
  Objective range  [1e-01, 3e+00]
  QObjective range [3e-02, 5e+00]
  Bounds range     [1e+00, 1e+00]
  RHS range        [6e+00, 6e+00]
Found heuristic solution: objective -0.9906205
Variable types: 0 continuous, 78 integer (78 binary)

Root relaxation: objective -1.744455e+01, 8 iterations, 0.00 seconds (0.00 work units)

    Nodes    |    Current Node    |     Objective Bounds      |     Work
 Expl Unexpl |  Obj  Depth IntInf | Incumbent    BestBd   Gap | It/Node Time

     0     0  -17.44455    0   12   -0.99062  -17.44455  1661%     -    0s
H    0     0                      -7.3354786  -17.44455   138%     -    0s
H    0     0                      -7.6427750  -17.44455   128%     -    0s
H    0     0                     -10.0678692  -17.44455  73.3%     -    0s
H    0     0                     -12.0896577  -17.44455  44.3%     -    0s

Cutting planes:
  Gomory: 1
  MIR: 16
  Zero half: 11
  RLT: 17
  BQP: 45

Explored 1 nodes (8 simplex iterations) in 0.01 seconds (0.00 work units)
Thread count was 8 (of 96 available processors)

Solution count 5: -12.0897 -10.0679 -7.64278 ... -0.990621
No other solutions better than -12.0897

Optimal solution found (tolerance 1.00e-06)
Best objective -1.208965774394e+01, best bound -1.208965774394e+01, gap 0.0000%

User-callback calls 65, time in user-callback 0.00 sec
