
Gurobi 13.0.0 (linux64) logging started Sun May  3 11:08:56 2026

Set parameter LogFile to value "logs/N=12_layers=3_presolve_off/N=12/seed=8/quantum_layers=3/precond_pen=0.400.log"
Set parameter MIPGap to value 1e-06
Set parameter Threads to value 8
Set parameter Presolve to value 0
Gurobi Optimizer version 13.0.0 build v13.0.0rc1 (linux64 - "Oracle Linux Server 9.7")

CPU model: AMD EPYC 7643 48-Core Processor, instruction set [SSE2|AVX|AVX2]
Thread count: 48 physical cores, 96 logical processors, using up to 8 threads

Non-default parameters:
MIPGap  1e-06
Presolve  0
Threads  8

Optimize a model with 1 rows, 12 columns and 12 nonzeros (Min)
Model fingerprint: 0x05d7c539
Model has 12 linear objective coefficients and an objective constant of 4.695774900223
Model has 66 quadratic objective terms
Variable types: 0 continuous, 12 integer (12 binary)
Coefficient statistics:
  Matrix range     [1e+00, 1e+00]
  Objective range  [9e-01, 2e+00]
  QObjective range [6e-02, 4e+00]
  Bounds range     [1e+00, 1e+00]
  RHS range        [6e+00, 6e+00]
Found heuristic solution: objective -0.9220995
Variable types: 0 continuous, 78 integer (78 binary)

Root relaxation: objective -1.428306e+01, 12 iterations, 0.00 seconds (0.00 work units)

    Nodes    |    Current Node    |     Objective Bounds      |     Work
 Expl Unexpl |  Obj  Depth IntInf | Incumbent    BestBd   Gap | It/Node Time

     0     0  -14.28306    0   12   -0.92210  -14.28306  1449%     -    0s
H    0     0                      -5.7456944  -14.28306   149%     -    0s
H    0     0                      -6.2529145  -14.28306   128%     -    0s
H    0     0                      -7.6489117  -14.28306  86.7%     -    0s
H    0     0                      -9.0917372  -14.28306  57.1%     -    0s

Cutting planes:
  Gomory: 1
  MIR: 16
  Zero half: 12
  RLT: 17
  BQP: 48

Explored 1 nodes (12 simplex iterations) in 0.01 seconds (0.00 work units)
Thread count was 8 (of 96 available processors)

Solution count 5: -9.09174 -7.64891 -6.25291 ... -0.922099
No other solutions better than -9.09174

Optimal solution found (tolerance 1.00e-06)
Best objective -9.091737213489e+00, best bound -9.091737213489e+00, gap 0.0000%

User-callback calls 66, time in user-callback 0.00 sec
