
Gurobi 13.0.0 (linux64) logging started Sun May  3 11:08:58 2026

Set parameter LogFile to value "logs/N=12_layers=3_presolve_off/N=12/seed=22/quantum_layers=3/precond_pen=0.300.log"
Set parameter MIPGap to value 1e-06
Set parameter Threads to value 8
Set parameter Presolve to value 0
Gurobi Optimizer version 13.0.0 build v13.0.0rc1 (linux64 - "Oracle Linux Server 9.7")

CPU model: AMD EPYC 7643 48-Core Processor, instruction set [SSE2|AVX|AVX2]
Thread count: 48 physical cores, 96 logical processors, using up to 8 threads

Non-default parameters:
MIPGap  1e-06
Presolve  0
Threads  8

Optimize a model with 1 rows, 12 columns and 12 nonzeros (Min)
Model fingerprint: 0xbd6de703
Model has 12 linear objective coefficients and an objective constant of 1.3945972007500009e+00
Model has 66 quadratic objective terms
Variable types: 0 continuous, 12 integer (12 binary)
Coefficient statistics:
  Matrix range     [1e+00, 1e+00]
  Objective range  [1e+00, 6e+00]
  QObjective range [2e-02, 7e+00]
  Bounds range     [1e+00, 1e+00]
  RHS range        [6e+00, 6e+00]
Found heuristic solution: objective 3.1421722
Variable types: 0 continuous, 78 integer (78 binary)

Root relaxation: objective -2.367356e+01, 7 iterations, 0.00 seconds (0.00 work units)

    Nodes    |    Current Node    |     Objective Bounds      |     Work
 Expl Unexpl |  Obj  Depth IntInf | Incumbent    BestBd   Gap | It/Node Time

     0     0  -23.67356    0   12    3.14217  -23.67356   853%     -    0s
H    0     0                      -6.6575088  -23.67356   256%     -    0s
H    0     0                     -14.2834131  -23.67356  65.7%     -    0s

Cutting planes:
  Gomory: 1
  MIR: 17
  Zero half: 11
  RLT: 17
  BQP: 38

Explored 1 nodes (7 simplex iterations) in 0.01 seconds (0.00 work units)
Thread count was 8 (of 96 available processors)

Solution count 3: -14.2834 -6.65751 3.14217 
No other solutions better than -14.2834

Optimal solution found (tolerance 1.00e-06)
Best objective -1.428341313094e+01, best bound -1.428341313094e+01, gap 0.0000%

User-callback calls 62, time in user-callback 0.00 sec
