
Gurobi 13.0.0 (linux64) logging started Sun May  3 10:53:54 2026

Set parameter LogFile to value "logs/N=16_layers=1_presolve_on/N=16/seed=27/quantum_layers=1/baseline.log"
Set parameter MIPGap to value 1e-06
Set parameter Threads to value 8
Gurobi Optimizer version 13.0.0 build v13.0.0rc1 (linux64 - "Oracle Linux Server 9.7")

CPU model: AMD EPYC 7643 48-Core Processor, instruction set [SSE2|AVX|AVX2]
Thread count: 48 physical cores, 96 logical processors, using up to 8 threads

Non-default parameters:
MIPGap  1e-06
Threads  8

Optimize a model with 1 rows, 16 columns and 16 nonzeros (Min)
Model fingerprint: 0x19a780c8
Model has 16 linear objective coefficients and an objective constant of 4.0260017541982052e-12
Model has 120 quadratic objective terms
Variable types: 0 continuous, 16 integer (16 binary)
Coefficient statistics:
  Matrix range     [1e+00, 1e+00]
  Objective range  [1e+01, 2e+01]
  QObjective range [4e-02, 8e+00]
  Bounds range     [1e+00, 1e+00]
  RHS range        [8e+00, 8e+00]
Found heuristic solution: objective 68.3172833
Presolve time: 0.00s
Presolved: 121 rows, 136 columns, 376 nonzeros
Variable types: 0 continuous, 136 integer (136 binary)

Root relaxation: objective 4.029554e-12, 9 iterations, 0.00 seconds (0.00 work units)

    Nodes    |    Current Node    |     Objective Bounds      |     Work
 Expl Unexpl |  Obj  Depth IntInf | Incumbent    BestBd   Gap | It/Node Time

     0     0    0.00000    0   16   68.31728    0.00000   100%     -    0s
H    0     0                      66.7099659    0.00000   100%     -    0s
H    0     0                      66.0045334    0.00000   100%     -    0s
H    0     0                      65.1813828    0.00000   100%     -    0s
H    0     0                      55.4728822    0.00000   100%     -    0s
     0     0   30.85804    0   16   55.47288   30.85804  44.4%     -    0s
     0     0   31.14756    0   19   55.47288   31.14756  43.9%     -    0s
     0     0   36.94854    0   64   55.47288   36.94854  33.4%     -    0s
     0     0   37.18932    0   64   55.47288   37.18932  33.0%     -    0s
     0     2   37.33930    0   64   55.47288   37.33930  32.7%     -    0s

Cutting planes:
  Gomory: 1
  Dual implied bound: 30
  MIR: 16
  RLT: 11

Explored 255 nodes (5960 simplex iterations) in 0.07 seconds (0.07 work units)
Thread count was 8 (of 96 available processors)

Solution count 5: 55.4729 65.1814 66.0045 ... 68.3173

Optimal solution found (tolerance 1.00e-06)
Best objective 5.547288216266e+01, best bound 5.547288216266e+01, gap 0.0000%

User-callback calls 716, time in user-callback 0.00 sec
