
Gurobi 13.0.0 (linux64) logging started Sun May  3 10:53:54 2026

Set parameter LogFile to value "logs/N=16_layers=1_presolve_on/N=16/seed=27/quantum_layers=1/precond_pen=0.500.log"
Set parameter MIPGap to value 1e-06
Set parameter Threads to value 8
Gurobi Optimizer version 13.0.0 build v13.0.0rc1 (linux64 - "Oracle Linux Server 9.7")

CPU model: AMD EPYC 7643 48-Core Processor, instruction set [SSE2|AVX|AVX2]
Thread count: 48 physical cores, 96 logical processors, using up to 8 threads

Non-default parameters:
MIPGap  1e-06
Threads  8

Optimize a model with 1 rows, 16 columns and 16 nonzeros (Min)
Model fingerprint: 0xcd305e03
Model has 16 linear objective coefficients and an objective constant of 6.2786127958500018e+00
Model has 120 quadratic objective terms
Variable types: 0 continuous, 16 integer (16 binary)
Coefficient statistics:
  Matrix range     [1e+00, 1e+00]
  Objective range  [1e+00, 2e+00]
  QObjective range [4e-03, 1e+00]
  Bounds range     [1e+00, 1e+00]
  RHS range        [8e+00, 8e+00]
Found heuristic solution: objective 0.1634756
Presolve time: 0.00s
Presolved: 121 rows, 136 columns, 376 nonzeros
Variable types: 0 continuous, 136 integer (136 binary)

Root relaxation: objective -8.233276e+00, 41 iterations, 0.00 seconds (0.00 work units)

    Nodes    |    Current Node    |     Objective Bounds      |     Work
 Expl Unexpl |  Obj  Depth IntInf | Incumbent    BestBd   Gap | It/Node Time

     0     0   -8.23328    0   16    0.16348   -8.23328  5136%     -    0s
H    0     0                      -1.1810975   -8.23328   597%     -    0s
H    0     0                      -1.5424797   -8.23328   434%     -    0s
H    0     0                      -3.0224991   -8.23328   172%     -    0s
H    0     0                      -3.1362815   -5.95722  89.9%     -    0s
     0     0   -3.34855    0   62   -3.13628   -3.34855  6.77%     -    0s
H    0     0                      -3.1362889   -3.34855  6.77%     -    0s

Cutting planes:
  Gomory: 9
  MIR: 84
  Zero half: 26
  RLT: 27
  BQP: 145

Explored 1 nodes (333 simplex iterations) in 0.04 seconds (0.03 work units)
Thread count was 8 (of 96 available processors)

Solution count 6: -3.13629 -3.13628 -3.0225 ... 0.163476
No other solutions better than -3.13629

Optimal solution found (tolerance 1.00e-06)
Best objective -3.136288948548e+00, best bound -3.136288948548e+00, gap 0.0000%

User-callback calls 174, time in user-callback 0.00 sec
