
Gurobi 13.0.0 (linux64) logging started Sun Mar 22 16:50:48 2026

Set parameter LogFile to value "logs/N=12_presolve_off/N=12/seed=33/n_qaoa_layers=1/precond_pen=0.200.log"
Set parameter MIPGap to value 1e-06
Set parameter Threads to value 8
Set parameter Presolve to value 0
Gurobi Optimizer version 13.0.0 build v13.0.0rc1 (linux64 - "Oracle Linux Server 9.7")

CPU model: AMD EPYC 7643 48-Core Processor, instruction set [SSE2|AVX|AVX2]
Thread count: 48 physical cores, 96 logical processors, using up to 8 threads

Non-default parameters:
MIPGap  1e-06
Presolve  0
Threads  8

Optimize a model with 1 rows, 12 columns and 12 nonzeros (Min)
Model fingerprint: 0x464a6213
Model has 12 linear objective coefficients and an objective constant of -5.2708429151380010e+00
Model has 66 quadratic objective terms
Variable types: 0 continuous, 12 integer (12 binary)
Coefficient statistics:
  Matrix range     [1e+00, 1e+00]
  Objective range  [9e-01, 3e+00]
  QObjective range [2e-02, 3e+00]
  Bounds range     [1e+00, 1e+00]
  RHS range        [6e+00, 6e+00]
Found heuristic solution: objective 0.3609664
Variable types: 0 continuous, 78 integer (78 binary)

Root relaxation: objective -1.006199e+01, 9 iterations, 0.00 seconds (0.00 work units)

    Nodes    |    Current Node    |     Objective Bounds      |     Work
 Expl Unexpl |  Obj  Depth IntInf | Incumbent    BestBd   Gap | It/Node Time

     0     0  -10.06199    0   12    0.36097  -10.06199  2888%     -    0s
H    0     0                      -0.4716999  -10.06199  2033%     -    0s
H    0     0                      -3.7124316  -10.06199   171%     -    0s
     0     0   -5.43454    0   39   -3.71243   -5.43454  46.4%     -    0s

Cutting planes:
  Gomory: 7
  MIR: 38
  StrongCG: 2
  Zero half: 12
  RLT: 17
  BQP: 31

Explored 1 nodes (91 simplex iterations) in 0.01 seconds (0.01 work units)
Thread count was 8 (of 96 available processors)

Solution count 3: -3.71243 -0.4717 0.360966 
No other solutions better than -3.71243

Optimal solution found (tolerance 1.00e-06)
Best objective -3.712431569748e+00, best bound -3.712431569748e+00, gap 0.0000%

User-callback calls 71, time in user-callback 0.00 sec
