
Gurobi 13.0.0 (linux64) logging started Sun Mar 22 16:50:48 2026

Set parameter LogFile to value "logs/N=12_presolve_off/N=12/seed=33/n_qaoa_layers=1/precond_pen=0.400.log"
Set parameter MIPGap to value 1e-06
Set parameter Threads to value 8
Set parameter Presolve to value 0
Gurobi Optimizer version 13.0.0 build v13.0.0rc1 (linux64 - "Oracle Linux Server 9.7")

CPU model: AMD EPYC 7643 48-Core Processor, instruction set [SSE2|AVX|AVX2]
Thread count: 48 physical cores, 96 logical processors, using up to 8 threads

Non-default parameters:
MIPGap  1e-06
Presolve  0
Threads  8

Optimize a model with 1 rows, 12 columns and 12 nonzeros (Min)
Model fingerprint: 0xb82f6273
Model has 12 linear objective coefficients and an objective constant of 4.2713704847040015e+00
Model has 66 quadratic objective terms
Variable types: 0 continuous, 12 integer (12 binary)
Coefficient statistics:
  Matrix range     [1e+00, 1e+00]
  Objective range  [9e-01, 2e+00]
  QObjective range [2e-03, 2e+00]
  Bounds range     [1e+00, 1e+00]
  RHS range        [6e+00, 6e+00]
Found heuristic solution: objective -0.5270506
Variable types: 0 continuous, 78 integer (78 binary)

Root relaxation: objective -7.214393e+00, 16 iterations, 0.00 seconds (0.00 work units)

    Nodes    |    Current Node    |     Objective Bounds      |     Work
 Expl Unexpl |  Obj  Depth IntInf | Incumbent    BestBd   Gap | It/Node Time

     0     0   -7.21439    0   12   -0.52705   -7.21439  1269%     -    0s
H    0     0                      -1.7386761   -7.21439   315%     -    0s
H    0     0                      -2.7703953   -7.21439   160%     -    0s
H    0     0                      -3.2369344   -7.21439   123%     -    0s
     0     0   -3.23693    0   37   -3.23693   -3.23693  0.00%     -    0s

Cutting planes:
  MIR: 24
  Zero half: 14
  RLT: 19
  BQP: 64

Explored 1 nodes (112 simplex iterations) in 0.01 seconds (0.00 work units)
Thread count was 8 (of 96 available processors)

Solution count 4: -3.23693 -2.7704 -1.73868 -0.527051 
No other solutions better than -3.23693

Optimal solution found (tolerance 1.00e-06)
Best objective -3.236934399416e+00, best bound -3.236934399416e+00, gap 0.0000%

User-callback calls 67, time in user-callback 0.00 sec
