
Gurobi 13.0.0 (linux64) logging started Tue Mar 31 15:05:18 2026

Set parameter LogFile to value "logs/N=12_layers=2_presolve_off/N=12/seed=21/n_qaoa_layers=2/precond_pen=0.700.log"
Set parameter MIPGap to value 1e-06
Set parameter Threads to value 8
Set parameter Presolve to value 0
Gurobi Optimizer version 13.0.0 build v13.0.0rc1 (linux64 - "Oracle Linux Server 9.7")

CPU model: AMD EPYC 7643 48-Core Processor, instruction set [SSE2|AVX|AVX2]
Thread count: 48 physical cores, 96 logical processors, using up to 8 threads

Non-default parameters:
MIPGap  1e-06
Presolve  0
Threads  8

Optimize a model with 1 rows, 12 columns and 12 nonzeros (Min)
Model fingerprint: 0x114153fa
Model has 12 linear objective coefficients and an objective constant of 4.5410735220230016e+00
Model has 66 quadratic objective terms
Variable types: 0 continuous, 12 integer (12 binary)
Coefficient statistics:
  Matrix range     [1e+00, 1e+00]
  Objective range  [1e+00, 2e+00]
  QObjective range [2e-02, 3e+00]
  Bounds range     [1e+00, 1e+00]
  RHS range        [6e+00, 6e+00]
Found heuristic solution: objective -0.9764499
Variable types: 0 continuous, 78 integer (78 binary)

Root relaxation: objective -8.240387e+00, 21 iterations, 0.00 seconds (0.00 work units)

    Nodes    |    Current Node    |     Objective Bounds      |     Work
 Expl Unexpl |  Obj  Depth IntInf | Incumbent    BestBd   Gap | It/Node Time

     0     0   -8.24039    0   12   -0.97645   -8.24039   744%     -    0s
H    0     0                      -3.0104869   -8.24039   174%     -    0s
H    0     0                      -3.7201190   -8.24039   122%     -    0s
H    0     0                      -3.8427119   -8.24039   114%     -    0s
     0     0   -3.84271    0   59   -3.84271   -3.84271  0.00%     -    0s

Cutting planes:
  Gomory: 1
  MIR: 27
  Zero half: 18
  RLT: 18
  BQP: 64

Explored 1 nodes (127 simplex iterations) in 0.01 seconds (0.00 work units)
Thread count was 8 (of 96 available processors)

Solution count 4: -3.84271 -3.72012 -3.01049 -0.97645 
No other solutions better than -3.84271

Optimal solution found (tolerance 1.00e-06)
Best objective -3.842711873643e+00, best bound -3.842711873643e+00, gap 0.0000%

User-callback calls 69, time in user-callback 0.00 sec
