
Gurobi 13.0.0 (linux64) logging started Tue Mar 31 15:05:18 2026

Set parameter LogFile to value "logs/N=12_layers=2_presolve_off/N=12/seed=21/n_qaoa_layers=2/precond_pen=0.400.log"
Set parameter MIPGap to value 1e-06
Set parameter Threads to value 8
Set parameter Presolve to value 0
Gurobi Optimizer version 13.0.0 build v13.0.0rc1 (linux64 - "Oracle Linux Server 9.7")

CPU model: AMD EPYC 7643 48-Core Processor, instruction set [SSE2|AVX|AVX2]
Thread count: 48 physical cores, 96 logical processors, using up to 8 threads

Non-default parameters:
MIPGap  1e-06
Presolve  0
Threads  8

Optimize a model with 1 rows, 12 columns and 12 nonzeros (Min)
Model fingerprint: 0x1de17dbc
Model has 12 linear objective coefficients and an objective constant of 4.032756981383
Model has 66 quadratic objective terms
Variable types: 0 continuous, 12 integer (12 binary)
Coefficient statistics:
  Matrix range     [1e+00, 1e+00]
  Objective range  [4e-01, 2e+00]
  QObjective range [4e-03, 4e+00]
  Bounds range     [1e+00, 1e+00]
  RHS range        [6e+00, 6e+00]
Found heuristic solution: objective -1.9597362
Variable types: 0 continuous, 78 integer (78 binary)

Root relaxation: objective -1.344068e+01, 10 iterations, 0.00 seconds (0.00 work units)

    Nodes    |    Current Node    |     Objective Bounds      |     Work
 Expl Unexpl |  Obj  Depth IntInf | Incumbent    BestBd   Gap | It/Node Time

     0     0  -13.44068    0   12   -1.95974  -13.44068   586%     -    0s
H    0     0                      -6.2923673  -13.44068   114%     -    0s
H    0     0                      -6.7185681  -13.44068   100%     -    0s
H    0     0                      -6.9652085  -13.44068  93.0%     -    0s
     0     0   -6.96521    0   36   -6.96521   -6.96521  0.00%     -    0s

Cutting planes:
  Gomory: 2
  MIR: 23
  Zero half: 17
  RLT: 17
  BQP: 56

Explored 1 nodes (84 simplex iterations) in 0.01 seconds (0.00 work units)
Thread count was 8 (of 96 available processors)

Solution count 4: -6.96521 -6.71857 -6.29237 -1.95974 
No other solutions better than -6.96521

Optimal solution found (tolerance 1.00e-06)
Best objective -6.965208512035e+00, best bound -6.965208512035e+00, gap 0.0000%

User-callback calls 69, time in user-callback 0.00 sec
