
Gurobi 13.0.0 (linux64) logging started Tue Mar 31 15:12:36 2026

Set parameter LogFile to value "logs/N=16_layers=2_presolve_on/N=16/seed=21/n_qaoa_layers=2/precond_pen=0.400.log"
Set parameter MIPGap to value 1e-06
Set parameter Threads to value 8
Gurobi Optimizer version 13.0.0 build v13.0.0rc1 (linux64 - "Oracle Linux Server 9.7")

CPU model: AMD EPYC 7643 48-Core Processor, instruction set [SSE2|AVX|AVX2]
Thread count: 48 physical cores, 96 logical processors, using up to 8 threads

Non-default parameters:
MIPGap  1e-06
Threads  8

Optimize a model with 1 rows, 16 columns and 16 nonzeros (Min)
Model fingerprint: 0x8fad3f83
Model has 16 linear objective coefficients and an objective constant of 5.7477171464700012e+00
Model has 120 quadratic objective terms
Variable types: 0 continuous, 16 integer (16 binary)
Coefficient statistics:
  Matrix range     [1e+00, 1e+00]
  Objective range  [8e-01, 2e+00]
  QObjective range [3e-03, 4e+00]
  Bounds range     [1e+00, 1e+00]
  RHS range        [8e+00, 8e+00]
Found heuristic solution: objective -1.4885537
Presolve time: 0.00s
Presolved: 121 rows, 136 columns, 376 nonzeros
Variable types: 0 continuous, 136 integer (136 binary)

Root relaxation: objective -1.975285e+01, 24 iterations, 0.00 seconds (0.00 work units)

    Nodes    |    Current Node    |     Objective Bounds      |     Work
 Expl Unexpl |  Obj  Depth IntInf | Incumbent    BestBd   Gap | It/Node Time

     0     0  -19.75285    0   16   -1.48855  -19.75285  1227%     -    0s
H    0     0                      -4.7411876  -19.75285   317%     -    0s
H    0     0                      -7.0915000  -19.75285   179%     -    0s
H    0     0                      -8.5124108  -19.75285   132%     -    0s
H    0     0                      -9.2179931  -19.75285   114%     -    0s
H    0     0                      -9.8483659  -19.75285   101%     -    0s
     0     0  -11.13770    0   65   -9.84837  -11.13770  13.1%     -    0s

Cutting planes:
  Gomory: 19
  MIR: 113
  StrongCG: 5
  Zero half: 25
  RLT: 26
  BQP: 90

Explored 1 nodes (195 simplex iterations) in 0.02 seconds (0.02 work units)
Thread count was 8 (of 96 available processors)

Solution count 6: -9.84837 -9.21799 -8.51241 ... -1.48855
No other solutions better than -9.84837

Optimal solution found (tolerance 1.00e-06)
Best objective -9.848365896416e+00, best bound -9.848365896416e+00, gap 0.0000%

User-callback calls 173, time in user-callback 0.00 sec
