
Gurobi 13.0.0 (linux64) logging started Sun May  3 10:54:31 2026

Set parameter LogFile to value "logs/N=16_layers=1_presolve_off/N=16/seed=39/quantum_layers=1/precond_pen=0.200.log"
Set parameter MIPGap to value 1e-06
Set parameter Threads to value 8
Set parameter Presolve to value 0
Gurobi Optimizer version 13.0.0 build v13.0.0rc1 (linux64 - "Oracle Linux Server 9.7")

CPU model: AMD EPYC 7643 48-Core Processor, instruction set [SSE2|AVX|AVX2]
Thread count: 48 physical cores, 96 logical processors, using up to 8 threads

Non-default parameters:
MIPGap  1e-06
Presolve  0
Threads  8

Optimize a model with 1 rows, 16 columns and 16 nonzeros (Min)
Model fingerprint: 0xae03072c
Model has 16 linear objective coefficients and an objective constant of -8.3456984125349987e+00
Model has 120 quadratic objective terms
Variable types: 0 continuous, 16 integer (16 binary)
Coefficient statistics:
  Matrix range     [1e+00, 1e+00]
  Objective range  [1e-01, 4e+00]
  QObjective range [8e-04, 3e+00]
  Bounds range     [1e+00, 1e+00]
  RHS range        [8e+00, 8e+00]
Found heuristic solution: objective 0.1614650
Variable types: 0 continuous, 136 integer (136 binary)

Root relaxation: objective -1.598373e+01, 20 iterations, 0.00 seconds (0.00 work units)

    Nodes    |    Current Node    |     Objective Bounds      |     Work
 Expl Unexpl |  Obj  Depth IntInf | Incumbent    BestBd   Gap | It/Node Time

     0     0  -15.98373    0   16    0.16147  -15.98373  9999%     -    0s
H    0     0                      -1.2127157  -15.98373  1218%     -    0s
H    0     0                      -6.4738262  -15.98373   147%     -    0s
     0     0   -7.57618    0  107   -6.47383   -7.57618  17.0%     -    0s
     0     0   -6.47383    0  110   -6.47383   -6.47383  0.00%     -    0s

Cutting planes:
  Gomory: 6
  MIR: 20
  Zero half: 14
  RLT: 25
  BQP: 57

Explored 1 nodes (321 simplex iterations) in 0.03 seconds (0.02 work units)
Thread count was 8 (of 96 available processors)

Solution count 3: -6.47383 -1.21272 0.161465 
No other solutions better than -6.47383

Optimal solution found (tolerance 1.00e-06)
Best objective -6.473826179535e+00, best bound -6.473826179535e+00, gap 0.0000%

User-callback calls 79, time in user-callback 0.00 sec
