
Gurobi 13.0.0 (linux64) logging started Sun May  3 10:54:31 2026

Set parameter LogFile to value "logs/N=16_layers=1_presolve_off/N=16/seed=39/quantum_layers=1/precond_pen=0.000.log"
Set parameter MIPGap to value 1e-06
Set parameter Threads to value 8
Set parameter Presolve to value 0
Gurobi Optimizer version 13.0.0 build v13.0.0rc1 (linux64 - "Oracle Linux Server 9.7")

CPU model: AMD EPYC 7643 48-Core Processor, instruction set [SSE2|AVX|AVX2]
Thread count: 48 physical cores, 96 logical processors, using up to 8 threads

Non-default parameters:
MIPGap  1e-06
Presolve  0
Threads  8

Optimize a model with 1 rows, 16 columns and 16 nonzeros (Min)
Model fingerprint: 0x713bfb15
Model has 16 linear objective coefficients and an objective constant of -4.3717016217076974e+01
Model has 120 quadratic objective terms
Variable types: 0 continuous, 16 integer (16 binary)
Coefficient statistics:
  Matrix range     [1e+00, 1e+00]
  Objective range  [1e+01, 1e+01]
  QObjective range [2e+00, 4e+00]
  Bounds range     [1e+00, 1e+00]
  RHS range        [8e+00, 8e+00]
Found heuristic solution: objective 2.7277646
Variable types: 0 continuous, 136 integer (136 binary)

Root relaxation: objective -4.371702e+01, 7 iterations, 0.00 seconds (0.00 work units)

    Nodes    |    Current Node    |     Objective Bounds      |     Work
 Expl Unexpl |  Obj  Depth IntInf | Incumbent    BestBd   Gap | It/Node Time

     0     0  -43.71702    0   16    2.72776  -43.71702  1703%     -    0s
H    0     0                      -0.1371353  -43.71702      -     -    0s
     0     0   -4.57619    0   16   -0.13714   -4.57619  3237%     -    0s
     0     0   -4.51675    0   24   -0.13714   -4.51675  3194%     -    0s
     0     0   -3.78068    0   41   -0.13714   -3.78068  2657%     -    0s
     0     0   -3.70569    0   41   -0.13714   -3.70569  2602%     -    0s
     0     2   -3.62233    0   41   -0.13714   -3.62233  2541%     -    0s

Cutting planes:
  Gomory: 1
  MIR: 16
  RLT: 14

Explored 67 nodes (2603 simplex iterations) in 0.05 seconds (0.05 work units)
Thread count was 8 (of 96 available processors)

Solution count 2: -0.137135 2.72776 

Optimal solution found (tolerance 1.00e-06)
Best objective -1.371352535690e-01, best bound -1.371352535690e-01, gap 0.0000%

User-callback calls 229, time in user-callback 0.00 sec
