
Gurobi 13.0.0 (linux64) logging started Sun May  3 10:54:31 2026

Set parameter LogFile to value "logs/N=16_layers=1_presolve_off/N=16/seed=39/quantum_layers=1/precond_pen=0.400.log"
Set parameter MIPGap to value 1e-06
Set parameter Threads to value 8
Set parameter Presolve to value 0
Gurobi Optimizer version 13.0.0 build v13.0.0rc1 (linux64 - "Oracle Linux Server 9.7")

CPU model: AMD EPYC 7643 48-Core Processor, instruction set [SSE2|AVX|AVX2]
Thread count: 48 physical cores, 96 logical processors, using up to 8 threads

Non-default parameters:
MIPGap  1e-06
Presolve  0
Threads  8

Optimize a model with 1 rows, 16 columns and 16 nonzeros (Min)
Model fingerprint: 0xd893259d
Model has 16 linear objective coefficients and an objective constant of 5.7150263118110018e+00
Model has 120 quadratic objective terms
Variable types: 0 continuous, 16 integer (16 binary)
Coefficient statistics:
  Matrix range     [1e+00, 1e+00]
  Objective range  [9e-01, 2e+00]
  QObjective range [1e-02, 2e+00]
  Bounds range     [1e+00, 1e+00]
  RHS range        [8e+00, 8e+00]
Found heuristic solution: objective -0.6609545
Variable types: 0 continuous, 136 integer (136 binary)

Root relaxation: objective -1.107256e+01, 34 iterations, 0.00 seconds (0.00 work units)

    Nodes    |    Current Node    |     Objective Bounds      |     Work
 Expl Unexpl |  Obj  Depth IntInf | Incumbent    BestBd   Gap | It/Node Time

     0     0  -11.07256    0   16   -0.66095  -11.07256  1575%     -    0s
H    0     0                      -0.9111006  -11.07256  1115%     -    0s
H    0     0                      -1.1824631  -11.07256   836%     -    0s
H    0     0                      -3.7322268  -11.07256   197%     -    0s
H    0     0                      -5.1430296  -11.07256   115%     -    0s
     0     0     cutoff    0        -5.14303   -5.14303  0.00%     -    0s

Cutting planes:
  Gomory: 1
  MIR: 51
  Zero half: 32
  RLT: 36
  BQP: 186

Explored 1 nodes (241 simplex iterations) in 0.01 seconds (0.01 work units)
Thread count was 8 (of 96 available processors)

Solution count 5: -5.14303 -3.73223 -1.18246 ... -0.660954
No other solutions better than -5.14303

Optimal solution found (tolerance 1.00e-06)
Best objective -5.143029622755e+00, best bound -5.143029622755e+00, gap 0.0000%

User-callback calls 71, time in user-callback 0.00 sec
