
Gurobi 13.0.0 (linux64) logging started Sun May  3 10:54:34 2026

Set parameter LogFile to value "logs/N=16_layers=1_presolve_off/N=16/seed=43/quantum_layers=1/precond_pen=0.500.log"
Set parameter MIPGap to value 1e-06
Set parameter Threads to value 8
Set parameter Presolve to value 0
Gurobi Optimizer version 13.0.0 build v13.0.0rc1 (linux64 - "Oracle Linux Server 9.7")

CPU model: AMD EPYC 7643 48-Core Processor, instruction set [SSE2|AVX|AVX2]
Thread count: 48 physical cores, 96 logical processors, using up to 8 threads

Non-default parameters:
MIPGap  1e-06
Presolve  0
Threads  8

Optimize a model with 1 rows, 16 columns and 16 nonzeros (Min)
Model fingerprint: 0xb74dcab5
Model has 16 linear objective coefficients and an objective constant of 6.2534064172040011e+00
Model has 120 quadratic objective terms
Variable types: 0 continuous, 16 integer (16 binary)
Coefficient statistics:
  Matrix range     [1e+00, 1e+00]
  Objective range  [1e+00, 2e+00]
  QObjective range [4e-03, 2e+00]
  Bounds range     [1e+00, 1e+00]
  RHS range        [8e+00, 8e+00]
Found heuristic solution: objective -0.5549325
Variable types: 0 continuous, 136 integer (136 binary)

Root relaxation: objective -7.883962e+00, 52 iterations, 0.00 seconds (0.00 work units)

    Nodes    |    Current Node    |     Objective Bounds      |     Work
 Expl Unexpl |  Obj  Depth IntInf | Incumbent    BestBd   Gap | It/Node Time

     0     0   -7.88396    0   16   -0.55493   -7.88396  1321%     -    0s
H    0     0                      -0.6374441   -7.88396  1137%     -    0s
H    0     0                      -0.9221497   -7.88396   755%     -    0s
H    0     0                      -2.0311639   -7.88396   288%     -    0s
H    0     0                      -2.8523077   -7.88396   176%     -    0s
H    0     0                      -3.0051599   -5.62563  87.2%     -    0s
H    0     0                      -3.0976295   -5.62563  81.6%     -    0s
     0     0   -3.24364    0   64   -3.09763   -3.24364  4.71%     -    0s

Cutting planes:
  Gomory: 10
  MIR: 61
  StrongCG: 1
  Flow cover: 4
  Zero half: 19
  RLT: 22
  BQP: 158

Explored 1 nodes (365 simplex iterations) in 0.03 seconds (0.02 work units)
Thread count was 8 (of 96 available processors)

Solution count 7: -3.09763 -3.00516 -2.85231 ... -0.554933
No other solutions better than -3.09763

Optimal solution found (tolerance 1.00e-06)
Best objective -3.097629509626e+00, best bound -3.097629509626e+00, gap 0.0000%

User-callback calls 83, time in user-callback 0.00 sec
