
Gurobi 13.0.0 (linux64) logging started Tue Mar 31 15:05:20 2026

Set parameter LogFile to value "logs/N=12_layers=2_presolve_off/N=12/seed=41/n_qaoa_layers=2/precond_pen=0.900.log"
Set parameter MIPGap to value 1e-06
Set parameter Threads to value 8
Set parameter Presolve to value 0
Gurobi Optimizer version 13.0.0 build v13.0.0rc1 (linux64 - "Oracle Linux Server 9.7")

CPU model: AMD EPYC 7643 48-Core Processor, instruction set [SSE2|AVX|AVX2]
Thread count: 48 physical cores, 96 logical processors, using up to 8 threads

Non-default parameters:
MIPGap  1e-06
Presolve  0
Threads  8

Optimize a model with 1 rows, 12 columns and 12 nonzeros (Min)
Model fingerprint: 0x09e1a256
Model has 12 linear objective coefficients and an objective constant of 5.2928300168499991e+00
Model has 66 quadratic objective terms
Variable types: 0 continuous, 12 integer (12 binary)
Coefficient statistics:
  Matrix range     [1e+00, 1e+00]
  Objective range  [2e+00, 2e+00]
  QObjective range [4e-03, 2e+00]
  Bounds range     [1e+00, 1e+00]
  RHS range        [6e+00, 6e+00]
Found heuristic solution: objective -0.4546589
Variable types: 0 continuous, 78 integer (78 binary)

Root relaxation: objective -5.464613e+00, 23 iterations, 0.00 seconds (0.00 work units)

    Nodes    |    Current Node    |     Objective Bounds      |     Work
 Expl Unexpl |  Obj  Depth IntInf | Incumbent    BestBd   Gap | It/Node Time

     0     0   -5.46461    0   12   -0.45466   -5.46461  1102%     -    0s
H    0     0                      -1.4956404   -5.46461   265%     -    0s
H    0     0                      -2.2799034   -5.46461   140%     -    0s
     0     0     cutoff    0        -2.27990   -2.27990  0.00%     -    0s

Cutting planes:
  Gomory: 1
  MIR: 35
  Zero half: 14
  RLT: 25
  BQP: 95

Explored 1 nodes (101 simplex iterations) in 0.01 seconds (0.00 work units)
Thread count was 8 (of 96 available processors)

Solution count 3: -2.2799 -1.49564 -0.454659 
No other solutions better than -2.2799

Optimal solution found (tolerance 1.00e-06)
Best objective -2.279903438324e+00, best bound -2.279903438324e+00, gap 0.0000%

User-callback calls 67, time in user-callback 0.00 sec
