
Gurobi 13.0.0 (linux64) logging started Sun May  3 11:06:42 2026

Set parameter LogFile to value "logs/N=12_layers=2_presolve_off/N=12/seed=37/quantum_layers=2/baseline.log"
Set parameter MIPGap to value 1e-06
Set parameter Threads to value 8
Set parameter Presolve to value 0
Gurobi Optimizer version 13.0.0 build v13.0.0rc1 (linux64 - "Oracle Linux Server 9.7")

CPU model: AMD EPYC 7643 48-Core Processor, instruction set [SSE2|AVX|AVX2]
Thread count: 48 physical cores, 96 logical processors, using up to 8 threads

Non-default parameters:
MIPGap  1e-06
Presolve  0
Threads  8

Optimize a model with 1 rows, 12 columns and 12 nonzeros (Min)
Model fingerprint: 0x2db0adbe
Model has 12 linear objective coefficients and an objective constant of 2.9992675010248604e-12
Model has 66 quadratic objective terms
Variable types: 0 continuous, 12 integer (12 binary)
Coefficient statistics:
  Matrix range     [1e+00, 1e+00]
  Objective range  [7e+00, 2e+01]
  QObjective range [4e-02, 8e+00]
  Bounds range     [1e+00, 1e+00]
  RHS range        [6e+00, 6e+00]
Found heuristic solution: objective 31.2484787
Variable types: 0 continuous, 78 integer (78 binary)

Root relaxation: objective 2.999268e-12, 7 iterations, 0.00 seconds (0.00 work units)

    Nodes    |    Current Node    |     Objective Bounds      |     Work
 Expl Unexpl |  Obj  Depth IntInf | Incumbent    BestBd   Gap | It/Node Time

     0     0    0.00000    0   12   31.24848    0.00000   100%     -    0s
H    0     0                      29.1130631    0.00000   100%     -    0s
H    0     0                      28.5748709    0.00000   100%     -    0s
H    0     0                      26.9521185    0.00000   100%     -    0s
     0     0   16.31065    0   18   26.95212   16.31065  39.5%     -    0s
     0     0   21.46551    0   31   26.95212   21.46551  20.4%     -    0s
     0     0   22.29359    0   44   26.95212   22.29359  17.3%     -    0s
     0     0   22.34271    0   44   26.95212   22.34271  17.1%     -    0s
     0     0   24.03339    0   52   26.95212   24.03339  10.8%     -    0s
     0     0   24.03339    0   52   26.95212   24.03339  10.8%     -    0s
     0     2   24.03339    0   52   26.95212   24.03339  10.8%     -    0s

Cutting planes:
  Gomory: 3
  Cover: 4
  MIR: 17
  StrongCG: 1
  Mod-K: 1
  RLT: 6

Explored 62 nodes (1461 simplex iterations) in 0.04 seconds (0.02 work units)
Thread count was 8 (of 96 available processors)

Solution count 4: 26.9521 28.5749 29.1131 31.2485 

Optimal solution found (tolerance 1.00e-06)
Best objective 2.695211849392e+01, best bound 2.695211849392e+01, gap 0.0000%

User-callback calls 231, time in user-callback 0.00 sec
