
Gurobi 13.0.0 (linux64) logging started Sun May  3 11:06:42 2026

Set parameter LogFile to value "logs/N=12_layers=2_presolve_off/N=12/seed=37/quantum_layers=2/precond_pen=0.400.log"
Set parameter MIPGap to value 1e-06
Set parameter Threads to value 8
Set parameter Presolve to value 0
Gurobi Optimizer version 13.0.0 build v13.0.0rc1 (linux64 - "Oracle Linux Server 9.7")

CPU model: AMD EPYC 7643 48-Core Processor, instruction set [SSE2|AVX|AVX2]
Thread count: 48 physical cores, 96 logical processors, using up to 8 threads

Non-default parameters:
MIPGap  1e-06
Presolve  0
Threads  8

Optimize a model with 1 rows, 12 columns and 12 nonzeros (Min)
Model fingerprint: 0x5b515027
Model has 12 linear objective coefficients and an objective constant of 3.9039901371610020e+00
Model has 66 quadratic objective terms
Variable types: 0 continuous, 12 integer (12 binary)
Coefficient statistics:
  Matrix range     [1e+00, 1e+00]
  Objective range  [9e-02, 2e+00]
  QObjective range [2e-02, 3e+00]
  Bounds range     [1e+00, 1e+00]
  RHS range        [6e+00, 6e+00]
Found heuristic solution: objective -0.8658685
Variable types: 0 continuous, 78 integer (78 binary)

Root relaxation: objective -1.245246e+01, 12 iterations, 0.00 seconds (0.00 work units)

    Nodes    |    Current Node    |     Objective Bounds      |     Work
 Expl Unexpl |  Obj  Depth IntInf | Incumbent    BestBd   Gap | It/Node Time

     0     0  -12.45246    0   12   -0.86587  -12.45246  1338%     -    0s
H    0     0                      -1.8803829  -12.45246   562%     -    0s
H    0     0                      -3.8449830  -12.45246   224%     -    0s
H    0     0                      -4.5778908  -12.45246   172%     -    0s
H    0     0                      -6.2686172  -12.45246  98.6%     -    0s
H    0     0                      -7.4796482  -12.45246  66.5%     -    0s

Cutting planes:
  Gomory: 1
  MIR: 22
  Zero half: 20
  RLT: 20
  BQP: 47

Explored 1 nodes (12 simplex iterations) in 0.01 seconds (0.00 work units)
Thread count was 8 (of 96 available processors)

Solution count 6: -7.47965 -6.26862 -4.57789 ... -0.865869
No other solutions better than -7.47965

Optimal solution found (tolerance 1.00e-06)
Best objective -7.479648150037e+00, best bound -7.479648150037e+00, gap 0.0000%

User-callback calls 67, time in user-callback 0.00 sec
