
Gurobi 13.0.0 (linux64) logging started Sun May  3 11:06:42 2026

Set parameter LogFile to value "logs/N=12_layers=2_presolve_off/N=12/seed=37/quantum_layers=2/precond_pen=0.800.log"
Set parameter MIPGap to value 1e-06
Set parameter Threads to value 8
Set parameter Presolve to value 0
Gurobi Optimizer version 13.0.0 build v13.0.0rc1 (linux64 - "Oracle Linux Server 9.7")

CPU model: AMD EPYC 7643 48-Core Processor, instruction set [SSE2|AVX|AVX2]
Thread count: 48 physical cores, 96 logical processors, using up to 8 threads

Non-default parameters:
MIPGap  1e-06
Presolve  0
Threads  8

Optimize a model with 1 rows, 12 columns and 12 nonzeros (Min)
Model fingerprint: 0x5d1be456
Model has 12 linear objective coefficients and an objective constant of 5.2643043359220005e+00
Model has 66 quadratic objective terms
Variable types: 0 continuous, 12 integer (12 binary)
Coefficient statistics:
  Matrix range     [1e+00, 1e+00]
  Objective range  [1e+00, 2e+00]
  QObjective range [1e-02, 2e+00]
  Bounds range     [1e+00, 1e+00]
  RHS range        [6e+00, 6e+00]
Found heuristic solution: objective -0.9380225
Variable types: 0 continuous, 78 integer (78 binary)

Root relaxation: objective -5.568269e+00, 26 iterations, 0.00 seconds (0.00 work units)

    Nodes    |    Current Node    |     Objective Bounds      |     Work
 Expl Unexpl |  Obj  Depth IntInf | Incumbent    BestBd   Gap | It/Node Time

     0     0   -5.56827    0   12   -0.93802   -5.56827   494%     -    0s
H    0     0                      -1.5357695   -5.56827   263%     -    0s
H    0     0                      -1.5735107   -5.56827   254%     -    0s
H    0     0                      -1.6530869   -5.56827   237%     -    0s
H    0     0                      -2.1993516   -3.74031  70.1%     -    0s
     0     0   -2.19935    0   39   -2.19935   -2.19935  0.00%     -    0s

Cutting planes:
  Gomory: 1
  MIR: 43
  Zero half: 9
  RLT: 22
  BQP: 101

Explored 1 nodes (137 simplex iterations) in 0.01 seconds (0.00 work units)
Thread count was 8 (of 96 available processors)

Solution count 5: -2.19935 -1.65309 -1.57351 ... -0.938023
No other solutions better than -2.19935

Optimal solution found (tolerance 1.00e-06)
Best objective -2.199351620464e+00, best bound -2.199351620464e+00, gap 0.0000%

User-callback calls 72, time in user-callback 0.00 sec
