
Gurobi 13.0.0 (linux64) logging started Sun May  3 11:06:42 2026

Set parameter LogFile to value "logs/N=12_layers=2_presolve_off/N=12/seed=37/quantum_layers=2/precond_pen=0.500.log"
Set parameter MIPGap to value 1e-06
Set parameter Threads to value 8
Set parameter Presolve to value 0
Gurobi Optimizer version 13.0.0 build v13.0.0rc1 (linux64 - "Oracle Linux Server 9.7")

CPU model: AMD EPYC 7643 48-Core Processor, instruction set [SSE2|AVX|AVX2]
Thread count: 48 physical cores, 96 logical processors, using up to 8 threads

Non-default parameters:
MIPGap  1e-06
Presolve  0
Threads  8

Optimize a model with 1 rows, 12 columns and 12 nonzeros (Min)
Model fingerprint: 0x1d52f8ed
Model has 12 linear objective coefficients and an objective constant of 4.1959039193570025e+00
Model has 66 quadratic objective terms
Variable types: 0 continuous, 12 integer (12 binary)
Coefficient statistics:
  Matrix range     [1e+00, 1e+00]
  Objective range  [6e-01, 2e+00]
  QObjective range [5e-02, 3e+00]
  Bounds range     [1e+00, 1e+00]
  RHS range        [6e+00, 6e+00]
Found heuristic solution: objective -1.0515447
Variable types: 0 continuous, 78 integer (78 binary)

Root relaxation: objective -1.061074e+01, 10 iterations, 0.00 seconds (0.00 work units)

    Nodes    |    Current Node    |     Objective Bounds      |     Work
 Expl Unexpl |  Obj  Depth IntInf | Incumbent    BestBd   Gap | It/Node Time

     0     0  -10.61074    0   12   -1.05154  -10.61074   909%     -    0s
H    0     0                      -1.8411620  -10.61074   476%     -    0s
H    0     0                      -3.3551810  -10.61074   216%     -    0s
H    0     0                      -3.8464112  -10.61074   176%     -    0s
H    0     0                      -4.7826906   -6.37638  33.3%     -    0s
H    0     0                      -6.0705974   -6.37638  5.04%     -    0s
     0     0     cutoff    0        -6.07060   -6.07060  0.00%     -    0s

Cutting planes:
  Gomory: 1
  MIR: 21
  Zero half: 20
  RLT: 16
  BQP: 49

Explored 1 nodes (79 simplex iterations) in 0.01 seconds (0.00 work units)
Thread count was 8 (of 96 available processors)

Solution count 6: -6.0706 -4.78269 -3.84641 ... -1.05154
No other solutions better than -6.0706

Optimal solution found (tolerance 1.00e-06)
Best objective -6.070597412267e+00, best bound -6.070597412267e+00, gap 0.0000%

User-callback calls 72, time in user-callback 0.00 sec
