
Gurobi 13.0.0 (linux64) logging started Tue Mar 31 15:12:49 2026

Set parameter LogFile to value "logs/N=16_layers=2_presolve_off/N=16/seed=16/n_qaoa_layers=2/precond_pen=0.200.log"
Set parameter MIPGap to value 1e-06
Set parameter Threads to value 8
Set parameter Presolve to value 0
Gurobi Optimizer version 13.0.0 build v13.0.0rc1 (linux64 - "Oracle Linux Server 9.7")

CPU model: AMD EPYC 7643 48-Core Processor, instruction set [SSE2|AVX|AVX2]
Thread count: 48 physical cores, 96 logical processors, using up to 8 threads

Non-default parameters:
MIPGap  1e-06
Presolve  0
Threads  8

Optimize a model with 1 rows, 16 columns and 16 nonzeros (Min)
Model fingerprint: 0xe3a2199a
Model has 16 linear objective coefficients and an objective constant of -2.2640060227026012e+01
Model has 120 quadratic objective terms
Variable types: 0 continuous, 16 integer (16 binary)
Coefficient statistics:
  Matrix range     [1e+00, 1e+00]
  Objective range  [2e-01, 9e+00]
  QObjective range [2e-03, 5e+00]
  Bounds range     [1e+00, 1e+00]
  RHS range        [8e+00, 8e+00]
Found heuristic solution: objective 2.9085333
Variable types: 0 continuous, 136 integer (136 binary)

Root relaxation: objective -2.882762e+01, 5 iterations, 0.00 seconds (0.00 work units)

    Nodes    |    Current Node    |     Objective Bounds      |     Work
 Expl Unexpl |  Obj  Depth IntInf | Incumbent    BestBd   Gap | It/Node Time

     0     0  -28.82762    0   16    2.90853  -28.82762  1091%     -    0s
H    0     0                       0.2460625  -28.82762      -     -    0s
H    0     0                     -11.6640472  -28.82762   147%     -    0s
     0     0  -16.95463    0   50  -11.66405  -16.95463  45.4%     -    0s
     0     0  -11.66405    0   86  -11.66405  -11.66405  0.00%     -    0s

Cutting planes:
  Gomory: 7
  Cover: 2
  MIR: 40
  StrongCG: 7
  Zero half: 22
  RLT: 28
  BQP: 64

Explored 1 nodes (339 simplex iterations) in 0.03 seconds (0.02 work units)
Thread count was 8 (of 96 available processors)

Solution count 3: -11.664 0.246062 2.90853 
No other solutions better than -11.664

Optimal solution found (tolerance 1.00e-06)
Best objective -1.166404724956e+01, best bound -1.166404724956e+01, gap 0.0000%

User-callback calls 79, time in user-callback 0.00 sec
