
Gurobi 13.0.0 (linux64) logging started Sun May  3 11:06:39 2026

Set parameter LogFile to value "logs/N=12_layers=2_presolve_off/N=12/seed=12/quantum_layers=2/precond_pen=0.800.log"
Set parameter MIPGap to value 1e-06
Set parameter Threads to value 8
Set parameter Presolve to value 0
Gurobi Optimizer version 13.0.0 build v13.0.0rc1 (linux64 - "Oracle Linux Server 9.7")

CPU model: AMD EPYC 7643 48-Core Processor, instruction set [SSE2|AVX|AVX2]
Thread count: 48 physical cores, 96 logical processors, using up to 8 threads

Non-default parameters:
MIPGap  1e-06
Presolve  0
Threads  8

Optimize a model with 1 rows, 12 columns and 12 nonzeros (Min)
Model fingerprint: 0x497032e2
Model has 12 linear objective coefficients and an objective constant of 4.6340243706440019e+00
Model has 66 quadratic objective terms
Variable types: 0 continuous, 12 integer (12 binary)
Coefficient statistics:
  Matrix range     [1e+00, 1e+00]
  Objective range  [1e+00, 2e+00]
  QObjective range [1e-02, 3e+00]
  Bounds range     [1e+00, 1e+00]
  RHS range        [6e+00, 6e+00]
Found heuristic solution: objective -0.7452754
Variable types: 0 continuous, 78 integer (78 binary)

Root relaxation: objective -7.571080e+00, 13 iterations, 0.00 seconds (0.00 work units)

    Nodes    |    Current Node    |     Objective Bounds      |     Work
 Expl Unexpl |  Obj  Depth IntInf | Incumbent    BestBd   Gap | It/Node Time

     0     0   -7.57108    0   12   -0.74528   -7.57108   916%     -    0s
H    0     0                      -2.2713423   -7.57108   233%     -    0s
H    0     0                      -2.3559240   -7.57108   221%     -    0s
H    0     0                      -4.4121646   -7.57108  71.6%     -    0s
     0     0   -4.41216    0   36   -4.41216   -4.41216  0.00%     -    0s

Cutting planes:
  MIR: 30
  Zero half: 12
  RLT: 16
  BQP: 61

Explored 1 nodes (92 simplex iterations) in 0.01 seconds (0.00 work units)
Thread count was 8 (of 96 available processors)

Solution count 4: -4.41216 -2.35592 -2.27134 -0.745275 
No other solutions better than -4.41216

Optimal solution found (tolerance 1.00e-06)
Best objective -4.412164550048e+00, best bound -4.412164550048e+00, gap 0.0000%

User-callback calls 68, time in user-callback 0.00 sec
