
Gurobi 13.0.0 (linux64) logging started Sun May  3 11:06:39 2026

Set parameter LogFile to value "logs/N=12_layers=2_presolve_off/N=12/seed=12/quantum_layers=2/precond_pen=0.500.log"
Set parameter MIPGap to value 1e-06
Set parameter Threads to value 8
Set parameter Presolve to value 0
Gurobi Optimizer version 13.0.0 build v13.0.0rc1 (linux64 - "Oracle Linux Server 9.7")

CPU model: AMD EPYC 7643 48-Core Processor, instruction set [SSE2|AVX|AVX2]
Thread count: 48 physical cores, 96 logical processors, using up to 8 threads

Non-default parameters:
MIPGap  1e-06
Presolve  0
Threads  8

Optimize a model with 1 rows, 12 columns and 12 nonzeros (Min)
Model fingerprint: 0x44efb9ed
Model has 12 linear objective coefficients and an objective constant of 4.2677694552899990e+00
Model has 66 quadratic objective terms
Variable types: 0 continuous, 12 integer (12 binary)
Coefficient statistics:
  Matrix range     [1e+00, 1e+00]
  Objective range  [9e-01, 2e+00]
  QObjective range [3e-02, 4e+00]
  Bounds range     [1e+00, 1e+00]
  RHS range        [6e+00, 6e+00]
Found heuristic solution: objective -0.7553604
Variable types: 0 continuous, 78 integer (78 binary)

Root relaxation: objective -1.237423e+01, 8 iterations, 0.00 seconds (0.00 work units)

    Nodes    |    Current Node    |     Objective Bounds      |     Work
 Expl Unexpl |  Obj  Depth IntInf | Incumbent    BestBd   Gap | It/Node Time

     0     0  -12.37423    0   12   -0.75536  -12.37423  1538%     -    0s
H    0     0                      -2.6413818  -12.37423   368%     -    0s
H    0     0                      -2.6890315  -12.37423   360%     -    0s
H    0     0                      -8.4503885  -12.37423  46.4%     -    0s

Cutting planes:
  Gomory: 1
  MIR: 24
  Zero half: 11
  RLT: 12
  BQP: 46

Explored 1 nodes (8 simplex iterations) in 0.01 seconds (0.00 work units)
Thread count was 8 (of 96 available processors)

Solution count 4: -8.45039 -2.68903 -2.64138 -0.75536 
No other solutions better than -8.45039

Optimal solution found (tolerance 1.00e-06)
Best objective -8.450388525830e+00, best bound -8.450388525830e+00, gap 0.0000%

User-callback calls 64, time in user-callback 0.00 sec
