
Gurobi 13.0.0 (linux64) logging started Sun May  3 11:04:22 2026

Set parameter LogFile to value "logs/N=12_layers=1_presolve_on/N=12/seed=38/quantum_layers=1/precond_pen=1.000.log"
Set parameter MIPGap to value 1e-06
Set parameter Threads to value 8
Gurobi Optimizer version 13.0.0 build v13.0.0rc1 (linux64 - "Oracle Linux Server 9.7")

CPU model: AMD EPYC 7643 48-Core Processor, instruction set [SSE2|AVX|AVX2]
Thread count: 48 physical cores, 96 logical processors, using up to 8 threads

Non-default parameters:
MIPGap  1e-06
Threads  8

Optimize a model with 1 rows, 12 columns and 12 nonzeros (Min)
Model fingerprint: 0x8cd14638
Model has 12 linear objective coefficients and an objective constant of 4.9074639549059995e+00
Model has 66 quadratic objective terms
Variable types: 0 continuous, 12 integer (12 binary)
Coefficient statistics:
  Matrix range     [1e+00, 1e+00]
  Objective range  [1e+00, 2e+00]
  QObjective range [2e-01, 9e-01]
  Bounds range     [1e+00, 1e+00]
  RHS range        [6e+00, 6e+00]
Found heuristic solution: objective -0.5780788
Presolve time: 0.00s
Presolved: 67 rows, 78 columns, 210 nonzeros
Variable types: 0 continuous, 78 integer (78 binary)

Root relaxation: objective -4.907464e+00, 21 iterations, 0.00 seconds (0.00 work units)

    Nodes    |    Current Node    |     Objective Bounds      |     Work
 Expl Unexpl |  Obj  Depth IntInf | Incumbent    BestBd   Gap | It/Node Time

     0     0   -4.90746    0   12   -0.57808   -4.90746   749%     -    0s
H    0     0                      -0.7461216   -4.90746   558%     -    0s
H    0     0                      -1.0825142   -4.90746   353%     -    0s
     0     0     cutoff    0        -1.08251   -1.08251  0.00%     -    0s

Cutting planes:
  Gomory: 1
  MIR: 45
  Zero half: 25
  RLT: 28
  BQP: 148

Explored 1 nodes (303 simplex iterations) in 0.01 seconds (0.01 work units)
Thread count was 8 (of 96 available processors)

Solution count 3: -1.08251 -0.746122 -0.578079 
No other solutions better than -1.08251

Optimal solution found (tolerance 1.00e-06)
Best objective -1.082514246646e+00, best bound -1.082514246646e+00, gap 0.0000%

User-callback calls 161, time in user-callback 0.00 sec
