
Gurobi 13.0.0 (linux64) logging started Sun May  3 10:54:28 2026

Set parameter LogFile to value "logs/N=16_layers=1_presolve_off/N=16/seed=35/quantum_layers=1/precond_pen=0.600.log"
Set parameter MIPGap to value 1e-06
Set parameter Threads to value 8
Set parameter Presolve to value 0
Gurobi Optimizer version 13.0.0 build v13.0.0rc1 (linux64 - "Oracle Linux Server 9.7")

CPU model: AMD EPYC 7643 48-Core Processor, instruction set [SSE2|AVX|AVX2]
Thread count: 48 physical cores, 96 logical processors, using up to 8 threads

Non-default parameters:
MIPGap  1e-06
Presolve  0
Threads  8

Optimize a model with 1 rows, 16 columns and 16 nonzeros (Min)
Model fingerprint: 0x28940c88
Model has 16 linear objective coefficients and an objective constant of 6.608705149141
Model has 120 quadratic objective terms
Variable types: 0 continuous, 16 integer (16 binary)
Coefficient statistics:
  Matrix range     [1e+00, 1e+00]
  Objective range  [1e+00, 2e+00]
  QObjective range [2e-02, 1e+00]
  Bounds range     [1e+00, 1e+00]
  RHS range        [8e+00, 8e+00]
Found heuristic solution: objective -0.1965876
Variable types: 0 continuous, 136 integer (136 binary)

Root relaxation: objective -6.922207e+00, 24 iterations, 0.00 seconds (0.00 work units)

    Nodes    |    Current Node    |     Objective Bounds      |     Work
 Expl Unexpl |  Obj  Depth IntInf | Incumbent    BestBd   Gap | It/Node Time

     0     0   -6.92221    0   16   -0.19659   -6.92221  3421%     -    0s
H    0     0                      -1.1007896   -6.92221   529%     -    0s
H    0     0                      -2.1878492   -6.92221   216%     -    0s
     0     0   -2.27174    0  119   -2.18785   -2.27174  3.83%     -    0s

Cutting planes:
  Gomory: 5
  MIR: 54
  Zero half: 25
  RLT: 37
  BQP: 201

Explored 1 nodes (463 simplex iterations) in 0.05 seconds (0.03 work units)
Thread count was 8 (of 96 available processors)

Solution count 3: -2.18785 -1.10079 -0.196588 
No other solutions better than -2.18785

Optimal solution found (tolerance 1.00e-06)
Best objective -2.187849243721e+00, best bound -2.187849243721e+00, gap 0.0000%

User-callback calls 78, time in user-callback 0.00 sec
