
Gurobi 13.0.0 (linux64) logging started Sun May  3 10:54:28 2026

Set parameter LogFile to value "logs/N=16_layers=1_presolve_off/N=16/seed=35/quantum_layers=1/precond_pen=0.000.log"
Set parameter MIPGap to value 1e-06
Set parameter Threads to value 8
Set parameter Presolve to value 0
Gurobi Optimizer version 13.0.0 build v13.0.0rc1 (linux64 - "Oracle Linux Server 9.7")

CPU model: AMD EPYC 7643 48-Core Processor, instruction set [SSE2|AVX|AVX2]
Thread count: 48 physical cores, 96 logical processors, using up to 8 threads

Non-default parameters:
MIPGap  1e-06
Presolve  0
Threads  8

Optimize a model with 1 rows, 16 columns and 16 nonzeros (Min)
Model fingerprint: 0x740cb7e8
Model has 16 linear objective coefficients and an objective constant of -41.615621575779
Model has 120 quadratic objective terms
Variable types: 0 continuous, 16 integer (16 binary)
Coefficient statistics:
  Matrix range     [1e+00, 1e+00]
  Objective range  [1e+01, 1e+01]
  QObjective range [2e+00, 4e+00]
  Bounds range     [1e+00, 1e+00]
  RHS range        [8e+00, 8e+00]
Found heuristic solution: objective 3.6383683
Variable types: 0 continuous, 136 integer (136 binary)

Root relaxation: objective -4.161562e+01, 6 iterations, 0.00 seconds (0.00 work units)

    Nodes    |    Current Node    |     Objective Bounds      |     Work
 Expl Unexpl |  Obj  Depth IntInf | Incumbent    BestBd   Gap | It/Node Time

     0     0  -41.61562    0   16    3.63837  -41.61562  1244%     -    0s
H    0     0                       3.3529618  -41.61562  1341%     -    0s
H    0     0                       2.8188069  -41.61562  1576%     -    0s
H    0     0                       0.3136367  -41.61562      -     -    0s
H    0     0                      -0.2865372  -41.61562      -     -    0s
     0     0   -5.69076    0   16   -0.28654   -5.69076  1886%     -    0s
     0     0   -5.41580    0   22   -0.28654   -5.41580  1790%     -    0s
     0     0   -4.58538    0   26   -0.28654   -4.58538  1500%     -    0s
     0     0   -4.57065    0   26   -0.28654   -4.57065  1495%     -    0s
     0     2   -4.50293    0   26   -0.28654   -4.50293  1471%     -    0s

Cutting planes:
  MIR: 20
  RLT: 14

Explored 164 nodes (4584 simplex iterations) in 0.06 seconds (0.05 work units)
Thread count was 8 (of 96 available processors)

Solution count 5: -0.286537 0.313637 2.81881 ... 3.63837

Optimal solution found (tolerance 1.00e-06)
Best objective -2.865372066990e-01, best bound -2.865372066990e-01, gap 0.0000%

User-callback calls 431, time in user-callback 0.00 sec
