
Gurobi 13.0.0 (linux64) logging started Sun May  3 10:54:32 2026

Set parameter LogFile to value "logs/N=16_layers=1_presolve_off/N=16/seed=41/quantum_layers=1/precond_pen=0.200.log"
Set parameter MIPGap to value 1e-06
Set parameter Threads to value 8
Set parameter Presolve to value 0
Gurobi Optimizer version 13.0.0 build v13.0.0rc1 (linux64 - "Oracle Linux Server 9.7")

CPU model: AMD EPYC 7643 48-Core Processor, instruction set [SSE2|AVX|AVX2]
Thread count: 48 physical cores, 96 logical processors, using up to 8 threads

Non-default parameters:
MIPGap  1e-06
Presolve  0
Threads  8

Optimize a model with 1 rows, 16 columns and 16 nonzeros (Min)
Model fingerprint: 0xbe79832a
Model has 16 linear objective coefficients and an objective constant of -1.2942029850910004e+01
Model has 120 quadratic objective terms
Variable types: 0 continuous, 16 integer (16 binary)
Coefficient statistics:
  Matrix range     [1e+00, 1e+00]
  Objective range  [2e-01, 6e+00]
  QObjective range [2e-02, 3e+00]
  Bounds range     [1e+00, 1e+00]
  RHS range        [8e+00, 8e+00]
Found heuristic solution: objective 0.9512043
Variable types: 0 continuous, 136 integer (136 binary)

Root relaxation: objective -1.867395e+01, 23 iterations, 0.00 seconds (0.00 work units)

    Nodes    |    Current Node    |     Objective Bounds      |     Work
 Expl Unexpl |  Obj  Depth IntInf | Incumbent    BestBd   Gap | It/Node Time

     0     0  -18.67395    0   16    0.95120  -18.67395  2063%     -    0s
H    0     0                      -2.0774610  -18.67395   799%     -    0s
H    0     0                      -2.2355019  -18.67395   735%     -    0s
H    0     0                      -5.8765997  -18.67395   218%     -    0s
     0     0  -10.69207    0   72   -5.87660  -10.69207  81.9%     -    0s
     0     0   -8.77660    0   83   -5.87660   -8.77660  49.3%     -    0s
     0     0   -8.74330    0   83   -5.87660   -8.74330  48.8%     -    0s
     0     2   -8.74330    0   83   -5.87660   -8.74330  48.8%     -    0s

Cutting planes:
  Gomory: 4
  Cover: 1
  MIR: 18
  Zero half: 4
  RLT: 17
  BQP: 34

Explored 43 nodes (1769 simplex iterations) in 0.05 seconds (0.04 work units)
Thread count was 8 (of 96 available processors)

Solution count 4: -5.8766 -2.2355 -2.07746 0.951204 
No other solutions better than -5.8766

Optimal solution found (tolerance 1.00e-06)
Best objective -5.876599694646e+00, best bound -5.876599694646e+00, gap 0.0000%

User-callback calls 189, time in user-callback 0.00 sec
