
Gurobi 13.0.0 (linux64) logging started Sun May  3 10:54:32 2026

Set parameter LogFile to value "logs/N=16_layers=1_presolve_off/N=16/seed=41/quantum_layers=1/precond_pen=0.500.log"
Set parameter MIPGap to value 1e-06
Set parameter Threads to value 8
Set parameter Presolve to value 0
Gurobi Optimizer version 13.0.0 build v13.0.0rc1 (linux64 - "Oracle Linux Server 9.7")

CPU model: AMD EPYC 7643 48-Core Processor, instruction set [SSE2|AVX|AVX2]
Thread count: 48 physical cores, 96 logical processors, using up to 8 threads

Non-default parameters:
MIPGap  1e-06
Presolve  0
Threads  8

Optimize a model with 1 rows, 16 columns and 16 nonzeros (Min)
Model fingerprint: 0x0f0bb3ee
Model has 16 linear objective coefficients and an objective constant of 6.2640374716639986e+00
Model has 120 quadratic objective terms
Variable types: 0 continuous, 16 integer (16 binary)
Coefficient statistics:
  Matrix range     [1e+00, 1e+00]
  Objective range  [1e+00, 2e+00]
  QObjective range [2e-03, 2e+00]
  Bounds range     [1e+00, 1e+00]
  RHS range        [8e+00, 8e+00]
Found heuristic solution: objective -0.6267019
Variable types: 0 continuous, 136 integer (136 binary)

Root relaxation: objective -8.315386e+00, 42 iterations, 0.00 seconds (0.00 work units)

    Nodes    |    Current Node    |     Objective Bounds      |     Work
 Expl Unexpl |  Obj  Depth IntInf | Incumbent    BestBd   Gap | It/Node Time

     0     0   -8.31539    0   16   -0.62670   -8.31539  1227%     -    0s
H    0     0                      -2.6472808   -8.31539   214%     -    0s
H    0     0                      -2.8950319   -8.31539   187%     -    0s
H    0     0                      -3.3104677   -8.31539   151%     -    0s
     0     0   -3.59187    0   59   -3.31047   -3.59187  8.50%     -    0s

Cutting planes:
  Gomory: 8
  Cover: 1
  MIR: 139
  StrongCG: 18
  Zero half: 28
  RLT: 26
  BQP: 158

Explored 1 nodes (309 simplex iterations) in 0.04 seconds (0.03 work units)
Thread count was 8 (of 96 available processors)

Solution count 4: -3.31047 -2.89503 -2.64728 -0.626702 
No other solutions better than -3.31047

Optimal solution found (tolerance 1.00e-06)
Best objective -3.310467665422e+00, best bound -3.310467665422e+00, gap 0.0000%

User-callback calls 78, time in user-callback 0.00 sec
