
Gurobi 13.0.0 (linux64) logging started Sun May  3 10:54:32 2026

Set parameter LogFile to value "logs/N=16_layers=1_presolve_off/N=16/seed=41/quantum_layers=1/precond_pen=0.000.log"
Set parameter MIPGap to value 1e-06
Set parameter Threads to value 8
Set parameter Presolve to value 0
Gurobi Optimizer version 13.0.0 build v13.0.0rc1 (linux64 - "Oracle Linux Server 9.7")

CPU model: AMD EPYC 7643 48-Core Processor, instruction set [SSE2|AVX|AVX2]
Thread count: 48 physical cores, 96 logical processors, using up to 8 threads

Non-default parameters:
MIPGap  1e-06
Presolve  0
Threads  8

Optimize a model with 1 rows, 16 columns and 16 nonzeros (Min)
Model fingerprint: 0x2a917614
Model has 16 linear objective coefficients and an objective constant of -45.388456741785
Model has 120 quadratic objective terms
Variable types: 0 continuous, 16 integer (16 binary)
Coefficient statistics:
  Matrix range     [1e+00, 1e+00]
  Objective range  [1e+01, 1e+01]
  QObjective range [2e+00, 4e+00]
  Bounds range     [1e+00, 1e+00]
  RHS range        [8e+00, 8e+00]
Found heuristic solution: objective 3.1866541
Variable types: 0 continuous, 136 integer (136 binary)

Root relaxation: objective -4.538846e+01, 7 iterations, 0.00 seconds (0.00 work units)

    Nodes    |    Current Node    |     Objective Bounds      |     Work
 Expl Unexpl |  Obj  Depth IntInf | Incumbent    BestBd   Gap | It/Node Time

     0     0  -45.38846    0   16    3.18665  -45.38846  1524%     -    0s
H    0     0                       1.7758031  -45.38846  2656%     -    0s
H    0     0                       1.6400997  -45.38846  2867%     -    0s
H    0     0                       0.2766998  -45.38846      -     -    0s
     0     0   -4.47238    0   16    0.27670   -4.47238  1716%     -    0s
     0     0   -4.38872    0   23    0.27670   -4.38872  1686%     -    0s
     0     0   -3.25201    0   39    0.27670   -3.25201  1275%     -    0s
     0     0   -3.25201    0   39    0.27670   -3.25201  1275%     -    0s
     0     2   -3.19472    0   39    0.27670   -3.19472  1255%     -    0s

Cutting planes:
  Gomory: 1
  MIR: 15
  StrongCG: 1
  Mod-K: 1
  RLT: 14

Explored 102 nodes (3885 simplex iterations) in 0.06 seconds (0.05 work units)
Thread count was 8 (of 96 available processors)

Solution count 4: 0.2767 1.6401 1.7758 3.18665 

Optimal solution found (tolerance 1.00e-06)
Best objective 2.766997575610e-01, best bound 2.766997575610e-01, gap 0.0000%

User-callback calls 305, time in user-callback 0.00 sec
