
Gurobi 13.0.0 (linux64) logging started Sun May  3 10:54:33 2026

Set parameter LogFile to value "logs/N=16_layers=1_presolve_off/N=16/seed=41/quantum_layers=1/precond_pen=0.700.log"
Set parameter MIPGap to value 1e-06
Set parameter Threads to value 8
Set parameter Presolve to value 0
Gurobi Optimizer version 13.0.0 build v13.0.0rc1 (linux64 - "Oracle Linux Server 9.7")

CPU model: AMD EPYC 7643 48-Core Processor, instruction set [SSE2|AVX|AVX2]
Thread count: 48 physical cores, 96 logical processors, using up to 8 threads

Non-default parameters:
MIPGap  1e-06
Presolve  0
Threads  8

Optimize a model with 1 rows, 16 columns and 16 nonzeros (Min)
Model fingerprint: 0x4c3058ec
Model has 16 linear objective coefficients and an objective constant of 6.6984972615080025e+00
Model has 120 quadratic objective terms
Variable types: 0 continuous, 16 integer (16 binary)
Coefficient statistics:
  Matrix range     [1e+00, 1e+00]
  Objective range  [1e+00, 2e+00]
  QObjective range [1e-03, 1e+00]
  Bounds range     [1e+00, 1e+00]
  RHS range        [8e+00, 8e+00]
Found heuristic solution: objective -0.5741355
Variable types: 0 continuous, 136 integer (136 binary)

Root relaxation: objective -6.698497e+00, 37 iterations, 0.00 seconds (0.00 work units)

    Nodes    |    Current Node    |     Objective Bounds      |     Work
 Expl Unexpl |  Obj  Depth IntInf | Incumbent    BestBd   Gap | It/Node Time

     0     0   -6.69850    0   16   -0.57414   -6.69850  1067%     -    0s
H    0     0                      -0.7586422   -6.69850   783%     -    0s
H    0     0                      -1.5894349   -6.69850   321%     -    0s
H    0     0                      -1.6784252   -4.86363   190%     -    0s
     0     0   -1.93700    0  103   -1.67843   -1.93700  15.4%     -    0s
H    0     0                      -1.7230324   -1.93700  12.4%     -    0s
H    0     0                      -1.7591964   -1.90436  8.25%     -    0s
H    0     0                      -1.8569121   -1.90436  2.55%     -    0s
     0     0   -1.85691    0  118   -1.85691   -1.85691  0.00%     -    0s

Cutting planes:
  Gomory: 4
  MIR: 84
  Zero half: 19
  RLT: 33
  BQP: 266

Explored 1 nodes (606 simplex iterations) in 0.07 seconds (0.05 work units)
Thread count was 8 (of 96 available processors)

Solution count 7: -1.85691 -1.7592 -1.72303 ... -0.574136
No other solutions better than -1.85691

Optimal solution found (tolerance 1.00e-06)
Best objective -1.856912082376e+00, best bound -1.856912082376e+00, gap 0.0000%

User-callback calls 91, time in user-callback 0.00 sec
