
Gurobi 13.0.0 (linux64) logging started Sun Mar 22 16:50:41 2026

Set parameter LogFile to value "logs/N=12_presolve_on/N=12/seed=44/n_qaoa_layers=1/baseline.log"
Set parameter MIPGap to value 1e-06
Set parameter Threads to value 8
Gurobi Optimizer version 13.0.0 build v13.0.0rc1 (linux64 - "Oracle Linux Server 9.7")

CPU model: AMD EPYC 7643 48-Core Processor, instruction set [SSE2|AVX|AVX2]
Thread count: 48 physical cores, 96 logical processors, using up to 8 threads

Non-default parameters:
MIPGap  1e-06
Threads  8

Optimize a model with 1 rows, 12 columns and 12 nonzeros (Min)
Model fingerprint: 0xb756cd1d
Model has 12 linear objective coefficients and an objective constant of 9.9092956062918347e-13
Model has 66 quadratic objective terms
Variable types: 0 continuous, 12 integer (12 binary)
Coefficient statistics:
  Matrix range     [1e+00, 1e+00]
  Objective range  [1e+01, 1e+01]
  QObjective range [2e-01, 8e+00]
  Bounds range     [1e+00, 1e+00]
  RHS range        [6e+00, 6e+00]
Found heuristic solution: objective 40.4331082
Presolve time: 0.00s
Presolved: 67 rows, 78 columns, 210 nonzeros
Variable types: 0 continuous, 78 integer (78 binary)

Root relaxation: objective 9.900414e-13, 7 iterations, 0.00 seconds (0.00 work units)

    Nodes    |    Current Node    |     Objective Bounds      |     Work
 Expl Unexpl |  Obj  Depth IntInf | Incumbent    BestBd   Gap | It/Node Time

     0     0    0.00000    0   12   40.43311    0.00000   100%     -    0s
H    0     0                      36.9866915    0.00000   100%     -    0s
H    0     0                      34.5660978    0.00000   100%     -    0s
H    0     0                      31.2476621    0.00000   100%     -    0s
     0     0   18.12210    0   21   31.24766   18.12210  42.0%     -    0s
     0     0   24.20376    0   45   31.24766   24.20376  22.5%     -    0s
     0     0   24.35951    0   45   31.24766   24.35951  22.0%     -    0s
     0     2   24.35951    0   45   31.24766   24.35951  22.0%     -    0s

Cutting planes:
  Gomory: 2
  Cover: 2
  Dual implied bound: 13
  MIR: 10
  RLT: 10

Explored 50 nodes (1014 simplex iterations) in 0.03 seconds (0.02 work units)
Thread count was 8 (of 96 available processors)

Solution count 4: 31.2477 34.5661 36.9867 40.4331 

Optimal solution found (tolerance 1.00e-06)
Best objective 3.124766213882e+01, best bound 3.124766213882e+01, gap 0.0000%

User-callback calls 284, time in user-callback 0.00 sec
