
Gurobi 13.0.0 (linux64) logging started Sun May  3 10:53:41 2026

Set parameter LogFile to value "logs/N=16_layers=1_presolve_on/N=16/seed=6/quantum_layers=1/precond_pen=0.000.log"
Set parameter MIPGap to value 1e-06
Set parameter Threads to value 8
Gurobi Optimizer version 13.0.0 build v13.0.0rc1 (linux64 - "Oracle Linux Server 9.7")

CPU model: AMD EPYC 7643 48-Core Processor, instruction set [SSE2|AVX|AVX2]
Thread count: 48 physical cores, 96 logical processors, using up to 8 threads

Non-default parameters:
MIPGap  1e-06
Threads  8

Optimize a model with 1 rows, 16 columns and 16 nonzeros (Min)
Model fingerprint: 0x141d19ea
Model has 16 linear objective coefficients and an objective constant of -4.4092517717708965e+01
Model has 120 quadratic objective terms
Variable types: 0 continuous, 16 integer (16 binary)
Coefficient statistics:
  Matrix range     [1e+00, 1e+00]
  Objective range  [1e+01, 1e+01]
  QObjective range [2e+00, 4e+00]
  Bounds range     [1e+00, 1e+00]
  RHS range        [8e+00, 8e+00]
Found heuristic solution: objective 3.2746131
Presolve time: 0.00s
Presolved: 121 rows, 136 columns, 376 nonzeros
Variable types: 0 continuous, 136 integer (136 binary)

Root relaxation: objective -4.409252e+01, 5 iterations, 0.00 seconds (0.00 work units)

    Nodes    |    Current Node    |     Objective Bounds      |     Work
 Expl Unexpl |  Obj  Depth IntInf | Incumbent    BestBd   Gap | It/Node Time

     0     0  -44.09252    0   16    3.27461  -44.09252  1446%     -    0s
H    0     0                       2.8844286  -44.09252  1629%     -    0s
H    0     0                       2.3221616  -44.09252  1999%     -    0s
H    0     0                       0.6115661  -44.09252  7310%     -    0s
     0     0   -4.66910    0   16    0.61157   -4.66910   863%     -    0s
     0     0   -4.66910    0   22    0.61157   -4.66910   863%     -    0s
     0     0   -2.54209    0   54    0.61157   -2.54209   516%     -    0s
     0     0   -2.52461    0   54    0.61157   -2.52461   513%     -    0s
     0     2   -2.48584    0   54    0.61157   -2.48584   506%     -    0s
H   24    15                       0.4831173   -0.51164   206%  51.0    0s
H   64    11                       0.4341336   -0.51164   218%  34.3    0s

Cutting planes:
  Gomory: 1
  Dual implied bound: 22
  MIR: 10
  RLT: 14

Explored 102 nodes (3186 simplex iterations) in 0.06 seconds (0.05 work units)
Thread count was 8 (of 96 available processors)

Solution count 6: 0.434134 0.483117 0.611566 ... 3.27461

Optimal solution found (tolerance 1.00e-06)
Best objective 4.341336342470e-01, best bound 4.341336342470e-01, gap 0.0000%

User-callback calls 408, time in user-callback 0.00 sec
