
Gurobi 13.0.0 (linux64) logging started Sun May  3 10:53:41 2026

Set parameter LogFile to value "logs/N=16_layers=1_presolve_on/N=16/seed=6/quantum_layers=1/precond_pen=0.500.log"
Set parameter MIPGap to value 1e-06
Set parameter Threads to value 8
Gurobi Optimizer version 13.0.0 build v13.0.0rc1 (linux64 - "Oracle Linux Server 9.7")

CPU model: AMD EPYC 7643 48-Core Processor, instruction set [SSE2|AVX|AVX2]
Thread count: 48 physical cores, 96 logical processors, using up to 8 threads

Non-default parameters:
MIPGap  1e-06
Threads  8

Optimize a model with 1 rows, 16 columns and 16 nonzeros (Min)
Model fingerprint: 0x0de95d21
Model has 16 linear objective coefficients and an objective constant of 6.2840425723150029e+00
Model has 120 quadratic objective terms
Variable types: 0 continuous, 16 integer (16 binary)
Coefficient statistics:
  Matrix range     [1e+00, 1e+00]
  Objective range  [1e+00, 2e+00]
  QObjective range [1e-03, 2e+00]
  Bounds range     [1e+00, 1e+00]
  RHS range        [8e+00, 8e+00]
Found heuristic solution: objective -0.0823750
Presolve time: 0.00s
Presolved: 121 rows, 136 columns, 376 nonzeros
Variable types: 0 continuous, 136 integer (136 binary)

Root relaxation: objective -8.454257e+00, 35 iterations, 0.00 seconds (0.00 work units)

    Nodes    |    Current Node    |     Objective Bounds      |     Work
 Expl Unexpl |  Obj  Depth IntInf | Incumbent    BestBd   Gap | It/Node Time

     0     0   -8.45426    0   16   -0.08238   -8.45426      -     -    0s
H    0     0                      -0.4601766   -8.45426  1737%     -    0s
H    0     0                      -0.9557515   -8.45426   785%     -    0s
H    0     0                      -2.0487842   -8.45426   313%     -    0s
H    0     0                      -3.1998218   -8.45426   164%     -    0s
     0     0   -3.26294    0   49   -3.19982   -3.26294  1.97%     -    0s
     0     0   -3.26294    0   47   -3.19982   -3.26294  1.97%     -    0s
     0     0     cutoff    0        -3.19982   -3.19982  0.00%     -    0s

Cutting planes:
  Gomory: 7
  MIR: 38
  Flow cover: 2
  Zero half: 13
  RLT: 27
  BQP: 154

Explored 1 nodes (364 simplex iterations) in 0.03 seconds (0.02 work units)
Thread count was 8 (of 96 available processors)

Solution count 5: -3.19982 -2.04878 -0.955752 ... -0.082375
No other solutions better than -3.19982

Optimal solution found (tolerance 1.00e-06)
Best objective -3.199821766987e+00, best bound -3.199821766987e+00, gap 0.0000%

User-callback calls 178, time in user-callback 0.00 sec
