
Gurobi 13.0.0 (linux64) logging started Sun May  3 11:08:59 2026

Set parameter LogFile to value "logs/N=12_layers=3_presolve_off/N=12/seed=36/quantum_layers=3/precond_pen=0.700.log"
Set parameter MIPGap to value 1e-06
Set parameter Threads to value 8
Set parameter Presolve to value 0
Gurobi Optimizer version 13.0.0 build v13.0.0rc1 (linux64 - "Oracle Linux Server 9.7")

CPU model: AMD EPYC 7643 48-Core Processor, instruction set [SSE2|AVX|AVX2]
Thread count: 48 physical cores, 96 logical processors, using up to 8 threads

Non-default parameters:
MIPGap  1e-06
Presolve  0
Threads  8

Optimize a model with 1 rows, 12 columns and 12 nonzeros (Min)
Model fingerprint: 0x912c0bc6
Model has 12 linear objective coefficients and an objective constant of 4.3870655601119983e+00
Model has 66 quadratic objective terms
Variable types: 0 continuous, 12 integer (12 binary)
Coefficient statistics:
  Matrix range     [1e+00, 1e+00]
  Objective range  [1e+00, 2e+00]
  QObjective range [7e-02, 4e+00]
  Bounds range     [1e+00, 1e+00]
  RHS range        [6e+00, 6e+00]
Found heuristic solution: objective -0.0735820
Variable types: 0 continuous, 78 integer (78 binary)

Root relaxation: objective -1.433227e+01, 14 iterations, 0.00 seconds (0.00 work units)

    Nodes    |    Current Node    |     Objective Bounds      |     Work
 Expl Unexpl |  Obj  Depth IntInf | Incumbent    BestBd   Gap | It/Node Time

     0     0  -14.33227    0   12   -0.07358  -14.33227      -     -    0s
H    0     0                     -12.0465990  -14.33227  19.0%     -    0s

Cutting planes:
  Gomory: 1
  MIR: 19
  Zero half: 8
  RLT: 15
  BQP: 39

Explored 1 nodes (14 simplex iterations) in 0.01 seconds (0.00 work units)
Thread count was 8 (of 96 available processors)

Solution count 2: -12.0466 -0.073582 
No other solutions better than -12.0466

Optimal solution found (tolerance 1.00e-06)
Best objective -1.204659898331e+01, best bound -1.204659898331e+01, gap 0.0000%

User-callback calls 60, time in user-callback 0.00 sec
