
Gurobi 13.0.0 (linux64) logging started Sun May  3 10:54:16 2026

Set parameter LogFile to value "logs/N=16_layers=1_presolve_off/N=16/seed=14/quantum_layers=1/precond_pen=0.700.log"
Set parameter MIPGap to value 1e-06
Set parameter Threads to value 8
Set parameter Presolve to value 0
Gurobi Optimizer version 13.0.0 build v13.0.0rc1 (linux64 - "Oracle Linux Server 9.7")

CPU model: AMD EPYC 7643 48-Core Processor, instruction set [SSE2|AVX|AVX2]
Thread count: 48 physical cores, 96 logical processors, using up to 8 threads

Non-default parameters:
MIPGap  1e-06
Presolve  0
Threads  8

Optimize a model with 1 rows, 16 columns and 16 nonzeros (Min)
Model fingerprint: 0xcd3c5794
Model has 16 linear objective coefficients and an objective constant of 6.7077174331850031e+00
Model has 120 quadratic objective terms
Variable types: 0 continuous, 16 integer (16 binary)
Coefficient statistics:
  Matrix range     [1e+00, 1e+00]
  Objective range  [1e+00, 2e+00]
  QObjective range [6e-03, 1e+00]
  Bounds range     [1e+00, 1e+00]
  RHS range        [8e+00, 8e+00]
Found heuristic solution: objective -0.4347727
Variable types: 0 continuous, 136 integer (136 binary)

Root relaxation: objective -6.742746e+00, 64 iterations, 0.00 seconds (0.00 work units)

    Nodes    |    Current Node    |     Objective Bounds      |     Work
 Expl Unexpl |  Obj  Depth IntInf | Incumbent    BestBd   Gap | It/Node Time

     0     0   -6.74275    0   16   -0.43477   -6.74275  1451%     -    0s
H    0     0                      -0.5591320   -6.74275  1106%     -    0s
H    0     0                      -1.8026159   -6.74275   274%     -    0s
H    0     0                      -1.8302301   -5.02962   175%     -    0s
     0     0   -1.98636    0  108   -1.83023   -1.98636  8.53%     -    0s
     0     0   -1.83023    0  115   -1.83023   -1.83023  0.00%     -    0s

Cutting planes:
  Gomory: 5
  MIR: 83
  Zero half: 12
  RLT: 36
  BQP: 248

Explored 1 nodes (646 simplex iterations) in 0.06 seconds (0.04 work units)
Thread count was 8 (of 96 available processors)

Solution count 4: -1.83023 -1.80262 -0.559132 -0.434773 
No other solutions better than -1.83023

Optimal solution found (tolerance 1.00e-06)
Best objective -1.830230069691e+00, best bound -1.830230069691e+00, gap 0.0000%

User-callback calls 86, time in user-callback 0.00 sec
