
Gurobi 13.0.0 (linux64) logging started Sun May  3 10:54:16 2026

Set parameter LogFile to value "logs/N=16_layers=1_presolve_off/N=16/seed=14/quantum_layers=1/precond_pen=0.400.log"
Set parameter MIPGap to value 1e-06
Set parameter Threads to value 8
Set parameter Presolve to value 0
Gurobi Optimizer version 13.0.0 build v13.0.0rc1 (linux64 - "Oracle Linux Server 9.7")

CPU model: AMD EPYC 7643 48-Core Processor, instruction set [SSE2|AVX|AVX2]
Thread count: 48 physical cores, 96 logical processors, using up to 8 threads

Non-default parameters:
MIPGap  1e-06
Presolve  0
Threads  8

Optimize a model with 1 rows, 16 columns and 16 nonzeros (Min)
Model fingerprint: 0x153c43df
Model has 16 linear objective coefficients and an objective constant of 5.4779997410849983e+00
Model has 120 quadratic objective terms
Variable types: 0 continuous, 16 integer (16 binary)
Coefficient statistics:
  Matrix range     [1e+00, 1e+00]
  Objective range  [7e-01, 2e+00]
  QObjective range [8e-03, 2e+00]
  Bounds range     [1e+00, 1e+00]
  RHS range        [8e+00, 8e+00]
Found heuristic solution: objective -0.3127173
Variable types: 0 continuous, 136 integer (136 binary)

Root relaxation: objective -1.160509e+01, 27 iterations, 0.00 seconds (0.00 work units)

    Nodes    |    Current Node    |     Objective Bounds      |     Work
 Expl Unexpl |  Obj  Depth IntInf | Incumbent    BestBd   Gap | It/Node Time

     0     0  -11.60509    0   16   -0.31272  -11.60509  3611%     -    0s
H    0     0                      -2.7361258  -11.60509   324%     -    0s
H    0     0                      -4.9022406  -11.60509   137%     -    0s
H    0     0                      -4.9660988  -11.60509   134%     -    0s
     0     0   -5.29509    0   63   -4.96610   -5.29509  6.62%     -    0s

Cutting planes:
  Gomory: 4
  MIR: 63
  Flow cover: 9
  Zero half: 36
  RLT: 29
  BQP: 140

Explored 1 nodes (232 simplex iterations) in 0.03 seconds (0.02 work units)
Thread count was 8 (of 96 available processors)

Solution count 4: -4.9661 -4.90224 -2.73613 -0.312717 
No other solutions better than -4.9661

Optimal solution found (tolerance 1.00e-06)
Best objective -4.966098805825e+00, best bound -4.966098805825e+00, gap 0.0000%

User-callback calls 78, time in user-callback 0.00 sec
