
Gurobi 13.0.0 (linux64) logging started Sun May  3 10:54:16 2026

Set parameter LogFile to value "logs/N=16_layers=1_presolve_off/N=16/seed=14/quantum_layers=1/precond_pen=0.200.log"
Set parameter MIPGap to value 1e-06
Set parameter Threads to value 8
Set parameter Presolve to value 0
Gurobi Optimizer version 13.0.0 build v13.0.0rc1 (linux64 - "Oracle Linux Server 9.7")

CPU model: AMD EPYC 7643 48-Core Processor, instruction set [SSE2|AVX|AVX2]
Thread count: 48 physical cores, 96 logical processors, using up to 8 threads

Non-default parameters:
MIPGap  1e-06
Presolve  0
Threads  8

Optimize a model with 1 rows, 16 columns and 16 nonzeros (Min)
Model fingerprint: 0xb6f9116c
Model has 16 linear objective coefficients and an objective constant of -8.4466279729940048e+00
Model has 120 quadratic objective terms
Variable types: 0 continuous, 16 integer (16 binary)
Coefficient statistics:
  Matrix range     [1e+00, 1e+00]
  Objective range  [5e-02, 5e+00]
  QObjective range [4e-02, 3e+00]
  Bounds range     [1e+00, 1e+00]
  RHS range        [8e+00, 8e+00]
Found heuristic solution: objective 0.8662037
Variable types: 0 continuous, 136 integer (136 binary)

Root relaxation: objective -1.728200e+01, 32 iterations, 0.00 seconds (0.00 work units)

    Nodes    |    Current Node    |     Objective Bounds      |     Work
 Expl Unexpl |  Obj  Depth IntInf | Incumbent    BestBd   Gap | It/Node Time

     0     0  -17.28200    0   16    0.86620  -17.28200  2095%     -    0s
H    0     0                      -0.8756979  -17.28200  1874%     -    0s
H    0     0                      -1.1021615  -17.28200  1468%     -    0s
H    0     0                      -6.1711721  -17.28200   180%     -    0s
H    0     0                      -6.3663778  -12.07993  89.7%     -    0s
     0     0   -8.83075    0   71   -6.36638   -8.83075  38.7%     -    0s
     0     0   -8.76646    0   82   -6.36638   -8.76646  37.7%     -    0s
     0     0   -6.36638    0  114   -6.36638   -6.36638  0.00%     -    0s

Cutting planes:
  Gomory: 5
  MIR: 36
  StrongCG: 1
  Zero half: 16
  RLT: 20
  BQP: 56

Explored 1 nodes (400 simplex iterations) in 0.03 seconds (0.02 work units)
Thread count was 8 (of 96 available processors)

Solution count 5: -6.36638 -6.17117 -1.10216 ... 0.866204
No other solutions better than -6.36638

Optimal solution found (tolerance 1.00e-06)
Best objective -6.366377757070e+00, best bound -6.366377757070e+00, gap 0.0000%

User-callback calls 87, time in user-callback 0.00 sec
