
Gurobi 13.0.0 (linux64) logging started Sun May  3 10:54:16 2026

Set parameter LogFile to value "logs/N=16_layers=1_presolve_off/N=16/seed=14/quantum_layers=1/precond_pen=1.000.log"
Set parameter MIPGap to value 1e-06
Set parameter Threads to value 8
Set parameter Presolve to value 0
Gurobi Optimizer version 13.0.0 build v13.0.0rc1 (linux64 - "Oracle Linux Server 9.7")

CPU model: AMD EPYC 7643 48-Core Processor, instruction set [SSE2|AVX|AVX2]
Thread count: 48 physical cores, 96 logical processors, using up to 8 threads

Non-default parameters:
MIPGap  1e-06
Presolve  0
Threads  8

Optimize a model with 1 rows, 16 columns and 16 nonzeros (Min)
Model fingerprint: 0xfee97130
Model has 16 linear objective coefficients and an objective constant of 6.771133787517
Model has 120 quadratic objective terms
Variable types: 0 continuous, 16 integer (16 binary)
Coefficient statistics:
  Matrix range     [1e+00, 1e+00]
  Objective range  [2e+00, 2e+00]
  QObjective range [2e-01, 7e-01]
  Bounds range     [1e+00, 1e+00]
  RHS range        [8e+00, 8e+00]
Found heuristic solution: objective -0.4432057
Variable types: 0 continuous, 136 integer (136 binary)

Root relaxation: objective -6.771134e+00, 59 iterations, 0.00 seconds (0.00 work units)

    Nodes    |    Current Node    |     Objective Bounds      |     Work
 Expl Unexpl |  Obj  Depth IntInf | Incumbent    BestBd   Gap | It/Node Time

     0     0   -6.77113    0   16   -0.44321   -6.77113  1428%     -    0s
H    0     0                      -0.5415359   -6.77113  1150%     -    0s
H    0     0                      -1.1914017   -6.77113   468%     -    0s
H    0     0                      -1.2329476   -1.39079  12.8%     -    0s
     0     0   -1.39079    0  124   -1.23295   -1.39079  12.8%     -    0s
     0     0   -1.32943    0  131   -1.23295   -1.32943  7.83%     -    0s
     0     0   -1.32943    0  131   -1.23295   -1.32943  7.83%     -    0s
     0     2   -1.32943    0  131   -1.23295   -1.32943  7.83%     -    0s
*    3     0               2      -1.2481273   -1.27754  2.36%   102    0s

Cutting planes:
  Gomory: 1
  MIR: 64
  Zero half: 13
  RLT: 30
  BQP: 180

Explored 7 nodes (1379 simplex iterations) in 0.14 seconds (0.11 work units)
Thread count was 8 (of 96 available processors)

Solution count 5: -1.24813 -1.23295 -1.1914 ... -0.443206
No other solutions better than -1.24813

Optimal solution found (tolerance 1.00e-06)
Best objective -1.248127296465e+00, best bound -1.248127296465e+00, gap 0.0000%

User-callback calls 128, time in user-callback 0.00 sec
