
Gurobi 13.0.0 (linux64) logging started Tue Mar 31 15:05:16 2026

Set parameter LogFile to value "logs/N=12_layers=2_presolve_on/N=12/seed=46/n_qaoa_layers=2/precond_pen=0.700.log"
Set parameter MIPGap to value 1e-06
Set parameter Threads to value 8
Gurobi Optimizer version 13.0.0 build v13.0.0rc1 (linux64 - "Oracle Linux Server 9.7")

CPU model: AMD EPYC 7643 48-Core Processor, instruction set [SSE2|AVX|AVX2]
Thread count: 48 physical cores, 96 logical processors, using up to 8 threads

Non-default parameters:
MIPGap  1e-06
Threads  8

Optimize a model with 1 rows, 12 columns and 12 nonzeros (Min)
Model fingerprint: 0xce575755
Model has 12 linear objective coefficients and an objective constant of 4.579458709788
Model has 66 quadratic objective terms
Variable types: 0 continuous, 12 integer (12 binary)
Coefficient statistics:
  Matrix range     [1e+00, 1e+00]
  Objective range  [1e+00, 2e+00]
  QObjective range [8e-03, 3e+00]
  Bounds range     [1e+00, 1e+00]
  RHS range        [6e+00, 6e+00]
Found heuristic solution: objective -0.7720301
Presolve time: 0.00s
Presolved: 67 rows, 78 columns, 210 nonzeros
Variable types: 0 continuous, 78 integer (78 binary)

Root relaxation: objective -7.771983e+00, 18 iterations, 0.00 seconds (0.00 work units)

    Nodes    |    Current Node    |     Objective Bounds      |     Work
 Expl Unexpl |  Obj  Depth IntInf | Incumbent    BestBd   Gap | It/Node Time

     0     0   -7.77198    0   12   -0.77203   -7.77198   907%     -    0s
H    0     0                      -1.0066726   -7.77198   672%     -    0s
H    0     0                      -1.0769740   -7.77198   622%     -    0s
H    0     0                      -4.3278102   -7.77198  79.6%     -    0s
     0     0   -4.32781    0   51   -4.32781   -4.32781  0.00%     -    0s

Cutting planes:
  Gomory: 1
  MIR: 24
  Zero half: 17
  RLT: 18
  BQP: 50

Explored 1 nodes (126 simplex iterations) in 0.01 seconds (0.00 work units)
Thread count was 8 (of 96 available processors)

Solution count 4: -4.32781 -1.07697 -1.00667 -0.77203 
No other solutions better than -4.32781

Optimal solution found (tolerance 1.00e-06)
Best objective -4.327810240976e+00, best bound -4.327810240976e+00, gap 0.0000%

User-callback calls 164, time in user-callback 0.00 sec
