
Gurobi 13.0.0 (linux64) logging started Sun May  3 11:06:37 2026

Set parameter LogFile to value "logs/N=12_layers=2_presolve_on/N=12/seed=42/quantum_layers=2/precond_pen=0.600.log"
Set parameter MIPGap to value 1e-06
Set parameter Threads to value 8
Gurobi Optimizer version 13.0.0 build v13.0.0rc1 (linux64 - "Oracle Linux Server 9.7")

CPU model: AMD EPYC 7643 48-Core Processor, instruction set [SSE2|AVX|AVX2]
Thread count: 48 physical cores, 96 logical processors, using up to 8 threads

Non-default parameters:
MIPGap  1e-06
Threads  8

Optimize a model with 1 rows, 12 columns and 12 nonzeros (Min)
Model fingerprint: 0x06074199
Model has 12 linear objective coefficients and an objective constant of 4.401071642163
Model has 66 quadratic objective terms
Variable types: 0 continuous, 12 integer (12 binary)
Coefficient statistics:
  Matrix range     [1e+00, 1e+00]
  Objective range  [9e-01, 2e+00]
  QObjective range [9e-03, 3e+00]
  Bounds range     [1e+00, 1e+00]
  RHS range        [6e+00, 6e+00]
Found heuristic solution: objective -3.3120601
Presolve time: 0.00s
Presolved: 67 rows, 78 columns, 210 nonzeros
Variable types: 0 continuous, 78 integer (78 binary)

Root relaxation: objective -8.161802e+00, 18 iterations, 0.00 seconds (0.00 work units)

    Nodes    |    Current Node    |     Objective Bounds      |     Work
 Expl Unexpl |  Obj  Depth IntInf | Incumbent    BestBd   Gap | It/Node Time

     0     0   -8.16180    0   12   -3.31206   -8.16180   146%     -    0s
H    0     0                      -3.9344527   -8.16180   107%     -    0s
H    0     0                      -4.4219013   -8.16180  84.6%     -    0s
     0     0   -4.42190    0   42   -4.42190   -4.42190  0.00%     -    0s

Cutting planes:
  Gomory: 1
  MIR: 20
  Zero half: 15
  RLT: 15
  BQP: 56

Explored 1 nodes (99 simplex iterations) in 0.01 seconds (0.00 work units)
Thread count was 8 (of 96 available processors)

Solution count 3: -4.4219 -3.93445 -3.31206 
No other solutions better than -4.4219

Optimal solution found (tolerance 1.00e-06)
Best objective -4.421901336823e+00, best bound -4.421901336823e+00, gap 0.0000%

User-callback calls 162, time in user-callback 0.00 sec
