
Gurobi 13.0.0 (linux64) logging started Sun May  3 10:54:23 2026

Set parameter LogFile to value "logs/N=16_layers=1_presolve_off/N=16/seed=25/quantum_layers=1/precond_pen=1.000.log"
Set parameter MIPGap to value 1e-06
Set parameter Threads to value 8
Set parameter Presolve to value 0
Gurobi Optimizer version 13.0.0 build v13.0.0rc1 (linux64 - "Oracle Linux Server 9.7")

CPU model: AMD EPYC 7643 48-Core Processor, instruction set [SSE2|AVX|AVX2]
Thread count: 48 physical cores, 96 logical processors, using up to 8 threads

Non-default parameters:
MIPGap  1e-06
Presolve  0
Threads  8

Optimize a model with 1 rows, 16 columns and 16 nonzeros (Min)
Model fingerprint: 0xb22c9e15
Model has 16 linear objective coefficients and an objective constant of 6.7719349012319983e+00
Model has 120 quadratic objective terms
Variable types: 0 continuous, 16 integer (16 binary)
Coefficient statistics:
  Matrix range     [1e+00, 1e+00]
  Objective range  [2e+00, 2e+00]
  QObjective range [2e-01, 7e-01]
  Bounds range     [1e+00, 1e+00]
  RHS range        [8e+00, 8e+00]
Found heuristic solution: objective -0.8289571
Variable types: 0 continuous, 136 integer (136 binary)

Root relaxation: objective -6.771935e+00, 57 iterations, 0.00 seconds (0.00 work units)

    Nodes    |    Current Node    |     Objective Bounds      |     Work
 Expl Unexpl |  Obj  Depth IntInf | Incumbent    BestBd   Gap | It/Node Time

     0     0   -6.77193    0   16   -0.82896   -6.77193   717%     -    0s
H    0     0                      -1.0957800   -6.77193   518%     -    0s
H    0     0                      -1.1658867   -5.14670   341%     -    0s
     0     0   -1.29165    0  120   -1.16589   -1.29165  10.8%     -    0s
     0     0   -1.24801    0  128   -1.16589   -1.24801  7.04%     -    0s
     0     0   -1.24801    0  128   -1.16589   -1.24801  7.04%     -    0s
     0     0   -1.24801    0  128   -1.16589   -1.24801  7.04%     -    0s
     0     2   -1.24801    0  128   -1.16589   -1.24801  7.04%     -    0s

Cutting planes:
  Gomory: 2
  MIR: 41
  Zero half: 7
  RLT: 27
  BQP: 115

Explored 11 nodes (1645 simplex iterations) in 0.15 seconds (0.12 work units)
Thread count was 8 (of 96 available processors)

Solution count 3: -1.16589 -1.09578 -0.828957 
No other solutions better than -1.16589

Optimal solution found (tolerance 1.00e-06)
Best objective -1.165886666064e+00, best bound -1.165886666064e+00, gap 0.0000%

User-callback calls 132, time in user-callback 0.00 sec
