
Gurobi 13.0.0 (linux64) logging started Sun May  3 10:54:22 2026

Set parameter LogFile to value "logs/N=16_layers=1_presolve_off/N=16/seed=25/quantum_layers=1/precond_pen=0.000.log"
Set parameter MIPGap to value 1e-06
Set parameter Threads to value 8
Set parameter Presolve to value 0
Gurobi Optimizer version 13.0.0 build v13.0.0rc1 (linux64 - "Oracle Linux Server 9.7")

CPU model: AMD EPYC 7643 48-Core Processor, instruction set [SSE2|AVX|AVX2]
Thread count: 48 physical cores, 96 logical processors, using up to 8 threads

Non-default parameters:
MIPGap  1e-06
Presolve  0
Threads  8

Optimize a model with 1 rows, 16 columns and 16 nonzeros (Min)
Model fingerprint: 0xd8c3153e
Model has 16 linear objective coefficients and an objective constant of -4.2359315874744958e+01
Model has 120 quadratic objective terms
Variable types: 0 continuous, 16 integer (16 binary)
Coefficient statistics:
  Matrix range     [1e+00, 1e+00]
  Objective range  [9e+00, 1e+01]
  QObjective range [1e+00, 4e+00]
  Bounds range     [1e+00, 1e+00]
  RHS range        [8e+00, 8e+00]
Found heuristic solution: objective 1.5178611
Variable types: 0 continuous, 136 integer (136 binary)

Root relaxation: objective -4.235932e+01, 7 iterations, 0.00 seconds (0.00 work units)

    Nodes    |    Current Node    |     Objective Bounds      |     Work
 Expl Unexpl |  Obj  Depth IntInf | Incumbent    BestBd   Gap | It/Node Time

     0     0  -42.35932    0   16    1.51786  -42.35932  2891%     -    0s
H    0     0                      -0.1768399  -42.35932      -     -    0s
     0     0   -5.89011    0   22   -0.17684   -5.89011  3231%     -    0s
     0     0   -4.78202    0   49   -0.17684   -4.78202  2604%     -    0s
     0     0   -4.77623    0   49   -0.17684   -4.77623  2601%     -    0s
     0     2   -4.66670    0   49   -0.17684   -4.66670  2539%     -    0s

Cutting planes:
  Gomory: 1
  Cover: 1
  MIR: 13
  RLT: 14

Explored 111 nodes (4357 simplex iterations) in 0.06 seconds (0.06 work units)
Thread count was 8 (of 96 available processors)

Solution count 2: -0.17684 1.51786 

Optimal solution found (tolerance 1.00e-06)
Best objective -1.768398866090e-01, best bound -1.768398866090e-01, gap 0.0000%

User-callback calls 318, time in user-callback 0.00 sec
