
Gurobi 13.0.0 (linux64) logging started Tue Mar 31 15:05:18 2026

Set parameter LogFile to value "logs/N=12_layers=2_presolve_off/N=12/seed=20/n_qaoa_layers=2/precond_pen=0.400.log"
Set parameter MIPGap to value 1e-06
Set parameter Threads to value 8
Set parameter Presolve to value 0
Gurobi Optimizer version 13.0.0 build v13.0.0rc1 (linux64 - "Oracle Linux Server 9.7")

CPU model: AMD EPYC 7643 48-Core Processor, instruction set [SSE2|AVX|AVX2]
Thread count: 48 physical cores, 96 logical processors, using up to 8 threads

Non-default parameters:
MIPGap  1e-06
Presolve  0
Threads  8

Optimize a model with 1 rows, 12 columns and 12 nonzeros (Min)
Model fingerprint: 0x218159a8
Model has 12 linear objective coefficients and an objective constant of 4.041604905834
Model has 66 quadratic objective terms
Variable types: 0 continuous, 12 integer (12 binary)
Coefficient statistics:
  Matrix range     [1e+00, 1e+00]
  Objective range  [3e-01, 2e+00]
  QObjective range [7e-02, 4e+00]
  Bounds range     [1e+00, 1e+00]
  RHS range        [6e+00, 6e+00]
Found heuristic solution: objective 2.5094262
Variable types: 0 continuous, 78 integer (78 binary)

Root relaxation: objective -1.369164e+01, 10 iterations, 0.00 seconds (0.00 work units)

    Nodes    |    Current Node    |     Objective Bounds      |     Work
 Expl Unexpl |  Obj  Depth IntInf | Incumbent    BestBd   Gap | It/Node Time

     0     0  -13.69164    0   12    2.50943  -13.69164   646%     -    0s
H    0     0                      -5.8757277  -13.69164   133%     -    0s
H    0     0                      -7.6069533  -13.69164  80.0%     -    0s
H    0     0                      -8.0317102  -13.69164  70.5%     -    0s
     0     0   -8.03171    0   37   -8.03171   -8.03171  0.00%     -    0s

Cutting planes:
  Gomory: 1
  MIR: 18
  Zero half: 15
  RLT: 17
  BQP: 54

Explored 1 nodes (73 simplex iterations) in 0.01 seconds (0.00 work units)
Thread count was 8 (of 96 available processors)

Solution count 4: -8.03171 -7.60695 -5.87573 2.50943 
No other solutions better than -8.03171

Optimal solution found (tolerance 1.00e-06)
Best objective -8.031710193512e+00, best bound -8.031710193512e+00, gap 0.0000%

User-callback calls 67, time in user-callback 0.00 sec
