
Gurobi 13.0.0 (linux64) logging started Tue Mar 31 15:05:18 2026

Set parameter LogFile to value "logs/N=12_layers=2_presolve_off/N=12/seed=20/n_qaoa_layers=2/precond_pen=0.900.log"
Set parameter MIPGap to value 1e-06
Set parameter Threads to value 8
Set parameter Presolve to value 0
Gurobi Optimizer version 13.0.0 build v13.0.0rc1 (linux64 - "Oracle Linux Server 9.7")

CPU model: AMD EPYC 7643 48-Core Processor, instruction set [SSE2|AVX|AVX2]
Thread count: 48 physical cores, 96 logical processors, using up to 8 threads

Non-default parameters:
MIPGap  1e-06
Presolve  0
Threads  8

Optimize a model with 1 rows, 12 columns and 12 nonzeros (Min)
Model fingerprint: 0x99042af4
Model has 12 linear objective coefficients and an objective constant of 5.3718990965699991e+00
Model has 66 quadratic objective terms
Variable types: 0 continuous, 12 integer (12 binary)
Coefficient statistics:
  Matrix range     [1e+00, 1e+00]
  Objective range  [1e+00, 2e+00]
  QObjective range [2e-02, 1e+00]
  Bounds range     [1e+00, 1e+00]
  RHS range        [6e+00, 6e+00]
Found heuristic solution: objective 0.1256226
Variable types: 0 continuous, 78 integer (78 binary)

Root relaxation: objective -5.596948e+00, 19 iterations, 0.00 seconds (0.00 work units)

    Nodes    |    Current Node    |     Objective Bounds      |     Work
 Expl Unexpl |  Obj  Depth IntInf | Incumbent    BestBd   Gap | It/Node Time

     0     0   -5.59695    0   12    0.12562   -5.59695  4555%     -    0s
H    0     0                      -1.0844557   -5.59695   416%     -    0s
H    0     0                      -1.2519068   -5.59695   347%     -    0s
H    0     0                      -1.3149392   -5.59695   326%     -    0s
H    0     0                      -1.9608542   -5.59695   185%     -    0s
     0     0     cutoff    0        -1.96085   -1.96085  0.00%     -    0s

Cutting planes:
  MIR: 34
  Zero half: 21
  RLT: 26
  BQP: 110

Explored 1 nodes (143 simplex iterations) in 0.01 seconds (0.00 work units)
Thread count was 8 (of 96 available processors)

Solution count 5: -1.96085 -1.31494 -1.25191 ... 0.125623
No other solutions better than -1.96085

Optimal solution found (tolerance 1.00e-06)
Best objective -1.960854232228e+00, best bound -1.960854232228e+00, gap 0.0000%

User-callback calls 70, time in user-callback 0.00 sec
