
Gurobi 13.0.0 (linux64) logging started Tue Mar 31 15:06:50 2026

Set parameter LogFile to value "logs/N=12_layers=3_presolve_on/N=12/seed=10/n_qaoa_layers=3/precond_pen=0.700.log"
Set parameter MIPGap to value 1e-06
Set parameter Threads to value 8
Gurobi Optimizer version 13.0.0 build v13.0.0rc1 (linux64 - "Oracle Linux Server 9.7")

CPU model: AMD EPYC 7643 48-Core Processor, instruction set [SSE2|AVX|AVX2]
Thread count: 48 physical cores, 96 logical processors, using up to 8 threads

Non-default parameters:
MIPGap  1e-06
Threads  8

Optimize a model with 1 rows, 12 columns and 12 nonzeros (Min)
Model fingerprint: 0xc8b6da80
Model has 12 linear objective coefficients and an objective constant of 4.835708200985
Model has 66 quadratic objective terms
Variable types: 0 continuous, 12 integer (12 binary)
Coefficient statistics:
  Matrix range     [1e+00, 1e+00]
  Objective range  [1e+00, 2e+00]
  QObjective range [2e-02, 4e+00]
  Bounds range     [1e+00, 1e+00]
  RHS range        [6e+00, 6e+00]
Found heuristic solution: objective -3.1628503
Presolve time: 0.00s
Presolved: 67 rows, 78 columns, 210 nonzeros
Variable types: 0 continuous, 78 integer (78 binary)

Root relaxation: objective -1.063932e+01, 22 iterations, 0.00 seconds (0.00 work units)

    Nodes    |    Current Node    |     Objective Bounds      |     Work
 Expl Unexpl |  Obj  Depth IntInf | Incumbent    BestBd   Gap | It/Node Time

     0     0  -10.63932    0   12   -3.16285  -10.63932   236%     -    0s
H    0     0                      -6.2165803  -10.63932  71.1%     -    0s

Cutting planes:
  Gomory: 2
  MIR: 23
  Zero half: 11
  RLT: 15
  BQP: 65

Explored 1 nodes (22 simplex iterations) in 0.01 seconds (0.00 work units)
Thread count was 8 (of 96 available processors)

Solution count 2: -6.21658 -3.16285 
No other solutions better than -6.21658

Optimal solution found (tolerance 1.00e-06)
Best objective -6.216580258209e+00, best bound -6.216580258209e+00, gap 0.0000%

User-callback calls 155, time in user-callback 0.00 sec

Gurobi 13.0.0 (linux64) logging started Tue Mar 31 15:10:49 2026

Set parameter LogFile to value "logs/N=12_layers=3_presolve_on/N=12/seed=10/n_qaoa_layers=3/precond_pen=0.700.log"
Set parameter MIPGap to value 1e-06
Set parameter Threads to value 8
Gurobi Optimizer version 13.0.0 build v13.0.0rc1 (linux64 - "Oracle Linux Server 9.7")

CPU model: AMD EPYC 7643 48-Core Processor, instruction set [SSE2|AVX|AVX2]
Thread count: 48 physical cores, 96 logical processors, using up to 8 threads

Non-default parameters:
MIPGap  1e-06
Threads  8

Optimize a model with 1 rows, 12 columns and 12 nonzeros (Min)
Model fingerprint: 0xc8b6da80
Model has 12 linear objective coefficients and an objective constant of 4.835708200985
Model has 66 quadratic objective terms
Variable types: 0 continuous, 12 integer (12 binary)
Coefficient statistics:
  Matrix range     [1e+00, 1e+00]
  Objective range  [1e+00, 2e+00]
  QObjective range [2e-02, 4e+00]
  Bounds range     [1e+00, 1e+00]
  RHS range        [6e+00, 6e+00]
Found heuristic solution: objective -3.1628503
Presolve time: 0.00s
Presolved: 67 rows, 78 columns, 210 nonzeros
Variable types: 0 continuous, 78 integer (78 binary)

Root relaxation: objective -1.063932e+01, 22 iterations, 0.00 seconds (0.00 work units)

    Nodes    |    Current Node    |     Objective Bounds      |     Work
 Expl Unexpl |  Obj  Depth IntInf | Incumbent    BestBd   Gap | It/Node Time

     0     0  -10.63932    0   12   -3.16285  -10.63932   236%     -    0s
H    0     0                      -6.2165803  -10.63932  71.1%     -    0s

Cutting planes:
  Gomory: 2
  MIR: 23
  Zero half: 11
  RLT: 15
  BQP: 65

Explored 1 nodes (22 simplex iterations) in 0.01 seconds (0.00 work units)
Thread count was 8 (of 96 available processors)

Solution count 2: -6.21658 -3.16285 
No other solutions better than -6.21658

Optimal solution found (tolerance 1.00e-06)
Best objective -6.216580258209e+00, best bound -6.216580258209e+00, gap 0.0000%

User-callback calls 155, time in user-callback 0.00 sec
