
Gurobi 13.0.0 (linux64) logging started Sun May  3 11:09:01 2026

Set parameter LogFile to value "logs/N=12_layers=3_presolve_off/N=12/seed=47/quantum_layers=3/precond_pen=1.000.log"
Set parameter MIPGap to value 1e-06
Set parameter Threads to value 8
Set parameter Presolve to value 0
Gurobi Optimizer version 13.0.0 build v13.0.0rc1 (linux64 - "Oracle Linux Server 9.7")

CPU model: AMD EPYC 7643 48-Core Processor, instruction set [SSE2|AVX|AVX2]
Thread count: 48 physical cores, 96 logical processors, using up to 8 threads

Non-default parameters:
MIPGap  1e-06
Presolve  0
Threads  8

Optimize a model with 1 rows, 12 columns and 12 nonzeros (Min)
Model fingerprint: 0x5c069329
Model has 12 linear objective coefficients and an objective constant of 5.3862429633120010e+00
Model has 66 quadratic objective terms
Variable types: 0 continuous, 12 integer (12 binary)
Coefficient statistics:
  Matrix range     [1e+00, 1e+00]
  Objective range  [2e+00, 2e+00]
  QObjective range [5e-03, 3e+00]
  Bounds range     [1e+00, 1e+00]
  RHS range        [6e+00, 6e+00]
Found heuristic solution: objective -0.0699465
Variable types: 0 continuous, 78 integer (78 binary)

Root relaxation: objective -7.044057e+00, 23 iterations, 0.00 seconds (0.00 work units)

    Nodes    |    Current Node    |     Objective Bounds      |     Work
 Expl Unexpl |  Obj  Depth IntInf | Incumbent    BestBd   Gap | It/Node Time

     0     0   -7.04406    0   12   -0.06995   -7.04406  9971%     -    0s
H    0     0                      -1.5340024   -7.04406   359%     -    0s
H    0     0                      -1.7800807   -7.04406   296%     -    0s
H    0     0                      -3.6539132   -7.04406  92.8%     -    0s
     0     0   -3.65391    0   35   -3.65391   -3.65391  0.00%     -    0s

Cutting planes:
  Gomory: 1
  MIR: 24
  Zero half: 14
  RLT: 15
  BQP: 67

Explored 1 nodes (120 simplex iterations) in 0.01 seconds (0.00 work units)
Thread count was 8 (of 96 available processors)

Solution count 4: -3.65391 -1.78008 -1.534 -0.0699465 
No other solutions better than -3.65391

Optimal solution found (tolerance 1.00e-06)
Best objective -3.653913242888e+00, best bound -3.653913242888e+00, gap 0.0000%

User-callback calls 69, time in user-callback 0.00 sec
