
Gurobi 13.0.0 (linux64) logging started Sun Mar 22 16:50:43 2026

Set parameter LogFile to value "logs/N=12_presolve_off/N=12/seed=1/n_qaoa_layers=1/baseline.log"
Set parameter MIPGap to value 1e-06
Set parameter Threads to value 8
Set parameter Presolve to value 0
Gurobi Optimizer version 13.0.0 build v13.0.0rc1 (linux64 - "Oracle Linux Server 9.7")

CPU model: AMD EPYC 7643 48-Core Processor, instruction set [SSE2|AVX|AVX2]
Thread count: 48 physical cores, 96 logical processors, using up to 8 threads

Non-default parameters:
MIPGap  1e-06
Presolve  0
Threads  8

Optimize a model with 1 rows, 12 columns and 12 nonzeros (Min)
Model fingerprint: 0x96d33aac
Model has 12 linear objective coefficients
Model has 66 quadratic objective terms
Variable types: 0 continuous, 12 integer (12 binary)
Coefficient statistics:
  Matrix range     [1e+00, 1e+00]
  Objective range  [7e+00, 1e+01]
  QObjective range [6e-02, 8e+00]
  Bounds range     [1e+00, 1e+00]
  RHS range        [6e+00, 6e+00]
Found heuristic solution: objective 38.0099195
Variable types: 0 continuous, 78 integer (78 binary)

Root relaxation: objective 8.548717e-15, 6 iterations, 0.00 seconds (0.00 work units)

    Nodes    |    Current Node    |     Objective Bounds      |     Work
 Expl Unexpl |  Obj  Depth IntInf | Incumbent    BestBd   Gap | It/Node Time

     0     0    0.00000    0   12   38.00992    0.00000   100%     -    0s
H    0     0                      36.1964782    0.00000   100%     -    0s
H    0     0                      35.5816060    0.00000   100%     -    0s
H    0     0                      30.9289342    0.00000   100%     -    0s
     0     0   18.98247    0   12   30.92893   18.98247  38.6%     -    0s
     0     0   22.89502    0   38   30.92893   22.89502  26.0%     -    0s
     0     0   23.98073    0   40   30.92893   23.98073  22.5%     -    0s
     0     0   24.20592    0   45   30.92893   24.20592  21.7%     -    0s
     0     0   26.64381    0   52   30.92893   26.64381  13.9%     -    0s
     0     0   26.64381    0   52   30.92893   26.64381  13.9%     -    0s
     0     2   26.64381    0   52   30.92893   26.64381  13.9%     -    0s

Cutting planes:
  Gomory: 2
  Cover: 3
  MIR: 13
  StrongCG: 2
  Mod-K: 1
  RLT: 8

Explored 84 nodes (1510 simplex iterations) in 0.04 seconds (0.02 work units)
Thread count was 8 (of 96 available processors)

Solution count 4: 30.9289 35.5816 36.1965 38.0099 

Optimal solution found (tolerance 1.00e-06)
Best objective 3.092893423763e+01, best bound 3.092893423763e+01, gap 0.0000%

User-callback calls 274, time in user-callback 0.00 sec
