
Gurobi 13.0.0 (linux64) logging started Sun Mar 22 16:50:43 2026

Set parameter LogFile to value "logs/N=12_presolve_off/N=12/seed=1/n_qaoa_layers=1/precond_pen=0.700.log"
Set parameter MIPGap to value 1e-06
Set parameter Threads to value 8
Set parameter Presolve to value 0
Gurobi Optimizer version 13.0.0 build v13.0.0rc1 (linux64 - "Oracle Linux Server 9.7")

CPU model: AMD EPYC 7643 48-Core Processor, instruction set [SSE2|AVX|AVX2]
Thread count: 48 physical cores, 96 logical processors, using up to 8 threads

Non-default parameters:
MIPGap  1e-06
Presolve  0
Threads  8

Optimize a model with 1 rows, 12 columns and 12 nonzeros (Min)
Model fingerprint: 0xd2ff246c
Model has 12 linear objective coefficients and an objective constant of 4.840139704886
Model has 66 quadratic objective terms
Variable types: 0 continuous, 12 integer (12 binary)
Coefficient statistics:
  Matrix range     [1e+00, 1e+00]
  Objective range  [1e+00, 2e+00]
  QObjective range [5e-02, 1e+00]
  Bounds range     [1e+00, 1e+00]
  RHS range        [6e+00, 6e+00]
Found heuristic solution: objective -0.3995969
Variable types: 0 continuous, 78 integer (78 binary)

Root relaxation: objective -4.840140e+00, 20 iterations, 0.00 seconds (0.00 work units)

    Nodes    |    Current Node    |     Objective Bounds      |     Work
 Expl Unexpl |  Obj  Depth IntInf | Incumbent    BestBd   Gap | It/Node Time

     0     0   -4.84014    0   12   -0.39960   -4.84014  1111%     -    0s
H    0     0                      -0.4740213   -4.84014   921%     -    0s
H    0     0                      -1.5630304   -4.84014   210%     -    0s
     0     0   -1.56303    0   42   -1.56303   -1.56303  0.00%     -    0s

Cutting planes:
  Gomory: 1
  MIR: 52
  Zero half: 23
  RLT: 26
  BQP: 145

Explored 1 nodes (163 simplex iterations) in 0.01 seconds (0.01 work units)
Thread count was 8 (of 96 available processors)

Solution count 3: -1.56303 -0.474021 -0.399597 
No other solutions better than -1.56303

Optimal solution found (tolerance 1.00e-06)
Best objective -1.563030438076e+00, best bound -1.563030438076e+00, gap 0.0000%

User-callback calls 67, time in user-callback 0.00 sec
