
Gurobi 13.0.0 (linux64) logging started Tue Mar 31 15:12:43 2026

Set parameter LogFile to value "logs/N=16_layers=2_presolve_on/N=16/seed=43/n_qaoa_layers=2/precond_pen=0.800.log"
Set parameter MIPGap to value 1e-06
Set parameter Threads to value 8
Gurobi Optimizer version 13.0.0 build v13.0.0rc1 (linux64 - "Oracle Linux Server 9.7")

CPU model: AMD EPYC 7643 48-Core Processor, instruction set [SSE2|AVX|AVX2]
Thread count: 48 physical cores, 96 logical processors, using up to 8 threads

Non-default parameters:
MIPGap  1e-06
Threads  8

Optimize a model with 1 rows, 16 columns and 16 nonzeros (Min)
Model fingerprint: 0xfb48a286
Model has 16 linear objective coefficients and an objective constant of 6.51826702803
Model has 120 quadratic objective terms
Variable types: 0 continuous, 16 integer (16 binary)
Coefficient statistics:
  Matrix range     [1e+00, 1e+00]
  Objective range  [1e+00, 2e+00]
  QObjective range [2e-03, 2e+00]
  Bounds range     [1e+00, 1e+00]
  RHS range        [8e+00, 8e+00]
Found heuristic solution: objective -0.6722985
Presolve time: 0.00s
Presolved: 121 rows, 136 columns, 376 nonzeros
Variable types: 0 continuous, 136 integer (136 binary)

Root relaxation: objective -9.599473e+00, 42 iterations, 0.00 seconds (0.00 work units)

    Nodes    |    Current Node    |     Objective Bounds      |     Work
 Expl Unexpl |  Obj  Depth IntInf | Incumbent    BestBd   Gap | It/Node Time

     0     0   -9.59947    0   16   -0.67230   -9.59947  1328%     -    0s
H    0     0                      -1.1090497   -9.59947   766%     -    0s
H    0     0                      -1.1561044   -9.59947   730%     -    0s
H    0     0                      -2.9553004   -9.59947   225%     -    0s
H    0     0                      -4.5379509   -9.59947   112%     -    0s
     0     0   -4.76009    0   57   -4.53795   -4.76009  4.90%     -    0s

Cutting planes:
  Gomory: 10
  Dual implied bound: 1
  MIR: 141
  StrongCG: 9
  Flow cover: 17
  Zero half: 27
  RLT: 35
  BQP: 180

Explored 1 nodes (265 simplex iterations) in 0.04 seconds (0.03 work units)
Thread count was 8 (of 96 available processors)

Solution count 5: -4.53795 -2.9553 -1.1561 ... -0.672298
No other solutions better than -4.53795

Optimal solution found (tolerance 1.00e-06)
Best objective -4.537950865474e+00, best bound -4.537950865474e+00, gap 0.0000%

User-callback calls 177, time in user-callback 0.00 sec
