
Gurobi 13.0.0 (linux64) logging started Tue Mar 31 15:12:42 2026

Set parameter LogFile to value "logs/N=16_layers=2_presolve_on/N=16/seed=43/n_qaoa_layers=2/precond_pen=0.200.log"
Set parameter MIPGap to value 1e-06
Set parameter Threads to value 8
Gurobi Optimizer version 13.0.0 build v13.0.0rc1 (linux64 - "Oracle Linux Server 9.7")

CPU model: AMD EPYC 7643 48-Core Processor, instruction set [SSE2|AVX|AVX2]
Thread count: 48 physical cores, 96 logical processors, using up to 8 threads

Non-default parameters:
MIPGap  1e-06
Threads  8

Optimize a model with 1 rows, 16 columns and 16 nonzeros (Min)
Model fingerprint: 0xf913d568
Model has 16 linear objective coefficients and an objective constant of -2.6513727161840013e+01
Model has 120 quadratic objective terms
Variable types: 0 continuous, 16 integer (16 binary)
Coefficient statistics:
  Matrix range     [1e+00, 1e+00]
  Objective range  [2e+00, 1e+01]
  QObjective range [3e-02, 5e+00]
  Bounds range     [1e+00, 1e+00]
  RHS range        [8e+00, 8e+00]
Found heuristic solution: objective 0.1312779
Presolve time: 0.00s
Presolved: 121 rows, 136 columns, 376 nonzeros
Variable types: 0 continuous, 136 integer (136 binary)

Root relaxation: objective -3.819681e+01, 18 iterations, 0.00 seconds (0.00 work units)

    Nodes    |    Current Node    |     Objective Bounds      |     Work
 Expl Unexpl |  Obj  Depth IntInf | Incumbent    BestBd   Gap | It/Node Time

     0     0  -38.19681    0   16    0.13128  -38.19681      -     -    0s
H    0     0                      -0.9530005  -38.19681  3908%     -    0s
H    0     0                      -4.1930052  -38.19681   811%     -    0s
H    0     0                      -9.6739491  -38.19681   295%     -    0s
     0     0  -23.20574    0   28   -9.67395  -23.20574   140%     -    0s
     0     0  -22.92551    0   28   -9.67395  -22.92551   137%     -    0s
     0     0  -17.24394    0   75   -9.67395  -17.24394  78.3%     -    0s
     0     0  -17.20188    0   75   -9.67395  -17.20188  77.8%     -    0s
     0     2  -17.20156    0   75   -9.67395  -17.20156  77.8%     -    0s

Cutting planes:
  Gomory: 1
  Dual implied bound: 22
  MIR: 11
  Zero half: 4
  RLT: 11
  BQP: 1

Explored 50 nodes (1706 simplex iterations) in 0.05 seconds (0.04 work units)
Thread count was 8 (of 96 available processors)

Solution count 4: -9.67395 -4.19301 -0.953001 0.131278 
No other solutions better than -9.67395

Optimal solution found (tolerance 1.00e-06)
Best objective -9.673949084842e+00, best bound -9.673949084842e+00, gap 0.0000%

User-callback calls 295, time in user-callback 0.00 sec
