
Gurobi 13.0.0 (linux64) logging started Sun May  3 10:58:49 2026

Set parameter LogFile to value "logs/N=16_layers=2_presolve_off/N=16/seed=31/quantum_layers=2/precond_pen=0.700.log"
Set parameter MIPGap to value 1e-06
Set parameter Threads to value 8
Set parameter Presolve to value 0
Gurobi Optimizer version 13.0.0 build v13.0.0rc1 (linux64 - "Oracle Linux Server 9.7")

CPU model: AMD EPYC 7643 48-Core Processor, instruction set [SSE2|AVX|AVX2]
Thread count: 48 physical cores, 96 logical processors, using up to 8 threads

Non-default parameters:
MIPGap  1e-06
Presolve  0
Threads  8

Optimize a model with 1 rows, 16 columns and 16 nonzeros (Min)
Model fingerprint: 0xf3d3703f
Model has 16 linear objective coefficients and an objective constant of 6.3453512360970006e+00
Model has 120 quadratic objective terms
Variable types: 0 continuous, 16 integer (16 binary)
Coefficient statistics:
  Matrix range     [1e+00, 1e+00]
  Objective range  [1e+00, 2e+00]
  QObjective range [4e-03, 2e+00]
  Bounds range     [1e+00, 1e+00]
  RHS range        [8e+00, 8e+00]
Found heuristic solution: objective 1.6479124
Variable types: 0 continuous, 136 integer (136 binary)

Root relaxation: objective -1.191455e+01, 36 iterations, 0.00 seconds (0.00 work units)

    Nodes    |    Current Node    |     Objective Bounds      |     Work
 Expl Unexpl |  Obj  Depth IntInf | Incumbent    BestBd   Gap | It/Node Time

     0     0  -11.91455    0   16    1.64791  -11.91455   823%     -    0s
H    0     0                      -1.3272201  -11.91455   798%     -    0s
H    0     0                      -2.0649725  -11.91455   477%     -    0s
H    0     0                      -4.5343908  -11.91455   163%     -    0s
H    0     0                      -4.6893018   -9.12550  94.6%     -    0s
     0     0   -4.92077    0  114   -4.68930   -4.92077  4.94%     -    0s
H    0     0                      -4.7515771   -4.77961  0.59%     -    0s
     0     0   -4.75158    0  108   -4.75158   -4.75158  0.00%     -    0s

Cutting planes:
  Gomory: 6
  MIR: 23
  Zero half: 20
  RLT: 13
  BQP: 70

Explored 1 nodes (381 simplex iterations) in 0.03 seconds (0.02 work units)
Thread count was 8 (of 96 available processors)

Solution count 6: -4.75158 -4.6893 -4.53439 ... 1.64791
No other solutions better than -4.75158

Optimal solution found (tolerance 1.00e-06)
Best objective -4.751577141359e+00, best bound -4.751577141359e+00, gap 0.0000%

User-callback calls 86, time in user-callback 0.00 sec
