
Gurobi 13.0.0 (linux64) logging started Sun Mar 22 16:50:50 2026

Set parameter LogFile to value "logs/N=12_presolve_off/N=12/seed=42/n_qaoa_layers=1/precond_pen=0.400.log"
Set parameter MIPGap to value 1e-06
Set parameter Threads to value 8
Set parameter Presolve to value 0
Gurobi Optimizer version 13.0.0 build v13.0.0rc1 (linux64 - "Oracle Linux Server 9.7")

CPU model: AMD EPYC 7643 48-Core Processor, instruction set [SSE2|AVX|AVX2]
Thread count: 48 physical cores, 96 logical processors, using up to 8 threads

Non-default parameters:
MIPGap  1e-06
Presolve  0
Threads  8

Optimize a model with 1 rows, 12 columns and 12 nonzeros (Min)
Model fingerprint: 0x7baae3a3
Model has 12 linear objective coefficients and an objective constant of 3.9908177325239991e+00
Model has 66 quadratic objective terms
Variable types: 0 continuous, 12 integer (12 binary)
Coefficient statistics:
  Matrix range     [1e+00, 1e+00]
  Objective range  [4e-01, 2e+00]
  QObjective range [7e-03, 3e+00]
  Bounds range     [1e+00, 1e+00]
  RHS range        [6e+00, 6e+00]
Found heuristic solution: objective -2.4728586
Variable types: 0 continuous, 78 integer (78 binary)

Root relaxation: objective -7.062538e+00, 15 iterations, 0.00 seconds (0.00 work units)

    Nodes    |    Current Node    |     Objective Bounds      |     Work
 Expl Unexpl |  Obj  Depth IntInf | Incumbent    BestBd   Gap | It/Node Time

     0     0   -7.06254    0   12   -2.47286   -7.06254   186%     -    0s
H    0     0                      -3.0363764   -7.06254   133%     -    0s
H    0     0                      -3.3191065   -7.06254   113%     -    0s
     0     0   -3.45609    0   43   -3.31911   -3.45609  4.13%     -    0s
     0     0   -3.45609    0   54   -3.31911   -3.45609  4.13%     -    0s
     0     0   -3.45609    0   44   -3.31911   -3.45609  4.13%     -    0s

Cutting planes:
  Gomory: 7
  MIR: 32
  Flow cover: 6
  Zero half: 4
  RLT: 12
  BQP: 44

Explored 1 nodes (113 simplex iterations) in 0.01 seconds (0.01 work units)
Thread count was 8 (of 96 available processors)

Solution count 3: -3.31911 -3.03638 -2.47286 
No other solutions better than -3.31911

Optimal solution found (tolerance 1.00e-06)
Best objective -3.319106528006e+00, best bound -3.319106528006e+00, gap 0.0000%

User-callback calls 73, time in user-callback 0.00 sec
