
Gurobi 13.0.0 (linux64) logging started Sun Mar 22 16:50:50 2026

Set parameter LogFile to value "logs/N=12_presolve_off/N=12/seed=42/n_qaoa_layers=1/precond_pen=0.600.log"
Set parameter MIPGap to value 1e-06
Set parameter Threads to value 8
Set parameter Presolve to value 0
Gurobi Optimizer version 13.0.0 build v13.0.0rc1 (linux64 - "Oracle Linux Server 9.7")

CPU model: AMD EPYC 7643 48-Core Processor, instruction set [SSE2|AVX|AVX2]
Thread count: 48 physical cores, 96 logical processors, using up to 8 threads

Non-default parameters:
MIPGap  1e-06
Presolve  0
Threads  8

Optimize a model with 1 rows, 12 columns and 12 nonzeros (Min)
Model fingerprint: 0x17663ff4
Model has 12 linear objective coefficients and an objective constant of 4.794554393198
Model has 66 quadratic objective terms
Variable types: 0 continuous, 12 integer (12 binary)
Coefficient statistics:
  Matrix range     [1e+00, 1e+00]
  Objective range  [1e+00, 2e+00]
  QObjective range [7e-03, 1e+00]
  Bounds range     [1e+00, 1e+00]
  RHS range        [6e+00, 6e+00]
Found heuristic solution: objective -1.2708004
Variable types: 0 continuous, 78 integer (78 binary)

Root relaxation: objective -4.874681e+00, 24 iterations, 0.00 seconds (0.00 work units)

    Nodes    |    Current Node    |     Objective Bounds      |     Work
 Expl Unexpl |  Obj  Depth IntInf | Incumbent    BestBd   Gap | It/Node Time

     0     0   -4.87468    0   12   -1.27080   -4.87468   284%     -    0s
H    0     0                      -1.4292005   -4.87468   241%     -    0s
H    0     0                      -1.4970393   -4.87468   226%     -    0s
H    0     0                      -1.6242657   -4.87468   200%     -    0s
     0     0   -1.63772    0   41   -1.62427   -1.63772  0.83%     -    0s
     0     0   -1.63221    0   40   -1.62427   -1.63221  0.49%     -    0s
     0     0     cutoff    0        -1.62427   -1.62427  0.00%     -    0s

Cutting planes:
  Gomory: 1
  MIR: 41
  Zero half: 22
  RLT: 22
  BQP: 117

Explored 1 nodes (146 simplex iterations) in 0.01 seconds (0.00 work units)
Thread count was 8 (of 96 available processors)

Solution count 4: -1.62427 -1.49704 -1.4292 -1.2708 
No other solutions better than -1.62427

Optimal solution found (tolerance 1.00e-06)
Best objective -1.624265684034e+00, best bound -1.624265684034e+00, gap 0.0000%

User-callback calls 72, time in user-callback 0.00 sec
