
Gurobi 13.0.0 (linux64) logging started Sun May  3 10:54:10 2026

Set parameter LogFile to value "logs/N=16_layers=1_presolve_off/N=16/seed=3/quantum_layers=1/precond_pen=0.200.log"
Set parameter MIPGap to value 1e-06
Set parameter Threads to value 8
Set parameter Presolve to value 0
Gurobi Optimizer version 13.0.0 build v13.0.0rc1 (linux64 - "Oracle Linux Server 9.7")

CPU model: AMD EPYC 7643 48-Core Processor, instruction set [SSE2|AVX|AVX2]
Thread count: 48 physical cores, 96 logical processors, using up to 8 threads

Non-default parameters:
MIPGap  1e-06
Presolve  0
Threads  8

Optimize a model with 1 rows, 16 columns and 16 nonzeros (Min)
Model fingerprint: 0x186cd1d8
Model has 16 linear objective coefficients and an objective constant of -9.3454472906610047e+00
Model has 120 quadratic objective terms
Variable types: 0 continuous, 16 integer (16 binary)
Coefficient statistics:
  Matrix range     [1e+00, 1e+00]
  Objective range  [2e-01, 4e+00]
  QObjective range [3e-02, 3e+00]
  Bounds range     [1e+00, 1e+00]
  RHS range        [8e+00, 8e+00]
Found heuristic solution: objective 1.5291538
Variable types: 0 continuous, 136 integer (136 binary)

Root relaxation: objective -1.685160e+01, 8 iterations, 0.00 seconds (0.00 work units)

    Nodes    |    Current Node    |     Objective Bounds      |     Work
 Expl Unexpl |  Obj  Depth IntInf | Incumbent    BestBd   Gap | It/Node Time

     0     0  -16.85160    0   16    1.52915  -16.85160  1202%     -    0s
H    0     0                       0.7491255  -16.85160  2350%     -    0s
H    0     0                       0.4560490  -16.85160  3795%     -    0s
H    0     0                      -4.7936194  -16.85160   252%     -    0s
H    0     0                      -5.4405121  -12.33998   127%     -    0s
     0     0   -9.28207    0   50   -5.44051   -9.28207  70.6%     -    0s
     0     0   -6.70906    0  106   -5.44051   -6.70906  23.3%     -    0s
     0     0   -6.68740    0  106   -5.44051   -6.68740  22.9%     -    0s
     0     2   -6.68740    0  106   -5.44051   -6.68740  22.9%     -    0s

Cutting planes:
  Gomory: 4
  MIR: 15
  Zero half: 9
  RLT: 19
  BQP: 51

Explored 41 nodes (2012 simplex iterations) in 0.07 seconds (0.06 work units)
Thread count was 8 (of 96 available processors)

Solution count 5: -5.44051 -4.79362 0.456049 ... 1.52915
No other solutions better than -5.44051

Optimal solution found (tolerance 1.00e-06)
Best objective -5.440512117399e+00, best bound -5.440512117399e+00, gap 0.0000%

User-callback calls 187, time in user-callback 0.00 sec
