
Gurobi 13.0.0 (linux64) logging started Sun May  3 10:54:10 2026

Set parameter LogFile to value "logs/N=16_layers=1_presolve_off/N=16/seed=3/quantum_layers=1/precond_pen=0.800.log"
Set parameter MIPGap to value 1e-06
Set parameter Threads to value 8
Set parameter Presolve to value 0
Gurobi Optimizer version 13.0.0 build v13.0.0rc1 (linux64 - "Oracle Linux Server 9.7")

CPU model: AMD EPYC 7643 48-Core Processor, instruction set [SSE2|AVX|AVX2]
Thread count: 48 physical cores, 96 logical processors, using up to 8 threads

Non-default parameters:
MIPGap  1e-06
Presolve  0
Threads  8

Optimize a model with 1 rows, 16 columns and 16 nonzeros (Min)
Model fingerprint: 0x23222557
Model has 16 linear objective coefficients and an objective constant of 6.7509249747130013e+00
Model has 120 quadratic objective terms
Variable types: 0 continuous, 16 integer (16 binary)
Coefficient statistics:
  Matrix range     [1e+00, 1e+00]
  Objective range  [2e+00, 2e+00]
  QObjective range [9e-02, 8e-01]
  Bounds range     [1e+00, 1e+00]
  RHS range        [8e+00, 8e+00]
Found heuristic solution: objective -0.3445101
Variable types: 0 continuous, 136 integer (136 binary)

Root relaxation: objective -6.750925e+00, 45 iterations, 0.00 seconds (0.00 work units)

    Nodes    |    Current Node    |     Objective Bounds      |     Work
 Expl Unexpl |  Obj  Depth IntInf | Incumbent    BestBd   Gap | It/Node Time

     0     0   -6.75092    0   16   -0.34451   -6.75092  1860%     -    0s
H    0     0                      -0.9706729   -6.75092   595%     -    0s
H    0     0                      -1.3839995   -6.75092   388%     -    0s
H    0     0                      -1.4276178   -5.00496   251%     -    0s
     0     0   -1.63749    0  116   -1.42762   -1.63749  14.7%     -    0s
     0     0   -1.53729    0  124   -1.42762   -1.53729  7.68%     -    0s
     0     0   -1.53729    0  124   -1.42762   -1.53729  7.68%     -    0s
     0     2   -1.53729    0  124   -1.42762   -1.53729  7.68%     -    0s

Cutting planes:
  Gomory: 1
  MIR: 75
  StrongCG: 1
  Zero half: 19
  RLT: 31
  BQP: 207

Explored 7 nodes (1286 simplex iterations) in 0.13 seconds (0.10 work units)
Thread count was 8 (of 96 available processors)

Solution count 4: -1.42762 -1.384 -0.970673 -0.34451 
No other solutions better than -1.42762

Optimal solution found (tolerance 1.00e-06)
Best objective -1.427617770125e+00, best bound -1.427617770125e+00, gap 0.0000%

User-callback calls 126, time in user-callback 0.00 sec
