
Gurobi 13.0.0 (linux64) logging started Sun May  3 10:54:10 2026

Set parameter LogFile to value "logs/N=16_layers=1_presolve_off/N=16/seed=3/quantum_layers=1/precond_pen=0.600.log"
Set parameter MIPGap to value 1e-06
Set parameter Threads to value 8
Set parameter Presolve to value 0
Gurobi Optimizer version 13.0.0 build v13.0.0rc1 (linux64 - "Oracle Linux Server 9.7")

CPU model: AMD EPYC 7643 48-Core Processor, instruction set [SSE2|AVX|AVX2]
Thread count: 48 physical cores, 96 logical processors, using up to 8 threads

Non-default parameters:
MIPGap  1e-06
Presolve  0
Threads  8

Optimize a model with 1 rows, 16 columns and 16 nonzeros (Min)
Model fingerprint: 0x6d58db26
Model has 16 linear objective coefficients and an objective constant of 6.6534977334420020e+00
Model has 120 quadratic objective terms
Variable types: 0 continuous, 16 integer (16 binary)
Coefficient statistics:
  Matrix range     [1e+00, 1e+00]
  Objective range  [1e+00, 2e+00]
  QObjective range [2e-02, 1e+00]
  Bounds range     [1e+00, 1e+00]
  RHS range        [8e+00, 8e+00]
Found heuristic solution: objective -0.2647631
Variable types: 0 continuous, 136 integer (136 binary)

Root relaxation: objective -6.860620e+00, 47 iterations, 0.00 seconds (0.00 work units)

    Nodes    |    Current Node    |     Objective Bounds      |     Work
 Expl Unexpl |  Obj  Depth IntInf | Incumbent    BestBd   Gap | It/Node Time

     0     0   -6.86062    0   16   -0.26476   -6.86062  2491%     -    0s
H    0     0                      -0.7564956   -6.86062   807%     -    0s
H    0     0                      -0.8493597   -6.86062   708%     -    0s
H    0     0                      -1.1752192   -6.86062   484%     -    0s
H    0     0                      -1.8251929   -6.86062   276%     -    0s
H    0     0                      -1.9801384   -5.03741   154%     -    0s
     0     0   -2.18113    0  125   -1.98014   -2.18113  10.2%     -    0s
H    0     0                      -2.0477265   -2.18113  6.51%     -    0s
     0     0   -2.04773    0  124   -2.04773   -2.04773  0.00%     -    0s

Cutting planes:
  Gomory: 2
  MIR: 69
  Zero half: 13
  RLT: 46
  BQP: 223

Explored 1 nodes (755 simplex iterations) in 0.06 seconds (0.05 work units)
Thread count was 8 (of 96 available processors)

Solution count 7: -2.04773 -1.98014 -1.82519 ... -0.264763
No other solutions better than -2.04773

Optimal solution found (tolerance 1.00e-06)
Best objective -2.047726519148e+00, best bound -2.047726519148e+00, gap 0.0000%

User-callback calls 90, time in user-callback 0.00 sec
