
Gurobi 13.0.0 (linux64) logging started Sun May  3 10:53:59 2026

Set parameter LogFile to value "logs/N=16_layers=1_presolve_on/N=16/seed=36/quantum_layers=1/baseline.log"
Set parameter MIPGap to value 1e-06
Set parameter Threads to value 8
Gurobi Optimizer version 13.0.0 build v13.0.0rc1 (linux64 - "Oracle Linux Server 9.7")

CPU model: AMD EPYC 7643 48-Core Processor, instruction set [SSE2|AVX|AVX2]
Thread count: 48 physical cores, 96 logical processors, using up to 8 threads

Non-default parameters:
MIPGap  1e-06
Threads  8

Optimize a model with 1 rows, 16 columns and 16 nonzeros (Min)
Model fingerprint: 0x849a096a
Model has 16 linear objective coefficients
Model has 120 quadratic objective terms
Variable types: 0 continuous, 16 integer (16 binary)
Coefficient statistics:
  Matrix range     [1e+00, 1e+00]
  Objective range  [1e+01, 2e+01]
  QObjective range [5e-04, 8e+00]
  Bounds range     [1e+00, 1e+00]
  RHS range        [8e+00, 8e+00]
Found heuristic solution: objective 60.3179802
Presolve time: 0.00s
Presolved: 121 rows, 136 columns, 376 nonzeros
Variable types: 0 continuous, 136 integer (136 binary)

Root relaxation: objective -2.747802e-14, 11 iterations, 0.00 seconds (0.00 work units)

    Nodes    |    Current Node    |     Objective Bounds      |     Work
 Expl Unexpl |  Obj  Depth IntInf | Incumbent    BestBd   Gap | It/Node Time

     0     0   -0.00000    0   16   60.31798   -0.00000   100%     -    0s
H    0     0                      60.2052159   -0.00000   100%     -    0s
H    0     0                      49.0303680   -0.00000   100%     -    0s
     0     0   24.39931    0   21   49.03037   24.39931  50.2%     -    0s
     0     0   24.69662    0   19   49.03037   24.69662  49.6%     -    0s
     0     0   32.64521    0   68   49.03037   32.64521  33.4%     -    0s
     0     0   32.79247    0   68   49.03037   32.79247  33.1%     -    0s
     0     2   32.93736    0   68   49.03037   32.93736  32.8%     -    0s

Cutting planes:
  Gomory: 3
  Dual implied bound: 29
  MIR: 15
  RLT: 13

Explored 196 nodes (5278 simplex iterations) in 0.07 seconds (0.06 work units)
Thread count was 8 (of 96 available processors)

Solution count 3: 49.0304 60.2052 60.318 

Optimal solution found (tolerance 1.00e-06)
Best objective 4.903036796242e+01, best bound 4.903036796242e+01, gap 0.0000%

User-callback calls 592, time in user-callback 0.00 sec
