
Gurobi 13.0.0 (linux64) logging started Tue Mar 31 15:12:50 2026

Set parameter LogFile to value "logs/N=16_layers=2_presolve_off/N=16/seed=18/n_qaoa_layers=2/baseline.log"
Set parameter MIPGap to value 1e-06
Set parameter Threads to value 8
Set parameter Presolve to value 0
Gurobi Optimizer version 13.0.0 build v13.0.0rc1 (linux64 - "Oracle Linux Server 9.7")

CPU model: AMD EPYC 7643 48-Core Processor, instruction set [SSE2|AVX|AVX2]
Thread count: 48 physical cores, 96 logical processors, using up to 8 threads

Non-default parameters:
MIPGap  1e-06
Presolve  0
Threads  8

Optimize a model with 1 rows, 16 columns and 16 nonzeros (Min)
Model fingerprint: 0xab15f5d9
Model has 16 linear objective coefficients and an objective constant of 3.9910297289225127e-12
Model has 120 quadratic objective terms
Variable types: 0 continuous, 16 integer (16 binary)
Coefficient statistics:
  Matrix range     [1e+00, 1e+00]
  Objective range  [1e+01, 2e+01]
  QObjective range [4e-02, 8e+00]
  Bounds range     [1e+00, 1e+00]
  RHS range        [8e+00, 8e+00]
Found heuristic solution: objective 59.6151421
Variable types: 0 continuous, 136 integer (136 binary)

Root relaxation: objective 3.999912e-12, 5 iterations, 0.00 seconds (0.00 work units)

    Nodes    |    Current Node    |     Objective Bounds      |     Work
 Expl Unexpl |  Obj  Depth IntInf | Incumbent    BestBd   Gap | It/Node Time

     0     0    0.00000    0   16   59.61514    0.00000   100%     -    0s
H    0     0                      54.9959360    0.00000   100%     -    0s
     0     0   23.60630    0   23   54.99594   23.60630  57.1%     -    0s
     0     0   24.18702    0   25   54.99594   24.18702  56.0%     -    0s
     0     0   24.88059    0   26   54.99594   24.88059  54.8%     -    0s
     0     0   30.24971    0   40   54.99594   30.24971  45.0%     -    0s
     0     0   30.58153    0   40   54.99594   30.58153  44.4%     -    0s
     0     2   30.58153    0   40   54.99594   30.58153  44.4%     -    0s
H   34    64                      54.4937658   37.27973  31.6%  40.2    0s
H   63    79                      53.7402395   37.27973  30.6%  35.3    0s
H   68    79                      52.8710430   37.27973  29.5%  33.5    0s

Cutting planes:
  Gomory: 4
  Cover: 3
  MIR: 44
  StrongCG: 13
  Mod-K: 1
  RLT: 12

Explored 635 nodes (13383 simplex iterations) in 0.09 seconds (0.09 work units)
Thread count was 8 (of 96 available processors)

Solution count 5: 52.871 53.7402 54.4938 ... 59.6151

Optimal solution found (tolerance 1.00e-06)
Best objective 5.287104298053e+01, best bound 5.287104298053e+01, gap 0.0000%

User-callback calls 1389, time in user-callback 0.00 sec
