
Gurobi 13.0.0 (linux64) logging started Tue Mar 31 15:12:50 2026

Set parameter LogFile to value "logs/N=16_layers=2_presolve_off/N=16/seed=18/n_qaoa_layers=2/precond_pen=0.500.log"
Set parameter MIPGap to value 1e-06
Set parameter Threads to value 8
Set parameter Presolve to value 0
Gurobi Optimizer version 13.0.0 build v13.0.0rc1 (linux64 - "Oracle Linux Server 9.7")

CPU model: AMD EPYC 7643 48-Core Processor, instruction set [SSE2|AVX|AVX2]
Thread count: 48 physical cores, 96 logical processors, using up to 8 threads

Non-default parameters:
MIPGap  1e-06
Presolve  0
Threads  8

Optimize a model with 1 rows, 16 columns and 16 nonzeros (Min)
Model fingerprint: 0xb77a69b4
Model has 16 linear objective coefficients and an objective constant of 5.8737101250020007e+00
Model has 120 quadratic objective terms
Variable types: 0 continuous, 16 integer (16 binary)
Coefficient statistics:
  Matrix range     [1e+00, 1e+00]
  Objective range  [1e+00, 2e+00]
  QObjective range [5e-02, 3e+00]
  Bounds range     [1e+00, 1e+00]
  RHS range        [8e+00, 8e+00]
Found heuristic solution: objective -3.4625111
Variable types: 0 continuous, 136 integer (136 binary)

Root relaxation: objective -1.833799e+01, 30 iterations, 0.00 seconds (0.00 work units)

    Nodes    |    Current Node    |     Objective Bounds      |     Work
 Expl Unexpl |  Obj  Depth IntInf | Incumbent    BestBd   Gap | It/Node Time

     0     0  -18.33799    0   16   -3.46251  -18.33799   430%     -    0s
H    0     0                      -4.3382170  -18.33799   323%     -    0s
H    0     0                      -4.6355362  -18.33799   296%     -    0s
H    0     0                      -5.3269238  -18.33799   244%     -    0s
H    0     0                      -9.8715802  -18.33799  85.8%     -    0s
     0     0  -10.26293    0   53   -9.87158  -10.26293  3.96%     -    0s
     0     0  -10.16384    0   58   -9.87158  -10.16384  2.96%     -    0s
     0     0 infeasible    0        -9.87158   -9.87158  0.00%     -    0s

Cutting planes:
  Gomory: 1
  MIR: 44
  Zero half: 35
  RLT: 32
  BQP: 147

Explored 1 nodes (236 simplex iterations) in 0.01 seconds (0.01 work units)
Thread count was 8 (of 96 available processors)

Solution count 5: -9.87158 -5.32692 -4.63554 ... -3.46251
No other solutions better than -9.87158

Optimal solution found (tolerance 1.00e-06)
Best objective -9.871580232168e+00, best bound -9.871580232168e+00, gap 0.0000%

User-callback calls 73, time in user-callback 0.00 sec
