
Gurobi 13.0.0 (linux64) logging started Tue Mar 31 15:06:56 2026

Set parameter LogFile to value "logs/N=12_layers=3_presolve_off/N=12/seed=12/n_qaoa_layers=3/precond_pen=0.200.log"
Set parameter MIPGap to value 1e-06
Set parameter Threads to value 8
Set parameter Presolve to value 0
Gurobi Optimizer version 13.0.0 build v13.0.0rc1 (linux64 - "Oracle Linux Server 9.7")

CPU model: AMD EPYC 7643 48-Core Processor, instruction set [SSE2|AVX|AVX2]
Thread count: 48 physical cores, 96 logical processors, using up to 8 threads

Non-default parameters:
MIPGap  1e-06
Presolve  0
Threads  8

Optimize a model with 1 rows, 12 columns and 12 nonzeros (Min)
Model fingerprint: 0x29891dc7
Model has 12 linear objective coefficients and an objective constant of -2.1648970606926003e+01
Model has 66 quadratic objective terms
Variable types: 0 continuous, 12 integer (12 binary)
Coefficient statistics:
  Matrix range     [1e+00, 1e+00]
  Objective range  [8e-01, 1e+01]
  QObjective range [2e-01, 6e+00]
  Bounds range     [1e+00, 1e+00]
  RHS range        [6e+00, 6e+00]
Found heuristic solution: objective 3.4900103
Variable types: 0 continuous, 78 integer (78 binary)

Root relaxation: objective -2.344293e+01, 8 iterations, 0.00 seconds (0.00 work units)

    Nodes    |    Current Node    |     Objective Bounds      |     Work
 Expl Unexpl |  Obj  Depth IntInf | Incumbent    BestBd   Gap | It/Node Time

     0     0  -23.44293    0   12    3.49001  -23.44293   772%     -    0s
H    0     0                       3.3108988  -23.44293   808%     -    0s
H    0     0                       2.4225006  -23.44293  1068%     -    0s
H    0     0                      -9.0207227  -23.44293   160%     -    0s
     0     0  -13.22353    0   27   -9.02072  -13.22353  46.6%     -    0s

Cutting planes:
  Gomory: 3
  Cover: 2
  MIR: 17
  Zero half: 8
  RLT: 10
  BQP: 11

Explored 1 nodes (66 simplex iterations) in 0.01 seconds (0.00 work units)
Thread count was 8 (of 96 available processors)

Solution count 4: -9.02072 2.4225 3.3109 3.49001 
No other solutions better than -9.02072

Optimal solution found (tolerance 1.00e-06)
Best objective -9.020722747132e+00, best bound -9.020722747132e+00, gap 0.0000%

User-callback calls 72, time in user-callback 0.00 sec

Gurobi 13.0.0 (linux64) logging started Tue Mar 31 15:10:54 2026

Set parameter LogFile to value "logs/N=12_layers=3_presolve_off/N=12/seed=12/n_qaoa_layers=3/precond_pen=0.200.log"
Set parameter MIPGap to value 1e-06
Set parameter Threads to value 8
Set parameter Presolve to value 0
Gurobi Optimizer version 13.0.0 build v13.0.0rc1 (linux64 - "Oracle Linux Server 9.7")

CPU model: AMD EPYC 7643 48-Core Processor, instruction set [SSE2|AVX|AVX2]
Thread count: 48 physical cores, 96 logical processors, using up to 8 threads

Non-default parameters:
MIPGap  1e-06
Presolve  0
Threads  8

Optimize a model with 1 rows, 12 columns and 12 nonzeros (Min)
Model fingerprint: 0x29891dc7
Model has 12 linear objective coefficients and an objective constant of -2.1648970606926003e+01
Model has 66 quadratic objective terms
Variable types: 0 continuous, 12 integer (12 binary)
Coefficient statistics:
  Matrix range     [1e+00, 1e+00]
  Objective range  [8e-01, 1e+01]
  QObjective range [2e-01, 6e+00]
  Bounds range     [1e+00, 1e+00]
  RHS range        [6e+00, 6e+00]
Found heuristic solution: objective 3.4900103
Variable types: 0 continuous, 78 integer (78 binary)

Root relaxation: objective -2.344293e+01, 8 iterations, 0.00 seconds (0.00 work units)

    Nodes    |    Current Node    |     Objective Bounds      |     Work
 Expl Unexpl |  Obj  Depth IntInf | Incumbent    BestBd   Gap | It/Node Time

     0     0  -23.44293    0   12    3.49001  -23.44293   772%     -    0s
H    0     0                       3.3108988  -23.44293   808%     -    0s
H    0     0                       2.4225006  -23.44293  1068%     -    0s
H    0     0                      -9.0207227  -23.44293   160%     -    0s
     0     0  -13.22353    0   27   -9.02072  -13.22353  46.6%     -    0s

Cutting planes:
  Gomory: 3
  Cover: 2
  MIR: 17
  Zero half: 8
  RLT: 10
  BQP: 11

Explored 1 nodes (66 simplex iterations) in 0.01 seconds (0.00 work units)
Thread count was 8 (of 96 available processors)

Solution count 4: -9.02072 2.4225 3.3109 3.49001 
No other solutions better than -9.02072

Optimal solution found (tolerance 1.00e-06)
Best objective -9.020722747132e+00, best bound -9.020722747132e+00, gap 0.0000%

User-callback calls 72, time in user-callback 0.00 sec
