
Gurobi 13.0.0 (linux64) logging started Sun Mar 22 16:50:41 2026

Set parameter LogFile to value "logs/N=12_presolve_on/N=12/seed=42/n_qaoa_layers=1/precond_pen=0.200.log"
Set parameter MIPGap to value 1e-06
Set parameter Threads to value 8
Gurobi Optimizer version 13.0.0 build v13.0.0rc1 (linux64 - "Oracle Linux Server 9.7")

CPU model: AMD EPYC 7643 48-Core Processor, instruction set [SSE2|AVX|AVX2]
Thread count: 48 physical cores, 96 logical processors, using up to 8 threads

Non-default parameters:
MIPGap  1e-06
Threads  8

Optimize a model with 1 rows, 12 columns and 12 nonzeros (Min)
Model fingerprint: 0xd71cdc56
Model has 12 linear objective coefficients and an objective constant of -7.3406626223029985e+00
Model has 66 quadratic objective terms
Variable types: 0 continuous, 12 integer (12 binary)
Coefficient statistics:
  Matrix range     [1e+00, 1e+00]
  Objective range  [4e-01, 5e+00]
  QObjective range [2e-02, 3e+00]
  Bounds range     [1e+00, 1e+00]
  RHS range        [6e+00, 6e+00]
Found heuristic solution: objective -1.9422032
Presolve time: 0.00s
Presolved: 67 rows, 78 columns, 210 nonzeros
Variable types: 0 continuous, 78 integer (78 binary)

Root relaxation: objective -1.154725e+01, 11 iterations, 0.00 seconds (0.00 work units)

    Nodes    |    Current Node    |     Objective Bounds      |     Work
 Expl Unexpl |  Obj  Depth IntInf | Incumbent    BestBd   Gap | It/Node Time

     0     0  -11.54725    0   12   -1.94220  -11.54725   495%     -    0s
H    0     0                      -2.4347444  -11.54725   374%     -    0s
H    0     0                      -3.2994580  -11.54725   250%     -    0s
     0     0   -5.77216    0   40   -3.29946   -5.77216  74.9%     -    0s

Cutting planes:
  Gomory: 6
  Cover: 1
  Dual implied bound: 7
  MIR: 20
  StrongCG: 2
  Zero half: 6
  RLT: 14
  BQP: 22

Explored 1 nodes (96 simplex iterations) in 0.01 seconds (0.01 work units)
Thread count was 8 (of 96 available processors)

Solution count 3: -3.29946 -2.43474 -1.9422 
No other solutions better than -3.29946

Optimal solution found (tolerance 1.00e-06)
Best objective -3.299458012411e+00, best bound -3.299458012411e+00, gap 0.0000%

User-callback calls 168, time in user-callback 0.00 sec
