
Gurobi 13.0.0 (linux64) logging started Sun Mar 22 16:50:41 2026

Set parameter LogFile to value "logs/N=12_presolve_on/N=12/seed=42/n_qaoa_layers=1/precond_pen=0.300.log"
Set parameter MIPGap to value 1e-06
Set parameter Threads to value 8
Gurobi Optimizer version 13.0.0 build v13.0.0rc1 (linux64 - "Oracle Linux Server 9.7")

CPU model: AMD EPYC 7643 48-Core Processor, instruction set [SSE2|AVX|AVX2]
Thread count: 48 physical cores, 96 logical processors, using up to 8 threads

Non-default parameters:
MIPGap  1e-06
Threads  8

Optimize a model with 1 rows, 12 columns and 12 nonzeros (Min)
Model fingerprint: 0x197c2438
Model has 12 linear objective coefficients and an objective constant of 2.3048744227510007e+00
Model has 66 quadratic objective terms
Variable types: 0 continuous, 12 integer (12 binary)
Coefficient statistics:
  Matrix range     [1e+00, 1e+00]
  Objective range  [7e-02, 3e+00]
  QObjective range [8e-03, 4e+00]
  Bounds range     [1e+00, 1e+00]
  RHS range        [6e+00, 6e+00]
Found heuristic solution: objective -3.4096689
Presolve time: 0.00s
Presolved: 67 rows, 78 columns, 210 nonzeros
Variable types: 0 continuous, 78 integer (78 binary)

Root relaxation: objective -1.000058e+01, 11 iterations, 0.00 seconds (0.00 work units)

    Nodes    |    Current Node    |     Objective Bounds      |     Work
 Expl Unexpl |  Obj  Depth IntInf | Incumbent    BestBd   Gap | It/Node Time

     0     0  -10.00058    0   12   -3.40967  -10.00058   193%     -    0s
H    0     0                      -4.8167062  -10.00058   108%     -    0s
     0     0   -4.81671    0   46   -4.81671   -4.81671  0.00%     -    0s

Cutting planes:
  MIR: 18
  Zero half: 16
  RLT: 23
  BQP: 65

Explored 1 nodes (95 simplex iterations) in 0.01 seconds (0.00 work units)
Thread count was 8 (of 96 available processors)

Solution count 2: -4.81671 -3.40967 
No other solutions better than -4.81671

Optimal solution found (tolerance 1.00e-06)
Best objective -4.816706168757e+00, best bound -4.816706168757e+00, gap 0.0000%

User-callback calls 159, time in user-callback 0.00 sec
