
Gurobi 13.0.0 (linux64) logging started Sun May  3 10:58:28 2026

Set parameter LogFile to value "logs/N=16_layers=2_presolve_on/N=16/seed=13/quantum_layers=2/baseline.log"
Set parameter MIPGap to value 1e-06
Set parameter Threads to value 8
Gurobi Optimizer version 13.0.0 build v13.0.0rc1 (linux64 - "Oracle Linux Server 9.7")

CPU model: AMD EPYC 7643 48-Core Processor, instruction set [SSE2|AVX|AVX2]
Thread count: 48 physical cores, 96 logical processors, using up to 8 threads

Non-default parameters:
MIPGap  1e-06
Threads  8

Optimize a model with 1 rows, 16 columns and 16 nonzeros (Min)
Model fingerprint: 0x64d9dd72
Model has 16 linear objective coefficients and an objective constant of 3.0033753262159735e-12
Model has 120 quadratic objective terms
Variable types: 0 continuous, 16 integer (16 binary)
Coefficient statistics:
  Matrix range     [1e+00, 1e+00]
  Objective range  [1e+01, 2e+01]
  QObjective range [1e-02, 8e+00]
  Bounds range     [1e+00, 1e+00]
  RHS range        [8e+00, 8e+00]
Found heuristic solution: objective 72.0670393
Presolve time: 0.00s
Presolved: 121 rows, 136 columns, 376 nonzeros
Variable types: 0 continuous, 136 integer (136 binary)

Root relaxation: objective 2.990941e-12, 8 iterations, 0.00 seconds (0.00 work units)

    Nodes    |    Current Node    |     Objective Bounds      |     Work
 Expl Unexpl |  Obj  Depth IntInf | Incumbent    BestBd   Gap | It/Node Time

     0     0    0.00000    0   16   72.06704    0.00000   100%     -    0s
H    0     0                      69.8382514    0.00000   100%     -    0s
H    0     0                      65.3184100    0.00000   100%     -    0s
H    0     0                      57.0999207    0.00000   100%     -    0s
     0     0   27.79519    0   27   57.09992   27.79519  51.3%     -    0s
     0     0   28.16359    0   31   57.09992   28.16359  50.7%     -    0s
     0     0   41.56033    0   65   57.09992   41.56033  27.2%     -    0s
     0     0   41.99458    0   65   57.09992   41.99458  26.5%     -    0s
     0     2   42.06028    0   65   57.09992   42.06028  26.3%     -    0s

Cutting planes:
  Gomory: 3
  Dual implied bound: 25
  MIR: 7
  StrongCG: 1
  RLT: 14

Explored 86 nodes (2885 simplex iterations) in 0.06 seconds (0.06 work units)
Thread count was 8 (of 96 available processors)

Solution count 4: 57.0999 65.3184 69.8383 72.067 

Optimal solution found (tolerance 1.00e-06)
Best objective 5.709992072540e+01, best bound 5.709992072540e+01, gap 0.0000%

User-callback calls 373, time in user-callback 0.00 sec
