
Gurobi 13.0.0 (linux64) logging started Sun May  3 10:58:29 2026

Set parameter LogFile to value "logs/N=16_layers=2_presolve_on/N=16/seed=13/quantum_layers=2/precond_pen=0.800.log"
Set parameter MIPGap to value 1e-06
Set parameter Threads to value 8
Gurobi Optimizer version 13.0.0 build v13.0.0rc1 (linux64 - "Oracle Linux Server 9.7")

CPU model: AMD EPYC 7643 48-Core Processor, instruction set [SSE2|AVX|AVX2]
Thread count: 48 physical cores, 96 logical processors, using up to 8 threads

Non-default parameters:
MIPGap  1e-06
Threads  8

Optimize a model with 1 rows, 16 columns and 16 nonzeros (Min)
Model fingerprint: 0x3263544b
Model has 16 linear objective coefficients and an objective constant of 6.4562993116020015e+00
Model has 120 quadratic objective terms
Variable types: 0 continuous, 16 integer (16 binary)
Coefficient statistics:
  Matrix range     [1e+00, 1e+00]
  Objective range  [1e+00, 2e+00]
  QObjective range [2e-03, 2e+00]
  Bounds range     [1e+00, 1e+00]
  RHS range        [8e+00, 8e+00]
Found heuristic solution: objective 0.2813963
Presolve time: 0.00s
Presolved: 121 rows, 136 columns, 376 nonzeros
Variable types: 0 continuous, 136 integer (136 binary)

Root relaxation: objective -1.121442e+01, 35 iterations, 0.00 seconds (0.00 work units)

    Nodes    |    Current Node    |     Objective Bounds      |     Work
 Expl Unexpl |  Obj  Depth IntInf | Incumbent    BestBd   Gap | It/Node Time

     0     0  -11.21442    0   16    0.28140  -11.21442  4085%     -    0s
H    0     0                      -0.2351068  -11.21442  4670%     -    0s
H    0     0                      -2.5656510  -11.21442   337%     -    0s
H    0     0                      -3.0030729  -11.21442   273%     -    0s
H    0     0                      -6.3527994  -11.21442  76.5%     -    0s
     0     0     cutoff    0        -6.35280   -6.35280  0.00%     -    0s

Cutting planes:
  Gomory: 1
  MIR: 41
  Zero half: 31
  RLT: 36
  BQP: 151

Explored 1 nodes (223 simplex iterations) in 0.01 seconds (0.01 work units)
Thread count was 8 (of 96 available processors)

Solution count 5: -6.3528 -3.00307 -2.56565 ... 0.281396
No other solutions better than -6.3528

Optimal solution found (tolerance 1.00e-06)
Best objective -6.352799408090e+00, best bound -6.352799408090e+00, gap 0.0000%

User-callback calls 167, time in user-callback 0.00 sec
