
Gurobi 13.0.0 (linux64) logging started Tue Mar 31 15:06:56 2026

Set parameter LogFile to value "logs/N=12_layers=3_presolve_off/N=12/seed=19/n_qaoa_layers=3/baseline.log"
Set parameter MIPGap to value 1e-06
Set parameter Threads to value 8
Set parameter Presolve to value 0
Gurobi Optimizer version 13.0.0 build v13.0.0rc1 (linux64 - "Oracle Linux Server 9.7")

CPU model: AMD EPYC 7643 48-Core Processor, instruction set [SSE2|AVX|AVX2]
Thread count: 48 physical cores, 96 logical processors, using up to 8 threads

Non-default parameters:
MIPGap  1e-06
Presolve  0
Threads  8

Optimize a model with 1 rows, 12 columns and 12 nonzeros (Min)
Model fingerprint: 0x58043878
Model has 12 linear objective coefficients and an objective constant of 2.9978242110928477e-12
Model has 66 quadratic objective terms
Variable types: 0 continuous, 12 integer (12 binary)
Coefficient statistics:
  Matrix range     [1e+00, 1e+00]
  Objective range  [8e+00, 1e+01]
  QObjective range [1e-01, 8e+00]
  Bounds range     [1e+00, 1e+00]
  RHS range        [6e+00, 6e+00]
Found heuristic solution: objective 38.3431501
Variable types: 0 continuous, 78 integer (78 binary)

Root relaxation: objective 2.999601e-12, 7 iterations, 0.00 seconds (0.00 work units)

    Nodes    |    Current Node    |     Objective Bounds      |     Work
 Expl Unexpl |  Obj  Depth IntInf | Incumbent    BestBd   Gap | It/Node Time

     0     0    0.00000    0   12   38.34315    0.00000   100%     -    0s
H    0     0                      37.3106453    0.00000   100%     -    0s
H    0     0                      36.9111655    0.00000   100%     -    0s
H    0     0                      29.7660824    0.00000   100%     -    0s
H    0     0                      28.4852578   17.34379  39.1%     -    0s
     0     0   18.15730    0   15   28.48526   18.15730  36.3%     -    0s
     0     0   18.22345    0   17   28.48526   18.22345  36.0%     -    0s
     0     0   23.12489    0   32   28.48526   23.12489  18.8%     -    0s
     0     0   23.34046    0   30   28.48526   23.34046  18.1%     -    0s
     0     0   23.55602    0   36   28.48526   23.55602  17.3%     -    0s
     0     0   25.71045    0   59   28.48526   25.71045  9.74%     -    0s
     0     0   25.73927    0   59   28.48526   25.73927  9.64%     -    0s
     0     2   25.73927    0   59   28.48526   25.73927  9.64%     -    0s

Cutting planes:
  Gomory: 2
  Cover: 1
  MIR: 17
  RLT: 7

Explored 75 nodes (1639 simplex iterations) in 0.03 seconds (0.02 work units)
Thread count was 8 (of 96 available processors)

Solution count 5: 28.4853 29.7661 36.9112 ... 38.3432

Optimal solution found (tolerance 1.00e-06)
Best objective 2.848525782866e+01, best bound 2.848525782866e+01, gap 0.0000%

User-callback calls 256, time in user-callback 0.00 sec

Gurobi 13.0.0 (linux64) logging started Tue Mar 31 15:10:55 2026

Set parameter LogFile to value "logs/N=12_layers=3_presolve_off/N=12/seed=19/n_qaoa_layers=3/baseline.log"
Set parameter MIPGap to value 1e-06
Set parameter Threads to value 8
Set parameter Presolve to value 0
Gurobi Optimizer version 13.0.0 build v13.0.0rc1 (linux64 - "Oracle Linux Server 9.7")

CPU model: AMD EPYC 7643 48-Core Processor, instruction set [SSE2|AVX|AVX2]
Thread count: 48 physical cores, 96 logical processors, using up to 8 threads

Non-default parameters:
MIPGap  1e-06
Presolve  0
Threads  8

Optimize a model with 1 rows, 12 columns and 12 nonzeros (Min)
Model fingerprint: 0x58043878
Model has 12 linear objective coefficients and an objective constant of 2.9978242110928477e-12
Model has 66 quadratic objective terms
Variable types: 0 continuous, 12 integer (12 binary)
Coefficient statistics:
  Matrix range     [1e+00, 1e+00]
  Objective range  [8e+00, 1e+01]
  QObjective range [1e-01, 8e+00]
  Bounds range     [1e+00, 1e+00]
  RHS range        [6e+00, 6e+00]
Found heuristic solution: objective 38.3431501
Variable types: 0 continuous, 78 integer (78 binary)

Root relaxation: objective 2.999601e-12, 7 iterations, 0.00 seconds (0.00 work units)

    Nodes    |    Current Node    |     Objective Bounds      |     Work
 Expl Unexpl |  Obj  Depth IntInf | Incumbent    BestBd   Gap | It/Node Time

     0     0    0.00000    0   12   38.34315    0.00000   100%     -    0s
H    0     0                      37.3106453    0.00000   100%     -    0s
H    0     0                      36.9111655    0.00000   100%     -    0s
H    0     0                      29.7660824    0.00000   100%     -    0s
H    0     0                      28.4852578   17.34379  39.1%     -    0s
     0     0   18.15730    0   15   28.48526   18.15730  36.3%     -    0s
     0     0   18.22345    0   17   28.48526   18.22345  36.0%     -    0s
     0     0   23.12489    0   32   28.48526   23.12489  18.8%     -    0s
     0     0   23.34046    0   30   28.48526   23.34046  18.1%     -    0s
     0     0   23.55602    0   36   28.48526   23.55602  17.3%     -    0s
     0     0   25.71045    0   59   28.48526   25.71045  9.74%     -    0s
     0     0   25.73927    0   59   28.48526   25.73927  9.64%     -    0s
     0     2   25.73927    0   59   28.48526   25.73927  9.64%     -    0s

Cutting planes:
  Gomory: 2
  Cover: 1
  MIR: 17
  RLT: 7

Explored 75 nodes (1639 simplex iterations) in 0.04 seconds (0.02 work units)
Thread count was 8 (of 96 available processors)

Solution count 5: 28.4853 29.7661 36.9112 ... 38.3432

Optimal solution found (tolerance 1.00e-06)
Best objective 2.848525782866e+01, best bound 2.848525782866e+01, gap 0.0000%

User-callback calls 258, time in user-callback 0.00 sec
