
Gurobi 13.0.0 (linux64) logging started Tue Mar 31 15:06:56 2026

Set parameter LogFile to value "logs/N=12_layers=3_presolve_off/N=12/seed=19/n_qaoa_layers=3/precond_pen=0.500.log"
Set parameter MIPGap to value 1e-06
Set parameter Threads to value 8
Set parameter Presolve to value 0
Gurobi Optimizer version 13.0.0 build v13.0.0rc1 (linux64 - "Oracle Linux Server 9.7")

CPU model: AMD EPYC 7643 48-Core Processor, instruction set [SSE2|AVX|AVX2]
Thread count: 48 physical cores, 96 logical processors, using up to 8 threads

Non-default parameters:
MIPGap  1e-06
Presolve  0
Threads  8

Optimize a model with 1 rows, 12 columns and 12 nonzeros (Min)
Model fingerprint: 0xfb6316f8
Model has 12 linear objective coefficients and an objective constant of 4.6967664384279990e+00
Model has 66 quadratic objective terms
Variable types: 0 continuous, 12 integer (12 binary)
Coefficient statistics:
  Matrix range     [1e+00, 1e+00]
  Objective range  [1e+00, 2e+00]
  QObjective range [8e-03, 5e+00]
  Bounds range     [1e+00, 1e+00]
  RHS range        [6e+00, 6e+00]
Found heuristic solution: objective 2.4114828
Variable types: 0 continuous, 78 integer (78 binary)

Root relaxation: objective -1.485919e+01, 10 iterations, 0.00 seconds (0.00 work units)

    Nodes    |    Current Node    |     Objective Bounds      |     Work
 Expl Unexpl |  Obj  Depth IntInf | Incumbent    BestBd   Gap | It/Node Time

     0     0  -14.85919    0   12    2.41148  -14.85919   716%     -    0s
H    0     0                      -6.8406866  -14.85919   117%     -    0s
H    0     0                      -9.4563061  -14.85919  57.1%     -    0s
     0     0   -9.45631    0   30   -9.45631   -9.45631  0.00%     -    0s

Cutting planes:
  Gomory: 1
  MIR: 20
  Zero half: 9
  RLT: 17
  BQP: 44

Explored 1 nodes (74 simplex iterations) in 0.01 seconds (0.00 work units)
Thread count was 8 (of 96 available processors)

Solution count 3: -9.45631 -6.84069 2.41148 
No other solutions better than -9.45631

Optimal solution found (tolerance 1.00e-06)
Best objective -9.456306132500e+00, best bound -9.456306132500e+00, gap 0.0000%

User-callback calls 66, time in user-callback 0.00 sec

Gurobi 13.0.0 (linux64) logging started Tue Mar 31 15:10:55 2026

Set parameter LogFile to value "logs/N=12_layers=3_presolve_off/N=12/seed=19/n_qaoa_layers=3/precond_pen=0.500.log"
Set parameter MIPGap to value 1e-06
Set parameter Threads to value 8
Set parameter Presolve to value 0
Gurobi Optimizer version 13.0.0 build v13.0.0rc1 (linux64 - "Oracle Linux Server 9.7")

CPU model: AMD EPYC 7643 48-Core Processor, instruction set [SSE2|AVX|AVX2]
Thread count: 48 physical cores, 96 logical processors, using up to 8 threads

Non-default parameters:
MIPGap  1e-06
Presolve  0
Threads  8

Optimize a model with 1 rows, 12 columns and 12 nonzeros (Min)
Model fingerprint: 0xfb6316f8
Model has 12 linear objective coefficients and an objective constant of 4.6967664384279990e+00
Model has 66 quadratic objective terms
Variable types: 0 continuous, 12 integer (12 binary)
Coefficient statistics:
  Matrix range     [1e+00, 1e+00]
  Objective range  [1e+00, 2e+00]
  QObjective range [8e-03, 5e+00]
  Bounds range     [1e+00, 1e+00]
  RHS range        [6e+00, 6e+00]
Found heuristic solution: objective 2.4114828
Variable types: 0 continuous, 78 integer (78 binary)

Root relaxation: objective -1.485919e+01, 10 iterations, 0.00 seconds (0.00 work units)

    Nodes    |    Current Node    |     Objective Bounds      |     Work
 Expl Unexpl |  Obj  Depth IntInf | Incumbent    BestBd   Gap | It/Node Time

     0     0  -14.85919    0   12    2.41148  -14.85919   716%     -    0s
H    0     0                      -6.8406866  -14.85919   117%     -    0s
H    0     0                      -9.4563061  -14.85919  57.1%     -    0s
     0     0   -9.45631    0   30   -9.45631   -9.45631  0.00%     -    0s

Cutting planes:
  Gomory: 1
  MIR: 20
  Zero half: 9
  RLT: 17
  BQP: 44

Explored 1 nodes (74 simplex iterations) in 0.01 seconds (0.00 work units)
Thread count was 8 (of 96 available processors)

Solution count 3: -9.45631 -6.84069 2.41148 
No other solutions better than -9.45631

Optimal solution found (tolerance 1.00e-06)
Best objective -9.456306132500e+00, best bound -9.456306132500e+00, gap 0.0000%

User-callback calls 66, time in user-callback 0.00 sec
