
Gurobi 13.0.0 (linux64) logging started Tue Mar 31 15:12:55 2026

Set parameter LogFile to value "logs/N=16_layers=2_presolve_off/N=16/seed=33/n_qaoa_layers=2/precond_pen=1.000.log"
Set parameter MIPGap to value 1e-06
Set parameter Threads to value 8
Set parameter Presolve to value 0
Gurobi Optimizer version 13.0.0 build v13.0.0rc1 (linux64 - "Oracle Linux Server 9.7")

CPU model: AMD EPYC 7643 48-Core Processor, instruction set [SSE2|AVX|AVX2]
Thread count: 48 physical cores, 96 logical processors, using up to 8 threads

Non-default parameters:
MIPGap  1e-06
Presolve  0
Threads  8

Optimize a model with 1 rows, 16 columns and 16 nonzeros (Min)
Model fingerprint: 0x6c6d8020
Model has 16 linear objective coefficients and an objective constant of 7.3075354180670020e+00
Model has 120 quadratic objective terms
Variable types: 0 continuous, 16 integer (16 binary)
Coefficient statistics:
  Matrix range     [1e+00, 1e+00]
  Objective range  [2e+00, 2e+00]
  QObjective range [1e-02, 1e+00]
  Bounds range     [1e+00, 1e+00]
  RHS range        [8e+00, 8e+00]
Found heuristic solution: objective -0.5453887
Variable types: 0 continuous, 136 integer (136 binary)

Root relaxation: objective -7.378533e+00, 55 iterations, 0.00 seconds (0.00 work units)

    Nodes    |    Current Node    |     Objective Bounds      |     Work
 Expl Unexpl |  Obj  Depth IntInf | Incumbent    BestBd   Gap | It/Node Time

     0     0   -7.37853    0   16   -0.54539   -7.37853  1253%     -    0s
H    0     0                      -1.3704944   -7.37853   438%     -    0s
H    0     0                      -2.0795813   -7.37853   255%     -    0s
H    0     0                      -2.0937802   -5.30287   153%     -    0s
     0     0     cutoff    0        -2.09378   -2.09378  0.00%     -    0s

Cutting planes:
  Gomory: 1
  MIR: 92
  Zero half: 42
  RLT: 42
  BQP: 348

Explored 1 nodes (622 simplex iterations) in 0.03 seconds (0.03 work units)
Thread count was 8 (of 96 available processors)

Solution count 4: -2.09378 -2.07958 -1.37049 -0.545389 
No other solutions better than -2.09378

Optimal solution found (tolerance 1.00e-06)
Best objective -2.093780162935e+00, best bound -2.093780162935e+00, gap 0.0000%

User-callback calls 70, time in user-callback 0.00 sec
