
Gurobi 13.0.0 (linux64) logging started Tue Mar 31 15:12:54 2026

Set parameter LogFile to value "logs/N=16_layers=2_presolve_off/N=16/seed=33/n_qaoa_layers=2/precond_pen=0.200.log"
Set parameter MIPGap to value 1e-06
Set parameter Threads to value 8
Set parameter Presolve to value 0
Gurobi Optimizer version 13.0.0 build v13.0.0rc1 (linux64 - "Oracle Linux Server 9.7")

CPU model: AMD EPYC 7643 48-Core Processor, instruction set [SSE2|AVX|AVX2]
Thread count: 48 physical cores, 96 logical processors, using up to 8 threads

Non-default parameters:
MIPGap  1e-06
Presolve  0
Threads  8

Optimize a model with 1 rows, 16 columns and 16 nonzeros (Min)
Model fingerprint: 0x0ae518d0
Model has 16 linear objective coefficients and an objective constant of -1.4940636980718999e+01
Model has 120 quadratic objective terms
Variable types: 0 continuous, 16 integer (16 binary)
Coefficient statistics:
  Matrix range     [1e+00, 1e+00]
  Objective range  [7e-01, 8e+00]
  QObjective range [5e-02, 6e+00]
  Bounds range     [1e+00, 1e+00]
  RHS range        [8e+00, 8e+00]
Found heuristic solution: objective -1.9400046
Variable types: 0 continuous, 136 integer (136 binary)

Root relaxation: objective -2.865226e+01, 30 iterations, 0.00 seconds (0.00 work units)

    Nodes    |    Current Node    |     Objective Bounds      |     Work
 Expl Unexpl |  Obj  Depth IntInf | Incumbent    BestBd   Gap | It/Node Time

     0     0  -28.65226    0   16   -1.94000  -28.65226  1377%     -    0s
H    0     0                     -11.8862379  -28.65226   141%     -    0s
H    0     0                     -12.2414691  -28.65226   134%     -    0s
     0     0  -16.82853    0   50  -12.24147  -16.82853  37.5%     -    0s
     0     0  -16.31064    0   61  -12.24147  -16.31064  33.2%     -    0s
     0     0  -12.24147    0   72  -12.24147  -12.24147  0.00%     -    0s

Cutting planes:
  Gomory: 6
  MIR: 44
  Zero half: 27
  RLT: 21
  BQP: 50

Explored 1 nodes (302 simplex iterations) in 0.03 seconds (0.02 work units)
Thread count was 8 (of 96 available processors)

Solution count 3: -12.2415 -11.8862 -1.94 
No other solutions better than -12.2415

Optimal solution found (tolerance 1.00e-06)
Best objective -1.224146906831e+01, best bound -1.224146906831e+01, gap 0.0000%

User-callback calls 81, time in user-callback 0.00 sec
