
Gurobi 13.0.0 (linux64) logging started Sun May  3 10:54:21 2026

Set parameter LogFile to value "logs/N=16_layers=1_presolve_off/N=16/seed=22/quantum_layers=1/precond_pen=0.600.log"
Set parameter MIPGap to value 1e-06
Set parameter Threads to value 8
Set parameter Presolve to value 0
Gurobi Optimizer version 13.0.0 build v13.0.0rc1 (linux64 - "Oracle Linux Server 9.7")

CPU model: AMD EPYC 7643 48-Core Processor, instruction set [SSE2|AVX|AVX2]
Thread count: 48 physical cores, 96 logical processors, using up to 8 threads

Non-default parameters:
MIPGap  1e-06
Presolve  0
Threads  8

Optimize a model with 1 rows, 16 columns and 16 nonzeros (Min)
Model fingerprint: 0xc43f0ab9
Model has 16 linear objective coefficients and an objective constant of 6.601183963868
Model has 120 quadratic objective terms
Variable types: 0 continuous, 16 integer (16 binary)
Coefficient statistics:
  Matrix range     [1e+00, 1e+00]
  Objective range  [1e+00, 2e+00]
  QObjective range [1e-03, 1e+00]
  Bounds range     [1e+00, 1e+00]
  RHS range        [8e+00, 8e+00]
Found heuristic solution: objective -0.7394791
Variable types: 0 continuous, 136 integer (136 binary)

Root relaxation: objective -6.832491e+00, 38 iterations, 0.00 seconds (0.00 work units)

    Nodes    |    Current Node    |     Objective Bounds      |     Work
 Expl Unexpl |  Obj  Depth IntInf | Incumbent    BestBd   Gap | It/Node Time

     0     0   -6.83249    0   16   -0.73948   -6.83249   824%     -    0s
H    0     0                      -0.8308126   -6.83249   722%     -    0s
H    0     0                      -1.8991526   -6.83249   260%     -    0s
H    0     0                      -2.3441884   -6.83249   191%     -    0s
     0     0   -2.34836    0   70   -2.34419   -2.34836  0.18%     -    0s
     0     0   -2.34836    0   69   -2.34419   -2.34836  0.18%     -    0s
     0     0     cutoff    0        -2.34419   -2.34419  0.00%     -    0s

Cutting planes:
  Gomory: 1
  MIR: 56
  Zero half: 31
  RLT: 25
  BQP: 225

Explored 1 nodes (345 simplex iterations) in 0.03 seconds (0.02 work units)
Thread count was 8 (of 96 available processors)

Solution count 4: -2.34419 -1.89915 -0.830813 -0.739479 
No other solutions better than -2.34419

Optimal solution found (tolerance 1.00e-06)
Best objective -2.344188361760e+00, best bound -2.344188361760e+00, gap 0.0000%

User-callback calls 76, time in user-callback 0.00 sec
