
Gurobi 13.0.0 (linux64) logging started Sun Mar 22 16:50:36 2026

Set parameter LogFile to value "logs/N=12_presolve_on/N=12/seed=10/n_qaoa_layers=1/baseline.log"
Set parameter MIPGap to value 1e-06
Set parameter Threads to value 8
Gurobi Optimizer version 13.0.0 build v13.0.0rc1 (linux64 - "Oracle Linux Server 9.7")

CPU model: AMD EPYC 7643 48-Core Processor, instruction set [SSE2|AVX|AVX2]
Thread count: 48 physical cores, 96 logical processors, using up to 8 threads

Non-default parameters:
MIPGap  1e-06
Threads  8

Optimize a model with 1 rows, 12 columns and 12 nonzeros (Min)
Model fingerprint: 0x8c7e361c
Model has 12 linear objective coefficients and an objective constant of 1.0015321905143537e-12
Model has 66 quadratic objective terms
Variable types: 0 continuous, 12 integer (12 binary)
Coefficient statistics:
  Matrix range     [1e+00, 1e+00]
  Objective range  [1e+01, 2e+01]
  QObjective range [5e-01, 8e+00]
  Bounds range     [1e+00, 1e+00]
  RHS range        [6e+00, 6e+00]
Found heuristic solution: objective 35.1071197
Presolve time: 0.00s
Presolved: 67 rows, 78 columns, 210 nonzeros
Variable types: 0 continuous, 78 integer (78 binary)

Root relaxation: objective 1.009526e-12, 5 iterations, 0.00 seconds (0.00 work units)

    Nodes    |    Current Node    |     Objective Bounds      |     Work
 Expl Unexpl |  Obj  Depth IntInf | Incumbent    BestBd   Gap | It/Node Time

     0     0    0.00000    0   12   35.10712    0.00000   100%     -    0s
H    0     0                      34.0224000    0.00000   100%     -    0s
H    0     0                      32.2290289    0.00000   100%     -    0s
     0     0   18.82244    0   19   32.22903   18.82244  41.6%     -    0s
     0     0   19.46267    0   21   32.22903   19.46267  39.6%     -    0s
     0     0   25.21461    0   53   32.22903   25.21461  21.8%     -    0s
     0     0   25.43586    0   51   32.22903   25.43586  21.1%     -    0s
     0     0   27.12387    0   54   32.22903   27.12387  15.8%     -    0s
     0     0   27.12387    0   54   32.22903   27.12387  15.8%     -    0s
     0     2   27.12387    0   54   32.22903   27.12387  15.8%     -    0s

Cutting planes:
  Gomory: 1
  Cover: 14
  Dual implied bound: 15
  Clique: 1
  MIR: 14
  StrongCG: 1
  RLT: 8

Explored 34 nodes (1004 simplex iterations) in 0.04 seconds (0.02 work units)
Thread count was 8 (of 96 available processors)

Solution count 3: 32.229 34.0224 35.1071 

Optimal solution found (tolerance 1.00e-06)
Best objective 3.222902889564e+01, best bound 3.222902889564e+01, gap 0.0000%

User-callback calls 266, time in user-callback 0.00 sec
