
Gurobi 13.0.0 (linux64) logging started Sun Mar 22 16:50:36 2026

Set parameter LogFile to value "logs/N=12_presolve_on/N=12/seed=10/n_qaoa_layers=1/precond_pen=0.100.log"
Set parameter MIPGap to value 1e-06
Set parameter Threads to value 8
Gurobi Optimizer version 13.0.0 build v13.0.0rc1 (linux64 - "Oracle Linux Server 9.7")

CPU model: AMD EPYC 7643 48-Core Processor, instruction set [SSE2|AVX|AVX2]
Thread count: 48 physical cores, 96 logical processors, using up to 8 threads

Non-default parameters:
MIPGap  1e-06
Threads  8

Optimize a model with 1 rows, 12 columns and 12 nonzeros (Min)
Model fingerprint: 0xb1420a27
Model has 12 linear objective coefficients and an objective constant of -1.9462330914534991e+01
Model has 66 quadratic objective terms
Variable types: 0 continuous, 12 integer (12 binary)
Coefficient statistics:
  Matrix range     [1e+00, 1e+00]
  Objective range  [6e+00, 8e+00]
  QObjective range [1e+00, 4e+00]
  Bounds range     [1e+00, 1e+00]
  RHS range        [6e+00, 6e+00]
Found heuristic solution: objective 0.4485362
Presolve time: 0.00s
Presolved: 67 rows, 78 columns, 210 nonzeros
Variable types: 0 continuous, 78 integer (78 binary)

Root relaxation: objective -1.946233e+01, 10 iterations, 0.00 seconds (0.00 work units)

    Nodes    |    Current Node    |     Objective Bounds      |     Work
 Expl Unexpl |  Obj  Depth IntInf | Incumbent    BestBd   Gap | It/Node Time

     0     0  -19.46233    0   12    0.44854  -19.46233  4439%     -    0s
H    0     0                      -1.3207905  -19.46233  1374%     -    0s
     0     0   -5.16258    0   12   -1.32079   -5.16258   291%     -    0s
     0     0   -4.92743    0   20   -1.32079   -4.92743   273%     -    0s
     0     0   -3.31794    0   34   -1.32079   -3.31794   151%     -    0s
     0     0   -3.29119    0   34   -1.32079   -3.29119   149%     -    0s
     0     2   -3.23391    0   34   -1.32079   -3.23391   145%     -    0s

Cutting planes:
  Gomory: 1
  Dual implied bound: 12
  MIR: 10
  RLT: 10

Explored 14 nodes (405 simplex iterations) in 0.03 seconds (0.01 work units)
Thread count was 8 (of 96 available processors)

Solution count 2: -1.32079 0.448536 
No other solutions better than -1.32079

Optimal solution found (tolerance 1.00e-06)
Best objective -1.320790498935e+00, best bound -1.320790498935e+00, gap 0.0000%

User-callback calls 209, time in user-callback 0.00 sec
