
Gurobi 13.0.0 (linux64) logging started Sun May  3 11:08:52 2026

Set parameter LogFile to value "logs/N=12_layers=3_presolve_on/N=12/seed=19/quantum_layers=3/precond_pen=0.200.log"
Set parameter MIPGap to value 1e-06
Set parameter Threads to value 8
Gurobi Optimizer version 13.0.0 build v13.0.0rc1 (linux64 - "Oracle Linux Server 9.7")

CPU model: AMD EPYC 7643 48-Core Processor, instruction set [SSE2|AVX|AVX2]
Thread count: 48 physical cores, 96 logical processors, using up to 8 threads

Non-default parameters:
MIPGap  1e-06
Threads  8

Optimize a model with 1 rows, 12 columns and 12 nonzeros (Min)
Model fingerprint: 0x9c713070
Model has 12 linear objective coefficients and an objective constant of -8.3862392240750019e+00
Model has 66 quadratic objective terms
Variable types: 0 continuous, 12 integer (12 binary)
Coefficient statistics:
  Matrix range     [1e+00, 1e+00]
  Objective range  [1e-01, 6e+00]
  QObjective range [2e-02, 7e+00]
  Bounds range     [1e+00, 1e+00]
  RHS range        [6e+00, 6e+00]
Found heuristic solution: objective 2.8623897
Presolve time: 0.00s
Presolved: 67 rows, 78 columns, 210 nonzeros
Variable types: 0 continuous, 78 integer (78 binary)

Root relaxation: objective -1.854632e+01, 12 iterations, 0.00 seconds (0.00 work units)

    Nodes    |    Current Node    |     Objective Bounds      |     Work
 Expl Unexpl |  Obj  Depth IntInf | Incumbent    BestBd   Gap | It/Node Time

     0     0  -18.54632    0   12    2.86239  -18.54632   748%     -    0s
H    0     0                       1.6739850  -18.54632  1208%     -    0s
H    0     0                       0.8155790  -18.54632  2374%     -    0s
H    0     0                      -9.5416758  -18.54632  94.4%     -    0s
     0     0   -9.54168    0   42   -9.54168   -9.54168  0.00%     -    0s

Cutting planes:
  Gomory: 1
  MIR: 16
  Zero half: 13
  RLT: 22
  BQP: 51

Explored 1 nodes (91 simplex iterations) in 0.01 seconds (0.00 work units)
Thread count was 8 (of 96 available processors)

Solution count 4: -9.54168 0.815579 1.67399 2.86239 
No other solutions better than -9.54168

Optimal solution found (tolerance 1.00e-06)
Best objective -9.541675776983e+00, best bound -9.541675776983e+00, gap 0.0000%

User-callback calls 164, time in user-callback 0.00 sec
