
Gurobi 13.0.0 (linux64) logging started Sun May  3 11:01:51 2026

Set parameter LogFile to value "logs/N=16_layers=3_presolve_off/N=16/seed=12/quantum_layers=3/precond_pen=0.500.log"
Set parameter MIPGap to value 1e-06
Set parameter Threads to value 8
Set parameter Presolve to value 0
Gurobi Optimizer version 13.0.0 build v13.0.0rc1 (linux64 - "Oracle Linux Server 9.7")

CPU model: AMD EPYC 7643 48-Core Processor, instruction set [SSE2|AVX|AVX2]
Thread count: 48 physical cores, 96 logical processors, using up to 8 threads

Non-default parameters:
MIPGap  1e-06
Presolve  0
Threads  8

Optimize a model with 1 rows, 16 columns and 16 nonzeros (Min)
Model fingerprint: 0x49fecad6
Model has 16 linear objective coefficients and an objective constant of 6.4880646576270014e+00
Model has 120 quadratic objective terms
Variable types: 0 continuous, 16 integer (16 binary)
Coefficient statistics:
  Matrix range     [1e+00, 1e+00]
  Objective range  [1e+00, 2e+00]
  QObjective range [8e-02, 4e+00]
  Bounds range     [1e+00, 1e+00]
  RHS range        [8e+00, 8e+00]
Found heuristic solution: objective 2.5815694
Variable types: 0 continuous, 136 integer (136 binary)

Root relaxation: objective -2.428104e+01, 13 iterations, 0.00 seconds (0.00 work units)

    Nodes    |    Current Node    |     Objective Bounds      |     Work
 Expl Unexpl |  Obj  Depth IntInf | Incumbent    BestBd   Gap | It/Node Time

     0     0  -24.28104    0   16    2.58157  -24.28104  1041%     -    0s
H    0     0                      -0.7640654  -24.28104  3078%     -    0s
H    0     0                      -3.1152379  -24.28104   679%     -    0s
H    0     0                     -15.2523937  -24.28104  59.2%     -    0s
     0     0  -15.25239    0   57  -15.25239  -15.25239  0.00%     -    0s

Cutting planes:
  MIR: 33
  Zero half: 25
  RLT: 37
  BQP: 145

Explored 1 nodes (130 simplex iterations) in 0.01 seconds (0.01 work units)
Thread count was 8 (of 96 available processors)

Solution count 4: -15.2524 -3.11524 -0.764065 2.58157 
No other solutions better than -15.2524

Optimal solution found (tolerance 1.00e-06)
Best objective -1.525239374339e+01, best bound -1.525239374340e+01, gap 0.0000%

User-callback calls 69, time in user-callback 0.00 sec
