
Gurobi 13.0.0 (linux64) logging started Sun May  3 11:01:51 2026

Set parameter LogFile to value "logs/N=16_layers=3_presolve_off/N=16/seed=12/quantum_layers=3/precond_pen=0.700.log"
Set parameter MIPGap to value 1e-06
Set parameter Threads to value 8
Set parameter Presolve to value 0
Gurobi Optimizer version 13.0.0 build v13.0.0rc1 (linux64 - "Oracle Linux Server 9.7")

CPU model: AMD EPYC 7643 48-Core Processor, instruction set [SSE2|AVX|AVX2]
Thread count: 48 physical cores, 96 logical processors, using up to 8 threads

Non-default parameters:
MIPGap  1e-06
Presolve  0
Threads  8

Optimize a model with 1 rows, 16 columns and 16 nonzeros (Min)
Model fingerprint: 0x25faea25
Model has 16 linear objective coefficients and an objective constant of 6.3755808983290017e+00
Model has 120 quadratic objective terms
Variable types: 0 continuous, 16 integer (16 binary)
Coefficient statistics:
  Matrix range     [1e+00, 1e+00]
  Objective range  [1e+00, 2e+00]
  QObjective range [5e-02, 3e+00]
  Bounds range     [1e+00, 1e+00]
  RHS range        [8e+00, 8e+00]
Found heuristic solution: objective 1.7418765
Variable types: 0 continuous, 136 integer (136 binary)

Root relaxation: objective -1.967175e+01, 19 iterations, 0.00 seconds (0.00 work units)

    Nodes    |    Current Node    |     Objective Bounds      |     Work
 Expl Unexpl |  Obj  Depth IntInf | Incumbent    BestBd   Gap | It/Node Time

     0     0  -19.67175    0   16    1.74188  -19.67175  1229%     -    0s
H    0     0                      -0.5032733  -19.67175  3809%     -    0s
H    0     0                      -2.4204263  -19.67175   713%     -    0s
H    0     0                     -11.3265669  -19.67175  73.7%     -    0s
     0     0  -11.80632    0   57  -11.32657  -11.80632  4.24%     -    0s
     0     0  -11.48733    0   60  -11.32657  -11.48733  1.42%     -    0s
     0     0 infeasible    0       -11.32657  -11.32657  0.00%     -    0s

Cutting planes:
  Gomory: 1
  MIR: 37
  Zero half: 24
  RLT: 37
  BQP: 146

Explored 1 nodes (225 simplex iterations) in 0.01 seconds (0.01 work units)
Thread count was 8 (of 96 available processors)

Solution count 4: -11.3266 -2.42043 -0.503273 1.74188 
No other solutions better than -11.3266

Optimal solution found (tolerance 1.00e-06)
Best objective -1.132656687992e+01, best bound -1.132656687992e+01, gap 0.0000%

User-callback calls 72, time in user-callback 0.00 sec
