
Gurobi 13.0.0 (linux64) logging started Tue Mar 31 15:06:55 2026

Set parameter LogFile to value "logs/N=12_layers=3_presolve_off/N=12/seed=6/n_qaoa_layers=3/precond_pen=0.200.log"
Set parameter MIPGap to value 1e-06
Set parameter Threads to value 8
Set parameter Presolve to value 0
Gurobi Optimizer version 13.0.0 build v13.0.0rc1 (linux64 - "Oracle Linux Server 9.7")

CPU model: AMD EPYC 7643 48-Core Processor, instruction set [SSE2|AVX|AVX2]
Thread count: 48 physical cores, 96 logical processors, using up to 8 threads

Non-default parameters:
MIPGap  1e-06
Presolve  0
Threads  8

Optimize a model with 1 rows, 12 columns and 12 nonzeros (Min)
Model fingerprint: 0xe565615d
Model has 12 linear objective coefficients and an objective constant of -8.333446168935
Model has 66 quadratic objective terms
Variable types: 0 continuous, 12 integer (12 binary)
Coefficient statistics:
  Matrix range     [1e+00, 1e+00]
  Objective range  [1e+00, 5e+00]
  QObjective range [4e-01, 7e+00]
  Bounds range     [1e+00, 1e+00]
  RHS range        [6e+00, 6e+00]
Found heuristic solution: objective 0.2185763
Variable types: 0 continuous, 78 integer (78 binary)

Root relaxation: objective -2.777192e+01, 6 iterations, 0.00 seconds (0.00 work units)

    Nodes    |    Current Node    |     Objective Bounds      |     Work
 Expl Unexpl |  Obj  Depth IntInf | Incumbent    BestBd   Gap | It/Node Time

     0     0  -27.77192    0   12    0.21858  -27.77192      -     -    0s
H    0     0                     -27.0394513  -27.77192  2.71%     -    0s

Cutting planes:
  MIR: 2
  Zero half: 3
  RLT: 6
  BQP: 4

Explored 1 nodes (6 simplex iterations) in 0.00 seconds (0.00 work units)
Thread count was 8 (of 96 available processors)

Solution count 2: -27.0395 0.218576 
No other solutions better than -27.0395

Optimal solution found (tolerance 1.00e-06)
Best objective -2.703945130452e+01, best bound -2.703945130452e+01, gap 0.0000%

User-callback calls 58, time in user-callback 0.00 sec

Gurobi 13.0.0 (linux64) logging started Tue Mar 31 15:10:54 2026

Set parameter LogFile to value "logs/N=12_layers=3_presolve_off/N=12/seed=6/n_qaoa_layers=3/precond_pen=0.200.log"
Set parameter MIPGap to value 1e-06
Set parameter Threads to value 8
Set parameter Presolve to value 0
Gurobi Optimizer version 13.0.0 build v13.0.0rc1 (linux64 - "Oracle Linux Server 9.7")

CPU model: AMD EPYC 7643 48-Core Processor, instruction set [SSE2|AVX|AVX2]
Thread count: 48 physical cores, 96 logical processors, using up to 8 threads

Non-default parameters:
MIPGap  1e-06
Presolve  0
Threads  8

Optimize a model with 1 rows, 12 columns and 12 nonzeros (Min)
Model fingerprint: 0xe565615d
Model has 12 linear objective coefficients and an objective constant of -8.333446168935
Model has 66 quadratic objective terms
Variable types: 0 continuous, 12 integer (12 binary)
Coefficient statistics:
  Matrix range     [1e+00, 1e+00]
  Objective range  [1e+00, 5e+00]
  QObjective range [4e-01, 7e+00]
  Bounds range     [1e+00, 1e+00]
  RHS range        [6e+00, 6e+00]
Found heuristic solution: objective 0.2185763
Variable types: 0 continuous, 78 integer (78 binary)

Root relaxation: objective -2.777192e+01, 6 iterations, 0.00 seconds (0.00 work units)

    Nodes    |    Current Node    |     Objective Bounds      |     Work
 Expl Unexpl |  Obj  Depth IntInf | Incumbent    BestBd   Gap | It/Node Time

     0     0  -27.77192    0   12    0.21858  -27.77192      -     -    0s
H    0     0                     -27.0394513  -27.77192  2.71%     -    0s

Cutting planes:
  MIR: 2
  Zero half: 3
  RLT: 6
  BQP: 4

Explored 1 nodes (6 simplex iterations) in 0.00 seconds (0.00 work units)
Thread count was 8 (of 96 available processors)

Solution count 2: -27.0395 0.218576 
No other solutions better than -27.0395

Optimal solution found (tolerance 1.00e-06)
Best objective -2.703945130452e+01, best bound -2.703945130452e+01, gap 0.0000%

User-callback calls 59, time in user-callback 0.00 sec
