
Gurobi 13.0.0 (linux64) logging started Sun May  3 11:06:34 2026

Set parameter LogFile to value "logs/N=12_layers=2_presolve_on/N=12/seed=7/quantum_layers=2/precond_pen=0.900.log"
Set parameter MIPGap to value 1e-06
Set parameter Threads to value 8
Gurobi Optimizer version 13.0.0 build v13.0.0rc1 (linux64 - "Oracle Linux Server 9.7")

CPU model: AMD EPYC 7643 48-Core Processor, instruction set [SSE2|AVX|AVX2]
Thread count: 48 physical cores, 96 logical processors, using up to 8 threads

Non-default parameters:
MIPGap  1e-06
Threads  8

Optimize a model with 1 rows, 12 columns and 12 nonzeros (Min)
Model fingerprint: 0xf2614deb
Model has 12 linear objective coefficients and an objective constant of 5.349345355372
Model has 66 quadratic objective terms
Variable types: 0 continuous, 12 integer (12 binary)
Coefficient statistics:
  Matrix range     [1e+00, 1e+00]
  Objective range  [2e+00, 2e+00]
  QObjective range [1e-02, 2e+00]
  Bounds range     [1e+00, 1e+00]
  RHS range        [6e+00, 6e+00]
Found heuristic solution: objective -0.0838542
Presolve time: 0.00s
Presolved: 67 rows, 78 columns, 210 nonzeros
Variable types: 0 continuous, 78 integer (78 binary)

Root relaxation: objective -5.452085e+00, 20 iterations, 0.00 seconds (0.00 work units)

    Nodes    |    Current Node    |     Objective Bounds      |     Work
 Expl Unexpl |  Obj  Depth IntInf | Incumbent    BestBd   Gap | It/Node Time

     0     0   -5.45208    0   12   -0.08385   -5.45208  6402%     -    0s
H    0     0                      -0.5928315   -5.45208   820%     -    0s
H    0     0                      -0.7174276   -5.45208   660%     -    0s
H    0     0                      -1.0390997   -5.45208   425%     -    0s
H    0     0                      -1.7827616   -5.45208   206%     -    0s
     0     0     cutoff    0        -1.78276   -1.78276  0.00%     -    0s

Cutting planes:
  Gomory: 1
  MIR: 33
  Zero half: 20
  RLT: 24
  BQP: 130

Explored 1 nodes (206 simplex iterations) in 0.01 seconds (0.01 work units)
Thread count was 8 (of 96 available processors)

Solution count 5: -1.78276 -1.0391 -0.717428 ... -0.0838542
No other solutions better than -1.78276

Optimal solution found (tolerance 1.00e-06)
Best objective -1.782761633190e+00, best bound -1.782761633190e+00, gap 0.0000%

User-callback calls 166, time in user-callback 0.00 sec
