
Gurobi 13.0.0 (linux64) logging started Sun May  3 11:06:33 2026

Set parameter LogFile to value "logs/N=12_layers=2_presolve_on/N=12/seed=7/quantum_layers=2/precond_pen=0.500.log"
Set parameter MIPGap to value 1e-06
Set parameter Threads to value 8
Gurobi Optimizer version 13.0.0 build v13.0.0rc1 (linux64 - "Oracle Linux Server 9.7")

CPU model: AMD EPYC 7643 48-Core Processor, instruction set [SSE2|AVX|AVX2]
Thread count: 48 physical cores, 96 logical processors, using up to 8 threads

Non-default parameters:
MIPGap  1e-06
Threads  8

Optimize a model with 1 rows, 12 columns and 12 nonzeros (Min)
Model fingerprint: 0xcff3f0ee
Model has 12 linear objective coefficients and an objective constant of 4.1477071636119991e+00
Model has 66 quadratic objective terms
Variable types: 0 continuous, 12 integer (12 binary)
Coefficient statistics:
  Matrix range     [1e+00, 1e+00]
  Objective range  [8e-01, 2e+00]
  QObjective range [2e-02, 3e+00]
  Bounds range     [1e+00, 1e+00]
  RHS range        [6e+00, 6e+00]
Found heuristic solution: objective 0.9370443
Presolve time: 0.00s
Presolved: 67 rows, 78 columns, 210 nonzeros
Variable types: 0 continuous, 78 integer (78 binary)

Root relaxation: objective -1.063133e+01, 18 iterations, 0.00 seconds (0.00 work units)

    Nodes    |    Current Node    |     Objective Bounds      |     Work
 Expl Unexpl |  Obj  Depth IntInf | Incumbent    BestBd   Gap | It/Node Time

     0     0  -10.63133    0   12    0.93704  -10.63133  1235%     -    0s
H    0     0                      -0.7721817  -10.63133  1277%     -    0s
H    0     0                      -1.1683727  -10.63133   810%     -    0s
H    0     0                      -1.4729909  -10.63133   622%     -    0s
H    0     0                      -5.6999321  -10.63133  86.5%     -    0s
     0     0   -5.69993    0   31   -5.69993   -5.69993  0.00%     -    0s

Cutting planes:
  MIR: 24
  Zero half: 15
  RLT: 13
  BQP: 60

Explored 1 nodes (93 simplex iterations) in 0.01 seconds (0.00 work units)
Thread count was 8 (of 96 available processors)

Solution count 5: -5.69993 -1.47299 -1.16837 ... 0.937044
No other solutions better than -5.69993

Optimal solution found (tolerance 1.00e-06)
Best objective -5.699932137654e+00, best bound -5.699932137654e+00, gap 0.0000%

User-callback calls 165, time in user-callback 0.00 sec
