
Gurobi 13.0.0 (linux64) logging started Sun May  3 10:58:45 2026

Set parameter LogFile to value "logs/N=16_layers=2_presolve_off/N=16/seed=17/quantum_layers=2/precond_pen=0.200.log"
Set parameter MIPGap to value 1e-06
Set parameter Threads to value 8
Set parameter Presolve to value 0
Gurobi Optimizer version 13.0.0 build v13.0.0rc1 (linux64 - "Oracle Linux Server 9.7")

CPU model: AMD EPYC 7643 48-Core Processor, instruction set [SSE2|AVX|AVX2]
Thread count: 48 physical cores, 96 logical processors, using up to 8 threads

Non-default parameters:
MIPGap  1e-06
Presolve  0
Threads  8

Optimize a model with 1 rows, 16 columns and 16 nonzeros (Min)
Model fingerprint: 0x9db4e331
Model has 16 linear objective coefficients and an objective constant of -1.1537021571340997e+01
Model has 120 quadratic objective terms
Variable types: 0 continuous, 16 integer (16 binary)
Coefficient statistics:
  Matrix range     [1e+00, 1e+00]
  Objective range  [8e-01, 7e+00]
  QObjective range [3e-03, 6e+00]
  Bounds range     [1e+00, 1e+00]
  RHS range        [8e+00, 8e+00]
Found heuristic solution: objective -0.6980993
Variable types: 0 continuous, 136 integer (136 binary)

Root relaxation: objective -2.804690e+01, 13 iterations, 0.00 seconds (0.00 work units)

    Nodes    |    Current Node    |     Objective Bounds      |     Work
 Expl Unexpl |  Obj  Depth IntInf | Incumbent    BestBd   Gap | It/Node Time

     0     0  -28.04690    0   16   -0.69810  -28.04690  3918%     -    0s
H    0     0                      -2.7771554  -28.04690   910%     -    0s
H    0     0                      -4.0154522  -28.04690   598%     -    0s
H    0     0                      -9.2409528  -28.04690   204%     -    0s
     0     0  -19.16475    0   36   -9.24095  -19.16475   107%     -    0s
     0     0  -16.68528    0   40   -9.24095  -16.68528  80.6%     -    0s
     0     0  -13.83829    0   48   -9.24095  -13.83829  49.7%     -    0s
     0     0  -13.80850    0   48   -9.24095  -13.80850  49.4%     -    0s
     0     2  -13.80850    0   48   -9.24095  -13.80850  49.4%     -    0s

Cutting planes:
  Gomory: 2
  Cover: 1
  MIR: 16
  Zero half: 4
  RLT: 17
  BQP: 29

Explored 104 nodes (2934 simplex iterations) in 0.06 seconds (0.06 work units)
Thread count was 8 (of 96 available processors)

Solution count 4: -9.24095 -4.01545 -2.77716 -0.698099 
No other solutions better than -9.24095

Optimal solution found (tolerance 1.00e-06)
Best objective -9.240952797303e+00, best bound -9.240952797303e+00, gap 0.0000%

User-callback calls 318, time in user-callback 0.00 sec
