
Gurobi 13.0.0 (linux64) logging started Sun May  3 10:54:09 2026

Set parameter LogFile to value "logs/N=16_layers=1_presolve_off/N=16/seed=2/quantum_layers=1/precond_pen=0.400.log"
Set parameter MIPGap to value 1e-06
Set parameter Threads to value 8
Set parameter Presolve to value 0
Gurobi Optimizer version 13.0.0 build v13.0.0rc1 (linux64 - "Oracle Linux Server 9.7")

CPU model: AMD EPYC 7643 48-Core Processor, instruction set [SSE2|AVX|AVX2]
Thread count: 48 physical cores, 96 logical processors, using up to 8 threads

Non-default parameters:
MIPGap  1e-06
Presolve  0
Threads  8

Optimize a model with 1 rows, 16 columns and 16 nonzeros (Min)
Model fingerprint: 0x81620446
Model has 16 linear objective coefficients and an objective constant of 5.4835989478850022e+00
Model has 120 quadratic objective terms
Variable types: 0 continuous, 16 integer (16 binary)
Coefficient statistics:
  Matrix range     [1e+00, 1e+00]
  Objective range  [8e-01, 2e+00]
  QObjective range [1e-02, 2e+00]
  Bounds range     [1e+00, 1e+00]
  RHS range        [8e+00, 8e+00]
Found heuristic solution: objective -0.2608567
Variable types: 0 continuous, 136 integer (136 binary)

Root relaxation: objective -1.090895e+01, 41 iterations, 0.00 seconds (0.00 work units)

    Nodes    |    Current Node    |     Objective Bounds      |     Work
 Expl Unexpl |  Obj  Depth IntInf | Incumbent    BestBd   Gap | It/Node Time

     0     0  -10.90895    0   16   -0.26086  -10.90895  4082%     -    0s
H    0     0                      -3.5782960  -10.90895   205%     -    0s
H    0     0                      -5.3967110  -10.90895   102%     -    0s
     0     0   -5.56283    0   74   -5.39671   -5.56283  3.08%     -    0s
     0     0     cutoff    0        -5.39671   -5.39671  0.00%     -    0s

Cutting planes:
  Gomory: 1
  MIR: 53
  Zero half: 39
  RLT: 36
  BQP: 170

Explored 1 nodes (288 simplex iterations) in 0.02 seconds (0.01 work units)
Thread count was 8 (of 96 available processors)

Solution count 3: -5.39671 -3.5783 -0.260857 
No other solutions better than -5.39671

Optimal solution found (tolerance 1.00e-06)
Best objective -5.396711035781e+00, best bound -5.396711035781e+00, gap 0.0000%

User-callback calls 69, time in user-callback 0.00 sec
