
Gurobi 13.0.0 (linux64) logging started Sun May  3 10:54:09 2026

Set parameter LogFile to value "logs/N=16_layers=1_presolve_off/N=16/seed=2/quantum_layers=1/precond_pen=0.000.log"
Set parameter MIPGap to value 1e-06
Set parameter Threads to value 8
Set parameter Presolve to value 0
Gurobi Optimizer version 13.0.0 build v13.0.0rc1 (linux64 - "Oracle Linux Server 9.7")

CPU model: AMD EPYC 7643 48-Core Processor, instruction set [SSE2|AVX|AVX2]
Thread count: 48 physical cores, 96 logical processors, using up to 8 threads

Non-default parameters:
MIPGap  1e-06
Presolve  0
Threads  8

Optimize a model with 1 rows, 16 columns and 16 nonzeros (Min)
Model fingerprint: 0x8692d1a2
Model has 16 linear objective coefficients and an objective constant of -4.2833800603863011e+01
Model has 120 quadratic objective terms
Variable types: 0 continuous, 16 integer (16 binary)
Coefficient statistics:
  Matrix range     [1e+00, 1e+00]
  Objective range  [9e+00, 1e+01]
  QObjective range [2e+00, 4e+00]
  Bounds range     [1e+00, 1e+00]
  RHS range        [8e+00, 8e+00]
Found heuristic solution: objective 2.9049012
Variable types: 0 continuous, 136 integer (136 binary)

Root relaxation: objective -4.283380e+01, 10 iterations, 0.00 seconds (0.00 work units)

    Nodes    |    Current Node    |     Objective Bounds      |     Work
 Expl Unexpl |  Obj  Depth IntInf | Incumbent    BestBd   Gap | It/Node Time

     0     0  -42.83380    0   16    2.90490  -42.83380  1575%     -    0s
H    0     0                       2.6515696  -42.83380  1715%     -    0s
H    0     0                      -0.7777464  -42.83380  5407%     -    0s
     0     0   -5.86662    0   16   -0.77775   -5.86662   654%     -    0s
     0     0   -5.63676    0   28   -0.77775   -5.63676   625%     -    0s
     0     0   -4.46350    0   44   -0.77775   -4.46350   474%     -    0s
     0     0   -4.40732    0   44   -0.77775   -4.40732   467%     -    0s
     0     2   -4.38536    0   44   -0.77775   -4.38536   464%     -    0s

Cutting planes:
  Gomory: 1
  Cover: 1
  MIR: 19
  RLT: 14

Explored 69 nodes (2788 simplex iterations) in 0.06 seconds (0.05 work units)
Thread count was 8 (of 96 available processors)

Solution count 3: -0.777746 2.65157 2.9049 

Optimal solution found (tolerance 1.00e-06)
Best objective -7.777464498070e-01, best bound -7.777464498070e-01, gap 0.0000%

User-callback calls 237, time in user-callback 0.00 sec
