
Gurobi 13.0.0 (linux64) logging started Tue Mar 31 15:05:16 2026

Set parameter LogFile to value "logs/N=12_layers=2_presolve_off/N=12/seed=2/n_qaoa_layers=2/baseline.log"
Set parameter MIPGap to value 1e-06
Set parameter Threads to value 8
Set parameter Presolve to value 0
Gurobi Optimizer version 13.0.0 build v13.0.0rc1 (linux64 - "Oracle Linux Server 9.7")

CPU model: AMD EPYC 7643 48-Core Processor, instruction set [SSE2|AVX|AVX2]
Thread count: 48 physical cores, 96 logical processors, using up to 8 threads

Non-default parameters:
MIPGap  1e-06
Presolve  0
Threads  8

Optimize a model with 1 rows, 12 columns and 12 nonzeros (Min)
Model fingerprint: 0x522cdaf3
Model has 12 linear objective coefficients and an objective constant of -9.8787644731146429e-13
Model has 66 quadratic objective terms
Variable types: 0 continuous, 12 integer (12 binary)
Coefficient statistics:
  Matrix range     [1e+00, 1e+00]
  Objective range  [8e+00, 1e+01]
  QObjective range [2e-01, 8e+00]
  Bounds range     [1e+00, 1e+00]
  RHS range        [6e+00, 6e+00]
Found heuristic solution: objective 35.7340776
Variable types: 0 continuous, 78 integer (78 binary)

Root relaxation: objective -9.958701e-13, 7 iterations, 0.00 seconds (0.00 work units)

    Nodes    |    Current Node    |     Objective Bounds      |     Work
 Expl Unexpl |  Obj  Depth IntInf | Incumbent    BestBd   Gap | It/Node Time

     0     0   -0.00000    0   12   35.73408   -0.00000   100%     -    0s
H    0     0                      32.9555498   -0.00000   100%     -    0s
H    0     0                      28.3028013   -0.00000   100%     -    0s
     0     0   17.44871    0   12   28.30280   17.44871  38.3%     -    0s
     0     0   18.94793    0   17   28.30280   18.94793  33.1%     -    0s
     0     0   22.03174    0   52   28.30280   22.03174  22.2%     -    0s
     0     0   22.78788    0   51   28.30280   22.78788  19.5%     -    0s
     0     0   24.52236    0   45   28.30280   24.52236  13.4%     -    0s
     0     0   24.60884    0   45   28.30280   24.60884  13.1%     -    0s
     0     2   24.60884    0   45   28.30280   24.60884  13.1%     -    0s

Cutting planes:
  Gomory: 2
  Cover: 1
  MIR: 24
  RLT: 6

Explored 35 nodes (979 simplex iterations) in 0.03 seconds (0.02 work units)
Thread count was 8 (of 96 available processors)

Solution count 3: 28.3028 32.9555 35.7341 

Optimal solution found (tolerance 1.00e-06)
Best objective 2.830280126789e+01, best bound 2.830280126789e+01, gap 0.0000%

User-callback calls 169, time in user-callback 0.00 sec
