
Gurobi 13.0.0 (linux64) logging started Tue Mar 31 15:12:44 2026

Set parameter LogFile to value "logs/N=16_layers=2_presolve_on/N=16/seed=48/n_qaoa_layers=2/baseline.log"
Set parameter MIPGap to value 1e-06
Set parameter Threads to value 8
Gurobi Optimizer version 13.0.0 build v13.0.0rc1 (linux64 - "Oracle Linux Server 9.7")

CPU model: AMD EPYC 7643 48-Core Processor, instruction set [SSE2|AVX|AVX2]
Thread count: 48 physical cores, 96 logical processors, using up to 8 threads

Non-default parameters:
MIPGap  1e-06
Threads  8

Optimize a model with 1 rows, 16 columns and 16 nonzeros (Min)
Model fingerprint: 0xb36097c7
Model has 16 linear objective coefficients and an objective constant of 1.9699103459558387e-12
Model has 120 quadratic objective terms
Variable types: 0 continuous, 16 integer (16 binary)
Coefficient statistics:
  Matrix range     [1e+00, 1e+00]
  Objective range  [1e+01, 2e+01]
  QObjective range [9e-02, 8e+00]
  Bounds range     [1e+00, 1e+00]
  RHS range        [8e+00, 8e+00]
Found heuristic solution: objective 61.5563657
Presolve time: 0.00s
Presolved: 121 rows, 136 columns, 376 nonzeros
Variable types: 0 continuous, 136 integer (136 binary)

Root relaxation: objective 1.966358e-12, 12 iterations, 0.00 seconds (0.00 work units)

    Nodes    |    Current Node    |     Objective Bounds      |     Work
 Expl Unexpl |  Obj  Depth IntInf | Incumbent    BestBd   Gap | It/Node Time

     0     0    0.00000    0   16   61.55637    0.00000   100%     -    0s
H    0     0                      61.0009395    0.00000   100%     -    0s
H    0     0                      57.9099802    0.00000   100%     -    0s
H    0     0                      53.3521612    0.00000   100%     -    0s
     0     0   25.83882    0   19   53.35216   25.83882  51.6%     -    0s
     0     0   26.14122    0   22   53.35216   26.14122  51.0%     -    0s
     0     0   32.44911    0   63   53.35216   32.44911  39.2%     -    0s
     0     0   33.57099    0   62   53.35216   33.57099  37.1%     -    0s
     0     0   40.52900    0   84   53.35216   40.52900  24.0%     -    0s
     0     0   40.61788    0   84   53.35216   40.61788  23.9%     -    0s
     0     2   40.92296    0   84   53.35216   40.92296  23.3%     -    0s
*  110    31               8      52.8357342   49.76077  5.82%  35.1    0s

Cutting planes:
  Gomory: 1
  Cover: 21
  Dual implied bound: 35
  MIR: 51
  RLT: 18

Explored 191 nodes (5839 simplex iterations) in 0.11 seconds (0.10 work units)
Thread count was 8 (of 96 available processors)

Solution count 5: 52.8357 53.3522 57.91 ... 61.5564

Optimal solution found (tolerance 1.00e-06)
Best objective 5.283573420341e+01, best bound 5.283573420341e+01, gap 0.0000%

User-callback calls 606, time in user-callback 0.00 sec
