
Gurobi 13.0.0 (linux64) logging started Tue Mar 31 15:12:44 2026

Set parameter LogFile to value "logs/N=16_layers=2_presolve_on/N=16/seed=48/n_qaoa_layers=2/precond_pen=0.800.log"
Set parameter MIPGap to value 1e-06
Set parameter Threads to value 8
Gurobi Optimizer version 13.0.0 build v13.0.0rc1 (linux64 - "Oracle Linux Server 9.7")

CPU model: AMD EPYC 7643 48-Core Processor, instruction set [SSE2|AVX|AVX2]
Thread count: 48 physical cores, 96 logical processors, using up to 8 threads

Non-default parameters:
MIPGap  1e-06
Threads  8

Optimize a model with 1 rows, 16 columns and 16 nonzeros (Min)
Model fingerprint: 0x845250fa
Model has 16 linear objective coefficients and an objective constant of 6.5142620117310015e+00
Model has 120 quadratic objective terms
Variable types: 0 continuous, 16 integer (16 binary)
Coefficient statistics:
  Matrix range     [1e+00, 1e+00]
  Objective range  [1e+00, 2e+00]
  QObjective range [4e-05, 2e+00]
  Bounds range     [1e+00, 1e+00]
  RHS range        [8e+00, 8e+00]
Found heuristic solution: objective -1.0606065
Presolve time: 0.00s
Presolved: 121 rows, 136 columns, 376 nonzeros
Variable types: 0 continuous, 136 integer (136 binary)

Root relaxation: objective -1.048980e+01, 32 iterations, 0.00 seconds (0.00 work units)

    Nodes    |    Current Node    |     Objective Bounds      |     Work
 Expl Unexpl |  Obj  Depth IntInf | Incumbent    BestBd   Gap | It/Node Time

     0     0  -10.48980    0   16   -1.06061  -10.48980   889%     -    0s
H    0     0                      -1.1170125  -10.48980   839%     -    0s
H    0     0                      -1.3707835  -10.48980   665%     -    0s
H    0     0                      -4.3600552  -10.48980   141%     -    0s
H    0     0                      -4.4083500   -4.74102  7.55%     -    0s
     0     0   -4.74102    0   98   -4.40835   -4.74102  7.55%     -    0s
     0     0   -4.40835    0  116   -4.40835   -4.40835  0.00%     -    0s

Cutting planes:
  Gomory: 13
  MIR: 35
  Flow cover: 2
  Zero half: 18
  RLT: 19
  BQP: 90

Explored 1 nodes (411 simplex iterations) in 0.03 seconds (0.02 work units)
Thread count was 8 (of 96 available processors)

Solution count 5: -4.40835 -4.36006 -1.37078 ... -1.06061
No other solutions better than -4.40835

Optimal solution found (tolerance 1.00e-06)
Best objective -4.408349964857e+00, best bound -4.408349964857e+00, gap 0.0000%

User-callback calls 177, time in user-callback 0.00 sec
