
Gurobi 13.0.0 (linux64) logging started Sun May  3 11:04:32 2026

Set parameter LogFile to value "logs/N=12_layers=1_presolve_off/N=12/seed=43/quantum_layers=1/precond_pen=0.300.log"
Set parameter MIPGap to value 1e-06
Set parameter Threads to value 8
Set parameter Presolve to value 0
Gurobi Optimizer version 13.0.0 build v13.0.0rc1 (linux64 - "Oracle Linux Server 9.7")

CPU model: AMD EPYC 7643 48-Core Processor, instruction set [SSE2|AVX|AVX2]
Thread count: 48 physical cores, 96 logical processors, using up to 8 threads

Non-default parameters:
MIPGap  1e-06
Presolve  0
Threads  8

Optimize a model with 1 rows, 12 columns and 12 nonzeros (Min)
Model fingerprint: 0xc28f05a5
Model has 12 linear objective coefficients and an objective constant of 3.4697784659320008e+00
Model has 66 quadratic objective terms
Variable types: 0 continuous, 12 integer (12 binary)
Coefficient statistics:
  Matrix range     [1e+00, 1e+00]
  Objective range  [5e-01, 2e+00]
  QObjective range [3e-02, 3e+00]
  Bounds range     [1e+00, 1e+00]
  RHS range        [6e+00, 6e+00]
Found heuristic solution: objective -1.4490275
Variable types: 0 continuous, 78 integer (78 binary)

Root relaxation: objective -9.919003e+00, 13 iterations, 0.00 seconds (0.00 work units)

    Nodes    |    Current Node    |     Objective Bounds      |     Work
 Expl Unexpl |  Obj  Depth IntInf | Incumbent    BestBd   Gap | It/Node Time

     0     0   -9.91900    0   12   -1.44903   -9.91900   585%     -    0s
H    0     0                      -1.4821360   -9.91900   569%     -    0s
H    0     0                      -2.2199379   -9.91900   347%     -    0s
H    0     0                      -6.8386869   -9.91900  45.0%     -    0s

Cutting planes:
  Gomory: 1
  MIR: 23
  Zero half: 13
  RLT: 15
  BQP: 53

Explored 1 nodes (13 simplex iterations) in 0.01 seconds (0.00 work units)
Thread count was 8 (of 96 available processors)

Solution count 4: -6.83869 -2.21994 -1.48214 -1.44903 
No other solutions better than -6.83869

Optimal solution found (tolerance 1.00e-06)
Best objective -6.838686885578e+00, best bound -6.838686885578e+00, gap 0.0000%

User-callback calls 64, time in user-callback 0.00 sec
