
Gurobi 13.0.0 (linux64) logging started Sun May  3 10:54:13 2026

Set parameter LogFile to value "logs/N=16_layers=1_presolve_off/N=16/seed=9/quantum_layers=1/precond_pen=0.200.log"
Set parameter MIPGap to value 1e-06
Set parameter Threads to value 8
Set parameter Presolve to value 0
Gurobi Optimizer version 13.0.0 build v13.0.0rc1 (linux64 - "Oracle Linux Server 9.7")

CPU model: AMD EPYC 7643 48-Core Processor, instruction set [SSE2|AVX|AVX2]
Thread count: 48 physical cores, 96 logical processors, using up to 8 threads

Non-default parameters:
MIPGap  1e-06
Presolve  0
Threads  8

Optimize a model with 1 rows, 16 columns and 16 nonzeros (Min)
Model fingerprint: 0x16a56124
Model has 16 linear objective coefficients and an objective constant of -1.3559157358159998e+01
Model has 120 quadratic objective terms
Variable types: 0 continuous, 16 integer (16 binary)
Coefficient statistics:
  Matrix range     [1e+00, 1e+00]
  Objective range  [4e-01, 6e+00]
  QObjective range [6e-02, 3e+00]
  Bounds range     [1e+00, 1e+00]
  RHS range        [8e+00, 8e+00]
Found heuristic solution: objective -0.5743200
Variable types: 0 continuous, 136 integer (136 binary)

Root relaxation: objective -1.997634e+01, 11 iterations, 0.00 seconds (0.00 work units)

    Nodes    |    Current Node    |     Objective Bounds      |     Work
 Expl Unexpl |  Obj  Depth IntInf | Incumbent    BestBd   Gap | It/Node Time

     0     0  -19.97634    0   16   -0.57432  -19.97634  3378%     -    0s
H    0     0                      -3.5295291  -19.97634   466%     -    0s
H    0     0                      -5.3907005  -19.97634   271%     -    0s
H    0     0                      -6.0303126  -16.17658   168%     -    0s
     0     0   -9.81677    0   87   -6.03031   -9.81677  62.8%     -    0s
     0     0   -8.52779    0   87   -6.03031   -8.52779  41.4%     -    0s
     0     0   -8.21964    0   87   -6.03031   -8.21964  36.3%     -    0s
     0     2   -8.21964    0   87   -6.03031   -8.21964  36.3%     -    0s

Cutting planes:
  Gomory: 2
  Cover: 1
  MIR: 16
  Zero half: 5
  RLT: 29
  BQP: 31

Explored 18 nodes (1255 simplex iterations) in 0.05 seconds (0.04 work units)
Thread count was 8 (of 96 available processors)

Solution count 4: -6.03031 -5.3907 -3.52953 -0.57432 
No other solutions better than -6.03031

Optimal solution found (tolerance 1.00e-06)
Best objective -6.030312596512e+00, best bound -6.030312596512e+00, gap 0.0000%

User-callback calls 137, time in user-callback 0.00 sec
