
Gurobi 13.0.0 (linux64) logging started Sun May  3 10:54:13 2026

Set parameter LogFile to value "logs/N=16_layers=1_presolve_off/N=16/seed=9/quantum_layers=1/precond_pen=0.700.log"
Set parameter MIPGap to value 1e-06
Set parameter Threads to value 8
Set parameter Presolve to value 0
Gurobi Optimizer version 13.0.0 build v13.0.0rc1 (linux64 - "Oracle Linux Server 9.7")

CPU model: AMD EPYC 7643 48-Core Processor, instruction set [SSE2|AVX|AVX2]
Thread count: 48 physical cores, 96 logical processors, using up to 8 threads

Non-default parameters:
MIPGap  1e-06
Presolve  0
Threads  8

Optimize a model with 1 rows, 16 columns and 16 nonzeros (Min)
Model fingerprint: 0x04ab46d8
Model has 16 linear objective coefficients and an objective constant of 6.6653253880299994e+00
Model has 120 quadratic objective terms
Variable types: 0 continuous, 16 integer (16 binary)
Coefficient statistics:
  Matrix range     [1e+00, 1e+00]
  Objective range  [1e+00, 2e+00]
  QObjective range [1e-02, 1e+00]
  Bounds range     [1e+00, 1e+00]
  RHS range        [8e+00, 8e+00]
Found heuristic solution: objective -0.7859906
Variable types: 0 continuous, 136 integer (136 binary)

Root relaxation: objective -6.678103e+00, 41 iterations, 0.00 seconds (0.00 work units)

    Nodes    |    Current Node    |     Objective Bounds      |     Work
 Expl Unexpl |  Obj  Depth IntInf | Incumbent    BestBd   Gap | It/Node Time

     0     0   -6.67810    0   16   -0.78599   -6.67810   750%     -    0s
H    0     0                      -0.8233584   -6.67810   711%     -    0s
H    0     0                      -1.8909928   -6.67810   253%     -    0s
     0     0   -1.94573    0  114   -1.89099   -1.94573  2.89%     -    0s

Cutting planes:
  Gomory: 3
  Cover: 4
  MIR: 65
  Zero half: 19
  RLT: 32
  BQP: 256

Explored 1 nodes (527 simplex iterations) in 0.07 seconds (0.04 work units)
Thread count was 8 (of 96 available processors)

Solution count 3: -1.89099 -0.823358 -0.785991 
No other solutions better than -1.89099

Optimal solution found (tolerance 1.00e-06)
Best objective -1.890992831398e+00, best bound -1.890992831398e+00, gap 0.0000%

User-callback calls 78, time in user-callback 0.00 sec
