
Gurobi 13.0.0 (linux64) logging started Sun May  3 10:58:38 2026

Set parameter LogFile to value "logs/N=16_layers=2_presolve_on/N=16/seed=44/quantum_layers=2/precond_pen=0.200.log"
Set parameter MIPGap to value 1e-06
Set parameter Threads to value 8
Gurobi Optimizer version 13.0.0 build v13.0.0rc1 (linux64 - "Oracle Linux Server 9.7")

CPU model: AMD EPYC 7643 48-Core Processor, instruction set [SSE2|AVX|AVX2]
Thread count: 48 physical cores, 96 logical processors, using up to 8 threads

Non-default parameters:
MIPGap  1e-06
Threads  8

Optimize a model with 1 rows, 16 columns and 16 nonzeros (Min)
Model fingerprint: 0xe7f77718
Model has 16 linear objective coefficients and an objective constant of -19.97332953244
Model has 120 quadratic objective terms
Variable types: 0 continuous, 16 integer (16 binary)
Coefficient statistics:
  Matrix range     [1e+00, 1e+00]
  Objective range  [7e-01, 8e+00]
  QObjective range [6e-02, 6e+00]
  Bounds range     [1e+00, 1e+00]
  RHS range        [8e+00, 8e+00]
Found heuristic solution: objective 3.4641384
Presolve time: 0.00s
Presolved: 121 rows, 136 columns, 376 nonzeros
Variable types: 0 continuous, 136 integer (136 binary)

Root relaxation: objective -2.968120e+01, 16 iterations, 0.00 seconds (0.00 work units)

    Nodes    |    Current Node    |     Objective Bounds      |     Work
 Expl Unexpl |  Obj  Depth IntInf | Incumbent    BestBd   Gap | It/Node Time

     0     0  -29.68120    0   16    3.46414  -29.68120   957%     -    0s
H    0     0                       2.4806979  -29.68120  1296%     -    0s
H    0     0                       2.4689288  -29.68120  1302%     -    0s
H    0     0                       0.9091482  -29.68120  3365%     -    0s
H    0     0                     -15.1841956  -29.68120  95.5%     -    0s
     0     0  -16.68597    0   48  -15.18420  -16.68597  9.89%     -    0s
     0     0  -15.53478    0   48  -15.18420  -15.53478  2.31%     -    0s

Cutting planes:
  Gomory: 11
  Cover: 2
  Dual implied bound: 10
  MIR: 56
  StrongCG: 1
  Zero half: 24
  RLT: 24
  BQP: 60

Explored 1 nodes (181 simplex iterations) in 0.03 seconds (0.02 work units)
Thread count was 8 (of 96 available processors)

Solution count 5: -15.1842 0.909148 2.46893 ... 3.46414
No other solutions better than -15.1842

Optimal solution found (tolerance 1.00e-06)
Best objective -1.518419558907e+01, best bound -1.518419558907e+01, gap 0.0000%

User-callback calls 177, time in user-callback 0.00 sec
