
Gurobi 13.0.0 (linux64) logging started Sun May  3 10:58:38 2026

Set parameter LogFile to value "logs/N=16_layers=2_presolve_on/N=16/seed=44/quantum_layers=2/precond_pen=0.500.log"
Set parameter MIPGap to value 1e-06
Set parameter Threads to value 8
Gurobi Optimizer version 13.0.0 build v13.0.0rc1 (linux64 - "Oracle Linux Server 9.7")

CPU model: AMD EPYC 7643 48-Core Processor, instruction set [SSE2|AVX|AVX2]
Thread count: 48 physical cores, 96 logical processors, using up to 8 threads

Non-default parameters:
MIPGap  1e-06
Threads  8

Optimize a model with 1 rows, 16 columns and 16 nonzeros (Min)
Model fingerprint: 0xcc10eff0
Model has 16 linear objective coefficients and an objective constant of 5.805720530836
Model has 120 quadratic objective terms
Variable types: 0 continuous, 16 integer (16 binary)
Coefficient statistics:
  Matrix range     [1e+00, 1e+00]
  Objective range  [9e-01, 2e+00]
  QObjective range [2e-02, 4e+00]
  Bounds range     [1e+00, 1e+00]
  RHS range        [8e+00, 8e+00]
Found heuristic solution: objective 0.8756637
Presolve time: 0.00s
Presolved: 121 rows, 136 columns, 376 nonzeros
Variable types: 0 continuous, 136 integer (136 binary)

Root relaxation: objective -1.974815e+01, 17 iterations, 0.00 seconds (0.00 work units)

    Nodes    |    Current Node    |     Objective Bounds      |     Work
 Expl Unexpl |  Obj  Depth IntInf | Incumbent    BestBd   Gap | It/Node Time

     0     0  -19.74815    0   16    0.87566  -19.74815  2355%     -    0s
H    0     0                      -3.4976224  -19.74815   465%     -    0s
H    0     0                     -12.1685462  -19.74815  62.3%     -    0s
H    0     0                     -12.2535738  -19.74815  61.2%     -    0s
     0     0  -12.25357    0   52  -12.25357  -12.25357  0.00%     -    0s

Cutting planes:
  Gomory: 1
  MIR: 37
  Zero half: 32
  RLT: 38
  BQP: 158

Explored 1 nodes (164 simplex iterations) in 0.01 seconds (0.01 work units)
Thread count was 8 (of 96 available processors)

Solution count 4: -12.2536 -12.1685 -3.49762 0.875664 
No other solutions better than -12.2536

Optimal solution found (tolerance 1.00e-06)
Best objective -1.225357377174e+01, best bound -1.225357377174e+01, gap 0.0000%

User-callback calls 164, time in user-callback 0.00 sec
