
Gurobi 13.0.0 (linux64) logging started Sun May  3 10:54:02 2026

Set parameter LogFile to value "logs/N=16_layers=1_presolve_on/N=16/seed=40/quantum_layers=1/precond_pen=0.200.log"
Set parameter MIPGap to value 1e-06
Set parameter Threads to value 8
Gurobi Optimizer version 13.0.0 build v13.0.0rc1 (linux64 - "Oracle Linux Server 9.7")

CPU model: AMD EPYC 7643 48-Core Processor, instruction set [SSE2|AVX|AVX2]
Thread count: 48 physical cores, 96 logical processors, using up to 8 threads

Non-default parameters:
MIPGap  1e-06
Threads  8

Optimize a model with 1 rows, 16 columns and 16 nonzeros (Min)
Model fingerprint: 0x05dfc931
Model has 16 linear objective coefficients and an objective constant of -5.7615424947350027e+00
Model has 120 quadratic objective terms
Variable types: 0 continuous, 16 integer (16 binary)
Coefficient statistics:
  Matrix range     [1e+00, 1e+00]
  Objective range  [8e-02, 4e+00]
  QObjective range [1e-02, 4e+00]
  Bounds range     [1e+00, 1e+00]
  RHS range        [8e+00, 8e+00]
Found heuristic solution: objective -1.8643001
Presolve time: 0.00s
Presolved: 121 rows, 136 columns, 376 nonzeros
Variable types: 0 continuous, 136 integer (136 binary)

Root relaxation: objective -1.633078e+01, 14 iterations, 0.00 seconds (0.00 work units)

    Nodes    |    Current Node    |     Objective Bounds      |     Work
 Expl Unexpl |  Obj  Depth IntInf | Incumbent    BestBd   Gap | It/Node Time

     0     0  -16.33078    0   16   -1.86430  -16.33078   776%     -    0s
H    0     0                      -2.7859535  -16.33078   486%     -    0s
H    0     0                      -4.5869783  -16.33078   256%     -    0s
H    0     0                      -8.0094566  -16.33078   104%     -    0s
     0     0   -8.00946    0   87   -8.00946   -8.00946  0.00%     -    0s

Cutting planes:
  Gomory: 1
  MIR: 44
  Zero half: 27
  RLT: 33
  BQP: 146

Explored 1 nodes (246 simplex iterations) in 0.02 seconds (0.01 work units)
Thread count was 8 (of 96 available processors)

Solution count 4: -8.00946 -4.58698 -2.78595 -1.8643 
No other solutions better than -8.00946

Optimal solution found (tolerance 1.00e-06)
Best objective -8.009456597167e+00, best bound -8.009456597167e+00, gap 0.0000%

User-callback calls 164, time in user-callback 0.00 sec
