
Gurobi 13.0.0 (linux64) logging started Sun May  3 10:54:02 2026

Set parameter LogFile to value "logs/N=16_layers=1_presolve_on/N=16/seed=40/quantum_layers=1/precond_pen=0.000.log"
Set parameter MIPGap to value 1e-06
Set parameter Threads to value 8
Gurobi Optimizer version 13.0.0 build v13.0.0rc1 (linux64 - "Oracle Linux Server 9.7")

CPU model: AMD EPYC 7643 48-Core Processor, instruction set [SSE2|AVX|AVX2]
Thread count: 48 physical cores, 96 logical processors, using up to 8 threads

Non-default parameters:
MIPGap  1e-06
Threads  8

Optimize a model with 1 rows, 16 columns and 16 nonzeros (Min)
Model fingerprint: 0xe1a6841d
Model has 16 linear objective coefficients and an objective constant of -4.3416991295011982e+01
Model has 120 quadratic objective terms
Variable types: 0 continuous, 16 integer (16 binary)
Coefficient statistics:
  Matrix range     [1e+00, 1e+00]
  Objective range  [1e+01, 1e+01]
  QObjective range [2e+00, 4e+00]
  Bounds range     [1e+00, 1e+00]
  RHS range        [8e+00, 8e+00]
Found heuristic solution: objective 1.9708381
Presolve time: 0.00s
Presolved: 121 rows, 136 columns, 376 nonzeros
Variable types: 0 continuous, 136 integer (136 binary)

Root relaxation: objective -4.341699e+01, 10 iterations, 0.00 seconds (0.00 work units)

    Nodes    |    Current Node    |     Objective Bounds      |     Work
 Expl Unexpl |  Obj  Depth IntInf | Incumbent    BestBd   Gap | It/Node Time

     0     0  -43.41699    0   16    1.97084  -43.41699  2303%     -    0s
H    0     0                       1.9038378  -43.41699  2380%     -    0s
H    0     0                      -0.9100668  -43.41699  4671%     -    0s
     0     0   -4.78108    0   20   -0.91007   -4.78108   425%     -    0s
     0     0   -4.78108    0   31   -0.91007   -4.78108   425%     -    0s
     0     0   -2.85522    0   72   -0.91007   -2.85522   214%     -    0s
     0     0   -2.82842    0   72   -0.91007   -2.82842   211%     -    0s
     0     2   -2.69399    0   72   -0.91007   -2.69399   196%     -    0s

Cutting planes:
  Gomory: 2
  Cover: 1
  Dual implied bound: 24
  MIR: 14
  Mod-K: 1
  RLT: 14

Explored 21 nodes (1088 simplex iterations) in 0.06 seconds (0.04 work units)
Thread count was 8 (of 96 available processors)

Solution count 3: -0.910067 1.90384 1.97084 

Optimal solution found (tolerance 1.00e-06)
Best objective -9.100668254940e-01, best bound -9.100668254940e-01, gap 0.0000%

User-callback calls 235, time in user-callback 0.00 sec
