
Gurobi 13.0.0 (linux64) logging started Sun May  3 10:54:02 2026

Set parameter LogFile to value "logs/N=16_layers=1_presolve_on/N=16/seed=40/quantum_layers=1/precond_pen=0.800.log"
Set parameter MIPGap to value 1e-06
Set parameter Threads to value 8
Gurobi Optimizer version 13.0.0 build v13.0.0rc1 (linux64 - "Oracle Linux Server 9.7")

CPU model: AMD EPYC 7643 48-Core Processor, instruction set [SSE2|AVX|AVX2]
Thread count: 48 physical cores, 96 logical processors, using up to 8 threads

Non-default parameters:
MIPGap  1e-06
Threads  8

Optimize a model with 1 rows, 16 columns and 16 nonzeros (Min)
Model fingerprint: 0xa7432433
Model has 16 linear objective coefficients and an objective constant of 6.7404252409339991e+00
Model has 120 quadratic objective terms
Variable types: 0 continuous, 16 integer (16 binary)
Coefficient statistics:
  Matrix range     [1e+00, 1e+00]
  Objective range  [1e+00, 2e+00]
  QObjective range [5e-02, 8e-01]
  Bounds range     [1e+00, 1e+00]
  RHS range        [8e+00, 8e+00]
Found heuristic solution: objective -0.7755674
Presolve time: 0.00s
Presolved: 121 rows, 136 columns, 376 nonzeros
Variable types: 0 continuous, 136 integer (136 binary)

Root relaxation: objective -6.740425e+00, 56 iterations, 0.00 seconds (0.00 work units)

    Nodes    |    Current Node    |     Objective Bounds      |     Work
 Expl Unexpl |  Obj  Depth IntInf | Incumbent    BestBd   Gap | It/Node Time

     0     0   -6.74043    0   16   -0.77557   -6.74043   769%     -    0s
H    0     0                      -0.8816523   -6.74043   665%     -    0s
H    0     0                      -1.5212176   -6.74043   343%     -    0s
     0     0   -1.63269    0  116   -1.52122   -1.63269  7.33%     -    0s

Cutting planes:
  Gomory: 3
  Cover: 1
  Dual implied bound: 7
  MIR: 84
  StrongCG: 1
  Zero half: 17
  RLT: 33
  BQP: 284

Explored 1 nodes (974 simplex iterations) in 0.10 seconds (0.07 work units)
Thread count was 8 (of 96 available processors)

Solution count 3: -1.52122 -0.881652 -0.775567 
No other solutions better than -1.52122

Optimal solution found (tolerance 1.00e-06)
Best objective -1.521217599040e+00, best bound -1.521217599040e+00, gap 0.0000%

User-callback calls 177, time in user-callback 0.00 sec
