
Gurobi 13.0.0 (linux64) logging started Sun May  3 10:54:25 2026

Set parameter LogFile to value "logs/N=16_layers=1_presolve_off/N=16/seed=30/quantum_layers=1/baseline.log"
Set parameter MIPGap to value 1e-06
Set parameter Threads to value 8
Set parameter Presolve to value 0
Gurobi Optimizer version 13.0.0 build v13.0.0rc1 (linux64 - "Oracle Linux Server 9.7")

CPU model: AMD EPYC 7643 48-Core Processor, instruction set [SSE2|AVX|AVX2]
Thread count: 48 physical cores, 96 logical processors, using up to 8 threads

Non-default parameters:
MIPGap  1e-06
Presolve  0
Threads  8

Optimize a model with 1 rows, 16 columns and 16 nonzeros (Min)
Model fingerprint: 0x6ffe96c1
Model has 16 linear objective coefficients and an objective constant of 9.6714303232658949e-13
Model has 120 quadratic objective terms
Variable types: 0 continuous, 16 integer (16 binary)
Coefficient statistics:
  Matrix range     [1e+00, 1e+00]
  Objective range  [1e+01, 2e+01]
  QObjective range [2e-01, 8e+00]
  Bounds range     [1e+00, 1e+00]
  RHS range        [8e+00, 8e+00]
Found heuristic solution: objective 68.3860233
Variable types: 0 continuous, 136 integer (136 binary)

Root relaxation: objective 9.547085e-13, 9 iterations, 0.00 seconds (0.00 work units)

    Nodes    |    Current Node    |     Objective Bounds      |     Work
 Expl Unexpl |  Obj  Depth IntInf | Incumbent    BestBd   Gap | It/Node Time

     0     0    0.00000    0   16   68.38602    0.00000   100%     -    0s
H    0     0                      54.9071373    0.00000   100%     -    0s
     0     0   27.49158    0   24   54.90714   27.49158  49.9%     -    0s
     0     0   27.89493    0   25   54.90714   27.89493  49.2%     -    0s
     0     0   34.45160    0   42   54.90714   34.45160  37.3%     -    0s
     0     0   34.69853    0   42   54.90714   34.69853  36.8%     -    0s
     0     2   35.09334    0   42   54.90714   35.09334  36.1%     -    0s

Cutting planes:
  Gomory: 3
  MIR: 15
  RLT: 13

Explored 263 nodes (7395 simplex iterations) in 0.07 seconds (0.07 work units)
Thread count was 8 (of 96 available processors)

Solution count 2: 54.9071 68.386 

Optimal solution found (tolerance 1.00e-06)
Best objective 5.490713725593e+01, best bound 5.490713725593e+01, gap 0.0000%

User-callback calls 628, time in user-callback 0.00 sec
