
Gurobi 13.0.0 (linux64) logging started Sun May  3 10:54:25 2026

Set parameter LogFile to value "logs/N=16_layers=1_presolve_off/N=16/seed=30/quantum_layers=1/precond_pen=0.000.log"
Set parameter MIPGap to value 1e-06
Set parameter Threads to value 8
Set parameter Presolve to value 0
Gurobi Optimizer version 13.0.0 build v13.0.0rc1 (linux64 - "Oracle Linux Server 9.7")

CPU model: AMD EPYC 7643 48-Core Processor, instruction set [SSE2|AVX|AVX2]
Thread count: 48 physical cores, 96 logical processors, using up to 8 threads

Non-default parameters:
MIPGap  1e-06
Presolve  0
Threads  8

Optimize a model with 1 rows, 16 columns and 16 nonzeros (Min)
Model fingerprint: 0x9048d741
Model has 16 linear objective coefficients and an objective constant of -45.282818705745
Model has 120 quadratic objective terms
Variable types: 0 continuous, 16 integer (16 binary)
Coefficient statistics:
  Matrix range     [1e+00, 1e+00]
  Objective range  [1e+01, 1e+01]
  QObjective range [2e+00, 4e+00]
  Bounds range     [1e+00, 1e+00]
  RHS range        [8e+00, 8e+00]
Found heuristic solution: objective 3.7869090
Variable types: 0 continuous, 136 integer (136 binary)

Root relaxation: objective -4.528282e+01, 5 iterations, 0.00 seconds (0.00 work units)

    Nodes    |    Current Node    |     Objective Bounds      |     Work
 Expl Unexpl |  Obj  Depth IntInf | Incumbent    BestBd   Gap | It/Node Time

     0     0  -45.28282    0   16    3.78691  -45.28282  1296%     -    0s
H    0     0                       3.4820984  -45.28282  1400%     -    0s
H    0     0                       2.8563832  -45.28282  1685%     -    0s
H    0     0                       2.6918351  -45.28282  1782%     -    0s
H    0     0                      -0.1849606  -45.28282      -     -    0s
     0     0   -3.81617    0   16   -0.18496   -3.81617  1963%     -    0s
     0     0   -3.70636    0   25   -0.18496   -3.70636  1904%     -    0s
     0     0   -3.28286    0   34   -0.18496   -3.28286  1675%     -    0s
     0     0   -3.25533    0   34   -0.18496   -3.25533  1660%     -    0s
     0     2   -3.17919    0   34   -0.18496   -3.17919  1619%     -    0s

Cutting planes:
  Cover: 1
  MIR: 19
  RLT: 14

Explored 65 nodes (2229 simplex iterations) in 0.05 seconds (0.04 work units)
Thread count was 8 (of 96 available processors)

Solution count 5: -0.184961 2.69184 2.85638 ... 3.78691

Optimal solution found (tolerance 1.00e-06)
Best objective -1.849606341170e-01, best bound -1.849606341170e-01, gap 0.0000%

User-callback calls 228, time in user-callback 0.00 sec
