
Gurobi 13.0.0 (linux64) logging started Sun May  3 10:54:25 2026

Set parameter LogFile to value "logs/N=16_layers=1_presolve_off/N=16/seed=30/quantum_layers=1/precond_pen=0.200.log"
Set parameter MIPGap to value 1e-06
Set parameter Threads to value 8
Set parameter Presolve to value 0
Gurobi Optimizer version 13.0.0 build v13.0.0rc1 (linux64 - "Oracle Linux Server 9.7")

CPU model: AMD EPYC 7643 48-Core Processor, instruction set [SSE2|AVX|AVX2]
Thread count: 48 physical cores, 96 logical processors, using up to 8 threads

Non-default parameters:
MIPGap  1e-06
Presolve  0
Threads  8

Optimize a model with 1 rows, 16 columns and 16 nonzeros (Min)
Model fingerprint: 0x9788b4ce
Model has 16 linear objective coefficients and an objective constant of -10.491618154906
Model has 120 quadratic objective terms
Variable types: 0 continuous, 16 integer (16 binary)
Coefficient statistics:
  Matrix range     [1e+00, 1e+00]
  Objective range  [7e-01, 5e+00]
  QObjective range [1e-02, 3e+00]
  Bounds range     [1e+00, 1e+00]
  RHS range        [8e+00, 8e+00]
Found heuristic solution: objective 2.4061621
Variable types: 0 continuous, 136 integer (136 binary)

Root relaxation: objective -1.625122e+01, 11 iterations, 0.00 seconds (0.00 work units)

    Nodes    |    Current Node    |     Objective Bounds      |     Work
 Expl Unexpl |  Obj  Depth IntInf | Incumbent    BestBd   Gap | It/Node Time

     0     0  -16.25122    0   16    2.40616  -16.25122   775%     -    0s
H    0     0                       2.3539655  -16.25122   790%     -    0s
H    0     0                       0.0777912  -16.25122      -     -    0s
H    0     0                      -6.9258557  -16.25122   135%     -    0s
     0     0   -9.28359    0   63   -6.92586   -9.28359  34.0%     -    0s

Cutting planes:
  Gomory: 8
  Cover: 3
  MIR: 51
  StrongCG: 1
  Zero half: 10
  RLT: 21
  BQP: 62

Explored 1 nodes (210 simplex iterations) in 0.02 seconds (0.02 work units)
Thread count was 8 (of 96 available processors)

Solution count 4: -6.92586 0.0777912 2.35397 2.40616 
No other solutions better than -6.92586

Optimal solution found (tolerance 1.00e-06)
Best objective -6.925855693772e+00, best bound -6.925855693772e+00, gap 0.0000%

User-callback calls 76, time in user-callback 0.00 sec
