
Gurobi 13.0.0 (linux64) logging started Sun May  3 10:58:48 2026

Set parameter LogFile to value "logs/N=16_layers=2_presolve_off/N=16/seed=27/quantum_layers=2/precond_pen=0.200.log"
Set parameter MIPGap to value 1e-06
Set parameter Threads to value 8
Set parameter Presolve to value 0
Gurobi Optimizer version 13.0.0 build v13.0.0rc1 (linux64 - "Oracle Linux Server 9.7")

CPU model: AMD EPYC 7643 48-Core Processor, instruction set [SSE2|AVX|AVX2]
Thread count: 48 physical cores, 96 logical processors, using up to 8 threads

Non-default parameters:
MIPGap  1e-06
Presolve  0
Threads  8

Optimize a model with 1 rows, 16 columns and 16 nonzeros (Min)
Model fingerprint: 0x0e62a890
Model has 16 linear objective coefficients and an objective constant of -2.0260125959331997e+01
Model has 120 quadratic objective terms
Variable types: 0 continuous, 16 integer (16 binary)
Coefficient statistics:
  Matrix range     [1e+00, 1e+00]
  Objective range  [4e-01, 8e+00]
  QObjective range [2e-03, 5e+00]
  Bounds range     [1e+00, 1e+00]
  RHS range        [8e+00, 8e+00]
Found heuristic solution: objective 3.8295518
Variable types: 0 continuous, 136 integer (136 binary)

Root relaxation: objective -2.745672e+01, 11 iterations, 0.00 seconds (0.00 work units)

    Nodes    |    Current Node    |     Objective Bounds      |     Work
 Expl Unexpl |  Obj  Depth IntInf | Incumbent    BestBd   Gap | It/Node Time

     0     0  -27.45672    0   16    3.82955  -27.45672   817%     -    0s
H    0     0                       0.5516935  -27.45672  5077%     -    0s
H    0     0                     -10.8059617  -27.45672   154%     -    0s
     0     0  -14.87700    0   56  -10.80596  -14.87700  37.7%     -    0s
     0     0  -14.77554    0   63  -10.80596  -14.77554  36.7%     -    0s
     0     0  -10.80596    0   76  -10.80596  -10.80596  0.00%     -    0s

Cutting planes:
  Gomory: 7
  MIR: 35
  Zero half: 12
  RLT: 14
  BQP: 40

Explored 1 nodes (311 simplex iterations) in 0.02 seconds (0.02 work units)
Thread count was 8 (of 96 available processors)

Solution count 3: -10.806 0.551694 3.82955 
No other solutions better than -10.806

Optimal solution found (tolerance 1.00e-06)
Best objective -1.080596165095e+01, best bound -1.080596165095e+01, gap 0.0000%

User-callback calls 81, time in user-callback 0.00 sec
