
Gurobi 13.0.0 (linux64) logging started Sun May  3 10:58:48 2026

Set parameter LogFile to value "logs/N=16_layers=2_presolve_off/N=16/seed=27/quantum_layers=2/precond_pen=0.800.log"
Set parameter MIPGap to value 1e-06
Set parameter Threads to value 8
Set parameter Presolve to value 0
Gurobi Optimizer version 13.0.0 build v13.0.0rc1 (linux64 - "Oracle Linux Server 9.7")

CPU model: AMD EPYC 7643 48-Core Processor, instruction set [SSE2|AVX|AVX2]
Thread count: 48 physical cores, 96 logical processors, using up to 8 threads

Non-default parameters:
MIPGap  1e-06
Presolve  0
Threads  8

Optimize a model with 1 rows, 16 columns and 16 nonzeros (Min)
Model fingerprint: 0x38c53122
Model has 16 linear objective coefficients and an objective constant of 6.4637352789310007e+00
Model has 120 quadratic objective terms
Variable types: 0 continuous, 16 integer (16 binary)
Coefficient statistics:
  Matrix range     [1e+00, 1e+00]
  Objective range  [1e+00, 2e+00]
  QObjective range [5e-03, 2e+00]
  Bounds range     [1e+00, 1e+00]
  RHS range        [8e+00, 8e+00]
Found heuristic solution: objective 0.5573266
Variable types: 0 continuous, 136 integer (136 binary)

Root relaxation: objective -1.060256e+01, 31 iterations, 0.00 seconds (0.00 work units)

    Nodes    |    Current Node    |     Objective Bounds      |     Work
 Expl Unexpl |  Obj  Depth IntInf | Incumbent    BestBd   Gap | It/Node Time

     0     0  -10.60256    0   16    0.55733  -10.60256  2002%     -    0s
H    0     0                      -4.4573306  -10.60256   138%     -    0s
H    0     0                      -4.6753011  -10.60256   127%     -    0s
     0     0   -5.00230    0   61   -4.67530   -5.00230  6.99%     -    0s

Cutting planes:
  Gomory: 16
  MIR: 77
  Zero half: 20
  RLT: 25
  BQP: 132

Explored 1 nodes (285 simplex iterations) in 0.03 seconds (0.02 work units)
Thread count was 8 (of 96 available processors)

Solution count 3: -4.6753 -4.45733 0.557327 
No other solutions better than -4.6753

Optimal solution found (tolerance 1.00e-06)
Best objective -4.675301062237e+00, best bound -4.675301062237e+00, gap 0.0000%

User-callback calls 75, time in user-callback 0.00 sec
