
Gurobi 13.0.0 (linux64) logging started Tue Mar 31 15:06:57 2026

Set parameter LogFile to value "logs/N=12_layers=3_presolve_off/N=12/seed=29/n_qaoa_layers=3/precond_pen=0.700.log"
Set parameter MIPGap to value 1e-06
Set parameter Threads to value 8
Set parameter Presolve to value 0
Gurobi Optimizer version 13.0.0 build v13.0.0rc1 (linux64 - "Oracle Linux Server 9.7")

CPU model: AMD EPYC 7643 48-Core Processor, instruction set [SSE2|AVX|AVX2]
Thread count: 48 physical cores, 96 logical processors, using up to 8 threads

Non-default parameters:
MIPGap  1e-06
Presolve  0
Threads  8

Optimize a model with 1 rows, 12 columns and 12 nonzeros (Min)
Model fingerprint: 0x62bb89a2
Model has 12 linear objective coefficients and an objective constant of 4.8862607243449991e+00
Model has 66 quadratic objective terms
Variable types: 0 continuous, 12 integer (12 binary)
Coefficient statistics:
  Matrix range     [1e+00, 1e+00]
  Objective range  [1e+00, 2e+00]
  QObjective range [2e-03, 3e+00]
  Bounds range     [1e+00, 1e+00]
  RHS range        [6e+00, 6e+00]
Found heuristic solution: objective 0.8459700
Variable types: 0 continuous, 78 integer (78 binary)

Root relaxation: objective -1.105287e+01, 14 iterations, 0.00 seconds (0.00 work units)

    Nodes    |    Current Node    |     Objective Bounds      |     Work
 Expl Unexpl |  Obj  Depth IntInf | Incumbent    BestBd   Gap | It/Node Time

     0     0  -11.05287    0   12    0.84597  -11.05287  1407%     -    0s
H    0     0                      -1.9094824  -11.05287   479%     -    0s
H    0     0                      -2.3331702  -11.05287   374%     -    0s
H    0     0                      -2.8507317  -11.05287   288%     -    0s
H    0     0                      -7.7289996  -11.05287  43.0%     -    0s

Cutting planes:
  Gomory: 1
  MIR: 18
  Zero half: 19
  RLT: 16
  BQP: 52

Explored 1 nodes (14 simplex iterations) in 0.01 seconds (0.00 work units)
Thread count was 8 (of 96 available processors)

Solution count 5: -7.729 -2.85073 -2.33317 ... 0.84597
No other solutions better than -7.729

Optimal solution found (tolerance 1.00e-06)
Best objective -7.728999614131e+00, best bound -7.728999614131e+00, gap 0.0000%

User-callback calls 66, time in user-callback 0.00 sec

Gurobi 13.0.0 (linux64) logging started Tue Mar 31 15:10:56 2026

Set parameter LogFile to value "logs/N=12_layers=3_presolve_off/N=12/seed=29/n_qaoa_layers=3/precond_pen=0.700.log"
Set parameter MIPGap to value 1e-06
Set parameter Threads to value 8
Set parameter Presolve to value 0
Gurobi Optimizer version 13.0.0 build v13.0.0rc1 (linux64 - "Oracle Linux Server 9.7")

CPU model: AMD EPYC 7643 48-Core Processor, instruction set [SSE2|AVX|AVX2]
Thread count: 48 physical cores, 96 logical processors, using up to 8 threads

Non-default parameters:
MIPGap  1e-06
Presolve  0
Threads  8

Optimize a model with 1 rows, 12 columns and 12 nonzeros (Min)
Model fingerprint: 0x62bb89a2
Model has 12 linear objective coefficients and an objective constant of 4.8862607243449991e+00
Model has 66 quadratic objective terms
Variable types: 0 continuous, 12 integer (12 binary)
Coefficient statistics:
  Matrix range     [1e+00, 1e+00]
  Objective range  [1e+00, 2e+00]
  QObjective range [2e-03, 3e+00]
  Bounds range     [1e+00, 1e+00]
  RHS range        [6e+00, 6e+00]
Found heuristic solution: objective 0.8459700
Variable types: 0 continuous, 78 integer (78 binary)

Root relaxation: objective -1.105287e+01, 14 iterations, 0.00 seconds (0.00 work units)

    Nodes    |    Current Node    |     Objective Bounds      |     Work
 Expl Unexpl |  Obj  Depth IntInf | Incumbent    BestBd   Gap | It/Node Time

     0     0  -11.05287    0   12    0.84597  -11.05287  1407%     -    0s
H    0     0                      -1.9094824  -11.05287   479%     -    0s
H    0     0                      -2.3331702  -11.05287   374%     -    0s
H    0     0                      -2.8507317  -11.05287   288%     -    0s
H    0     0                      -7.7289996  -11.05287  43.0%     -    0s

Cutting planes:
  Gomory: 1
  MIR: 18
  Zero half: 19
  RLT: 16
  BQP: 52

Explored 1 nodes (14 simplex iterations) in 0.01 seconds (0.00 work units)
Thread count was 8 (of 96 available processors)

Solution count 5: -7.729 -2.85073 -2.33317 ... 0.84597
No other solutions better than -7.729

Optimal solution found (tolerance 1.00e-06)
Best objective -7.728999614131e+00, best bound -7.728999614131e+00, gap 0.0000%

User-callback calls 66, time in user-callback 0.00 sec
