
Gurobi 13.0.0 (linux64) logging started Sun May  3 10:54:04 2026

Set parameter LogFile to value "logs/N=16_layers=1_presolve_on/N=16/seed=43/quantum_layers=1/precond_pen=0.200.log"
Set parameter MIPGap to value 1e-06
Set parameter Threads to value 8
Gurobi Optimizer version 13.0.0 build v13.0.0rc1 (linux64 - "Oracle Linux Server 9.7")

CPU model: AMD EPYC 7643 48-Core Processor, instruction set [SSE2|AVX|AVX2]
Thread count: 48 physical cores, 96 logical processors, using up to 8 threads

Non-default parameters:
MIPGap  1e-06
Threads  8

Optimize a model with 1 rows, 16 columns and 16 nonzeros (Min)
Model fingerprint: 0x379dec9e
Model has 16 linear objective coefficients and an objective constant of -1.1980065519012001e+01
Model has 120 quadratic objective terms
Variable types: 0 continuous, 16 integer (16 binary)
Coefficient statistics:
  Matrix range     [1e+00, 1e+00]
  Objective range  [1e+00, 5e+00]
  QObjective range [2e-03, 3e+00]
  Bounds range     [1e+00, 1e+00]
  RHS range        [8e+00, 8e+00]
Found heuristic solution: objective 0.4471466
Presolve time: 0.00s
Presolved: 121 rows, 136 columns, 376 nonzeros
Variable types: 0 continuous, 136 integer (136 binary)

Root relaxation: objective -1.975975e+01, 21 iterations, 0.00 seconds (0.00 work units)

    Nodes    |    Current Node    |     Objective Bounds      |     Work
 Expl Unexpl |  Obj  Depth IntInf | Incumbent    BestBd   Gap | It/Node Time

     0     0  -19.75975    0   16    0.44715  -19.75975  4519%     -    0s
H    0     0                      -3.4680866  -19.75975   470%     -    0s
H    0     0                      -5.8875309  -19.75975   236%     -    0s
     0     0  -11.88342    0   45   -5.88753  -11.88342   102%     -    0s
     0     0   -9.07045    0   82   -5.88753   -9.07045  54.1%     -    0s
     0     0   -8.99749    0   82   -5.88753   -8.99749  52.8%     -    0s
     0     2   -8.99749    0   82   -5.88753   -8.99749  52.8%     -    0s
H   53    19                      -6.1290898   -7.62061  24.3%  31.5    0s

Cutting planes:
  Gomory: 4
  Cover: 1
  Dual implied bound: 14
  MIR: 13
  Zero half: 5
  RLT: 22
  BQP: 34

Explored 84 nodes (2445 simplex iterations) in 0.06 seconds (0.05 work units)
Thread count was 8 (of 96 available processors)

Solution count 4: -6.12909 -5.88753 -3.46809 0.447147 
No other solutions better than -6.12909

Optimal solution found (tolerance 1.00e-06)
Best objective -6.129089814928e+00, best bound -6.129089814928e+00, gap 0.0000%

User-callback calls 369, time in user-callback 0.00 sec
