
Gurobi 13.0.0 (linux64) logging started Sun May  3 10:54:04 2026

Set parameter LogFile to value "logs/N=16_layers=1_presolve_on/N=16/seed=43/quantum_layers=1/precond_pen=0.000.log"
Set parameter MIPGap to value 1e-06
Set parameter Threads to value 8
Gurobi Optimizer version 13.0.0 build v13.0.0rc1 (linux64 - "Oracle Linux Server 9.7")

CPU model: AMD EPYC 7643 48-Core Processor, instruction set [SSE2|AVX|AVX2]
Thread count: 48 physical cores, 96 logical processors, using up to 8 threads

Non-default parameters:
MIPGap  1e-06
Threads  8

Optimize a model with 1 rows, 16 columns and 16 nonzeros (Min)
Model fingerprint: 0x9f1d64a2
Model has 16 linear objective coefficients and an objective constant of -4.5318753509939974e+01
Model has 120 quadratic objective terms
Variable types: 0 continuous, 16 integer (16 binary)
Coefficient statistics:
  Matrix range     [1e+00, 1e+00]
  Objective range  [9e+00, 1e+01]
  QObjective range [2e+00, 4e+00]
  Bounds range     [1e+00, 1e+00]
  RHS range        [8e+00, 8e+00]
Found heuristic solution: objective 2.8145400
Presolve time: 0.00s
Presolved: 121 rows, 136 columns, 376 nonzeros
Variable types: 0 continuous, 136 integer (136 binary)

Root relaxation: objective -4.531875e+01, 10 iterations, 0.00 seconds (0.00 work units)

    Nodes    |    Current Node    |     Objective Bounds      |     Work
 Expl Unexpl |  Obj  Depth IntInf | Incumbent    BestBd   Gap | It/Node Time

     0     0  -45.31875    0   16    2.81454  -45.31875  1710%     -    0s
H    0     0                       2.6155922  -45.31875  1833%     -    0s
H    0     0                       0.0987911  -45.31875      -     -    0s
     0     0   -4.01972    0   22    0.09879   -4.01972  4169%     -    0s
     0     0   -2.15957    0   66    0.09879   -2.15957  2286%     -    0s
     0     0   -2.11740    0   66    0.09879   -2.11740  2243%     -    0s
     0     2   -2.10083    0   66    0.09879   -2.10083  2227%     -    0s

Cutting planes:
  Gomory: 1
  Dual implied bound: 28
  MIR: 9
  RLT: 14

Explored 40 nodes (1698 simplex iterations) in 0.06 seconds (0.05 work units)
Thread count was 8 (of 96 available processors)

Solution count 3: 0.0987911 2.61559 2.81454 

Optimal solution found (tolerance 1.00e-06)
Best objective 9.879112533003e-02, best bound 9.879112533003e-02, gap 0.0000%

User-callback calls 271, time in user-callback 0.00 sec
