
Gurobi 13.0.0 (linux64) logging started Sun May  3 10:54:04 2026

Set parameter LogFile to value "logs/N=16_layers=1_presolve_on/N=16/seed=43/quantum_layers=1/precond_pen=1.000.log"
Set parameter MIPGap to value 1e-06
Set parameter Threads to value 8
Gurobi Optimizer version 13.0.0 build v13.0.0rc1 (linux64 - "Oracle Linux Server 9.7")

CPU model: AMD EPYC 7643 48-Core Processor, instruction set [SSE2|AVX|AVX2]
Thread count: 48 physical cores, 96 logical processors, using up to 8 threads

Non-default parameters:
MIPGap  1e-06
Threads  8

Optimize a model with 1 rows, 16 columns and 16 nonzeros (Min)
Model fingerprint: 0x622c2e6b
Model has 16 linear objective coefficients and an objective constant of 6.7577030077680025e+00
Model has 120 quadratic objective terms
Variable types: 0 continuous, 16 integer (16 binary)
Coefficient statistics:
  Matrix range     [1e+00, 1e+00]
  Objective range  [2e+00, 2e+00]
  QObjective range [2e-01, 8e-01]
  Bounds range     [1e+00, 1e+00]
  RHS range        [8e+00, 8e+00]
Found heuristic solution: objective -0.4778599
Presolve time: 0.00s
Presolved: 121 rows, 136 columns, 376 nonzeros
Variable types: 0 continuous, 136 integer (136 binary)

Root relaxation: objective -6.757703e+00, 54 iterations, 0.00 seconds (0.00 work units)

    Nodes    |    Current Node    |     Objective Bounds      |     Work
 Expl Unexpl |  Obj  Depth IntInf | Incumbent    BestBd   Gap | It/Node Time

     0     0   -6.75770    0   16   -0.47786   -6.75770  1314%     -    0s
H    0     0                      -0.7577449   -6.75770   792%     -    0s
H    0     0                      -0.8079660   -6.75770   736%     -    0s
H    0     0                      -1.0129423   -6.75770   567%     -    0s
H    0     0                      -1.2210518   -4.95099   305%     -    0s
     0     0   -1.22633    0  101   -1.22105   -1.22633  0.43%     -    0s

Cutting planes:
  Gomory: 2
  Cover: 10
  Dual implied bound: 3
  MIR: 91
  StrongCG: 1
  Zero half: 23
  RLT: 33
  BQP: 289

Explored 1 nodes (1116 simplex iterations) in 0.12 seconds (0.08 work units)
Thread count was 8 (of 96 available processors)

Solution count 5: -1.22105 -1.01294 -0.807966 ... -0.47786
No other solutions better than -1.22105

Optimal solution found (tolerance 1.00e-06)
Best objective -1.221051785292e+00, best bound -1.221051785292e+00, gap 0.0000%

User-callback calls 181, time in user-callback 0.00 sec
