
Gurobi 13.0.0 (linux64) logging started Sun May  3 10:53:43 2026

Set parameter LogFile to value "logs/N=16_layers=1_presolve_on/N=16/seed=9/quantum_layers=1/precond_pen=0.400.log"
Set parameter MIPGap to value 1e-06
Set parameter Threads to value 8
Gurobi Optimizer version 13.0.0 build v13.0.0rc1 (linux64 - "Oracle Linux Server 9.7")

CPU model: AMD EPYC 7643 48-Core Processor, instruction set [SSE2|AVX|AVX2]
Thread count: 48 physical cores, 96 logical processors, using up to 8 threads

Non-default parameters:
MIPGap  1e-06
Threads  8

Optimize a model with 1 rows, 16 columns and 16 nonzeros (Min)
Model fingerprint: 0x8cdf79c5
Model has 16 linear objective coefficients and an objective constant of 5.1090700334
Model has 120 quadratic objective terms
Variable types: 0 continuous, 16 integer (16 binary)
Coefficient statistics:
  Matrix range     [1e+00, 1e+00]
  Objective range  [5e-01, 2e+00]
  QObjective range [9e-03, 2e+00]
  Bounds range     [1e+00, 1e+00]
  RHS range        [8e+00, 8e+00]
Found heuristic solution: objective -1.2155303
Presolve time: 0.00s
Presolved: 121 rows, 136 columns, 376 nonzeros
Variable types: 0 continuous, 136 integer (136 binary)

Root relaxation: objective -1.100174e+01, 24 iterations, 0.00 seconds (0.00 work units)

    Nodes    |    Current Node    |     Objective Bounds      |     Work
 Expl Unexpl |  Obj  Depth IntInf | Incumbent    BestBd   Gap | It/Node Time

     0     0  -11.00174    0   16   -1.21553  -11.00174   805%     -    0s
H    0     0                      -1.3861282  -11.00174   694%     -    0s
H    0     0                      -5.5069129  -11.00174   100%     -    0s
     0     0   -5.61306    0   64   -5.50691   -5.61306  1.93%     -    0s
     0     0     cutoff    0        -5.50691   -5.50691  0.00%     -    0s

Cutting planes:
  Gomory: 1
  MIR: 54
  Zero half: 42
  RLT: 38
  BQP: 157

Explored 1 nodes (235 simplex iterations) in 0.02 seconds (0.01 work units)
Thread count was 8 (of 96 available processors)

Solution count 3: -5.50691 -1.38613 -1.21553 
No other solutions better than -5.50691

Optimal solution found (tolerance 1.00e-06)
Best objective -5.506912942500e+00, best bound -5.506912942500e+00, gap 0.0000%

User-callback calls 165, time in user-callback 0.00 sec
