
Gurobi 13.0.0 (linux64) logging started Sun May  3 10:53:43 2026

Set parameter LogFile to value "logs/N=16_layers=1_presolve_on/N=16/seed=9/quantum_layers=1/precond_pen=0.200.log"
Set parameter MIPGap to value 1e-06
Set parameter Threads to value 8
Gurobi Optimizer version 13.0.0 build v13.0.0rc1 (linux64 - "Oracle Linux Server 9.7")

CPU model: AMD EPYC 7643 48-Core Processor, instruction set [SSE2|AVX|AVX2]
Thread count: 48 physical cores, 96 logical processors, using up to 8 threads

Non-default parameters:
MIPGap  1e-06
Threads  8

Optimize a model with 1 rows, 16 columns and 16 nonzeros (Min)
Model fingerprint: 0x16a56124
Model has 16 linear objective coefficients and an objective constant of -1.3559157358159998e+01
Model has 120 quadratic objective terms
Variable types: 0 continuous, 16 integer (16 binary)
Coefficient statistics:
  Matrix range     [1e+00, 1e+00]
  Objective range  [4e-01, 6e+00]
  QObjective range [6e-02, 3e+00]
  Bounds range     [1e+00, 1e+00]
  RHS range        [8e+00, 8e+00]
Found heuristic solution: objective -0.5743200
Presolve time: 0.00s
Presolved: 121 rows, 136 columns, 376 nonzeros
Variable types: 0 continuous, 136 integer (136 binary)

Root relaxation: objective -1.997634e+01, 11 iterations, 0.00 seconds (0.00 work units)

    Nodes    |    Current Node    |     Objective Bounds      |     Work
 Expl Unexpl |  Obj  Depth IntInf | Incumbent    BestBd   Gap | It/Node Time

     0     0  -19.97634    0   16   -0.57432  -19.97634  3378%     -    0s
H    0     0                      -3.5295291  -19.97634   466%     -    0s
H    0     0                      -5.3907005  -19.97634   271%     -    0s
H    0     0                      -6.0303126  -19.97634   231%     -    0s
     0     0   -9.26821    0   90   -6.03031   -9.26821  53.7%     -    0s
     0     0   -7.59018    0  104   -6.03031   -7.59018  25.9%     -    0s
     0     0   -7.53862    0  104   -6.03031   -7.53862  25.0%     -    0s
     0     2   -7.53862    0  104   -6.03031   -7.53862  25.0%     -    0s

Cutting planes:
  Gomory: 1
  Dual implied bound: 12
  MIR: 13
  Zero half: 4
  RLT: 28
  BQP: 36

Explored 16 nodes (1074 simplex iterations) in 0.05 seconds (0.05 work units)
Thread count was 8 (of 96 available processors)

Solution count 4: -6.03031 -5.3907 -3.52953 -0.57432 
No other solutions better than -6.03031

Optimal solution found (tolerance 1.00e-06)
Best objective -6.030312596512e+00, best bound -6.030312596512e+00, gap 0.0000%

User-callback calls 227, time in user-callback 0.00 sec
