
Gurobi 13.0.0 (linux64) logging started Sun May  3 10:53:43 2026

Set parameter LogFile to value "logs/N=16_layers=1_presolve_on/N=16/seed=9/quantum_layers=1/precond_pen=0.000.log"
Set parameter MIPGap to value 1e-06
Set parameter Threads to value 8
Gurobi Optimizer version 13.0.0 build v13.0.0rc1 (linux64 - "Oracle Linux Server 9.7")

CPU model: AMD EPYC 7643 48-Core Processor, instruction set [SSE2|AVX|AVX2]
Thread count: 48 physical cores, 96 logical processors, using up to 8 threads

Non-default parameters:
MIPGap  1e-06
Threads  8

Optimize a model with 1 rows, 16 columns and 16 nonzeros (Min)
Model fingerprint: 0x133bb129
Model has 16 linear objective coefficients and an objective constant of -4.5788668079802008e+01
Model has 120 quadratic objective terms
Variable types: 0 continuous, 16 integer (16 binary)
Coefficient statistics:
  Matrix range     [1e+00, 1e+00]
  Objective range  [9e+00, 1e+01]
  QObjective range [2e+00, 4e+00]
  Bounds range     [1e+00, 1e+00]
  RHS range        [8e+00, 8e+00]
Found heuristic solution: objective 2.5624956
Presolve time: 0.00s
Presolved: 121 rows, 136 columns, 376 nonzeros
Variable types: 0 continuous, 136 integer (136 binary)

Root relaxation: objective -4.578867e+01, 7 iterations, 0.00 seconds (0.00 work units)

    Nodes    |    Current Node    |     Objective Bounds      |     Work
 Expl Unexpl |  Obj  Depth IntInf | Incumbent    BestBd   Gap | It/Node Time

     0     0  -45.78867    0   16    2.56250  -45.78867  1887%     -    0s
H    0     0                       0.4502181  -45.78867      -     -    0s
     0     0   -4.51868    0   16    0.45022   -4.51868  1104%     -    0s
     0     0   -4.41587    0   24    0.45022   -4.41587  1081%     -    0s
     0     0   -2.24166    0   71    0.45022   -2.24166   598%     -    0s
     0     0   -2.21423    0   71    0.45022   -2.21423   592%     -    0s
     0     2   -2.20611    0   71    0.45022   -2.20611   590%     -    0s
*   25     4               5       0.1976150   -0.34484   275%  53.3    0s

Cutting planes:
  Gomory: 2
  Dual implied bound: 25
  MIR: 16
  RLT: 14

Explored 60 nodes (2402 simplex iterations) in 0.06 seconds (0.06 work units)
Thread count was 8 (of 96 available processors)

Solution count 3: 0.197615 0.450218 2.5625 

Optimal solution found (tolerance 1.00e-06)
Best objective 1.976150393560e-01, best bound 1.976150393560e-01, gap 0.0000%

User-callback calls 319, time in user-callback 0.00 sec
