
Gurobi 13.0.0 (linux64) logging started Sun May  3 10:53:43 2026

Set parameter LogFile to value "logs/N=16_layers=1_presolve_on/N=16/seed=9/quantum_layers=1/precond_pen=0.600.log"
Set parameter MIPGap to value 1e-06
Set parameter Threads to value 8
Gurobi Optimizer version 13.0.0 build v13.0.0rc1 (linux64 - "Oracle Linux Server 9.7")

CPU model: AMD EPYC 7643 48-Core Processor, instruction set [SSE2|AVX|AVX2]
Thread count: 48 physical cores, 96 logical processors, using up to 8 threads

Non-default parameters:
MIPGap  1e-06
Threads  8

Optimize a model with 1 rows, 16 columns and 16 nonzeros (Min)
Model fingerprint: 0x64aad39a
Model has 16 linear objective coefficients and an objective constant of 6.5536904457499991e+00
Model has 120 quadratic objective terms
Variable types: 0 continuous, 16 integer (16 binary)
Coefficient statistics:
  Matrix range     [1e+00, 1e+00]
  Objective range  [1e+00, 2e+00]
  QObjective range [2e-02, 1e+00]
  Bounds range     [1e+00, 1e+00]
  RHS range        [8e+00, 8e+00]
Found heuristic solution: objective -0.8766714
Presolve time: 0.00s
Presolved: 121 rows, 136 columns, 376 nonzeros
Variable types: 0 continuous, 136 integer (136 binary)

Root relaxation: objective -6.816339e+00, 47 iterations, 0.00 seconds (0.00 work units)

    Nodes    |    Current Node    |     Objective Bounds      |     Work
 Expl Unexpl |  Obj  Depth IntInf | Incumbent    BestBd   Gap | It/Node Time

     0     0   -6.81634    0   16   -0.87667   -6.81634   678%     -    0s
H    0     0                      -1.2311571   -6.81634   454%     -    0s
H    0     0                      -1.3035088   -6.81634   423%     -    0s
H    0     0                      -2.3724585   -6.81634   187%     -    0s
     0     0   -2.42800    0   70   -2.37246   -2.42800  2.34%     -    0s

Cutting planes:
  Gomory: 6
  MIR: 59
  Zero half: 36
  RLT: 30
  BQP: 246

Explored 1 nodes (277 simplex iterations) in 0.05 seconds (0.03 work units)
Thread count was 8 (of 96 available processors)

Solution count 4: -2.37246 -1.30351 -1.23116 -0.876671 
No other solutions better than -2.37246

Optimal solution found (tolerance 1.00e-06)
Best objective -2.372458467220e+00, best bound -2.372458467220e+00, gap 0.0000%

User-callback calls 173, time in user-callback 0.00 sec
