
Gurobi 13.0.0 (linux64) logging started Sun Mar 22 16:50:40 2026

Set parameter LogFile to value "logs/N=12_presolve_on/N=12/seed=34/n_qaoa_layers=1/precond_pen=0.400.log"
Set parameter MIPGap to value 1e-06
Set parameter Threads to value 8
Gurobi Optimizer version 13.0.0 build v13.0.0rc1 (linux64 - "Oracle Linux Server 9.7")

CPU model: AMD EPYC 7643 48-Core Processor, instruction set [SSE2|AVX|AVX2]
Thread count: 48 physical cores, 96 logical processors, using up to 8 threads

Non-default parameters:
MIPGap  1e-06
Threads  8

Optimize a model with 1 rows, 12 columns and 12 nonzeros (Min)
Model fingerprint: 0xa6261ae5
Model has 12 linear objective coefficients and an objective constant of 4.1321957169680008e+00
Model has 66 quadratic objective terms
Variable types: 0 continuous, 12 integer (12 binary)
Coefficient statistics:
  Matrix range     [1e+00, 1e+00]
  Objective range  [1e+00, 2e+00]
  QObjective range [4e-02, 3e+00]
  Bounds range     [1e+00, 1e+00]
  RHS range        [6e+00, 6e+00]
Found heuristic solution: objective 0.7991383
Presolve time: 0.00s
Presolved: 67 rows, 78 columns, 210 nonzeros
Variable types: 0 continuous, 78 integer (78 binary)

Root relaxation: objective -7.942230e+00, 16 iterations, 0.00 seconds (0.00 work units)

    Nodes    |    Current Node    |     Objective Bounds      |     Work
 Expl Unexpl |  Obj  Depth IntInf | Incumbent    BestBd   Gap | It/Node Time

     0     0   -7.94223    0   12    0.79914   -7.94223  1094%     -    0s
H    0     0                      -0.4605202   -7.94223  1625%     -    0s
H    0     0                      -0.5549890   -7.94223  1331%     -    0s
H    0     0                      -0.6128678   -7.94223  1196%     -    0s
H    0     0                      -3.6790377   -7.94223   116%     -    0s
     0     0   -3.67904    0   40   -3.67904   -3.67904  0.00%     -    0s

Cutting planes:
  Gomory: 1
  MIR: 19
  Zero half: 13
  RLT: 23
  BQP: 63

Explored 1 nodes (110 simplex iterations) in 0.01 seconds (0.00 work units)
Thread count was 8 (of 96 available processors)

Solution count 5: -3.67904 -0.612868 -0.554989 ... 0.799138
No other solutions better than -3.67904

Optimal solution found (tolerance 1.00e-06)
Best objective -3.679037660032e+00, best bound -3.679037660032e+00, gap 0.0000%

User-callback calls 166, time in user-callback 0.00 sec
