
Gurobi 13.0.0 (linux64) logging started Sun May  3 11:06:42 2026

Set parameter LogFile to value "logs/N=12_layers=2_presolve_off/N=12/seed=45/quantum_layers=2/precond_pen=0.600.log"
Set parameter MIPGap to value 1e-06
Set parameter Threads to value 8
Set parameter Presolve to value 0
Gurobi Optimizer version 13.0.0 build v13.0.0rc1 (linux64 - "Oracle Linux Server 9.7")

CPU model: AMD EPYC 7643 48-Core Processor, instruction set [SSE2|AVX|AVX2]
Thread count: 48 physical cores, 96 logical processors, using up to 8 threads

Non-default parameters:
MIPGap  1e-06
Presolve  0
Threads  8

Optimize a model with 1 rows, 12 columns and 12 nonzeros (Min)
Model fingerprint: 0xde192900
Model has 12 linear objective coefficients and an objective constant of 4.3199694317899988e+00
Model has 66 quadratic objective terms
Variable types: 0 continuous, 12 integer (12 binary)
Coefficient statistics:
  Matrix range     [1e+00, 1e+00]
  Objective range  [1e+00, 2e+00]
  QObjective range [6e-03, 3e+00]
  Bounds range     [1e+00, 1e+00]
  RHS range        [6e+00, 6e+00]
Found heuristic solution: objective -0.7173865
Variable types: 0 continuous, 78 integer (78 binary)

Root relaxation: objective -9.042479e+00, 14 iterations, 0.00 seconds (0.00 work units)

    Nodes    |    Current Node    |     Objective Bounds      |     Work
 Expl Unexpl |  Obj  Depth IntInf | Incumbent    BestBd   Gap | It/Node Time

     0     0   -9.04248    0   12   -0.71739   -9.04248  1160%     -    0s
H    0     0                      -3.5689570   -9.04248   153%     -    0s
H    0     0                      -3.6070224   -9.04248   151%     -    0s
H    0     0                      -3.8130109   -9.04248   137%     -    0s
H    0     0                      -4.7490179   -9.04248  90.4%     -    0s
     0     0   -4.74902    0   32   -4.74902   -4.74902  0.00%     -    0s

Cutting planes:
  Gomory: 1
  MIR: 21
  Zero half: 12
  RLT: 14
  BQP: 55

Explored 1 nodes (107 simplex iterations) in 0.01 seconds (0.00 work units)
Thread count was 8 (of 96 available processors)

Solution count 5: -4.74902 -3.81301 -3.60702 ... -0.717387
No other solutions better than -4.74902

Optimal solution found (tolerance 1.00e-06)
Best objective -4.749017929022e+00, best bound -4.749017929022e+00, gap 0.0000%

User-callback calls 71, time in user-callback 0.00 sec
