
Gurobi 13.0.0 (linux64) logging started Sun May  3 10:58:47 2026

Set parameter LogFile to value "logs/N=16_layers=2_presolve_off/N=16/seed=25/quantum_layers=2/precond_pen=0.700.log"
Set parameter MIPGap to value 1e-06
Set parameter Threads to value 8
Set parameter Presolve to value 0
Gurobi Optimizer version 13.0.0 build v13.0.0rc1 (linux64 - "Oracle Linux Server 9.7")

CPU model: AMD EPYC 7643 48-Core Processor, instruction set [SSE2|AVX|AVX2]
Thread count: 48 physical cores, 96 logical processors, using up to 8 threads

Non-default parameters:
MIPGap  1e-06
Presolve  0
Threads  8

Optimize a model with 1 rows, 16 columns and 16 nonzeros (Min)
Model fingerprint: 0x586cb953
Model has 16 linear objective coefficients and an objective constant of 6.35528854974
Model has 120 quadratic objective terms
Variable types: 0 continuous, 16 integer (16 binary)
Coefficient statistics:
  Matrix range     [1e+00, 1e+00]
  Objective range  [1e+00, 2e+00]
  QObjective range [1e-02, 2e+00]
  Bounds range     [1e+00, 1e+00]
  RHS range        [8e+00, 8e+00]
Found heuristic solution: objective -2.7805186
Variable types: 0 continuous, 136 integer (136 binary)

Root relaxation: objective -1.201764e+01, 38 iterations, 0.00 seconds (0.00 work units)

    Nodes    |    Current Node    |     Objective Bounds      |     Work
 Expl Unexpl |  Obj  Depth IntInf | Incumbent    BestBd   Gap | It/Node Time

     0     0  -12.01764    0   16   -2.78052  -12.01764   332%     -    0s
H    0     0                      -3.1662605  -12.01764   280%     -    0s
H    0     0                      -4.7951407  -12.01764   151%     -    0s
H    0     0                      -5.0393436  -12.01764   138%     -    0s
     0     0   -5.45557    0   70   -5.03934   -5.45557  8.26%     -    0s
     0     0   -5.42730    0  101   -5.03934   -5.42730  7.70%     -    0s

Cutting planes:
  Gomory: 14
  MIR: 18
  Zero half: 24
  RLT: 16
  BQP: 71

Explored 1 nodes (322 simplex iterations) in 0.03 seconds (0.02 work units)
Thread count was 8 (of 96 available processors)

Solution count 4: -5.03934 -4.79514 -3.16626 -2.78052 
No other solutions better than -5.03934

Optimal solution found (tolerance 1.00e-06)
Best objective -5.039343626628e+00, best bound -5.039343626628e+00, gap 0.0000%

User-callback calls 79, time in user-callback 0.00 sec
