
Gurobi 13.0.0 (linux64) logging started Sun May  3 10:58:47 2026

Set parameter LogFile to value "logs/N=16_layers=2_presolve_off/N=16/seed=25/quantum_layers=2/precond_pen=0.800.log"
Set parameter MIPGap to value 1e-06
Set parameter Threads to value 8
Set parameter Presolve to value 0
Gurobi Optimizer version 13.0.0 build v13.0.0rc1 (linux64 - "Oracle Linux Server 9.7")

CPU model: AMD EPYC 7643 48-Core Processor, instruction set [SSE2|AVX|AVX2]
Thread count: 48 physical cores, 96 logical processors, using up to 8 threads

Non-default parameters:
MIPGap  1e-06
Presolve  0
Threads  8

Optimize a model with 1 rows, 16 columns and 16 nonzeros (Min)
Model fingerprint: 0x1312c3c4
Model has 16 linear objective coefficients and an objective constant of 6.5295509243079994e+00
Model has 120 quadratic objective terms
Variable types: 0 continuous, 16 integer (16 binary)
Coefficient statistics:
  Matrix range     [1e+00, 1e+00]
  Objective range  [1e+00, 2e+00]
  QObjective range [2e-03, 2e+00]
  Bounds range     [1e+00, 1e+00]
  RHS range        [8e+00, 8e+00]
Found heuristic solution: objective -2.3050082
Variable types: 0 continuous, 136 integer (136 binary)

Root relaxation: objective -1.022159e+01, 55 iterations, 0.00 seconds (0.00 work units)

    Nodes    |    Current Node    |     Objective Bounds      |     Work
 Expl Unexpl |  Obj  Depth IntInf | Incumbent    BestBd   Gap | It/Node Time

     0     0  -10.22159    0   16   -2.30501  -10.22159   343%     -    0s
H    0     0                      -2.3464405  -10.22159   336%     -    0s
H    0     0                      -2.3836959  -10.22159   329%     -    0s
H    0     0                      -4.0924466  -10.22159   150%     -    0s
     0     0   -4.38626    0   70   -4.09245   -4.38626  7.18%     -    0s

Cutting planes:
  Gomory: 14
  MIR: 116
  StrongCG: 7
  Flow cover: 25
  Zero half: 31
  RLT: 25
  BQP: 118

Explored 1 nodes (374 simplex iterations) in 0.04 seconds (0.03 work units)
Thread count was 8 (of 96 available processors)

Solution count 4: -4.09245 -2.3837 -2.34644 -2.30501 
No other solutions better than -4.09245

Optimal solution found (tolerance 1.00e-06)
Best objective -4.092446631058e+00, best bound -4.092446631058e+00, gap 0.0000%

User-callback calls 78, time in user-callback 0.00 sec
