
Gurobi 13.0.0 (linux64) logging started Sun Mar 22 16:50:45 2026

Set parameter LogFile to value "logs/N=12_presolve_off/N=12/seed=16/n_qaoa_layers=1/baseline.log"
Set parameter MIPGap to value 1e-06
Set parameter Threads to value 8
Set parameter Presolve to value 0
Gurobi Optimizer version 13.0.0 build v13.0.0rc1 (linux64 - "Oracle Linux Server 9.7")

CPU model: AMD EPYC 7643 48-Core Processor, instruction set [SSE2|AVX|AVX2]
Thread count: 48 physical cores, 96 logical processors, using up to 8 threads

Non-default parameters:
MIPGap  1e-06
Presolve  0
Threads  8

Optimize a model with 1 rows, 12 columns and 12 nonzeros (Min)
Model fingerprint: 0x25299587
Model has 12 linear objective coefficients and an objective constant of 1.0035305919586790e-12
Model has 66 quadratic objective terms
Variable types: 0 continuous, 12 integer (12 binary)
Coefficient statistics:
  Matrix range     [1e+00, 1e+00]
  Objective range  [9e+00, 1e+01]
  QObjective range [5e-02, 8e+00]
  Bounds range     [1e+00, 1e+00]
  RHS range        [6e+00, 6e+00]
Found heuristic solution: objective 39.4482387
Variable types: 0 continuous, 78 integer (78 binary)

Root relaxation: objective 1.006195e-12, 6 iterations, 0.00 seconds (0.00 work units)

    Nodes    |    Current Node    |     Objective Bounds      |     Work
 Expl Unexpl |  Obj  Depth IntInf | Incumbent    BestBd   Gap | It/Node Time

     0     0    0.00000    0   12   39.44824    0.00000   100%     -    0s
H    0     0                      38.5252673    0.00000   100%     -    0s
H    0     0                      38.1570844    0.00000   100%     -    0s
H    0     0                      32.1542179    0.00000   100%     -    0s
     0     0   21.53927    0   19   32.15422   21.53927  33.0%     -    0s
     0     0   21.79940    0   23   32.15422   21.79940  32.2%     -    0s
     0     0   26.07081    0   43   32.15422   26.07081  18.9%     -    0s
     0     0   26.51551    0   41   32.15422   26.51551  17.5%     -    0s
     0     0   26.74378    0   51   32.15422   26.74378  16.8%     -    0s
     0     0   26.91847    0   54   32.15422   26.91847  16.3%     -    0s
     0     0   28.45046    0   58   32.15422   28.45046  11.5%     -    0s
     0     0   28.57262    0   58   32.15422   28.57262  11.1%     -    0s
     0     2   28.57262    0   58   32.15422   28.57262  11.1%     -    0s

Cutting planes:
  Gomory: 1
  Cover: 1
  MIR: 15
  RLT: 5

Explored 131 nodes (2199 simplex iterations) in 0.04 seconds (0.03 work units)
Thread count was 8 (of 96 available processors)

Solution count 4: 32.1542 38.1571 38.5253 39.4482 

Optimal solution found (tolerance 1.00e-06)
Best objective 3.215421790943e+01, best bound 3.215421790943e+01, gap 0.0000%

User-callback calls 374, time in user-callback 0.00 sec
