
Gurobi 13.0.0 (linux64) logging started Sun Mar 22 16:50:46 2026

Set parameter LogFile to value "logs/N=12_presolve_off/N=12/seed=16/n_qaoa_layers=1/precond_pen=0.300.log"
Set parameter MIPGap to value 1e-06
Set parameter Threads to value 8
Set parameter Presolve to value 0
Gurobi Optimizer version 13.0.0 build v13.0.0rc1 (linux64 - "Oracle Linux Server 9.7")

CPU model: AMD EPYC 7643 48-Core Processor, instruction set [SSE2|AVX|AVX2]
Thread count: 48 physical cores, 96 logical processors, using up to 8 threads

Non-default parameters:
MIPGap  1e-06
Presolve  0
Threads  8

Optimize a model with 1 rows, 12 columns and 12 nonzeros (Min)
Model fingerprint: 0x6f052f81
Model has 12 linear objective coefficients and an objective constant of 2.6750605308079991e+00
Model has 66 quadratic objective terms
Variable types: 0 continuous, 12 integer (12 binary)
Coefficient statistics:
  Matrix range     [1e+00, 1e+00]
  Objective range  [1e-01, 2e+00]
  QObjective range [3e-02, 3e+00]
  Bounds range     [1e+00, 1e+00]
  RHS range        [6e+00, 6e+00]
Found heuristic solution: objective 0.1099111
Variable types: 0 continuous, 78 integer (78 binary)

Root relaxation: objective -1.042722e+01, 12 iterations, 0.00 seconds (0.00 work units)

    Nodes    |    Current Node    |     Objective Bounds      |     Work
 Expl Unexpl |  Obj  Depth IntInf | Incumbent    BestBd   Gap | It/Node Time

     0     0  -10.42722    0   12    0.10991  -10.42722  9587%     -    0s
H    0     0                      -2.4283712  -10.42722   329%     -    0s
H    0     0                      -5.1068752  -10.42722   104%     -    0s
     0     0   -5.10688    0   37   -5.10688   -5.10688  0.00%     -    0s

Cutting planes:
  Gomory: 2
  MIR: 25
  Zero half: 13
  RLT: 16
  BQP: 59

Explored 1 nodes (89 simplex iterations) in 0.01 seconds (0.00 work units)
Thread count was 8 (of 96 available processors)

Solution count 3: -5.10688 -2.42837 0.109911 
No other solutions better than -5.10688

Optimal solution found (tolerance 1.00e-06)
Best objective -5.106875236428e+00, best bound -5.106875236428e+00, gap 0.0000%

User-callback calls 67, time in user-callback 0.00 sec
