
Gurobi 13.0.0 (linux64) logging started Sun Mar 22 16:50:46 2026

Set parameter LogFile to value "logs/N=12_presolve_off/N=12/seed=16/n_qaoa_layers=1/precond_pen=0.200.log"
Set parameter MIPGap to value 1e-06
Set parameter Threads to value 8
Set parameter Presolve to value 0
Gurobi Optimizer version 13.0.0 build v13.0.0rc1 (linux64 - "Oracle Linux Server 9.7")

CPU model: AMD EPYC 7643 48-Core Processor, instruction set [SSE2|AVX|AVX2]
Thread count: 48 physical cores, 96 logical processors, using up to 8 threads

Non-default parameters:
MIPGap  1e-06
Presolve  0
Threads  8

Optimize a model with 1 rows, 12 columns and 12 nonzeros (Min)
Model fingerprint: 0x0fdeb9ff
Model has 12 linear objective coefficients and an objective constant of -6.7089591666570030e+00
Model has 66 quadratic objective terms
Variable types: 0 continuous, 12 integer (12 binary)
Coefficient statistics:
  Matrix range     [1e+00, 1e+00]
  Objective range  [2e-01, 4e+00]
  QObjective range [1e-01, 3e+00]
  Bounds range     [1e+00, 1e+00]
  RHS range        [6e+00, 6e+00]
Found heuristic solution: objective 0.9697904
Variable types: 0 continuous, 78 integer (78 binary)

Root relaxation: objective -1.088361e+01, 11 iterations, 0.00 seconds (0.00 work units)

    Nodes    |    Current Node    |     Objective Bounds      |     Work
 Expl Unexpl |  Obj  Depth IntInf | Incumbent    BestBd   Gap | It/Node Time

     0     0  -10.88361    0   12    0.96979  -10.88361  1222%     -    0s
H    0     0                      -2.1721746  -10.88361   401%     -    0s
H    0     0                      -3.5616565  -10.88361   206%     -    0s
     0     0   -4.82770    0   36   -3.56166   -4.82770  35.5%     -    0s

Cutting planes:
  Gomory: 9
  Cover: 1
  MIR: 32
  Zero half: 9
  RLT: 16
  BQP: 33

Explored 1 nodes (118 simplex iterations) in 0.01 seconds (0.01 work units)
Thread count was 8 (of 96 available processors)

Solution count 3: -3.56166 -2.17217 0.96979 
No other solutions better than -3.56166

Optimal solution found (tolerance 1.00e-06)
Best objective -3.561656529663e+00, best bound -3.561656529663e+00, gap 0.0000%

User-callback calls 70, time in user-callback 0.00 sec
