
Gurobi 13.0.0 (linux64) logging started Sun May  3 10:58:42 2026

Set parameter LogFile to value "logs/N=16_layers=2_presolve_off/N=16/seed=7/quantum_layers=2/baseline.log"
Set parameter MIPGap to value 1e-06
Set parameter Threads to value 8
Set parameter Presolve to value 0
Gurobi Optimizer version 13.0.0 build v13.0.0rc1 (linux64 - "Oracle Linux Server 9.7")

CPU model: AMD EPYC 7643 48-Core Processor, instruction set [SSE2|AVX|AVX2]
Thread count: 48 physical cores, 96 logical processors, using up to 8 threads

Non-default parameters:
MIPGap  1e-06
Presolve  0
Threads  8

Optimize a model with 1 rows, 16 columns and 16 nonzeros (Min)
Model fingerprint: 0xc6d2642c
Model has 16 linear objective coefficients and an objective constant of -1.0210721157477565e-12
Model has 120 quadratic objective terms
Variable types: 0 continuous, 16 integer (16 binary)
Coefficient statistics:
  Matrix range     [1e+00, 1e+00]
  Objective range  [1e+01, 2e+01]
  QObjective range [3e-02, 8e+00]
  Bounds range     [1e+00, 1e+00]
  RHS range        [8e+00, 8e+00]
Found heuristic solution: objective 61.8010458
Variable types: 0 continuous, 136 integer (136 binary)

Root relaxation: objective -1.019296e-12, 6 iterations, 0.00 seconds (0.00 work units)

    Nodes    |    Current Node    |     Objective Bounds      |     Work
 Expl Unexpl |  Obj  Depth IntInf | Incumbent    BestBd   Gap | It/Node Time

     0     0   -0.00000    0   16   61.80105   -0.00000   100%     -    0s
H    0     0                      61.0067786   -0.00000   100%     -    0s
H    0     0                      53.1871089   -0.00000   100%     -    0s
     0     0   24.38773    0   21   53.18711   24.38773  54.1%     -    0s
     0     0   30.60237    0   42   53.18711   30.60237  42.5%     -    0s
     0     0   30.60237    0   42   53.18711   30.60237  42.5%     -    0s
     0     2   30.60237    0   42   53.18711   30.60237  42.5%     -    0s

Cutting planes:
  Gomory: 2
  MIR: 19
  StrongCG: 1
  RLT: 14

Explored 780 nodes (15924 simplex iterations) in 0.09 seconds (0.09 work units)
Thread count was 8 (of 96 available processors)

Solution count 3: 53.1871 61.0068 61.801 

Optimal solution found (tolerance 1.00e-06)
Best objective 5.318710891939e+01, best bound 5.318710891939e+01, gap 0.0000%

User-callback calls 1670, time in user-callback 0.00 sec
