
Gurobi 13.0.0 (linux64) logging started Sun May  3 10:58:42 2026

Set parameter LogFile to value "logs/N=16_layers=2_presolve_off/N=16/seed=7/quantum_layers=2/precond_pen=0.800.log"
Set parameter MIPGap to value 1e-06
Set parameter Threads to value 8
Set parameter Presolve to value 0
Gurobi Optimizer version 13.0.0 build v13.0.0rc1 (linux64 - "Oracle Linux Server 9.7")

CPU model: AMD EPYC 7643 48-Core Processor, instruction set [SSE2|AVX|AVX2]
Thread count: 48 physical cores, 96 logical processors, using up to 8 threads

Non-default parameters:
MIPGap  1e-06
Presolve  0
Threads  8

Optimize a model with 1 rows, 16 columns and 16 nonzeros (Min)
Model fingerprint: 0x0a437e1b
Model has 16 linear objective coefficients and an objective constant of 6.5042552566059992e+00
Model has 120 quadratic objective terms
Variable types: 0 continuous, 16 integer (16 binary)
Coefficient statistics:
  Matrix range     [1e+00, 1e+00]
  Objective range  [1e+00, 2e+00]
  QObjective range [1e-02, 2e+00]
  Bounds range     [1e+00, 1e+00]
  RHS range        [8e+00, 8e+00]
Found heuristic solution: objective -1.1578476
Variable types: 0 continuous, 136 integer (136 binary)

Root relaxation: objective -1.042556e+01, 34 iterations, 0.00 seconds (0.00 work units)

    Nodes    |    Current Node    |     Objective Bounds      |     Work
 Expl Unexpl |  Obj  Depth IntInf | Incumbent    BestBd   Gap | It/Node Time

     0     0  -10.42556    0   16   -1.15785  -10.42556   800%     -    0s
H    0     0                      -1.5115133  -10.42556   590%     -    0s
H    0     0                      -1.6764051  -10.42556   522%     -    0s
H    0     0                      -2.0758258  -10.42556   402%     -    0s
H    0     0                      -4.6315362  -10.42556   125%     -    0s
     0     0   -4.95573    0   66   -4.63154   -4.95573  7.00%     -    0s
     0     0   -4.94190    0   67   -4.63154   -4.94190  6.70%     -    0s

Cutting planes:
  Gomory: 7
  MIR: 75
  StrongCG: 4
  Flow cover: 3
  Zero half: 17
  RLT: 20
  BQP: 129

Explored 1 nodes (238 simplex iterations) in 0.03 seconds (0.02 work units)
Thread count was 8 (of 96 available processors)

Solution count 5: -4.63154 -2.07583 -1.67641 ... -1.15785
No other solutions better than -4.63154

Optimal solution found (tolerance 1.00e-06)
Best objective -4.631536196192e+00, best bound -4.631536196192e+00, gap 0.0000%

User-callback calls 82, time in user-callback 0.00 sec
