
Gurobi 13.0.0 (linux64) logging started Sun May  3 10:54:38 2026

Set parameter LogFile to value "logs/N=16_layers=1_presolve_off/N=16/seed=49/quantum_layers=1/precond_pen=0.200.log"
Set parameter MIPGap to value 1e-06
Set parameter Threads to value 8
Set parameter Presolve to value 0
Gurobi Optimizer version 13.0.0 build v13.0.0rc1 (linux64 - "Oracle Linux Server 9.7")

CPU model: AMD EPYC 7643 48-Core Processor, instruction set [SSE2|AVX|AVX2]
Thread count: 48 physical cores, 96 logical processors, using up to 8 threads

Non-default parameters:
MIPGap  1e-06
Presolve  0
Threads  8

Optimize a model with 1 rows, 16 columns and 16 nonzeros (Min)
Model fingerprint: 0x54dd7a3c
Model has 16 linear objective coefficients and an objective constant of -8.8774344485409973e+00
Model has 120 quadratic objective terms
Variable types: 0 continuous, 16 integer (16 binary)
Coefficient statistics:
  Matrix range     [1e+00, 1e+00]
  Objective range  [2e-01, 6e+00]
  QObjective range [2e-02, 3e+00]
  Bounds range     [1e+00, 1e+00]
  RHS range        [8e+00, 8e+00]
Found heuristic solution: objective 3.5480735
Variable types: 0 continuous, 136 integer (136 binary)

Root relaxation: objective -1.841147e+01, 20 iterations, 0.00 seconds (0.00 work units)

    Nodes    |    Current Node    |     Objective Bounds      |     Work
 Expl Unexpl |  Obj  Depth IntInf | Incumbent    BestBd   Gap | It/Node Time

     0     0  -18.41147    0   16    3.54807  -18.41147   619%     -    0s
H    0     0                       1.8693656  -18.41147  1085%     -    0s
H    0     0                       1.8175824  -18.41147  1113%     -    0s
H    0     0                       0.1090686  -18.41147      -     -    0s
H    0     0                      -7.2841435  -18.41147   153%     -    0s
     0     0   -9.18348    0   61   -7.28414   -9.18348  26.1%     -    0s
     0     0   -7.28414    0   59   -7.28414   -7.28414  0.00%     -    0s

Cutting planes:
  Gomory: 4
  Cover: 2
  MIR: 35
  Zero half: 17
  RLT: 27
  BQP: 84

Explored 1 nodes (357 simplex iterations) in 0.03 seconds (0.02 work units)
Thread count was 8 (of 96 available processors)

Solution count 5: -7.28414 0.109069 1.81758 ... 3.54807
No other solutions better than -7.28414

Optimal solution found (tolerance 1.00e-06)
Best objective -7.284143457107e+00, best bound -7.284143457107e+00, gap 0.0000%

User-callback calls 84, time in user-callback 0.00 sec
