
Gurobi 13.0.0 (linux64) logging started Sun May  3 10:54:38 2026

Set parameter LogFile to value "logs/N=16_layers=1_presolve_off/N=16/seed=49/quantum_layers=1/precond_pen=0.000.log"
Set parameter MIPGap to value 1e-06
Set parameter Threads to value 8
Set parameter Presolve to value 0
Gurobi Optimizer version 13.0.0 build v13.0.0rc1 (linux64 - "Oracle Linux Server 9.7")

CPU model: AMD EPYC 7643 48-Core Processor, instruction set [SSE2|AVX|AVX2]
Thread count: 48 physical cores, 96 logical processors, using up to 8 threads

Non-default parameters:
MIPGap  1e-06
Presolve  0
Threads  8

Optimize a model with 1 rows, 16 columns and 16 nonzeros (Min)
Model fingerprint: 0x08c0a77c
Model has 16 linear objective coefficients and an objective constant of -43.50477437345
Model has 120 quadratic objective terms
Variable types: 0 continuous, 16 integer (16 binary)
Coefficient statistics:
  Matrix range     [1e+00, 1e+00]
  Objective range  [1e+01, 1e+01]
  QObjective range [1e+00, 4e+00]
  Bounds range     [1e+00, 1e+00]
  RHS range        [8e+00, 8e+00]
Found heuristic solution: objective 3.9315416
Variable types: 0 continuous, 136 integer (136 binary)

Root relaxation: objective -4.350477e+01, 7 iterations, 0.00 seconds (0.00 work units)

    Nodes    |    Current Node    |     Objective Bounds      |     Work
 Expl Unexpl |  Obj  Depth IntInf | Incumbent    BestBd   Gap | It/Node Time

     0     0  -43.50477    0   16    3.93154  -43.50477  1207%     -    0s
H    0     0                       2.9278572  -43.50477  1586%     -    0s
H    0     0                       2.5718452  -43.50477  1792%     -    0s
H    0     0                      -0.6732176  -43.50477  6362%     -    0s
     0     0   -5.66471    0   28   -0.67322   -5.66471   741%     -    0s
     0     0   -5.58957    0   24   -0.67322   -5.58957   730%     -    0s
     0     0   -4.24461    0   41   -0.67322   -4.24461   530%     -    0s
     0     0   -4.21458    0   41   -0.67322   -4.21458   526%     -    0s
     0     2   -4.18887    0   41   -0.67322   -4.18887   522%     -    0s

Cutting planes:
  Gomory: 1
  MIR: 15
  StrongCG: 1
  RLT: 14

Explored 52 nodes (2302 simplex iterations) in 0.05 seconds (0.04 work units)
Thread count was 8 (of 96 available processors)

Solution count 4: -0.673218 2.57185 2.92786 3.93154 

Optimal solution found (tolerance 1.00e-06)
Best objective -6.732175996460e-01, best bound -6.732175996460e-01, gap 0.0000%

User-callback calls 204, time in user-callback 0.00 sec
