
Gurobi 13.0.0 (linux64) logging started Sun May  3 10:54:30 2026

Set parameter LogFile to value "logs/N=16_layers=1_presolve_off/N=16/seed=37/quantum_layers=1/precond_pen=0.500.log"
Set parameter MIPGap to value 1e-06
Set parameter Threads to value 8
Set parameter Presolve to value 0
Gurobi Optimizer version 13.0.0 build v13.0.0rc1 (linux64 - "Oracle Linux Server 9.7")

CPU model: AMD EPYC 7643 48-Core Processor, instruction set [SSE2|AVX|AVX2]
Thread count: 48 physical cores, 96 logical processors, using up to 8 threads

Non-default parameters:
MIPGap  1e-06
Presolve  0
Threads  8

Optimize a model with 1 rows, 16 columns and 16 nonzeros (Min)
Model fingerprint: 0xb705b7ed
Model has 16 linear objective coefficients and an objective constant of 6.4542831282470008e+00
Model has 120 quadratic objective terms
Variable types: 0 continuous, 16 integer (16 binary)
Coefficient statistics:
  Matrix range     [1e+00, 1e+00]
  Objective range  [1e+00, 2e+00]
  QObjective range [7e-05, 1e+00]
  Bounds range     [1e+00, 1e+00]
  RHS range        [8e+00, 8e+00]
Found heuristic solution: objective -0.2803496
Variable types: 0 continuous, 136 integer (136 binary)

Root relaxation: objective -7.763371e+00, 30 iterations, 0.00 seconds (0.00 work units)

    Nodes    |    Current Node    |     Objective Bounds      |     Work
 Expl Unexpl |  Obj  Depth IntInf | Incumbent    BestBd   Gap | It/Node Time

     0     0   -7.76337    0   16   -0.28035   -7.76337  2669%     -    0s
H    0     0                      -0.7293679   -7.76337   964%     -    0s
H    0     0                      -0.8606425   -7.76337   802%     -    0s
H    0     0                      -1.9419572   -7.76337   300%     -    0s
H    0     0                      -2.3810733   -7.76337   226%     -    0s
H    0     0                      -2.5990121   -5.74980   121%     -    0s
     0     0   -2.65520    0  124   -2.59901   -2.65520  2.16%     -    0s
     0     0   -2.64048    0  121   -2.59901   -2.64048  1.60%     -    0s
     0     0   -2.64048    0  121   -2.59901   -2.64048  1.60%     -    0s
     0     0   -2.64048    0  121   -2.59901   -2.64048  1.60%     -    0s
     0     2   -2.64048    0  121   -2.59901   -2.64048  1.60%     -    0s

Cutting planes:
  Gomory: 3
  MIR: 35
  Zero half: 8
  RLT: 19
  BQP: 81

Explored 3 nodes (623 simplex iterations) in 0.06 seconds (0.04 work units)
Thread count was 8 (of 96 available processors)

Solution count 6: -2.59901 -2.38107 -1.94196 ... -0.28035
No other solutions better than -2.59901

Optimal solution found (tolerance 1.00e-06)
Best objective -2.599012103887e+00, best bound -2.599012103887e+00, gap 0.0000%

User-callback calls 113, time in user-callback 0.00 sec
