
Gurobi 13.0.0 (linux64) logging started Sun May  3 10:54:30 2026

Set parameter LogFile to value "logs/N=16_layers=1_presolve_off/N=16/seed=37/quantum_layers=1/precond_pen=0.200.log"
Set parameter MIPGap to value 1e-06
Set parameter Threads to value 8
Set parameter Presolve to value 0
Gurobi Optimizer version 13.0.0 build v13.0.0rc1 (linux64 - "Oracle Linux Server 9.7")

CPU model: AMD EPYC 7643 48-Core Processor, instruction set [SSE2|AVX|AVX2]
Thread count: 48 physical cores, 96 logical processors, using up to 8 threads

Non-default parameters:
MIPGap  1e-06
Presolve  0
Threads  8

Optimize a model with 1 rows, 16 columns and 16 nonzeros (Min)
Model fingerprint: 0x80bd098f
Model has 16 linear objective coefficients and an objective constant of -5.082558951985
Model has 120 quadratic objective terms
Variable types: 0 continuous, 16 integer (16 binary)
Coefficient statistics:
  Matrix range     [1e+00, 1e+00]
  Objective range  [7e-02, 3e+00]
  QObjective range [2e-02, 3e+00]
  Bounds range     [1e+00, 1e+00]
  RHS range        [8e+00, 8e+00]
Found heuristic solution: objective 0.9821322
Variable types: 0 continuous, 136 integer (136 binary)

Root relaxation: objective -1.573244e+01, 18 iterations, 0.00 seconds (0.00 work units)

    Nodes    |    Current Node    |     Objective Bounds      |     Work
 Expl Unexpl |  Obj  Depth IntInf | Incumbent    BestBd   Gap | It/Node Time

     0     0  -15.73244    0   16    0.98213  -15.73244  1702%     -    0s
H    0     0                       0.4388555  -15.73244  3685%     -    0s
H    0     0                       0.4375443  -15.73244  3696%     -    0s
H    0     0                      -4.7202005  -15.73244   233%     -    0s
H    0     0                      -5.4098138  -15.73244   191%     -    0s
     0     0   -7.20778    0   96   -5.40981   -7.20778  33.2%     -    0s
     0     0   -6.02040    0  110   -5.40981   -6.02040  11.3%     -    0s
     0     0   -6.01821    0  110   -5.40981   -6.01821  11.2%     -    0s
     0     2   -6.01821    0  110   -5.40981   -6.01821  11.2%     -    0s
H   12     8                      -5.4942921   -6.01821  9.54%  51.0    0s

Cutting planes:
  Gomory: 4
  MIR: 23
  Zero half: 6
  RLT: 17
  BQP: 53

Explored 28 nodes (1348 simplex iterations) in 0.06 seconds (0.05 work units)
Thread count was 8 (of 96 available processors)

Solution count 6: -5.49429 -5.40981 -4.7202 ... 0.982132
No other solutions better than -5.49429

Optimal solution found (tolerance 1.00e-06)
Best objective -5.494292129321e+00, best bound -5.494292129321e+00, gap 0.0000%

User-callback calls 162, time in user-callback 0.00 sec
