
Gurobi 13.0.0 (linux64) logging started Sun May  3 11:04:24 2026

Set parameter LogFile to value "logs/N=12_layers=1_presolve_on/N=12/seed=49/quantum_layers=1/precond_pen=0.100.log"
Set parameter MIPGap to value 1e-06
Set parameter Threads to value 8
Gurobi Optimizer version 13.0.0 build v13.0.0rc1 (linux64 - "Oracle Linux Server 9.7")

CPU model: AMD EPYC 7643 48-Core Processor, instruction set [SSE2|AVX|AVX2]
Thread count: 48 physical cores, 96 logical processors, using up to 8 threads

Non-default parameters:
MIPGap  1e-06
Threads  8

Optimize a model with 1 rows, 12 columns and 12 nonzeros (Min)
Model fingerprint: 0x51902a2f
Model has 12 linear objective coefficients and an objective constant of -16.580684326637
Model has 66 quadratic objective terms
Variable types: 0 continuous, 12 integer (12 binary)
Coefficient statistics:
  Matrix range     [1e+00, 1e+00]
  Objective range  [5e+00, 6e+00]
  QObjective range [3e-01, 4e+00]
  Bounds range     [1e+00, 1e+00]
  RHS range        [6e+00, 6e+00]
Found heuristic solution: objective 2.4433682
Presolve time: 0.00s
Presolved: 67 rows, 78 columns, 210 nonzeros
Variable types: 0 continuous, 78 integer (78 binary)

Root relaxation: objective -1.658068e+01, 4 iterations, 0.00 seconds (0.00 work units)

    Nodes    |    Current Node    |     Objective Bounds      |     Work
 Expl Unexpl |  Obj  Depth IntInf | Incumbent    BestBd   Gap | It/Node Time

     0     0  -16.58068    0   12    2.44337  -16.58068   779%     -    0s
H    0     0                       1.9957718  -16.58068   931%     -    0s
H    0     0                       1.8841453  -16.58068   980%     -    0s
H    0     0                      -1.8326133  -16.58068   805%     -    0s
     0     0   -6.77925    0   19   -1.83261   -6.77925   270%     -    0s
     0     0   -6.77925    0   22   -1.83261   -6.77925   270%     -    0s
     0     0   -4.53360    0   41   -1.83261   -4.53360   147%     -    0s
     0     0   -4.50240    0   41   -1.83261   -4.50240   146%     -    0s
     0     2   -4.32615    0   41   -1.83261   -4.32615   136%     -    0s

Cutting planes:
  Gomory: 3
  Dual implied bound: 13
  MIR: 9
  StrongCG: 1
  Mod-K: 1
  RLT: 10

Explored 19 nodes (582 simplex iterations) in 0.03 seconds (0.02 work units)
Thread count was 8 (of 96 available processors)

Solution count 4: -1.83261 1.88415 1.99577 2.44337 
No other solutions better than -1.83261

Optimal solution found (tolerance 1.00e-06)
Best objective -1.832613282321e+00, best bound -1.832613282321e+00, gap 0.0000%

User-callback calls 227, time in user-callback 0.00 sec
