
Gurobi 13.0.0 (linux64) logging started Sun Mar 22 16:50:42 2026

Set parameter LogFile to value "logs/N=12_presolve_on/N=12/seed=47/n_qaoa_layers=1/precond_pen=0.100.log"
Set parameter MIPGap to value 1e-06
Set parameter Threads to value 8
Gurobi Optimizer version 13.0.0 build v13.0.0rc1 (linux64 - "Oracle Linux Server 9.7")

CPU model: AMD EPYC 7643 48-Core Processor, instruction set [SSE2|AVX|AVX2]
Thread count: 48 physical cores, 96 logical processors, using up to 8 threads

Non-default parameters:
MIPGap  1e-06
Threads  8

Optimize a model with 1 rows, 12 columns and 12 nonzeros (Min)
Model fingerprint: 0xde2d47c4
Model has 12 linear objective coefficients and an objective constant of -2.0649076075600007e+01
Model has 66 quadratic objective terms
Variable types: 0 continuous, 12 integer (12 binary)
Coefficient statistics:
  Matrix range     [1e+00, 1e+00]
  Objective range  [5e+00, 8e+00]
  QObjective range [5e-01, 4e+00]
  Bounds range     [1e+00, 1e+00]
  RHS range        [6e+00, 6e+00]
Found heuristic solution: objective 1.8540532
Presolve time: 0.00s
Presolved: 67 rows, 78 columns, 210 nonzeros
Variable types: 0 continuous, 78 integer (78 binary)

Root relaxation: objective -2.064908e+01, 7 iterations, 0.00 seconds (0.00 work units)

    Nodes    |    Current Node    |     Objective Bounds      |     Work
 Expl Unexpl |  Obj  Depth IntInf | Incumbent    BestBd   Gap | It/Node Time

     0     0  -20.64908    0   12    1.85405  -20.64908  1214%     -    0s
H    0     0                      -1.3137443  -20.64908  1472%     -    0s
     0     0   -5.09797    0   17   -1.31374   -5.09797   288%     -    0s
     0     0   -4.61762    0   16   -1.31374   -4.61762   251%     -    0s
     0     0   -4.57365    0   24   -1.31374   -4.57365   248%     -    0s
     0     0   -3.21285    0   40   -1.31374   -3.21285   145%     -    0s
     0     0   -3.17032    0   40   -1.31374   -3.17032   141%     -    0s
     0     2   -3.09922    0   40   -1.31374   -3.09922   136%     -    0s

Cutting planes:
  Gomory: 4
  Dual implied bound: 12
  MIR: 13
  RLT: 9

Explored 11 nodes (440 simplex iterations) in 0.03 seconds (0.02 work units)
Thread count was 8 (of 96 available processors)

Solution count 2: -1.31374 1.85405 
No other solutions better than -1.31374

Optimal solution found (tolerance 1.00e-06)
Best objective -1.313744319100e+00, best bound -1.313744319100e+00, gap 0.0000%

User-callback calls 207, time in user-callback 0.00 sec
