
Gurobi 13.0.0 (linux64) logging started Sun Mar 22 16:50:42 2026

Set parameter LogFile to value "logs/N=12_presolve_on/N=12/seed=47/n_qaoa_layers=1/precond_pen=0.300.log"
Set parameter MIPGap to value 1e-06
Set parameter Threads to value 8
Gurobi Optimizer version 13.0.0 build v13.0.0rc1 (linux64 - "Oracle Linux Server 9.7")

CPU model: AMD EPYC 7643 48-Core Processor, instruction set [SSE2|AVX|AVX2]
Thread count: 48 physical cores, 96 logical processors, using up to 8 threads

Non-default parameters:
MIPGap  1e-06
Threads  8

Optimize a model with 1 rows, 12 columns and 12 nonzeros (Min)
Model fingerprint: 0x970a9fbb
Model has 12 linear objective coefficients and an objective constant of 1.6332153845889996e+00
Model has 66 quadratic objective terms
Variable types: 0 continuous, 12 integer (12 binary)
Coefficient statistics:
  Matrix range     [1e+00, 1e+00]
  Objective range  [1e-02, 2e+00]
  QObjective range [7e-04, 4e+00]
  Bounds range     [1e+00, 1e+00]
  RHS range        [6e+00, 6e+00]
Found heuristic solution: objective 0.2946714
Presolve time: 0.00s
Presolved: 67 rows, 78 columns, 210 nonzeros
Variable types: 0 continuous, 78 integer (78 binary)

Root relaxation: objective -1.044936e+01, 8 iterations, 0.00 seconds (0.00 work units)

    Nodes    |    Current Node    |     Objective Bounds      |     Work
 Expl Unexpl |  Obj  Depth IntInf | Incumbent    BestBd   Gap | It/Node Time

     0     0  -10.44936    0   12    0.29467  -10.44936  3646%     -    0s
H    0     0                      -1.3474198  -10.44936   676%     -    0s
H    0     0                      -1.8983670  -10.44936   450%     -    0s
H    0     0                      -2.4413323  -10.44936   328%     -    0s
H    0     0                      -5.8536809  -10.44936  78.5%     -    0s
     0     0   -5.85368    0   31   -5.85368   -5.85368  0.00%     -    0s

Cutting planes:
  MIR: 20
  Zero half: 13
  RLT: 22
  BQP: 56

Explored 1 nodes (90 simplex iterations) in 0.01 seconds (0.00 work units)
Thread count was 8 (of 96 available processors)

Solution count 5: -5.85368 -2.44133 -1.89837 ... 0.294671
No other solutions better than -5.85368

Optimal solution found (tolerance 1.00e-06)
Best objective -5.853680857935e+00, best bound -5.853680857935e+00, gap 0.0000%

User-callback calls 165, time in user-callback 0.00 sec
