
Gurobi 13.0.0 (linux64) logging started Sun May  3 11:06:40 2026

Set parameter LogFile to value "logs/N=12_layers=2_presolve_off/N=12/seed=24/quantum_layers=2/baseline.log"
Set parameter MIPGap to value 1e-06
Set parameter Threads to value 8
Set parameter Presolve to value 0
Gurobi Optimizer version 13.0.0 build v13.0.0rc1 (linux64 - "Oracle Linux Server 9.7")

CPU model: AMD EPYC 7643 48-Core Processor, instruction set [SSE2|AVX|AVX2]
Thread count: 48 physical cores, 96 logical processors, using up to 8 threads

Non-default parameters:
MIPGap  1e-06
Presolve  0
Threads  8

Optimize a model with 1 rows, 12 columns and 12 nonzeros (Min)
Model fingerprint: 0xe06196e1
Model has 12 linear objective coefficients and an objective constant of 9.9120711638533976e-13
Model has 66 quadratic objective terms
Variable types: 0 continuous, 12 integer (12 binary)
Coefficient statistics:
  Matrix range     [1e+00, 1e+00]
  Objective range  [9e+00, 1e+01]
  QObjective range [2e-01, 8e+00]
  Bounds range     [1e+00, 1e+00]
  RHS range        [6e+00, 6e+00]
Found heuristic solution: objective 33.1700992
Variable types: 0 continuous, 78 integer (78 binary)

Root relaxation: objective 9.903189e-13, 12 iterations, 0.00 seconds (0.00 work units)

    Nodes    |    Current Node    |     Objective Bounds      |     Work
 Expl Unexpl |  Obj  Depth IntInf | Incumbent    BestBd   Gap | It/Node Time

     0     0    0.00000    0   12   33.17010    0.00000   100%     -    0s
H    0     0                      33.0942077    0.00000   100%     -    0s
H    0     0                      27.3660128    0.00000   100%     -    0s
     0     0   18.10293    0   12   27.36601   18.10293  33.8%     -    0s
     0     0   18.60113    0   19   27.36601   18.60113  32.0%     -    0s
     0     0   19.53163    0   15   27.36601   19.53163  28.6%     -    0s
     0     0   22.93512    0   32   27.36601   22.93512  16.2%     -    0s
     0     0   22.98343    0   32   27.36601   22.98343  16.0%     -    0s
     0     2   22.98343    0   32   27.36601   22.98343  16.0%     -    0s

Cutting planes:
  Gomory: 2
  Cover: 1
  MIR: 13
  RLT: 9

Explored 53 nodes (1011 simplex iterations) in 0.03 seconds (0.02 work units)
Thread count was 8 (of 96 available processors)

Solution count 3: 27.366 33.0942 33.1701 

Optimal solution found (tolerance 1.00e-06)
Best objective 2.736601277950e+01, best bound 2.736601277950e+01, gap 0.0000%

User-callback calls 197, time in user-callback 0.00 sec
