
Gurobi 13.0.0 (linux64) logging started Sun May  3 11:06:40 2026

Set parameter LogFile to value "logs/N=12_layers=2_presolve_off/N=12/seed=24/quantum_layers=2/precond_pen=0.700.log"
Set parameter MIPGap to value 1e-06
Set parameter Threads to value 8
Set parameter Presolve to value 0
Gurobi Optimizer version 13.0.0 build v13.0.0rc1 (linux64 - "Oracle Linux Server 9.7")

CPU model: AMD EPYC 7643 48-Core Processor, instruction set [SSE2|AVX|AVX2]
Thread count: 48 physical cores, 96 logical processors, using up to 8 threads

Non-default parameters:
MIPGap  1e-06
Presolve  0
Threads  8

Optimize a model with 1 rows, 12 columns and 12 nonzeros (Min)
Model fingerprint: 0xd94b27ef
Model has 12 linear objective coefficients and an objective constant of 4.5833120240020016e+00
Model has 66 quadratic objective terms
Variable types: 0 continuous, 12 integer (12 binary)
Coefficient statistics:
  Matrix range     [1e+00, 1e+00]
  Objective range  [1e+00, 2e+00]
  QObjective range [6e-03, 3e+00]
  Bounds range     [1e+00, 1e+00]
  RHS range        [6e+00, 6e+00]
Found heuristic solution: objective -1.4328840
Variable types: 0 continuous, 78 integer (78 binary)

Root relaxation: objective -8.413739e+00, 17 iterations, 0.00 seconds (0.00 work units)

    Nodes    |    Current Node    |     Objective Bounds      |     Work
 Expl Unexpl |  Obj  Depth IntInf | Incumbent    BestBd   Gap | It/Node Time

     0     0   -8.41374    0   12   -1.43288   -8.41374   487%     -    0s
H    0     0                      -2.8929322   -8.41374   191%     -    0s
H    0     0                      -5.7997592   -8.41374  45.1%     -    0s

Cutting planes:
  Gomory: 2
  MIR: 23
  Zero half: 15
  RLT: 17
  BQP: 52

Explored 1 nodes (17 simplex iterations) in 0.01 seconds (0.00 work units)
Thread count was 8 (of 96 available processors)

Solution count 3: -5.79976 -2.89293 -1.43288 
No other solutions better than -5.79976

Optimal solution found (tolerance 1.00e-06)
Best objective -5.799759151604e+00, best bound -5.799759151604e+00, gap 0.0000%

User-callback calls 62, time in user-callback 0.00 sec
