
Gurobi 13.0.0 (linux64) logging started Sun May  3 10:54:19 2026

Set parameter LogFile to value "logs/N=16_layers=1_presolve_off/N=16/seed=19/quantum_layers=1/precond_pen=0.700.log"
Set parameter MIPGap to value 1e-06
Set parameter Threads to value 8
Set parameter Presolve to value 0
Gurobi Optimizer version 13.0.0 build v13.0.0rc1 (linux64 - "Oracle Linux Server 9.7")

CPU model: AMD EPYC 7643 48-Core Processor, instruction set [SSE2|AVX|AVX2]
Thread count: 48 physical cores, 96 logical processors, using up to 8 threads

Non-default parameters:
MIPGap  1e-06
Presolve  0
Threads  8

Optimize a model with 1 rows, 16 columns and 16 nonzeros (Min)
Model fingerprint: 0x8f4ef854
Model has 16 linear objective coefficients and an objective constant of 6.7085616884329990e+00
Model has 120 quadratic objective terms
Variable types: 0 continuous, 16 integer (16 binary)
Coefficient statistics:
  Matrix range     [1e+00, 1e+00]
  Objective range  [2e+00, 2e+00]
  QObjective range [1e-05, 1e+00]
  Bounds range     [1e+00, 1e+00]
  RHS range        [8e+00, 8e+00]
Found heuristic solution: objective 0.0850069
Variable types: 0 continuous, 136 integer (136 binary)

Root relaxation: objective -6.716896e+00, 26 iterations, 0.00 seconds (0.00 work units)

    Nodes    |    Current Node    |     Objective Bounds      |     Work
 Expl Unexpl |  Obj  Depth IntInf | Incumbent    BestBd   Gap | It/Node Time

     0     0   -6.71690    0   16    0.08501   -6.71690  8002%     -    0s
H    0     0                      -1.1004850   -6.71690   510%     -    0s
H    0     0                      -1.8283942   -6.71690   267%     -    0s
H    0     0                      -2.0488651   -4.89139   139%     -    0s
     0     0   -2.05532    0   71   -2.04887   -2.05532  0.32%     -    0s
     0     0     cutoff    0        -2.04887   -2.04887  0.00%     -    0s

Cutting planes:
  Gomory: 1
  MIR: 85
  Zero half: 27
  RLT: 34
  BQP: 298

Explored 1 nodes (445 simplex iterations) in 0.05 seconds (0.03 work units)
Thread count was 8 (of 96 available processors)

Solution count 4: -2.04887 -1.82839 -1.10048 0.0850069 
No other solutions better than -2.04887

Optimal solution found (tolerance 1.00e-06)
Best objective -2.048865052985e+00, best bound -2.048865052985e+00, gap 0.0000%

User-callback calls 76, time in user-callback 0.00 sec
