
Gurobi 13.0.0 (linux64) logging started Sun May  3 10:54:19 2026

Set parameter LogFile to value "logs/N=16_layers=1_presolve_off/N=16/seed=19/quantum_layers=1/precond_pen=0.200.log"
Set parameter MIPGap to value 1e-06
Set parameter Threads to value 8
Set parameter Presolve to value 0
Gurobi Optimizer version 13.0.0 build v13.0.0rc1 (linux64 - "Oracle Linux Server 9.7")

CPU model: AMD EPYC 7643 48-Core Processor, instruction set [SSE2|AVX|AVX2]
Thread count: 48 physical cores, 96 logical processors, using up to 8 threads

Non-default parameters:
MIPGap  1e-06
Presolve  0
Threads  8

Optimize a model with 1 rows, 16 columns and 16 nonzeros (Min)
Model fingerprint: 0x0f92f986
Model has 16 linear objective coefficients and an objective constant of -8.747146504204
Model has 120 quadratic objective terms
Variable types: 0 continuous, 16 integer (16 binary)
Coefficient statistics:
  Matrix range     [1e+00, 1e+00]
  Objective range  [6e-01, 4e+00]
  QObjective range [2e-03, 3e+00]
  Bounds range     [1e+00, 1e+00]
  RHS range        [8e+00, 8e+00]
Found heuristic solution: objective 2.9839039
Variable types: 0 continuous, 136 integer (136 binary)

Root relaxation: objective -1.745147e+01, 23 iterations, 0.00 seconds (0.00 work units)

    Nodes    |    Current Node    |     Objective Bounds      |     Work
 Expl Unexpl |  Obj  Depth IntInf | Incumbent    BestBd   Gap | It/Node Time

     0     0  -17.45147    0   16    2.98390  -17.45147   685%     -    0s
H    0     0                       0.7868355  -17.45147  2318%     -    0s
H    0     0                      -0.3757646  -17.45147  4544%     -    0s
H    0     0                      -8.0457690  -17.45147   117%     -    0s
     0     0   -9.02047    0   97   -8.04577   -9.02047  12.1%     -    0s
     0     0   -8.50707    0   96   -8.04577   -8.50707  5.73%     -    0s

Cutting planes:
  Gomory: 6
  MIR: 24
  Zero half: 26
  RLT: 29
  BQP: 68

Explored 1 nodes (312 simplex iterations) in 0.03 seconds (0.02 work units)
Thread count was 8 (of 96 available processors)

Solution count 4: -8.04577 -0.375765 0.786836 2.9839 
No other solutions better than -8.04577

Optimal solution found (tolerance 1.00e-06)
Best objective -8.045768992870e+00, best bound -8.045768992870e+00, gap 0.0000%

User-callback calls 80, time in user-callback 0.00 sec
