
Gurobi 13.0.0 (linux64) logging started Sun May  3 10:54:19 2026

Set parameter LogFile to value "logs/N=16_layers=1_presolve_off/N=16/seed=19/quantum_layers=1/precond_pen=0.400.log"
Set parameter MIPGap to value 1e-06
Set parameter Threads to value 8
Set parameter Presolve to value 0
Gurobi Optimizer version 13.0.0 build v13.0.0rc1 (linux64 - "Oracle Linux Server 9.7")

CPU model: AMD EPYC 7643 48-Core Processor, instruction set [SSE2|AVX|AVX2]
Thread count: 48 physical cores, 96 logical processors, using up to 8 threads

Non-default parameters:
MIPGap  1e-06
Presolve  0
Threads  8

Optimize a model with 1 rows, 16 columns and 16 nonzeros (Min)
Model fingerprint: 0x91e760d3
Model has 16 linear objective coefficients and an objective constant of 5.4653455663949986e+00
Model has 120 quadratic objective terms
Variable types: 0 continuous, 16 integer (16 binary)
Coefficient statistics:
  Matrix range     [1e+00, 1e+00]
  Objective range  [9e-01, 2e+00]
  QObjective range [1e-02, 2e+00]
  Bounds range     [1e+00, 1e+00]
  RHS range        [8e+00, 8e+00]
Found heuristic solution: objective 1.4995674
Variable types: 0 continuous, 136 integer (136 binary)

Root relaxation: objective -1.157648e+01, 23 iterations, 0.00 seconds (0.00 work units)

    Nodes    |    Current Node    |     Objective Bounds      |     Work
 Expl Unexpl |  Obj  Depth IntInf | Incumbent    BestBd   Gap | It/Node Time

     0     0  -11.57648    0   16    1.49957  -11.57648   872%     -    0s
H    0     0                      -1.8978503  -11.57648   510%     -    0s
H    0     0                      -2.1918735  -11.57648   428%     -    0s
H    0     0                      -5.1764402  -11.57648   124%     -    0s
H    0     0                      -6.1250057  -11.57648  89.0%     -    0s
     0     0   -6.36333    0   79   -6.12501   -6.36333  3.89%     -    0s
     0     0   -6.26483    0   72   -6.12501   -6.26483  2.28%     -    0s

Cutting planes:
  Gomory: 7
  MIR: 42
  Flow cover: 2
  Zero half: 21
  RLT: 24
  BQP: 111

Explored 1 nodes (223 simplex iterations) in 0.02 seconds (0.01 work units)
Thread count was 8 (of 96 available processors)

Solution count 5: -6.12501 -5.17644 -2.19187 ... 1.49957
No other solutions better than -6.12501

Optimal solution found (tolerance 1.00e-06)
Best objective -6.125005669133e+00, best bound -6.125005669133e+00, gap 0.0000%

User-callback calls 79, time in user-callback 0.00 sec
