
Gurobi 13.0.0 (linux64) logging started Sun May  3 10:54:19 2026

Set parameter LogFile to value "logs/N=16_layers=1_presolve_off/N=16/seed=19/quantum_layers=1/precond_pen=1.000.log"
Set parameter MIPGap to value 1e-06
Set parameter Threads to value 8
Set parameter Presolve to value 0
Gurobi Optimizer version 13.0.0 build v13.0.0rc1 (linux64 - "Oracle Linux Server 9.7")

CPU model: AMD EPYC 7643 48-Core Processor, instruction set [SSE2|AVX|AVX2]
Thread count: 48 physical cores, 96 logical processors, using up to 8 threads

Non-default parameters:
MIPGap  1e-06
Presolve  0
Threads  8

Optimize a model with 1 rows, 16 columns and 16 nonzeros (Min)
Model fingerprint: 0x052b42b4
Model has 16 linear objective coefficients and an objective constant of 6.7708804854010012e+00
Model has 120 quadratic objective terms
Variable types: 0 continuous, 16 integer (16 binary)
Coefficient statistics:
  Matrix range     [1e+00, 1e+00]
  Objective range  [2e+00, 2e+00]
  QObjective range [2e-01, 7e-01]
  Bounds range     [1e+00, 1e+00]
  RHS range        [8e+00, 8e+00]
Found heuristic solution: objective -0.1466557
Variable types: 0 continuous, 136 integer (136 binary)

Root relaxation: objective -6.770880e+00, 27 iterations, 0.00 seconds (0.00 work units)

    Nodes    |    Current Node    |     Objective Bounds      |     Work
 Expl Unexpl |  Obj  Depth IntInf | Incumbent    BestBd   Gap | It/Node Time

     0     0   -6.77088    0   16   -0.14666   -6.77088  4517%     -    0s
H    0     0                      -0.4353191   -6.77088  1455%     -    0s
H    0     0                      -1.2429400   -6.77088   445%     -    0s
H    0     0                      -1.3650381   -5.02821   268%     -    0s
     0     0     cutoff    0        -1.36504   -1.36504  0.00%     -    0s

Cutting planes:
  Gomory: 1
  MIR: 101
  Zero half: 47
  RLT: 43
  BQP: 399

Explored 1 nodes (910 simplex iterations) in 0.04 seconds (0.06 work units)
Thread count was 8 (of 96 available processors)

Solution count 4: -1.36504 -1.24294 -0.435319 -0.146656 
No other solutions better than -1.36504

Optimal solution found (tolerance 1.00e-06)
Best objective -1.365038067199e+00, best bound -1.365038067199e+00, gap 0.0000%

User-callback calls 72, time in user-callback 0.00 sec
