
Gurobi 13.0.0 (linux64) logging started Sun Mar 22 16:50:37 2026

Set parameter LogFile to value "logs/N=12_presolve_on/N=12/seed=16/n_qaoa_layers=1/precond_pen=0.900.log"
Set parameter MIPGap to value 1e-06
Set parameter Threads to value 8
Gurobi Optimizer version 13.0.0 build v13.0.0rc1 (linux64 - "Oracle Linux Server 9.7")

CPU model: AMD EPYC 7643 48-Core Processor, instruction set [SSE2|AVX|AVX2]
Thread count: 48 physical cores, 96 logical processors, using up to 8 threads

Non-default parameters:
MIPGap  1e-06
Threads  8

Optimize a model with 1 rows, 12 columns and 12 nonzeros (Min)
Model fingerprint: 0xa85afb40
Model has 12 linear objective coefficients and an objective constant of 4.907656938654
Model has 66 quadratic objective terms
Variable types: 0 continuous, 12 integer (12 binary)
Coefficient statistics:
  Matrix range     [1e+00, 1e+00]
  Objective range  [2e+00, 2e+00]
  QObjective range [2e-01, 1e+00]
  Bounds range     [1e+00, 1e+00]
  RHS range        [6e+00, 6e+00]
Found heuristic solution: objective -0.3456154
Presolve time: 0.00s
Presolved: 67 rows, 78 columns, 210 nonzeros
Variable types: 0 continuous, 78 integer (78 binary)

Root relaxation: objective -4.907657e+00, 18 iterations, 0.00 seconds (0.00 work units)

    Nodes    |    Current Node    |     Objective Bounds      |     Work
 Expl Unexpl |  Obj  Depth IntInf | Incumbent    BestBd   Gap | It/Node Time

     0     0   -4.90766    0   12   -0.34562   -4.90766  1320%     -    0s
H    0     0                      -0.4050995   -4.90766  1111%     -    0s
H    0     0                      -0.4797100   -4.90766   923%     -    0s
H    0     0                      -0.6948684   -4.90766   606%     -    0s
H    0     0                      -1.1513125   -4.90766   326%     -    0s
     0     0     cutoff    0        -1.15131   -1.15131  0.00%     -    0s

Cutting planes:
  Gomory: 2
  MIR: 45
  Zero half: 25
  RLT: 27
  BQP: 150

Explored 1 nodes (315 simplex iterations) in 0.01 seconds (0.01 work units)
Thread count was 8 (of 96 available processors)

Solution count 5: -1.15131 -0.694868 -0.47971 ... -0.345615
No other solutions better than -1.15131

Optimal solution found (tolerance 1.00e-06)
Best objective -1.151312524454e+00, best bound -1.151312524454e+00, gap 0.0000%

User-callback calls 165, time in user-callback 0.00 sec
