
Gurobi 13.0.0 (linux64) logging started Sun Mar 22 16:50:37 2026

Set parameter LogFile to value "logs/N=12_presolve_on/N=12/seed=16/n_qaoa_layers=1/precond_pen=0.600.log"
Set parameter MIPGap to value 1e-06
Set parameter Threads to value 8
Gurobi Optimizer version 13.0.0 build v13.0.0rc1 (linux64 - "Oracle Linux Server 9.7")

CPU model: AMD EPYC 7643 48-Core Processor, instruction set [SSE2|AVX|AVX2]
Thread count: 48 physical cores, 96 logical processors, using up to 8 threads

Non-default parameters:
MIPGap  1e-06
Threads  8

Optimize a model with 1 rows, 12 columns and 12 nonzeros (Min)
Model fingerprint: 0xfa693788
Model has 12 linear objective coefficients and an objective constant of 4.7954109304909984e+00
Model has 66 quadratic objective terms
Variable types: 0 continuous, 12 integer (12 binary)
Coefficient statistics:
  Matrix range     [1e+00, 1e+00]
  Objective range  [1e+00, 2e+00]
  QObjective range [2e-03, 2e+00]
  Bounds range     [1e+00, 1e+00]
  RHS range        [6e+00, 6e+00]
Found heuristic solution: objective -0.2509040
Presolve time: 0.00s
Presolved: 67 rows, 78 columns, 210 nonzeros
Variable types: 0 continuous, 78 integer (78 binary)

Root relaxation: objective -4.981662e+00, 21 iterations, 0.00 seconds (0.00 work units)

    Nodes    |    Current Node    |     Objective Bounds      |     Work
 Expl Unexpl |  Obj  Depth IntInf | Incumbent    BestBd   Gap | It/Node Time

     0     0   -4.98166    0   12   -0.25090   -4.98166  1885%     -    0s
H    0     0                      -1.8463165   -4.98166   170%     -    0s
     0     0   -1.88370    0   39   -1.84632   -1.88370  2.02%     -    0s

Cutting planes:
  Gomory: 5
  MIR: 87
  Flow cover: 7
  Zero half: 7
  RLT: 20
  BQP: 78

Explored 1 nodes (129 simplex iterations) in 0.02 seconds (0.01 work units)
Thread count was 8 (of 96 available processors)

Solution count 2: -1.84632 -0.250904 
No other solutions better than -1.84632

Optimal solution found (tolerance 1.00e-06)
Best objective -1.846316533307e+00, best bound -1.846316533307e+00, gap 0.0000%

User-callback calls 166, time in user-callback 0.00 sec
