
Gurobi 13.0.0 (linux64) logging started Tue Mar 31 15:06:54 2026

Set parameter LogFile to value "logs/N=12_layers=3_presolve_on/N=12/seed=49/n_qaoa_layers=3/precond_pen=0.200.log"
Set parameter MIPGap to value 1e-06
Set parameter Threads to value 8
Gurobi Optimizer version 13.0.0 build v13.0.0rc1 (linux64 - "Oracle Linux Server 9.7")

CPU model: AMD EPYC 7643 48-Core Processor, instruction set [SSE2|AVX|AVX2]
Thread count: 48 physical cores, 96 logical processors, using up to 8 threads

Non-default parameters:
MIPGap  1e-06
Threads  8

Optimize a model with 1 rows, 12 columns and 12 nonzeros (Min)
Model fingerprint: 0xa326625c
Model has 12 linear objective coefficients and an objective constant of -1.0187238938676995e+01
Model has 66 quadratic objective terms
Variable types: 0 continuous, 12 integer (12 binary)
Coefficient statistics:
  Matrix range     [1e+00, 1e+00]
  Objective range  [7e-01, 6e+00]
  QObjective range [2e-02, 6e+00]
  Bounds range     [1e+00, 1e+00]
  RHS range        [6e+00, 6e+00]
Found heuristic solution: objective 2.8726370
Presolve time: 0.00s
Presolved: 67 rows, 78 columns, 210 nonzeros
Variable types: 0 continuous, 78 integer (78 binary)

Root relaxation: objective -1.769333e+01, 6 iterations, 0.00 seconds (0.00 work units)

    Nodes    |    Current Node    |     Objective Bounds      |     Work
 Expl Unexpl |  Obj  Depth IntInf | Incumbent    BestBd   Gap | It/Node Time

     0     0  -17.69333    0   12    2.87264  -17.69333   716%     -    0s
H    0     0                      -0.2406857  -17.69333  7251%     -    0s
H    0     0                     -10.5806299  -17.69333  67.2%     -    0s
     0     0  -10.58063    0   34  -10.58063  -10.58063  0.00%     -    0s

Cutting planes:
  MIR: 20
  Zero half: 20
  RLT: 17
  BQP: 54

Explored 1 nodes (78 simplex iterations) in 0.01 seconds (0.00 work units)
Thread count was 8 (of 96 available processors)

Solution count 3: -10.5806 -0.240686 2.87264 
No other solutions better than -10.5806

Optimal solution found (tolerance 1.00e-06)
Best objective -1.058062992985e+01, best bound -1.058062992985e+01, gap 0.0000%

User-callback calls 161, time in user-callback 0.00 sec

Gurobi 13.0.0 (linux64) logging started Tue Mar 31 15:10:53 2026

Set parameter LogFile to value "logs/N=12_layers=3_presolve_on/N=12/seed=49/n_qaoa_layers=3/precond_pen=0.200.log"
Set parameter MIPGap to value 1e-06
Set parameter Threads to value 8
Gurobi Optimizer version 13.0.0 build v13.0.0rc1 (linux64 - "Oracle Linux Server 9.7")

CPU model: AMD EPYC 7643 48-Core Processor, instruction set [SSE2|AVX|AVX2]
Thread count: 48 physical cores, 96 logical processors, using up to 8 threads

Non-default parameters:
MIPGap  1e-06
Threads  8

Optimize a model with 1 rows, 12 columns and 12 nonzeros (Min)
Model fingerprint: 0xa326625c
Model has 12 linear objective coefficients and an objective constant of -1.0187238938676995e+01
Model has 66 quadratic objective terms
Variable types: 0 continuous, 12 integer (12 binary)
Coefficient statistics:
  Matrix range     [1e+00, 1e+00]
  Objective range  [7e-01, 6e+00]
  QObjective range [2e-02, 6e+00]
  Bounds range     [1e+00, 1e+00]
  RHS range        [6e+00, 6e+00]
Found heuristic solution: objective 2.8726370
Presolve time: 0.00s
Presolved: 67 rows, 78 columns, 210 nonzeros
Variable types: 0 continuous, 78 integer (78 binary)

Root relaxation: objective -1.769333e+01, 6 iterations, 0.00 seconds (0.00 work units)

    Nodes    |    Current Node    |     Objective Bounds      |     Work
 Expl Unexpl |  Obj  Depth IntInf | Incumbent    BestBd   Gap | It/Node Time

     0     0  -17.69333    0   12    2.87264  -17.69333   716%     -    0s
H    0     0                      -0.2406857  -17.69333  7251%     -    0s
H    0     0                     -10.5806299  -17.69333  67.2%     -    0s
     0     0  -10.58063    0   34  -10.58063  -10.58063  0.00%     -    0s

Cutting planes:
  MIR: 20
  Zero half: 20
  RLT: 17
  BQP: 54

Explored 1 nodes (78 simplex iterations) in 0.01 seconds (0.00 work units)
Thread count was 8 (of 96 available processors)

Solution count 3: -10.5806 -0.240686 2.87264 
No other solutions better than -10.5806

Optimal solution found (tolerance 1.00e-06)
Best objective -1.058062992985e+01, best bound -1.058062992985e+01, gap 0.0000%

User-callback calls 161, time in user-callback 0.00 sec
