
Gurobi 13.0.0 (linux64) logging started Sun Mar 22 16:50:41 2026

Set parameter LogFile to value "logs/N=12_presolve_on/N=12/seed=39/n_qaoa_layers=1/precond_pen=0.200.log"
Set parameter MIPGap to value 1e-06
Set parameter Threads to value 8
Gurobi Optimizer version 13.0.0 build v13.0.0rc1 (linux64 - "Oracle Linux Server 9.7")

CPU model: AMD EPYC 7643 48-Core Processor, instruction set [SSE2|AVX|AVX2]
Thread count: 48 physical cores, 96 logical processors, using up to 8 threads

Non-default parameters:
MIPGap  1e-06
Threads  8

Optimize a model with 1 rows, 12 columns and 12 nonzeros (Min)
Model fingerprint: 0xdde25891
Model has 12 linear objective coefficients and an objective constant of -4.6793755109210018e+00
Model has 66 quadratic objective terms
Variable types: 0 continuous, 12 integer (12 binary)
Coefficient statistics:
  Matrix range     [1e+00, 1e+00]
  Objective range  [8e-03, 3e+00]
  QObjective range [4e-02, 3e+00]
  Bounds range     [1e+00, 1e+00]
  RHS range        [6e+00, 6e+00]
Found heuristic solution: objective 3.2213478
Presolve time: 0.00s
Presolved: 67 rows, 78 columns, 210 nonzeros
Variable types: 0 continuous, 78 integer (78 binary)

Root relaxation: objective -1.017749e+01, 12 iterations, 0.00 seconds (0.00 work units)

    Nodes    |    Current Node    |     Objective Bounds      |     Work
 Expl Unexpl |  Obj  Depth IntInf | Incumbent    BestBd   Gap | It/Node Time

     0     0  -10.17749    0   12    3.22135  -10.17749   416%     -    0s
H    0     0                       1.3468643  -10.17749   856%     -    0s
H    0     0                       0.3919419  -10.17749  2697%     -    0s
H    0     0                      -4.5433652  -10.17749   124%     -    0s
     0     0   -4.54337    0   34   -4.54337   -4.54337  0.00%     -    0s

Cutting planes:
  Gomory: 1
  MIR: 16
  Zero half: 15
  RLT: 25
  BQP: 59

Explored 1 nodes (106 simplex iterations) in 0.01 seconds (0.00 work units)
Thread count was 8 (of 96 available processors)

Solution count 4: -4.54337 0.391942 1.34686 3.22135 
No other solutions better than -4.54337

Optimal solution found (tolerance 1.00e-06)
Best objective -4.543365181743e+00, best bound -4.543365181743e+00, gap 0.0000%

User-callback calls 164, time in user-callback 0.00 sec
