
Gurobi 13.0.0 (linux64) logging started Sun May  3 11:04:16 2026

Set parameter LogFile to value "logs/N=12_layers=1_presolve_on/N=12/seed=2/quantum_layers=1/precond_pen=0.400.log"
Set parameter MIPGap to value 1e-06
Set parameter Threads to value 8
Gurobi Optimizer version 13.0.0 build v13.0.0rc1 (linux64 - "Oracle Linux Server 9.7")

CPU model: AMD EPYC 7643 48-Core Processor, instruction set [SSE2|AVX|AVX2]
Thread count: 48 physical cores, 96 logical processors, using up to 8 threads

Non-default parameters:
MIPGap  1e-06
Threads  8

Optimize a model with 1 rows, 12 columns and 12 nonzeros (Min)
Model fingerprint: 0x644aa930
Model has 12 linear objective coefficients and an objective constant of 4.038807647375
Model has 66 quadratic objective terms
Variable types: 0 continuous, 12 integer (12 binary)
Coefficient statistics:
  Matrix range     [1e+00, 1e+00]
  Objective range  [8e-01, 2e+00]
  QObjective range [3e-02, 2e+00]
  Bounds range     [1e+00, 1e+00]
  RHS range        [6e+00, 6e+00]
Found heuristic solution: objective -0.4853553
Presolve time: 0.00s
Presolved: 67 rows, 78 columns, 210 nonzeros
Variable types: 0 continuous, 78 integer (78 binary)

Root relaxation: objective -7.652716e+00, 14 iterations, 0.00 seconds (0.00 work units)

    Nodes    |    Current Node    |     Objective Bounds      |     Work
 Expl Unexpl |  Obj  Depth IntInf | Incumbent    BestBd   Gap | It/Node Time

     0     0   -7.65272    0   12   -0.48536   -7.65272  1477%     -    0s
H    0     0                      -3.3273768   -7.65272   130%     -    0s
H    0     0                      -4.7827670   -7.65272  60.0%     -    0s

Cutting planes:
  MIR: 20
  Zero half: 11
  RLT: 12
  BQP: 61

Explored 1 nodes (14 simplex iterations) in 0.01 seconds (0.00 work units)
Thread count was 8 (of 96 available processors)

Solution count 3: -4.78277 -3.32738 -0.485355 
No other solutions better than -4.78277

Optimal solution found (tolerance 1.00e-06)
Best objective -4.782766987983e+00, best bound -4.782766987983e+00, gap 0.0000%

User-callback calls 156, time in user-callback 0.00 sec
