
Gurobi 13.0.0 (linux64) logging started Sun May  3 11:04:16 2026

Set parameter LogFile to value "logs/N=12_layers=1_presolve_on/N=12/seed=2/quantum_layers=1/precond_pen=0.100.log"
Set parameter MIPGap to value 1e-06
Set parameter Threads to value 8
Gurobi Optimizer version 13.0.0 build v13.0.0rc1 (linux64 - "Oracle Linux Server 9.7")

CPU model: AMD EPYC 7643 48-Core Processor, instruction set [SSE2|AVX|AVX2]
Thread count: 48 physical cores, 96 logical processors, using up to 8 threads

Non-default parameters:
MIPGap  1e-06
Threads  8

Optimize a model with 1 rows, 12 columns and 12 nonzeros (Min)
Model fingerprint: 0x59249798
Model has 12 linear objective coefficients and an objective constant of -1.8637072841943002e+01
Model has 66 quadratic objective terms
Variable types: 0 continuous, 12 integer (12 binary)
Coefficient statistics:
  Matrix range     [1e+00, 1e+00]
  Objective range  [4e+00, 7e+00]
  QObjective range [2e-01, 4e+00]
  Bounds range     [1e+00, 1e+00]
  RHS range        [6e+00, 6e+00]
Found heuristic solution: objective 1.4138692
Presolve time: 0.00s
Presolved: 67 rows, 78 columns, 210 nonzeros
Variable types: 0 continuous, 78 integer (78 binary)

Root relaxation: objective -1.863707e+01, 7 iterations, 0.00 seconds (0.00 work units)

    Nodes    |    Current Node    |     Objective Bounds      |     Work
 Expl Unexpl |  Obj  Depth IntInf | Incumbent    BestBd   Gap | It/Node Time

     0     0  -18.63707    0   12    1.41387  -18.63707  1418%     -    0s
H    0     0                      -3.1423703  -18.63707   493%     -    0s
     0     0   -6.77910    0   16   -3.14237   -6.77910   116%     -    0s
     0     0   -6.77910    0   17   -3.14237   -6.77910   116%     -    0s
     0     0   -4.84752    0   41   -3.14237   -4.84752  54.3%     -    0s
     0     0   -4.83320    0   41   -3.14237   -4.83320  53.8%     -    0s
     0     2   -4.82657    0   41   -3.14237   -4.82657  53.6%     -    0s

Cutting planes:
  Gomory: 2
  Cover: 2
  Dual implied bound: 15
  MIR: 8
  RLT: 8

Explored 12 nodes (339 simplex iterations) in 0.03 seconds (0.01 work units)
Thread count was 8 (of 96 available processors)

Solution count 2: -3.14237 1.41387 
No other solutions better than -3.14237

Optimal solution found (tolerance 1.00e-06)
Best objective -3.142370251443e+00, best bound -3.142370251443e+00, gap 0.0000%

User-callback calls 205, time in user-callback 0.00 sec
