
Gurobi 13.0.0 (linux64) logging started Tue Mar 31 15:12:48 2026

Set parameter LogFile to value "logs/N=16_layers=2_presolve_off/N=16/seed=12/n_qaoa_layers=2/precond_pen=0.200.log"
Set parameter MIPGap to value 1e-06
Set parameter Threads to value 8
Set parameter Presolve to value 0
Gurobi Optimizer version 13.0.0 build v13.0.0rc1 (linux64 - "Oracle Linux Server 9.7")

CPU model: AMD EPYC 7643 48-Core Processor, instruction set [SSE2|AVX|AVX2]
Thread count: 48 physical cores, 96 logical processors, using up to 8 threads

Non-default parameters:
MIPGap  1e-06
Presolve  0
Threads  8

Optimize a model with 1 rows, 16 columns and 16 nonzeros (Min)
Model fingerprint: 0xae2c90c4
Model has 16 linear objective coefficients and an objective constant of -2.2038049304325991e+01
Model has 120 quadratic objective terms
Variable types: 0 continuous, 16 integer (16 binary)
Coefficient statistics:
  Matrix range     [1e+00, 1e+00]
  Objective range  [1e+00, 9e+00]
  QObjective range [7e-03, 5e+00]
  Bounds range     [1e+00, 1e+00]
  RHS range        [8e+00, 8e+00]
Found heuristic solution: objective 3.7953087
Variable types: 0 continuous, 136 integer (136 binary)

Root relaxation: objective -2.857599e+01, 7 iterations, 0.00 seconds (0.00 work units)

    Nodes    |    Current Node    |     Objective Bounds      |     Work
 Expl Unexpl |  Obj  Depth IntInf | Incumbent    BestBd   Gap | It/Node Time

     0     0  -28.57599    0   16    3.79531  -28.57599   853%     -    0s
H    0     0                       3.7942379  -28.57599   853%     -    0s
H    0     0                       3.1425608  -28.57599  1009%     -    0s
H    0     0                       1.5966962  -28.57599  1890%     -    0s
H    0     0                      -9.9729968  -28.57599   187%     -    0s
     0     0  -16.30459    0   45   -9.97300  -16.30459  63.5%     -    0s
     0     0  -10.63018    0   60   -9.97300  -10.63018  6.59%     -    0s
     0     0  -10.52651    0   60   -9.97300  -10.52651  5.55%     -    0s
     0     2  -10.52651    0   60   -9.97300  -10.52651  5.55%     -    0s

Cutting planes:
  Gomory: 2
  Cover: 1
  MIR: 25
  StrongCG: 1
  Zero half: 7
  RLT: 25
  BQP: 47

Explored 52 nodes (1924 simplex iterations) in 0.05 seconds (0.04 work units)
Thread count was 8 (of 96 available processors)

Solution count 5: -9.973 1.5967 3.14256 ... 3.79531
No other solutions better than -9.973

Optimal solution found (tolerance 1.00e-06)
Best objective -9.972996801476e+00, best bound -9.972996801476e+00, gap 0.0000%

User-callback calls 207, time in user-callback 0.00 sec
