
Gurobi 13.0.0 (linux64) logging started Sun May  3 11:06:36 2026

Set parameter LogFile to value "logs/N=12_layers=2_presolve_on/N=12/seed=34/quantum_layers=2/baseline.log"
Set parameter MIPGap to value 1e-06
Set parameter Threads to value 8
Gurobi Optimizer version 13.0.0 build v13.0.0rc1 (linux64 - "Oracle Linux Server 9.7")

CPU model: AMD EPYC 7643 48-Core Processor, instruction set [SSE2|AVX|AVX2]
Thread count: 48 physical cores, 96 logical processors, using up to 8 threads

Non-default parameters:
MIPGap  1e-06
Threads  8

Optimize a model with 1 rows, 12 columns and 12 nonzeros (Min)
Model fingerprint: 0xe617638d
Model has 12 linear objective coefficients and an objective constant of -1.0078049506034858e-12
Model has 66 quadratic objective terms
Variable types: 0 continuous, 12 integer (12 binary)
Coefficient statistics:
  Matrix range     [1e+00, 1e+00]
  Objective range  [8e+00, 1e+01]
  QObjective range [3e-02, 8e+00]
  Bounds range     [1e+00, 1e+00]
  RHS range        [6e+00, 6e+00]
Found heuristic solution: objective 39.1354961
Presolve time: 0.00s
Presolved: 67 rows, 78 columns, 210 nonzeros
Variable types: 0 continuous, 78 integer (78 binary)

Root relaxation: objective -1.006917e-12, 10 iterations, 0.00 seconds (0.00 work units)

    Nodes    |    Current Node    |     Objective Bounds      |     Work
 Expl Unexpl |  Obj  Depth IntInf | Incumbent    BestBd   Gap | It/Node Time

     0     0   -0.00000    0   12   39.13550   -0.00000   100%     -    0s
H    0     0                      36.5453083   -0.00000   100%     -    0s
H    0     0                      35.9851026   -0.00000   100%     -    0s
H    0     0                      30.3846253   -0.00000   100%     -    0s
     0     0   18.91706    0   16   30.38463   18.91706  37.7%     -    0s
     0     0   19.98378    0   21   30.38463   19.98378  34.2%     -    0s
     0     0   25.21711    0   45   30.38463   25.21711  17.0%     -    0s
     0     0   25.22431    0   45   30.38463   25.22431  17.0%     -    0s
     0     2   25.22431    0   45   30.38463   25.22431  17.0%     -    0s

Cutting planes:
  Gomory: 2
  Dual implied bound: 14
  MIR: 11
  RLT: 9

Explored 61 nodes (1161 simplex iterations) in 0.03 seconds (0.02 work units)
Thread count was 8 (of 96 available processors)

Solution count 4: 30.3846 35.9851 36.5453 39.1355 

Optimal solution found (tolerance 1.00e-06)
Best objective 3.038462525185e+01, best bound 3.038462525185e+01, gap 0.0000%

User-callback calls 309, time in user-callback 0.00 sec
