
Gurobi 13.0.0 (linux64) logging started Sun May  3 11:06:36 2026

Set parameter LogFile to value "logs/N=12_layers=2_presolve_on/N=12/seed=34/quantum_layers=2/precond_pen=0.800.log"
Set parameter MIPGap to value 1e-06
Set parameter Threads to value 8
Gurobi Optimizer version 13.0.0 build v13.0.0rc1 (linux64 - "Oracle Linux Server 9.7")

CPU model: AMD EPYC 7643 48-Core Processor, instruction set [SSE2|AVX|AVX2]
Thread count: 48 physical cores, 96 logical processors, using up to 8 threads

Non-default parameters:
MIPGap  1e-06
Threads  8

Optimize a model with 1 rows, 12 columns and 12 nonzeros (Min)
Model fingerprint: 0xd60f949a
Model has 12 linear objective coefficients and an objective constant of 4.672540593825
Model has 66 quadratic objective terms
Variable types: 0 continuous, 12 integer (12 binary)
Coefficient statistics:
  Matrix range     [1e+00, 1e+00]
  Objective range  [1e+00, 2e+00]
  QObjective range [6e-04, 3e+00]
  Bounds range     [1e+00, 1e+00]
  RHS range        [6e+00, 6e+00]
Found heuristic solution: objective 0.4172427
Presolve time: 0.00s
Presolved: 67 rows, 78 columns, 210 nonzeros
Variable types: 0 continuous, 78 integer (78 binary)

Root relaxation: objective -7.195085e+00, 15 iterations, 0.00 seconds (0.00 work units)

    Nodes    |    Current Node    |     Objective Bounds      |     Work
 Expl Unexpl |  Obj  Depth IntInf | Incumbent    BestBd   Gap | It/Node Time

     0     0   -7.19509    0   12    0.41724   -7.19509  1824%     -    0s
H    0     0                      -1.1496687   -7.19509   526%     -    0s
H    0     0                      -3.5776304   -7.19509   101%     -    0s
     0     0   -3.57763    0   40   -3.57763   -3.57763  0.00%     -    0s

Cutting planes:
  Gomory: 1
  MIR: 20
  Zero half: 12
  RLT: 19
  BQP: 66

Explored 1 nodes (83 simplex iterations) in 0.01 seconds (0.00 work units)
Thread count was 8 (of 96 available processors)

Solution count 3: -3.57763 -1.14967 0.417243 
No other solutions better than -3.57763

Optimal solution found (tolerance 1.00e-06)
Best objective -3.577630430835e+00, best bound -3.577630430835e+00, gap 0.0000%

User-callback calls 162, time in user-callback 0.00 sec
