
Gurobi 13.0.0 (linux64) logging started Sun May  3 11:06:36 2026

Set parameter LogFile to value "logs/N=12_layers=2_presolve_on/N=12/seed=34/quantum_layers=2/precond_pen=1.000.log"
Set parameter MIPGap to value 1e-06
Set parameter Threads to value 8
Gurobi Optimizer version 13.0.0 build v13.0.0rc1 (linux64 - "Oracle Linux Server 9.7")

CPU model: AMD EPYC 7643 48-Core Processor, instruction set [SSE2|AVX|AVX2]
Thread count: 48 physical cores, 96 logical processors, using up to 8 threads

Non-default parameters:
MIPGap  1e-06
Threads  8

Optimize a model with 1 rows, 12 columns and 12 nonzeros (Min)
Model fingerprint: 0x7a8dbb75
Model has 12 linear objective coefficients and an objective constant of 5.3897271675590011e+00
Model has 66 quadratic objective terms
Variable types: 0 continuous, 12 integer (12 binary)
Coefficient statistics:
  Matrix range     [1e+00, 1e+00]
  Objective range  [2e+00, 2e+00]
  QObjective range [1e-02, 2e+00]
  Bounds range     [1e+00, 1e+00]
  RHS range        [6e+00, 6e+00]
Found heuristic solution: objective -0.0211720
Presolve time: 0.00s
Presolved: 67 rows, 78 columns, 210 nonzeros
Variable types: 0 continuous, 78 integer (78 binary)

Root relaxation: objective -5.410530e+00, 22 iterations, 0.00 seconds (0.00 work units)

    Nodes    |    Current Node    |     Objective Bounds      |     Work
 Expl Unexpl |  Obj  Depth IntInf | Incumbent    BestBd   Gap | It/Node Time

     0     0   -5.41053    0   12   -0.02117   -5.41053      -     -    0s
H    0     0                      -0.6719855   -5.41053   705%     -    0s
H    0     0                      -0.8676133   -5.41053   524%     -    0s
H    0     0                      -1.0234458   -5.41053   429%     -    0s
H    0     0                      -1.7592173   -5.41053   208%     -    0s
     0     0     cutoff    0        -1.75922   -1.75922  0.00%     -    0s

Cutting planes:
  Gomory: 1
  MIR: 44
  Zero half: 24
  RLT: 26
  BQP: 142

Explored 1 nodes (205 simplex iterations) in 0.01 seconds (0.01 work units)
Thread count was 8 (of 96 available processors)

Solution count 5: -1.75922 -1.02345 -0.867613 ... -0.021172
No other solutions better than -1.75922

Optimal solution found (tolerance 1.00e-06)
Best objective -1.759217294613e+00, best bound -1.759217294613e+00, gap 0.0000%

User-callback calls 165, time in user-callback 0.00 sec
