
Gurobi 13.0.0 (linux64) logging started Tue Mar 31 15:05:13 2026

Set parameter LogFile to value "logs/N=12_layers=2_presolve_on/N=12/seed=23/n_qaoa_layers=2/precond_pen=0.900.log"
Set parameter MIPGap to value 1e-06
Set parameter Threads to value 8
Gurobi Optimizer version 13.0.0 build v13.0.0rc1 (linux64 - "Oracle Linux Server 9.7")

CPU model: AMD EPYC 7643 48-Core Processor, instruction set [SSE2|AVX|AVX2]
Thread count: 48 physical cores, 96 logical processors, using up to 8 threads

Non-default parameters:
MIPGap  1e-06
Threads  8

Optimize a model with 1 rows, 12 columns and 12 nonzeros (Min)
Model fingerprint: 0x2641a47e
Model has 12 linear objective coefficients and an objective constant of 3.9738832692559996e+00
Model has 66 quadratic objective terms
Variable types: 0 continuous, 12 integer (12 binary)
Coefficient statistics:
  Matrix range     [1e+00, 1e+00]
  Objective range  [6e-01, 2e+00]
  QObjective range [8e-03, 4e+00]
  Bounds range     [1e+00, 1e+00]
  RHS range        [6e+00, 6e+00]
Found heuristic solution: objective 0.8457435
Presolve time: 0.00s
Presolved: 67 rows, 78 columns, 210 nonzeros
Variable types: 0 continuous, 78 integer (78 binary)

Root relaxation: objective -1.508588e+01, 7 iterations, 0.00 seconds (0.00 work units)

    Nodes    |    Current Node    |     Objective Bounds      |     Work
 Expl Unexpl |  Obj  Depth IntInf | Incumbent    BestBd   Gap | It/Node Time

     0     0  -15.08588    0   12    0.84574  -15.08588  1884%     -    0s
H    0     0                      -8.0292227  -15.08588  87.9%     -    0s
H    0     0                     -13.4358353  -15.08588  12.3%     -    0s

Cutting planes:
  Gomory: 1
  MIR: 12
  Zero half: 4
  RLT: 15
  BQP: 24

Explored 1 nodes (7 simplex iterations) in 0.01 seconds (0.00 work units)
Thread count was 8 (of 96 available processors)

Solution count 3: -13.4358 -8.02922 0.845743 
No other solutions better than -13.4358

Optimal solution found (tolerance 1.00e-06)
Best objective -1.343583534290e+01, best bound -1.343583534290e+01, gap 0.0000%

User-callback calls 157, time in user-callback 0.00 sec
