
Gurobi 13.0.0 (linux64) logging started Sun May  3 11:04:26 2026

Set parameter LogFile to value "logs/N=12_layers=1_presolve_off/N=12/seed=8/quantum_layers=1/precond_pen=0.300.log"
Set parameter MIPGap to value 1e-06
Set parameter Threads to value 8
Set parameter Presolve to value 0
Gurobi Optimizer version 13.0.0 build v13.0.0rc1 (linux64 - "Oracle Linux Server 9.7")

CPU model: AMD EPYC 7643 48-Core Processor, instruction set [SSE2|AVX|AVX2]
Thread count: 48 physical cores, 96 logical processors, using up to 8 threads

Non-default parameters:
MIPGap  1e-06
Presolve  0
Threads  8

Optimize a model with 1 rows, 12 columns and 12 nonzeros (Min)
Model fingerprint: 0x5db5d406
Model has 12 linear objective coefficients and an objective constant of 3.5887151718430008e+00
Model has 66 quadratic objective terms
Variable types: 0 continuous, 12 integer (12 binary)
Coefficient statistics:
  Matrix range     [1e+00, 1e+00]
  Objective range  [4e-02, 2e+00]
  QObjective range [5e-02, 3e+00]
  Bounds range     [1e+00, 1e+00]
  RHS range        [6e+00, 6e+00]
Found heuristic solution: objective -0.4493623
Variable types: 0 continuous, 78 integer (78 binary)

Root relaxation: objective -9.137188e+00, 9 iterations, 0.00 seconds (0.00 work units)

    Nodes    |    Current Node    |     Objective Bounds      |     Work
 Expl Unexpl |  Obj  Depth IntInf | Incumbent    BestBd   Gap | It/Node Time

     0     0   -9.13719    0   12   -0.44936   -9.13719  1933%     -    0s
H    0     0                      -2.8331812   -9.13719   223%     -    0s
H    0     0                      -3.4074818   -9.13719   168%     -    0s
H    0     0                      -3.9603224   -9.13719   131%     -    0s
H    0     0                      -4.3260447   -9.13719   111%     -    0s
     0     0   -4.32604    0   37   -4.32604   -4.32604  0.00%     -    0s

Cutting planes:
  Gomory: 2
  MIR: 27
  Zero half: 16
  RLT: 17
  BQP: 63

Explored 1 nodes (87 simplex iterations) in 0.01 seconds (0.00 work units)
Thread count was 8 (of 96 available processors)

Solution count 5: -4.32604 -3.96032 -3.40748 ... -0.449362
No other solutions better than -4.32604

Optimal solution found (tolerance 1.00e-06)
Best objective -4.326044664429e+00, best bound -4.326044664429e+00, gap 0.0000%

User-callback calls 71, time in user-callback 0.00 sec
