
Gurobi 13.0.0 (linux64) logging started Sun May  3 11:04:26 2026

Set parameter LogFile to value "logs/N=12_layers=1_presolve_off/N=12/seed=8/quantum_layers=1/precond_pen=0.800.log"
Set parameter MIPGap to value 1e-06
Set parameter Threads to value 8
Set parameter Presolve to value 0
Gurobi Optimizer version 13.0.0 build v13.0.0rc1 (linux64 - "Oracle Linux Server 9.7")

CPU model: AMD EPYC 7643 48-Core Processor, instruction set [SSE2|AVX|AVX2]
Thread count: 48 physical cores, 96 logical processors, using up to 8 threads

Non-default parameters:
MIPGap  1e-06
Presolve  0
Threads  8

Optimize a model with 1 rows, 12 columns and 12 nonzeros (Min)
Model fingerprint: 0x50f9e453
Model has 12 linear objective coefficients and an objective constant of 4.9046390443750019e+00
Model has 66 quadratic objective terms
Variable types: 0 continuous, 12 integer (12 binary)
Coefficient statistics:
  Matrix range     [1e+00, 1e+00]
  Objective range  [1e+00, 2e+00]
  QObjective range [7e-02, 1e+00]
  Bounds range     [1e+00, 1e+00]
  RHS range        [6e+00, 6e+00]
Found heuristic solution: objective -0.4391700
Variable types: 0 continuous, 78 integer (78 binary)

Root relaxation: objective -4.904639e+00, 16 iterations, 0.00 seconds (0.00 work units)

    Nodes    |    Current Node    |     Objective Bounds      |     Work
 Expl Unexpl |  Obj  Depth IntInf | Incumbent    BestBd   Gap | It/Node Time

     0     0   -4.90464    0   12   -0.43917   -4.90464  1017%     -    0s
H    0     0                      -0.5740250   -4.90464   754%     -    0s
H    0     0                      -1.0691859   -4.90464   359%     -    0s
     0     0   -1.09781    0   77   -1.06919   -1.09781  2.68%     -    0s

Cutting planes:
  Gomory: 3
  Cover: 7
  MIR: 48
  Zero half: 7
  RLT: 25
  BQP: 105

Explored 1 nodes (252 simplex iterations) in 0.02 seconds (0.01 work units)
Thread count was 8 (of 96 available processors)

Solution count 3: -1.06919 -0.574025 -0.43917 
No other solutions better than -1.06919

Optimal solution found (tolerance 1.00e-06)
Best objective -1.069185947799e+00, best bound -1.069185947799e+00, gap 0.0000%

User-callback calls 74, time in user-callback 0.00 sec
