
Gurobi 13.0.0 (linux64) logging started Tue Mar 31 15:14:01 2026

Set parameter LogFile to value "logs/N=16_layers=3_presolve_off/N=16/seed=11/n_qaoa_layers=3/precond_pen=0.500.log"
Set parameter MIPGap to value 1e-06
Set parameter Threads to value 8
Set parameter Presolve to value 0
Gurobi Optimizer version 13.0.0 build v13.0.0rc1 (linux64 - "Oracle Linux Server 9.7")

CPU model: AMD EPYC 7643 48-Core Processor, instruction set [SSE2|AVX|AVX2]
Thread count: 48 physical cores, 96 logical processors, using up to 8 threads

Non-default parameters:
MIPGap  1e-06
Presolve  0
Threads  8

Optimize a model with 1 rows, 16 columns and 16 nonzeros (Min)
Model fingerprint: 0xc77af87d
Model has 16 linear objective coefficients and an objective constant of 6.5335533925369971e+00
Model has 120 quadratic objective terms
Variable types: 0 continuous, 16 integer (16 binary)
Coefficient statistics:
  Matrix range     [1e+00, 1e+00]
  Objective range  [1e+00, 2e+00]
  QObjective range [1e-02, 4e+00]
  Bounds range     [1e+00, 1e+00]
  RHS range        [8e+00, 8e+00]
Found heuristic solution: objective -1.9921760
Variable types: 0 continuous, 136 integer (136 binary)

Root relaxation: objective -2.293956e+01, 20 iterations, 0.00 seconds (0.00 work units)

    Nodes    |    Current Node    |     Objective Bounds      |     Work
 Expl Unexpl |  Obj  Depth IntInf | Incumbent    BestBd   Gap | It/Node Time

     0     0  -22.93956    0   16   -1.99218  -22.93956  1051%     -    0s
H    0     0                     -12.6285250  -22.93956  81.6%     -    0s
H    0     0                     -14.3820825  -22.93956  59.5%     -    0s
     0     0  -14.38208    0   51  -14.38208  -14.38208  0.00%     -    0s

Cutting planes:
  MIR: 49
  Zero half: 24
  RLT: 31
  BQP: 140

Explored 1 nodes (154 simplex iterations) in 0.01 seconds (0.01 work units)
Thread count was 8 (of 96 available processors)

Solution count 3: -14.3821 -12.6285 -1.99218 
No other solutions better than -14.3821

Optimal solution found (tolerance 1.00e-06)
Best objective -1.438208249221e+01, best bound -1.438208249221e+01, gap 0.0000%

User-callback calls 66, time in user-callback 0.00 sec
