
Gurobi 13.0.0 (linux64) logging started Tue Mar 31 15:14:01 2026

Set parameter LogFile to value "logs/N=16_layers=3_presolve_off/N=16/seed=11/n_qaoa_layers=3/precond_pen=0.400.log"
Set parameter MIPGap to value 1e-06
Set parameter Threads to value 8
Set parameter Presolve to value 0
Gurobi Optimizer version 13.0.0 build v13.0.0rc1 (linux64 - "Oracle Linux Server 9.7")

CPU model: AMD EPYC 7643 48-Core Processor, instruction set [SSE2|AVX|AVX2]
Thread count: 48 physical cores, 96 logical processors, using up to 8 threads

Non-default parameters:
MIPGap  1e-06
Presolve  0
Threads  8

Optimize a model with 1 rows, 16 columns and 16 nonzeros (Min)
Model fingerprint: 0xbf71ce04
Model has 16 linear objective coefficients and an objective constant of 6.5308496462039995e+00
Model has 120 quadratic objective terms
Variable types: 0 continuous, 16 integer (16 binary)
Coefficient statistics:
  Matrix range     [1e+00, 1e+00]
  Objective range  [1e+00, 2e+00]
  QObjective range [2e-02, 4e+00]
  Bounds range     [1e+00, 1e+00]
  RHS range        [8e+00, 8e+00]
Found heuristic solution: objective -1.7118780
Variable types: 0 continuous, 136 integer (136 binary)

Root relaxation: objective -2.651210e+01, 17 iterations, 0.00 seconds (0.00 work units)

    Nodes    |    Current Node    |     Objective Bounds      |     Work
 Expl Unexpl |  Obj  Depth IntInf | Incumbent    BestBd   Gap | It/Node Time

     0     0  -26.51210    0   16   -1.71188  -26.51210  1449%     -    0s
H    0     0                     -13.1636691  -26.51210   101%     -    0s
H    0     0                     -17.9354447  -26.51210  47.8%     -    0s
     0     0  -17.93544    0   45  -17.93544  -17.93544  0.00%     -    0s

Cutting planes:
  MIR: 42
  Zero half: 19
  RLT: 31
  BQP: 127

Explored 1 nodes (98 simplex iterations) in 0.01 seconds (0.01 work units)
Thread count was 8 (of 96 available processors)

Solution count 3: -17.9354 -13.1637 -1.71188 
No other solutions better than -17.9354

Optimal solution found (tolerance 1.00e-06)
Best objective -1.793544472779e+01, best bound -1.793544472779e+01, gap 0.0000%

User-callback calls 67, time in user-callback 0.00 sec
