
Gurobi 13.0.0 (linux64) logging started Sun Mar 22 16:50:37 2026

Set parameter LogFile to value "logs/N=12_presolve_on/N=12/seed=17/n_qaoa_layers=1/precond_pen=0.900.log"
Set parameter MIPGap to value 1e-06
Set parameter Threads to value 8
Gurobi Optimizer version 13.0.0 build v13.0.0rc1 (linux64 - "Oracle Linux Server 9.7")

CPU model: AMD EPYC 7643 48-Core Processor, instruction set [SSE2|AVX|AVX2]
Thread count: 48 physical cores, 96 logical processors, using up to 8 threads

Non-default parameters:
MIPGap  1e-06
Threads  8

Optimize a model with 1 rows, 12 columns and 12 nonzeros (Min)
Model fingerprint: 0x7e089b95
Model has 12 linear objective coefficients and an objective constant of 4.918931762607
Model has 66 quadratic objective terms
Variable types: 0 continuous, 12 integer (12 binary)
Coefficient statistics:
  Matrix range     [1e+00, 1e+00]
  Objective range  [2e+00, 2e+00]
  QObjective range [2e-01, 1e+00]
  Bounds range     [1e+00, 1e+00]
  RHS range        [6e+00, 6e+00]
Found heuristic solution: objective -0.5356915
Presolve time: 0.00s
Presolved: 67 rows, 78 columns, 210 nonzeros
Variable types: 0 continuous, 78 integer (78 binary)

Root relaxation: objective -4.918932e+00, 15 iterations, 0.00 seconds (0.00 work units)

    Nodes    |    Current Node    |     Objective Bounds      |     Work
 Expl Unexpl |  Obj  Depth IntInf | Incumbent    BestBd   Gap | It/Node Time

     0     0   -4.91893    0   12   -0.53569   -4.91893   818%     -    0s
H    0     0                      -0.8330882   -4.91893   490%     -    0s
H    0     0                      -0.9113457   -4.91893   440%     -    0s
H    0     0                      -1.1021096   -4.91893   346%     -    0s
     0     0   -1.13281    0   68   -1.10211   -1.13281  2.79%     -    0s

Cutting planes:
  Gomory: 2
  Cover: 5
  Dual implied bound: 3
  MIR: 93
  Zero half: 5
  RLT: 22
  BQP: 114

Explored 1 nodes (223 simplex iterations) in 0.02 seconds (0.01 work units)
Thread count was 8 (of 96 available processors)

Solution count 4: -1.10211 -0.911346 -0.833088 -0.535692 
No other solutions better than -1.10211

Optimal solution found (tolerance 1.00e-06)
Best objective -1.102109577373e+00, best bound -1.102109577373e+00, gap 0.0000%

User-callback calls 171, time in user-callback 0.00 sec
