
Gurobi 13.0.0 (linux64) logging started Sun May  3 10:53:51 2026

Set parameter LogFile to value "logs/N=16_layers=1_presolve_on/N=16/seed=23/quantum_layers=1/precond_pen=0.000.log"
Set parameter MIPGap to value 1e-06
Set parameter Threads to value 8
Gurobi Optimizer version 13.0.0 build v13.0.0rc1 (linux64 - "Oracle Linux Server 9.7")

CPU model: AMD EPYC 7643 48-Core Processor, instruction set [SSE2|AVX|AVX2]
Thread count: 48 physical cores, 96 logical processors, using up to 8 threads

Non-default parameters:
MIPGap  1e-06
Threads  8

Optimize a model with 1 rows, 16 columns and 16 nonzeros (Min)
Model fingerprint: 0x60dd7736
Model has 16 linear objective coefficients and an objective constant of -4.4722898892398987e+01
Model has 120 quadratic objective terms
Variable types: 0 continuous, 16 integer (16 binary)
Coefficient statistics:
  Matrix range     [1e+00, 1e+00]
  Objective range  [1e+01, 1e+01]
  QObjective range [2e+00, 4e+00]
  Bounds range     [1e+00, 1e+00]
  RHS range        [8e+00, 8e+00]
Found heuristic solution: objective 2.2542129
Presolve time: 0.00s
Presolved: 121 rows, 136 columns, 376 nonzeros
Variable types: 0 continuous, 136 integer (136 binary)

Root relaxation: objective -4.472290e+01, 7 iterations, 0.00 seconds (0.00 work units)

    Nodes    |    Current Node    |     Objective Bounds      |     Work
 Expl Unexpl |  Obj  Depth IntInf | Incumbent    BestBd   Gap | It/Node Time

     0     0  -44.72290    0   16    2.25421  -44.72290  2084%     -    0s
H    0     0                       1.7677297  -44.72290  2630%     -    0s
H    0     0                      -0.5565770  -44.72290  7935%     -    0s
     0     0   -5.14184    0   16   -0.55658   -5.14184   824%     -    0s
     0     0   -4.71465    0   26   -0.55658   -4.71465   747%     -    0s
     0     0   -2.89021    0   48   -0.55658   -2.89021   419%     -    0s
     0     0   -2.84816    0   48   -0.55658   -2.84816   412%     -    0s
     0     2   -2.70725    0   48   -0.55658   -2.70725   386%     -    0s

Cutting planes:
  Dual implied bound: 24
  MIR: 20
  RLT: 14

Explored 19 nodes (983 simplex iterations) in 0.05 seconds (0.04 work units)
Thread count was 8 (of 96 available processors)

Solution count 3: -0.556577 1.76773 2.25421 

Optimal solution found (tolerance 1.00e-06)
Best objective -5.565770066390e-01, best bound -5.565770066390e-01, gap 0.0000%

User-callback calls 229, time in user-callback 0.00 sec
