
Gurobi 13.0.0 (linux64) logging started Sun May  3 10:53:51 2026

Set parameter LogFile to value "logs/N=16_layers=1_presolve_on/N=16/seed=23/quantum_layers=1/precond_pen=0.700.log"
Set parameter MIPGap to value 1e-06
Set parameter Threads to value 8
Gurobi Optimizer version 13.0.0 build v13.0.0rc1 (linux64 - "Oracle Linux Server 9.7")

CPU model: AMD EPYC 7643 48-Core Processor, instruction set [SSE2|AVX|AVX2]
Thread count: 48 physical cores, 96 logical processors, using up to 8 threads

Non-default parameters:
MIPGap  1e-06
Threads  8

Optimize a model with 1 rows, 16 columns and 16 nonzeros (Min)
Model fingerprint: 0x1f2249ed
Model has 16 linear objective coefficients and an objective constant of 6.721574846248
Model has 120 quadratic objective terms
Variable types: 0 continuous, 16 integer (16 binary)
Coefficient statistics:
  Matrix range     [1e+00, 1e+00]
  Objective range  [1e+00, 2e+00]
  QObjective range [5e-03, 9e-01]
  Bounds range     [1e+00, 1e+00]
  RHS range        [8e+00, 8e+00]
Found heuristic solution: objective -0.7991268
Presolve time: 0.00s
Presolved: 121 rows, 136 columns, 376 nonzeros
Variable types: 0 continuous, 136 integer (136 binary)

Root relaxation: objective -6.736242e+00, 39 iterations, 0.00 seconds (0.00 work units)

    Nodes    |    Current Node    |     Objective Bounds      |     Work
 Expl Unexpl |  Obj  Depth IntInf | Incumbent    BestBd   Gap | It/Node Time

     0     0   -6.73624    0   16   -0.79913   -6.73624   743%     -    0s
H    0     0                      -1.9324308   -6.73624   249%     -    0s
     0     0   -1.93491    0  119   -1.93243   -1.93491  0.13%     -    0s

Cutting planes:
  Gomory: 5
  Cover: 5
  Dual implied bound: 5
  MIR: 64
  Zero half: 16
  RLT: 34
  BQP: 253

Explored 1 nodes (555 simplex iterations) in 0.06 seconds (0.04 work units)
Thread count was 8 (of 96 available processors)

Solution count 2: -1.93243 -0.799127 
No other solutions better than -1.93243

Optimal solution found (tolerance 1.00e-06)
Best objective -1.932430823914e+00, best bound -1.932430823914e+00, gap 0.0000%

User-callback calls 172, time in user-callback 0.00 sec
