
Gurobi 13.0.0 (linux64) logging started Tue Mar 31 15:12:47 2026

Set parameter LogFile to value "logs/N=16_layers=2_presolve_off/N=16/seed=8/n_qaoa_layers=2/precond_pen=0.600.log"
Set parameter MIPGap to value 1e-06
Set parameter Threads to value 8
Set parameter Presolve to value 0
Gurobi Optimizer version 13.0.0 build v13.0.0rc1 (linux64 - "Oracle Linux Server 9.7")

CPU model: AMD EPYC 7643 48-Core Processor, instruction set [SSE2|AVX|AVX2]
Thread count: 48 physical cores, 96 logical processors, using up to 8 threads

Non-default parameters:
MIPGap  1e-06
Presolve  0
Threads  8

Optimize a model with 1 rows, 16 columns and 16 nonzeros (Min)
Model fingerprint: 0x19a43eea
Model has 16 linear objective coefficients and an objective constant of 6.2394079400909987e+00
Model has 120 quadratic objective terms
Variable types: 0 continuous, 16 integer (16 binary)
Coefficient statistics:
  Matrix range     [1e+00, 1e+00]
  Objective range  [1e+00, 2e+00]
  QObjective range [8e-03, 2e+00]
  Bounds range     [1e+00, 1e+00]
  RHS range        [8e+00, 8e+00]
Found heuristic solution: objective -3.1312404
Variable types: 0 continuous, 136 integer (136 binary)

Root relaxation: objective -1.369146e+01, 36 iterations, 0.00 seconds (0.00 work units)

    Nodes    |    Current Node    |     Objective Bounds      |     Work
 Expl Unexpl |  Obj  Depth IntInf | Incumbent    BestBd   Gap | It/Node Time

     0     0  -13.69146    0   16   -3.13124  -13.69146   337%     -    0s
H    0     0                      -3.2823781  -13.69146   317%     -    0s
H    0     0                      -5.8728362  -13.69146   133%     -    0s
H    0     0                      -6.8030720  -13.69146   101%     -    0s
     0     0   -7.24223    0   52   -6.80307   -7.24223  6.46%     -    0s

Cutting planes:
  Gomory: 4
  MIR: 145
  StrongCG: 12
  Flow cover: 16
  Zero half: 21
  RLT: 33
  BQP: 157

Explored 1 nodes (216 simplex iterations) in 0.04 seconds (0.03 work units)
Thread count was 8 (of 96 available processors)

Solution count 4: -6.80307 -5.87284 -3.28238 -3.13124 
No other solutions better than -6.80307

Optimal solution found (tolerance 1.00e-06)
Best objective -6.803071974437e+00, best bound -6.803071974437e+00, gap 0.0000%

User-callback calls 76, time in user-callback 0.00 sec
