
Gurobi 13.0.0 (linux64) logging started Tue Mar 31 15:12:47 2026

Set parameter LogFile to value "logs/N=16_layers=2_presolve_off/N=16/seed=8/n_qaoa_layers=2/precond_pen=0.800.log"
Set parameter MIPGap to value 1e-06
Set parameter Threads to value 8
Set parameter Presolve to value 0
Gurobi Optimizer version 13.0.0 build v13.0.0rc1 (linux64 - "Oracle Linux Server 9.7")

CPU model: AMD EPYC 7643 48-Core Processor, instruction set [SSE2|AVX|AVX2]
Thread count: 48 physical cores, 96 logical processors, using up to 8 threads

Non-default parameters:
MIPGap  1e-06
Presolve  0
Threads  8

Optimize a model with 1 rows, 16 columns and 16 nonzeros (Min)
Model fingerprint: 0xce2c94a2
Model has 16 linear objective coefficients and an objective constant of 6.6017679595680017e+00
Model has 120 quadratic objective terms
Variable types: 0 continuous, 16 integer (16 binary)
Coefficient statistics:
  Matrix range     [1e+00, 1e+00]
  Objective range  [2e+00, 2e+00]
  QObjective range [8e-03, 2e+00]
  Bounds range     [1e+00, 1e+00]
  RHS range        [8e+00, 8e+00]
Found heuristic solution: objective -2.0447700
Variable types: 0 continuous, 136 integer (136 binary)

Root relaxation: objective -9.813901e+00, 51 iterations, 0.00 seconds (0.00 work units)

    Nodes    |    Current Node    |     Objective Bounds      |     Work
 Expl Unexpl |  Obj  Depth IntInf | Incumbent    BestBd   Gap | It/Node Time

     0     0   -9.81390    0   16   -2.04477   -9.81390   380%     -    0s
H    0     0                      -4.2163746   -9.81390   133%     -    0s
     0     0   -4.45943    0   58   -4.21637   -4.45943  5.76%     -    0s

Cutting planes:
  Gomory: 4
  Cover: 1
  MIR: 91
  StrongCG: 12
  Flow cover: 39
  Zero half: 18
  RLT: 30
  BQP: 172

Explored 1 nodes (268 simplex iterations) in 0.04 seconds (0.03 work units)
Thread count was 8 (of 96 available processors)

Solution count 2: -4.21637 -2.04477 
No other solutions better than -4.21637

Optimal solution found (tolerance 1.00e-06)
Best objective -4.216374616904e+00, best bound -4.216374616904e+00, gap 0.0000%

User-callback calls 76, time in user-callback 0.00 sec
