
Gurobi 13.0.0 (linux64) logging started Sun Mar 22 16:50:51 2026

Set parameter LogFile to value "logs/N=12_presolve_off/N=12/seed=47/n_qaoa_layers=1/precond_pen=0.700.log"
Set parameter MIPGap to value 1e-06
Set parameter Threads to value 8
Set parameter Presolve to value 0
Gurobi Optimizer version 13.0.0 build v13.0.0rc1 (linux64 - "Oracle Linux Server 9.7")

CPU model: AMD EPYC 7643 48-Core Processor, instruction set [SSE2|AVX|AVX2]
Thread count: 48 physical cores, 96 logical processors, using up to 8 threads

Non-default parameters:
MIPGap  1e-06
Presolve  0
Threads  8

Optimize a model with 1 rows, 12 columns and 12 nonzeros (Min)
Model fingerprint: 0x31de9b0b
Model has 12 linear objective coefficients and an objective constant of 4.8590204885430008e+00
Model has 66 quadratic objective terms
Variable types: 0 continuous, 12 integer (12 binary)
Coefficient statistics:
  Matrix range     [1e+00, 1e+00]
  Objective range  [1e+00, 2e+00]
  QObjective range [3e-02, 1e+00]
  Bounds range     [1e+00, 1e+00]
  RHS range        [6e+00, 6e+00]
Found heuristic solution: objective -0.1757851
Variable types: 0 continuous, 78 integer (78 binary)

Root relaxation: objective -4.870829e+00, 21 iterations, 0.00 seconds (0.00 work units)

    Nodes    |    Current Node    |     Objective Bounds      |     Work
 Expl Unexpl |  Obj  Depth IntInf | Incumbent    BestBd   Gap | It/Node Time

     0     0   -4.87083    0   12   -0.17579   -4.87083  2671%     -    0s
H    0     0                      -0.5366874   -4.87083   808%     -    0s
H    0     0                      -0.5723905   -4.87083   751%     -    0s
H    0     0                      -0.8313793   -4.87083   486%     -    0s
H    0     0                      -1.4214881   -4.87083   243%     -    0s
H    0     0                      -1.5558989   -3.37489   117%     -    0s
     0     0     cutoff    0        -1.55590   -1.55590  0.00%     -    0s

Cutting planes:
  Gomory: 1
  MIR: 50
  Zero half: 22
  RLT: 27
  BQP: 138

Explored 1 nodes (203 simplex iterations) in 0.01 seconds (0.01 work units)
Thread count was 8 (of 96 available processors)

Solution count 6: -1.5559 -1.42149 -0.831379 ... -0.175785
No other solutions better than -1.5559

Optimal solution found (tolerance 1.00e-06)
Best objective -1.555898880267e+00, best bound -1.555898880267e+00, gap 0.0000%

User-callback calls 72, time in user-callback 0.00 sec
