
Gurobi 13.0.0 (linux64) logging started Sun May  3 11:04:31 2026

Set parameter LogFile to value "logs/N=12_layers=1_presolve_off/N=12/seed=39/quantum_layers=1/precond_pen=0.600.log"
Set parameter MIPGap to value 1e-06
Set parameter Threads to value 8
Set parameter Presolve to value 0
Gurobi Optimizer version 13.0.0 build v13.0.0rc1 (linux64 - "Oracle Linux Server 9.7")

CPU model: AMD EPYC 7643 48-Core Processor, instruction set [SSE2|AVX|AVX2]
Thread count: 48 physical cores, 96 logical processors, using up to 8 threads

Non-default parameters:
MIPGap  1e-06
Presolve  0
Threads  8

Optimize a model with 1 rows, 12 columns and 12 nonzeros (Min)
Model fingerprint: 0x2be653fb
Model has 12 linear objective coefficients and an objective constant of 4.845052254211
Model has 66 quadratic objective terms
Variable types: 0 continuous, 12 integer (12 binary)
Coefficient statistics:
  Matrix range     [1e+00, 1e+00]
  Objective range  [1e+00, 2e+00]
  QObjective range [1e-02, 1e+00]
  Bounds range     [1e+00, 1e+00]
  RHS range        [6e+00, 6e+00]
Found heuristic solution: objective 0.4870183
Variable types: 0 continuous, 78 integer (78 binary)

Root relaxation: objective -5.078445e+00, 20 iterations, 0.00 seconds (0.00 work units)

    Nodes    |    Current Node    |     Objective Bounds      |     Work
 Expl Unexpl |  Obj  Depth IntInf | Incumbent    BestBd   Gap | It/Node Time

     0     0   -5.07844    0   12    0.48702   -5.07844  1143%     -    0s
H    0     0                      -0.7272627   -5.07844   598%     -    0s
H    0     0                      -0.7318902   -5.07844   594%     -    0s
H    0     0                      -0.9370757   -5.07844   442%     -    0s
H    0     0                      -1.3396914   -5.07844   279%     -    0s
H    0     0                      -1.6185666   -5.07844   214%     -    0s
H    0     0                      -1.8360530   -5.07844   177%     -    0s
     0     0   -1.83605    0   38   -1.83605   -1.83605  0.00%     -    0s

Cutting planes:
  MIR: 38
  Zero half: 15
  RLT: 24
  BQP: 100

Explored 1 nodes (167 simplex iterations) in 0.01 seconds (0.00 work units)
Thread count was 8 (of 96 available processors)

Solution count 7: -1.83605 -1.61857 -1.33969 ... 0.487018
No other solutions better than -1.83605

Optimal solution found (tolerance 1.00e-06)
Best objective -1.836053039251e+00, best bound -1.836053039251e+00, gap 0.0000%

User-callback calls 75, time in user-callback 0.00 sec
