
Gurobi 13.0.0 (linux64) logging started Sun May  3 10:54:03 2026

Set parameter LogFile to value "logs/N=16_layers=1_presolve_on/N=16/seed=42/quantum_layers=1/baseline.log"
Set parameter MIPGap to value 1e-06
Set parameter Threads to value 8
Gurobi Optimizer version 13.0.0 build v13.0.0rc1 (linux64 - "Oracle Linux Server 9.7")

CPU model: AMD EPYC 7643 48-Core Processor, instruction set [SSE2|AVX|AVX2]
Thread count: 48 physical cores, 96 logical processors, using up to 8 threads

Non-default parameters:
MIPGap  1e-06
Threads  8

Optimize a model with 1 rows, 16 columns and 16 nonzeros (Min)
Model fingerprint: 0xb213e192
Model has 16 linear objective coefficients
Model has 120 quadratic objective terms
Variable types: 0 continuous, 16 integer (16 binary)
Coefficient statistics:
  Matrix range     [1e+00, 1e+00]
  Objective range  [1e+01, 2e+01]
  QObjective range [6e-02, 8e+00]
  Bounds range     [1e+00, 1e+00]
  RHS range        [8e+00, 8e+00]
Found heuristic solution: objective 57.2810024
Presolve time: 0.00s
Presolved: 121 rows, 136 columns, 376 nonzeros
Variable types: 0 continuous, 136 integer (136 binary)

Root relaxation: objective 2.375877e-14, 12 iterations, 0.00 seconds (0.00 work units)

    Nodes    |    Current Node    |     Objective Bounds      |     Work
 Expl Unexpl |  Obj  Depth IntInf | Incumbent    BestBd   Gap | It/Node Time

     0     0    0.00000    0   16   57.28100    0.00000   100%     -    0s
H    0     0                      54.3326658    0.00000   100%     -    0s
     0     0   25.87235    0   24   54.33267   25.87235  52.4%     -    0s
     0     0   26.25213    0   25   54.33267   26.25213  51.7%     -    0s
     0     0   35.03239    0   62   54.33267   35.03239  35.5%     -    0s
     0     0   35.44385    0   62   54.33267   35.44385  34.8%     -    0s
     0     2   35.90461    0   62   54.33267   35.90461  33.9%     -    0s
*   79    33               8      54.2383882   45.24830  16.6%  28.7    0s
H  143    36                      53.5784754   47.78771  10.8%  24.9    0s
H  182    36                      53.5088814   48.15115  10.0%  23.1    0s

Cutting planes:
  Cover: 2
  Dual implied bound: 28
  MIR: 21
  StrongCG: 1
  Mod-K: 2
  RLT: 13

Explored 275 nodes (6001 simplex iterations) in 0.07 seconds (0.07 work units)
Thread count was 8 (of 96 available processors)

Solution count 5: 53.5089 53.5785 54.2384 ... 57.281

Optimal solution found (tolerance 1.00e-06)
Best objective 5.350888140079e+01, best bound 5.350888140079e+01, gap 0.0000%

User-callback calls 757, time in user-callback 0.00 sec
