
Gurobi 13.0.0 (linux64) logging started Sun May  3 10:54:03 2026

Set parameter LogFile to value "logs/N=16_layers=1_presolve_on/N=16/seed=42/quantum_layers=1/precond_pen=0.000.log"
Set parameter MIPGap to value 1e-06
Set parameter Threads to value 8
Gurobi Optimizer version 13.0.0 build v13.0.0rc1 (linux64 - "Oracle Linux Server 9.7")

CPU model: AMD EPYC 7643 48-Core Processor, instruction set [SSE2|AVX|AVX2]
Thread count: 48 physical cores, 96 logical processors, using up to 8 threads

Non-default parameters:
MIPGap  1e-06
Threads  8

Optimize a model with 1 rows, 16 columns and 16 nonzeros (Min)
Model fingerprint: 0xf7463017
Model has 16 linear objective coefficients and an objective constant of -4.4671803750134011e+01
Model has 120 quadratic objective terms
Variable types: 0 continuous, 16 integer (16 binary)
Coefficient statistics:
  Matrix range     [1e+00, 1e+00]
  Objective range  [1e+01, 1e+01]
  QObjective range [2e+00, 4e+00]
  Bounds range     [1e+00, 1e+00]
  RHS range        [8e+00, 8e+00]
Found heuristic solution: objective 1.4047800
Presolve time: 0.00s
Presolved: 121 rows, 136 columns, 376 nonzeros
Variable types: 0 continuous, 136 integer (136 binary)

Root relaxation: objective -4.467180e+01, 8 iterations, 0.00 seconds (0.00 work units)

    Nodes    |    Current Node    |     Objective Bounds      |     Work
 Expl Unexpl |  Obj  Depth IntInf | Incumbent    BestBd   Gap | It/Node Time

     0     0  -44.67180    0   16    1.40478  -44.67180  3280%     -    0s
H    0     0                      -0.1570260  -44.67180      -     -    0s
     0     0   -5.13673    0   22   -0.15703   -5.13673  3171%     -    0s
     0     0   -5.13673    0   26   -0.15703   -5.13673  3171%     -    0s
     0     0   -3.34926    0   67   -0.15703   -3.34926  2033%     -    0s
     0     0   -3.32314    0   67   -0.15703   -3.32314  2016%     -    0s
     0     2   -3.28487    0   67   -0.15703   -3.28487  1992%     -    0s

Cutting planes:
  Gomory: 1
  Dual implied bound: 25
  MIR: 14
  RLT: 14

Explored 94 nodes (3043 simplex iterations) in 0.06 seconds (0.05 work units)
Thread count was 8 (of 96 available processors)

Solution count 2: -0.157026 1.40478 

Optimal solution found (tolerance 1.00e-06)
Best objective -1.570260204700e-01, best bound -1.570260204700e-01, gap 0.0000%

User-callback calls 381, time in user-callback 0.00 sec
