
Gurobi 13.0.0 (linux64) logging started Sun May  3 10:54:03 2026

Set parameter LogFile to value "logs/N=16_layers=1_presolve_on/N=16/seed=42/quantum_layers=1/precond_pen=0.700.log"
Set parameter MIPGap to value 1e-06
Set parameter Threads to value 8
Gurobi Optimizer version 13.0.0 build v13.0.0rc1 (linux64 - "Oracle Linux Server 9.7")

CPU model: AMD EPYC 7643 48-Core Processor, instruction set [SSE2|AVX|AVX2]
Thread count: 48 physical cores, 96 logical processors, using up to 8 threads

Non-default parameters:
MIPGap  1e-06
Threads  8

Optimize a model with 1 rows, 16 columns and 16 nonzeros (Min)
Model fingerprint: 0x93691aba
Model has 16 linear objective coefficients and an objective constant of 6.7241394040250011e+00
Model has 120 quadratic objective terms
Variable types: 0 continuous, 16 integer (16 binary)
Coefficient statistics:
  Matrix range     [1e+00, 1e+00]
  Objective range  [1e+00, 2e+00]
  QObjective range [2e-03, 9e-01]
  Bounds range     [1e+00, 1e+00]
  RHS range        [8e+00, 8e+00]
Found heuristic solution: objective -1.2565095
Presolve time: 0.00s
Presolved: 121 rows, 136 columns, 376 nonzeros
Variable types: 0 continuous, 136 integer (136 binary)

Root relaxation: objective -6.731404e+00, 48 iterations, 0.00 seconds (0.00 work units)

    Nodes    |    Current Node    |     Objective Bounds      |     Work
 Expl Unexpl |  Obj  Depth IntInf | Incumbent    BestBd   Gap | It/Node Time

     0     0   -6.73140    0   16   -1.25651   -6.73140   436%     -    0s
H    0     0                      -1.6359460   -6.73140   311%     -    0s
H    0     0                      -1.6494223   -1.86916  13.3%     -    0s
H    0     0                      -1.6549120   -1.86916  12.9%     -    0s
H    0     0                      -1.7203740   -1.86916  8.65%     -    0s
     0     0   -1.84501    0  118   -1.72037   -1.84501  7.24%     -    0s

Cutting planes:
  Gomory: 8
  Cover: 1
  Dual implied bound: 8
  MIR: 80
  Zero half: 24
  RLT: 32
  BQP: 236

Explored 1 nodes (730 simplex iterations) in 0.08 seconds (0.06 work units)
Thread count was 8 (of 96 available processors)

Solution count 5: -1.72037 -1.65491 -1.64942 ... -1.25651
No other solutions better than -1.72037

Optimal solution found (tolerance 1.00e-06)
Best objective -1.720374035801e+00, best bound -1.720374035801e+00, gap 0.0000%

User-callback calls 178, time in user-callback 0.00 sec
