
Gurobi 13.0.0 (linux64) logging started Tue Mar 31 15:05:20 2026

Set parameter LogFile to value "logs/N=12_layers=2_presolve_off/N=12/seed=35/n_qaoa_layers=2/precond_pen=0.600.log"
Set parameter MIPGap to value 1e-06
Set parameter Threads to value 8
Set parameter Presolve to value 0
Gurobi Optimizer version 13.0.0 build v13.0.0rc1 (linux64 - "Oracle Linux Server 9.7")

CPU model: AMD EPYC 7643 48-Core Processor, instruction set [SSE2|AVX|AVX2]
Thread count: 48 physical cores, 96 logical processors, using up to 8 threads

Non-default parameters:
MIPGap  1e-06
Presolve  0
Threads  8

Optimize a model with 1 rows, 12 columns and 12 nonzeros (Min)
Model fingerprint: 0x17021a49
Model has 12 linear objective coefficients and an objective constant of 4.298735336248
Model has 66 quadratic objective terms
Variable types: 0 continuous, 12 integer (12 binary)
Coefficient statistics:
  Matrix range     [1e+00, 1e+00]
  Objective range  [8e-01, 2e+00]
  QObjective range [1e-02, 3e+00]
  Bounds range     [1e+00, 1e+00]
  RHS range        [6e+00, 6e+00]
Found heuristic solution: objective 0.3299708
Variable types: 0 continuous, 78 integer (78 binary)

Root relaxation: objective -9.699774e+00, 13 iterations, 0.00 seconds (0.00 work units)

    Nodes    |    Current Node    |     Objective Bounds      |     Work
 Expl Unexpl |  Obj  Depth IntInf | Incumbent    BestBd   Gap | It/Node Time

     0     0   -9.69977    0   12    0.32997   -9.69977  3040%     -    0s
H    0     0                      -1.4411691   -9.69977   573%     -    0s
H    0     0                      -1.6918050   -9.69977   473%     -    0s
H    0     0                      -4.3878137   -9.69977   121%     -    0s
H    0     0                      -5.9199230   -9.69977  63.8%     -    0s

Cutting planes:
  Gomory: 1
  MIR: 21
  Zero half: 13
  RLT: 17
  BQP: 52

Explored 1 nodes (13 simplex iterations) in 0.01 seconds (0.00 work units)
Thread count was 8 (of 96 available processors)

Solution count 5: -5.91992 -4.38781 -1.6918 ... 0.329971
No other solutions better than -5.91992

Optimal solution found (tolerance 1.00e-06)
Best objective -5.919923024886e+00, best bound -5.919923024886e+00, gap 0.0000%

User-callback calls 65, time in user-callback 0.00 sec
