
Gurobi 13.0.0 (linux64) logging started Tue Mar 31 15:05:19 2026

Set parameter LogFile to value "logs/N=12_layers=2_presolve_off/N=12/seed=25/n_qaoa_layers=2/precond_pen=1.000.log"
Set parameter MIPGap to value 1e-06
Set parameter Threads to value 8
Set parameter Presolve to value 0
Gurobi Optimizer version 13.0.0 build v13.0.0rc1 (linux64 - "Oracle Linux Server 9.7")

CPU model: AMD EPYC 7643 48-Core Processor, instruction set [SSE2|AVX|AVX2]
Thread count: 48 physical cores, 96 logical processors, using up to 8 threads

Non-default parameters:
MIPGap  1e-06
Presolve  0
Threads  8

Optimize a model with 1 rows, 12 columns and 12 nonzeros (Min)
Model fingerprint: 0xfb885232
Model has 12 linear objective coefficients and an objective constant of 5.3964313302649982e+00
Model has 66 quadratic objective terms
Variable types: 0 continuous, 12 integer (12 binary)
Coefficient statistics:
  Matrix range     [1e+00, 1e+00]
  Objective range  [2e+00, 2e+00]
  QObjective range [2e-02, 1e+00]
  Bounds range     [1e+00, 1e+00]
  RHS range        [6e+00, 6e+00]
Found heuristic solution: objective -0.2566655
Variable types: 0 continuous, 78 integer (78 binary)

Root relaxation: objective -5.417669e+00, 18 iterations, 0.00 seconds (0.00 work units)

    Nodes    |    Current Node    |     Objective Bounds      |     Work
 Expl Unexpl |  Obj  Depth IntInf | Incumbent    BestBd   Gap | It/Node Time

     0     0   -5.41767    0   12   -0.25667   -5.41767  2011%     -    0s
H    0     0                      -1.0509887   -5.41767   415%     -    0s
H    0     0                      -1.9000766   -5.41767   185%     -    0s
     0     0     cutoff    0        -1.90008   -1.90008  0.00%     -    0s

Cutting planes:
  Gomory: 2
  MIR: 48
  Zero half: 18
  RLT: 23
  BQP: 135

Explored 1 nodes (124 simplex iterations) in 0.01 seconds (0.00 work units)
Thread count was 8 (of 96 available processors)

Solution count 3: -1.90008 -1.05099 -0.256666 
No other solutions better than -1.90008

Optimal solution found (tolerance 1.00e-06)
Best objective -1.900076575477e+00, best bound -1.900076575477e+00, gap 0.0000%

User-callback calls 67, time in user-callback 0.00 sec
