
Gurobi 13.0.0 (linux64) logging started Tue Mar 31 15:06:59 2026

Set parameter LogFile to value "logs/N=12_layers=3_presolve_off/N=12/seed=42/n_qaoa_layers=3/precond_pen=0.400.log"
Set parameter MIPGap to value 1e-06
Set parameter Threads to value 8
Set parameter Presolve to value 0
Gurobi Optimizer version 13.0.0 build v13.0.0rc1 (linux64 - "Oracle Linux Server 9.7")

CPU model: AMD EPYC 7643 48-Core Processor, instruction set [SSE2|AVX|AVX2]
Thread count: 48 physical cores, 96 logical processors, using up to 8 threads

Non-default parameters:
MIPGap  1e-06
Presolve  0
Threads  8

Optimize a model with 1 rows, 12 columns and 12 nonzeros (Min)
Model fingerprint: 0x823e785a
Model has 12 linear objective coefficients and an objective constant of 4.3795351497290005e+00
Model has 66 quadratic objective terms
Variable types: 0 continuous, 12 integer (12 binary)
Coefficient statistics:
  Matrix range     [1e+00, 1e+00]
  Objective range  [9e-02, 3e+00]
  QObjective range [6e-02, 5e+00]
  Bounds range     [1e+00, 1e+00]
  RHS range        [6e+00, 6e+00]
Found heuristic solution: objective -6.8946579
Variable types: 0 continuous, 78 integer (78 binary)

Root relaxation: objective -1.439717e+01, 12 iterations, 0.00 seconds (0.00 work units)

    Nodes    |    Current Node    |     Objective Bounds      |     Work
 Expl Unexpl |  Obj  Depth IntInf | Incumbent    BestBd   Gap | It/Node Time

     0     0  -14.39717    0   12   -6.89466  -14.39717   109%     -    0s
H    0     0                      -9.1455404  -14.39717  57.4%     -    0s
     0     0   -9.14554    0   43   -9.14554   -9.14554  0.00%     -    0s

Cutting planes:
  Gomory: 1
  MIR: 20
  Zero half: 14
  RLT: 17
  BQP: 54

Explored 1 nodes (78 simplex iterations) in 0.01 seconds (0.00 work units)
Thread count was 8 (of 96 available processors)

Solution count 2: -9.14554 -6.89466 
No other solutions better than -9.14554

Optimal solution found (tolerance 1.00e-06)
Best objective -9.145540410705e+00, best bound -9.145540410705e+00, gap 0.0000%

User-callback calls 65, time in user-callback 0.00 sec

Gurobi 13.0.0 (linux64) logging started Tue Mar 31 15:10:57 2026

Set parameter LogFile to value "logs/N=12_layers=3_presolve_off/N=12/seed=42/n_qaoa_layers=3/precond_pen=0.400.log"
Set parameter MIPGap to value 1e-06
Set parameter Threads to value 8
Set parameter Presolve to value 0
Gurobi Optimizer version 13.0.0 build v13.0.0rc1 (linux64 - "Oracle Linux Server 9.7")

CPU model: AMD EPYC 7643 48-Core Processor, instruction set [SSE2|AVX|AVX2]
Thread count: 48 physical cores, 96 logical processors, using up to 8 threads

Non-default parameters:
MIPGap  1e-06
Presolve  0
Threads  8

Optimize a model with 1 rows, 12 columns and 12 nonzeros (Min)
Model fingerprint: 0x823e785a
Model has 12 linear objective coefficients and an objective constant of 4.3795351497290005e+00
Model has 66 quadratic objective terms
Variable types: 0 continuous, 12 integer (12 binary)
Coefficient statistics:
  Matrix range     [1e+00, 1e+00]
  Objective range  [9e-02, 3e+00]
  QObjective range [6e-02, 5e+00]
  Bounds range     [1e+00, 1e+00]
  RHS range        [6e+00, 6e+00]
Found heuristic solution: objective -6.8946579
Variable types: 0 continuous, 78 integer (78 binary)

Root relaxation: objective -1.439717e+01, 12 iterations, 0.00 seconds (0.00 work units)

    Nodes    |    Current Node    |     Objective Bounds      |     Work
 Expl Unexpl |  Obj  Depth IntInf | Incumbent    BestBd   Gap | It/Node Time

     0     0  -14.39717    0   12   -6.89466  -14.39717   109%     -    0s
H    0     0                      -9.1455404  -14.39717  57.4%     -    0s
     0     0   -9.14554    0   43   -9.14554   -9.14554  0.00%     -    0s

Cutting planes:
  Gomory: 1
  MIR: 20
  Zero half: 14
  RLT: 17
  BQP: 54

Explored 1 nodes (78 simplex iterations) in 0.01 seconds (0.00 work units)
Thread count was 8 (of 96 available processors)

Solution count 2: -9.14554 -6.89466 
No other solutions better than -9.14554

Optimal solution found (tolerance 1.00e-06)
Best objective -9.145540410705e+00, best bound -9.145540410705e+00, gap 0.0000%

User-callback calls 65, time in user-callback 0.00 sec
