
Gurobi 13.0.0 (linux64) logging started Sun May  3 11:08:58 2026

Set parameter LogFile to value "logs/N=12_layers=3_presolve_off/N=12/seed=25/quantum_layers=3/precond_pen=0.600.log"
Set parameter MIPGap to value 1e-06
Set parameter Threads to value 8
Set parameter Presolve to value 0
Gurobi Optimizer version 13.0.0 build v13.0.0rc1 (linux64 - "Oracle Linux Server 9.7")

CPU model: AMD EPYC 7643 48-Core Processor, instruction set [SSE2|AVX|AVX2]
Thread count: 48 physical cores, 96 logical processors, using up to 8 threads

Non-default parameters:
MIPGap  1e-06
Presolve  0
Threads  8

Optimize a model with 1 rows, 12 columns and 12 nonzeros (Min)
Model fingerprint: 0x2c485fbb
Model has 12 linear objective coefficients and an objective constant of 4.5567063965029995e+00
Model has 66 quadratic objective terms
Variable types: 0 continuous, 12 integer (12 binary)
Coefficient statistics:
  Matrix range     [1e+00, 1e+00]
  Objective range  [1e+00, 2e+00]
  QObjective range [5e-02, 5e+00]
  Bounds range     [1e+00, 1e+00]
  RHS range        [6e+00, 6e+00]
Found heuristic solution: objective 0.4971523
Variable types: 0 continuous, 78 integer (78 binary)

Root relaxation: objective -1.420234e+01, 14 iterations, 0.00 seconds (0.00 work units)

    Nodes    |    Current Node    |     Objective Bounds      |     Work
 Expl Unexpl |  Obj  Depth IntInf | Incumbent    BestBd   Gap | It/Node Time

     0     0  -14.20234    0   12    0.49715  -14.20234  2957%     -    0s
H    0     0                      -3.0882532  -14.20234   360%     -    0s
H    0     0                      -3.2114265  -14.20234   342%     -    0s
H    0     0                      -9.6942628  -14.20234  46.5%     -    0s

Cutting planes:
  Gomory: 1
  MIR: 20
  Zero half: 15
  RLT: 13
  BQP: 47

Explored 1 nodes (14 simplex iterations) in 0.01 seconds (0.00 work units)
Thread count was 8 (of 96 available processors)

Solution count 4: -9.69426 -3.21143 -3.08825 0.497152 
No other solutions better than -9.69426

Optimal solution found (tolerance 1.00e-06)
Best objective -9.694262774749e+00, best bound -9.694262774749e+00, gap 0.0000%

User-callback calls 64, time in user-callback 0.00 sec
