
Gurobi 13.0.0 (linux64) logging started Sun May  3 11:08:54 2026

Set parameter LogFile to value "logs/N=12_layers=3_presolve_on/N=12/seed=33/quantum_layers=3/precond_pen=0.800.log"
Set parameter MIPGap to value 1e-06
Set parameter Threads to value 8
Gurobi Optimizer version 13.0.0 build v13.0.0rc1 (linux64 - "Oracle Linux Server 9.7")

CPU model: AMD EPYC 7643 48-Core Processor, instruction set [SSE2|AVX|AVX2]
Thread count: 48 physical cores, 96 logical processors, using up to 8 threads

Non-default parameters:
MIPGap  1e-06
Threads  8

Optimize a model with 1 rows, 12 columns and 12 nonzeros (Min)
Model fingerprint: 0x04d8c03c
Model has 12 linear objective coefficients and an objective constant of 5.2340739929609992e+00
Model has 66 quadratic objective terms
Variable types: 0 continuous, 12 integer (12 binary)
Coefficient statistics:
  Matrix range     [1e+00, 1e+00]
  Objective range  [2e+00, 2e+00]
  QObjective range [2e-03, 3e+00]
  Bounds range     [1e+00, 1e+00]
  RHS range        [6e+00, 6e+00]
Found heuristic solution: objective -0.6578815
Presolve time: 0.00s
Presolved: 67 rows, 78 columns, 210 nonzeros
Variable types: 0 continuous, 78 integer (78 binary)

Root relaxation: objective -8.396555e+00, 21 iterations, 0.00 seconds (0.00 work units)

    Nodes    |    Current Node    |     Objective Bounds      |     Work
 Expl Unexpl |  Obj  Depth IntInf | Incumbent    BestBd   Gap | It/Node Time

     0     0   -8.39656    0   12   -0.65788   -8.39656  1176%     -    0s
H    0     0                      -1.3588798   -8.39656   518%     -    0s
H    0     0                      -2.5044436   -8.39656   235%     -    0s
H    0     0                      -2.7947720   -8.39656   200%     -    0s
H    0     0                      -4.3750498   -8.39656  91.9%     -    0s
     0     0   -4.37505    0   35   -4.37505   -4.37505  0.00%     -    0s

Cutting planes:
  Gomory: 1
  MIR: 24
  Zero half: 22
  RLT: 17
  BQP: 60

Explored 1 nodes (99 simplex iterations) in 0.01 seconds (0.00 work units)
Thread count was 8 (of 96 available processors)

Solution count 5: -4.37505 -2.79477 -2.50444 ... -0.657882
No other solutions better than -4.37505

Optimal solution found (tolerance 1.00e-06)
Best objective -4.375049801707e+00, best bound -4.375049801707e+00, gap 0.0000%

User-callback calls 166, time in user-callback 0.00 sec
