
Gurobi 13.0.0 (linux64) logging started Tue Mar 31 15:12:48 2026

Set parameter LogFile to value "logs/N=16_layers=2_presolve_off/N=16/seed=10/n_qaoa_layers=2/baseline.log"
Set parameter MIPGap to value 1e-06
Set parameter Threads to value 8
Set parameter Presolve to value 0
Gurobi Optimizer version 13.0.0 build v13.0.0rc1 (linux64 - "Oracle Linux Server 9.7")

CPU model: AMD EPYC 7643 48-Core Processor, instruction set [SSE2|AVX|AVX2]
Thread count: 48 physical cores, 96 logical processors, using up to 8 threads

Non-default parameters:
MIPGap  1e-06
Presolve  0
Threads  8

Optimize a model with 1 rows, 16 columns and 16 nonzeros (Min)
Model fingerprint: 0xc8f945f2
Model has 16 linear objective coefficients
Model has 120 quadratic objective terms
Variable types: 0 continuous, 16 integer (16 binary)
Coefficient statistics:
  Matrix range     [1e+00, 1e+00]
  Objective range  [1e+01, 2e+01]
  QObjective range [1e-01, 8e+00]
  Bounds range     [1e+00, 1e+00]
  RHS range        [8e+00, 8e+00]
Found heuristic solution: objective 64.4633054
Variable types: 0 continuous, 136 integer (136 binary)

Root relaxation: objective -1.165734e-15, 10 iterations, 0.00 seconds (0.00 work units)

    Nodes    |    Current Node    |     Objective Bounds      |     Work
 Expl Unexpl |  Obj  Depth IntInf | Incumbent    BestBd   Gap | It/Node Time

     0     0   -0.00000    0   16   64.46331   -0.00000   100%     -    0s
H    0     0                      52.6206337   -0.00000   100%     -    0s
     0     0   26.24887    0   16   52.62063   26.24887  50.1%     -    0s
     0     0   27.13127    0   24   52.62063   27.13127  48.4%     -    0s
     0     0   33.01706    0   38   52.62063   33.01706  37.3%     -    0s
     0     0   33.01706    0   38   52.62063   33.01706  37.3%     -    0s
     0     2   33.01706    0   38   52.62063   33.01706  37.3%     -    0s
*  252    47               7      52.0558291   46.07000  11.5%  28.8    0s

Cutting planes:
  Gomory: 1
  Cover: 3
  MIR: 32
  StrongCG: 2
  RLT: 14

Explored 358 nodes (9481 simplex iterations) in 0.08 seconds (0.08 work units)
Thread count was 8 (of 96 available processors)

Solution count 3: 52.0558 52.6206 64.4633 

Optimal solution found (tolerance 1.00e-06)
Best objective 5.205582907784e+01, best bound 5.205582907784e+01, gap 0.0000%

User-callback calls 827, time in user-callback 0.00 sec
