
Gurobi 13.0.0 (linux64) logging started Tue Mar 31 15:05:17 2026

Set parameter LogFile to value "logs/N=12_layers=2_presolve_off/N=12/seed=12/n_qaoa_layers=2/baseline.log"
Set parameter MIPGap to value 1e-06
Set parameter Threads to value 8
Set parameter Presolve to value 0
Gurobi Optimizer version 13.0.0 build v13.0.0rc1 (linux64 - "Oracle Linux Server 9.7")

CPU model: AMD EPYC 7643 48-Core Processor, instruction set [SSE2|AVX|AVX2]
Thread count: 48 physical cores, 96 logical processors, using up to 8 threads

Non-default parameters:
MIPGap  1e-06
Presolve  0
Threads  8

Optimize a model with 1 rows, 12 columns and 12 nonzeros (Min)
Model fingerprint: 0x0e684e02
Model has 12 linear objective coefficients
Model has 66 quadratic objective terms
Variable types: 0 continuous, 12 integer (12 binary)
Coefficient statistics:
  Matrix range     [1e+00, 1e+00]
  Objective range  [9e+00, 1e+01]
  QObjective range [2e-02, 8e+00]
  Bounds range     [1e+00, 1e+00]
  RHS range        [6e+00, 6e+00]
Found heuristic solution: objective 37.9646516
Variable types: 0 continuous, 78 integer (78 binary)

Root relaxation: objective -2.664535e-15, 7 iterations, 0.00 seconds (0.00 work units)

    Nodes    |    Current Node    |     Objective Bounds      |     Work
 Expl Unexpl |  Obj  Depth IntInf | Incumbent    BestBd   Gap | It/Node Time

     0     0   -0.00000    0   12   37.96465   -0.00000   100%     -    0s
H    0     0                      36.2946359   -0.00000   100%     -    0s
H    0     0                      35.1958874   -0.00000   100%     -    0s
H    0     0                      31.6354055   -0.00000   100%     -    0s
     0     0   19.33026    0   16   31.63541   19.33026  38.9%     -    0s
     0     0   21.34577    0   19   31.63541   21.34577  32.5%     -    0s
     0     0   26.12148    0   37   31.63541   26.12148  17.4%     -    0s
     0     0   26.12148    0   37   31.63541   26.12148  17.4%     -    0s
     0     2   26.12148    0   37   31.63541   26.12148  17.4%     -    0s

Cutting planes:
  Gomory: 2
  MIR: 19
  StrongCG: 2
  RLT: 9

Explored 111 nodes (1964 simplex iterations) in 0.03 seconds (0.02 work units)
Thread count was 8 (of 96 available processors)

Solution count 4: 31.6354 35.1959 36.2946 37.9647 

Optimal solution found (tolerance 1.00e-06)
Best objective 3.163540553575e+01, best bound 3.163540553575e+01, gap 0.0000%

User-callback calls 312, time in user-callback 0.00 sec
