
Gurobi 13.0.0 (linux64) logging started Tue Mar 31 15:05:17 2026

Set parameter LogFile to value "logs/N=12_layers=2_presolve_off/N=12/seed=12/n_qaoa_layers=2/precond_pen=0.400.log"
Set parameter MIPGap to value 1e-06
Set parameter Threads to value 8
Set parameter Presolve to value 0
Gurobi Optimizer version 13.0.0 build v13.0.0rc1 (linux64 - "Oracle Linux Server 9.7")

CPU model: AMD EPYC 7643 48-Core Processor, instruction set [SSE2|AVX|AVX2]
Thread count: 48 physical cores, 96 logical processors, using up to 8 threads

Non-default parameters:
MIPGap  1e-06
Presolve  0
Threads  8

Optimize a model with 1 rows, 12 columns and 12 nonzeros (Min)
Model fingerprint: 0xdd766214
Model has 12 linear objective coefficients and an objective constant of 4.0347987756419990e+00
Model has 66 quadratic objective terms
Variable types: 0 continuous, 12 integer (12 binary)
Coefficient statistics:
  Matrix range     [1e+00, 1e+00]
  Objective range  [5e-01, 2e+00]
  QObjective range [7e-02, 5e+00]
  Bounds range     [1e+00, 1e+00]
  RHS range        [6e+00, 6e+00]
Found heuristic solution: objective -0.5200949
Variable types: 0 continuous, 78 integer (78 binary)

Root relaxation: objective -1.459613e+01, 9 iterations, 0.00 seconds (0.00 work units)

    Nodes    |    Current Node    |     Objective Bounds      |     Work
 Expl Unexpl |  Obj  Depth IntInf | Incumbent    BestBd   Gap | It/Node Time

     0     0  -14.59613    0   12   -0.52009  -14.59613  2706%     -    0s
H    0     0                      -1.9531902  -14.59613   647%     -    0s
H    0     0                      -2.7705771  -14.59613   427%     -    0s
H    0     0                     -10.7755657  -14.59613  35.5%     -    0s

Cutting planes:
  Gomory: 2
  MIR: 23
  Zero half: 9
  RLT: 11
  BQP: 41

Explored 1 nodes (9 simplex iterations) in 0.01 seconds (0.00 work units)
Thread count was 8 (of 96 available processors)

Solution count 4: -10.7756 -2.77058 -1.95319 -0.520095 
No other solutions better than -10.7756

Optimal solution found (tolerance 1.00e-06)
Best objective -1.077556566463e+01, best bound -1.077556566463e+01, gap 0.0000%

User-callback calls 64, time in user-callback 0.00 sec
