
Gurobi 13.0.0 (linux64) logging started Sun May  3 10:53:56 2026

Set parameter LogFile to value "logs/N=16_layers=1_presolve_on/N=16/seed=31/quantum_layers=1/precond_pen=0.000.log"
Set parameter MIPGap to value 1e-06
Set parameter Threads to value 8
Gurobi Optimizer version 13.0.0 build v13.0.0rc1 (linux64 - "Oracle Linux Server 9.7")

CPU model: AMD EPYC 7643 48-Core Processor, instruction set [SSE2|AVX|AVX2]
Thread count: 48 physical cores, 96 logical processors, using up to 8 threads

Non-default parameters:
MIPGap  1e-06
Threads  8

Optimize a model with 1 rows, 16 columns and 16 nonzeros (Min)
Model fingerprint: 0x1f9cd358
Model has 16 linear objective coefficients and an objective constant of -4.3096458308759011e+01
Model has 120 quadratic objective terms
Variable types: 0 continuous, 16 integer (16 binary)
Coefficient statistics:
  Matrix range     [1e+00, 1e+00]
  Objective range  [1e+01, 1e+01]
  QObjective range [2e+00, 4e+00]
  Bounds range     [1e+00, 1e+00]
  RHS range        [8e+00, 8e+00]
Found heuristic solution: objective 3.4245127
Presolve time: 0.00s
Presolved: 121 rows, 136 columns, 376 nonzeros
Variable types: 0 continuous, 136 integer (136 binary)

Root relaxation: objective -4.309646e+01, 8 iterations, 0.00 seconds (0.00 work units)

    Nodes    |    Current Node    |     Objective Bounds      |     Work
 Expl Unexpl |  Obj  Depth IntInf | Incumbent    BestBd   Gap | It/Node Time

     0     0  -43.09646    0   16    3.42451  -43.09646  1358%     -    0s
H    0     0                       1.9587322  -43.09646  2300%     -    0s
H    0     0                       0.6092609  -43.09646  7174%     -    0s
H    0     0                       0.4992306  -43.09646  8733%     -    0s
     0     0   -4.72258    0   26    0.49923   -4.72258  1046%     -    0s
     0     0   -4.50607    0   30    0.49923   -4.50607  1003%     -    0s
     0     0   -2.27748    0   65    0.49923   -2.27748   556%     -    0s
     0     0   -2.25187    0   65    0.49923   -2.25187   551%     -    0s
     0     2   -2.24654    0   65    0.49923   -2.24654   550%     -    0s

Cutting planes:
  Gomory: 2
  Dual implied bound: 23
  MIR: 16
  RLT: 14

Explored 94 nodes (3343 simplex iterations) in 0.07 seconds (0.06 work units)
Thread count was 8 (of 96 available processors)

Solution count 4: 0.499231 0.609261 1.95873 3.42451 

Optimal solution found (tolerance 1.00e-06)
Best objective 4.992305612310e-01, best bound 4.992305612310e-01, gap 0.0000%

User-callback calls 387, time in user-callback 0.00 sec
