
Gurobi 13.0.0 (linux64) logging started Sun May  3 10:53:56 2026

Set parameter LogFile to value "logs/N=16_layers=1_presolve_on/N=16/seed=31/quantum_layers=1/precond_pen=0.800.log"
Set parameter MIPGap to value 1e-06
Set parameter Threads to value 8
Gurobi Optimizer version 13.0.0 build v13.0.0rc1 (linux64 - "Oracle Linux Server 9.7")

CPU model: AMD EPYC 7643 48-Core Processor, instruction set [SSE2|AVX|AVX2]
Thread count: 48 physical cores, 96 logical processors, using up to 8 threads

Non-default parameters:
MIPGap  1e-06
Threads  8

Optimize a model with 1 rows, 16 columns and 16 nonzeros (Min)
Model fingerprint: 0x0566fb06
Model has 16 linear objective coefficients and an objective constant of 6.7494393032089990e+00
Model has 120 quadratic objective terms
Variable types: 0 continuous, 16 integer (16 binary)
Coefficient statistics:
  Matrix range     [1e+00, 1e+00]
  Objective range  [2e+00, 2e+00]
  QObjective range [6e-02, 9e-01]
  Bounds range     [1e+00, 1e+00]
  RHS range        [8e+00, 8e+00]
Found heuristic solution: objective 0.1326604
Presolve time: 0.00s
Presolved: 121 rows, 136 columns, 376 nonzeros
Variable types: 0 continuous, 136 integer (136 binary)

Root relaxation: objective -6.749439e+00, 45 iterations, 0.00 seconds (0.00 work units)

    Nodes    |    Current Node    |     Objective Bounds      |     Work
 Expl Unexpl |  Obj  Depth IntInf | Incumbent    BestBd   Gap | It/Node Time

     0     0   -6.74944    0   16    0.13266   -6.74944  5188%     -    0s
H    0     0                      -1.1946138   -6.74944   465%     -    0s
H    0     0                      -1.3606275   -6.74944   396%     -    0s
     0     0   -1.73965    0  105   -1.36063   -1.73965  27.9%     -    0s
     0     0   -1.50322    0  116   -1.36063   -1.50322  10.5%     -    0s
     0     0   -1.49016    0  116   -1.36063   -1.49016  9.52%     -    0s
     0     0   -1.49016    0  116   -1.36063   -1.49016  9.52%     -    0s
     0     2   -1.49016    0  111   -1.36063   -1.49016  9.52%     -    0s
*    9     4               3      -1.4226095   -1.49016  4.75%  92.9    0s

Cutting planes:
  Gomory: 1
  Dual implied bound: 6
  MIR: 58
  Zero half: 10
  RLT: 26
  BQP: 206

Explored 19 nodes (2409 simplex iterations) in 0.16 seconds (0.13 work units)
Thread count was 8 (of 96 available processors)

Solution count 4: -1.42261 -1.36063 -1.19461 0.13266 
No other solutions better than -1.42261

Optimal solution found (tolerance 1.00e-06)
Best objective -1.422609526043e+00, best bound -1.422609526043e+00, gap 0.0000%

User-callback calls 247, time in user-callback 0.00 sec
