
Gurobi 13.0.0 (linux64) logging started Tue Mar 31 15:06:54 2026

Set parameter LogFile to value "logs/N=12_layers=3_presolve_off/N=12/seed=0/n_qaoa_layers=3/precond_pen=0.600.log"
Set parameter MIPGap to value 1e-06
Set parameter Threads to value 8
Set parameter Presolve to value 0
Gurobi Optimizer version 13.0.0 build v13.0.0rc1 (linux64 - "Oracle Linux Server 9.7")

CPU model: AMD EPYC 7643 48-Core Processor, instruction set [SSE2|AVX|AVX2]
Thread count: 48 physical cores, 96 logical processors, using up to 8 threads

Non-default parameters:
MIPGap  1e-06
Presolve  0
Threads  8

Optimize a model with 1 rows, 12 columns and 12 nonzeros (Min)
Model fingerprint: 0x9e5c8e54
Model has 12 linear objective coefficients and an objective constant of 4.6771450081440014e+00
Model has 66 quadratic objective terms
Variable types: 0 continuous, 12 integer (12 binary)
Coefficient statistics:
  Matrix range     [1e+00, 1e+00]
  Objective range  [1e+00, 2e+00]
  QObjective range [2e-02, 5e+00]
  Bounds range     [1e+00, 1e+00]
  RHS range        [6e+00, 6e+00]
Found heuristic solution: objective 2.4677837
Variable types: 0 continuous, 78 integer (78 binary)

Root relaxation: objective -1.370201e+01, 14 iterations, 0.00 seconds (0.00 work units)

    Nodes    |    Current Node    |     Objective Bounds      |     Work
 Expl Unexpl |  Obj  Depth IntInf | Incumbent    BestBd   Gap | It/Node Time

     0     0  -13.70201    0   12    2.46778  -13.70201   655%     -    0s
H    0     0                      -4.7506649  -13.70201   188%     -    0s
H    0     0                      -5.2478636  -13.70201   161%     -    0s
H    0     0                      -7.9603303  -13.70201  72.1%     -    0s
     0     0   -7.96033    0   41   -7.96033   -7.96033  0.00%     -    0s

Cutting planes:
  Gomory: 1
  MIR: 26
  Zero half: 15
  RLT: 13
  BQP: 54

Explored 1 nodes (88 simplex iterations) in 0.01 seconds (0.00 work units)
Thread count was 8 (of 96 available processors)

Solution count 4: -7.96033 -5.24786 -4.75066 2.46778 
No other solutions better than -7.96033

Optimal solution found (tolerance 1.00e-06)
Best objective -7.960330333372e+00, best bound -7.960330333372e+00, gap 0.0000%

User-callback calls 69, time in user-callback 0.00 sec

Gurobi 13.0.0 (linux64) logging started Tue Mar 31 15:10:53 2026

Set parameter LogFile to value "logs/N=12_layers=3_presolve_off/N=12/seed=0/n_qaoa_layers=3/precond_pen=0.600.log"
Set parameter MIPGap to value 1e-06
Set parameter Threads to value 8
Set parameter Presolve to value 0
Gurobi Optimizer version 13.0.0 build v13.0.0rc1 (linux64 - "Oracle Linux Server 9.7")

CPU model: AMD EPYC 7643 48-Core Processor, instruction set [SSE2|AVX|AVX2]
Thread count: 48 physical cores, 96 logical processors, using up to 8 threads

Non-default parameters:
MIPGap  1e-06
Presolve  0
Threads  8

Optimize a model with 1 rows, 12 columns and 12 nonzeros (Min)
Model fingerprint: 0x9e5c8e54
Model has 12 linear objective coefficients and an objective constant of 4.6771450081440014e+00
Model has 66 quadratic objective terms
Variable types: 0 continuous, 12 integer (12 binary)
Coefficient statistics:
  Matrix range     [1e+00, 1e+00]
  Objective range  [1e+00, 2e+00]
  QObjective range [2e-02, 5e+00]
  Bounds range     [1e+00, 1e+00]
  RHS range        [6e+00, 6e+00]
Found heuristic solution: objective 2.4677837
Variable types: 0 continuous, 78 integer (78 binary)

Root relaxation: objective -1.370201e+01, 14 iterations, 0.00 seconds (0.00 work units)

    Nodes    |    Current Node    |     Objective Bounds      |     Work
 Expl Unexpl |  Obj  Depth IntInf | Incumbent    BestBd   Gap | It/Node Time

     0     0  -13.70201    0   12    2.46778  -13.70201   655%     -    0s
H    0     0                      -4.7506649  -13.70201   188%     -    0s
H    0     0                      -5.2478636  -13.70201   161%     -    0s
H    0     0                      -7.9603303  -13.70201  72.1%     -    0s
     0     0   -7.96033    0   41   -7.96033   -7.96033  0.00%     -    0s

Cutting planes:
  Gomory: 1
  MIR: 26
  Zero half: 15
  RLT: 13
  BQP: 54

Explored 1 nodes (88 simplex iterations) in 0.01 seconds (0.00 work units)
Thread count was 8 (of 96 available processors)

Solution count 4: -7.96033 -5.24786 -4.75066 2.46778 
No other solutions better than -7.96033

Optimal solution found (tolerance 1.00e-06)
Best objective -7.960330333372e+00, best bound -7.960330333372e+00, gap 0.0000%

User-callback calls 69, time in user-callback 0.00 sec
