
Gurobi 13.0.0 (linux64) logging started Sun May  3 11:08:54 2026

Set parameter LogFile to value "logs/N=12_layers=3_presolve_on/N=12/seed=35/quantum_layers=3/baseline.log"
Set parameter MIPGap to value 1e-06
Set parameter Threads to value 8
Gurobi Optimizer version 13.0.0 build v13.0.0rc1 (linux64 - "Oracle Linux Server 9.7")

CPU model: AMD EPYC 7643 48-Core Processor, instruction set [SSE2|AVX|AVX2]
Thread count: 48 physical cores, 96 logical processors, using up to 8 threads

Non-default parameters:
MIPGap  1e-06
Threads  8

Optimize a model with 1 rows, 12 columns and 12 nonzeros (Min)
Model fingerprint: 0xea38d3e7
Model has 12 linear objective coefficients and an objective constant of 1.0054179711005418e-12
Model has 66 quadratic objective terms
Variable types: 0 continuous, 12 integer (12 binary)
Coefficient statistics:
  Matrix range     [1e+00, 1e+00]
  Objective range  [7e+00, 1e+01]
  QObjective range [7e-03, 8e+00]
  Bounds range     [1e+00, 1e+00]
  RHS range        [6e+00, 6e+00]
Found heuristic solution: objective 35.3310735
Presolve time: 0.00s
Presolved: 67 rows, 78 columns, 210 nonzeros
Variable types: 0 continuous, 78 integer (78 binary)

Root relaxation: objective 1.007194e-12, 11 iterations, 0.00 seconds (0.00 work units)

    Nodes    |    Current Node    |     Objective Bounds      |     Work
 Expl Unexpl |  Obj  Depth IntInf | Incumbent    BestBd   Gap | It/Node Time

     0     0    0.00000    0   12   35.33107    0.00000   100%     -    0s
H    0     0                      32.2072485    0.00000   100%     -    0s
H    0     0                      30.1113154    0.00000   100%     -    0s
H    0     0                      28.6808685    0.00000   100%     -    0s
     0     0   18.55924    0   17   28.68087   18.55924  35.3%     -    0s
H    0     0                      27.6006720   18.55924  32.8%     -    0s
     0     0   18.84528    0   20   27.60067   18.84528  31.7%     -    0s
     0     0   24.60041    0   57   27.60067   24.60041  10.9%     -    0s
     0     0   25.00546    0   57   27.60067   25.00546  9.40%     -    0s
     0     2   25.00546    0   57   27.60067   25.00546  9.40%     -    0s

Cutting planes:
  Gomory: 3
  Cover: 1
  Dual implied bound: 13
  MIR: 11
  StrongCG: 2
  RLT: 9

Explored 31 nodes (763 simplex iterations) in 0.03 seconds (0.02 work units)
Thread count was 8 (of 96 available processors)

Solution count 5: 27.6007 28.6809 30.1113 ... 35.3311

Optimal solution found (tolerance 1.00e-06)
Best objective 2.760067201451e+01, best bound 2.760067201451e+01, gap 0.0000%

User-callback calls 251, time in user-callback 0.00 sec
