
Gurobi 13.0.0 (linux64) logging started Sun May  3 10:58:30 2026

Set parameter LogFile to value "logs/N=16_layers=2_presolve_on/N=16/seed=18/quantum_layers=2/precond_pen=1.000.log"
Set parameter MIPGap to value 1e-06
Set parameter Threads to value 8
Gurobi Optimizer version 13.0.0 build v13.0.0rc1 (linux64 - "Oracle Linux Server 9.7")

CPU model: AMD EPYC 7643 48-Core Processor, instruction set [SSE2|AVX|AVX2]
Thread count: 48 physical cores, 96 logical processors, using up to 8 threads

Non-default parameters:
MIPGap  1e-06
Threads  8

Optimize a model with 1 rows, 16 columns and 16 nonzeros (Min)
Model fingerprint: 0xdae00077
Model has 16 linear objective coefficients and an objective constant of 7.2856493384590015e+00
Model has 120 quadratic objective terms
Variable types: 0 continuous, 16 integer (16 binary)
Coefficient statistics:
  Matrix range     [1e+00, 1e+00]
  Objective range  [2e+00, 2e+00]
  QObjective range [1e-02, 1e+00]
  Bounds range     [1e+00, 1e+00]
  RHS range        [8e+00, 8e+00]
Found heuristic solution: objective -1.1371493
Presolve time: 0.00s
Presolved: 121 rows, 136 columns, 376 nonzeros
Variable types: 0 continuous, 136 integer (136 binary)

Root relaxation: objective -7.370960e+00, 39 iterations, 0.00 seconds (0.00 work units)

    Nodes    |    Current Node    |     Objective Bounds      |     Work
 Expl Unexpl |  Obj  Depth IntInf | Incumbent    BestBd   Gap | It/Node Time

     0     0   -7.37096    0   16   -1.13715   -7.37096   548%     -    0s
H    0     0                      -1.1562407   -7.37096   537%     -    0s
H    0     0                      -2.0725604   -7.37096   256%     -    0s
H    0     0                      -2.2303389   -7.37096   230%     -    0s
     0     0   -2.30383    0  128   -2.23034   -2.30383  3.30%     -    0s
     0     0   -2.23038    0  113   -2.23034   -2.23038  0.00%     -    0s
     0     0   -2.23038    0  112   -2.23034   -2.23038  0.00%     -    0s
     0     0   -2.23038    0  112   -2.23034   -2.23038  0.00%     -    0s
     0     2   -2.23038    0  112   -2.23034   -2.23038  0.00%     -    0s

Cutting planes:
  Gomory: 1
  Dual implied bound: 3
  MIR: 42
  Zero half: 13
  RLT: 29
  BQP: 149

Explored 3 nodes (817 simplex iterations) in 0.09 seconds (0.07 work units)
Thread count was 8 (of 96 available processors)

Solution count 4: -2.23034 -2.07256 -1.15624 -1.13715 
No other solutions better than -2.23034

Optimal solution found (tolerance 1.00e-06)
Best objective -2.230338941829e+00, best bound -2.230338941829e+00, gap 0.0000%

User-callback calls 202, time in user-callback 0.00 sec
