
Gurobi 13.0.0 (linux64) logging started Sun May  3 11:08:55 2026

Set parameter LogFile to value "logs/N=12_layers=3_presolve_on/N=12/seed=42/quantum_layers=3/precond_pen=0.700.log"
Set parameter MIPGap to value 1e-06
Set parameter Threads to value 8
Gurobi Optimizer version 13.0.0 build v13.0.0rc1 (linux64 - "Oracle Linux Server 9.7")

CPU model: AMD EPYC 7643 48-Core Processor, instruction set [SSE2|AVX|AVX2]
Thread count: 48 physical cores, 96 logical processors, using up to 8 threads

Non-default parameters:
MIPGap  1e-06
Threads  8

Optimize a model with 1 rows, 12 columns and 12 nonzeros (Min)
Model fingerprint: 0x903d9d8d
Model has 12 linear objective coefficients and an objective constant of 4.9516961212980011e+00
Model has 66 quadratic objective terms
Variable types: 0 continuous, 12 integer (12 binary)
Coefficient statistics:
  Matrix range     [1e+00, 1e+00]
  Objective range  [1e+00, 2e+00]
  QObjective range [3e-02, 4e+00]
  Bounds range     [1e+00, 1e+00]
  RHS range        [6e+00, 6e+00]
Found heuristic solution: objective -3.7279909
Presolve time: 0.00s
Presolved: 67 rows, 78 columns, 210 nonzeros
Variable types: 0 continuous, 78 integer (78 binary)

Root relaxation: objective -9.042793e+00, 18 iterations, 0.00 seconds (0.00 work units)

    Nodes    |    Current Node    |     Objective Bounds      |     Work
 Expl Unexpl |  Obj  Depth IntInf | Incumbent    BestBd   Gap | It/Node Time

     0     0   -9.04279    0   12   -3.72799   -9.04279   143%     -    0s
H    0     0                      -4.4374835   -9.04279   104%     -    0s
H    0     0                      -4.9746688   -9.04279  81.8%     -    0s
     0     0   -4.97467    0   41   -4.97467   -4.97467  0.00%     -    0s

Cutting planes:
  Gomory: 1
  MIR: 21
  Zero half: 15
  RLT: 14
  BQP: 61

Explored 1 nodes (107 simplex iterations) in 0.01 seconds (0.00 work units)
Thread count was 8 (of 96 available processors)

Solution count 3: -4.97467 -4.43748 -3.72799 
No other solutions better than -4.97467

Optimal solution found (tolerance 1.00e-06)
Best objective -4.974668753096e+00, best bound -4.974668753096e+00, gap 0.0000%

User-callback calls 162, time in user-callback 0.00 sec
