
Gurobi 13.0.0 (linux64) logging started Tue Mar 31 15:06:51 2026

Set parameter LogFile to value "logs/N=12_layers=3_presolve_on/N=12/seed=17/n_qaoa_layers=3/precond_pen=0.800.log"
Set parameter MIPGap to value 1e-06
Set parameter Threads to value 8
Gurobi Optimizer version 13.0.0 build v13.0.0rc1 (linux64 - "Oracle Linux Server 9.7")

CPU model: AMD EPYC 7643 48-Core Processor, instruction set [SSE2|AVX|AVX2]
Thread count: 48 physical cores, 96 logical processors, using up to 8 threads

Non-default parameters:
MIPGap  1e-06
Threads  8

Optimize a model with 1 rows, 12 columns and 12 nonzeros (Min)
Model fingerprint: 0x4a0885e8
Model has 12 linear objective coefficients and an objective constant of 5.2591825490569990e+00
Model has 66 quadratic objective terms
Variable types: 0 continuous, 12 integer (12 binary)
Coefficient statistics:
  Matrix range     [1e+00, 1e+00]
  Objective range  [2e+00, 2e+00]
  QObjective range [4e-02, 3e+00]
  Bounds range     [1e+00, 1e+00]
  RHS range        [6e+00, 6e+00]
Found heuristic solution: objective -0.9297377
Presolve time: 0.00s
Presolved: 67 rows, 78 columns, 210 nonzeros
Variable types: 0 continuous, 78 integer (78 binary)

Root relaxation: objective -9.026199e+00, 17 iterations, 0.00 seconds (0.00 work units)

    Nodes    |    Current Node    |     Objective Bounds      |     Work
 Expl Unexpl |  Obj  Depth IntInf | Incumbent    BestBd   Gap | It/Node Time

     0     0   -9.02620    0   12   -0.92974   -9.02620   871%     -    0s
H    0     0                      -2.3354799   -9.02620   286%     -    0s
H    0     0                      -3.5028979   -9.02620   158%     -    0s
H    0     0                      -5.0615308   -9.02620  78.3%     -    0s

Cutting planes:
  Gomory: 1
  MIR: 24
  Zero half: 21
  RLT: 17
  BQP: 63

Explored 1 nodes (17 simplex iterations) in 0.01 seconds (0.00 work units)
Thread count was 8 (of 96 available processors)

Solution count 4: -5.06153 -3.5029 -2.33548 -0.929738 
No other solutions better than -5.06153

Optimal solution found (tolerance 1.00e-06)
Best objective -5.061530750211e+00, best bound -5.061530750211e+00, gap 0.0000%

User-callback calls 159, time in user-callback 0.00 sec

Gurobi 13.0.0 (linux64) logging started Tue Mar 31 15:10:50 2026

Set parameter LogFile to value "logs/N=12_layers=3_presolve_on/N=12/seed=17/n_qaoa_layers=3/precond_pen=0.800.log"
Set parameter MIPGap to value 1e-06
Set parameter Threads to value 8
Gurobi Optimizer version 13.0.0 build v13.0.0rc1 (linux64 - "Oracle Linux Server 9.7")

CPU model: AMD EPYC 7643 48-Core Processor, instruction set [SSE2|AVX|AVX2]
Thread count: 48 physical cores, 96 logical processors, using up to 8 threads

Non-default parameters:
MIPGap  1e-06
Threads  8

Optimize a model with 1 rows, 12 columns and 12 nonzeros (Min)
Model fingerprint: 0x4a0885e8
Model has 12 linear objective coefficients and an objective constant of 5.2591825490569990e+00
Model has 66 quadratic objective terms
Variable types: 0 continuous, 12 integer (12 binary)
Coefficient statistics:
  Matrix range     [1e+00, 1e+00]
  Objective range  [2e+00, 2e+00]
  QObjective range [4e-02, 3e+00]
  Bounds range     [1e+00, 1e+00]
  RHS range        [6e+00, 6e+00]
Found heuristic solution: objective -0.9297377
Presolve time: 0.00s
Presolved: 67 rows, 78 columns, 210 nonzeros
Variable types: 0 continuous, 78 integer (78 binary)

Root relaxation: objective -9.026199e+00, 17 iterations, 0.00 seconds (0.00 work units)

    Nodes    |    Current Node    |     Objective Bounds      |     Work
 Expl Unexpl |  Obj  Depth IntInf | Incumbent    BestBd   Gap | It/Node Time

     0     0   -9.02620    0   12   -0.92974   -9.02620   871%     -    0s
H    0     0                      -2.3354799   -9.02620   286%     -    0s
H    0     0                      -3.5028979   -9.02620   158%     -    0s
H    0     0                      -5.0615308   -9.02620  78.3%     -    0s

Cutting planes:
  Gomory: 1
  MIR: 24
  Zero half: 21
  RLT: 17
  BQP: 63

Explored 1 nodes (17 simplex iterations) in 0.01 seconds (0.00 work units)
Thread count was 8 (of 96 available processors)

Solution count 4: -5.06153 -3.5029 -2.33548 -0.929738 
No other solutions better than -5.06153

Optimal solution found (tolerance 1.00e-06)
Best objective -5.061530750211e+00, best bound -5.061530750211e+00, gap 0.0000%

User-callback calls 159, time in user-callback 0.00 sec
