
Gurobi 13.0.0 (linux64) logging started Tue Mar 31 15:06:51 2026

Set parameter LogFile to value "logs/N=12_layers=3_presolve_on/N=12/seed=17/n_qaoa_layers=3/precond_pen=1.000.log"
Set parameter MIPGap to value 1e-06
Set parameter Threads to value 8
Gurobi Optimizer version 13.0.0 build v13.0.0rc1 (linux64 - "Oracle Linux Server 9.7")

CPU model: AMD EPYC 7643 48-Core Processor, instruction set [SSE2|AVX|AVX2]
Thread count: 48 physical cores, 96 logical processors, using up to 8 threads

Non-default parameters:
MIPGap  1e-06
Threads  8

Optimize a model with 1 rows, 12 columns and 12 nonzeros (Min)
Model fingerprint: 0x07408cb7
Model has 12 linear objective coefficients and an objective constant of 5.4353518703319974e+00
Model has 66 quadratic objective terms
Variable types: 0 continuous, 12 integer (12 binary)
Coefficient statistics:
  Matrix range     [1e+00, 1e+00]
  Objective range  [2e+00, 2e+00]
  QObjective range [3e-02, 2e+00]
  Bounds range     [1e+00, 1e+00]
  RHS range        [6e+00, 6e+00]
Found heuristic solution: objective -0.8158736
Presolve time: 0.00s
Presolved: 67 rows, 78 columns, 210 nonzeros
Variable types: 0 continuous, 78 integer (78 binary)

Root relaxation: objective -7.088753e+00, 17 iterations, 0.00 seconds (0.00 work units)

    Nodes    |    Current Node    |     Objective Bounds      |     Work
 Expl Unexpl |  Obj  Depth IntInf | Incumbent    BestBd   Gap | It/Node Time

     0     0   -7.08875    0   12   -0.81587   -7.08875   769%     -    0s
H    0     0                      -2.7131762   -7.08875   161%     -    0s
H    0     0                      -3.4123839   -7.08875   108%     -    0s
     0     0   -3.41238    0   38   -3.41238   -3.41238  0.00%     -    0s

Cutting planes:
  Gomory: 1
  MIR: 24
  Zero half: 15
  RLT: 22
  BQP: 72

Explored 1 nodes (84 simplex iterations) in 0.01 seconds (0.00 work units)
Thread count was 8 (of 96 available processors)

Solution count 3: -3.41238 -2.71318 -0.815874 
No other solutions better than -3.41238

Optimal solution found (tolerance 1.00e-06)
Best objective -3.412383882194e+00, best bound -3.412383882194e+00, gap 0.0000%

User-callback calls 162, time in user-callback 0.00 sec

Gurobi 13.0.0 (linux64) logging started Tue Mar 31 15:10:50 2026

Set parameter LogFile to value "logs/N=12_layers=3_presolve_on/N=12/seed=17/n_qaoa_layers=3/precond_pen=1.000.log"
Set parameter MIPGap to value 1e-06
Set parameter Threads to value 8
Gurobi Optimizer version 13.0.0 build v13.0.0rc1 (linux64 - "Oracle Linux Server 9.7")

CPU model: AMD EPYC 7643 48-Core Processor, instruction set [SSE2|AVX|AVX2]
Thread count: 48 physical cores, 96 logical processors, using up to 8 threads

Non-default parameters:
MIPGap  1e-06
Threads  8

Optimize a model with 1 rows, 12 columns and 12 nonzeros (Min)
Model fingerprint: 0x07408cb7
Model has 12 linear objective coefficients and an objective constant of 5.4353518703319974e+00
Model has 66 quadratic objective terms
Variable types: 0 continuous, 12 integer (12 binary)
Coefficient statistics:
  Matrix range     [1e+00, 1e+00]
  Objective range  [2e+00, 2e+00]
  QObjective range [3e-02, 2e+00]
  Bounds range     [1e+00, 1e+00]
  RHS range        [6e+00, 6e+00]
Found heuristic solution: objective -0.8158736
Presolve time: 0.00s
Presolved: 67 rows, 78 columns, 210 nonzeros
Variable types: 0 continuous, 78 integer (78 binary)

Root relaxation: objective -7.088753e+00, 17 iterations, 0.00 seconds (0.00 work units)

    Nodes    |    Current Node    |     Objective Bounds      |     Work
 Expl Unexpl |  Obj  Depth IntInf | Incumbent    BestBd   Gap | It/Node Time

     0     0   -7.08875    0   12   -0.81587   -7.08875   769%     -    0s
H    0     0                      -2.7131762   -7.08875   161%     -    0s
H    0     0                      -3.4123839   -7.08875   108%     -    0s
     0     0   -3.41238    0   38   -3.41238   -3.41238  0.00%     -    0s

Cutting planes:
  Gomory: 1
  MIR: 24
  Zero half: 15
  RLT: 22
  BQP: 72

Explored 1 nodes (84 simplex iterations) in 0.01 seconds (0.00 work units)
Thread count was 8 (of 96 available processors)

Solution count 3: -3.41238 -2.71318 -0.815874 
No other solutions better than -3.41238

Optimal solution found (tolerance 1.00e-06)
Best objective -3.412383882194e+00, best bound -3.412383882194e+00, gap 0.0000%

User-callback calls 162, time in user-callback 0.00 sec
