
Gurobi 13.0.0 (linux64) logging started Sun May  3 11:08:53 2026

Set parameter LogFile to value "logs/N=12_layers=3_presolve_on/N=12/seed=27/quantum_layers=3/precond_pen=0.200.log"
Set parameter MIPGap to value 1e-06
Set parameter Threads to value 8
Gurobi Optimizer version 13.0.0 build v13.0.0rc1 (linux64 - "Oracle Linux Server 9.7")

CPU model: AMD EPYC 7643 48-Core Processor, instruction set [SSE2|AVX|AVX2]
Thread count: 48 physical cores, 96 logical processors, using up to 8 threads

Non-default parameters:
MIPGap  1e-06
Threads  8

Optimize a model with 1 rows, 12 columns and 12 nonzeros (Min)
Model fingerprint: 0x525342f3
Model has 12 linear objective coefficients and an objective constant of -12.378813404164
Model has 66 quadratic objective terms
Variable types: 0 continuous, 12 integer (12 binary)
Coefficient statistics:
  Matrix range     [1e+00, 1e+00]
  Objective range  [5e-01, 8e+00]
  QObjective range [5e-02, 6e+00]
  Bounds range     [1e+00, 1e+00]
  RHS range        [6e+00, 6e+00]
Found heuristic solution: objective 2.1485678
Presolve time: 0.00s
Presolved: 67 rows, 78 columns, 210 nonzeros
Variable types: 0 continuous, 78 integer (78 binary)

Root relaxation: objective -2.306332e+01, 10 iterations, 0.00 seconds (0.00 work units)

    Nodes    |    Current Node    |     Objective Bounds      |     Work
 Expl Unexpl |  Obj  Depth IntInf | Incumbent    BestBd   Gap | It/Node Time

     0     0  -23.06332    0   12    2.14857  -23.06332  1173%     -    0s
H    0     0                      -5.9106115  -23.06332   290%     -    0s
     0     0   -9.43898    0   32   -5.91061   -9.43898  59.7%     -    0s
     0     0   -8.42157    0   36   -5.91061   -8.42157  42.5%     -    0s
     0     0   -7.93028    0   35   -5.91061   -7.93028  34.2%     -    0s
     0     0   -7.43218    0   48   -5.91061   -7.43218  25.7%     -    0s

Cutting planes:
  Gomory: 6
  Cover: 5
  Dual implied bound: 8
  MIR: 34
  Zero half: 9
  RLT: 14
  BQP: 10

Explored 1 nodes (166 simplex iterations) in 0.02 seconds (0.01 work units)
Thread count was 8 (of 96 available processors)

Solution count 2: -5.91061 2.14857 
No other solutions better than -5.91061

Optimal solution found (tolerance 1.00e-06)
Best objective -5.910611469528e+00, best bound -5.910611469528e+00, gap 0.0000%

User-callback calls 177, time in user-callback 0.00 sec
