
Gurobi 13.0.0 (linux64) logging started Sun May  3 11:08:53 2026

Set parameter LogFile to value "logs/N=12_layers=3_presolve_on/N=12/seed=27/quantum_layers=3/precond_pen=0.500.log"
Set parameter MIPGap to value 1e-06
Set parameter Threads to value 8
Gurobi Optimizer version 13.0.0 build v13.0.0rc1 (linux64 - "Oracle Linux Server 9.7")

CPU model: AMD EPYC 7643 48-Core Processor, instruction set [SSE2|AVX|AVX2]
Thread count: 48 physical cores, 96 logical processors, using up to 8 threads

Non-default parameters:
MIPGap  1e-06
Threads  8

Optimize a model with 1 rows, 12 columns and 12 nonzeros (Min)
Model fingerprint: 0xf95f7439
Model has 12 linear objective coefficients and an objective constant of 4.7304004176630006e+00
Model has 66 quadratic objective terms
Variable types: 0 continuous, 12 integer (12 binary)
Coefficient statistics:
  Matrix range     [1e+00, 1e+00]
  Objective range  [9e-01, 3e+00]
  QObjective range [9e-02, 4e+00]
  Bounds range     [1e+00, 1e+00]
  RHS range        [6e+00, 6e+00]
Found heuristic solution: objective 0.1760793
Presolve time: 0.00s
Presolved: 67 rows, 78 columns, 210 nonzeros
Variable types: 0 continuous, 78 integer (78 binary)

Root relaxation: objective -1.310009e+01, 13 iterations, 0.00 seconds (0.00 work units)

    Nodes    |    Current Node    |     Objective Bounds      |     Work
 Expl Unexpl |  Obj  Depth IntInf | Incumbent    BestBd   Gap | It/Node Time

     0     0  -13.10009    0   12    0.17608  -13.10009  7540%     -    0s
H    0     0                      -4.8474532  -13.10009   170%     -    0s
H    0     0                      -6.5894686  -13.10009  98.8%     -    0s
     0     0   -6.82251    0   37   -6.58947   -6.82251  3.54%     -    0s

Cutting planes:
  Gomory: 12
  MIR: 74
  Zero half: 10
  RLT: 8
  BQP: 40

Explored 1 nodes (81 simplex iterations) in 0.01 seconds (0.01 work units)
Thread count was 8 (of 96 available processors)

Solution count 3: -6.58947 -4.84745 0.176079 
No other solutions better than -6.58947

Optimal solution found (tolerance 1.00e-06)
Best objective -6.589468563049e+00, best bound -6.589468563049e+00, gap 0.0000%

User-callback calls 164, time in user-callback 0.00 sec
