
Gurobi 13.0.0 (linux64) logging started Tue Mar 31 15:06:49 2026

Set parameter LogFile to value "logs/N=12_layers=3_presolve_on/N=12/seed=0/n_qaoa_layers=3/precond_pen=0.800.log"
Set parameter MIPGap to value 1e-06
Set parameter Threads to value 8
Gurobi Optimizer version 13.0.0 build v13.0.0rc1 (linux64 - "Oracle Linux Server 9.7")

CPU model: AMD EPYC 7643 48-Core Processor, instruction set [SSE2|AVX|AVX2]
Thread count: 48 physical cores, 96 logical processors, using up to 8 threads

Non-default parameters:
MIPGap  1e-06
Threads  8

Optimize a model with 1 rows, 12 columns and 12 nonzeros (Min)
Model fingerprint: 0x5bb8d0ba
Model has 12 linear objective coefficients and an objective constant of 4.435115809216
Model has 66 quadratic objective terms
Variable types: 0 continuous, 12 integer (12 binary)
Coefficient statistics:
  Matrix range     [1e+00, 1e+00]
  Objective range  [1e+00, 2e+00]
  QObjective range [8e-03, 4e+00]
  Bounds range     [1e+00, 1e+00]
  RHS range        [6e+00, 6e+00]
Found heuristic solution: objective 2.2561510
Presolve time: 0.00s
Presolved: 67 rows, 78 columns, 210 nonzeros
Variable types: 0 continuous, 78 integer (78 binary)

Root relaxation: objective -1.213851e+01, 18 iterations, 0.00 seconds (0.00 work units)

    Nodes    |    Current Node    |     Objective Bounds      |     Work
 Expl Unexpl |  Obj  Depth IntInf | Incumbent    BestBd   Gap | It/Node Time

     0     0  -12.13851    0   12    2.25615  -12.13851   638%     -    0s
H    0     0                      -2.9344462  -12.13851   314%     -    0s
H    0     0                      -4.5907954  -12.13851   164%     -    0s
H    0     0                      -6.7868276  -12.13851  78.9%     -    0s
     0     0   -6.78683    0   46   -6.78683   -6.78683  0.00%     -    0s

Cutting planes:
  Gomory: 1
  MIR: 22
  Zero half: 15
  RLT: 14
  BQP: 56

Explored 1 nodes (100 simplex iterations) in 0.01 seconds (0.00 work units)
Thread count was 8 (of 96 available processors)

Solution count 4: -6.78683 -4.5908 -2.93445 2.25615 
No other solutions better than -6.78683

Optimal solution found (tolerance 1.00e-06)
Best objective -6.786827607902e+00, best bound -6.786827607902e+00, gap 0.0000%

User-callback calls 164, time in user-callback 0.00 sec

Gurobi 13.0.0 (linux64) logging started Tue Mar 31 15:10:48 2026

Set parameter LogFile to value "logs/N=12_layers=3_presolve_on/N=12/seed=0/n_qaoa_layers=3/precond_pen=0.800.log"
Set parameter MIPGap to value 1e-06
Set parameter Threads to value 8
Gurobi Optimizer version 13.0.0 build v13.0.0rc1 (linux64 - "Oracle Linux Server 9.7")

CPU model: AMD EPYC 7643 48-Core Processor, instruction set [SSE2|AVX|AVX2]
Thread count: 48 physical cores, 96 logical processors, using up to 8 threads

Non-default parameters:
MIPGap  1e-06
Threads  8

Optimize a model with 1 rows, 12 columns and 12 nonzeros (Min)
Model fingerprint: 0x5bb8d0ba
Model has 12 linear objective coefficients and an objective constant of 4.435115809216
Model has 66 quadratic objective terms
Variable types: 0 continuous, 12 integer (12 binary)
Coefficient statistics:
  Matrix range     [1e+00, 1e+00]
  Objective range  [1e+00, 2e+00]
  QObjective range [8e-03, 4e+00]
  Bounds range     [1e+00, 1e+00]
  RHS range        [6e+00, 6e+00]
Found heuristic solution: objective 2.2561510
Presolve time: 0.00s
Presolved: 67 rows, 78 columns, 210 nonzeros
Variable types: 0 continuous, 78 integer (78 binary)

Root relaxation: objective -1.213851e+01, 18 iterations, 0.00 seconds (0.00 work units)

    Nodes    |    Current Node    |     Objective Bounds      |     Work
 Expl Unexpl |  Obj  Depth IntInf | Incumbent    BestBd   Gap | It/Node Time

     0     0  -12.13851    0   12    2.25615  -12.13851   638%     -    0s
H    0     0                      -2.9344462  -12.13851   314%     -    0s
H    0     0                      -4.5907954  -12.13851   164%     -    0s
H    0     0                      -6.7868276  -12.13851  78.9%     -    0s
     0     0   -6.78683    0   46   -6.78683   -6.78683  0.00%     -    0s

Cutting planes:
  Gomory: 1
  MIR: 22
  Zero half: 15
  RLT: 14
  BQP: 56

Explored 1 nodes (100 simplex iterations) in 0.01 seconds (0.00 work units)
Thread count was 8 (of 96 available processors)

Solution count 4: -6.78683 -4.5908 -2.93445 2.25615 
No other solutions better than -6.78683

Optimal solution found (tolerance 1.00e-06)
Best objective -6.786827607902e+00, best bound -6.786827607902e+00, gap 0.0000%

User-callback calls 164, time in user-callback 0.00 sec
