
Gurobi 13.0.0 (linux64) logging started Tue Mar 31 15:06:49 2026

Set parameter LogFile to value "logs/N=12_layers=3_presolve_on/N=12/seed=0/n_qaoa_layers=3/precond_pen=0.300.log"
Set parameter MIPGap to value 1e-06
Set parameter Threads to value 8
Gurobi Optimizer version 13.0.0 build v13.0.0rc1 (linux64 - "Oracle Linux Server 9.7")

CPU model: AMD EPYC 7643 48-Core Processor, instruction set [SSE2|AVX|AVX2]
Thread count: 48 physical cores, 96 logical processors, using up to 8 threads

Non-default parameters:
MIPGap  1e-06
Threads  8

Optimize a model with 1 rows, 12 columns and 12 nonzeros (Min)
Model fingerprint: 0x2ad8e5eb
Model has 12 linear objective coefficients and an objective constant of 3.9545716256429984e+00
Model has 66 quadratic objective terms
Variable types: 0 continuous, 12 integer (12 binary)
Coefficient statistics:
  Matrix range     [1e+00, 1e+00]
  Objective range  [5e-02, 3e+00]
  QObjective range [4e-02, 6e+00]
  Bounds range     [1e+00, 1e+00]
  RHS range        [6e+00, 6e+00]
Found heuristic solution: objective 3.2245956
Presolve time: 0.00s
Presolved: 67 rows, 78 columns, 210 nonzeros
Variable types: 0 continuous, 78 integer (78 binary)

Root relaxation: objective -2.074384e+01, 11 iterations, 0.00 seconds (0.00 work units)

    Nodes    |    Current Node    |     Objective Bounds      |     Work
 Expl Unexpl |  Obj  Depth IntInf | Incumbent    BestBd   Gap | It/Node Time

     0     0  -20.74384    0   12    3.22460  -20.74384   743%     -    0s
H    0     0                     -10.5389238  -20.74384  96.8%     -    0s
H    0     0                     -14.0795339  -20.74384  47.3%     -    0s

Cutting planes:
  Gomory: 1
  MIR: 14
  Zero half: 17
  RLT: 13
  BQP: 43

Explored 1 nodes (11 simplex iterations) in 0.01 seconds (0.00 work units)
Thread count was 8 (of 96 available processors)

Solution count 3: -14.0795 -10.5389 3.2246 
No other solutions better than -14.0795

Optimal solution found (tolerance 1.00e-06)
Best objective -1.407953389319e+01, best bound -1.407953389319e+01, gap 0.0000%

User-callback calls 157, time in user-callback 0.00 sec

Gurobi 13.0.0 (linux64) logging started Tue Mar 31 15:10:48 2026

Set parameter LogFile to value "logs/N=12_layers=3_presolve_on/N=12/seed=0/n_qaoa_layers=3/precond_pen=0.300.log"
Set parameter MIPGap to value 1e-06
Set parameter Threads to value 8
Gurobi Optimizer version 13.0.0 build v13.0.0rc1 (linux64 - "Oracle Linux Server 9.7")

CPU model: AMD EPYC 7643 48-Core Processor, instruction set [SSE2|AVX|AVX2]
Thread count: 48 physical cores, 96 logical processors, using up to 8 threads

Non-default parameters:
MIPGap  1e-06
Threads  8

Optimize a model with 1 rows, 12 columns and 12 nonzeros (Min)
Model fingerprint: 0x2ad8e5eb
Model has 12 linear objective coefficients and an objective constant of 3.9545716256429984e+00
Model has 66 quadratic objective terms
Variable types: 0 continuous, 12 integer (12 binary)
Coefficient statistics:
  Matrix range     [1e+00, 1e+00]
  Objective range  [5e-02, 3e+00]
  QObjective range [4e-02, 6e+00]
  Bounds range     [1e+00, 1e+00]
  RHS range        [6e+00, 6e+00]
Found heuristic solution: objective 3.2245956
Presolve time: 0.00s
Presolved: 67 rows, 78 columns, 210 nonzeros
Variable types: 0 continuous, 78 integer (78 binary)

Root relaxation: objective -2.074384e+01, 11 iterations, 0.00 seconds (0.00 work units)

    Nodes    |    Current Node    |     Objective Bounds      |     Work
 Expl Unexpl |  Obj  Depth IntInf | Incumbent    BestBd   Gap | It/Node Time

     0     0  -20.74384    0   12    3.22460  -20.74384   743%     -    0s
H    0     0                     -10.5389238  -20.74384  96.8%     -    0s
H    0     0                     -14.0795339  -20.74384  47.3%     -    0s

Cutting planes:
  Gomory: 1
  MIR: 14
  Zero half: 17
  RLT: 13
  BQP: 43

Explored 1 nodes (11 simplex iterations) in 0.01 seconds (0.00 work units)
Thread count was 8 (of 96 available processors)

Solution count 3: -14.0795 -10.5389 3.2246 
No other solutions better than -14.0795

Optimal solution found (tolerance 1.00e-06)
Best objective -1.407953389319e+01, best bound -1.407953389319e+01, gap 0.0000%

User-callback calls 157, time in user-callback 0.00 sec
