
Gurobi 13.0.0 (linux64) logging started Tue Mar 31 15:06:49 2026

Set parameter LogFile to value "logs/N=12_layers=3_presolve_on/N=12/seed=0/n_qaoa_layers=3/precond_pen=0.500.log"
Set parameter MIPGap to value 1e-06
Set parameter Threads to value 8
Gurobi Optimizer version 13.0.0 build v13.0.0rc1 (linux64 - "Oracle Linux Server 9.7")

CPU model: AMD EPYC 7643 48-Core Processor, instruction set [SSE2|AVX|AVX2]
Thread count: 48 physical cores, 96 logical processors, using up to 8 threads

Non-default parameters:
MIPGap  1e-06
Threads  8

Optimize a model with 1 rows, 12 columns and 12 nonzeros (Min)
Model fingerprint: 0x7f05ee71
Model has 12 linear objective coefficients and an objective constant of 4.7650091915409991e+00
Model has 66 quadratic objective terms
Variable types: 0 continuous, 12 integer (12 binary)
Coefficient statistics:
  Matrix range     [1e+00, 1e+00]
  Objective range  [1e+00, 2e+00]
  QObjective range [8e-02, 5e+00]
  Bounds range     [1e+00, 1e+00]
  RHS range        [6e+00, 6e+00]
Found heuristic solution: objective 2.5480789
Presolve time: 0.00s
Presolved: 67 rows, 78 columns, 210 nonzeros
Variable types: 0 continuous, 78 integer (78 binary)

Root relaxation: objective -1.511441e+01, 15 iterations, 0.00 seconds (0.00 work units)

    Nodes    |    Current Node    |     Objective Bounds      |     Work
 Expl Unexpl |  Obj  Depth IntInf | Incumbent    BestBd   Gap | It/Node Time

     0     0  -15.11441    0   12    2.54808  -15.11441   693%     -    0s
H    0     0                      -5.8732889  -15.11441   157%     -    0s
H    0     0                      -9.3126139  -15.11441  62.3%     -    0s

Cutting planes:
  Gomory: 1
  MIR: 21
  Zero half: 15
  RLT: 16
  BQP: 57

Explored 1 nodes (15 simplex iterations) in 0.01 seconds (0.00 work units)
Thread count was 8 (of 96 available processors)

Solution count 3: -9.31261 -5.87329 2.54808 
No other solutions better than -9.31261

Optimal solution found (tolerance 1.00e-06)
Best objective -9.312613931423e+00, best bound -9.312613931423e+00, gap 0.0000%

User-callback calls 157, time in user-callback 0.00 sec

Gurobi 13.0.0 (linux64) logging started Tue Mar 31 15:10:48 2026

Set parameter LogFile to value "logs/N=12_layers=3_presolve_on/N=12/seed=0/n_qaoa_layers=3/precond_pen=0.500.log"
Set parameter MIPGap to value 1e-06
Set parameter Threads to value 8
Gurobi Optimizer version 13.0.0 build v13.0.0rc1 (linux64 - "Oracle Linux Server 9.7")

CPU model: AMD EPYC 7643 48-Core Processor, instruction set [SSE2|AVX|AVX2]
Thread count: 48 physical cores, 96 logical processors, using up to 8 threads

Non-default parameters:
MIPGap  1e-06
Threads  8

Optimize a model with 1 rows, 12 columns and 12 nonzeros (Min)
Model fingerprint: 0x7f05ee71
Model has 12 linear objective coefficients and an objective constant of 4.7650091915409991e+00
Model has 66 quadratic objective terms
Variable types: 0 continuous, 12 integer (12 binary)
Coefficient statistics:
  Matrix range     [1e+00, 1e+00]
  Objective range  [1e+00, 2e+00]
  QObjective range [8e-02, 5e+00]
  Bounds range     [1e+00, 1e+00]
  RHS range        [6e+00, 6e+00]
Found heuristic solution: objective 2.5480789
Presolve time: 0.00s
Presolved: 67 rows, 78 columns, 210 nonzeros
Variable types: 0 continuous, 78 integer (78 binary)

Root relaxation: objective -1.511441e+01, 15 iterations, 0.00 seconds (0.00 work units)

    Nodes    |    Current Node    |     Objective Bounds      |     Work
 Expl Unexpl |  Obj  Depth IntInf | Incumbent    BestBd   Gap | It/Node Time

     0     0  -15.11441    0   12    2.54808  -15.11441   693%     -    0s
H    0     0                      -5.8732889  -15.11441   157%     -    0s
H    0     0                      -9.3126139  -15.11441  62.3%     -    0s

Cutting planes:
  Gomory: 1
  MIR: 21
  Zero half: 15
  RLT: 16
  BQP: 57

Explored 1 nodes (15 simplex iterations) in 0.01 seconds (0.00 work units)
Thread count was 8 (of 96 available processors)

Solution count 3: -9.31261 -5.87329 2.54808 
No other solutions better than -9.31261

Optimal solution found (tolerance 1.00e-06)
Best objective -9.312613931423e+00, best bound -9.312613931423e+00, gap 0.0000%

User-callback calls 157, time in user-callback 0.00 sec
