
Gurobi 13.0.0 (linux64) logging started Sun Mar 22 16:50:41 2026

Set parameter LogFile to value "logs/N=12_presolve_on/N=12/seed=41/n_qaoa_layers=1/precond_pen=0.100.log"
Set parameter MIPGap to value 1e-06
Set parameter Threads to value 8
Gurobi Optimizer version 13.0.0 build v13.0.0rc1 (linux64 - "Oracle Linux Server 9.7")

CPU model: AMD EPYC 7643 48-Core Processor, instruction set [SSE2|AVX|AVX2]
Thread count: 48 physical cores, 96 logical processors, using up to 8 threads

Non-default parameters:
MIPGap  1e-06
Threads  8

Optimize a model with 1 rows, 12 columns and 12 nonzeros (Min)
Model fingerprint: 0x29487341
Model has 12 linear objective coefficients and an objective constant of -1.9179570165768002e+01
Model has 66 quadratic objective terms
Variable types: 0 continuous, 12 integer (12 binary)
Coefficient statistics:
  Matrix range     [1e+00, 1e+00]
  Objective range  [4e+00, 7e+00]
  QObjective range [3e-01, 4e+00]
  Bounds range     [1e+00, 1e+00]
  RHS range        [6e+00, 6e+00]
Found heuristic solution: objective 1.9032396
Presolve time: 0.00s
Presolved: 67 rows, 78 columns, 210 nonzeros
Variable types: 0 continuous, 78 integer (78 binary)

Root relaxation: objective -1.917957e+01, 5 iterations, 0.00 seconds (0.00 work units)

    Nodes    |    Current Node    |     Objective Bounds      |     Work
 Expl Unexpl |  Obj  Depth IntInf | Incumbent    BestBd   Gap | It/Node Time

     0     0  -19.17957    0   12    1.90324  -19.17957  1108%     -    0s
H    0     0                       1.4735147  -19.17957  1402%     -    0s
H    0     0                       1.3730282  -19.17957  1497%     -    0s
H    0     0                      -1.4497337  -19.17957  1223%     -    0s
     0     0   -6.37468    0   15   -1.44973   -6.37468   340%     -    0s
     0     0   -6.37468    0   17   -1.44973   -6.37468   340%     -    0s
     0     0   -4.20289    0   41   -1.44973   -4.20289   190%     -    0s
     0     0   -4.12604    0   41   -1.44973   -4.12604   185%     -    0s
     0     2   -4.12309    0   41   -1.44973   -4.12309   184%     -    0s

Cutting planes:
  Gomory: 1
  Cover: 1
  Dual implied bound: 15
  MIR: 9
  RLT: 8

Explored 31 nodes (652 simplex iterations) in 0.03 seconds (0.02 work units)
Thread count was 8 (of 96 available processors)

Solution count 4: -1.44973 1.37303 1.47351 1.90324 
No other solutions better than -1.44973

Optimal solution found (tolerance 1.00e-06)
Best objective -1.449733722950e+00, best bound -1.449733722950e+00, gap 0.0000%

User-callback calls 249, time in user-callback 0.00 sec
