
Gurobi 13.0.0 (linux64) logging started Sun May  3 11:06:38 2026

Set parameter LogFile to value "logs/N=12_layers=2_presolve_on/N=12/seed=48/quantum_layers=2/precond_pen=0.800.log"
Set parameter MIPGap to value 1e-06
Set parameter Threads to value 8
Gurobi Optimizer version 13.0.0 build v13.0.0rc1 (linux64 - "Oracle Linux Server 9.7")

CPU model: AMD EPYC 7643 48-Core Processor, instruction set [SSE2|AVX|AVX2]
Thread count: 48 physical cores, 96 logical processors, using up to 8 threads

Non-default parameters:
MIPGap  1e-06
Threads  8

Optimize a model with 1 rows, 12 columns and 12 nonzeros (Min)
Model fingerprint: 0x59b7dbae
Model has 12 linear objective coefficients and an objective constant of 5.272208934379
Model has 66 quadratic objective terms
Variable types: 0 continuous, 12 integer (12 binary)
Coefficient statistics:
  Matrix range     [1e+00, 1e+00]
  Objective range  [1e+00, 2e+00]
  QObjective range [9e-03, 2e+00]
  Bounds range     [1e+00, 1e+00]
  RHS range        [6e+00, 6e+00]
Found heuristic solution: objective -0.7890620
Presolve time: 0.00s
Presolved: 67 rows, 78 columns, 210 nonzeros
Variable types: 0 continuous, 78 integer (78 binary)

Root relaxation: objective -5.450073e+00, 19 iterations, 0.00 seconds (0.00 work units)

    Nodes    |    Current Node    |     Objective Bounds      |     Work
 Expl Unexpl |  Obj  Depth IntInf | Incumbent    BestBd   Gap | It/Node Time

     0     0   -5.45007    0   12   -0.78906   -5.45007   591%     -    0s
H    0     0                      -1.9344801   -5.45007   182%     -    0s
H    0     0                      -2.0934377   -5.45007   160%     -    0s
     0     0   -2.09344    0   43   -2.09344   -2.09344  0.00%     -    0s

Cutting planes:
  Gomory: 1
  MIR: 35
  Zero half: 23
  RLT: 25
  BQP: 110

Explored 1 nodes (148 simplex iterations) in 0.01 seconds (0.00 work units)
Thread count was 8 (of 96 available processors)

Solution count 3: -2.09344 -1.93448 -0.789062 
No other solutions better than -2.09344

Optimal solution found (tolerance 1.00e-06)
Best objective -2.093437681733e+00, best bound -2.093437681733e+00, gap 0.0000%

User-callback calls 163, time in user-callback 0.00 sec
