
Gurobi 13.0.0 (linux64) logging started Sun May  3 11:08:57 2026

Set parameter LogFile to value "logs/N=12_layers=3_presolve_off/N=12/seed=15/quantum_layers=3/precond_pen=0.200.log"
Set parameter MIPGap to value 1e-06
Set parameter Threads to value 8
Set parameter Presolve to value 0
Gurobi Optimizer version 13.0.0 build v13.0.0rc1 (linux64 - "Oracle Linux Server 9.7")

CPU model: AMD EPYC 7643 48-Core Processor, instruction set [SSE2|AVX|AVX2]
Thread count: 48 physical cores, 96 logical processors, using up to 8 threads

Non-default parameters:
MIPGap  1e-06
Presolve  0
Threads  8

Optimize a model with 1 rows, 12 columns and 12 nonzeros (Min)
Model fingerprint: 0xd41f5974
Model has 12 linear objective coefficients and an objective constant of -21.706929972775
Model has 66 quadratic objective terms
Variable types: 0 continuous, 12 integer (12 binary)
Coefficient statistics:
  Matrix range     [1e+00, 1e+00]
  Objective range  [3e-01, 1e+01]
  QObjective range [6e-03, 6e+00]
  Bounds range     [1e+00, 1e+00]
  RHS range        [6e+00, 6e+00]
Found heuristic solution: objective 1.0464592
Variable types: 0 continuous, 78 integer (78 binary)

Root relaxation: objective -2.665116e+01, 5 iterations, 0.00 seconds (0.00 work units)

    Nodes    |    Current Node    |     Objective Bounds      |     Work
 Expl Unexpl |  Obj  Depth IntInf | Incumbent    BestBd   Gap | It/Node Time

     0     0  -26.65116    0   12    1.04646  -26.65116  2647%     -    0s
H    0     0                       0.9129294  -26.65116  3019%     -    0s
H    0     0                      -6.3299438  -26.65116   321%     -    0s
     0     0  -12.12187    0   23   -6.32994  -12.12187  91.5%     -    0s
     0     0   -6.32994    0   38   -6.32994   -6.32994  0.00%     -    0s

Cutting planes:
  Gomory: 3
  Cover: 2
  MIR: 14
  Zero half: 5
  RLT: 10
  BQP: 8

Explored 1 nodes (138 simplex iterations) in 0.01 seconds (0.01 work units)
Thread count was 8 (of 96 available processors)

Solution count 3: -6.32994 0.912929 1.04646 
No other solutions better than -6.32994

Optimal solution found (tolerance 1.00e-06)
Best objective -6.329943805477e+00, best bound -6.329943805477e+00, gap 0.0000%

User-callback calls 73, time in user-callback 0.00 sec
