
Gurobi 13.0.0 (linux64) logging started Tue Mar 31 15:05:17 2026

Set parameter LogFile to value "logs/N=12_layers=2_presolve_off/N=12/seed=8/n_qaoa_layers=2/precond_pen=1.000.log"
Set parameter MIPGap to value 1e-06
Set parameter Threads to value 8
Set parameter Presolve to value 0
Gurobi Optimizer version 13.0.0 build v13.0.0rc1 (linux64 - "Oracle Linux Server 9.7")

CPU model: AMD EPYC 7643 48-Core Processor, instruction set [SSE2|AVX|AVX2]
Thread count: 48 physical cores, 96 logical processors, using up to 8 threads

Non-default parameters:
MIPGap  1e-06
Presolve  0
Threads  8

Optimize a model with 1 rows, 12 columns and 12 nonzeros (Min)
Model fingerprint: 0x3cd38ede
Model has 12 linear objective coefficients and an objective constant of 5.432912214133
Model has 66 quadratic objective terms
Variable types: 0 continuous, 12 integer (12 binary)
Coefficient statistics:
  Matrix range     [1e+00, 1e+00]
  Objective range  [2e+00, 2e+00]
  QObjective range [2e-02, 1e+00]
  Bounds range     [1e+00, 1e+00]
  RHS range        [6e+00, 6e+00]
Found heuristic solution: objective -0.4988274
Variable types: 0 continuous, 78 integer (78 binary)

Root relaxation: objective -5.458205e+00, 18 iterations, 0.00 seconds (0.00 work units)

    Nodes    |    Current Node    |     Objective Bounds      |     Work
 Expl Unexpl |  Obj  Depth IntInf | Incumbent    BestBd   Gap | It/Node Time

     0     0   -5.45821    0   12   -0.49883   -5.45821   994%     -    0s
H    0     0                      -1.2312399   -5.45821   343%     -    0s
H    0     0                      -1.2737493   -5.45821   329%     -    0s
H    0     0                      -1.4371168   -3.62802   152%     -    0s
     0     0   -1.43712    0   58   -1.43712   -1.43712  0.00%     -    0s

Cutting planes:
  Gomory: 2
  MIR: 49
  Zero half: 22
  RLT: 27
  BQP: 137

Explored 1 nodes (384 simplex iterations) in 0.02 seconds (0.01 work units)
Thread count was 8 (of 96 available processors)

Solution count 4: -1.43712 -1.27375 -1.23124 -0.498827 
No other solutions better than -1.43712

Optimal solution found (tolerance 1.00e-06)
Best objective -1.437116812153e+00, best bound -1.437116812153e+00, gap 0.0000%

User-callback calls 70, time in user-callback 0.00 sec
