
Gurobi 13.0.0 (linux64) logging started Sun Mar 22 16:50:35 2026

Set parameter LogFile to value "logs/N=12_presolve_on/N=12/seed=7/n_qaoa_layers=1/precond_pen=1.000.log"
Set parameter MIPGap to value 1e-06
Set parameter Threads to value 8
Gurobi Optimizer version 13.0.0 build v13.0.0rc1 (linux64 - "Oracle Linux Server 9.7")

CPU model: AMD EPYC 7643 48-Core Processor, instruction set [SSE2|AVX|AVX2]
Thread count: 48 physical cores, 96 logical processors, using up to 8 threads

Non-default parameters:
MIPGap  1e-06
Threads  8

Optimize a model with 1 rows, 12 columns and 12 nonzeros (Min)
Model fingerprint: 0xb1d00c60
Model has 12 linear objective coefficients and an objective constant of 4.9059425305139994e+00
Model has 66 quadratic objective terms
Variable types: 0 continuous, 12 integer (12 binary)
Coefficient statistics:
  Matrix range     [1e+00, 1e+00]
  Objective range  [1e+00, 2e+00]
  QObjective range [3e-01, 1e+00]
  Bounds range     [1e+00, 1e+00]
  RHS range        [6e+00, 6e+00]
Found heuristic solution: objective -0.2836451
Presolve time: 0.00s
Presolved: 67 rows, 78 columns, 210 nonzeros
Variable types: 0 continuous, 78 integer (78 binary)

Root relaxation: objective -4.905943e+00, 17 iterations, 0.00 seconds (0.00 work units)

    Nodes    |    Current Node    |     Objective Bounds      |     Work
 Expl Unexpl |  Obj  Depth IntInf | Incumbent    BestBd   Gap | It/Node Time

     0     0   -4.90594    0   12   -0.28365   -4.90594  1630%     -    0s
H    0     0                      -0.6195770   -4.90594   692%     -    0s
H    0     0                      -0.6241845   -4.90594   686%     -    0s
H    0     0                      -0.9730121   -4.90594   404%     -    0s
     0     0   -0.99035    0   63   -0.97301   -0.99035  1.78%     -    0s

Cutting planes:
  Gomory: 2
  Cover: 6
  Dual implied bound: 1
  MIR: 30
  Zero half: 6
  RLT: 26
  BQP: 109

Explored 1 nodes (310 simplex iterations) in 0.03 seconds (0.02 work units)
Thread count was 8 (of 96 available processors)

Solution count 4: -0.973012 -0.624185 -0.619577 -0.283645 

Optimal solution found (tolerance 1.00e-06)
Best objective -9.730120528880e-01, best bound -9.730120528880e-01, gap 0.0000%

User-callback calls 170, time in user-callback 0.00 sec
