
Gurobi 13.0.0 (linux64) logging started Sun May  3 11:04:23 2026

Set parameter LogFile to value "logs/N=12_layers=1_presolve_on/N=12/seed=41/quantum_layers=1/precond_pen=0.200.log"
Set parameter MIPGap to value 1e-06
Set parameter Threads to value 8
Gurobi Optimizer version 13.0.0 build v13.0.0rc1 (linux64 - "Oracle Linux Server 9.7")

CPU model: AMD EPYC 7643 48-Core Processor, instruction set [SSE2|AVX|AVX2]
Thread count: 48 physical cores, 96 logical processors, using up to 8 threads

Non-default parameters:
MIPGap  1e-06
Threads  8

Optimize a model with 1 rows, 12 columns and 12 nonzeros (Min)
Model fingerprint: 0xce65611f
Model has 12 linear objective coefficients and an objective constant of -8.092211990061
Model has 66 quadratic objective terms
Variable types: 0 continuous, 12 integer (12 binary)
Coefficient statistics:
  Matrix range     [1e+00, 1e+00]
  Objective range  [4e-02, 4e+00]
  QObjective range [8e-02, 3e+00]
  Bounds range     [1e+00, 1e+00]
  RHS range        [6e+00, 6e+00]
Found heuristic solution: objective 0.9327800
Presolve time: 0.00s
Presolved: 67 rows, 78 columns, 210 nonzeros
Variable types: 0 continuous, 78 integer (78 binary)

Root relaxation: objective -1.195824e+01, 10 iterations, 0.00 seconds (0.00 work units)

    Nodes    |    Current Node    |     Objective Bounds      |     Work
 Expl Unexpl |  Obj  Depth IntInf | Incumbent    BestBd   Gap | It/Node Time

     0     0  -11.95824    0   12    0.93278  -11.95824  1382%     -    0s
H    0     0                      -0.9038294  -11.95824  1223%     -    0s
H    0     0                      -3.9464678  -11.95824   203%     -    0s
     0     0   -6.28239    0   36   -3.94647   -6.28239  59.2%     -    0s

Cutting planes:
  Gomory: 4
  Cover: 1
  Dual implied bound: 6
  MIR: 27
  Zero half: 17
  RLT: 18
  BQP: 26

Explored 1 nodes (97 simplex iterations) in 0.01 seconds (0.01 work units)
Thread count was 8 (of 96 available processors)

Solution count 3: -3.94647 -0.903829 0.93278 
No other solutions better than -3.94647

Optimal solution found (tolerance 1.00e-06)
Best objective -3.946467807125e+00, best bound -3.946467807125e+00, gap 0.0000%

User-callback calls 167, time in user-callback 0.00 sec
