
Gurobi 13.0.0 (linux64) logging started Sun May  3 10:53:46 2026

Set parameter LogFile to value "logs/N=16_layers=1_presolve_on/N=16/seed=15/quantum_layers=1/baseline.log"
Set parameter MIPGap to value 1e-06
Set parameter Threads to value 8
Gurobi Optimizer version 13.0.0 build v13.0.0rc1 (linux64 - "Oracle Linux Server 9.7")

CPU model: AMD EPYC 7643 48-Core Processor, instruction set [SSE2|AVX|AVX2]
Thread count: 48 physical cores, 96 logical processors, using up to 8 threads

Non-default parameters:
MIPGap  1e-06
Threads  8

Optimize a model with 1 rows, 16 columns and 16 nonzeros (Min)
Model fingerprint: 0x68d4877e
Model has 16 linear objective coefficients and an objective constant of -3.0175861809311755e-12
Model has 120 quadratic objective terms
Variable types: 0 continuous, 16 integer (16 binary)
Coefficient statistics:
  Matrix range     [1e+00, 1e+00]
  Objective range  [1e+01, 2e+01]
  QObjective range [1e-01, 8e+00]
  Bounds range     [1e+00, 1e+00]
  RHS range        [8e+00, 8e+00]
Found heuristic solution: objective 67.6528092
Presolve time: 0.00s
Presolved: 121 rows, 136 columns, 376 nonzeros
Variable types: 0 continuous, 136 integer (136 binary)

Root relaxation: objective -3.016698e-12, 8 iterations, 0.00 seconds (0.00 work units)

    Nodes    |    Current Node    |     Objective Bounds      |     Work
 Expl Unexpl |  Obj  Depth IntInf | Incumbent    BestBd   Gap | It/Node Time

     0     0   -0.00000    0   16   67.65281   -0.00000   100%     -    0s
H    0     0                      65.2643288   -0.00000   100%     -    0s
H    0     0                      61.4854718   -0.00000   100%     -    0s
H    0     0                      56.8676524   -0.00000   100%     -    0s
     0     0   28.11776    0   16   56.86765   28.11776  50.6%     -    0s
     0     0   31.28744    0   26   56.86765   31.28744  45.0%     -    0s
     0     0   31.28744    0   27   56.86765   31.28744  45.0%     -    0s
     0     0   39.99975    0   63   56.86765   39.99975  29.7%     -    0s
     0     0   40.04163    0   63   56.86765   40.04163  29.6%     -    0s
     0     2   40.45069    0   63   56.86765   40.45069  28.9%     -    0s

Cutting planes:
  Gomory: 1
  Cover: 1
  Dual implied bound: 25
  MIR: 17
  RLT: 13

Explored 301 nodes (7274 simplex iterations) in 0.08 seconds (0.08 work units)
Thread count was 8 (of 96 available processors)

Solution count 4: 56.8677 61.4855 65.2643 67.6528 

Optimal solution found (tolerance 1.00e-06)
Best objective 5.686765244235e+01, best bound 5.686765244235e+01, gap 0.0000%

User-callback calls 813, time in user-callback 0.00 sec
