
Gurobi 13.0.0 (linux64) logging started Sun May  3 10:53:46 2026

Set parameter LogFile to value "logs/N=16_layers=1_presolve_on/N=16/seed=15/quantum_layers=1/precond_pen=0.800.log"
Set parameter MIPGap to value 1e-06
Set parameter Threads to value 8
Gurobi Optimizer version 13.0.0 build v13.0.0rc1 (linux64 - "Oracle Linux Server 9.7")

CPU model: AMD EPYC 7643 48-Core Processor, instruction set [SSE2|AVX|AVX2]
Thread count: 48 physical cores, 96 logical processors, using up to 8 threads

Non-default parameters:
MIPGap  1e-06
Threads  8

Optimize a model with 1 rows, 16 columns and 16 nonzeros (Min)
Model fingerprint: 0x1d775ddd
Model has 16 linear objective coefficients and an objective constant of 6.7307486567949990e+00
Model has 120 quadratic objective terms
Variable types: 0 continuous, 16 integer (16 binary)
Coefficient statistics:
  Matrix range     [1e+00, 1e+00]
  Objective range  [1e+00, 2e+00]
  QObjective range [9e-02, 9e-01]
  Bounds range     [1e+00, 1e+00]
  RHS range        [8e+00, 8e+00]
Found heuristic solution: objective -0.3606142
Presolve time: 0.00s
Presolved: 121 rows, 136 columns, 376 nonzeros
Variable types: 0 continuous, 136 integer (136 binary)

Root relaxation: objective -6.730749e+00, 42 iterations, 0.00 seconds (0.00 work units)

    Nodes    |    Current Node    |     Objective Bounds      |     Work
 Expl Unexpl |  Obj  Depth IntInf | Incumbent    BestBd   Gap | It/Node Time

     0     0   -6.73075    0   16   -0.36061   -6.73075  1766%     -    0s
H    0     0                      -0.8166409   -6.73075   724%     -    0s
H    0     0                      -1.3564552   -6.73075   396%     -    0s
H    0     0                      -1.4642541   -5.03037   244%     -    0s
     0     0   -1.70830    0  116   -1.46425   -1.70830  16.7%     -    0s
     0     0   -1.46425    0  129   -1.46425   -1.46425  0.00%     -    0s

Cutting planes:
  Gomory: 4
  Dual implied bound: 8
  MIR: 76
  Zero half: 29
  RLT: 38
  BQP: 276

Explored 1 nodes (991 simplex iterations) in 0.11 seconds (0.07 work units)
Thread count was 8 (of 96 available processors)

Solution count 4: -1.46425 -1.35646 -0.816641 -0.360614 
No other solutions better than -1.46425

Optimal solution found (tolerance 1.00e-06)
Best objective -1.464254115649e+00, best bound -1.464254115649e+00, gap 0.0000%

User-callback calls 183, time in user-callback 0.00 sec
