
Gurobi 13.0.0 (linux64) logging started Sun May  3 10:53:46 2026

Set parameter LogFile to value "logs/N=16_layers=1_presolve_on/N=16/seed=15/quantum_layers=1/precond_pen=0.000.log"
Set parameter MIPGap to value 1e-06
Set parameter Threads to value 8
Gurobi Optimizer version 13.0.0 build v13.0.0rc1 (linux64 - "Oracle Linux Server 9.7")

CPU model: AMD EPYC 7643 48-Core Processor, instruction set [SSE2|AVX|AVX2]
Thread count: 48 physical cores, 96 logical processors, using up to 8 threads

Non-default parameters:
MIPGap  1e-06
Threads  8

Optimize a model with 1 rows, 16 columns and 16 nonzeros (Min)
Model fingerprint: 0xce61638e
Model has 16 linear objective coefficients and an objective constant of -4.5346766068444012e+01
Model has 120 quadratic objective terms
Variable types: 0 continuous, 16 integer (16 binary)
Coefficient statistics:
  Matrix range     [1e+00, 1e+00]
  Objective range  [1e+01, 1e+01]
  QObjective range [2e+00, 4e+00]
  Bounds range     [1e+00, 1e+00]
  RHS range        [8e+00, 8e+00]
Found heuristic solution: objective 3.1632592
Presolve time: 0.00s
Presolved: 121 rows, 136 columns, 376 nonzeros
Variable types: 0 continuous, 136 integer (136 binary)

Root relaxation: objective -4.534677e+01, 7 iterations, 0.00 seconds (0.00 work units)

    Nodes    |    Current Node    |     Objective Bounds      |     Work
 Expl Unexpl |  Obj  Depth IntInf | Incumbent    BestBd   Gap | It/Node Time

     0     0  -45.34677    0   16    3.16326  -45.34677  1534%     -    0s
H    0     0                       3.0321271  -45.34677  1596%     -    0s
H    0     0                       0.5915255  -45.34677  7766%     -    0s
     0     0   -3.98393    0   16    0.59153   -3.98393   774%     -    0s
     0     0   -3.98393    0   20    0.59153   -3.98393   774%     -    0s
     0     0   -2.15601    0   59    0.59153   -2.15601   464%     -    0s
     0     0   -2.15051    0   59    0.59153   -2.15051   464%     -    0s
     0     2   -2.13257    0   59    0.59153   -2.13257   461%     -    0s

Cutting planes:
  Cover: 1
  Dual implied bound: 28
  MIR: 17
  Mod-K: 1
  RLT: 14

Explored 64 nodes (2469 simplex iterations) in 0.06 seconds (0.05 work units)
Thread count was 8 (of 96 available processors)

Solution count 3: 0.591525 3.03213 3.16326 

Optimal solution found (tolerance 1.00e-06)
Best objective 5.915254810840e-01, best bound 5.915254810840e-01, gap 0.0000%

User-callback calls 323, time in user-callback 0.00 sec
