
Gurobi 13.0.0 (linux64) logging started Sun May  3 10:53:47 2026

Set parameter LogFile to value "logs/N=16_layers=1_presolve_on/N=16/seed=15/quantum_layers=1/precond_pen=1.000.log"
Set parameter MIPGap to value 1e-06
Set parameter Threads to value 8
Gurobi Optimizer version 13.0.0 build v13.0.0rc1 (linux64 - "Oracle Linux Server 9.7")

CPU model: AMD EPYC 7643 48-Core Processor, instruction set [SSE2|AVX|AVX2]
Thread count: 48 physical cores, 96 logical processors, using up to 8 threads

Non-default parameters:
MIPGap  1e-06
Threads  8

Optimize a model with 1 rows, 16 columns and 16 nonzeros (Min)
Model fingerprint: 0x3fad4266
Model has 16 linear objective coefficients and an objective constant of 6.7631952105250006e+00
Model has 120 quadratic objective terms
Variable types: 0 continuous, 16 integer (16 binary)
Coefficient statistics:
  Matrix range     [1e+00, 1e+00]
  Objective range  [2e+00, 2e+00]
  QObjective range [2e-01, 8e-01]
  Bounds range     [1e+00, 1e+00]
  RHS range        [8e+00, 8e+00]
Found heuristic solution: objective -0.3897418
Presolve time: 0.00s
Presolved: 121 rows, 136 columns, 376 nonzeros
Variable types: 0 continuous, 136 integer (136 binary)

Root relaxation: objective -6.763195e+00, 29 iterations, 0.00 seconds (0.00 work units)

    Nodes    |    Current Node    |     Objective Bounds      |     Work
 Expl Unexpl |  Obj  Depth IntInf | Incumbent    BestBd   Gap | It/Node Time

     0     0   -6.76320    0   16   -0.38974   -6.76320  1635%     -    0s
H    0     0                      -0.4290841   -6.76320  1476%     -    0s
H    0     0                      -0.5633869   -6.76320  1100%     -    0s
H    0     0                      -0.9147785   -6.76320   639%     -    0s
H    0     0                      -0.9877465   -6.76320   585%     -    0s
H    0     0                      -1.1781877   -5.05653   329%     -    0s
     0     0   -1.36248    0  104   -1.17819   -1.36248  15.6%     -    0s
     0     0   -1.24429    0  131   -1.17819   -1.24429  5.61%     -    0s
     0     0   -1.24389    0  131   -1.17819   -1.24389  5.58%     -    0s
     0     0   -1.24389    0  131   -1.17819   -1.24389  5.58%     -    0s
     0     2   -1.24389    0  131   -1.17819   -1.24389  5.58%     -    0s

Cutting planes:
  Gomory: 1
  Dual implied bound: 7
  MIR: 39
  Zero half: 12
  RLT: 27
  BQP: 127

Explored 7 nodes (1315 simplex iterations) in 0.13 seconds (0.10 work units)
Thread count was 8 (of 96 available processors)

Solution count 6: -1.17819 -0.987746 -0.914779 ... -0.389742
No other solutions better than -1.17819

Optimal solution found (tolerance 1.00e-06)
Best objective -1.178187724259e+00, best bound -1.178187724259e+00, gap 0.0000%

User-callback calls 221, time in user-callback 0.00 sec
