
Gurobi 13.0.0 (linux64) logging started Tue Mar 31 15:05:17 2026

Set parameter LogFile to value "logs/N=12_layers=2_presolve_off/N=12/seed=10/n_qaoa_layers=2/precond_pen=0.400.log"
Set parameter MIPGap to value 1e-06
Set parameter Threads to value 8
Set parameter Presolve to value 0
Gurobi Optimizer version 13.0.0 build v13.0.0rc1 (linux64 - "Oracle Linux Server 9.7")

CPU model: AMD EPYC 7643 48-Core Processor, instruction set [SSE2|AVX|AVX2]
Thread count: 48 physical cores, 96 logical processors, using up to 8 threads

Non-default parameters:
MIPGap  1e-06
Presolve  0
Threads  8

Optimize a model with 1 rows, 12 columns and 12 nonzeros (Min)
Model fingerprint: 0x38a2f8e7
Model has 12 linear objective coefficients and an objective constant of 4.1658697772730022e+00
Model has 66 quadratic objective terms
Variable types: 0 continuous, 12 integer (12 binary)
Coefficient statistics:
  Matrix range     [1e+00, 1e+00]
  Objective range  [6e-01, 2e+00]
  QObjective range [3e-02, 4e+00]
  Bounds range     [1e+00, 1e+00]
  RHS range        [6e+00, 6e+00]
Found heuristic solution: objective -3.8880656
Variable types: 0 continuous, 78 integer (78 binary)

Root relaxation: objective -1.309626e+01, 17 iterations, 0.00 seconds (0.00 work units)

    Nodes    |    Current Node    |     Objective Bounds      |     Work
 Expl Unexpl |  Obj  Depth IntInf | Incumbent    BestBd   Gap | It/Node Time

     0     0  -13.09626    0   12   -3.88807  -13.09626   237%     -    0s
H    0     0                      -8.2583819  -13.09626  58.6%     -    0s
H    0     0                      -8.8347938  -13.09626  48.2%     -    0s

Cutting planes:
  MIR: 23
  Zero half: 10
  RLT: 14
  BQP: 58

Explored 1 nodes (17 simplex iterations) in 0.00 seconds (0.00 work units)
Thread count was 8 (of 96 available processors)

Solution count 3: -8.83479 -8.25838 -3.88807 
No other solutions better than -8.83479

Optimal solution found (tolerance 1.00e-06)
Best objective -8.834793814597e+00, best bound -8.834793814597e+00, gap 0.0000%

User-callback calls 61, time in user-callback 0.00 sec
