
Gurobi 13.0.0 (linux64) logging started Sun May  3 10:58:41 2026

Set parameter LogFile to value "logs/N=16_layers=2_presolve_off/N=16/seed=5/quantum_layers=2/baseline.log"
Set parameter MIPGap to value 1e-06
Set parameter Threads to value 8
Set parameter Presolve to value 0
Gurobi Optimizer version 13.0.0 build v13.0.0rc1 (linux64 - "Oracle Linux Server 9.7")

CPU model: AMD EPYC 7643 48-Core Processor, instruction set [SSE2|AVX|AVX2]
Thread count: 48 physical cores, 96 logical processors, using up to 8 threads

Non-default parameters:
MIPGap  1e-06
Presolve  0
Threads  8

Optimize a model with 1 rows, 16 columns and 16 nonzeros (Min)
Model fingerprint: 0x9c39decd
Model has 16 linear objective coefficients and an objective constant of -4.0051295613352522e-12
Model has 120 quadratic objective terms
Variable types: 0 continuous, 16 integer (16 binary)
Coefficient statistics:
  Matrix range     [1e+00, 1e+00]
  Objective range  [1e+01, 2e+01]
  QObjective range [7e-03, 8e+00]
  Bounds range     [1e+00, 1e+00]
  RHS range        [8e+00, 8e+00]
Found heuristic solution: objective 68.2137368
Variable types: 0 continuous, 136 integer (136 binary)

Root relaxation: objective -4.001577e-12, 17 iterations, 0.00 seconds (0.00 work units)

    Nodes    |    Current Node    |     Objective Bounds      |     Work
 Expl Unexpl |  Obj  Depth IntInf | Incumbent    BestBd   Gap | It/Node Time

     0     0   -0.00000    0   16   68.21374   -0.00000   100%     -    0s
H    0     0                      67.5657856   -0.00000   100%     -    0s
H    0     0                      52.3727100   -0.00000   100%     -    0s
     0     0   24.81650    0   16   52.37271   24.81650  52.6%     -    0s
     0     0   24.86881    0   27   52.37271   24.86881  52.5%     -    0s
     0     0   24.89945    0   20   52.37271   24.89945  52.5%     -    0s
     0     0   31.29693    0   46   52.37271   31.29693  40.2%     -    0s
     0     0   31.29693    0   46   52.37271   31.29693  40.2%     -    0s
     0     2   31.29693    0   46   52.37271   31.29693  40.2%     -    0s

Cutting planes:
  Gomory: 1
  MIR: 22
  StrongCG: 1
  RLT: 11

Explored 440 nodes (10732 simplex iterations) in 0.08 seconds (0.08 work units)
Thread count was 8 (of 96 available processors)

Solution count 3: 52.3727 67.5658 68.2137 

Optimal solution found (tolerance 1.00e-06)
Best objective 5.237270996931e+01, best bound 5.237270996931e+01, gap 0.0000%

User-callback calls 993, time in user-callback 0.00 sec
