
Gurobi 13.0.0 (linux64) logging started Sun May  3 11:04:26 2026

Set parameter LogFile to value "logs/N=12_layers=1_presolve_off/N=12/seed=11/quantum_layers=1/precond_pen=0.100.log"
Set parameter MIPGap to value 1e-06
Set parameter Threads to value 8
Set parameter Presolve to value 0
Gurobi Optimizer version 13.0.0 build v13.0.0rc1 (linux64 - "Oracle Linux Server 9.7")

CPU model: AMD EPYC 7643 48-Core Processor, instruction set [SSE2|AVX|AVX2]
Thread count: 48 physical cores, 96 logical processors, using up to 8 threads

Non-default parameters:
MIPGap  1e-06
Presolve  0
Threads  8

Optimize a model with 1 rows, 12 columns and 12 nonzeros (Min)
Model fingerprint: 0x8d5e32b1
Model has 12 linear objective coefficients and an objective constant of -1.3406165573418004e+01
Model has 66 quadratic objective terms
Variable types: 0 continuous, 12 integer (12 binary)
Coefficient statistics:
  Matrix range     [1e+00, 1e+00]
  Objective range  [2e+00, 6e+00]
  QObjective range [2e-02, 4e+00]
  Bounds range     [1e+00, 1e+00]
  RHS range        [6e+00, 6e+00]
Found heuristic solution: objective 2.7250007
Variable types: 0 continuous, 78 integer (78 binary)

Root relaxation: objective -1.351013e+01, 6 iterations, 0.00 seconds (0.00 work units)

    Nodes    |    Current Node    |     Objective Bounds      |     Work
 Expl Unexpl |  Obj  Depth IntInf | Incumbent    BestBd   Gap | It/Node Time

     0     0  -13.51013    0   12    2.72500  -13.51013   596%     -    0s
H    0     0                      -0.1815431  -13.51013  7342%     -    0s
H    0     0                      -1.2034731  -13.51013  1023%     -    0s
H    0     0                      -1.5473281   -7.06769   357%     -    0s
     0     0   -5.95316    0   20   -1.54733   -5.95316   285%     -    0s
     0     0   -5.75611    0   24   -1.54733   -5.75611   272%     -    0s
     0     0   -3.19106    0   31   -1.54733   -3.19106   106%     -    0s
     0     0   -3.14771    0   31   -1.54733   -3.14771   103%     -    0s

Cutting planes:
  Gomory: 2
  Cover: 6
  MIR: 32
  StrongCG: 6
  Mod-K: 3
  RLT: 11
  BQP: 1

Explored 1 nodes (132 simplex iterations) in 0.02 seconds (0.01 work units)
Thread count was 8 (of 96 available processors)

Solution count 4: -1.54733 -1.20347 -0.181543 2.725 
No other solutions better than -1.54733

Optimal solution found (tolerance 1.00e-06)
Best objective -1.547328136102e+00, best bound -1.547328136102e+00, gap 0.0000%

User-callback calls 88, time in user-callback 0.00 sec
