
Gurobi 13.0.0 (linux64) logging started Sun May  3 11:04:26 2026

Set parameter LogFile to value "logs/N=12_layers=1_presolve_off/N=12/seed=11/quantum_layers=1/precond_pen=0.300.log"
Set parameter MIPGap to value 1e-06
Set parameter Threads to value 8
Set parameter Presolve to value 0
Gurobi Optimizer version 13.0.0 build v13.0.0rc1 (linux64 - "Oracle Linux Server 9.7")

CPU model: AMD EPYC 7643 48-Core Processor, instruction set [SSE2|AVX|AVX2]
Thread count: 48 physical cores, 96 logical processors, using up to 8 threads

Non-default parameters:
MIPGap  1e-06
Presolve  0
Threads  8

Optimize a model with 1 rows, 12 columns and 12 nonzeros (Min)
Model fingerprint: 0x484f1626
Model has 12 linear objective coefficients and an objective constant of 3.6090882951049994e+00
Model has 66 quadratic objective terms
Variable types: 0 continuous, 12 integer (12 binary)
Coefficient statistics:
  Matrix range     [1e+00, 1e+00]
  Objective range  [4e-01, 2e+00]
  QObjective range [1e-03, 2e+00]
  Bounds range     [1e+00, 1e+00]
  RHS range        [6e+00, 6e+00]
Found heuristic solution: objective 1.8641850
Variable types: 0 continuous, 78 integer (78 binary)

Root relaxation: objective -9.549801e+00, 11 iterations, 0.00 seconds (0.00 work units)

    Nodes    |    Current Node    |     Objective Bounds      |     Work
 Expl Unexpl |  Obj  Depth IntInf | Incumbent    BestBd   Gap | It/Node Time

     0     0   -9.54980    0   12    1.86418   -9.54980   612%     -    0s
H    0     0                      -1.6112592   -9.54980   493%     -    0s
H    0     0                      -1.8323958   -9.54980   421%     -    0s
H    0     0                      -3.1692217   -9.54980   201%     -    0s
H    0     0                      -3.6978344   -6.58354  78.0%     -    0s
H    0     0                      -4.0169728   -4.01697  0.00%     -    0s
     0     0          -    0        -4.01697   -4.01697  0.00%     -    0s

Cutting planes:
  Gomory: 1
  MIR: 25
  Zero half: 9
  RLT: 18
  BQP: 62

Explored 1 nodes (126 simplex iterations) in 0.01 seconds (0.00 work units)
Thread count was 8 (of 96 available processors)

Solution count 6: -4.01697 -3.69783 -3.16922 ... 1.86418
No other solutions better than -4.01697

Optimal solution found (tolerance 1.00e-06)
Best objective -4.016972768689e+00, best bound -4.016972768689e+00, gap 0.0000%

User-callback calls 72, time in user-callback 0.00 sec
