
Gurobi 13.0.0 (linux64) logging started Sun May  3 11:04:29 2026

Set parameter LogFile to value "logs/N=12_layers=1_presolve_off/N=12/seed=26/quantum_layers=1/precond_pen=0.200.log"
Set parameter MIPGap to value 1e-06
Set parameter Threads to value 8
Set parameter Presolve to value 0
Gurobi Optimizer version 13.0.0 build v13.0.0rc1 (linux64 - "Oracle Linux Server 9.7")

CPU model: AMD EPYC 7643 48-Core Processor, instruction set [SSE2|AVX|AVX2]
Thread count: 48 physical cores, 96 logical processors, using up to 8 threads

Non-default parameters:
MIPGap  1e-06
Presolve  0
Threads  8

Optimize a model with 1 rows, 12 columns and 12 nonzeros (Min)
Model fingerprint: 0xda8bf120
Model has 12 linear objective coefficients and an objective constant of -6.228500908173
Model has 66 quadratic objective terms
Variable types: 0 continuous, 12 integer (12 binary)
Coefficient statistics:
  Matrix range     [1e+00, 1e+00]
  Objective range  [8e-01, 3e+00]
  QObjective range [2e-02, 3e+00]
  Bounds range     [1e+00, 1e+00]
  RHS range        [6e+00, 6e+00]
Found heuristic solution: objective -1.4564571
Variable types: 0 continuous, 78 integer (78 binary)

Root relaxation: objective -1.047229e+01, 10 iterations, 0.00 seconds (0.00 work units)

    Nodes    |    Current Node    |     Objective Bounds      |     Work
 Expl Unexpl |  Obj  Depth IntInf | Incumbent    BestBd   Gap | It/Node Time

     0     0  -10.47229    0   12   -1.45646  -10.47229   619%     -    0s
H    0     0                      -3.0851914  -10.47229   239%     -    0s
H    0     0                      -3.9699456  -10.47229   164%     -    0s
     0     0   -5.31665    0   54   -3.96995   -5.31665  33.9%     -    0s

Cutting planes:
  Gomory: 4
  MIR: 16
  Zero half: 4
  RLT: 22
  BQP: 23

Explored 1 nodes (115 simplex iterations) in 0.01 seconds (0.01 work units)
Thread count was 8 (of 96 available processors)

Solution count 3: -3.96995 -3.08519 -1.45646 
No other solutions better than -3.96995

Optimal solution found (tolerance 1.00e-06)
Best objective -3.969945567947e+00, best bound -3.969945567947e+00, gap 0.0000%

User-callback calls 70, time in user-callback 0.00 sec
