
Gurobi 13.0.0 (linux64) logging started Tue Mar 31 15:06:58 2026

Set parameter LogFile to value "logs/N=12_layers=3_presolve_off/N=12/seed=32/n_qaoa_layers=3/precond_pen=0.600.log"
Set parameter MIPGap to value 1e-06
Set parameter Threads to value 8
Set parameter Presolve to value 0
Gurobi Optimizer version 13.0.0 build v13.0.0rc1 (linux64 - "Oracle Linux Server 9.7")

CPU model: AMD EPYC 7643 48-Core Processor, instruction set [SSE2|AVX|AVX2]
Thread count: 48 physical cores, 96 logical processors, using up to 8 threads

Non-default parameters:
MIPGap  1e-06
Presolve  0
Threads  8

Optimize a model with 1 rows, 12 columns and 12 nonzeros (Min)
Model fingerprint: 0x79060e9c
Model has 12 linear objective coefficients and an objective constant of 4.53588657416
Model has 66 quadratic objective terms
Variable types: 0 continuous, 12 integer (12 binary)
Coefficient statistics:
  Matrix range     [1e+00, 1e+00]
  Objective range  [8e-01, 2e+00]
  QObjective range [2e-02, 5e+00]
  Bounds range     [1e+00, 1e+00]
  RHS range        [6e+00, 6e+00]
Found heuristic solution: objective 0.3869867
Variable types: 0 continuous, 78 integer (78 binary)

Root relaxation: objective -1.365180e+01, 9 iterations, 0.00 seconds (0.00 work units)

    Nodes    |    Current Node    |     Objective Bounds      |     Work
 Expl Unexpl |  Obj  Depth IntInf | Incumbent    BestBd   Gap | It/Node Time

     0     0  -13.65180    0   12    0.38699  -13.65180  3628%     -    0s
H    0     0                      -2.5776738  -13.65180   430%     -    0s
H    0     0                      -2.6064423  -13.65180   424%     -    0s
H    0     0                      -6.2482979  -13.65180   118%     -    0s
H    0     0                      -7.6623811  -10.21949  33.4%     -    0s
     0     0   -7.66238    0   45   -7.66238   -7.66238  0.00%     -    0s

Cutting planes:
  Gomory: 1
  MIR: 26
  Zero half: 15
  RLT: 18
  BQP: 53

Explored 1 nodes (96 simplex iterations) in 0.01 seconds (0.00 work units)
Thread count was 8 (of 96 available processors)

Solution count 5: -7.66238 -6.2483 -2.60644 ... 0.386987
No other solutions better than -7.66238

Optimal solution found (tolerance 1.00e-06)
Best objective -7.662381101448e+00, best bound -7.662381101448e+00, gap 0.0000%

User-callback calls 70, time in user-callback 0.00 sec

Gurobi 13.0.0 (linux64) logging started Tue Mar 31 15:10:56 2026

Set parameter LogFile to value "logs/N=12_layers=3_presolve_off/N=12/seed=32/n_qaoa_layers=3/precond_pen=0.600.log"
Set parameter MIPGap to value 1e-06
Set parameter Threads to value 8
Set parameter Presolve to value 0
Gurobi Optimizer version 13.0.0 build v13.0.0rc1 (linux64 - "Oracle Linux Server 9.7")

CPU model: AMD EPYC 7643 48-Core Processor, instruction set [SSE2|AVX|AVX2]
Thread count: 48 physical cores, 96 logical processors, using up to 8 threads

Non-default parameters:
MIPGap  1e-06
Presolve  0
Threads  8

Optimize a model with 1 rows, 12 columns and 12 nonzeros (Min)
Model fingerprint: 0x79060e9c
Model has 12 linear objective coefficients and an objective constant of 4.53588657416
Model has 66 quadratic objective terms
Variable types: 0 continuous, 12 integer (12 binary)
Coefficient statistics:
  Matrix range     [1e+00, 1e+00]
  Objective range  [8e-01, 2e+00]
  QObjective range [2e-02, 5e+00]
  Bounds range     [1e+00, 1e+00]
  RHS range        [6e+00, 6e+00]
Found heuristic solution: objective 0.3869867
Variable types: 0 continuous, 78 integer (78 binary)

Root relaxation: objective -1.365180e+01, 9 iterations, 0.00 seconds (0.00 work units)

    Nodes    |    Current Node    |     Objective Bounds      |     Work
 Expl Unexpl |  Obj  Depth IntInf | Incumbent    BestBd   Gap | It/Node Time

     0     0  -13.65180    0   12    0.38699  -13.65180  3628%     -    0s
H    0     0                      -2.5776738  -13.65180   430%     -    0s
H    0     0                      -2.6064423  -13.65180   424%     -    0s
H    0     0                      -6.2482979  -13.65180   118%     -    0s
H    0     0                      -7.6623811  -10.21949  33.4%     -    0s
     0     0   -7.66238    0   45   -7.66238   -7.66238  0.00%     -    0s

Cutting planes:
  Gomory: 1
  MIR: 26
  Zero half: 15
  RLT: 18
  BQP: 53

Explored 1 nodes (96 simplex iterations) in 0.01 seconds (0.00 work units)
Thread count was 8 (of 96 available processors)

Solution count 5: -7.66238 -6.2483 -2.60644 ... 0.386987
No other solutions better than -7.66238

Optimal solution found (tolerance 1.00e-06)
Best objective -7.662381101448e+00, best bound -7.662381101448e+00, gap 0.0000%

User-callback calls 70, time in user-callback 0.00 sec
