
Gurobi 13.0.0 (linux64) logging started Sun Mar 22 16:50:39 2026

Set parameter LogFile to value "logs/N=12_presolve_on/N=12/seed=29/n_qaoa_layers=1/precond_pen=0.100.log"
Set parameter MIPGap to value 1e-06
Set parameter Threads to value 8
Gurobi Optimizer version 13.0.0 build v13.0.0rc1 (linux64 - "Oracle Linux Server 9.7")

CPU model: AMD EPYC 7643 48-Core Processor, instruction set [SSE2|AVX|AVX2]
Thread count: 48 physical cores, 96 logical processors, using up to 8 threads

Non-default parameters:
MIPGap  1e-06
Threads  8

Optimize a model with 1 rows, 12 columns and 12 nonzeros (Min)
Model fingerprint: 0xba650fb0
Model has 12 linear objective coefficients and an objective constant of -1.5300126686165003e+01
Model has 66 quadratic objective terms
Variable types: 0 continuous, 12 integer (12 binary)
Coefficient statistics:
  Matrix range     [1e+00, 1e+00]
  Objective range  [2e+00, 6e+00]
  QObjective range [4e-02, 4e+00]
  Bounds range     [1e+00, 1e+00]
  RHS range        [6e+00, 6e+00]
Found heuristic solution: objective 2.4459538
Presolve time: 0.00s
Presolved: 67 rows, 78 columns, 210 nonzeros
Variable types: 0 continuous, 78 integer (78 binary)

Root relaxation: objective -1.536465e+01, 7 iterations, 0.00 seconds (0.00 work units)

    Nodes    |    Current Node    |     Objective Bounds      |     Work
 Expl Unexpl |  Obj  Depth IntInf | Incumbent    BestBd   Gap | It/Node Time

     0     0  -15.36465    0   12    2.44595  -15.36465   728%     -    0s
H    0     0                       1.9130996  -15.36465   903%     -    0s
H    0     0                       1.8757675  -15.36465   919%     -    0s
H    0     0                      -3.0359355  -15.36465   406%     -    0s
     0     0   -6.17204    0   19   -3.03594   -6.17204   103%     -    0s
     0     0   -6.07816    0   23   -3.03594   -6.07816   100%     -    0s
     0     0   -3.11323    0   44   -3.03594   -3.11323  2.55%     -    0s

Cutting planes:
  Gomory: 1
  Dual implied bound: 13
  MIR: 10
  RLT: 10
  BQP: 1

Explored 1 nodes (115 simplex iterations) in 0.02 seconds (0.01 work units)
Thread count was 8 (of 96 available processors)

Solution count 4: -3.03594 1.87577 1.9131 2.44595 
No other solutions better than -3.03594

Optimal solution found (tolerance 1.00e-06)
Best objective -3.035935549331e+00, best bound -3.035935549331e+00, gap 0.0000%

User-callback calls 174, time in user-callback 0.00 sec
