
Gurobi 13.0.0 (linux64) logging started Sun Mar 22 16:50:39 2026

Set parameter LogFile to value "logs/N=12_presolve_on/N=12/seed=29/n_qaoa_layers=1/precond_pen=0.200.log"
Set parameter MIPGap to value 1e-06
Set parameter Threads to value 8
Gurobi Optimizer version 13.0.0 build v13.0.0rc1 (linux64 - "Oracle Linux Server 9.7")

CPU model: AMD EPYC 7643 48-Core Processor, instruction set [SSE2|AVX|AVX2]
Thread count: 48 physical cores, 96 logical processors, using up to 8 threads

Non-default parameters:
MIPGap  1e-06
Threads  8

Optimize a model with 1 rows, 12 columns and 12 nonzeros (Min)
Model fingerprint: 0xb2f71f00
Model has 12 linear objective coefficients and an objective constant of -3.6233421851740006e+00
Model has 66 quadratic objective terms
Variable types: 0 continuous, 12 integer (12 binary)
Coefficient statistics:
  Matrix range     [1e+00, 1e+00]
  Objective range  [2e-01, 3e+00]
  QObjective range [6e-03, 4e+00]
  Bounds range     [1e+00, 1e+00]
  RHS range        [6e+00, 6e+00]
Found heuristic solution: objective 1.5897919
Presolve time: 0.00s
Presolved: 67 rows, 78 columns, 210 nonzeros
Variable types: 0 continuous, 78 integer (78 binary)

Root relaxation: objective -9.556851e+00, 11 iterations, 0.00 seconds (0.00 work units)

    Nodes    |    Current Node    |     Objective Bounds      |     Work
 Expl Unexpl |  Obj  Depth IntInf | Incumbent    BestBd   Gap | It/Node Time

     0     0   -9.55685    0   12    1.58979   -9.55685   701%     -    0s
H    0     0                      -0.8950290   -9.55685   968%     -    0s
H    0     0                      -1.1903679   -9.55685   703%     -    0s
H    0     0                      -5.3083613   -9.55685  80.0%     -    0s
     0     0   -5.30836    0   34   -5.30836   -5.30836  0.00%     -    0s

Cutting planes:
  Gomory: 1
  MIR: 17
  Zero half: 20
  RLT: 21
  BQP: 63

Explored 1 nodes (70 simplex iterations) in 0.01 seconds (0.00 work units)
Thread count was 8 (of 96 available processors)

Solution count 4: -5.30836 -1.19037 -0.895029 1.58979 
No other solutions better than -5.30836

Optimal solution found (tolerance 1.00e-06)
Best objective -5.308361347592e+00, best bound -5.308361347592e+00, gap 0.0000%

User-callback calls 164, time in user-callback 0.00 sec
