
Gurobi 13.0.0 (linux64) logging started Sun May  3 11:09:00 2026

Set parameter LogFile to value "logs/N=12_layers=3_presolve_off/N=12/seed=46/quantum_layers=3/precond_pen=0.400.log"
Set parameter MIPGap to value 1e-06
Set parameter Threads to value 8
Set parameter Presolve to value 0
Gurobi Optimizer version 13.0.0 build v13.0.0rc1 (linux64 - "Oracle Linux Server 9.7")

CPU model: AMD EPYC 7643 48-Core Processor, instruction set [SSE2|AVX|AVX2]
Thread count: 48 physical cores, 96 logical processors, using up to 8 threads

Non-default parameters:
MIPGap  1e-06
Presolve  0
Threads  8

Optimize a model with 1 rows, 12 columns and 12 nonzeros (Min)
Model fingerprint: 0xffe0a78c
Model has 12 linear objective coefficients and an objective constant of 4.5614249934019995e+00
Model has 66 quadratic objective terms
Variable types: 0 continuous, 12 integer (12 binary)
Coefficient statistics:
  Matrix range     [1e+00, 1e+00]
  Objective range  [7e-01, 3e+00]
  QObjective range [2e-02, 6e+00]
  Bounds range     [1e+00, 1e+00]
  RHS range        [6e+00, 6e+00]
Found heuristic solution: objective -2.3277761
Variable types: 0 continuous, 78 integer (78 binary)

Root relaxation: objective -1.718981e+01, 13 iterations, 0.00 seconds (0.00 work units)

    Nodes    |    Current Node    |     Objective Bounds      |     Work
 Expl Unexpl |  Obj  Depth IntInf | Incumbent    BestBd   Gap | It/Node Time

     0     0  -17.18981    0   12   -2.32778  -17.18981   638%     -    0s
H    0     0                      -5.7745977  -17.18981   198%     -    0s
H    0     0                      -8.3253850  -17.18981   106%     -    0s
H    0     0                     -12.3132687  -17.18981  39.6%     -    0s

Cutting planes:
  Gomory: 1
  MIR: 23
  Zero half: 9
  RLT: 10
  BQP: 51

Explored 1 nodes (13 simplex iterations) in 0.01 seconds (0.00 work units)
Thread count was 8 (of 96 available processors)

Solution count 4: -12.3133 -8.32539 -5.7746 -2.32778 
No other solutions better than -12.3133

Optimal solution found (tolerance 1.00e-06)
Best objective -1.231326874173e+01, best bound -1.231326874173e+01, gap 0.0000%

User-callback calls 64, time in user-callback 0.00 sec
