
Gurobi 13.0.0 (linux64) logging started Sun May  3 11:04:16 2026

Set parameter LogFile to value "logs/N=12_layers=1_presolve_on/N=12/seed=4/quantum_layers=1/precond_pen=0.500.log"
Set parameter MIPGap to value 1e-06
Set parameter Threads to value 8
Gurobi Optimizer version 13.0.0 build v13.0.0rc1 (linux64 - "Oracle Linux Server 9.7")

CPU model: AMD EPYC 7643 48-Core Processor, instruction set [SSE2|AVX|AVX2]
Thread count: 48 physical cores, 96 logical processors, using up to 8 threads

Non-default parameters:
MIPGap  1e-06
Threads  8

Optimize a model with 1 rows, 12 columns and 12 nonzeros (Min)
Model fingerprint: 0x8c9806dd
Model has 12 linear objective coefficients and an objective constant of 4.533084230462
Model has 66 quadratic objective terms
Variable types: 0 continuous, 12 integer (12 binary)
Coefficient statistics:
  Matrix range     [1e+00, 1e+00]
  Objective range  [1e+00, 2e+00]
  QObjective range [1e-02, 2e+00]
  Bounds range     [1e+00, 1e+00]
  RHS range        [6e+00, 6e+00]
Found heuristic solution: objective -0.6987956
Presolve time: 0.00s
Presolved: 67 rows, 78 columns, 210 nonzeros
Variable types: 0 continuous, 78 integer (78 binary)

Root relaxation: objective -6.349587e+00, 17 iterations, 0.00 seconds (0.00 work units)

    Nodes    |    Current Node    |     Objective Bounds      |     Work
 Expl Unexpl |  Obj  Depth IntInf | Incumbent    BestBd   Gap | It/Node Time

     0     0   -6.34959    0   12   -0.69880   -6.34959   809%     -    0s
H    0     0                      -1.6749580   -6.34959   279%     -    0s
H    0     0                      -1.8583930   -6.34959   242%     -    0s
H    0     0                      -2.1726259   -6.34959   192%     -    0s
H    0     0                      -3.1114539   -6.34959   104%     -    0s
     0     0   -3.26994    0   32   -3.11145   -3.26994  5.09%     -    0s

Cutting planes:
  Gomory: 5
  MIR: 89
  StrongCG: 8
  Zero half: 13
  RLT: 16
  BQP: 50

Explored 1 nodes (82 simplex iterations) in 0.02 seconds (0.01 work units)
Thread count was 8 (of 96 available processors)

Solution count 5: -3.11145 -2.17263 -1.85839 ... -0.698796
No other solutions better than -3.11145

Optimal solution found (tolerance 1.00e-06)
Best objective -3.111453861148e+00, best bound -3.111453861148e+00, gap 0.0000%

User-callback calls 171, time in user-callback 0.00 sec
