
Gurobi 13.0.0 (linux64) logging started Tue Mar 31 15:06:56 2026

Set parameter LogFile to value "logs/N=12_layers=3_presolve_off/N=12/seed=14/n_qaoa_layers=3/precond_pen=0.400.log"
Set parameter MIPGap to value 1e-06
Set parameter Threads to value 8
Set parameter Presolve to value 0
Gurobi Optimizer version 13.0.0 build v13.0.0rc1 (linux64 - "Oracle Linux Server 9.7")

CPU model: AMD EPYC 7643 48-Core Processor, instruction set [SSE2|AVX|AVX2]
Thread count: 48 physical cores, 96 logical processors, using up to 8 threads

Non-default parameters:
MIPGap  1e-06
Presolve  0
Threads  8

Optimize a model with 1 rows, 12 columns and 12 nonzeros (Min)
Model fingerprint: 0x51c2b02d
Model has 12 linear objective coefficients and an objective constant of 3.7980238341329997e+00
Model has 66 quadratic objective terms
Variable types: 0 continuous, 12 integer (12 binary)
Coefficient statistics:
  Matrix range     [1e+00, 1e+00]
  Objective range  [7e-02, 4e+00]
  QObjective range [1e-01, 6e+00]
  Bounds range     [1e+00, 1e+00]
  RHS range        [6e+00, 6e+00]
Found heuristic solution: objective -1.3475437
Variable types: 0 continuous, 78 integer (78 binary)

Root relaxation: objective -1.927201e+01, 10 iterations, 0.00 seconds (0.00 work units)

    Nodes    |    Current Node    |     Objective Bounds      |     Work
 Expl Unexpl |  Obj  Depth IntInf | Incumbent    BestBd   Gap | It/Node Time

     0     0  -19.27201    0   12   -1.34754  -19.27201  1330%     -    0s
H    0     0                     -17.4689045  -19.27201  10.3%     -    0s

Cutting planes:
  MIR: 8
  Zero half: 15
  RLT: 8
  BQP: 32

Explored 1 nodes (10 simplex iterations) in 0.00 seconds (0.00 work units)
Thread count was 8 (of 96 available processors)

Solution count 2: -17.4689 -1.34754 
No other solutions better than -17.4689

Optimal solution found (tolerance 1.00e-06)
Best objective -1.746890448512e+01, best bound -1.746890448512e+01, gap 0.0000%

User-callback calls 59, time in user-callback 0.00 sec

Gurobi 13.0.0 (linux64) logging started Tue Mar 31 15:10:55 2026

Set parameter LogFile to value "logs/N=12_layers=3_presolve_off/N=12/seed=14/n_qaoa_layers=3/precond_pen=0.400.log"
Set parameter MIPGap to value 1e-06
Set parameter Threads to value 8
Set parameter Presolve to value 0
Gurobi Optimizer version 13.0.0 build v13.0.0rc1 (linux64 - "Oracle Linux Server 9.7")

CPU model: AMD EPYC 7643 48-Core Processor, instruction set [SSE2|AVX|AVX2]
Thread count: 48 physical cores, 96 logical processors, using up to 8 threads

Non-default parameters:
MIPGap  1e-06
Presolve  0
Threads  8

Optimize a model with 1 rows, 12 columns and 12 nonzeros (Min)
Model fingerprint: 0x51c2b02d
Model has 12 linear objective coefficients and an objective constant of 3.7980238341329997e+00
Model has 66 quadratic objective terms
Variable types: 0 continuous, 12 integer (12 binary)
Coefficient statistics:
  Matrix range     [1e+00, 1e+00]
  Objective range  [7e-02, 4e+00]
  QObjective range [1e-01, 6e+00]
  Bounds range     [1e+00, 1e+00]
  RHS range        [6e+00, 6e+00]
Found heuristic solution: objective -1.3475437
Variable types: 0 continuous, 78 integer (78 binary)

Root relaxation: objective -1.927201e+01, 10 iterations, 0.00 seconds (0.00 work units)

    Nodes    |    Current Node    |     Objective Bounds      |     Work
 Expl Unexpl |  Obj  Depth IntInf | Incumbent    BestBd   Gap | It/Node Time

     0     0  -19.27201    0   12   -1.34754  -19.27201  1330%     -    0s
H    0     0                     -17.4689045  -19.27201  10.3%     -    0s

Cutting planes:
  MIR: 8
  Zero half: 15
  RLT: 8
  BQP: 32

Explored 1 nodes (10 simplex iterations) in 0.00 seconds (0.00 work units)
Thread count was 8 (of 96 available processors)

Solution count 2: -17.4689 -1.34754 
No other solutions better than -17.4689

Optimal solution found (tolerance 1.00e-06)
Best objective -1.746890448512e+01, best bound -1.746890448512e+01, gap 0.0000%

User-callback calls 59, time in user-callback 0.00 sec
