
Gurobi 13.0.0 (linux64) logging started Tue Mar 31 15:06:56 2026

Set parameter LogFile to value "logs/N=12_layers=3_presolve_off/N=12/seed=14/n_qaoa_layers=3/precond_pen=0.500.log"
Set parameter MIPGap to value 1e-06
Set parameter Threads to value 8
Set parameter Presolve to value 0
Gurobi Optimizer version 13.0.0 build v13.0.0rc1 (linux64 - "Oracle Linux Server 9.7")

CPU model: AMD EPYC 7643 48-Core Processor, instruction set [SSE2|AVX|AVX2]
Thread count: 48 physical cores, 96 logical processors, using up to 8 threads

Non-default parameters:
MIPGap  1e-06
Presolve  0
Threads  8

Optimize a model with 1 rows, 12 columns and 12 nonzeros (Min)
Model fingerprint: 0xc4b13795
Model has 12 linear objective coefficients and an objective constant of 4.456344493046
Model has 66 quadratic objective terms
Variable types: 0 continuous, 12 integer (12 binary)
Coefficient statistics:
  Matrix range     [1e+00, 1e+00]
  Objective range  [8e-01, 3e+00]
  QObjective range [1e-01, 5e+00]
  Bounds range     [1e+00, 1e+00]
  RHS range        [6e+00, 6e+00]
Found heuristic solution: objective -1.3347470
Variable types: 0 continuous, 78 integer (78 binary)

Root relaxation: objective -1.519850e+01, 13 iterations, 0.00 seconds (0.00 work units)

    Nodes    |    Current Node    |     Objective Bounds      |     Work
 Expl Unexpl |  Obj  Depth IntInf | Incumbent    BestBd   Gap | It/Node Time

     0     0  -15.19850    0   12   -1.33475  -15.19850  1039%     -    0s
H    0     0                      -4.7890625  -15.19850   217%     -    0s
H    0     0                     -10.5545930  -15.19850  44.0%     -    0s
H    0     0                     -12.5929812  -15.19850  20.7%     -    0s

Cutting planes:
  Gomory: 1
  MIR: 14
  Zero half: 14
  RLT: 8
  BQP: 38

Explored 1 nodes (13 simplex iterations) in 0.01 seconds (0.00 work units)
Thread count was 8 (of 96 available processors)

Solution count 4: -12.593 -10.5546 -4.78906 -1.33475 
No other solutions better than -12.593

Optimal solution found (tolerance 1.00e-06)
Best objective -1.259298118915e+01, best bound -1.259298118915e+01, gap 0.0000%

User-callback calls 64, time in user-callback 0.00 sec

Gurobi 13.0.0 (linux64) logging started Tue Mar 31 15:10:55 2026

Set parameter LogFile to value "logs/N=12_layers=3_presolve_off/N=12/seed=14/n_qaoa_layers=3/precond_pen=0.500.log"
Set parameter MIPGap to value 1e-06
Set parameter Threads to value 8
Set parameter Presolve to value 0
Gurobi Optimizer version 13.0.0 build v13.0.0rc1 (linux64 - "Oracle Linux Server 9.7")

CPU model: AMD EPYC 7643 48-Core Processor, instruction set [SSE2|AVX|AVX2]
Thread count: 48 physical cores, 96 logical processors, using up to 8 threads

Non-default parameters:
MIPGap  1e-06
Presolve  0
Threads  8

Optimize a model with 1 rows, 12 columns and 12 nonzeros (Min)
Model fingerprint: 0xc4b13795
Model has 12 linear objective coefficients and an objective constant of 4.456344493046
Model has 66 quadratic objective terms
Variable types: 0 continuous, 12 integer (12 binary)
Coefficient statistics:
  Matrix range     [1e+00, 1e+00]
  Objective range  [8e-01, 3e+00]
  QObjective range [1e-01, 5e+00]
  Bounds range     [1e+00, 1e+00]
  RHS range        [6e+00, 6e+00]
Found heuristic solution: objective -1.3347470
Variable types: 0 continuous, 78 integer (78 binary)

Root relaxation: objective -1.519850e+01, 13 iterations, 0.00 seconds (0.00 work units)

    Nodes    |    Current Node    |     Objective Bounds      |     Work
 Expl Unexpl |  Obj  Depth IntInf | Incumbent    BestBd   Gap | It/Node Time

     0     0  -15.19850    0   12   -1.33475  -15.19850  1039%     -    0s
H    0     0                      -4.7890625  -15.19850   217%     -    0s
H    0     0                     -10.5545930  -15.19850  44.0%     -    0s
H    0     0                     -12.5929812  -15.19850  20.7%     -    0s

Cutting planes:
  Gomory: 1
  MIR: 14
  Zero half: 14
  RLT: 8
  BQP: 38

Explored 1 nodes (13 simplex iterations) in 0.01 seconds (0.00 work units)
Thread count was 8 (of 96 available processors)

Solution count 4: -12.593 -10.5546 -4.78906 -1.33475 
No other solutions better than -12.593

Optimal solution found (tolerance 1.00e-06)
Best objective -1.259298118915e+01, best bound -1.259298118915e+01, gap 0.0000%

User-callback calls 64, time in user-callback 0.00 sec
