
Gurobi 13.0.0 (linux64) logging started Tue Mar 31 15:05:17 2026

Set parameter LogFile to value "logs/N=12_layers=2_presolve_off/N=12/seed=3/n_qaoa_layers=2/precond_pen=0.900.log"
Set parameter MIPGap to value 1e-06
Set parameter Threads to value 8
Set parameter Presolve to value 0
Gurobi Optimizer version 13.0.0 build v13.0.0rc1 (linux64 - "Oracle Linux Server 9.7")

CPU model: AMD EPYC 7643 48-Core Processor, instruction set [SSE2|AVX|AVX2]
Thread count: 48 physical cores, 96 logical processors, using up to 8 threads

Non-default parameters:
MIPGap  1e-06
Presolve  0
Threads  8

Optimize a model with 1 rows, 12 columns and 12 nonzeros (Min)
Model fingerprint: 0x56390df6
Model has 12 linear objective coefficients and an objective constant of 5.369439509224
Model has 66 quadratic objective terms
Variable types: 0 continuous, 12 integer (12 binary)
Coefficient statistics:
  Matrix range     [1e+00, 1e+00]
  Objective range  [2e+00, 2e+00]
  QObjective range [8e-03, 1e+00]
  Bounds range     [1e+00, 1e+00]
  RHS range        [6e+00, 6e+00]
Found heuristic solution: objective -0.0375564
Variable types: 0 continuous, 78 integer (78 binary)

Root relaxation: objective -5.448926e+00, 21 iterations, 0.00 seconds (0.00 work units)

    Nodes    |    Current Node    |     Objective Bounds      |     Work
 Expl Unexpl |  Obj  Depth IntInf | Incumbent    BestBd   Gap | It/Node Time

     0     0   -5.44893    0   12   -0.03756   -5.44893      -     -    0s
H    0     0                      -0.6188930   -5.44893   780%     -    0s
H    0     0                      -0.7171913   -5.44893   660%     -    0s
H    0     0                      -1.0197932   -5.44893   434%     -    0s
H    0     0                      -2.1675678   -5.44893   151%     -    0s
     0     0     cutoff    0        -2.16757   -2.16757  0.00%     -    0s

Cutting planes:
  Gomory: 2
  MIR: 43
  Zero half: 19
  RLT: 25
  BQP: 126

Explored 1 nodes (126 simplex iterations) in 0.01 seconds (0.00 work units)
Thread count was 8 (of 96 available processors)

Solution count 5: -2.16757 -1.01979 -0.717191 ... -0.0375564
No other solutions better than -2.16757

Optimal solution found (tolerance 1.00e-06)
Best objective -2.167567806704e+00, best bound -2.167567806704e+00, gap 0.0000%

User-callback calls 71, time in user-callback 0.00 sec
