
Gurobi 13.0.0 (linux64) logging started Sun May  3 10:54:15 2026

Set parameter LogFile to value "logs/N=16_layers=1_presolve_off/N=16/seed=13/quantum_layers=1/precond_pen=0.000.log"
Set parameter MIPGap to value 1e-06
Set parameter Threads to value 8
Set parameter Presolve to value 0
Gurobi Optimizer version 13.0.0 build v13.0.0rc1 (linux64 - "Oracle Linux Server 9.7")

CPU model: AMD EPYC 7643 48-Core Processor, instruction set [SSE2|AVX|AVX2]
Thread count: 48 physical cores, 96 logical processors, using up to 8 threads

Non-default parameters:
MIPGap  1e-06
Presolve  0
Threads  8

Optimize a model with 1 rows, 16 columns and 16 nonzeros (Min)
Model fingerprint: 0xdd1e4841
Model has 16 linear objective coefficients and an objective constant of -4.6390371527179994e+01
Model has 120 quadratic objective terms
Variable types: 0 continuous, 16 integer (16 binary)
Coefficient statistics:
  Matrix range     [1e+00, 1e+00]
  Objective range  [1e+01, 1e+01]
  QObjective range [2e+00, 4e+00]
  Bounds range     [1e+00, 1e+00]
  RHS range        [8e+00, 8e+00]
Found heuristic solution: objective 3.6230256
Variable types: 0 continuous, 136 integer (136 binary)

Root relaxation: objective -4.639037e+01, 7 iterations, 0.00 seconds (0.00 work units)

    Nodes    |    Current Node    |     Objective Bounds      |     Work
 Expl Unexpl |  Obj  Depth IntInf | Incumbent    BestBd   Gap | It/Node Time

     0     0  -46.39037    0   16    3.62303  -46.39037  1380%     -    0s
H    0     0                       3.5378607  -46.39037  1411%     -    0s
H    0     0                      -0.7015131  -46.39037  6513%     -    0s
     0     0   -5.20225    0   24   -0.70151   -5.20225   642%     -    0s
     0     0   -5.01004    0   32   -0.70151   -5.01004   614%     -    0s
     0     0   -3.91524    0   49   -0.70151   -3.91524   458%     -    0s
     0     0   -3.91524    0   49   -0.70151   -3.91524   458%     -    0s
     0     2   -3.84352    0   49   -0.70151   -3.84352   448%     -    0s

Cutting planes:
  Gomory: 3
  Cover: 1
  MIR: 15
  RLT: 14

Explored 32 nodes (1650 simplex iterations) in 0.05 seconds (0.04 work units)
Thread count was 8 (of 96 available processors)

Solution count 3: -0.701513 3.53786 3.62303 

Optimal solution found (tolerance 1.00e-06)
Best objective -7.015130917840e-01, best bound -7.015130917840e-01, gap 0.0000%

User-callback calls 161, time in user-callback 0.00 sec
