
Gurobi 13.0.0 (linux64) logging started Sun May  3 10:54:15 2026

Set parameter LogFile to value "logs/N=16_layers=1_presolve_off/N=16/seed=13/quantum_layers=1/precond_pen=0.600.log"
Set parameter MIPGap to value 1e-06
Set parameter Threads to value 8
Set parameter Presolve to value 0
Gurobi Optimizer version 13.0.0 build v13.0.0rc1 (linux64 - "Oracle Linux Server 9.7")

CPU model: AMD EPYC 7643 48-Core Processor, instruction set [SSE2|AVX|AVX2]
Thread count: 48 physical cores, 96 logical processors, using up to 8 threads

Non-default parameters:
MIPGap  1e-06
Presolve  0
Threads  8

Optimize a model with 1 rows, 16 columns and 16 nonzeros (Min)
Model fingerprint: 0x30bf985d
Model has 16 linear objective coefficients and an objective constant of 6.6159742407960032e+00
Model has 120 quadratic objective terms
Variable types: 0 continuous, 16 integer (16 binary)
Coefficient statistics:
  Matrix range     [1e+00, 1e+00]
  Objective range  [1e+00, 2e+00]
  QObjective range [4e-03, 1e+00]
  Bounds range     [1e+00, 1e+00]
  RHS range        [8e+00, 8e+00]
Found heuristic solution: objective -0.1321016
Variable types: 0 continuous, 136 integer (136 binary)

Root relaxation: objective -7.024750e+00, 35 iterations, 0.00 seconds (0.00 work units)

    Nodes    |    Current Node    |     Objective Bounds      |     Work
 Expl Unexpl |  Obj  Depth IntInf | Incumbent    BestBd   Gap | It/Node Time

     0     0   -7.02475    0   16   -0.13210   -7.02475  5218%     -    0s
H    0     0                      -0.3452093   -7.02475  1935%     -    0s
H    0     0                      -1.3350045   -7.02475   426%     -    0s
H    0     0                      -2.9077493   -7.02475   142%     -    0s
     0     0     cutoff    0        -2.90775   -2.90775  0.00%     -    0s

Cutting planes:
  Gomory: 1
  MIR: 72
  Zero half: 41
  RLT: 38
  BQP: 247

Explored 1 nodes (235 simplex iterations) in 0.01 seconds (0.01 work units)
Thread count was 8 (of 96 available processors)

Solution count 4: -2.90775 -1.335 -0.345209 -0.132102 
No other solutions better than -2.90775

Optimal solution found (tolerance 1.00e-06)
Best objective -2.907749323840e+00, best bound -2.907749323840e+00, gap 0.0000%

User-callback calls 70, time in user-callback 0.00 sec
