
Gurobi 13.0.0 (linux64) logging started Sun May  3 10:54:15 2026

Set parameter LogFile to value "logs/N=16_layers=1_presolve_off/N=16/seed=13/quantum_layers=1/precond_pen=0.200.log"
Set parameter MIPGap to value 1e-06
Set parameter Threads to value 8
Set parameter Presolve to value 0
Gurobi Optimizer version 13.0.0 build v13.0.0rc1 (linux64 - "Oracle Linux Server 9.7")

CPU model: AMD EPYC 7643 48-Core Processor, instruction set [SSE2|AVX|AVX2]
Thread count: 48 physical cores, 96 logical processors, using up to 8 threads

Non-default parameters:
MIPGap  1e-06
Presolve  0
Threads  8

Optimize a model with 1 rows, 16 columns and 16 nonzeros (Min)
Model fingerprint: 0xd9b94429
Model has 16 linear objective coefficients and an objective constant of -14.379237036222
Model has 120 quadratic objective terms
Variable types: 0 continuous, 16 integer (16 binary)
Coefficient statistics:
  Matrix range     [1e+00, 1e+00]
  Objective range  [8e-01, 5e+00]
  QObjective range [3e-02, 3e+00]
  Bounds range     [1e+00, 1e+00]
  RHS range        [8e+00, 8e+00]
Found heuristic solution: objective 2.0361098
Variable types: 0 continuous, 136 integer (136 binary)

Root relaxation: objective -1.913893e+01, 9 iterations, 0.00 seconds (0.00 work units)

    Nodes    |    Current Node    |     Objective Bounds      |     Work
 Expl Unexpl |  Obj  Depth IntInf | Incumbent    BestBd   Gap | It/Node Time

     0     0  -19.13893    0   16    2.03611  -19.13893  1040%     -    0s
H    0     0                       1.8764468  -19.13893  1120%     -    0s
H    0     0                       1.5458655  -19.13893  1338%     -    0s
H    0     0                       1.1209496  -19.13893  1807%     -    0s
H    0     0                      -8.1669057  -19.13893   134%     -    0s
     0     0   -8.16691    0   89   -8.16691   -8.16691  0.00%     -    0s

Cutting planes:
  Gomory: 1
  MIR: 121
  StrongCG: 2
  Zero half: 21
  RLT: 36
  BQP: 136

Explored 1 nodes (242 simplex iterations) in 0.02 seconds (0.01 work units)
Thread count was 8 (of 96 available processors)

Solution count 5: -8.16691 1.12095 1.54587 ... 2.03611
No other solutions better than -8.16691

Optimal solution found (tolerance 1.00e-06)
Best objective -8.166905746832e+00, best bound -8.166905746832e+00, gap 0.0000%

User-callback calls 75, time in user-callback 0.00 sec
