
Gurobi 13.0.0 (linux64) logging started Sun May  3 10:58:31 2026

Set parameter LogFile to value "logs/N=16_layers=2_presolve_on/N=16/seed=21/quantum_layers=2/baseline.log"
Set parameter MIPGap to value 1e-06
Set parameter Threads to value 8
Gurobi Optimizer version 13.0.0 build v13.0.0rc1 (linux64 - "Oracle Linux Server 9.7")

CPU model: AMD EPYC 7643 48-Core Processor, instruction set [SSE2|AVX|AVX2]
Thread count: 48 physical cores, 96 logical processors, using up to 8 threads

Non-default parameters:
MIPGap  1e-06
Threads  8

Optimize a model with 1 rows, 16 columns and 16 nonzeros (Min)
Model fingerprint: 0x6dfd6b4c
Model has 16 linear objective coefficients
Model has 120 quadratic objective terms
Variable types: 0 continuous, 16 integer (16 binary)
Coefficient statistics:
  Matrix range     [1e+00, 1e+00]
  Objective range  [1e+01, 2e+01]
  QObjective range [2e-03, 8e+00]
  Bounds range     [1e+00, 1e+00]
  RHS range        [8e+00, 8e+00]
Found heuristic solution: objective 60.3287496
Presolve time: 0.00s
Presolved: 121 rows, 136 columns, 376 nonzeros
Variable types: 0 continuous, 136 integer (136 binary)

Root relaxation: objective 1.376677e-14, 7 iterations, 0.00 seconds (0.00 work units)

    Nodes    |    Current Node    |     Objective Bounds      |     Work
 Expl Unexpl |  Obj  Depth IntInf | Incumbent    BestBd   Gap | It/Node Time

     0     0    0.00000    0   16   60.32875    0.00000   100%     -    0s
H    0     0                      59.9299915    0.00000   100%     -    0s
H    0     0                      59.9268520    0.00000   100%     -    0s
H    0     0                      54.0681541    0.00000   100%     -    0s
H    0     0                      53.4199591   25.00644  53.2%     -    0s
     0     0   27.64374    0   21   53.41996   27.64374  48.3%     -    0s
     0     0   28.50638    0   21   53.41996   28.50638  46.6%     -    0s
     0     0   28.53329    0   27   53.41996   28.53329  46.6%     -    0s
     0     0   33.72037    0   67   53.41996   33.72037  36.9%     -    0s
     0     0   34.13536    0   64   53.41996   34.13536  36.1%     -    0s
     0     0   40.90530    0   82   53.41996   40.90530  23.4%     -    0s
     0     0   40.99962    0   82   53.41996   40.99962  23.3%     -    0s
     0     2   41.22351    0   82   53.41996   41.22351  22.8%     -    0s
*   57    43               8      53.3469397   47.37087  11.2%  48.6    0s

Cutting planes:
  Cover: 36
  Dual implied bound: 35
  MIR: 48
  StrongCG: 1
  RLT: 15

Explored 239 nodes (7840 simplex iterations) in 0.11 seconds (0.11 work units)
Thread count was 8 (of 96 available processors)

Solution count 6: 53.3469 53.42 54.0682 ... 60.3287

Optimal solution found (tolerance 1.00e-06)
Best objective 5.334693970559e+01, best bound 5.334693970559e+01, gap 0.0000%

User-callback calls 708, time in user-callback 0.00 sec
