
Gurobi 13.0.0 (linux64) logging started Sun May  3 10:58:31 2026

Set parameter LogFile to value "logs/N=16_layers=2_presolve_on/N=16/seed=21/quantum_layers=2/precond_pen=0.200.log"
Set parameter MIPGap to value 1e-06
Set parameter Threads to value 8
Gurobi Optimizer version 13.0.0 build v13.0.0rc1 (linux64 - "Oracle Linux Server 9.7")

CPU model: AMD EPYC 7643 48-Core Processor, instruction set [SSE2|AVX|AVX2]
Thread count: 48 physical cores, 96 logical processors, using up to 8 threads

Non-default parameters:
MIPGap  1e-06
Threads  8

Optimize a model with 1 rows, 16 columns and 16 nonzeros (Min)
Model fingerprint: 0x9b780407
Model has 16 linear objective coefficients and an objective constant of -1.3485691977055998e+01
Model has 120 quadratic objective terms
Variable types: 0 continuous, 16 integer (16 binary)
Coefficient statistics:
  Matrix range     [1e+00, 1e+00]
  Objective range  [1e-01, 6e+00]
  QObjective range [6e-03, 5e+00]
  Bounds range     [1e+00, 1e+00]
  RHS range        [8e+00, 8e+00]
Found heuristic solution: objective -0.2682073
Presolve time: 0.00s
Presolved: 121 rows, 136 columns, 376 nonzeros
Variable types: 0 continuous, 136 integer (136 binary)

Root relaxation: objective -2.364435e+01, 13 iterations, 0.00 seconds (0.00 work units)

    Nodes    |    Current Node    |     Objective Bounds      |     Work
 Expl Unexpl |  Obj  Depth IntInf | Incumbent    BestBd   Gap | It/Node Time

     0     0  -23.64435    0   16   -0.26821  -23.64435  8716%     -    0s
H    0     0                      -0.5285718  -23.64435  4373%     -    0s
H    0     0                      -1.8343395  -23.64435  1189%     -    0s
H    0     0                      -3.8557163  -23.64435   513%     -    0s
H    0     0                      -9.5807884  -23.64435   147%     -    0s
     0     0  -12.57773    0   92   -9.58079  -12.57773  31.3%     -    0s
     0     0  -12.57764    0   93   -9.58079  -12.57764  31.3%     -    0s
     0     0   -9.58079    0   88   -9.58079   -9.58079  0.00%     -    0s

Cutting planes:
  Gomory: 5
  Cover: 2
  Dual implied bound: 7
  MIR: 10
  Zero half: 19
  RLT: 23
  BQP: 53

Explored 1 nodes (356 simplex iterations) in 0.03 seconds (0.02 work units)
Thread count was 8 (of 96 available processors)

Solution count 5: -9.58079 -3.85572 -1.83434 ... -0.268207
No other solutions better than -9.58079

Optimal solution found (tolerance 1.00e-06)
Best objective -9.580788358922e+00, best bound -9.580788358922e+00, gap 0.0000%

User-callback calls 184, time in user-callback 0.00 sec
