
Gurobi 13.0.0 (linux64) logging started Sun May  3 10:58:31 2026

Set parameter LogFile to value "logs/N=16_layers=2_presolve_on/N=16/seed=21/quantum_layers=2/precond_pen=0.800.log"
Set parameter MIPGap to value 1e-06
Set parameter Threads to value 8
Gurobi Optimizer version 13.0.0 build v13.0.0rc1 (linux64 - "Oracle Linux Server 9.7")

CPU model: AMD EPYC 7643 48-Core Processor, instruction set [SSE2|AVX|AVX2]
Thread count: 48 physical cores, 96 logical processors, using up to 8 threads

Non-default parameters:
MIPGap  1e-06
Threads  8

Optimize a model with 1 rows, 16 columns and 16 nonzeros (Min)
Model fingerprint: 0x519914b2
Model has 16 linear objective coefficients and an objective constant of 6.4986442954989991e+00
Model has 120 quadratic objective terms
Variable types: 0 continuous, 16 integer (16 binary)
Coefficient statistics:
  Matrix range     [1e+00, 1e+00]
  Objective range  [1e+00, 2e+00]
  QObjective range [6e-03, 2e+00]
  Bounds range     [1e+00, 1e+00]
  RHS range        [8e+00, 8e+00]
Found heuristic solution: objective -1.2583492
Presolve time: 0.00s
Presolved: 121 rows, 136 columns, 376 nonzeros
Variable types: 0 continuous, 136 integer (136 binary)

Root relaxation: objective -1.042808e+01, 21 iterations, 0.00 seconds (0.00 work units)

    Nodes    |    Current Node    |     Objective Bounds      |     Work
 Expl Unexpl |  Obj  Depth IntInf | Incumbent    BestBd   Gap | It/Node Time

     0     0  -10.42808    0   16   -1.25835  -10.42808   729%     -    0s
H    0     0                      -3.9844861  -10.42808   162%     -    0s
H    0     0                      -4.0405177  -10.42808   158%     -    0s
     0     0   -4.38367    0   98   -4.04052   -4.38367  8.49%     -    0s
     0     0   -4.38034    0   80   -4.04052   -4.38034  8.41%     -    0s
H    0     0                      -4.1053770   -4.23236  3.09%     -    0s
     0     0   -4.10538    0  112   -4.10538   -4.10538  0.00%     -    0s

Cutting planes:
  Gomory: 11
  MIR: 49
  StrongCG: 1
  Zero half: 27
  RLT: 14
  BQP: 78

Explored 1 nodes (387 simplex iterations) in 0.03 seconds (0.02 work units)
Thread count was 8 (of 96 available processors)

Solution count 4: -4.10538 -4.04052 -3.98449 -1.25835 
No other solutions better than -4.10538

Optimal solution found (tolerance 1.00e-06)
Best objective -4.105376994441e+00, best bound -4.105376994441e+00, gap 0.0000%

User-callback calls 180, time in user-callback 0.00 sec
