
Gurobi 13.0.0 (linux64) logging started Sun May  3 10:58:31 2026

Set parameter LogFile to value "logs/N=16_layers=2_presolve_on/N=16/seed=21/quantum_layers=2/precond_pen=0.500.log"
Set parameter MIPGap to value 1e-06
Set parameter Threads to value 8
Gurobi Optimizer version 13.0.0 build v13.0.0rc1 (linux64 - "Oracle Linux Server 9.7")

CPU model: AMD EPYC 7643 48-Core Processor, instruction set [SSE2|AVX|AVX2]
Thread count: 48 physical cores, 96 logical processors, using up to 8 threads

Non-default parameters:
MIPGap  1e-06
Threads  8

Optimize a model with 1 rows, 16 columns and 16 nonzeros (Min)
Model fingerprint: 0x3b125960
Model has 16 linear objective coefficients and an objective constant of 5.9622604679429987e+00
Model has 120 quadratic objective terms
Variable types: 0 continuous, 16 integer (16 binary)
Coefficient statistics:
  Matrix range     [1e+00, 1e+00]
  Objective range  [1e+00, 2e+00]
  QObjective range [1e-02, 3e+00]
  Bounds range     [1e+00, 1e+00]
  RHS range        [8e+00, 8e+00]
Found heuristic solution: objective -1.5423712
Presolve time: 0.00s
Presolved: 121 rows, 136 columns, 376 nonzeros
Variable types: 0 continuous, 136 integer (136 binary)

Root relaxation: objective -1.703673e+01, 14 iterations, 0.00 seconds (0.00 work units)

    Nodes    |    Current Node    |     Objective Bounds      |     Work
 Expl Unexpl |  Obj  Depth IntInf | Incumbent    BestBd   Gap | It/Node Time

     0     0  -17.03673    0   16   -1.54237  -17.03673  1005%     -    0s
H    0     0                      -5.7865521  -17.03673   194%     -    0s
H    0     0                      -5.9095222  -17.03673   188%     -    0s
H    0     0                      -7.5446935  -17.03673   126%     -    0s
     0     0   -8.85437    0   65   -7.54469   -8.85437  17.4%     -    0s
H    0     0                      -7.8511128   -8.85437  12.8%     -    0s

Cutting planes:
  Gomory: 3
  MIR: 75
  StrongCG: 6
  Zero half: 25
  RLT: 25
  BQP: 92

Explored 1 nodes (203 simplex iterations) in 0.03 seconds (0.02 work units)
Thread count was 8 (of 96 available processors)

Solution count 5: -7.85111 -7.54469 -5.90952 ... -1.54237
No other solutions better than -7.85111

Optimal solution found (tolerance 1.00e-06)
Best objective -7.851112783579e+00, best bound -7.851112783579e+00, gap 0.0000%

User-callback calls 172, time in user-callback 0.00 sec
