
Gurobi 13.0.0 (linux64) logging started Tue Mar 31 15:12:31 2026

Set parameter LogFile to value "logs/N=16_layers=2_presolve_on/N=16/seed=4/n_qaoa_layers=2/precond_pen=0.600.log"
Set parameter MIPGap to value 1e-06
Set parameter Threads to value 8
Gurobi Optimizer version 13.0.0 build v13.0.0rc1 (linux64 - "Oracle Linux Server 9.7")

CPU model: AMD EPYC 7643 48-Core Processor, instruction set [SSE2|AVX|AVX2]
Thread count: 48 physical cores, 96 logical processors, using up to 8 threads

Non-default parameters:
MIPGap  1e-06
Threads  8

Optimize a model with 1 rows, 16 columns and 16 nonzeros (Min)
Model fingerprint: 0x982b4d24
Model has 16 linear objective coefficients and an objective constant of 6.0656445184350023e+00
Model has 120 quadratic objective terms
Variable types: 0 continuous, 16 integer (16 binary)
Coefficient statistics:
  Matrix range     [1e+00, 1e+00]
  Objective range  [1e+00, 2e+00]
  QObjective range [8e-02, 3e+00]
  Bounds range     [1e+00, 1e+00]
  RHS range        [8e+00, 8e+00]
Found heuristic solution: objective 0.3176224
Presolve time: 0.00s
Presolved: 121 rows, 136 columns, 376 nonzeros
Variable types: 0 continuous, 136 integer (136 binary)

Root relaxation: objective -1.546372e+01, 14 iterations, 0.00 seconds (0.00 work units)

    Nodes    |    Current Node    |     Objective Bounds      |     Work
 Expl Unexpl |  Obj  Depth IntInf | Incumbent    BestBd   Gap | It/Node Time

     0     0  -15.46372    0   16    0.31762  -15.46372  4969%     -    0s
H    0     0                      -6.0095489  -15.46372   157%     -    0s
H    0     0                      -9.4959584  -15.46372  62.8%     -    0s
     0     0   -9.49596    0   55   -9.49596   -9.49596  0.00%     -    0s

Cutting planes:
  Gomory: 1
  MIR: 32
  Zero half: 27
  RLT: 31
  BQP: 149

Explored 1 nodes (150 simplex iterations) in 0.01 seconds (0.01 work units)
Thread count was 8 (of 96 available processors)

Solution count 3: -9.49596 -6.00955 0.317622 
No other solutions better than -9.49596

Optimal solution found (tolerance 1.00e-06)
Best objective -9.495958367719e+00, best bound -9.495958367719e+00, gap 0.0000%

User-callback calls 163, time in user-callback 0.00 sec
