
Gurobi 13.0.0 (linux64) logging started Sun May  3 10:54:11 2026

Set parameter LogFile to value "logs/N=16_layers=1_presolve_off/N=16/seed=5/quantum_layers=1/precond_pen=0.000.log"
Set parameter MIPGap to value 1e-06
Set parameter Threads to value 8
Set parameter Presolve to value 0
Gurobi Optimizer version 13.0.0 build v13.0.0rc1 (linux64 - "Oracle Linux Server 9.7")

CPU model: AMD EPYC 7643 48-Core Processor, instruction set [SSE2|AVX|AVX2]
Thread count: 48 physical cores, 96 logical processors, using up to 8 threads

Non-default parameters:
MIPGap  1e-06
Presolve  0
Threads  8

Optimize a model with 1 rows, 16 columns and 16 nonzeros (Min)
Model fingerprint: 0x909c6216
Model has 16 linear objective coefficients and an objective constant of -43.45531094953
Model has 120 quadratic objective terms
Variable types: 0 continuous, 16 integer (16 binary)
Coefficient statistics:
  Matrix range     [1e+00, 1e+00]
  Objective range  [1e+01, 1e+01]
  QObjective range [2e+00, 4e+00]
  Bounds range     [1e+00, 1e+00]
  RHS range        [8e+00, 8e+00]
Found heuristic solution: objective 3.7746090
Variable types: 0 continuous, 136 integer (136 binary)

Root relaxation: objective -4.345531e+01, 6 iterations, 0.00 seconds (0.00 work units)

    Nodes    |    Current Node    |     Objective Bounds      |     Work
 Expl Unexpl |  Obj  Depth IntInf | Incumbent    BestBd   Gap | It/Node Time

     0     0  -43.45531    0   16    3.77461  -43.45531  1251%     -    0s
H    0     0                       2.9259305  -43.45531  1585%     -    0s
H    0     0                      -1.2398123  -43.45531  3405%     -    0s
     0     0   -6.27214    0   16   -1.23981   -6.27214   406%     -    0s
     0     0   -6.22639    0   26   -1.23981   -6.22639   402%     -    0s
     0     0   -5.09260    0   46   -1.23981   -5.09260   311%     -    0s
     0     0   -5.04173    0   46   -1.23981   -5.04173   307%     -    0s
     0     2   -4.94576    0   46   -1.23981   -4.94576   299%     -    0s

Cutting planes:
  MIR: 18
  RLT: 14

Explored 48 nodes (2036 simplex iterations) in 0.05 seconds (0.04 work units)
Thread count was 8 (of 96 available processors)

Solution count 3: -1.23981 2.92593 3.77461 
No other solutions better than -1.23981

Optimal solution found (tolerance 1.00e-06)
Best objective -1.239812276214e+00, best bound -1.239812276214e+00, gap 0.0000%

User-callback calls 189, time in user-callback 0.00 sec
