
Gurobi 13.0.0 (linux64) logging started Sun May  3 10:53:47 2026

Set parameter LogFile to value "logs/N=16_layers=1_presolve_on/N=16/seed=16/quantum_layers=1/precond_pen=0.500.log"
Set parameter MIPGap to value 1e-06
Set parameter Threads to value 8
Gurobi Optimizer version 13.0.0 build v13.0.0rc1 (linux64 - "Oracle Linux Server 9.7")

CPU model: AMD EPYC 7643 48-Core Processor, instruction set [SSE2|AVX|AVX2]
Thread count: 48 physical cores, 96 logical processors, using up to 8 threads

Non-default parameters:
MIPGap  1e-06
Threads  8

Optimize a model with 1 rows, 16 columns and 16 nonzeros (Min)
Model fingerprint: 0xa308c0c3
Model has 16 linear objective coefficients and an objective constant of 6.3727492727590009e+00
Model has 120 quadratic objective terms
Variable types: 0 continuous, 16 integer (16 binary)
Coefficient statistics:
  Matrix range     [1e+00, 1e+00]
  Objective range  [1e+00, 2e+00]
  QObjective range [7e-03, 2e+00]
  Bounds range     [1e+00, 1e+00]
  RHS range        [8e+00, 8e+00]
Found heuristic solution: objective -0.3601727
Presolve time: 0.00s
Presolved: 121 rows, 136 columns, 376 nonzeros
Variable types: 0 continuous, 136 integer (136 binary)

Root relaxation: objective -7.910315e+00, 33 iterations, 0.00 seconds (0.00 work units)

    Nodes    |    Current Node    |     Objective Bounds      |     Work
 Expl Unexpl |  Obj  Depth IntInf | Incumbent    BestBd   Gap | It/Node Time

     0     0   -7.91031    0   16   -0.36017   -7.91031  2096%     -    0s
H    0     0                      -0.5303224   -7.91031  1392%     -    0s
H    0     0                      -0.9785270   -7.91031   708%     -    0s
H    0     0                      -1.1816325   -7.91031   569%     -    0s
H    0     0                      -2.7710958   -7.91031   185%     -    0s
H    0     0                      -3.2669791   -5.85554  79.2%     -    0s
     0     0   -3.38909    0   63   -3.26698   -3.38909  3.74%     -    0s

Cutting planes:
  Gomory: 6
  MIR: 80
  StrongCG: 1
  Flow cover: 17
  Zero half: 9
  RLT: 30
  BQP: 192

Explored 1 nodes (231 simplex iterations) in 0.04 seconds (0.02 work units)
Thread count was 8 (of 96 available processors)

Solution count 6: -3.26698 -2.7711 -1.18163 ... -0.360173
No other solutions better than -3.26698

Optimal solution found (tolerance 1.00e-06)
Best objective -3.266979105005e+00, best bound -3.266979105005e+00, gap 0.0000%

User-callback calls 178, time in user-callback 0.00 sec
