
Gurobi 13.0.0 (linux64) logging started Sun May  3 10:53:47 2026

Set parameter LogFile to value "logs/N=16_layers=1_presolve_on/N=16/seed=16/quantum_layers=1/precond_pen=0.600.log"
Set parameter MIPGap to value 1e-06
Set parameter Threads to value 8
Gurobi Optimizer version 13.0.0 build v13.0.0rc1 (linux64 - "Oracle Linux Server 9.7")

CPU model: AMD EPYC 7643 48-Core Processor, instruction set [SSE2|AVX|AVX2]
Thread count: 48 physical cores, 96 logical processors, using up to 8 threads

Non-default parameters:
MIPGap  1e-06
Threads  8

Optimize a model with 1 rows, 16 columns and 16 nonzeros (Min)
Model fingerprint: 0xcd3942ab
Model has 16 linear objective coefficients and an objective constant of 6.6236979352860015e+00
Model has 120 quadratic objective terms
Variable types: 0 continuous, 16 integer (16 binary)
Coefficient statistics:
  Matrix range     [1e+00, 1e+00]
  Objective range  [1e+00, 2e+00]
  QObjective range [8e-03, 1e+00]
  Bounds range     [1e+00, 1e+00]
  RHS range        [8e+00, 8e+00]
Found heuristic solution: objective -0.4154301
Presolve time: 0.00s
Presolved: 121 rows, 136 columns, 376 nonzeros
Variable types: 0 continuous, 136 integer (136 binary)

Root relaxation: objective -6.931146e+00, 37 iterations, 0.00 seconds (0.00 work units)

    Nodes    |    Current Node    |     Objective Bounds      |     Work
 Expl Unexpl |  Obj  Depth IntInf | Incumbent    BestBd   Gap | It/Node Time

     0     0   -6.93115    0   16   -0.41543   -6.93115  1568%     -    0s
H    0     0                      -1.6034735   -6.93115   332%     -    0s
H    0     0                      -1.8655977   -6.93115   272%     -    0s
H    0     0                      -2.3351453   -5.19547   122%     -    0s
     0     0   -2.36087    0   66   -2.33515   -2.36087  1.10%     -    0s

Cutting planes:
  Gomory: 6
  MIR: 186
  Flow cover: 70
  Zero half: 30
  RLT: 28
  BQP: 256

Explored 1 nodes (386 simplex iterations) in 0.06 seconds (0.04 work units)
Thread count was 8 (of 96 available processors)

Solution count 4: -2.33515 -1.8656 -1.60347 -0.41543 
No other solutions better than -2.33515

Optimal solution found (tolerance 1.00e-06)
Best objective -2.335145309310e+00, best bound -2.335145309310e+00, gap 0.0000%

User-callback calls 174, time in user-callback 0.00 sec
