
Gurobi 13.0.0 (linux64) logging started Sun May  3 10:53:47 2026

Set parameter LogFile to value "logs/N=16_layers=1_presolve_on/N=16/seed=16/quantum_layers=1/precond_pen=1.000.log"
Set parameter MIPGap to value 1e-06
Set parameter Threads to value 8
Gurobi Optimizer version 13.0.0 build v13.0.0rc1 (linux64 - "Oracle Linux Server 9.7")

CPU model: AMD EPYC 7643 48-Core Processor, instruction set [SSE2|AVX|AVX2]
Thread count: 48 physical cores, 96 logical processors, using up to 8 threads

Non-default parameters:
MIPGap  1e-06
Threads  8

Optimize a model with 1 rows, 16 columns and 16 nonzeros (Min)
Model fingerprint: 0xd6faf9e5
Model has 16 linear objective coefficients and an objective constant of 6.769115536544
Model has 120 quadratic objective terms
Variable types: 0 continuous, 16 integer (16 binary)
Coefficient statistics:
  Matrix range     [1e+00, 1e+00]
  Objective range  [2e+00, 2e+00]
  QObjective range [2e-01, 8e-01]
  Bounds range     [1e+00, 1e+00]
  RHS range        [8e+00, 8e+00]
Found heuristic solution: objective -0.4488103
Presolve time: 0.00s
Presolved: 121 rows, 136 columns, 376 nonzeros
Variable types: 0 continuous, 136 integer (136 binary)

Root relaxation: objective -6.769116e+00, 38 iterations, 0.00 seconds (0.00 work units)

    Nodes    |    Current Node    |     Objective Bounds      |     Work
 Expl Unexpl |  Obj  Depth IntInf | Incumbent    BestBd   Gap | It/Node Time

     0     0   -6.76912    0   16   -0.44881   -6.76912  1408%     -    0s
H    0     0                      -0.6357146   -6.76912   965%     -    0s
H    0     0                      -0.6422263   -6.76912   954%     -    0s
H    0     0                      -0.6448239   -6.76912   950%     -    0s
H    0     0                      -1.1339204   -6.76912   497%     -    0s
H    0     0                      -1.1817028   -1.27923  8.25%     -    0s
H    0     0                      -1.2573190   -1.27923  1.74%     -    0s
     0     0   -1.27923    0  122   -1.25732   -1.27923  1.74%     -    0s
     0     0     cutoff    0        -1.25732   -1.25732  0.00%     -    0s

Cutting planes:
  Gomory: 2
  Cover: 2
  Dual implied bound: 7
  MIR: 78
  Zero half: 17
  RLT: 30
  BQP: 240

Explored 1 nodes (913 simplex iterations) in 0.10 seconds (0.07 work units)
Thread count was 8 (of 96 available processors)

Solution count 7: -1.25732 -1.1817 -1.13392 ... -0.44881
No other solutions better than -1.25732

Optimal solution found (tolerance 1.00e-06)
Best objective -1.257319046712e+00, best bound -1.257319046712e+00, gap 0.0000%

User-callback calls 188, time in user-callback 0.00 sec
