
Gurobi 13.0.0 (linux64) logging started Sun May  3 10:53:47 2026

Set parameter LogFile to value "logs/N=16_layers=1_presolve_on/N=16/seed=16/quantum_layers=1/precond_pen=0.400.log"
Set parameter MIPGap to value 1e-06
Set parameter Threads to value 8
Gurobi Optimizer version 13.0.0 build v13.0.0rc1 (linux64 - "Oracle Linux Server 9.7")

CPU model: AMD EPYC 7643 48-Core Processor, instruction set [SSE2|AVX|AVX2]
Thread count: 48 physical cores, 96 logical processors, using up to 8 threads

Non-default parameters:
MIPGap  1e-06
Threads  8

Optimize a model with 1 rows, 16 columns and 16 nonzeros (Min)
Model fingerprint: 0xea891699
Model has 16 linear objective coefficients and an objective constant of 5.5301088875909974e+00
Model has 120 quadratic objective terms
Variable types: 0 continuous, 16 integer (16 binary)
Coefficient statistics:
  Matrix range     [1e+00, 1e+00]
  Objective range  [9e-01, 2e+00]
  QObjective range [1e-02, 2e+00]
  Bounds range     [1e+00, 1e+00]
  RHS range        [8e+00, 8e+00]
Found heuristic solution: objective -0.1471868
Presolve time: 0.00s
Presolved: 121 rows, 136 columns, 376 nonzeros
Variable types: 0 continuous, 136 integer (136 binary)

Root relaxation: objective -1.116167e+01, 35 iterations, 0.00 seconds (0.00 work units)

    Nodes    |    Current Node    |     Objective Bounds      |     Work
 Expl Unexpl |  Obj  Depth IntInf | Incumbent    BestBd   Gap | It/Node Time

     0     0  -11.16167    0   16   -0.14719  -11.16167  7483%     -    0s
H    0     0                      -2.3861860  -11.16167   368%     -    0s
H    0     0                      -5.4490454  -11.16167   105%     -    0s
     0     0   -5.71308    0   54   -5.44905   -5.71308  4.85%     -    0s

Cutting planes:
  Gomory: 4
  MIR: 116
  StrongCG: 9
  Flow cover: 25
  Zero half: 12
  RLT: 32
  BQP: 166

Explored 1 nodes (229 simplex iterations) in 0.04 seconds (0.03 work units)
Thread count was 8 (of 96 available processors)

Solution count 3: -5.44905 -2.38619 -0.147187 
No other solutions better than -5.44905

Optimal solution found (tolerance 1.00e-06)
Best objective -5.449045374171e+00, best bound -5.449045374171e+00, gap 0.0000%

User-callback calls 172, time in user-callback 0.00 sec
