
Gurobi 13.0.0 (linux64) logging started Sun May  3 10:54:08 2026

Set parameter LogFile to value "logs/N=16_layers=1_presolve_off/N=16/seed=1/quantum_layers=1/precond_pen=0.200.log"
Set parameter MIPGap to value 1e-06
Set parameter Threads to value 8
Set parameter Presolve to value 0
Gurobi Optimizer version 13.0.0 build v13.0.0rc1 (linux64 - "Oracle Linux Server 9.7")

CPU model: AMD EPYC 7643 48-Core Processor, instruction set [SSE2|AVX|AVX2]
Thread count: 48 physical cores, 96 logical processors, using up to 8 threads

Non-default parameters:
MIPGap  1e-06
Presolve  0
Threads  8

Optimize a model with 1 rows, 16 columns and 16 nonzeros (Min)
Model fingerprint: 0x88d35db3
Model has 16 linear objective coefficients and an objective constant of -9.384350537963
Model has 120 quadratic objective terms
Variable types: 0 continuous, 16 integer (16 binary)
Coefficient statistics:
  Matrix range     [1e+00, 1e+00]
  Objective range  [6e-01, 5e+00]
  QObjective range [7e-03, 3e+00]
  Bounds range     [1e+00, 1e+00]
  RHS range        [8e+00, 8e+00]
Found heuristic solution: objective 2.9776881
Variable types: 0 continuous, 136 integer (136 binary)

Root relaxation: objective -1.747626e+01, 14 iterations, 0.00 seconds (0.00 work units)

    Nodes    |    Current Node    |     Objective Bounds      |     Work
 Expl Unexpl |  Obj  Depth IntInf | Incumbent    BestBd   Gap | It/Node Time

     0     0  -17.47626    0   16    2.97769  -17.47626   687%     -    0s
H    0     0                      -2.8870029  -17.47626   505%     -    0s
H    0     0                      -6.6857386  -17.47626   161%     -    0s
     0     0   -9.22348    0   57   -6.68574   -9.22348  38.0%     -    0s
     0     0   -6.68574    0  106   -6.68574   -6.68574  0.00%     -    0s

Cutting planes:
  Gomory: 7
  MIR: 77
  StrongCG: 8
  Zero half: 31
  RLT: 33
  BQP: 121

Explored 1 nodes (399 simplex iterations) in 0.04 seconds (0.03 work units)
Thread count was 8 (of 96 available processors)

Solution count 3: -6.68574 -2.887 2.97769 
No other solutions better than -6.68574

Optimal solution found (tolerance 1.00e-06)
Best objective -6.685738574025e+00, best bound -6.685738574025e+00, gap 0.0000%

User-callback calls 80, time in user-callback 0.00 sec
