
Gurobi 13.0.0 (linux64) logging started Sun May  3 10:54:09 2026

Set parameter LogFile to value "logs/N=16_layers=1_presolve_off/N=16/seed=1/quantum_layers=1/precond_pen=0.700.log"
Set parameter MIPGap to value 1e-06
Set parameter Threads to value 8
Set parameter Presolve to value 0
Gurobi Optimizer version 13.0.0 build v13.0.0rc1 (linux64 - "Oracle Linux Server 9.7")

CPU model: AMD EPYC 7643 48-Core Processor, instruction set [SSE2|AVX|AVX2]
Thread count: 48 physical cores, 96 logical processors, using up to 8 threads

Non-default parameters:
MIPGap  1e-06
Presolve  0
Threads  8

Optimize a model with 1 rows, 16 columns and 16 nonzeros (Min)
Model fingerprint: 0x3f4f2bba
Model has 16 linear objective coefficients and an objective constant of 6.7197810671399978e+00
Model has 120 quadratic objective terms
Variable types: 0 continuous, 16 integer (16 binary)
Coefficient statistics:
  Matrix range     [1e+00, 1e+00]
  Objective range  [1e+00, 2e+00]
  QObjective range [5e-03, 1e+00]
  Bounds range     [1e+00, 1e+00]
  RHS range        [8e+00, 8e+00]
Found heuristic solution: objective 0.1550220
Variable types: 0 continuous, 136 integer (136 binary)

Root relaxation: objective -6.737551e+00, 46 iterations, 0.00 seconds (0.00 work units)

    Nodes    |    Current Node    |     Objective Bounds      |     Work
 Expl Unexpl |  Obj  Depth IntInf | Incumbent    BestBd   Gap | It/Node Time

     0     0   -6.73755    0   16    0.15502   -6.73755  4446%     -    0s
H    0     0                      -0.3521762   -6.73755  1813%     -    0s
H    0     0                      -0.6337685   -6.73755   963%     -    0s
H    0     0                      -1.1034988   -6.73755   511%     -    0s
H    0     0                      -1.7955643   -6.73755   275%     -    0s
     0     0   -1.79556    0  111   -1.79556   -1.79556  0.00%     -    0s

Cutting planes:
  Gomory: 1
  MIR: 70
  Zero half: 52
  RLT: 41
  BQP: 380

Explored 1 nodes (735 simplex iterations) in 0.06 seconds (0.05 work units)
Thread count was 8 (of 96 available processors)

Solution count 5: -1.79556 -1.1035 -0.633768 ... 0.155022
No other solutions better than -1.79556

Optimal solution found (tolerance 1.00e-06)
Best objective -1.795564297364e+00, best bound -1.795564297364e+00, gap 0.0000%

User-callback calls 74, time in user-callback 0.00 sec
