
Gurobi 13.0.0 (linux64) logging started Sun May  3 10:54:09 2026

Set parameter LogFile to value "logs/N=16_layers=1_presolve_off/N=16/seed=1/quantum_layers=1/precond_pen=0.800.log"
Set parameter MIPGap to value 1e-06
Set parameter Threads to value 8
Set parameter Presolve to value 0
Gurobi Optimizer version 13.0.0 build v13.0.0rc1 (linux64 - "Oracle Linux Server 9.7")

CPU model: AMD EPYC 7643 48-Core Processor, instruction set [SSE2|AVX|AVX2]
Thread count: 48 physical cores, 96 logical processors, using up to 8 threads

Non-default parameters:
MIPGap  1e-06
Presolve  0
Threads  8

Optimize a model with 1 rows, 16 columns and 16 nonzeros (Min)
Model fingerprint: 0x4df78c4a
Model has 16 linear objective coefficients and an objective constant of 6.751260045236
Model has 120 quadratic objective terms
Variable types: 0 continuous, 16 integer (16 binary)
Coefficient statistics:
  Matrix range     [1e+00, 1e+00]
  Objective range  [1e+00, 2e+00]
  QObjective range [7e-02, 9e-01]
  Bounds range     [1e+00, 1e+00]
  RHS range        [8e+00, 8e+00]
Found heuristic solution: objective 0.0406793
Variable types: 0 continuous, 136 integer (136 binary)

Root relaxation: objective -6.751260e+00, 48 iterations, 0.00 seconds (0.00 work units)

    Nodes    |    Current Node    |     Objective Bounds      |     Work
 Expl Unexpl |  Obj  Depth IntInf | Incumbent    BestBd   Gap | It/Node Time

     0     0   -6.75126    0   16    0.04068   -6.75126      -     -    0s
H    0     0                      -0.6118043   -6.75126  1003%     -    0s
H    0     0                      -1.1489250   -6.75126   488%     -    0s
H    0     0                      -1.5148287   -6.75126   346%     -    0s
H    0     0                      -1.5283489   -1.63508  6.98%     -    0s
     0     0   -1.52835    0  117   -1.52835   -1.52835  0.00%     -    0s

Cutting planes:
  Gomory: 1
  MIR: 101
  Zero half: 47
  RLT: 39
  BQP: 404

Explored 1 nodes (1033 simplex iterations) in 0.10 seconds (0.06 work units)
Thread count was 8 (of 96 available processors)

Solution count 5: -1.52835 -1.51483 -1.14892 ... 0.0406793
No other solutions better than -1.52835

Optimal solution found (tolerance 1.00e-06)
Best objective -1.528348903880e+00, best bound -1.528348903880e+00, gap 0.0000%

User-callback calls 75, time in user-callback 0.00 sec
