
Gurobi 13.0.0 (linux64) logging started Sun May  3 10:54:08 2026

Set parameter LogFile to value "logs/N=16_layers=1_presolve_off/N=16/seed=1/quantum_layers=1/precond_pen=0.400.log"
Set parameter MIPGap to value 1e-06
Set parameter Threads to value 8
Set parameter Presolve to value 0
Gurobi Optimizer version 13.0.0 build v13.0.0rc1 (linux64 - "Oracle Linux Server 9.7")

CPU model: AMD EPYC 7643 48-Core Processor, instruction set [SSE2|AVX|AVX2]
Thread count: 48 physical cores, 96 logical processors, using up to 8 threads

Non-default parameters:
MIPGap  1e-06
Presolve  0
Threads  8

Optimize a model with 1 rows, 16 columns and 16 nonzeros (Min)
Model fingerprint: 0x6e2a02ca
Model has 16 linear objective coefficients and an objective constant of 5.5040424496469980e+00
Model has 120 quadratic objective terms
Variable types: 0 continuous, 16 integer (16 binary)
Coefficient statistics:
  Matrix range     [1e+00, 1e+00]
  Objective range  [6e-01, 2e+00]
  QObjective range [3e-03, 2e+00]
  Bounds range     [1e+00, 1e+00]
  RHS range        [8e+00, 8e+00]
Found heuristic solution: objective 1.3638517
Variable types: 0 continuous, 136 integer (136 binary)

Root relaxation: objective -1.199572e+01, 27 iterations, 0.00 seconds (0.00 work units)

    Nodes    |    Current Node    |     Objective Bounds      |     Work
 Expl Unexpl |  Obj  Depth IntInf | Incumbent    BestBd   Gap | It/Node Time

     0     0  -11.99572    0   16    1.36385  -11.99572   980%     -    0s
H    0     0                      -5.2087172  -11.99572   130%     -    0s
     0     0   -5.38490    0   75   -5.20872   -5.38490  3.38%     -    0s
     0     0   -5.35821    0   56   -5.20872   -5.35821  2.87%     -    0s

Cutting planes:
  Gomory: 16
  MIR: 81
  StrongCG: 4
  Flow cover: 13
  Zero half: 20
  RLT: 25
  BQP: 133

Explored 1 nodes (344 simplex iterations) in 0.04 seconds (0.02 work units)
Thread count was 8 (of 96 available processors)

Solution count 2: -5.20872 1.36385 
No other solutions better than -5.20872

Optimal solution found (tolerance 1.00e-06)
Best objective -5.208717196443e+00, best bound -5.208717196443e+00, gap 0.0000%

User-callback calls 75, time in user-callback 0.00 sec
