
Gurobi 13.0.0 (linux64) logging started Sun May  3 11:09:00 2026

Set parameter LogFile to value "logs/N=12_layers=3_presolve_off/N=12/seed=41/quantum_layers=3/precond_pen=0.400.log"
Set parameter MIPGap to value 1e-06
Set parameter Threads to value 8
Set parameter Presolve to value 0
Gurobi Optimizer version 13.0.0 build v13.0.0rc1 (linux64 - "Oracle Linux Server 9.7")

CPU model: AMD EPYC 7643 48-Core Processor, instruction set [SSE2|AVX|AVX2]
Thread count: 48 physical cores, 96 logical processors, using up to 8 threads

Non-default parameters:
MIPGap  1e-06
Presolve  0
Threads  8

Optimize a model with 1 rows, 12 columns and 12 nonzeros (Min)
Model fingerprint: 0x6832b297
Model has 12 linear objective coefficients and an objective constant of 4.5343125801120010e+00
Model has 66 quadratic objective terms
Variable types: 0 continuous, 12 integer (12 binary)
Coefficient statistics:
  Matrix range     [1e+00, 1e+00]
  Objective range  [7e-01, 3e+00]
  QObjective range [3e-02, 6e+00]
  Bounds range     [1e+00, 1e+00]
  RHS range        [6e+00, 6e+00]
Found heuristic solution: objective 1.4641556
Variable types: 0 continuous, 78 integer (78 binary)

Root relaxation: objective -1.669175e+01, 12 iterations, 0.00 seconds (0.00 work units)

    Nodes    |    Current Node    |     Objective Bounds      |     Work
 Expl Unexpl |  Obj  Depth IntInf | Incumbent    BestBd   Gap | It/Node Time

     0     0  -16.69175    0   12    1.46416  -16.69175  1240%     -    0s
H    0     0                      -3.4567157  -16.69175   383%     -    0s
H    0     0                      -4.3838344  -16.69175   281%     -    0s
H    0     0                     -12.2033403  -16.69175  36.8%     -    0s

Cutting planes:
  Gomory: 1
  MIR: 17
  Zero half: 10
  RLT: 15
  BQP: 52

Explored 1 nodes (12 simplex iterations) in 0.01 seconds (0.00 work units)
Thread count was 8 (of 96 available processors)

Solution count 4: -12.2033 -4.38383 -3.45672 1.46416 
No other solutions better than -12.2033

Optimal solution found (tolerance 1.00e-06)
Best objective -1.220334032662e+01, best bound -1.220334032662e+01, gap 0.0000%

User-callback calls 64, time in user-callback 0.00 sec
