
Gurobi 13.0.0 (linux64) logging started Tue Mar 31 15:06:52 2026

Set parameter LogFile to value "logs/N=12_layers=3_presolve_on/N=12/seed=28/n_qaoa_layers=3/precond_pen=0.800.log"
Set parameter MIPGap to value 1e-06
Set parameter Threads to value 8
Gurobi Optimizer version 13.0.0 build v13.0.0rc1 (linux64 - "Oracle Linux Server 9.7")

CPU model: AMD EPYC 7643 48-Core Processor, instruction set [SSE2|AVX|AVX2]
Thread count: 48 physical cores, 96 logical processors, using up to 8 threads

Non-default parameters:
MIPGap  1e-06
Threads  8

Optimize a model with 1 rows, 12 columns and 12 nonzeros (Min)
Model fingerprint: 0xf497b9a3
Model has 12 linear objective coefficients and an objective constant of 4.9318719384379994e+00
Model has 66 quadratic objective terms
Variable types: 0 continuous, 12 integer (12 binary)
Coefficient statistics:
  Matrix range     [1e+00, 1e+00]
  Objective range  [1e+00, 2e+00]
  QObjective range [1e-02, 4e+00]
  Bounds range     [1e+00, 1e+00]
  RHS range        [6e+00, 6e+00]
Found heuristic solution: objective -3.2317049
Presolve time: 0.00s
Presolved: 67 rows, 78 columns, 210 nonzeros
Variable types: 0 continuous, 78 integer (78 binary)

Root relaxation: objective -9.991183e+00, 14 iterations, 0.00 seconds (0.00 work units)

    Nodes    |    Current Node    |     Objective Bounds      |     Work
 Expl Unexpl |  Obj  Depth IntInf | Incumbent    BestBd   Gap | It/Node Time

     0     0   -9.99118    0   12   -3.23170   -9.99118   209%     -    0s
H    0     0                      -5.1935554   -9.99118  92.4%     -    0s
H    0     0                      -5.3602394   -9.99118  86.4%     -    0s
     0     0   -5.36024    0   37   -5.36024   -5.36024  0.00%     -    0s

Cutting planes:
  Gomory: 1
  MIR: 20
  Zero half: 19
  RLT: 17
  BQP: 53

Explored 1 nodes (78 simplex iterations) in 0.01 seconds (0.00 work units)
Thread count was 8 (of 96 available processors)

Solution count 3: -5.36024 -5.19356 -3.2317 
No other solutions better than -5.36024

Optimal solution found (tolerance 1.00e-06)
Best objective -5.360239401732e+00, best bound -5.360239401732e+00, gap 0.0000%

User-callback calls 162, time in user-callback 0.00 sec

Gurobi 13.0.0 (linux64) logging started Tue Mar 31 15:10:51 2026

Set parameter LogFile to value "logs/N=12_layers=3_presolve_on/N=12/seed=28/n_qaoa_layers=3/precond_pen=0.800.log"
Set parameter MIPGap to value 1e-06
Set parameter Threads to value 8
Gurobi Optimizer version 13.0.0 build v13.0.0rc1 (linux64 - "Oracle Linux Server 9.7")

CPU model: AMD EPYC 7643 48-Core Processor, instruction set [SSE2|AVX|AVX2]
Thread count: 48 physical cores, 96 logical processors, using up to 8 threads

Non-default parameters:
MIPGap  1e-06
Threads  8

Optimize a model with 1 rows, 12 columns and 12 nonzeros (Min)
Model fingerprint: 0xf497b9a3
Model has 12 linear objective coefficients and an objective constant of 4.9318719384379994e+00
Model has 66 quadratic objective terms
Variable types: 0 continuous, 12 integer (12 binary)
Coefficient statistics:
  Matrix range     [1e+00, 1e+00]
  Objective range  [1e+00, 2e+00]
  QObjective range [1e-02, 4e+00]
  Bounds range     [1e+00, 1e+00]
  RHS range        [6e+00, 6e+00]
Found heuristic solution: objective -3.2317049
Presolve time: 0.00s
Presolved: 67 rows, 78 columns, 210 nonzeros
Variable types: 0 continuous, 78 integer (78 binary)

Root relaxation: objective -9.991183e+00, 14 iterations, 0.00 seconds (0.00 work units)

    Nodes    |    Current Node    |     Objective Bounds      |     Work
 Expl Unexpl |  Obj  Depth IntInf | Incumbent    BestBd   Gap | It/Node Time

     0     0   -9.99118    0   12   -3.23170   -9.99118   209%     -    0s
H    0     0                      -5.1935554   -9.99118  92.4%     -    0s
H    0     0                      -5.3602394   -9.99118  86.4%     -    0s
     0     0   -5.36024    0   37   -5.36024   -5.36024  0.00%     -    0s

Cutting planes:
  Gomory: 1
  MIR: 20
  Zero half: 19
  RLT: 17
  BQP: 53

Explored 1 nodes (78 simplex iterations) in 0.01 seconds (0.00 work units)
Thread count was 8 (of 96 available processors)

Solution count 3: -5.36024 -5.19356 -3.2317 
No other solutions better than -5.36024

Optimal solution found (tolerance 1.00e-06)
Best objective -5.360239401732e+00, best bound -5.360239401732e+00, gap 0.0000%

User-callback calls 163, time in user-callback 0.00 sec
