
Gurobi 13.0.0 (linux64) logging started Tue Mar 31 15:06:52 2026

Set parameter LogFile to value "logs/N=12_layers=3_presolve_on/N=12/seed=28/n_qaoa_layers=3/precond_pen=0.200.log"
Set parameter MIPGap to value 1e-06
Set parameter Threads to value 8
Gurobi Optimizer version 13.0.0 build v13.0.0rc1 (linux64 - "Oracle Linux Server 9.7")

CPU model: AMD EPYC 7643 48-Core Processor, instruction set [SSE2|AVX|AVX2]
Thread count: 48 physical cores, 96 logical processors, using up to 8 threads

Non-default parameters:
MIPGap  1e-06
Threads  8

Optimize a model with 1 rows, 12 columns and 12 nonzeros (Min)
Model fingerprint: 0xf3e57c32
Model has 12 linear objective coefficients and an objective constant of -3.6990701954375993e+01
Model has 66 quadratic objective terms
Variable types: 0 continuous, 12 integer (12 binary)
Coefficient statistics:
  Matrix range     [1e+00, 1e+00]
  Objective range  [7e+00, 1e+01]
  QObjective range [1e+00, 6e+00]
  Bounds range     [1e+00, 1e+00]
  RHS range        [6e+00, 6e+00]
Found heuristic solution: objective 1.7834475
Presolve time: 0.00s
Presolved: 67 rows, 78 columns, 210 nonzeros
Variable types: 0 continuous, 78 integer (78 binary)

Root relaxation: objective -3.699070e+01, 6 iterations, 0.00 seconds (0.00 work units)

    Nodes    |    Current Node    |     Objective Bounds      |     Work
 Expl Unexpl |  Obj  Depth IntInf | Incumbent    BestBd   Gap | It/Node Time

     0     0  -36.99070    0   12    1.78345  -36.99070  2174%     -    0s
H    0     0                      -0.8431019  -36.99070  4287%     -    0s
     0     0   -2.86233    0   20   -0.84310   -2.86233   240%     -    0s
     0     0   -2.86233    0   19   -0.84310   -2.86233   240%     -    0s
     0     0   -1.62504    0   41   -0.84310   -1.62504  92.7%     -    0s
     0     0   -1.61288    0   41   -0.84310   -1.61288  91.3%     -    0s
     0     0   -1.61288    0   41   -0.84310   -1.61288  91.3%     -    0s
     0     2   -1.54457    0   41   -0.84310   -1.54457  83.2%     -    0s

Cutting planes:
  Gomory: 2
  Dual implied bound: 15
  MIR: 10
  StrongCG: 2
  RLT: 10

Explored 7 nodes (272 simplex iterations) in 0.02 seconds (0.01 work units)
Thread count was 8 (of 96 available processors)

Solution count 2: -0.843102 1.78345 

Optimal solution found (tolerance 1.00e-06)
Best objective -8.431018504600e-01, best bound -8.431018504600e-01, gap 0.0000%

User-callback calls 196, time in user-callback 0.00 sec

Gurobi 13.0.0 (linux64) logging started Tue Mar 31 15:10:51 2026

Set parameter LogFile to value "logs/N=12_layers=3_presolve_on/N=12/seed=28/n_qaoa_layers=3/precond_pen=0.200.log"
Set parameter MIPGap to value 1e-06
Set parameter Threads to value 8
Gurobi Optimizer version 13.0.0 build v13.0.0rc1 (linux64 - "Oracle Linux Server 9.7")

CPU model: AMD EPYC 7643 48-Core Processor, instruction set [SSE2|AVX|AVX2]
Thread count: 48 physical cores, 96 logical processors, using up to 8 threads

Non-default parameters:
MIPGap  1e-06
Threads  8

Optimize a model with 1 rows, 12 columns and 12 nonzeros (Min)
Model fingerprint: 0xf3e57c32
Model has 12 linear objective coefficients and an objective constant of -3.6990701954375993e+01
Model has 66 quadratic objective terms
Variable types: 0 continuous, 12 integer (12 binary)
Coefficient statistics:
  Matrix range     [1e+00, 1e+00]
  Objective range  [7e+00, 1e+01]
  QObjective range [1e+00, 6e+00]
  Bounds range     [1e+00, 1e+00]
  RHS range        [6e+00, 6e+00]
Found heuristic solution: objective 1.7834475
Presolve time: 0.00s
Presolved: 67 rows, 78 columns, 210 nonzeros
Variable types: 0 continuous, 78 integer (78 binary)

Root relaxation: objective -3.699070e+01, 6 iterations, 0.00 seconds (0.00 work units)

    Nodes    |    Current Node    |     Objective Bounds      |     Work
 Expl Unexpl |  Obj  Depth IntInf | Incumbent    BestBd   Gap | It/Node Time

     0     0  -36.99070    0   12    1.78345  -36.99070  2174%     -    0s
H    0     0                      -0.8431019  -36.99070  4287%     -    0s
     0     0   -2.86233    0   20   -0.84310   -2.86233   240%     -    0s
     0     0   -2.86233    0   19   -0.84310   -2.86233   240%     -    0s
     0     0   -1.62504    0   41   -0.84310   -1.62504  92.7%     -    0s
     0     0   -1.61288    0   41   -0.84310   -1.61288  91.3%     -    0s
     0     0   -1.61288    0   41   -0.84310   -1.61288  91.3%     -    0s
     0     2   -1.54457    0   41   -0.84310   -1.54457  83.2%     -    0s

Cutting planes:
  Gomory: 2
  Dual implied bound: 15
  MIR: 10
  StrongCG: 2
  RLT: 10

Explored 7 nodes (272 simplex iterations) in 0.03 seconds (0.01 work units)
Thread count was 8 (of 96 available processors)

Solution count 2: -0.843102 1.78345 

Optimal solution found (tolerance 1.00e-06)
Best objective -8.431018504600e-01, best bound -8.431018504600e-01, gap 0.0000%

User-callback calls 197, time in user-callback 0.00 sec
