
Gurobi 13.0.0 (linux64) logging started Sun May  3 10:58:50 2026

Set parameter LogFile to value "logs/N=16_layers=2_presolve_off/N=16/seed=33/quantum_layers=2/precond_pen=0.400.log"
Set parameter MIPGap to value 1e-06
Set parameter Threads to value 8
Set parameter Presolve to value 0
Gurobi Optimizer version 13.0.0 build v13.0.0rc1 (linux64 - "Oracle Linux Server 9.7")

CPU model: AMD EPYC 7643 48-Core Processor, instruction set [SSE2|AVX|AVX2]
Thread count: 48 physical cores, 96 logical processors, using up to 8 threads

Non-default parameters:
MIPGap  1e-06
Presolve  0
Threads  8

Optimize a model with 1 rows, 16 columns and 16 nonzeros (Min)
Model fingerprint: 0x10490c9f
Model has 16 linear objective coefficients and an objective constant of 5.4008157812430024e+00
Model has 120 quadratic objective terms
Variable types: 0 continuous, 16 integer (16 binary)
Coefficient statistics:
  Matrix range     [1e+00, 1e+00]
  Objective range  [3e-01, 3e+00]
  QObjective range [1e-02, 3e+00]
  Bounds range     [1e+00, 1e+00]
  RHS range        [8e+00, 8e+00]
Found heuristic solution: objective -1.8997182
Variable types: 0 continuous, 136 integer (136 binary)

Root relaxation: objective -2.072648e+01, 26 iterations, 0.00 seconds (0.00 work units)

    Nodes    |    Current Node    |     Objective Bounds      |     Work
 Expl Unexpl |  Obj  Depth IntInf | Incumbent    BestBd   Gap | It/Node Time

     0     0  -20.72648    0   16   -1.89972  -20.72648   991%     -    0s
H    0     0                      -8.8092196  -20.72648   135%     -    0s
H    0     0                     -12.4791408  -20.72648  66.1%     -    0s
     0     0  -12.47914    0   53  -12.47914  -12.47914  0.00%     -    0s

Cutting planes:
  Gomory: 2
  MIR: 46
  Zero half: 37
  RLT: 37
  BQP: 131

Explored 1 nodes (188 simplex iterations) in 0.01 seconds (0.01 work units)
Thread count was 8 (of 96 available processors)

Solution count 3: -12.4791 -8.80922 -1.89972 
No other solutions better than -12.4791

Optimal solution found (tolerance 1.00e-06)
Best objective -1.247914075353e+01, best bound -1.247914075353e+01, gap 0.0000%

User-callback calls 67, time in user-callback 0.00 sec
