
Gurobi 13.0.0 (linux64) logging started Sun May  3 11:04:19 2026

Set parameter LogFile to value "logs/N=12_layers=1_presolve_on/N=12/seed=21/quantum_layers=1/precond_pen=0.300.log"
Set parameter MIPGap to value 1e-06
Set parameter Threads to value 8
Gurobi Optimizer version 13.0.0 build v13.0.0rc1 (linux64 - "Oracle Linux Server 9.7")

CPU model: AMD EPYC 7643 48-Core Processor, instruction set [SSE2|AVX|AVX2]
Thread count: 48 physical cores, 96 logical processors, using up to 8 threads

Non-default parameters:
MIPGap  1e-06
Threads  8

Optimize a model with 1 rows, 12 columns and 12 nonzeros (Min)
Model fingerprint: 0xb24123cd
Model has 12 linear objective coefficients and an objective constant of 3.2216788741639997e+00
Model has 66 quadratic objective terms
Variable types: 0 continuous, 12 integer (12 binary)
Coefficient statistics:
  Matrix range     [1e+00, 1e+00]
  Objective range  [3e-02, 3e+00]
  QObjective range [7e-02, 3e+00]
  Bounds range     [1e+00, 1e+00]
  RHS range        [6e+00, 6e+00]
Found heuristic solution: objective -1.1552385
Presolve time: 0.00s
Presolved: 67 rows, 78 columns, 210 nonzeros
Variable types: 0 continuous, 78 integer (78 binary)

Root relaxation: objective -1.082178e+01, 11 iterations, 0.00 seconds (0.00 work units)

    Nodes    |    Current Node    |     Objective Bounds      |     Work
 Expl Unexpl |  Obj  Depth IntInf | Incumbent    BestBd   Gap | It/Node Time

     0     0  -10.82178    0   12   -1.15524  -10.82178   837%     -    0s
H    0     0                      -1.3670764  -10.82178   692%     -    0s
H    0     0                      -4.6464602  -10.82178   133%     -    0s
H    0     0                      -4.8214062  -10.82178   124%     -    0s
     0     0   -4.93069    0   35   -4.82141   -4.93069  2.27%     -    0s

Cutting planes:
  Gomory: 7
  MIR: 89
  StrongCG: 8
  Flow cover: 1
  Zero half: 13
  RLT: 17
  BQP: 46

Explored 1 nodes (127 simplex iterations) in 0.02 seconds (0.01 work units)
Thread count was 8 (of 96 available processors)

Solution count 4: -4.82141 -4.64646 -1.36708 -1.15524 
No other solutions better than -4.82141

Optimal solution found (tolerance 1.00e-06)
Best objective -4.821406239598e+00, best bound -4.821406239598e+00, gap 0.0000%

User-callback calls 169, time in user-callback 0.00 sec
