
Gurobi 13.0.0 (linux64) logging started Sun May  3 11:04:19 2026

Set parameter LogFile to value "logs/N=12_layers=1_presolve_on/N=12/seed=21/quantum_layers=1/precond_pen=0.200.log"
Set parameter MIPGap to value 1e-06
Set parameter Threads to value 8
Gurobi Optimizer version 13.0.0 build v13.0.0rc1 (linux64 - "Oracle Linux Server 9.7")

CPU model: AMD EPYC 7643 48-Core Processor, instruction set [SSE2|AVX|AVX2]
Thread count: 48 physical cores, 96 logical processors, using up to 8 threads

Non-default parameters:
MIPGap  1e-06
Threads  8

Optimize a model with 1 rows, 12 columns and 12 nonzeros (Min)
Model fingerprint: 0xf6c31caf
Model has 12 linear objective coefficients and an objective constant of -3.471969875077
Model has 66 quadratic objective terms
Variable types: 0 continuous, 12 integer (12 binary)
Coefficient statistics:
  Matrix range     [1e+00, 1e+00]
  Objective range  [1e-01, 3e+00]
  QObjective range [5e-03, 3e+00]
  Bounds range     [1e+00, 1e+00]
  RHS range        [6e+00, 6e+00]
Found heuristic solution: objective -0.4977558
Presolve time: 0.00s
Presolved: 67 rows, 78 columns, 210 nonzeros
Variable types: 0 continuous, 78 integer (78 binary)

Root relaxation: objective -1.112178e+01, 13 iterations, 0.00 seconds (0.00 work units)

    Nodes    |    Current Node    |     Objective Bounds      |     Work
 Expl Unexpl |  Obj  Depth IntInf | Incumbent    BestBd   Gap | It/Node Time

     0     0  -11.12178    0   12   -0.49776  -11.12178  2134%     -    0s
H    0     0                      -1.3199500  -11.12178   743%     -    0s
H    0     0                      -3.7097962  -11.12178   200%     -    0s
H    0     0                      -3.7319843  -11.12178   198%     -    0s
H    0     0                      -4.0136879   -6.54715  63.1%     -    0s
     0     0   -5.04258    0   48   -4.01369   -5.04258  25.6%     -    0s

Cutting planes:
  Gomory: 6
  MIR: 15
  StrongCG: 1
  Zero half: 12
  RLT: 16
  BQP: 30

Explored 1 nodes (111 simplex iterations) in 0.01 seconds (0.01 work units)
Thread count was 8 (of 96 available processors)

Solution count 5: -4.01369 -3.73198 -3.7098 ... -0.497756
No other solutions better than -4.01369

Optimal solution found (tolerance 1.00e-06)
Best objective -4.013687858147e+00, best bound -4.013687858147e+00, gap 0.0000%

User-callback calls 169, time in user-callback 0.00 sec
