
Gurobi 13.0.0 (linux64) logging started Tue Mar 31 15:05:12 2026

Set parameter LogFile to value "logs/N=12_layers=2_presolve_on/N=12/seed=11/n_qaoa_layers=2/precond_pen=0.400.log"
Set parameter MIPGap to value 1e-06
Set parameter Threads to value 8
Gurobi Optimizer version 13.0.0 build v13.0.0rc1 (linux64 - "Oracle Linux Server 9.7")

CPU model: AMD EPYC 7643 48-Core Processor, instruction set [SSE2|AVX|AVX2]
Thread count: 48 physical cores, 96 logical processors, using up to 8 threads

Non-default parameters:
MIPGap  1e-06
Threads  8

Optimize a model with 1 rows, 12 columns and 12 nonzeros (Min)
Model fingerprint: 0x3670cc30
Model has 12 linear objective coefficients and an objective constant of 4.293004753758
Model has 66 quadratic objective terms
Variable types: 0 continuous, 12 integer (12 binary)
Coefficient statistics:
  Matrix range     [1e+00, 1e+00]
  Objective range  [1e+00, 2e+00]
  QObjective range [3e-02, 3e+00]
  Bounds range     [1e+00, 1e+00]
  RHS range        [6e+00, 6e+00]
Found heuristic solution: objective 2.2109470
Presolve time: 0.00s
Presolved: 67 rows, 78 columns, 210 nonzeros
Variable types: 0 continuous, 78 integer (78 binary)

Root relaxation: objective -1.162649e+01, 11 iterations, 0.00 seconds (0.00 work units)

    Nodes    |    Current Node    |     Objective Bounds      |     Work
 Expl Unexpl |  Obj  Depth IntInf | Incumbent    BestBd   Gap | It/Node Time

     0     0  -11.62649    0   12    2.21095  -11.62649   626%     -    0s
H    0     0                      -1.6220660  -11.62649   617%     -    0s
H    0     0                      -1.9195562  -11.62649   506%     -    0s
H    0     0                      -3.7364440  -11.62649   211%     -    0s
H    0     0                      -5.4903718  -11.62649   112%     -    0s
     0     0     cutoff    0        -5.49037   -5.49037  0.00%     -    0s

Cutting planes:
  Gomory: 1
  MIR: 18
  Zero half: 9
  RLT: 16
  BQP: 68

Explored 1 nodes (104 simplex iterations) in 0.01 seconds (0.00 work units)
Thread count was 8 (of 96 available processors)

Solution count 5: -5.49037 -3.73644 -1.91956 ... 2.21095
No other solutions better than -5.49037

Optimal solution found (tolerance 1.00e-06)
Best objective -5.490371796668e+00, best bound -5.490371796668e+00, gap 0.0000%

User-callback calls 166, time in user-callback 0.00 sec
