
Gurobi 13.0.0 (linux64) logging started Sun Mar 22 16:50:38 2026

Set parameter LogFile to value "logs/N=12_presolve_on/N=12/seed=23/n_qaoa_layers=1/precond_pen=0.200.log"
Set parameter MIPGap to value 1e-06
Set parameter Threads to value 8
Gurobi Optimizer version 13.0.0 build v13.0.0rc1 (linux64 - "Oracle Linux Server 9.7")

CPU model: AMD EPYC 7643 48-Core Processor, instruction set [SSE2|AVX|AVX2]
Thread count: 48 physical cores, 96 logical processors, using up to 8 threads

Non-default parameters:
MIPGap  1e-06
Threads  8

Optimize a model with 1 rows, 12 columns and 12 nonzeros (Min)
Model fingerprint: 0x3321e6b7
Model has 12 linear objective coefficients and an objective constant of -6.7028763976300008e+00
Model has 66 quadratic objective terms
Variable types: 0 continuous, 12 integer (12 binary)
Coefficient statistics:
  Matrix range     [1e+00, 1e+00]
  Objective range  [2e-01, 4e+00]
  QObjective range [1e-02, 4e+00]
  Bounds range     [1e+00, 1e+00]
  RHS range        [6e+00, 6e+00]
Found heuristic solution: objective 1.1421081
Presolve time: 0.00s
Presolved: 67 rows, 78 columns, 210 nonzeros
Variable types: 0 continuous, 78 integer (78 binary)

Root relaxation: objective -1.180821e+01, 11 iterations, 0.00 seconds (0.00 work units)

    Nodes    |    Current Node    |     Objective Bounds      |     Work
 Expl Unexpl |  Obj  Depth IntInf | Incumbent    BestBd   Gap | It/Node Time

     0     0  -11.80821    0   12    1.14211  -11.80821  1134%     -    0s
H    0     0                      -1.3337532  -11.80821   785%     -    0s
H    0     0                      -6.6604072  -11.80821  77.3%     -    0s
     0     0   -6.66041    0   35   -6.66041   -6.66041  0.00%     -    0s

Cutting planes:
  Gomory: 1
  MIR: 23
  Zero half: 18
  RLT: 22
  BQP: 57

Explored 1 nodes (83 simplex iterations) in 0.01 seconds (0.00 work units)
Thread count was 8 (of 96 available processors)

Solution count 3: -6.66041 -1.33375 1.14211 
No other solutions better than -6.66041

Optimal solution found (tolerance 1.00e-06)
Best objective -6.660407162648e+00, best bound -6.660407162648e+00, gap 0.0000%

User-callback calls 162, time in user-callback 0.00 sec
