
Gurobi 13.0.0 (linux64) logging started Sun May  3 10:58:32 2026

Set parameter LogFile to value "logs/N=16_layers=2_presolve_on/N=16/seed=24/quantum_layers=2/precond_pen=0.200.log"
Set parameter MIPGap to value 1e-06
Set parameter Threads to value 8
Gurobi Optimizer version 13.0.0 build v13.0.0rc1 (linux64 - "Oracle Linux Server 9.7")

CPU model: AMD EPYC 7643 48-Core Processor, instruction set [SSE2|AVX|AVX2]
Thread count: 48 physical cores, 96 logical processors, using up to 8 threads

Non-default parameters:
MIPGap  1e-06
Threads  8

Optimize a model with 1 rows, 16 columns and 16 nonzeros (Min)
Model fingerprint: 0x531f7eb2
Model has 16 linear objective coefficients and an objective constant of -1.5823636024979006e+01
Model has 120 quadratic objective terms
Variable types: 0 continuous, 16 integer (16 binary)
Coefficient statistics:
  Matrix range     [1e+00, 1e+00]
  Objective range  [3e-01, 7e+00]
  QObjective range [3e-02, 5e+00]
  Bounds range     [1e+00, 1e+00]
  RHS range        [8e+00, 8e+00]
Found heuristic solution: objective 0.3799837
Presolve time: 0.00s
Presolved: 121 rows, 136 columns, 376 nonzeros
Variable types: 0 continuous, 136 integer (136 binary)

Root relaxation: objective -2.509600e+01, 22 iterations, 0.00 seconds (0.00 work units)

    Nodes    |    Current Node    |     Objective Bounds      |     Work
 Expl Unexpl |  Obj  Depth IntInf | Incumbent    BestBd   Gap | It/Node Time

     0     0  -25.09600    0   16    0.37998  -25.09600  6704%     -    0s
H    0     0                      -6.7607699  -25.09600   271%     -    0s
H    0     0                      -9.3220696  -25.09600   169%     -    0s
     0     0  -14.23251    0   76   -9.32207  -14.23251  52.7%     -    0s
     0     0  -13.85901    0   63   -9.32207  -13.85901  48.7%     -    0s
     0     0  -11.31171    0   67   -9.32207  -11.31171  21.3%     -    0s
     0     0  -11.28711    0   67   -9.32207  -11.28711  21.1%     -    0s
     0     2  -11.28711    0   67   -9.32207  -11.28711  21.1%     -    0s

Cutting planes:
  Gomory: 3
  Dual implied bound: 6
  MIR: 15
  Zero half: 5
  RLT: 18
  BQP: 41

Explored 31 nodes (1201 simplex iterations) in 0.05 seconds (0.04 work units)
Thread count was 8 (of 96 available processors)

Solution count 3: -9.32207 -6.76077 0.379984 
No other solutions better than -9.32207

Optimal solution found (tolerance 1.00e-06)
Best objective -9.322069642495e+00, best bound -9.322069642495e+00, gap 0.0000%

User-callback calls 256, time in user-callback 0.00 sec
