
Gurobi 13.0.0 (linux64) logging started Sun May  3 10:58:32 2026

Set parameter LogFile to value "logs/N=16_layers=2_presolve_on/N=16/seed=24/quantum_layers=2/precond_pen=1.000.log"
Set parameter MIPGap to value 1e-06
Set parameter Threads to value 8
Gurobi Optimizer version 13.0.0 build v13.0.0rc1 (linux64 - "Oracle Linux Server 9.7")

CPU model: AMD EPYC 7643 48-Core Processor, instruction set [SSE2|AVX|AVX2]
Thread count: 48 physical cores, 96 logical processors, using up to 8 threads

Non-default parameters:
MIPGap  1e-06
Threads  8

Optimize a model with 1 rows, 16 columns and 16 nonzeros (Min)
Model fingerprint: 0xf317a583
Model has 16 linear objective coefficients and an objective constant of 7.3224626603050007e+00
Model has 120 quadratic objective terms
Variable types: 0 continuous, 16 integer (16 binary)
Coefficient statistics:
  Matrix range     [1e+00, 1e+00]
  Objective range  [2e+00, 2e+00]
  QObjective range [2e-02, 1e+00]
  Bounds range     [1e+00, 1e+00]
  RHS range        [8e+00, 8e+00]
Found heuristic solution: objective -0.5893158
Presolve time: 0.00s
Presolved: 121 rows, 136 columns, 376 nonzeros
Variable types: 0 continuous, 136 integer (136 binary)

Root relaxation: objective -7.338949e+00, 48 iterations, 0.00 seconds (0.00 work units)

    Nodes    |    Current Node    |     Objective Bounds      |     Work
 Expl Unexpl |  Obj  Depth IntInf | Incumbent    BestBd   Gap | It/Node Time

     0     0   -7.33895    0   16   -0.58932   -7.33895  1145%     -    0s
H    0     0                      -0.8191882   -7.33895   796%     -    0s
H    0     0                      -1.8000863   -7.33895   308%     -    0s
     0     0   -2.06800    0  118   -1.80009   -2.06800  14.9%     -    0s
     0     0   -1.98166    0  126   -1.80009   -1.98166  10.1%     -    0s
     0     0   -1.98166    0  126   -1.80009   -1.98166  10.1%     -    0s
     0     0   -1.98166    0  126   -1.80009   -1.98166  10.1%     -    0s
     0     2   -1.98166    0  125   -1.80009   -1.98166  10.1%     -    0s
*    7     0               3      -1.8169446   -1.92205  5.78%  65.3    0s

Cutting planes:
  Gomory: 1
  Dual implied bound: 7
  MIR: 47
  Zero half: 18
  RLT: 31
  BQP: 188

Explored 11 nodes (1392 simplex iterations) in 0.12 seconds (0.10 work units)
Thread count was 8 (of 96 available processors)

Solution count 4: -1.81694 -1.80009 -0.819188 -0.589316 
No other solutions better than -1.81694

Optimal solution found (tolerance 1.00e-06)
Best objective -1.816944609771e+00, best bound -1.816944609771e+00, gap 0.0000%

User-callback calls 229, time in user-callback 0.00 sec
