
Gurobi 13.0.0 (linux64) logging started Sun May  3 10:58:37 2026

Set parameter LogFile to value "logs/N=16_layers=2_presolve_on/N=16/seed=40/quantum_layers=2/precond_pen=0.200.log"
Set parameter MIPGap to value 1e-06
Set parameter Threads to value 8
Gurobi Optimizer version 13.0.0 build v13.0.0rc1 (linux64 - "Oracle Linux Server 9.7")

CPU model: AMD EPYC 7643 48-Core Processor, instruction set [SSE2|AVX|AVX2]
Thread count: 48 physical cores, 96 logical processors, using up to 8 threads

Non-default parameters:
MIPGap  1e-06
Threads  8

Optimize a model with 1 rows, 16 columns and 16 nonzeros (Min)
Model fingerprint: 0x3eb8e827
Model has 16 linear objective coefficients and an objective constant of -11.110513143659
Model has 120 quadratic objective terms
Variable types: 0 continuous, 16 integer (16 binary)
Coefficient statistics:
  Matrix range     [1e+00, 1e+00]
  Objective range  [4e-01, 6e+00]
  QObjective range [4e-02, 5e+00]
  Bounds range     [1e+00, 1e+00]
  RHS range        [8e+00, 8e+00]
Found heuristic solution: objective -4.2897444
Presolve time: 0.00s
Presolved: 121 rows, 136 columns, 376 nonzeros
Variable types: 0 continuous, 136 integer (136 binary)

Root relaxation: objective -2.748754e+01, 15 iterations, 0.00 seconds (0.00 work units)

    Nodes    |    Current Node    |     Objective Bounds      |     Work
 Expl Unexpl |  Obj  Depth IntInf | Incumbent    BestBd   Gap | It/Node Time

     0     0  -27.48754    0   16   -4.28974  -27.48754   541%     -    0s
H    0     0                      -8.4829842  -27.48754   224%     -    0s
H    0     0                     -16.7399761  -27.48754  64.2%     -    0s
     0     0  -16.73998    0   52  -16.73998  -16.73998  0.00%     -    0s

Cutting planes:
  Gomory: 2
  MIR: 31
  Zero half: 33
  RLT: 34
  BQP: 109

Explored 1 nodes (146 simplex iterations) in 0.01 seconds (0.01 work units)
Thread count was 8 (of 96 available processors)

Solution count 3: -16.74 -8.48298 -4.28974 
No other solutions better than -16.74

Optimal solution found (tolerance 1.00e-06)
Best objective -1.673997611236e+01, best bound -1.673997611236e+01, gap 0.0000%

User-callback calls 162, time in user-callback 0.00 sec
