
Gurobi 13.0.0 (linux64) logging started Sun Mar 22 16:50:41 2026

Set parameter LogFile to value "logs/N=12_presolve_on/N=12/seed=45/n_qaoa_layers=1/baseline.log"
Set parameter MIPGap to value 1e-06
Set parameter Threads to value 8
Gurobi Optimizer version 13.0.0 build v13.0.0rc1 (linux64 - "Oracle Linux Server 9.7")

CPU model: AMD EPYC 7643 48-Core Processor, instruction set [SSE2|AVX|AVX2]
Thread count: 48 physical cores, 96 logical processors, using up to 8 threads

Non-default parameters:
MIPGap  1e-06
Threads  8

Optimize a model with 1 rows, 12 columns and 12 nonzeros (Min)
Model fingerprint: 0x09520b46
Model has 12 linear objective coefficients and an objective constant of -2.0018292579138119e-12
Model has 66 quadratic objective terms
Variable types: 0 continuous, 12 integer (12 binary)
Coefficient statistics:
  Matrix range     [1e+00, 1e+00]
  Objective range  [5e+00, 1e+01]
  QObjective range [1e-01, 8e+00]
  Bounds range     [1e+00, 1e+00]
  RHS range        [6e+00, 6e+00]
Found heuristic solution: objective 36.1395043
Presolve time: 0.00s
Presolved: 67 rows, 78 columns, 210 nonzeros
Variable types: 0 continuous, 78 integer (78 binary)

Root relaxation: objective -2.000053e-12, 10 iterations, 0.00 seconds (0.00 work units)

    Nodes    |    Current Node    |     Objective Bounds      |     Work
 Expl Unexpl |  Obj  Depth IntInf | Incumbent    BestBd   Gap | It/Node Time

     0     0   -0.00000    0   12   36.13950   -0.00000   100%     -    0s
H    0     0                      35.2937262   -0.00000   100%     -    0s
H    0     0                      32.3937154   -0.00000   100%     -    0s
H    0     0                      31.8352366   -0.00000   100%     -    0s
     0     0   19.39105    0   15   31.83524   19.39105  39.1%     -    0s
     0     0   19.79017    0   17   31.83524   19.79017  37.8%     -    0s
     0     0   24.82461    0   44   31.83524   24.82461  22.0%     -    0s
     0     0   24.92419    0   44   31.83524   24.92419  21.7%     -    0s
     0     2   24.92419    0   44   31.83524   24.92419  21.7%     -    0s

Cutting planes:
  Gomory: 3
  Cover: 1
  Dual implied bound: 17
  MIR: 9
  RLT: 8

Explored 66 nodes (1161 simplex iterations) in 0.03 seconds (0.02 work units)
Thread count was 8 (of 96 available processors)

Solution count 4: 31.8352 32.3937 35.2937 36.1395 

Optimal solution found (tolerance 1.00e-06)
Best objective 3.183523660349e+01, best bound 3.183523660349e+01, gap 0.0000%

User-callback calls 318, time in user-callback 0.00 sec
