
Gurobi 13.0.0 (linux64) logging started Sun May  3 11:04:29 2026

Set parameter LogFile to value "logs/N=12_layers=1_presolve_off/N=12/seed=24/quantum_layers=1/precond_pen=0.100.log"
Set parameter MIPGap to value 1e-06
Set parameter Threads to value 8
Set parameter Presolve to value 0
Gurobi Optimizer version 13.0.0 build v13.0.0rc1 (linux64 - "Oracle Linux Server 9.7")

CPU model: AMD EPYC 7643 48-Core Processor, instruction set [SSE2|AVX|AVX2]
Thread count: 48 physical cores, 96 logical processors, using up to 8 threads

Non-default parameters:
MIPGap  1e-06
Presolve  0
Threads  8

Optimize a model with 1 rows, 12 columns and 12 nonzeros (Min)
Model fingerprint: 0x3ef0169f
Model has 12 linear objective coefficients and an objective constant of -1.7631386769795004e+01
Model has 66 quadratic objective terms
Variable types: 0 continuous, 12 integer (12 binary)
Coefficient statistics:
  Matrix range     [1e+00, 1e+00]
  Objective range  [5e+00, 7e+00]
  QObjective range [3e-01, 4e+00]
  Bounds range     [1e+00, 1e+00]
  RHS range        [6e+00, 6e+00]
Found heuristic solution: objective 0.8773805
Variable types: 0 continuous, 78 integer (78 binary)

Root relaxation: objective -1.763139e+01, 8 iterations, 0.00 seconds (0.00 work units)

    Nodes    |    Current Node    |     Objective Bounds      |     Work
 Expl Unexpl |  Obj  Depth IntInf | Incumbent    BestBd   Gap | It/Node Time

     0     0  -17.63139    0   12    0.87738  -17.63139  2110%     -    0s
H    0     0                      -3.1040261  -17.63139   468%     -    0s
     0     0   -7.43885    0   12   -3.10403   -7.43885   140%     -    0s
     0     0   -7.18179    0   22   -3.10403   -7.18179   131%     -    0s
     0     0   -5.51698    0   39   -3.10403   -5.51698  77.7%     -    0s
     0     0   -4.87819    0   25   -3.10403   -4.87819  57.2%     -    0s

Cutting planes:
  Gomory: 2
  Cover: 9
  MIR: 31
  StrongCG: 6
  Mod-K: 2
  RLT: 12

Explored 1 nodes (154 simplex iterations) in 0.03 seconds (0.01 work units)
Thread count was 8 (of 96 available processors)

Solution count 2: -3.10403 0.877381 
No other solutions better than -3.10403

Optimal solution found (tolerance 1.00e-06)
Best objective -3.104026102775e+00, best bound -3.104026102775e+00, gap 0.0000%

User-callback calls 84, time in user-callback 0.00 sec
