
Gurobi 13.0.0 (linux64) logging started Sun May  3 10:54:05 2026

Set parameter LogFile to value "logs/N=16_layers=1_presolve_on/N=16/seed=46/quantum_layers=1/baseline.log"
Set parameter MIPGap to value 1e-06
Set parameter Threads to value 8
Gurobi Optimizer version 13.0.0 build v13.0.0rc1 (linux64 - "Oracle Linux Server 9.7")

CPU model: AMD EPYC 7643 48-Core Processor, instruction set [SSE2|AVX|AVX2]
Thread count: 48 physical cores, 96 logical processors, using up to 8 threads

Non-default parameters:
MIPGap  1e-06
Threads  8

Optimize a model with 1 rows, 16 columns and 16 nonzeros (Min)
Model fingerprint: 0x04b3e068
Model has 16 linear objective coefficients
Model has 120 quadratic objective terms
Variable types: 0 continuous, 16 integer (16 binary)
Coefficient statistics:
  Matrix range     [1e+00, 1e+00]
  Objective range  [1e+01, 2e+01]
  QObjective range [6e-02, 8e+00]
  Bounds range     [1e+00, 1e+00]
  RHS range        [8e+00, 8e+00]
Found heuristic solution: objective 61.6732913
Presolve time: 0.00s
Presolved: 121 rows, 136 columns, 376 nonzeros
Variable types: 0 continuous, 136 integer (136 binary)

Root relaxation: objective 5.551115e-16, 6 iterations, 0.00 seconds (0.00 work units)

    Nodes    |    Current Node    |     Objective Bounds      |     Work
 Expl Unexpl |  Obj  Depth IntInf | Incumbent    BestBd   Gap | It/Node Time

     0     0    0.00000    0   16   61.67329    0.00000   100%     -    0s
H    0     0                      58.7164721    0.00000   100%     -    0s
H    0     0                      51.6570394    0.00000   100%     -    0s
H    0     0                      51.1910630   24.48108  52.2%     -    0s
     0     0   26.97344    0   22   51.19106   26.97344  47.3%     -    0s
     0     0   27.33544    0   26   51.19106   27.33544  46.6%     -    0s
     0     0   27.33544    0   27   51.19106   27.33544  46.6%     -    0s
     0     0   35.44838    0   66   51.19106   35.44838  30.8%     -    0s
     0     0   35.47030    0   66   51.19106   35.47030  30.7%     -    0s
     0     2   35.47030    0   66   51.19106   35.47030  30.7%     -    0s

Cutting planes:
  Gomory: 1
  Dual implied bound: 25
  MIR: 18
  RLT: 10

Explored 183 nodes (5505 simplex iterations) in 0.07 seconds (0.07 work units)
Thread count was 8 (of 96 available processors)

Solution count 4: 51.1911 51.657 58.7165 61.6733 

Optimal solution found (tolerance 1.00e-06)
Best objective 5.119106295310e+01, best bound 5.119106295310e+01, gap 0.0000%

User-callback calls 575, time in user-callback 0.00 sec
