
Gurobi 13.0.0 (linux64) logging started Sun May  3 10:54:06 2026

Set parameter LogFile to value "logs/N=16_layers=1_presolve_on/N=16/seed=46/quantum_layers=1/precond_pen=0.700.log"
Set parameter MIPGap to value 1e-06
Set parameter Threads to value 8
Gurobi Optimizer version 13.0.0 build v13.0.0rc1 (linux64 - "Oracle Linux Server 9.7")

CPU model: AMD EPYC 7643 48-Core Processor, instruction set [SSE2|AVX|AVX2]
Thread count: 48 physical cores, 96 logical processors, using up to 8 threads

Non-default parameters:
MIPGap  1e-06
Threads  8

Optimize a model with 1 rows, 16 columns and 16 nonzeros (Min)
Model fingerprint: 0x13e23b43
Model has 16 linear objective coefficients and an objective constant of 6.7301356998610027e+00
Model has 120 quadratic objective terms
Variable types: 0 continuous, 16 integer (16 binary)
Coefficient statistics:
  Matrix range     [1e+00, 1e+00]
  Objective range  [2e+00, 2e+00]
  QObjective range [6e-05, 9e-01]
  Bounds range     [1e+00, 1e+00]
  RHS range        [8e+00, 8e+00]
Found heuristic solution: objective -0.3556546
Presolve time: 0.00s
Presolved: 121 rows, 136 columns, 376 nonzeros
Variable types: 0 continuous, 136 integer (136 binary)

Root relaxation: objective -6.737324e+00, 25 iterations, 0.00 seconds (0.00 work units)

    Nodes    |    Current Node    |     Objective Bounds      |     Work
 Expl Unexpl |  Obj  Depth IntInf | Incumbent    BestBd   Gap | It/Node Time

     0     0   -6.73732    0   16   -0.35565   -6.73732  1794%     -    0s
H    0     0                      -0.8199443   -6.73732   722%     -    0s
H    0     0                      -1.5542697   -6.73732   333%     -    0s
     0     0   -1.92435    0  115   -1.55427   -1.92435  23.8%     -    0s
H    0     0                      -1.6194625   -1.77302  9.48%     -    0s
     0     0   -1.77302    0  125   -1.61946   -1.77302  9.48%     -    0s
     0     0   -1.77302    0  125   -1.61946   -1.77302  9.48%     -    0s
     0     0   -1.77302    0  125   -1.61946   -1.77302  9.48%     -    0s
     0     2   -1.77302    0  125   -1.61946   -1.77302  9.48%     -    0s

Cutting planes:
  Gomory: 1
  Dual implied bound: 5
  MIR: 38
  Zero half: 10
  RLT: 26
  BQP: 160

Explored 9 nodes (1290 simplex iterations) in 0.11 seconds (0.09 work units)
Thread count was 8 (of 96 available processors)

Solution count 4: -1.61946 -1.55427 -0.819944 -0.355655 
No other solutions better than -1.61946

Optimal solution found (tolerance 1.00e-06)
Best objective -1.619462457673e+00, best bound -1.619462457673e+00, gap 0.0000%

User-callback calls 221, time in user-callback 0.00 sec
