
Gurobi 13.0.0 (linux64) logging started Sun May  3 10:54:06 2026

Set parameter LogFile to value "logs/N=16_layers=1_presolve_on/N=16/seed=46/quantum_layers=1/precond_pen=0.500.log"
Set parameter MIPGap to value 1e-06
Set parameter Threads to value 8
Gurobi Optimizer version 13.0.0 build v13.0.0rc1 (linux64 - "Oracle Linux Server 9.7")

CPU model: AMD EPYC 7643 48-Core Processor, instruction set [SSE2|AVX|AVX2]
Thread count: 48 physical cores, 96 logical processors, using up to 8 threads

Non-default parameters:
MIPGap  1e-06
Threads  8

Optimize a model with 1 rows, 16 columns and 16 nonzeros (Min)
Model fingerprint: 0xbfe62207
Model has 16 linear objective coefficients and an objective constant of 6.4972265557620013e+00
Model has 120 quadratic objective terms
Variable types: 0 continuous, 16 integer (16 binary)
Coefficient statistics:
  Matrix range     [1e+00, 1e+00]
  Objective range  [1e+00, 2e+00]
  QObjective range [2e-03, 1e+00]
  Bounds range     [1e+00, 1e+00]
  RHS range        [8e+00, 8e+00]
Found heuristic solution: objective -0.2465185
Presolve time: 0.00s
Presolved: 121 rows, 136 columns, 376 nonzeros
Variable types: 0 continuous, 136 integer (136 binary)

Root relaxation: objective -7.642138e+00, 32 iterations, 0.00 seconds (0.00 work units)

    Nodes    |    Current Node    |     Objective Bounds      |     Work
 Expl Unexpl |  Obj  Depth IntInf | Incumbent    BestBd   Gap | It/Node Time

     0     0   -7.64214    0   16   -0.24652   -7.64214  3000%     -    0s
H    0     0                      -0.4396296   -7.64214  1638%     -    0s
H    0     0                      -0.8514241   -7.64214   798%     -    0s
H    0     0                      -1.0891293   -7.64214   602%     -    0s
H    0     0                      -2.5125922   -7.64214   204%     -    0s
     0     0   -2.76000    0   70   -2.51259   -2.76000  9.85%     -    0s
H    0     0                      -2.6466308   -2.76000  4.28%     -    0s

Cutting planes:
  Gomory: 14
  MIR: 193
  Zero half: 23
  RLT: 24
  BQP: 179

Explored 1 nodes (358 simplex iterations) in 0.04 seconds (0.03 work units)
Thread count was 8 (of 96 available processors)

Solution count 6: -2.64663 -2.51259 -1.08913 ... -0.246519
No other solutions better than -2.64663

Optimal solution found (tolerance 1.00e-06)
Best objective -2.646630787364e+00, best bound -2.646630787364e+00, gap 0.0000%

User-callback calls 177, time in user-callback 0.00 sec
