
Gurobi 13.0.0 (linux64) logging started Sun May  3 10:54:05 2026

Set parameter LogFile to value "logs/N=16_layers=1_presolve_on/N=16/seed=46/quantum_layers=1/precond_pen=0.400.log"
Set parameter MIPGap to value 1e-06
Set parameter Threads to value 8
Gurobi Optimizer version 13.0.0 build v13.0.0rc1 (linux64 - "Oracle Linux Server 9.7")

CPU model: AMD EPYC 7643 48-Core Processor, instruction set [SSE2|AVX|AVX2]
Thread count: 48 physical cores, 96 logical processors, using up to 8 threads

Non-default parameters:
MIPGap  1e-06
Threads  8

Optimize a model with 1 rows, 16 columns and 16 nonzeros (Min)
Model fingerprint: 0xedd0444d
Model has 16 linear objective coefficients and an objective constant of 5.869793900652
Model has 120 quadratic objective terms
Variable types: 0 continuous, 16 integer (16 binary)
Coefficient statistics:
  Matrix range     [1e+00, 1e+00]
  Objective range  [1e+00, 2e+00]
  QObjective range [9e-03, 2e+00]
  Bounds range     [1e+00, 1e+00]
  RHS range        [8e+00, 8e+00]
Found heuristic solution: objective -0.0576713
Presolve time: 0.00s
Presolved: 121 rows, 136 columns, 376 nonzeros
Variable types: 0 continuous, 136 integer (136 binary)

Root relaxation: objective -1.018352e+01, 33 iterations, 0.00 seconds (0.00 work units)

    Nodes    |    Current Node    |     Objective Bounds      |     Work
 Expl Unexpl |  Obj  Depth IntInf | Incumbent    BestBd   Gap | It/Node Time

     0     0  -10.18352    0   16   -0.05767  -10.18352      -     -    0s
H    0     0                      -1.8172554  -10.18352   460%     -    0s
H    0     0                      -3.0819264  -10.18352   230%     -    0s
H    0     0                      -4.1453280  -10.18352   146%     -    0s
     0     0   -4.30789    0   68   -4.14533   -4.30789  3.92%     -    0s

Cutting planes:
  Gomory: 6
  MIR: 106
  StrongCG: 1
  Zero half: 18
  RLT: 24
  BQP: 135

Explored 1 nodes (295 simplex iterations) in 0.03 seconds (0.02 work units)
Thread count was 8 (of 96 available processors)

Solution count 4: -4.14533 -3.08193 -1.81726 -0.0576713 
No other solutions better than -4.14533

Optimal solution found (tolerance 1.00e-06)
Best objective -4.145327974926e+00, best bound -4.145327974926e+00, gap 0.0000%

User-callback calls 172, time in user-callback 0.00 sec
