
Gurobi 13.0.0 (linux64) logging started Sun May  3 10:54:05 2026

Set parameter LogFile to value "logs/N=16_layers=1_presolve_on/N=16/seed=46/quantum_layers=1/precond_pen=0.000.log"
Set parameter MIPGap to value 1e-06
Set parameter Threads to value 8
Gurobi Optimizer version 13.0.0 build v13.0.0rc1 (linux64 - "Oracle Linux Server 9.7")

CPU model: AMD EPYC 7643 48-Core Processor, instruction set [SSE2|AVX|AVX2]
Thread count: 48 physical cores, 96 logical processors, using up to 8 threads

Non-default parameters:
MIPGap  1e-06
Threads  8

Optimize a model with 1 rows, 16 columns and 16 nonzeros (Min)
Model fingerprint: 0x77305a7b
Model has 16 linear objective coefficients and an objective constant of -4.3629037799319995e+01
Model has 120 quadratic objective terms
Variable types: 0 continuous, 16 integer (16 binary)
Coefficient statistics:
  Matrix range     [1e+00, 1e+00]
  Objective range  [1e+01, 1e+01]
  QObjective range [2e+00, 4e+00]
  Bounds range     [1e+00, 1e+00]
  RHS range        [8e+00, 8e+00]
Found heuristic solution: objective 3.1036002
Presolve time: 0.00s
Presolved: 121 rows, 136 columns, 376 nonzeros
Variable types: 0 continuous, 136 integer (136 binary)

Root relaxation: objective -4.362904e+01, 10 iterations, 0.00 seconds (0.00 work units)

    Nodes    |    Current Node    |     Objective Bounds      |     Work
 Expl Unexpl |  Obj  Depth IntInf | Incumbent    BestBd   Gap | It/Node Time

     0     0  -43.62904    0   16    3.10360  -43.62904  1506%     -    0s
H    0     0                       2.2053979  -43.62904  2078%     -    0s
H    0     0                       0.3288519  -43.62904      -     -    0s
     0     0   -4.74374    0   16    0.32885   -4.74374  1543%     -    0s
     0     0   -4.56455    0   26    0.32885   -4.56455  1488%     -    0s
     0     0   -2.67160    0   63    0.32885   -2.67160   912%     -    0s
     0     0   -2.65568    0   63    0.32885   -2.65568   908%     -    0s
     0     2   -2.61855    0   63    0.32885   -2.61855   896%     -    0s

Cutting planes:
  Dual implied bound: 21
  MIR: 16
  StrongCG: 1
  RLT: 14

Explored 77 nodes (2816 simplex iterations) in 0.06 seconds (0.05 work units)
Thread count was 8 (of 96 available processors)

Solution count 3: 0.328852 2.2054 3.1036 

Optimal solution found (tolerance 1.00e-06)
Best objective 3.288518590500e-01, best bound 3.288518590500e-01, gap 0.0000%

User-callback calls 350, time in user-callback 0.00 sec
