
Gurobi 13.0.0 (linux64) logging started Sun May  3 11:04:25 2026

Set parameter LogFile to value "logs/N=12_layers=1_presolve_off/N=12/seed=1/quantum_layers=1/precond_pen=1.000.log"
Set parameter MIPGap to value 1e-06
Set parameter Threads to value 8
Set parameter Presolve to value 0
Gurobi Optimizer version 13.0.0 build v13.0.0rc1 (linux64 - "Oracle Linux Server 9.7")

CPU model: AMD EPYC 7643 48-Core Processor, instruction set [SSE2|AVX|AVX2]
Thread count: 48 physical cores, 96 logical processors, using up to 8 threads

Non-default parameters:
MIPGap  1e-06
Presolve  0
Threads  8

Optimize a model with 1 rows, 12 columns and 12 nonzeros (Min)
Model fingerprint: 0xe92ed34c
Model has 12 linear objective coefficients and an objective constant of 4.904982941581
Model has 66 quadratic objective terms
Variable types: 0 continuous, 12 integer (12 binary)
Coefficient statistics:
  Matrix range     [1e+00, 1e+00]
  Objective range  [1e+00, 2e+00]
  QObjective range [3e-01, 9e-01]
  Bounds range     [1e+00, 1e+00]
  RHS range        [6e+00, 6e+00]
Found heuristic solution: objective -0.4197178
Variable types: 0 continuous, 78 integer (78 binary)

Root relaxation: objective -4.904983e+00, 19 iterations, 0.00 seconds (0.00 work units)

    Nodes    |    Current Node    |     Objective Bounds      |     Work
 Expl Unexpl |  Obj  Depth IntInf | Incumbent    BestBd   Gap | It/Node Time

     0     0   -4.90498    0   12   -0.41972   -4.90498  1069%     -    0s
H    0     0                      -0.6680283   -4.90498   634%     -    0s
H    0     0                      -0.8118944   -4.90498   504%     -    0s
H    0     0                      -1.0907004   -4.90498   350%     -    0s
     0     0     cutoff    0        -1.09070   -1.09070  0.00%     -    0s

Cutting planes:
  Gomory: 2
  MIR: 52
  Zero half: 23
  RLT: 25
  BQP: 145

Explored 1 nodes (267 simplex iterations) in 0.01 seconds (0.01 work units)
Thread count was 8 (of 96 available processors)

Solution count 4: -1.0907 -0.811894 -0.668028 -0.419718 
No other solutions better than -1.0907

Optimal solution found (tolerance 1.00e-06)
Best objective -1.090700449693e+00, best bound -1.090700449693e+00, gap 0.0000%

User-callback calls 68, time in user-callback 0.00 sec
