
Gurobi 13.0.0 (linux64) logging started Sun May  3 10:58:53 2026

Set parameter LogFile to value "logs/N=16_layers=2_presolve_off/N=16/seed=45/quantum_layers=2/precond_pen=0.200.log"
Set parameter MIPGap to value 1e-06
Set parameter Threads to value 8
Set parameter Presolve to value 0
Gurobi Optimizer version 13.0.0 build v13.0.0rc1 (linux64 - "Oracle Linux Server 9.7")

CPU model: AMD EPYC 7643 48-Core Processor, instruction set [SSE2|AVX|AVX2]
Thread count: 48 physical cores, 96 logical processors, using up to 8 threads

Non-default parameters:
MIPGap  1e-06
Presolve  0
Threads  8

Optimize a model with 1 rows, 16 columns and 16 nonzeros (Min)
Model fingerprint: 0x0a415509
Model has 16 linear objective coefficients and an objective constant of -1.6844246730058003e+01
Model has 120 quadratic objective terms
Variable types: 0 continuous, 16 integer (16 binary)
Coefficient statistics:
  Matrix range     [1e+00, 1e+00]
  Objective range  [5e-01, 8e+00]
  QObjective range [1e-02, 5e+00]
  Bounds range     [1e+00, 1e+00]
  RHS range        [8e+00, 8e+00]
Found heuristic solution: objective 2.0960884
Variable types: 0 continuous, 136 integer (136 binary)

Root relaxation: objective -2.489315e+01, 22 iterations, 0.00 seconds (0.00 work units)

    Nodes    |    Current Node    |     Objective Bounds      |     Work
 Expl Unexpl |  Obj  Depth IntInf | Incumbent    BestBd   Gap | It/Node Time

     0     0  -24.89315    0   16    2.09609  -24.89315  1288%     -    0s
H    0     0                      -1.2483273  -24.89315  1894%     -    0s
H    0     0                      -1.5452604  -24.89315  1511%     -    0s
H    0     0                      -7.1130644  -24.89315   250%     -    0s
H    0     0                      -8.4268596  -19.70478   134%     -    0s
     0     0  -13.98521    0   81   -8.42686  -13.98521  66.0%     -    0s
H    0     0                      -8.8051713  -13.98521  58.8%     -    0s
     0     0  -13.84959    0   81   -8.80517  -13.84959  57.3%     -    0s
     0     0  -11.24928    0   96   -8.80517  -11.24928  27.8%     -    0s
     0     0  -11.24928    0   96   -8.80517  -11.24928  27.8%     -    0s
     0     2  -11.24928    0   96   -8.80517  -11.24928  27.8%     -    0s

Cutting planes:
  Gomory: 4
  MIR: 15
  Zero half: 11
  RLT: 21
  BQP: 35

Explored 59 nodes (1964 simplex iterations) in 0.06 seconds (0.05 work units)
Thread count was 8 (of 96 available processors)

Solution count 6: -8.80517 -8.42686 -7.11306 ... 2.09609
No other solutions better than -8.80517

Optimal solution found (tolerance 1.00e-06)
Best objective -8.805171294344e+00, best bound -8.805171294344e+00, gap 0.0000%

User-callback calls 228, time in user-callback 0.00 sec
