
Gurobi 13.0.0 (linux64) logging started Sun May  3 10:58:53 2026

Set parameter LogFile to value "logs/N=16_layers=2_presolve_off/N=16/seed=45/quantum_layers=2/precond_pen=0.700.log"
Set parameter MIPGap to value 1e-06
Set parameter Threads to value 8
Set parameter Presolve to value 0
Gurobi Optimizer version 13.0.0 build v13.0.0rc1 (linux64 - "Oracle Linux Server 9.7")

CPU model: AMD EPYC 7643 48-Core Processor, instruction set [SSE2|AVX|AVX2]
Thread count: 48 physical cores, 96 logical processors, using up to 8 threads

Non-default parameters:
MIPGap  1e-06
Presolve  0
Threads  8

Optimize a model with 1 rows, 16 columns and 16 nonzeros (Min)
Model fingerprint: 0xd80f4ce7
Model has 16 linear objective coefficients and an objective constant of 6.4049630424359991e+00
Model has 120 quadratic objective terms
Variable types: 0 continuous, 16 integer (16 binary)
Coefficient statistics:
  Matrix range     [1e+00, 1e+00]
  Objective range  [1e+00, 2e+00]
  QObjective range [9e-03, 2e+00]
  Bounds range     [1e+00, 1e+00]
  RHS range        [8e+00, 8e+00]
Found heuristic solution: objective 0.1172287
Variable types: 0 continuous, 136 integer (136 binary)

Root relaxation: objective -1.138535e+01, 40 iterations, 0.00 seconds (0.00 work units)

    Nodes    |    Current Node    |     Objective Bounds      |     Work
 Expl Unexpl |  Obj  Depth IntInf | Incumbent    BestBd   Gap | It/Node Time

     0     0  -11.38535    0   16    0.11723  -11.38535  9812%     -    0s
H    0     0                      -0.4639422  -11.38535  2354%     -    0s
H    0     0                      -1.5732810  -11.38535   624%     -    0s
H    0     0                      -2.0670443  -11.38535   451%     -    0s
H    0     0                      -4.6800066  -11.38535   143%     -    0s
H    0     0                      -4.7211294  -11.38535   141%     -    0s
     0     0   -5.39676    0   67   -4.72113   -5.39676  14.3%     -    0s
H    0     0                      -4.7444290   -5.39676  13.7%     -    0s
H    0     0                      -4.9952815   -5.39676  8.04%     -    0s

Cutting planes:
  Gomory: 6
  MIR: 116
  StrongCG: 6
  Zero half: 31
  RLT: 20
  BQP: 105

Explored 1 nodes (292 simplex iterations) in 0.03 seconds (0.02 work units)
Thread count was 8 (of 96 available processors)

Solution count 8: -4.99528 -4.74443 -4.72113 ... 0.117229
No other solutions better than -4.99528

Optimal solution found (tolerance 1.00e-06)
Best objective -4.995281530966e+00, best bound -4.995281530966e+00, gap 0.0000%

User-callback calls 86, time in user-callback 0.00 sec
