
Gurobi 13.0.0 (linux64) logging started Sun Mar 22 16:50:39 2026

Set parameter LogFile to value "logs/N=12_presolve_on/N=12/seed=31/n_qaoa_layers=1/baseline.log"
Set parameter MIPGap to value 1e-06
Set parameter Threads to value 8
Gurobi Optimizer version 13.0.0 build v13.0.0rc1 (linux64 - "Oracle Linux Server 9.7")

CPU model: AMD EPYC 7643 48-Core Processor, instruction set [SSE2|AVX|AVX2]
Thread count: 48 physical cores, 96 logical processors, using up to 8 threads

Non-default parameters:
MIPGap  1e-06
Threads  8

Optimize a model with 1 rows, 12 columns and 12 nonzeros (Min)
Model fingerprint: 0x51a502a7
Model has 12 linear objective coefficients
Model has 66 quadratic objective terms
Variable types: 0 continuous, 12 integer (12 binary)
Coefficient statistics:
  Matrix range     [1e+00, 1e+00]
  Objective range  [8e+00, 1e+01]
  QObjective range [2e-01, 8e+00]
  Bounds range     [1e+00, 1e+00]
  RHS range        [6e+00, 6e+00]
Found heuristic solution: objective 33.0283340
Presolve time: 0.00s
Presolved: 67 rows, 78 columns, 210 nonzeros
Variable types: 0 continuous, 78 integer (78 binary)

Root relaxation: objective -2.775558e-15, 5 iterations, 0.00 seconds (0.00 work units)

    Nodes    |    Current Node    |     Objective Bounds      |     Work
 Expl Unexpl |  Obj  Depth IntInf | Incumbent    BestBd   Gap | It/Node Time

     0     0   -0.00000    0   12   33.02833   -0.00000   100%     -    0s
H    0     0                      31.3972887   -0.00000   100%     -    0s
H    0     0                      31.0357218   20.79413  33.0%     -    0s
     0     0   20.79413    0   12   31.03572   20.79413  33.0%     -    0s
     0     0   20.89743    0   18   31.03572   20.89743  32.7%     -    0s
     0     0   25.66131    0   40   31.03572   25.66131  17.3%     -    0s
     0     0   25.77498    0   40   31.03572   25.77498  17.0%     -    0s
     0     2   25.77498    0   40   31.03572   25.77498  17.0%     -    0s

Cutting planes:
  Cover: 2
  Dual implied bound: 11
  MIR: 8
  RLT: 10

Explored 38 nodes (931 simplex iterations) in 0.03 seconds (0.02 work units)
Thread count was 8 (of 96 available processors)

Solution count 3: 31.0357 31.3973 33.0283 

Optimal solution found (tolerance 1.00e-06)
Best objective 3.103572184738e+01, best bound 3.103572184738e+01, gap 0.0000%

User-callback calls 259, time in user-callback 0.00 sec
