
Gurobi 13.0.0 (linux64) logging started Sun May  3 10:53:38 2026

Set parameter LogFile to value "logs/N=16_layers=1_presolve_on/N=16/seed=0/quantum_layers=1/baseline.log"
Set parameter MIPGap to value 1e-06
Set parameter Threads to value 8
Gurobi Optimizer version 13.0.0 build v13.0.0rc1 (linux64 - "Oracle Linux Server 9.7")

CPU model: AMD EPYC 7643 48-Core Processor, instruction set [SSE2|AVX|AVX2]
Thread count: 48 physical cores, 96 logical processors, using up to 8 threads

Non-default parameters:
MIPGap  1e-06
Threads  8

Optimize a model with 1 rows, 16 columns and 16 nonzeros (Min)
Model fingerprint: 0x5953c928
Model has 16 linear objective coefficients
Model has 120 quadratic objective terms
Variable types: 0 continuous, 16 integer (16 binary)
Coefficient statistics:
  Matrix range     [1e+00, 1e+00]
  Objective range  [1e+01, 2e+01]
  QObjective range [2e-02, 8e+00]
  Bounds range     [1e+00, 1e+00]
  RHS range        [8e+00, 8e+00]
Found heuristic solution: objective 73.0374540
Presolve time: 0.00s
Presolved: 121 rows, 136 columns, 376 nonzeros
Variable types: 0 continuous, 136 integer (136 binary)

Root relaxation: objective -1.361411e-14, 6 iterations, 0.00 seconds (0.00 work units)

    Nodes    |    Current Node    |     Objective Bounds      |     Work
 Expl Unexpl |  Obj  Depth IntInf | Incumbent    BestBd   Gap | It/Node Time

     0     0   -0.00000    0   16   73.03745   -0.00000   100%     -    0s
H    0     0                      70.5048000   -0.00000   100%     -    0s
H    0     0                      52.1531858   -0.00000   100%     -    0s
     0     0   29.68381    0   19   52.15319   29.68381  43.1%     -    0s
     0     0   31.16100    0   21   52.15319   31.16100  40.3%     -    0s
     0     0   36.72731    0   63   52.15319   36.72731  29.6%     -    0s
     0     0   38.40944    0   70   52.15319   38.40944  26.4%     -    0s
     0     0   38.45807    0   71   52.15319   38.45807  26.3%     -    0s
     0     0   45.90337    0   91   52.15319   45.90337  12.0%     -    0s
     0     0   46.25856    0   91   52.15319   46.25856  11.3%     -    0s
     0     2   46.25856    0   91   52.15319   46.25856  11.3%     -    0s

Cutting planes:
  Cover: 26
  Dual implied bound: 37
  MIR: 31
  RLT: 14

Explored 20 nodes (1180 simplex iterations) in 0.09 seconds (0.06 work units)
Thread count was 8 (of 96 available processors)

Solution count 3: 52.1532 70.5048 73.0375 

Optimal solution found (tolerance 1.00e-06)
Best objective 5.215318583221e+01, best bound 5.215318583221e+01, gap 0.0000%

User-callback calls 252, time in user-callback 0.00 sec
