
Gurobi 13.0.0 (linux64) logging started Sun May  3 10:53:38 2026

Set parameter LogFile to value "logs/N=16_layers=1_presolve_on/N=16/seed=0/quantum_layers=1/precond_pen=0.700.log"
Set parameter MIPGap to value 1e-06
Set parameter Threads to value 8
Gurobi Optimizer version 13.0.0 build v13.0.0rc1 (linux64 - "Oracle Linux Server 9.7")

CPU model: AMD EPYC 7643 48-Core Processor, instruction set [SSE2|AVX|AVX2]
Thread count: 48 physical cores, 96 logical processors, using up to 8 threads

Non-default parameters:
MIPGap  1e-06
Threads  8

Optimize a model with 1 rows, 16 columns and 16 nonzeros (Min)
Model fingerprint: 0xb99cb996
Model has 16 linear objective coefficients and an objective constant of 6.6890241869859990e+00
Model has 120 quadratic objective terms
Variable types: 0 continuous, 16 integer (16 binary)
Coefficient statistics:
  Matrix range     [1e+00, 1e+00]
  Objective range  [2e+00, 2e+00]
  QObjective range [3e-03, 1e+00]
  Bounds range     [1e+00, 1e+00]
  RHS range        [8e+00, 8e+00]
Found heuristic solution: objective 0.0828010
Presolve time: 0.00s
Presolved: 121 rows, 136 columns, 376 nonzeros
Variable types: 0 continuous, 136 integer (136 binary)

Root relaxation: objective -6.697747e+00, 38 iterations, 0.00 seconds (0.00 work units)

    Nodes    |    Current Node    |     Objective Bounds      |     Work
 Expl Unexpl |  Obj  Depth IntInf | Incumbent    BestBd   Gap | It/Node Time

     0     0   -6.69775    0   16    0.08280   -6.69775  8189%     -    0s
H    0     0                      -0.5519349   -6.69775  1114%     -    0s
H    0     0                      -0.5617192   -6.69775  1092%     -    0s
H    0     0                      -0.7079339   -6.69775   846%     -    0s
H    0     0                      -2.7672589   -6.69775   142%     -    0s
     0     0     cutoff    0        -2.76726   -2.76726  0.00%     -    0s

Cutting planes:
  Gomory: 1
  MIR: 83
  Zero half: 47
  RLT: 44
  BQP: 389

Explored 1 nodes (229 simplex iterations) in 0.02 seconds (0.02 work units)
Thread count was 8 (of 96 available processors)

Solution count 5: -2.76726 -0.707934 -0.561719 ... 0.082801
No other solutions better than -2.76726

Optimal solution found (tolerance 1.00e-06)
Best objective -2.767258875658e+00, best bound -2.767258875658e+00, gap 0.0000%

User-callback calls 167, time in user-callback 0.00 sec
