
Gurobi 13.0.0 (linux64) logging started Sun May  3 10:53:38 2026

Set parameter LogFile to value "logs/N=16_layers=1_presolve_on/N=16/seed=0/quantum_layers=1/precond_pen=0.400.log"
Set parameter MIPGap to value 1e-06
Set parameter Threads to value 8
Gurobi Optimizer version 13.0.0 build v13.0.0rc1 (linux64 - "Oracle Linux Server 9.7")

CPU model: AMD EPYC 7643 48-Core Processor, instruction set [SSE2|AVX|AVX2]
Thread count: 48 physical cores, 96 logical processors, using up to 8 threads

Non-default parameters:
MIPGap  1e-06
Threads  8

Optimize a model with 1 rows, 16 columns and 16 nonzeros (Min)
Model fingerprint: 0xdacaa741
Model has 16 linear objective coefficients and an objective constant of 4.983956060619
Model has 120 quadratic objective terms
Variable types: 0 continuous, 16 integer (16 binary)
Coefficient statistics:
  Matrix range     [1e+00, 1e+00]
  Objective range  [8e-01, 2e+00]
  QObjective range [2e-02, 3e+00]
  Bounds range     [1e+00, 1e+00]
  RHS range        [8e+00, 8e+00]
Found heuristic solution: objective 1.6341789
Presolve time: 0.00s
Presolved: 121 rows, 136 columns, 376 nonzeros
Variable types: 0 continuous, 136 integer (136 binary)

Root relaxation: objective -1.423096e+01, 26 iterations, 0.00 seconds (0.00 work units)

    Nodes    |    Current Node    |     Objective Bounds      |     Work
 Expl Unexpl |  Obj  Depth IntInf | Incumbent    BestBd   Gap | It/Node Time

     0     0  -14.23096    0   16    1.63418  -14.23096   971%     -    0s
H    0     0                       0.1746415  -14.23096  8249%     -    0s
H    0     0                      -0.9771206  -14.23096  1356%     -    0s
H    0     0                      -9.5645741  -14.23096  48.8%     -    0s
     0     0     cutoff    0        -9.56457   -9.56457  0.00%     -    0s

Cutting planes:
  Gomory: 1
  MIR: 59
  Zero half: 32
  RLT: 32
  BQP: 148

Explored 1 nodes (150 simplex iterations) in 0.01 seconds (0.01 work units)
Thread count was 8 (of 96 available processors)

Solution count 4: -9.56457 -0.977121 0.174641 1.63418 
No other solutions better than -9.56457

Optimal solution found (tolerance 1.00e-06)
Best objective -9.564574079873e+00, best bound -9.564574079873e+00, gap 0.0000%

User-callback calls 164, time in user-callback 0.00 sec
