
Gurobi 13.0.0 (linux64) logging started Sun May  3 10:53:38 2026

Set parameter LogFile to value "logs/N=16_layers=1_presolve_on/N=16/seed=0/quantum_layers=1/precond_pen=0.600.log"
Set parameter MIPGap to value 1e-06
Set parameter Threads to value 8
Gurobi Optimizer version 13.0.0 build v13.0.0rc1 (linux64 - "Oracle Linux Server 9.7")

CPU model: AMD EPYC 7643 48-Core Processor, instruction set [SSE2|AVX|AVX2]
Thread count: 48 physical cores, 96 logical processors, using up to 8 threads

Non-default parameters:
MIPGap  1e-06
Threads  8

Optimize a model with 1 rows, 16 columns and 16 nonzeros (Min)
Model fingerprint: 0x07eec9f1
Model has 16 linear objective coefficients and an objective constant of 6.5635649185959988e+00
Model has 120 quadratic objective terms
Variable types: 0 continuous, 16 integer (16 binary)
Coefficient statistics:
  Matrix range     [1e+00, 1e+00]
  Objective range  [1e+00, 2e+00]
  QObjective range [3e-03, 1e+00]
  Bounds range     [1e+00, 1e+00]
  RHS range        [8e+00, 8e+00]
Found heuristic solution: objective 0.2842996
Presolve time: 0.00s
Presolved: 121 rows, 136 columns, 376 nonzeros
Variable types: 0 continuous, 136 integer (136 binary)

Root relaxation: objective -7.110717e+00, 39 iterations, 0.00 seconds (0.00 work units)

    Nodes    |    Current Node    |     Objective Bounds      |     Work
 Expl Unexpl |  Obj  Depth IntInf | Incumbent    BestBd   Gap | It/Node Time

     0     0   -7.11072    0   16    0.28430   -7.11072  2601%     -    0s
H    0     0                      -0.9595918   -7.11072   641%     -    0s
H    0     0                      -1.0202556   -7.11072   597%     -    0s
H    0     0                      -1.7485389   -7.11072   307%     -    0s
H    0     0                      -3.6280942   -7.11072  96.0%     -    0s
     0     0     cutoff    0        -3.62809   -3.62809  0.00%     -    0s

Cutting planes:
  Gomory: 2
  MIR: 41
  Zero half: 30
  RLT: 40
  BQP: 231

Explored 1 nodes (162 simplex iterations) in 0.01 seconds (0.01 work units)
Thread count was 8 (of 96 available processors)

Solution count 5: -3.62809 -1.74854 -1.02026 ... 0.2843
No other solutions better than -3.62809

Optimal solution found (tolerance 1.00e-06)
Best objective -3.628094184376e+00, best bound -3.628094184376e+00, gap 0.0000%

User-callback calls 167, time in user-callback 0.00 sec
