
Gurobi 13.0.0 (linux64) logging started Sun May  3 10:53:38 2026

Set parameter LogFile to value "logs/N=16_layers=1_presolve_on/N=16/seed=0/quantum_layers=1/precond_pen=0.500.log"
Set parameter MIPGap to value 1e-06
Set parameter Threads to value 8
Gurobi Optimizer version 13.0.0 build v13.0.0rc1 (linux64 - "Oracle Linux Server 9.7")

CPU model: AMD EPYC 7643 48-Core Processor, instruction set [SSE2|AVX|AVX2]
Thread count: 48 physical cores, 96 logical processors, using up to 8 threads

Non-default parameters:
MIPGap  1e-06
Threads  8

Optimize a model with 1 rows, 16 columns and 16 nonzeros (Min)
Model fingerprint: 0x228d8534
Model has 16 linear objective coefficients and an objective constant of 6.14895386001
Model has 120 quadratic objective terms
Variable types: 0 continuous, 16 integer (16 binary)
Coefficient statistics:
  Matrix range     [1e+00, 1e+00]
  Objective range  [1e+00, 2e+00]
  QObjective range [6e-03, 2e+00]
  Bounds range     [1e+00, 1e+00]
  RHS range        [8e+00, 8e+00]
Found heuristic solution: objective 0.7076247
Presolve time: 0.00s
Presolved: 121 rows, 136 columns, 376 nonzeros
Variable types: 0 continuous, 136 integer (136 binary)

Root relaxation: objective -8.999296e+00, 46 iterations, 0.00 seconds (0.00 work units)

    Nodes    |    Current Node    |     Objective Bounds      |     Work
 Expl Unexpl |  Obj  Depth IntInf | Incumbent    BestBd   Gap | It/Node Time

     0     0   -8.99930    0   16    0.70762   -8.99930  1372%     -    0s
H    0     0                      -2.0855316   -8.99930   332%     -    0s
H    0     0                      -5.4192435   -8.99930  66.1%     -    0s
     0     0     cutoff    0        -5.41924   -5.41924  0.00%     -    0s

Cutting planes:
  MIR: 36
  Zero half: 27
  RLT: 42
  BQP: 182

Explored 1 nodes (211 simplex iterations) in 0.01 seconds (0.01 work units)
Thread count was 8 (of 96 available processors)

Solution count 3: -5.41924 -2.08553 0.707625 
No other solutions better than -5.41924

Optimal solution found (tolerance 1.00e-06)
Best objective -5.419243466306e+00, best bound -5.419243466306e+00, gap 0.0000%

User-callback calls 162, time in user-callback 0.00 sec
