
Gurobi 13.0.0 (linux64) logging started Sun May  3 11:06:43 2026

Set parameter LogFile to value "logs/N=12_layers=2_presolve_off/N=12/seed=47/quantum_layers=2/precond_pen=0.800.log"
Set parameter MIPGap to value 1e-06
Set parameter Threads to value 8
Set parameter Presolve to value 0
Gurobi Optimizer version 13.0.0 build v13.0.0rc1 (linux64 - "Oracle Linux Server 9.7")

CPU model: AMD EPYC 7643 48-Core Processor, instruction set [SSE2|AVX|AVX2]
Thread count: 48 physical cores, 96 logical processors, using up to 8 threads

Non-default parameters:
MIPGap  1e-06
Presolve  0
Threads  8

Optimize a model with 1 rows, 12 columns and 12 nonzeros (Min)
Model fingerprint: 0x1ddeb59a
Model has 12 linear objective coefficients and an objective constant of 5.220116433523
Model has 66 quadratic objective terms
Variable types: 0 continuous, 12 integer (12 binary)
Coefficient statistics:
  Matrix range     [1e+00, 1e+00]
  Objective range  [2e+00, 2e+00]
  QObjective range [2e-02, 2e+00]
  Bounds range     [1e+00, 1e+00]
  RHS range        [6e+00, 6e+00]
Found heuristic solution: objective -0.0625652
Variable types: 0 continuous, 78 integer (78 binary)

Root relaxation: objective -5.836514e+00, 21 iterations, 0.00 seconds (0.00 work units)

    Nodes    |    Current Node    |     Objective Bounds      |     Work
 Expl Unexpl |  Obj  Depth IntInf | Incumbent    BestBd   Gap | It/Node Time

     0     0   -5.83651    0   12   -0.06257   -5.83651  9229%     -    0s
H    0     0                      -1.7262489   -5.83651   238%     -    0s
H    0     0                      -2.0763336   -5.83651   181%     -    0s
H    0     0                      -2.2695404   -5.83651   157%     -    0s
H    0     0                      -2.5485518   -3.64484  43.0%     -    0s
     0     0   -2.54855    0   36   -2.54855   -2.54855  0.00%     -    0s

Cutting planes:
  Gomory: 2
  MIR: 36
  Zero half: 19
  RLT: 19
  BQP: 88

Explored 1 nodes (144 simplex iterations) in 0.01 seconds (0.00 work units)
Thread count was 8 (of 96 available processors)

Solution count 5: -2.54855 -2.26954 -2.07633 ... -0.0625652
No other solutions better than -2.54855

Optimal solution found (tolerance 1.00e-06)
Best objective -2.548551847027e+00, best bound -2.548551847027e+00, gap 0.0000%

User-callback calls 70, time in user-callback 0.00 sec
