
Gurobi 13.0.0 (linux64) logging started Sun May  3 11:06:43 2026

Set parameter LogFile to value "logs/N=12_layers=2_presolve_off/N=12/seed=47/quantum_layers=2/precond_pen=0.700.log"
Set parameter MIPGap to value 1e-06
Set parameter Threads to value 8
Set parameter Presolve to value 0
Gurobi Optimizer version 13.0.0 build v13.0.0rc1 (linux64 - "Oracle Linux Server 9.7")

CPU model: AMD EPYC 7643 48-Core Processor, instruction set [SSE2|AVX|AVX2]
Thread count: 48 physical cores, 96 logical processors, using up to 8 threads

Non-default parameters:
MIPGap  1e-06
Presolve  0
Threads  8

Optimize a model with 1 rows, 12 columns and 12 nonzeros (Min)
Model fingerprint: 0xfb1fe089
Model has 12 linear objective coefficients and an objective constant of 4.541032166158
Model has 66 quadratic objective terms
Variable types: 0 continuous, 12 integer (12 binary)
Coefficient statistics:
  Matrix range     [1e+00, 1e+00]
  Objective range  [1e+00, 2e+00]
  QObjective range [5e-02, 3e+00]
  Bounds range     [1e+00, 1e+00]
  RHS range        [6e+00, 6e+00]
Found heuristic solution: objective 0.0276262
Variable types: 0 continuous, 78 integer (78 binary)

Root relaxation: objective -8.172057e+00, 15 iterations, 0.00 seconds (0.00 work units)

    Nodes    |    Current Node    |     Objective Bounds      |     Work
 Expl Unexpl |  Obj  Depth IntInf | Incumbent    BestBd   Gap | It/Node Time

     0     0   -8.17206    0   12    0.02763   -8.17206      -     -    0s
H    0     0                      -2.5557008   -8.17206   220%     -    0s
H    0     0                      -3.3875205   -8.17206   141%     -    0s
H    0     0                      -3.7916716   -8.17206   116%     -    0s
H    0     0                      -4.6346435   -8.17206  76.3%     -    0s
     0     0   -4.63464    0   40   -4.63464   -4.63464  0.00%     -    0s

Cutting planes:
  Gomory: 1
  MIR: 20
  Zero half: 13
  RLT: 16
  BQP: 54

Explored 1 nodes (90 simplex iterations) in 0.01 seconds (0.00 work units)
Thread count was 8 (of 96 available processors)

Solution count 5: -4.63464 -3.79167 -3.38752 ... 0.0276262
No other solutions better than -4.63464

Optimal solution found (tolerance 1.00e-06)
Best objective -4.634643455296e+00, best bound -4.634643455296e+00, gap 0.0000%

User-callback calls 70, time in user-callback 0.00 sec
