
Gurobi 13.0.0 (linux64) logging started Sun May  3 10:53:52 2026

Set parameter LogFile to value "logs/N=16_layers=1_presolve_on/N=16/seed=25/quantum_layers=1/baseline.log"
Set parameter MIPGap to value 1e-06
Set parameter Threads to value 8
Gurobi Optimizer version 13.0.0 build v13.0.0rc1 (linux64 - "Oracle Linux Server 9.7")

CPU model: AMD EPYC 7643 48-Core Processor, instruction set [SSE2|AVX|AVX2]
Thread count: 48 physical cores, 96 logical processors, using up to 8 threads

Non-default parameters:
MIPGap  1e-06
Threads  8

Optimize a model with 1 rows, 16 columns and 16 nonzeros (Min)
Model fingerprint: 0xf10e71ff
Model has 16 linear objective coefficients and an objective constant of 1.9947377083440188e-12
Model has 120 quadratic objective terms
Variable types: 0 continuous, 16 integer (16 binary)
Coefficient statistics:
  Matrix range     [1e+00, 1e+00]
  Objective range  [1e+01, 2e+01]
  QObjective range [2e-03, 8e+00]
  Bounds range     [1e+00, 1e+00]
  RHS range        [8e+00, 8e+00]
Found heuristic solution: objective 55.4799027
Presolve time: 0.00s
Presolved: 121 rows, 136 columns, 376 nonzeros
Variable types: 0 continuous, 136 integer (136 binary)

Root relaxation: objective 1.992073e-12, 14 iterations, 0.00 seconds (0.00 work units)

    Nodes    |    Current Node    |     Objective Bounds      |     Work
 Expl Unexpl |  Obj  Depth IntInf | Incumbent    BestBd   Gap | It/Node Time

     0     0    0.00000    0   16   55.47990    0.00000   100%     -    0s
H    0     0                      51.6710817    0.00000   100%     -    0s
     0     0   23.11940    0   19   51.67108   23.11940  55.3%     -    0s
     0     0   31.96005    0   63   51.67108   31.96005  38.1%     -    0s
     0     0   32.14899    0   63   51.67108   32.14899  37.8%     -    0s
     0     2   32.14899    0   63   51.67108   32.14899  37.8%     -    0s
*   26    44               7      50.7356171   41.62248  18.0%  43.6    0s

Cutting planes:
  Gomory: 3
  Dual implied bound: 29
  MIR: 12
  StrongCG: 1
  RLT: 11

Explored 404 nodes (8178 simplex iterations) in 0.08 seconds (0.07 work units)
Thread count was 8 (of 96 available processors)

Solution count 3: 50.7356 51.6711 55.4799 

Optimal solution found (tolerance 1.00e-06)
Best objective 5.073561711458e+01, best bound 5.073561711458e+01, gap 0.0000%

User-callback calls 1012, time in user-callback 0.00 sec
