
Gurobi 13.0.0 (linux64) logging started Tue Mar 31 15:12:41 2026

Set parameter LogFile to value "logs/N=16_layers=2_presolve_on/N=16/seed=38/n_qaoa_layers=2/precond_pen=0.400.log"
Set parameter MIPGap to value 1e-06
Set parameter Threads to value 8
Gurobi Optimizer version 13.0.0 build v13.0.0rc1 (linux64 - "Oracle Linux Server 9.7")

CPU model: AMD EPYC 7643 48-Core Processor, instruction set [SSE2|AVX|AVX2]
Thread count: 48 physical cores, 96 logical processors, using up to 8 threads

Non-default parameters:
MIPGap  1e-06
Threads  8

Optimize a model with 1 rows, 16 columns and 16 nonzeros (Min)
Model fingerprint: 0x3f2c902f
Model has 16 linear objective coefficients and an objective constant of 5.7872090340689963e+00
Model has 120 quadratic objective terms
Variable types: 0 continuous, 16 integer (16 binary)
Coefficient statistics:
  Matrix range     [1e+00, 1e+00]
  Objective range  [1e+00, 2e+00]
  QObjective range [2e-02, 3e+00]
  Bounds range     [1e+00, 1e+00]
  RHS range        [8e+00, 8e+00]
Found heuristic solution: objective -5.4366682
Presolve time: 0.00s
Presolved: 121 rows, 136 columns, 376 nonzeros
Variable types: 0 continuous, 136 integer (136 binary)

Root relaxation: objective -1.927870e+01, 22 iterations, 0.00 seconds (0.00 work units)

    Nodes    |    Current Node    |     Objective Bounds      |     Work
 Expl Unexpl |  Obj  Depth IntInf | Incumbent    BestBd   Gap | It/Node Time

     0     0  -19.27870    0   16   -5.43667  -19.27870   255%     -    0s
H    0     0                      -8.7322107  -19.27870   121%     -    0s
H    0     0                      -9.3759813  -19.27870   106%     -    0s
H    0     0                      -9.6526967  -10.75522  11.4%     -    0s
     0     0  -10.75522    0   78   -9.65270  -10.75522  11.4%     -    0s
H    0     0                      -9.7129885  -10.75522  10.7%     -    0s

Cutting planes:
  Gomory: 16
  MIR: 104
  Flow cover: 1
  Zero half: 20
  RLT: 19
  BQP: 90

Explored 1 nodes (231 simplex iterations) in 0.02 seconds (0.02 work units)
Thread count was 8 (of 96 available processors)

Solution count 5: -9.71299 -9.6527 -9.37598 ... -5.43667
No other solutions better than -9.71299

Optimal solution found (tolerance 1.00e-06)
Best objective -9.712988530501e+00, best bound -9.712988530501e+00, gap 0.0000%

User-callback calls 172, time in user-callback 0.00 sec
