
Gurobi 13.0.0 (linux64) logging started Tue Mar 31 15:12:41 2026

Set parameter LogFile to value "logs/N=16_layers=2_presolve_on/N=16/seed=38/n_qaoa_layers=2/precond_pen=1.000.log"
Set parameter MIPGap to value 1e-06
Set parameter Threads to value 8
Gurobi Optimizer version 13.0.0 build v13.0.0rc1 (linux64 - "Oracle Linux Server 9.7")

CPU model: AMD EPYC 7643 48-Core Processor, instruction set [SSE2|AVX|AVX2]
Thread count: 48 physical cores, 96 logical processors, using up to 8 threads

Non-default parameters:
MIPGap  1e-06
Threads  8

Optimize a model with 1 rows, 16 columns and 16 nonzeros (Min)
Model fingerprint: 0x1cc03e60
Model has 16 linear objective coefficients and an objective constant of 7.3140435684949994e+00
Model has 120 quadratic objective terms
Variable types: 0 continuous, 16 integer (16 binary)
Coefficient statistics:
  Matrix range     [1e+00, 1e+00]
  Objective range  [2e+00, 2e+00]
  QObjective range [8e-03, 1e+00]
  Bounds range     [1e+00, 1e+00]
  RHS range        [8e+00, 8e+00]
Found heuristic solution: objective -1.2675696
Presolve time: 0.00s
Presolved: 121 rows, 136 columns, 376 nonzeros
Variable types: 0 continuous, 136 integer (136 binary)

Root relaxation: objective -7.393467e+00, 48 iterations, 0.00 seconds (0.00 work units)

    Nodes    |    Current Node    |     Objective Bounds      |     Work
 Expl Unexpl |  Obj  Depth IntInf | Incumbent    BestBd   Gap | It/Node Time

     0     0   -7.39347    0   16   -1.26757   -7.39347   483%     -    0s
H    0     0                      -1.8506660   -7.39347   300%     -    0s
     0     0   -2.29872    0  110   -1.85067   -2.29872  24.2%     -    0s
H    0     0                      -1.8762199   -2.29872  22.5%     -    0s
H    0     0                      -1.8867771   -2.11263  12.0%     -    0s
     0     0   -1.98363    0  126   -1.88678   -1.98363  5.13%     -    0s
     0     0   -1.97699    0  126   -1.88678   -1.97699  4.78%     -    0s
     0     2   -1.97699    0  126   -1.88678   -1.97699  4.78%     -    0s

Cutting planes:
  Gomory: 3
  Dual implied bound: 4
  MIR: 42
  Zero half: 8
  RLT: 28
  BQP: 114

Explored 25 nodes (1767 simplex iterations) in 0.12 seconds (0.10 work units)
Thread count was 8 (of 96 available processors)

Solution count 4: -1.88678 -1.87622 -1.85067 -1.26757 
No other solutions better than -1.88678

Optimal solution found (tolerance 1.00e-06)
Best objective -1.886777108491e+00, best bound -1.886777108491e+00, gap 0.0000%

User-callback calls 256, time in user-callback 0.00 sec
