
Gurobi 13.0.0 (linux64) logging started Sun May  3 10:54:14 2026

Set parameter LogFile to value "logs/N=16_layers=1_presolve_off/N=16/seed=11/quantum_layers=1/precond_pen=0.400.log"
Set parameter MIPGap to value 1e-06
Set parameter Threads to value 8
Set parameter Presolve to value 0
Gurobi Optimizer version 13.0.0 build v13.0.0rc1 (linux64 - "Oracle Linux Server 9.7")

CPU model: AMD EPYC 7643 48-Core Processor, instruction set [SSE2|AVX|AVX2]
Thread count: 48 physical cores, 96 logical processors, using up to 8 threads

Non-default parameters:
MIPGap  1e-06
Presolve  0
Threads  8

Optimize a model with 1 rows, 16 columns and 16 nonzeros (Min)
Model fingerprint: 0xf733d822
Model has 16 linear objective coefficients and an objective constant of 5.7710510302749984e+00
Model has 120 quadratic objective terms
Variable types: 0 continuous, 16 integer (16 binary)
Coefficient statistics:
  Matrix range     [1e+00, 1e+00]
  Objective range  [1e+00, 2e+00]
  QObjective range [2e-03, 2e+00]
  Bounds range     [1e+00, 1e+00]
  RHS range        [8e+00, 8e+00]
Found heuristic solution: objective -1.7170493
Variable types: 0 continuous, 136 integer (136 binary)

Root relaxation: objective -1.111133e+01, 28 iterations, 0.00 seconds (0.00 work units)

    Nodes    |    Current Node    |     Objective Bounds      |     Work
 Expl Unexpl |  Obj  Depth IntInf | Incumbent    BestBd   Gap | It/Node Time

     0     0  -11.11133    0   16   -1.71705  -11.11133   547%     -    0s
H    0     0                      -1.9333226  -11.11133   475%     -    0s
H    0     0                      -3.1954469  -11.11133   248%     -    0s
H    0     0                      -3.5242511  -11.11133   215%     -    0s
H    0     0                      -4.8242777   -8.69106  80.2%     -    0s
     0     0   -5.09340    0   58   -4.82428   -5.09340  5.58%     -    0s

Cutting planes:
  Gomory: 6
  MIR: 109
  StrongCG: 3
  Flow cover: 10
  Zero half: 28
  RLT: 30
  BQP: 165

Explored 1 nodes (229 simplex iterations) in 0.04 seconds (0.03 work units)
Thread count was 8 (of 96 available processors)

Solution count 5: -4.82428 -3.52425 -3.19545 ... -1.71705
No other solutions better than -4.82428

Optimal solution found (tolerance 1.00e-06)
Best objective -4.824277693429e+00, best bound -4.824277693429e+00, gap 0.0000%

User-callback calls 79, time in user-callback 0.00 sec
