
Gurobi 13.0.0 (linux64) logging started Sun May  3 10:54:14 2026

Set parameter LogFile to value "logs/N=16_layers=1_presolve_off/N=16/seed=11/quantum_layers=1/precond_pen=0.500.log"
Set parameter MIPGap to value 1e-06
Set parameter Threads to value 8
Set parameter Presolve to value 0
Gurobi Optimizer version 13.0.0 build v13.0.0rc1 (linux64 - "Oracle Linux Server 9.7")

CPU model: AMD EPYC 7643 48-Core Processor, instruction set [SSE2|AVX|AVX2]
Thread count: 48 physical cores, 96 logical processors, using up to 8 threads

Non-default parameters:
MIPGap  1e-06
Presolve  0
Threads  8

Optimize a model with 1 rows, 16 columns and 16 nonzeros (Min)
Model fingerprint: 0xcb2d1ba6
Model has 16 linear objective coefficients and an objective constant of 6.4409408508729982e+00
Model has 120 quadratic objective terms
Variable types: 0 continuous, 16 integer (16 binary)
Coefficient statistics:
  Matrix range     [1e+00, 1e+00]
  Objective range  [1e+00, 2e+00]
  QObjective range [6e-03, 1e+00]
  Bounds range     [1e+00, 1e+00]
  RHS range        [8e+00, 8e+00]
Found heuristic solution: objective -1.3024568
Variable types: 0 continuous, 136 integer (136 binary)

Root relaxation: objective -8.152034e+00, 35 iterations, 0.00 seconds (0.00 work units)

    Nodes    |    Current Node    |     Objective Bounds      |     Work
 Expl Unexpl |  Obj  Depth IntInf | Incumbent    BestBd   Gap | It/Node Time

     0     0   -8.15203    0   16   -1.30246   -8.15203   526%     -    0s
H    0     0                      -1.6953541   -8.15203   381%     -    0s
H    0     0                      -3.1033334   -8.15203   163%     -    0s
     0     0   -3.18828    0   53   -3.10333   -3.18828  2.74%     -    0s

Cutting planes:
  Gomory: 5
  Cover: 3
  MIR: 108
  StrongCG: 5
  Flow cover: 21
  Zero half: 31
  RLT: 30
  BQP: 161

Explored 1 nodes (294 simplex iterations) in 0.05 seconds (0.03 work units)
Thread count was 8 (of 96 available processors)

Solution count 3: -3.10333 -1.69535 -1.30246 
No other solutions better than -3.10333

Optimal solution found (tolerance 1.00e-06)
Best objective -3.103333448441e+00, best bound -3.103333448441e+00, gap 0.0000%

User-callback calls 78, time in user-callback 0.00 sec
