
Gurobi 13.0.0 (linux64) logging started Sun May  3 10:54:14 2026

Set parameter LogFile to value "logs/N=16_layers=1_presolve_off/N=16/seed=11/quantum_layers=1/precond_pen=0.200.log"
Set parameter MIPGap to value 1e-06
Set parameter Threads to value 8
Set parameter Presolve to value 0
Gurobi Optimizer version 13.0.0 build v13.0.0rc1 (linux64 - "Oracle Linux Server 9.7")

CPU model: AMD EPYC 7643 48-Core Processor, instruction set [SSE2|AVX|AVX2]
Thread count: 48 physical cores, 96 logical processors, using up to 8 threads

Non-default parameters:
MIPGap  1e-06
Presolve  0
Threads  8

Optimize a model with 1 rows, 16 columns and 16 nonzeros (Min)
Model fingerprint: 0xba40eeb3
Model has 16 linear objective coefficients and an objective constant of -3.2672903548449987e+00
Model has 120 quadratic objective terms
Variable types: 0 continuous, 16 integer (16 binary)
Coefficient statistics:
  Matrix range     [1e+00, 1e+00]
  Objective range  [1e-01, 3e+00]
  QObjective range [3e-02, 3e+00]
  Bounds range     [1e+00, 1e+00]
  RHS range        [8e+00, 8e+00]
Found heuristic solution: objective -1.2654603
Variable types: 0 continuous, 136 integer (136 binary)

Root relaxation: objective -1.671120e+01, 13 iterations, 0.00 seconds (0.00 work units)

    Nodes    |    Current Node    |     Objective Bounds      |     Work
 Expl Unexpl |  Obj  Depth IntInf | Incumbent    BestBd   Gap | It/Node Time

     0     0  -16.71120    0   16   -1.26546  -16.71120  1221%     -    0s
H    0     0                      -1.3317501  -16.71120  1155%     -    0s
H    0     0                      -1.7890084  -16.71120   834%     -    0s
H    0     0                      -7.8467988  -16.71120   113%     -    0s
     0     0   -8.51040    0   57   -7.84680   -8.51040  8.46%     -    0s

Cutting planes:
  Gomory: 3
  MIR: 126
  StrongCG: 7
  Flow cover: 14
  Zero half: 19
  RLT: 32
  BQP: 163

Explored 1 nodes (223 simplex iterations) in 0.03 seconds (0.02 work units)
Thread count was 8 (of 96 available processors)

Solution count 4: -7.8468 -1.78901 -1.33175 -1.26546 
No other solutions better than -7.8468

Optimal solution found (tolerance 1.00e-06)
Best objective -7.846798844539e+00, best bound -7.846798844539e+00, gap 0.0000%

User-callback calls 76, time in user-callback 0.00 sec
