
Gurobi 13.0.0 (linux64) logging started Tue Mar 31 15:06:58 2026

Set parameter LogFile to value "logs/N=12_layers=3_presolve_off/N=12/seed=37/n_qaoa_layers=3/precond_pen=0.400.log"
Set parameter MIPGap to value 1e-06
Set parameter Threads to value 8
Set parameter Presolve to value 0
Gurobi Optimizer version 13.0.0 build v13.0.0rc1 (linux64 - "Oracle Linux Server 9.7")

CPU model: AMD EPYC 7643 48-Core Processor, instruction set [SSE2|AVX|AVX2]
Thread count: 48 physical cores, 96 logical processors, using up to 8 threads

Non-default parameters:
MIPGap  1e-06
Presolve  0
Threads  8

Optimize a model with 1 rows, 12 columns and 12 nonzeros (Min)
Model fingerprint: 0x0af465b5
Model has 12 linear objective coefficients and an objective constant of 4.3764816107739994e+00
Model has 66 quadratic objective terms
Variable types: 0 continuous, 12 integer (12 binary)
Coefficient statistics:
  Matrix range     [1e+00, 1e+00]
  Objective range  [2e-01, 2e+00]
  QObjective range [5e-02, 4e+00]
  Bounds range     [1e+00, 1e+00]
  RHS range        [6e+00, 6e+00]
Found heuristic solution: objective -0.4025221
Variable types: 0 continuous, 78 integer (78 binary)

Root relaxation: objective -1.529834e+01, 9 iterations, 0.00 seconds (0.00 work units)

    Nodes    |    Current Node    |     Objective Bounds      |     Work
 Expl Unexpl |  Obj  Depth IntInf | Incumbent    BestBd   Gap | It/Node Time

     0     0  -15.29834    0   12   -0.40252  -15.29834  3701%     -    0s
H    0     0                     -11.0089993  -15.29834  39.0%     -    0s

Cutting planes:
  Gomory: 1
  MIR: 21
  Zero half: 18
  RLT: 13
  BQP: 40

Explored 1 nodes (9 simplex iterations) in 0.01 seconds (0.00 work units)
Thread count was 8 (of 96 available processors)

Solution count 2: -11.009 -0.402522 
No other solutions better than -11.009

Optimal solution found (tolerance 1.00e-06)
Best objective -1.100899930753e+01, best bound -1.100899930753e+01, gap 0.0000%

User-callback calls 60, time in user-callback 0.00 sec

Gurobi 13.0.0 (linux64) logging started Tue Mar 31 15:10:57 2026

Set parameter LogFile to value "logs/N=12_layers=3_presolve_off/N=12/seed=37/n_qaoa_layers=3/precond_pen=0.400.log"
Set parameter MIPGap to value 1e-06
Set parameter Threads to value 8
Set parameter Presolve to value 0
Gurobi Optimizer version 13.0.0 build v13.0.0rc1 (linux64 - "Oracle Linux Server 9.7")

CPU model: AMD EPYC 7643 48-Core Processor, instruction set [SSE2|AVX|AVX2]
Thread count: 48 physical cores, 96 logical processors, using up to 8 threads

Non-default parameters:
MIPGap  1e-06
Presolve  0
Threads  8

Optimize a model with 1 rows, 12 columns and 12 nonzeros (Min)
Model fingerprint: 0x0af465b5
Model has 12 linear objective coefficients and an objective constant of 4.3764816107739994e+00
Model has 66 quadratic objective terms
Variable types: 0 continuous, 12 integer (12 binary)
Coefficient statistics:
  Matrix range     [1e+00, 1e+00]
  Objective range  [2e-01, 2e+00]
  QObjective range [5e-02, 4e+00]
  Bounds range     [1e+00, 1e+00]
  RHS range        [6e+00, 6e+00]
Found heuristic solution: objective -0.4025221
Variable types: 0 continuous, 78 integer (78 binary)

Root relaxation: objective -1.529834e+01, 9 iterations, 0.00 seconds (0.00 work units)

    Nodes    |    Current Node    |     Objective Bounds      |     Work
 Expl Unexpl |  Obj  Depth IntInf | Incumbent    BestBd   Gap | It/Node Time

     0     0  -15.29834    0   12   -0.40252  -15.29834  3701%     -    0s
H    0     0                     -11.0089993  -15.29834  39.0%     -    0s

Cutting planes:
  Gomory: 1
  MIR: 21
  Zero half: 18
  RLT: 13
  BQP: 40

Explored 1 nodes (9 simplex iterations) in 0.01 seconds (0.00 work units)
Thread count was 8 (of 96 available processors)

Solution count 2: -11.009 -0.402522 
No other solutions better than -11.009

Optimal solution found (tolerance 1.00e-06)
Best objective -1.100899930753e+01, best bound -1.100899930753e+01, gap 0.0000%

User-callback calls 60, time in user-callback 0.00 sec
