
Gurobi 13.0.0 (linux64) logging started Sun May  3 10:58:35 2026

Set parameter LogFile to value "logs/N=16_layers=2_presolve_on/N=16/seed=35/quantum_layers=2/precond_pen=0.800.log"
Set parameter MIPGap to value 1e-06
Set parameter Threads to value 8
Gurobi Optimizer version 13.0.0 build v13.0.0rc1 (linux64 - "Oracle Linux Server 9.7")

CPU model: AMD EPYC 7643 48-Core Processor, instruction set [SSE2|AVX|AVX2]
Thread count: 48 physical cores, 96 logical processors, using up to 8 threads

Non-default parameters:
MIPGap  1e-06
Threads  8

Optimize a model with 1 rows, 16 columns and 16 nonzeros (Min)
Model fingerprint: 0x81b55a33
Model has 16 linear objective coefficients and an objective constant of 6.5053430643670023e+00
Model has 120 quadratic objective terms
Variable types: 0 continuous, 16 integer (16 binary)
Coefficient statistics:
  Matrix range     [1e+00, 1e+00]
  Objective range  [1e+00, 2e+00]
  QObjective range [3e-04, 2e+00]
  Bounds range     [1e+00, 1e+00]
  RHS range        [8e+00, 8e+00]
Found heuristic solution: objective 0.3005772
Presolve time: 0.00s
Presolved: 121 rows, 136 columns, 376 nonzeros
Variable types: 0 continuous, 136 integer (136 binary)

Root relaxation: objective -1.048650e+01, 28 iterations, 0.00 seconds (0.00 work units)

    Nodes    |    Current Node    |     Objective Bounds      |     Work
 Expl Unexpl |  Obj  Depth IntInf | Incumbent    BestBd   Gap | It/Node Time

     0     0  -10.48650    0   16    0.30058  -10.48650  3589%     -    0s
H    0     0                      -3.2719784  -10.48650   220%     -    0s
H    0     0                      -4.5014008  -10.48650   133%     -    0s
     0     0   -4.50140    0   60   -4.50140   -4.50140  0.00%     -    0s

Cutting planes:
  Gomory: 3
  MIR: 42
  Zero half: 26
  RLT: 36
  BQP: 174

Explored 1 nodes (224 simplex iterations) in 0.02 seconds (0.01 work units)
Thread count was 8 (of 96 available processors)

Solution count 3: -4.5014 -3.27198 0.300577 
No other solutions better than -4.5014

Optimal solution found (tolerance 1.00e-06)
Best objective -4.501400792193e+00, best bound -4.501400792193e+00, gap 0.0000%

User-callback calls 164, time in user-callback 0.00 sec
