
Gurobi 13.0.0 (linux64) logging started Sun May  3 10:58:35 2026

Set parameter LogFile to value "logs/N=16_layers=2_presolve_on/N=16/seed=35/quantum_layers=2/precond_pen=1.000.log"
Set parameter MIPGap to value 1e-06
Set parameter Threads to value 8
Gurobi Optimizer version 13.0.0 build v13.0.0rc1 (linux64 - "Oracle Linux Server 9.7")

CPU model: AMD EPYC 7643 48-Core Processor, instruction set [SSE2|AVX|AVX2]
Thread count: 48 physical cores, 96 logical processors, using up to 8 threads

Non-default parameters:
MIPGap  1e-06
Threads  8

Optimize a model with 1 rows, 16 columns and 16 nonzeros (Min)
Model fingerprint: 0x3e15fb9b
Model has 16 linear objective coefficients and an objective constant of 7.2890887432970031e+00
Model has 120 quadratic objective terms
Variable types: 0 continuous, 16 integer (16 binary)
Coefficient statistics:
  Matrix range     [1e+00, 1e+00]
  Objective range  [2e+00, 2e+00]
  QObjective range [3e-03, 1e+00]
  Bounds range     [1e+00, 1e+00]
  RHS range        [8e+00, 8e+00]
Found heuristic solution: objective -0.2464033
Presolve time: 0.00s
Presolved: 121 rows, 136 columns, 376 nonzeros
Variable types: 0 continuous, 136 integer (136 binary)

Root relaxation: objective -7.345293e+00, 30 iterations, 0.00 seconds (0.00 work units)

    Nodes    |    Current Node    |     Objective Bounds      |     Work
 Expl Unexpl |  Obj  Depth IntInf | Incumbent    BestBd   Gap | It/Node Time

     0     0   -7.34529    0   16   -0.24640   -7.34529  2881%     -    0s
H    0     0                      -0.6680340   -7.34529  1000%     -    0s
H    0     0                      -1.8952217   -7.34529   288%     -    0s
H    0     0                      -2.1190722   -5.43050   156%     -    0s
     0     0   -2.27538    0  109   -2.11907   -2.27538  7.38%     -    0s
     0     0   -2.11907    0  111   -2.11907   -2.11907  0.00%     -    0s

Cutting planes:
  Gomory: 5
  Dual implied bound: 8
  MIR: 69
  Zero half: 22
  RLT: 35
  BQP: 262

Explored 1 nodes (583 simplex iterations) in 0.06 seconds (0.04 work units)
Thread count was 8 (of 96 available processors)

Solution count 4: -2.11907 -1.89522 -0.668034 -0.246403 
No other solutions better than -2.11907

Optimal solution found (tolerance 1.00e-06)
Best objective -2.119072167437e+00, best bound -2.119072167437e+00, gap 0.0000%

User-callback calls 180, time in user-callback 0.00 sec
