
Gurobi 13.0.0 (linux64) logging started Tue Mar 31 15:05:16 2026

Set parameter LogFile to value "logs/N=12_layers=2_presolve_on/N=12/seed=49/n_qaoa_layers=2/precond_pen=0.400.log"
Set parameter MIPGap to value 1e-06
Set parameter Threads to value 8
Gurobi Optimizer version 13.0.0 build v13.0.0rc1 (linux64 - "Oracle Linux Server 9.7")

CPU model: AMD EPYC 7643 48-Core Processor, instruction set [SSE2|AVX|AVX2]
Thread count: 48 physical cores, 96 logical processors, using up to 8 threads

Non-default parameters:
MIPGap  1e-06
Threads  8

Optimize a model with 1 rows, 12 columns and 12 nonzeros (Min)
Model fingerprint: 0xb51c6196
Model has 12 linear objective coefficients and an objective constant of 4.2706788275430005e+00
Model has 66 quadratic objective terms
Variable types: 0 continuous, 12 integer (12 binary)
Coefficient statistics:
  Matrix range     [1e+00, 1e+00]
  Objective range  [1e+00, 2e+00]
  QObjective range [4e-04, 4e+00]
  Bounds range     [1e+00, 1e+00]
  RHS range        [6e+00, 6e+00]
Found heuristic solution: objective 1.3276327
Presolve time: 0.00s
Presolved: 67 rows, 78 columns, 210 nonzeros
Variable types: 0 continuous, 78 integer (78 binary)

Root relaxation: objective -1.342317e+01, 14 iterations, 0.00 seconds (0.00 work units)

    Nodes    |    Current Node    |     Objective Bounds      |     Work
 Expl Unexpl |  Obj  Depth IntInf | Incumbent    BestBd   Gap | It/Node Time

     0     0  -13.42317    0   12    1.32763  -13.42317  1111%     -    0s
H    0     0                      -5.0254874  -13.42317   167%     -    0s
H    0     0                      -8.1277304  -13.42317  65.2%     -    0s
     0     0     cutoff    0        -8.12773   -8.12773  0.00%     -    0s

Cutting planes:
  MIR: 17
  Zero half: 15
  RLT: 16
  BQP: 58

Explored 1 nodes (88 simplex iterations) in 0.01 seconds (0.00 work units)
Thread count was 8 (of 96 available processors)

Solution count 3: -8.12773 -5.02549 1.32763 
No other solutions better than -8.12773

Optimal solution found (tolerance 1.00e-06)
Best objective -8.127730384727e+00, best bound -8.127730384727e+00, gap 0.0000%

User-callback calls 160, time in user-callback 0.00 sec
