
Gurobi 13.0.0 (linux64) logging started Sun May  3 10:58:46 2026

Set parameter LogFile to value "logs/N=16_layers=2_presolve_off/N=16/seed=20/quantum_layers=2/baseline.log"
Set parameter MIPGap to value 1e-06
Set parameter Threads to value 8
Set parameter Presolve to value 0
Gurobi Optimizer version 13.0.0 build v13.0.0rc1 (linux64 - "Oracle Linux Server 9.7")

CPU model: AMD EPYC 7643 48-Core Processor, instruction set [SSE2|AVX|AVX2]
Thread count: 48 physical cores, 96 logical processors, using up to 8 threads

Non-default parameters:
MIPGap  1e-06
Presolve  0
Threads  8

Optimize a model with 1 rows, 16 columns and 16 nonzeros (Min)
Model fingerprint: 0x91eaa158
Model has 16 linear objective coefficients and an objective constant of 9.9187325020011485e-13
Model has 120 quadratic objective terms
Variable types: 0 continuous, 16 integer (16 binary)
Coefficient statistics:
  Matrix range     [1e+00, 1e+00]
  Objective range  [1e+01, 2e+01]
  QObjective range [4e-02, 8e+00]
  Bounds range     [1e+00, 1e+00]
  RHS range        [8e+00, 8e+00]
Found heuristic solution: objective 62.5433480
Variable types: 0 continuous, 136 integer (136 binary)

Root relaxation: objective 9.936496e-13, 12 iterations, 0.00 seconds (0.00 work units)

    Nodes    |    Current Node    |     Objective Bounds      |     Work
 Expl Unexpl |  Obj  Depth IntInf | Incumbent    BestBd   Gap | It/Node Time

     0     0    0.00000    0   16   62.54335    0.00000   100%     -    0s
H    0     0                      58.8871088    0.00000   100%     -    0s
H    0     0                      48.8488161    0.00000   100%     -    0s
     0     0   22.96340    0   16   48.84882   22.96340  53.0%     -    0s
     0     0   23.19773    0   24   48.84882   23.19773  52.5%     -    0s
     0     0   28.68773    0   37   48.84882   28.68773  41.3%     -    0s
     0     0   28.68773    0   37   48.84882   28.68773  41.3%     -    0s
     0     2   28.68773    0   37   48.84882   28.68773  41.3%     -    0s

Cutting planes:
  MIR: 17
  StrongCG: 1
  RLT: 12

Explored 413 nodes (9596 simplex iterations) in 0.07 seconds (0.07 work units)
Thread count was 8 (of 96 available processors)

Solution count 3: 48.8488 58.8871 62.5433 

Optimal solution found (tolerance 1.00e-06)
Best objective 4.884881610320e+01, best bound 4.884881610320e+01, gap 0.0000%

User-callback calls 932, time in user-callback 0.00 sec
