
Gurobi 13.0.0 (linux64) logging started Sun May  3 10:58:46 2026

Set parameter LogFile to value "logs/N=16_layers=2_presolve_off/N=16/seed=20/quantum_layers=2/precond_pen=0.700.log"
Set parameter MIPGap to value 1e-06
Set parameter Threads to value 8
Set parameter Presolve to value 0
Gurobi Optimizer version 13.0.0 build v13.0.0rc1 (linux64 - "Oracle Linux Server 9.7")

CPU model: AMD EPYC 7643 48-Core Processor, instruction set [SSE2|AVX|AVX2]
Thread count: 48 physical cores, 96 logical processors, using up to 8 threads

Non-default parameters:
MIPGap  1e-06
Presolve  0
Threads  8

Optimize a model with 1 rows, 16 columns and 16 nonzeros (Min)
Model fingerprint: 0xe07eb64d
Model has 16 linear objective coefficients and an objective constant of 6.431107792103
Model has 120 quadratic objective terms
Variable types: 0 continuous, 16 integer (16 binary)
Coefficient statistics:
  Matrix range     [1e+00, 1e+00]
  Objective range  [1e+00, 2e+00]
  QObjective range [1e-02, 2e+00]
  Bounds range     [1e+00, 1e+00]
  RHS range        [8e+00, 8e+00]
Found heuristic solution: objective 0.9022946
Variable types: 0 continuous, 136 integer (136 binary)

Root relaxation: objective -1.092394e+01, 42 iterations, 0.00 seconds (0.00 work units)

    Nodes    |    Current Node    |     Objective Bounds      |     Work
 Expl Unexpl |  Obj  Depth IntInf | Incumbent    BestBd   Gap | It/Node Time

     0     0  -10.92394    0   16    0.90229  -10.92394  1311%     -    0s
H    0     0                      -1.2626677  -10.92394   765%     -    0s
H    0     0                      -1.9567955  -10.92394   458%     -    0s
H    0     0                      -3.2712545  -10.92394   234%     -    0s
H    0     0                      -4.9296699  -10.92394   122%     -    0s
H    0     0                      -5.1576578   -5.19994  0.82%     -    0s
     0     0   -5.19994    0   61   -5.15766   -5.19994  0.82%     -    0s
     0     0     cutoff    0        -5.15766   -5.15766  0.00%     -    0s

Cutting planes:
  Gomory: 2
  MIR: 49
  Zero half: 24
  RLT: 37
  BQP: 187

Explored 1 nodes (281 simplex iterations) in 0.02 seconds (0.01 work units)
Thread count was 8 (of 96 available processors)

Solution count 6: -5.15766 -4.92967 -3.27125 ... 0.902295
No other solutions better than -5.15766

Optimal solution found (tolerance 1.00e-06)
Best objective -5.157657812363e+00, best bound -5.157657812363e+00, gap 0.0000%

User-callback calls 76, time in user-callback 0.00 sec
