
Gurobi 13.0.0 (linux64) logging started Tue Mar 31 15:12:39 2026

Set parameter LogFile to value "logs/N=16_layers=2_presolve_on/N=16/seed=31/n_qaoa_layers=2/precond_pen=0.800.log"
Set parameter MIPGap to value 1e-06
Set parameter Threads to value 8
Gurobi Optimizer version 13.0.0 build v13.0.0rc1 (linux64 - "Oracle Linux Server 9.7")

CPU model: AMD EPYC 7643 48-Core Processor, instruction set [SSE2|AVX|AVX2]
Thread count: 48 physical cores, 96 logical processors, using up to 8 threads

Non-default parameters:
MIPGap  1e-06
Threads  8

Optimize a model with 1 rows, 16 columns and 16 nonzeros (Min)
Model fingerprint: 0xff9d7560
Model has 16 linear objective coefficients and an objective constant of 6.510547631534
Model has 120 quadratic objective terms
Variable types: 0 continuous, 16 integer (16 binary)
Coefficient statistics:
  Matrix range     [1e+00, 1e+00]
  Objective range  [1e+00, 2e+00]
  QObjective range [3e-03, 2e+00]
  Bounds range     [1e+00, 1e+00]
  RHS range        [8e+00, 8e+00]
Found heuristic solution: objective 1.3056975
Presolve time: 0.00s
Presolved: 121 rows, 136 columns, 376 nonzeros
Variable types: 0 continuous, 136 integer (136 binary)

Root relaxation: objective -1.023114e+01, 30 iterations, 0.00 seconds (0.00 work units)

    Nodes    |    Current Node    |     Objective Bounds      |     Work
 Expl Unexpl |  Obj  Depth IntInf | Incumbent    BestBd   Gap | It/Node Time

     0     0  -10.23114    0   16    1.30570  -10.23114   884%     -    0s
H    0     0                      -3.5634024  -10.23114   187%     -    0s
H    0     0                      -3.8990530  -10.23114   162%     -    0s
     0     0   -3.97798    0  109   -3.89905   -3.97798  2.02%     -    0s
     0     0     cutoff    0        -3.89905   -3.89905  0.00%     -    0s

Cutting planes:
  Gomory: 1
  MIR: 39
  Zero half: 30
  RLT: 39
  BQP: 186

Explored 1 nodes (436 simplex iterations) in 0.03 seconds (0.02 work units)
Thread count was 8 (of 96 available processors)

Solution count 3: -3.89905 -3.5634 1.3057 
No other solutions better than -3.89905

Optimal solution found (tolerance 1.00e-06)
Best objective -3.899053038686e+00, best bound -3.899053038686e+00, gap 0.0000%

User-callback calls 165, time in user-callback 0.00 sec
