
Gurobi 13.0.0 (linux64) logging started Tue Mar 31 15:12:39 2026

Set parameter LogFile to value "logs/N=16_layers=2_presolve_on/N=16/seed=31/n_qaoa_layers=2/precond_pen=1.000.log"
Set parameter MIPGap to value 1e-06
Set parameter Threads to value 8
Gurobi Optimizer version 13.0.0 build v13.0.0rc1 (linux64 - "Oracle Linux Server 9.7")

CPU model: AMD EPYC 7643 48-Core Processor, instruction set [SSE2|AVX|AVX2]
Thread count: 48 physical cores, 96 logical processors, using up to 8 threads

Non-default parameters:
MIPGap  1e-06
Threads  8

Optimize a model with 1 rows, 16 columns and 16 nonzeros (Min)
Model fingerprint: 0xe63f5a1b
Model has 16 linear objective coefficients and an objective constant of 7.2918065947999988e+00
Model has 120 quadratic objective terms
Variable types: 0 continuous, 16 integer (16 binary)
Coefficient statistics:
  Matrix range     [1e+00, 1e+00]
  Objective range  [2e+00, 2e+00]
  QObjective range [9e-03, 1e+00]
  Bounds range     [1e+00, 1e+00]
  RHS range        [8e+00, 8e+00]
Found heuristic solution: objective 0.3579187
Presolve time: 0.00s
Presolved: 121 rows, 136 columns, 376 nonzeros
Variable types: 0 continuous, 136 integer (136 binary)

Root relaxation: objective -7.369607e+00, 38 iterations, 0.00 seconds (0.00 work units)

    Nodes    |    Current Node    |     Objective Bounds      |     Work
 Expl Unexpl |  Obj  Depth IntInf | Incumbent    BestBd   Gap | It/Node Time

     0     0   -7.36961    0   16    0.35792   -7.36961  2159%     -    0s
H    0     0                      -1.0418447   -7.36961   607%     -    0s
H    0     0                      -1.2590935   -7.36961   485%     -    0s
H    0     0                      -1.8618144   -7.36961   296%     -    0s
     0     0   -2.33017    0  117   -1.86181   -2.33017  25.2%     -    0s
H    0     0                      -1.9250365   -2.16567  12.5%     -    0s
H    0     0                      -1.9557319   -2.16567  10.7%     -    0s
     0     0   -2.14164    0  121   -1.95573   -2.14164  9.51%     -    0s
     0     0   -2.13064    0  121   -1.95573   -2.13064  8.94%     -    0s
     0     0   -2.13064    0  121   -1.95573   -2.13064  8.94%     -    0s
     0     2   -2.13064    0  121   -1.95573   -2.13064  8.94%     -    0s

Cutting planes:
  Gomory: 3
  Dual implied bound: 4
  MIR: 42
  Zero half: 14
  RLT: 29
  BQP: 208

Explored 15 nodes (1407 simplex iterations) in 0.11 seconds (0.10 work units)
Thread count was 8 (of 96 available processors)

Solution count 6: -1.95573 -1.92504 -1.86181 ... 0.357919
No other solutions better than -1.95573

Optimal solution found (tolerance 1.00e-06)
Best objective -1.955731921294e+00, best bound -1.955731921294e+00, gap 0.0000%

User-callback calls 242, time in user-callback 0.00 sec
