
Gurobi 13.0.0 (linux64) logging started Sun May  3 10:58:45 2026

Set parameter LogFile to value "logs/N=16_layers=2_presolve_off/N=16/seed=18/quantum_layers=2/precond_pen=0.200.log"
Set parameter MIPGap to value 1e-06
Set parameter Threads to value 8
Set parameter Presolve to value 0
Gurobi Optimizer version 13.0.0 build v13.0.0rc1 (linux64 - "Oracle Linux Server 9.7")

CPU model: AMD EPYC 7643 48-Core Processor, instruction set [SSE2|AVX|AVX2]
Thread count: 48 physical cores, 96 logical processors, using up to 8 threads

Non-default parameters:
MIPGap  1e-06
Presolve  0
Threads  8

Optimize a model with 1 rows, 16 columns and 16 nonzeros (Min)
Model fingerprint: 0x924dc6e0
Model has 16 linear objective coefficients and an objective constant of -14.368473905461
Model has 120 quadratic objective terms
Variable types: 0 continuous, 16 integer (16 binary)
Coefficient statistics:
  Matrix range     [1e+00, 1e+00]
  Objective range  [1e+00, 7e+00]
  QObjective range [3e-03, 5e+00]
  Bounds range     [1e+00, 1e+00]
  RHS range        [8e+00, 8e+00]
Found heuristic solution: objective -2.3315250
Variable types: 0 continuous, 136 integer (136 binary)

Root relaxation: objective -2.582587e+01, 22 iterations, 0.00 seconds (0.00 work units)

    Nodes    |    Current Node    |     Objective Bounds      |     Work
 Expl Unexpl |  Obj  Depth IntInf | Incumbent    BestBd   Gap | It/Node Time

     0     0  -25.82587    0   16   -2.33153  -25.82587  1008%     -    0s
H    0     0                     -12.2254011  -25.82587   111%     -    0s
     0     0  -14.90270    0   75  -12.22540  -14.90270  21.9%     -    0s

Cutting planes:
  Gomory: 12
  Cover: 1
  MIR: 22
  Zero half: 18
  RLT: 18
  BQP: 52

Explored 1 nodes (241 simplex iterations) in 0.02 seconds (0.02 work units)
Thread count was 8 (of 96 available processors)

Solution count 2: -12.2254 -2.33153 
No other solutions better than -12.2254

Optimal solution found (tolerance 1.00e-06)
Best objective -1.222540112264e+01, best bound -1.222540112264e+01, gap 0.0000%

User-callback calls 72, time in user-callback 0.00 sec
