
Gurobi 13.0.0 (linux64) logging started Tue Mar 31 15:05:17 2026

Set parameter LogFile to value "logs/N=12_layers=2_presolve_off/N=12/seed=13/n_qaoa_layers=2/precond_pen=0.600.log"
Set parameter MIPGap to value 1e-06
Set parameter Threads to value 8
Set parameter Presolve to value 0
Gurobi Optimizer version 13.0.0 build v13.0.0rc1 (linux64 - "Oracle Linux Server 9.7")

CPU model: AMD EPYC 7643 48-Core Processor, instruction set [SSE2|AVX|AVX2]
Thread count: 48 physical cores, 96 logical processors, using up to 8 threads

Non-default parameters:
MIPGap  1e-06
Presolve  0
Threads  8

Optimize a model with 1 rows, 12 columns and 12 nonzeros (Min)
Model fingerprint: 0x2ef11b63
Model has 12 linear objective coefficients and an objective constant of 4.227329489869
Model has 66 quadratic objective terms
Variable types: 0 continuous, 12 integer (12 binary)
Coefficient statistics:
  Matrix range     [1e+00, 1e+00]
  Objective range  [7e-01, 3e+00]
  QObjective range [5e-02, 4e+00]
  Bounds range     [1e+00, 1e+00]
  RHS range        [6e+00, 6e+00]
Found heuristic solution: objective 0.3090815
Variable types: 0 continuous, 78 integer (78 binary)

Root relaxation: objective -1.161228e+01, 14 iterations, 0.00 seconds (0.00 work units)

    Nodes    |    Current Node    |     Objective Bounds      |     Work
 Expl Unexpl |  Obj  Depth IntInf | Incumbent    BestBd   Gap | It/Node Time

     0     0  -11.61228    0   12    0.30908  -11.61228  3857%     -    0s
H    0     0                      -2.3763062  -11.61228   389%     -    0s
H    0     0                      -4.0092954  -11.61228   190%     -    0s
H    0     0                      -5.1984836  -11.61228   123%     -    0s
H    0     0                      -7.3987059  -11.61228  57.0%     -    0s
H    0     0                      -7.5375878  -11.61228  54.1%     -    0s

Cutting planes:
  Gomory: 1
  MIR: 18
  Zero half: 17
  RLT: 19
  BQP: 52

Explored 1 nodes (14 simplex iterations) in 0.01 seconds (0.00 work units)
Thread count was 8 (of 96 available processors)

Solution count 6: -7.53759 -7.39871 -5.19848 ... 0.309082
No other solutions better than -7.53759

Optimal solution found (tolerance 1.00e-06)
Best objective -7.537587814815e+00, best bound -7.537587814815e+00, gap 0.0000%

User-callback calls 68, time in user-callback 0.00 sec
