
Gurobi 13.0.0 (linux64) logging started Tue Mar 31 15:05:17 2026

Set parameter LogFile to value "logs/N=12_layers=2_presolve_off/N=12/seed=13/n_qaoa_layers=2/precond_pen=0.400.log"
Set parameter MIPGap to value 1e-06
Set parameter Threads to value 8
Set parameter Presolve to value 0
Gurobi Optimizer version 13.0.0 build v13.0.0rc1 (linux64 - "Oracle Linux Server 9.7")

CPU model: AMD EPYC 7643 48-Core Processor, instruction set [SSE2|AVX|AVX2]
Thread count: 48 physical cores, 96 logical processors, using up to 8 threads

Non-default parameters:
MIPGap  1e-06
Presolve  0
Threads  8

Optimize a model with 1 rows, 12 columns and 12 nonzeros (Min)
Model fingerprint: 0xddec12d8
Model has 12 linear objective coefficients and an objective constant of 3.3813192529959992e+00
Model has 66 quadratic objective terms
Variable types: 0 continuous, 12 integer (12 binary)
Coefficient statistics:
  Matrix range     [1e+00, 1e+00]
  Objective range  [9e-02, 4e+00]
  QObjective range [5e-04, 6e+00]
  Bounds range     [1e+00, 1e+00]
  RHS range        [6e+00, 6e+00]
Found heuristic solution: objective 0.5113548
Variable types: 0 continuous, 78 integer (78 binary)

Root relaxation: objective -1.777662e+01, 8 iterations, 0.00 seconds (0.00 work units)

    Nodes    |    Current Node    |     Objective Bounds      |     Work
 Expl Unexpl |  Obj  Depth IntInf | Incumbent    BestBd   Gap | It/Node Time

     0     0  -17.77662    0   12    0.51135  -17.77662  3576%     -    0s
H    0     0                      -3.2887206  -17.77662   441%     -    0s
H    0     0                      -6.1531669  -17.77662   189%     -    0s
H    0     0                      -8.4724036  -17.77662   110%     -    0s
H    0     0                     -12.2789590  -17.77662  44.8%     -    0s

Cutting planes:
  Gomory: 1
  MIR: 12
  Zero half: 14
  RLT: 16
  BQP: 41

Explored 1 nodes (8 simplex iterations) in 0.01 seconds (0.00 work units)
Thread count was 8 (of 96 available processors)

Solution count 5: -12.279 -8.4724 -6.15317 ... 0.511355
No other solutions better than -12.279

Optimal solution found (tolerance 1.00e-06)
Best objective -1.227895898621e+01, best bound -1.227895898621e+01, gap 0.0000%

User-callback calls 66, time in user-callback 0.00 sec
