
Gurobi 13.0.0 (linux64) logging started Tue Mar 31 15:06:56 2026

Set parameter LogFile to value "logs/N=12_layers=3_presolve_off/N=12/seed=21/n_qaoa_layers=3/precond_pen=0.200.log"
Set parameter MIPGap to value 1e-06
Set parameter Threads to value 8
Set parameter Presolve to value 0
Gurobi Optimizer version 13.0.0 build v13.0.0rc1 (linux64 - "Oracle Linux Server 9.7")

CPU model: AMD EPYC 7643 48-Core Processor, instruction set [SSE2|AVX|AVX2]
Thread count: 48 physical cores, 96 logical processors, using up to 8 threads

Non-default parameters:
MIPGap  1e-06
Presolve  0
Threads  8

Optimize a model with 1 rows, 12 columns and 12 nonzeros (Min)
Model fingerprint: 0x47985983
Model has 12 linear objective coefficients and an objective constant of -5.7953771796170024e+00
Model has 66 quadratic objective terms
Variable types: 0 continuous, 12 integer (12 binary)
Coefficient statistics:
  Matrix range     [1e+00, 1e+00]
  Objective range  [1e-01, 7e+00]
  QObjective range [8e-02, 7e+00]
  Bounds range     [1e+00, 1e+00]
  RHS range        [6e+00, 6e+00]
Found heuristic solution: objective -2.8876241
Variable types: 0 continuous, 78 integer (78 binary)

Root relaxation: objective -2.054941e+01, 8 iterations, 0.00 seconds (0.00 work units)

    Nodes    |    Current Node    |     Objective Bounds      |     Work
 Expl Unexpl |  Obj  Depth IntInf | Incumbent    BestBd   Gap | It/Node Time

     0     0  -20.54941    0   12   -2.88762  -20.54941   612%     -    0s
H    0     0                      -7.3688517  -20.54941   179%     -    0s
     0     0  -10.25119    0   31   -7.36885  -10.25119  39.1%     -    0s

Cutting planes:
  Gomory: 5
  Cover: 3
  MIR: 23
  StrongCG: 4
  Zero half: 12
  RLT: 13
  BQP: 20

Explored 1 nodes (81 simplex iterations) in 0.01 seconds (0.01 work units)
Thread count was 8 (of 96 available processors)

Solution count 2: -7.36885 -2.88762 
No other solutions better than -7.36885

Optimal solution found (tolerance 1.00e-06)
Best objective -7.368851749367e+00, best bound -7.368851749367e+00, gap 0.0000%

User-callback calls 70, time in user-callback 0.00 sec

Gurobi 13.0.0 (linux64) logging started Tue Mar 31 15:10:55 2026

Set parameter LogFile to value "logs/N=12_layers=3_presolve_off/N=12/seed=21/n_qaoa_layers=3/precond_pen=0.200.log"
Set parameter MIPGap to value 1e-06
Set parameter Threads to value 8
Set parameter Presolve to value 0
Gurobi Optimizer version 13.0.0 build v13.0.0rc1 (linux64 - "Oracle Linux Server 9.7")

CPU model: AMD EPYC 7643 48-Core Processor, instruction set [SSE2|AVX|AVX2]
Thread count: 48 physical cores, 96 logical processors, using up to 8 threads

Non-default parameters:
MIPGap  1e-06
Presolve  0
Threads  8

Optimize a model with 1 rows, 12 columns and 12 nonzeros (Min)
Model fingerprint: 0x47985983
Model has 12 linear objective coefficients and an objective constant of -5.7953771796170024e+00
Model has 66 quadratic objective terms
Variable types: 0 continuous, 12 integer (12 binary)
Coefficient statistics:
  Matrix range     [1e+00, 1e+00]
  Objective range  [1e-01, 7e+00]
  QObjective range [8e-02, 7e+00]
  Bounds range     [1e+00, 1e+00]
  RHS range        [6e+00, 6e+00]
Found heuristic solution: objective -2.8876241
Variable types: 0 continuous, 78 integer (78 binary)

Root relaxation: objective -2.054941e+01, 8 iterations, 0.00 seconds (0.00 work units)

    Nodes    |    Current Node    |     Objective Bounds      |     Work
 Expl Unexpl |  Obj  Depth IntInf | Incumbent    BestBd   Gap | It/Node Time

     0     0  -20.54941    0   12   -2.88762  -20.54941   612%     -    0s
H    0     0                      -7.3688517  -20.54941   179%     -    0s
     0     0  -10.25119    0   31   -7.36885  -10.25119  39.1%     -    0s

Cutting planes:
  Gomory: 5
  Cover: 3
  MIR: 23
  StrongCG: 4
  Zero half: 12
  RLT: 13
  BQP: 20

Explored 1 nodes (81 simplex iterations) in 0.01 seconds (0.01 work units)
Thread count was 8 (of 96 available processors)

Solution count 2: -7.36885 -2.88762 
No other solutions better than -7.36885

Optimal solution found (tolerance 1.00e-06)
Best objective -7.368851749367e+00, best bound -7.368851749367e+00, gap 0.0000%

User-callback calls 70, time in user-callback 0.00 sec
