
Gurobi 13.0.0 (linux64) logging started Tue Mar 31 15:12:40 2026

Set parameter LogFile to value "logs/N=16_layers=2_presolve_on/N=16/seed=36/n_qaoa_layers=2/precond_pen=0.500.log"
Set parameter MIPGap to value 1e-06
Set parameter Threads to value 8
Gurobi Optimizer version 13.0.0 build v13.0.0rc1 (linux64 - "Oracle Linux Server 9.7")

CPU model: AMD EPYC 7643 48-Core Processor, instruction set [SSE2|AVX|AVX2]
Thread count: 48 physical cores, 96 logical processors, using up to 8 threads

Non-default parameters:
MIPGap  1e-06
Threads  8

Optimize a model with 1 rows, 16 columns and 16 nonzeros (Min)
Model fingerprint: 0x342184fa
Model has 16 linear objective coefficients and an objective constant of 5.9415758524
Model has 120 quadratic objective terms
Variable types: 0 continuous, 16 integer (16 binary)
Coefficient statistics:
  Matrix range     [1e+00, 1e+00]
  Objective range  [9e-01, 2e+00]
  QObjective range [3e-02, 3e+00]
  Bounds range     [1e+00, 1e+00]
  RHS range        [8e+00, 8e+00]
Found heuristic solution: objective 0.1710740
Presolve time: 0.00s
Presolved: 121 rows, 136 columns, 376 nonzeros
Variable types: 0 continuous, 136 integer (136 binary)

Root relaxation: objective -1.585954e+01, 32 iterations, 0.00 seconds (0.00 work units)

    Nodes    |    Current Node    |     Objective Bounds      |     Work
 Expl Unexpl |  Obj  Depth IntInf | Incumbent    BestBd   Gap | It/Node Time

     0     0  -15.85954    0   16    0.17107  -15.85954  9371%     -    0s
H    0     0                      -1.0449032  -15.85954  1418%     -    0s
H    0     0                      -1.1359445  -15.85954  1296%     -    0s
H    0     0                      -1.2870168  -15.85954  1132%     -    0s
H    0     0                      -9.0416224  -15.85954  75.4%     -    0s
     0     0     cutoff    0        -9.04162   -9.04162  0.00%     -    0s

Cutting planes:
  Gomory: 1
  MIR: 54
  Zero half: 26
  RLT: 41
  BQP: 168

Explored 1 nodes (207 simplex iterations) in 0.01 seconds (0.01 work units)
Thread count was 8 (of 96 available processors)

Solution count 5: -9.04162 -1.28702 -1.13594 ... 0.171074
No other solutions better than -9.04162

Optimal solution found (tolerance 1.00e-06)
Best objective -9.041622370522e+00, best bound -9.041622370522e+00, gap 0.0000%

User-callback calls 167, time in user-callback 0.00 sec
