
Gurobi 13.0.0 (linux64) logging started Tue Mar 31 15:12:40 2026

Set parameter LogFile to value "logs/N=16_layers=2_presolve_on/N=16/seed=36/n_qaoa_layers=2/precond_pen=0.200.log"
Set parameter MIPGap to value 1e-06
Set parameter Threads to value 8
Gurobi Optimizer version 13.0.0 build v13.0.0rc1 (linux64 - "Oracle Linux Server 9.7")

CPU model: AMD EPYC 7643 48-Core Processor, instruction set [SSE2|AVX|AVX2]
Thread count: 48 physical cores, 96 logical processors, using up to 8 threads

Non-default parameters:
MIPGap  1e-06
Threads  8

Optimize a model with 1 rows, 16 columns and 16 nonzeros (Min)
Model fingerprint: 0x572d9f4c
Model has 16 linear objective coefficients and an objective constant of -1.1987280370426003e+01
Model has 120 quadratic objective terms
Variable types: 0 continuous, 16 integer (16 binary)
Coefficient statistics:
  Matrix range     [1e+00, 1e+00]
  Objective range  [1e-01, 7e+00]
  QObjective range [4e-02, 6e+00]
  Bounds range     [1e+00, 1e+00]
  RHS range        [8e+00, 8e+00]
Found heuristic solution: objective 2.7244286
Presolve time: 0.00s
Presolved: 121 rows, 136 columns, 376 nonzeros
Variable types: 0 continuous, 136 integer (136 binary)

Root relaxation: objective -2.524774e+01, 10 iterations, 0.00 seconds (0.00 work units)

    Nodes    |    Current Node    |     Objective Bounds      |     Work
 Expl Unexpl |  Obj  Depth IntInf | Incumbent    BestBd   Gap | It/Node Time

     0     0  -25.24774    0   16    2.72443  -25.24774  1027%     -    0s
H    0     0                      -0.7811656  -25.24774  3132%     -    0s
H    0     0                      -1.1788733  -25.24774  2042%     -    0s
H    0     0                      -1.9056508  -25.24774  1225%     -    0s
H    0     0                     -13.9193928  -25.24774  81.4%     -    0s
     0     0  -14.79823    0   60  -13.91939  -14.79823  6.31%     -    0s
     0     0  -13.91939    0   55  -13.91939  -13.91939  0.00%     -    0s

Cutting planes:
  Gomory: 2
  MIR: 22
  Zero half: 11
  RLT: 29
  BQP: 81

Explored 1 nodes (191 simplex iterations) in 0.02 seconds (0.01 work units)
Thread count was 8 (of 96 available processors)

Solution count 5: -13.9194 -1.90565 -1.17887 ... 2.72443
No other solutions better than -13.9194

Optimal solution found (tolerance 1.00e-06)
Best objective -1.391939275561e+01, best bound -1.391939275561e+01, gap 0.0000%

User-callback calls 170, time in user-callback 0.00 sec
