
Gurobi 13.0.0 (linux64) logging started Tue Mar 31 15:12:40 2026

Set parameter LogFile to value "logs/N=16_layers=2_presolve_on/N=16/seed=36/n_qaoa_layers=2/precond_pen=0.800.log"
Set parameter MIPGap to value 1e-06
Set parameter Threads to value 8
Gurobi Optimizer version 13.0.0 build v13.0.0rc1 (linux64 - "Oracle Linux Server 9.7")

CPU model: AMD EPYC 7643 48-Core Processor, instruction set [SSE2|AVX|AVX2]
Thread count: 48 physical cores, 96 logical processors, using up to 8 threads

Non-default parameters:
MIPGap  1e-06
Threads  8

Optimize a model with 1 rows, 16 columns and 16 nonzeros (Min)
Model fingerprint: 0x483ce33d
Model has 16 linear objective coefficients and an objective constant of 6.5877638787229982e+00
Model has 120 quadratic objective terms
Variable types: 0 continuous, 16 integer (16 binary)
Coefficient statistics:
  Matrix range     [1e+00, 1e+00]
  Objective range  [1e+00, 2e+00]
  QObjective range [9e-03, 2e+00]
  Bounds range     [1e+00, 1e+00]
  RHS range        [8e+00, 8e+00]
Found heuristic solution: objective -0.2953740
Presolve time: 0.00s
Presolved: 121 rows, 136 columns, 376 nonzeros
Variable types: 0 continuous, 136 integer (136 binary)

Root relaxation: objective -9.644164e+00, 24 iterations, 0.00 seconds (0.00 work units)

    Nodes    |    Current Node    |     Objective Bounds      |     Work
 Expl Unexpl |  Obj  Depth IntInf | Incumbent    BestBd   Gap | It/Node Time

     0     0   -9.64416    0   16   -0.29537   -9.64416  3165%     -    0s
H    0     0                      -0.5651329   -9.64416  1607%     -    0s
H    0     0                      -0.8811949   -9.64416   994%     -    0s
H    0     0                      -1.9441066   -9.64416   396%     -    0s
H    0     0                      -4.4188292   -9.64416   118%     -    0s
     0     0     cutoff    0        -4.41883   -4.41883  0.00%     -    0s

Cutting planes:
  MIR: 54
  Zero half: 25
  RLT: 39
  BQP: 205

Explored 1 nodes (221 simplex iterations) in 0.01 seconds (0.01 work units)
Thread count was 8 (of 96 available processors)

Solution count 5: -4.41883 -1.94411 -0.881195 ... -0.295374
No other solutions better than -4.41883

Optimal solution found (tolerance 1.00e-06)
Best objective -4.418829188151e+00, best bound -4.418829188151e+00, gap 0.0000%

User-callback calls 166, time in user-callback 0.00 sec
