
Gurobi 13.0.0 (linux64) logging started Sun May  3 11:01:51 2026

Set parameter LogFile to value "logs/N=16_layers=3_presolve_off/N=16/seed=10/quantum_layers=3/precond_pen=0.400.log"
Set parameter MIPGap to value 1e-06
Set parameter Threads to value 8
Set parameter Presolve to value 0
Gurobi Optimizer version 13.0.0 build v13.0.0rc1 (linux64 - "Oracle Linux Server 9.7")

CPU model: AMD EPYC 7643 48-Core Processor, instruction set [SSE2|AVX|AVX2]
Thread count: 48 physical cores, 96 logical processors, using up to 8 threads

Non-default parameters:
MIPGap  1e-06
Presolve  0
Threads  8

Optimize a model with 1 rows, 16 columns and 16 nonzeros (Min)
Model fingerprint: 0x9e7f40a2
Model has 16 linear objective coefficients and an objective constant of 6.1561058183940007e+00
Model has 120 quadratic objective terms
Variable types: 0 continuous, 16 integer (16 binary)
Coefficient statistics:
  Matrix range     [1e+00, 1e+00]
  Objective range  [8e-01, 3e+00]
  QObjective range [5e-02, 5e+00]
  Bounds range     [1e+00, 1e+00]
  RHS range        [8e+00, 8e+00]
Found heuristic solution: objective 1.3449797
Variable types: 0 continuous, 136 integer (136 binary)

Root relaxation: objective -2.678288e+01, 25 iterations, 0.00 seconds (0.00 work units)

    Nodes    |    Current Node    |     Objective Bounds      |     Work
 Expl Unexpl |  Obj  Depth IntInf | Incumbent    BestBd   Gap | It/Node Time

     0     0  -26.78288    0   16    1.34498  -26.78288  2091%     -    0s
H    0     0                      -8.8826544  -26.78288   202%     -    0s
H    0     0                     -17.2954456  -26.78288  54.9%     -    0s
     0     0  -17.29545    0   51  -17.29545  -17.29545  0.00%     -    0s

Cutting planes:
  Gomory: 2
  MIR: 34
  Zero half: 33
  RLT: 36
  BQP: 135

Explored 1 nodes (138 simplex iterations) in 0.01 seconds (0.01 work units)
Thread count was 8 (of 96 available processors)

Solution count 3: -17.2954 -8.88265 1.34498 
No other solutions better than -17.2954

Optimal solution found (tolerance 1.00e-06)
Best objective -1.729544555877e+01, best bound -1.729544555877e+01, gap 0.0000%

User-callback calls 69, time in user-callback 0.00 sec
