
Gurobi 13.0.0 (linux64) logging started Sun Mar 22 16:50:36 2026

Set parameter LogFile to value "logs/N=12_presolve_on/N=12/seed=15/n_qaoa_layers=1/precond_pen=0.100.log"
Set parameter MIPGap to value 1e-06
Set parameter Threads to value 8
Gurobi Optimizer version 13.0.0 build v13.0.0rc1 (linux64 - "Oracle Linux Server 9.7")

CPU model: AMD EPYC 7643 48-Core Processor, instruction set [SSE2|AVX|AVX2]
Thread count: 48 physical cores, 96 logical processors, using up to 8 threads

Non-default parameters:
MIPGap  1e-06
Threads  8

Optimize a model with 1 rows, 12 columns and 12 nonzeros (Min)
Model fingerprint: 0x9d7a17d9
Model has 12 linear objective coefficients and an objective constant of -1.8763785956847002e+01
Model has 66 quadratic objective terms
Variable types: 0 continuous, 12 integer (12 binary)
Coefficient statistics:
  Matrix range     [1e+00, 1e+00]
  Objective range  [4e+00, 8e+00]
  QObjective range [6e-03, 4e+00]
  Bounds range     [1e+00, 1e+00]
  RHS range        [6e+00, 6e+00]
Found heuristic solution: objective 0.5604731
Presolve time: 0.00s
Presolved: 67 rows, 78 columns, 210 nonzeros
Variable types: 0 continuous, 78 integer (78 binary)

Root relaxation: objective -1.876379e+01, 5 iterations, 0.00 seconds (0.00 work units)

    Nodes    |    Current Node    |     Objective Bounds      |     Work
 Expl Unexpl |  Obj  Depth IntInf | Incumbent    BestBd   Gap | It/Node Time

     0     0  -18.76379    0   12    0.56047  -18.76379  3448%     -    0s
H    0     0                      -1.7537460  -18.76379   970%     -    0s
     0     0   -5.92392    0   12   -1.75375   -5.92392   238%     -    0s
     0     0   -3.88975    0   40   -1.75375   -3.88975   122%     -    0s
     0     0   -3.87863    0   40   -1.75375   -3.87863   121%     -    0s
     0     2   -3.86156    0   40   -1.75375   -3.86156   120%     -    0s

Cutting planes:
  Gomory: 1
  Cover: 1
  Dual implied bound: 16
  MIR: 6
  RLT: 9

Explored 14 nodes (389 simplex iterations) in 0.02 seconds (0.01 work units)
Thread count was 8 (of 96 available processors)

Solution count 2: -1.75375 0.560473 
No other solutions better than -1.75375

Optimal solution found (tolerance 1.00e-06)
Best objective -1.753746042789e+00, best bound -1.753746042789e+00, gap 0.0000%

User-callback calls 205, time in user-callback 0.00 sec
