
Gurobi 13.0.0 (linux64) logging started Sun May  3 10:54:24 2026

Set parameter LogFile to value "logs/N=16_layers=1_presolve_off/N=16/seed=28/quantum_layers=1/precond_pen=0.200.log"
Set parameter MIPGap to value 1e-06
Set parameter Threads to value 8
Set parameter Presolve to value 0
Gurobi Optimizer version 13.0.0 build v13.0.0rc1 (linux64 - "Oracle Linux Server 9.7")

CPU model: AMD EPYC 7643 48-Core Processor, instruction set [SSE2|AVX|AVX2]
Thread count: 48 physical cores, 96 logical processors, using up to 8 threads

Non-default parameters:
MIPGap  1e-06
Presolve  0
Threads  8

Optimize a model with 1 rows, 16 columns and 16 nonzeros (Min)
Model fingerprint: 0x106ba518
Model has 16 linear objective coefficients and an objective constant of -13.707162102152
Model has 120 quadratic objective terms
Variable types: 0 continuous, 16 integer (16 binary)
Coefficient statistics:
  Matrix range     [1e+00, 1e+00]
  Objective range  [8e-01, 5e+00]
  QObjective range [3e-02, 3e+00]
  Bounds range     [1e+00, 1e+00]
  RHS range        [8e+00, 8e+00]
Found heuristic solution: objective 1.7206682
Variable types: 0 continuous, 136 integer (136 binary)

Root relaxation: objective -1.888411e+01, 8 iterations, 0.00 seconds (0.00 work units)

    Nodes    |    Current Node    |     Objective Bounds      |     Work
 Expl Unexpl |  Obj  Depth IntInf | Incumbent    BestBd   Gap | It/Node Time

     0     0  -18.88411    0   16    1.72067  -18.88411  1197%     -    0s
H    0     0                       1.5775516  -18.88411  1297%     -    0s
H    0     0                       1.0451801  -18.88411  1907%     -    0s
H    0     0                       0.3570286  -18.88411  5389%     -    0s
H    0     0                      -6.3282611  -18.88411   198%     -    0s
     0     0  -10.49336    0   72   -6.32826  -10.49336  65.8%     -    0s
     0     0   -8.25103    0   93   -6.32826   -8.25103  30.4%     -    0s
     0     0   -8.25103    0   93   -6.32826   -8.25103  30.4%     -    0s
     0     2   -8.25103    0   93   -6.32826   -8.25103  30.4%     -    0s

Cutting planes:
  Gomory: 3
  MIR: 12
  Zero half: 9
  RLT: 19
  BQP: 44

Explored 26 nodes (1204 simplex iterations) in 0.04 seconds (0.04 work units)
Thread count was 8 (of 96 available processors)

Solution count 5: -6.32826 0.357029 1.04518 ... 1.72067
No other solutions better than -6.32826

Optimal solution found (tolerance 1.00e-06)
Best objective -6.328261110086e+00, best bound -6.328261110086e+00, gap 0.0000%

User-callback calls 150, time in user-callback 0.00 sec
