
Gurobi 13.0.0 (linux64) logging started Sun May  3 10:58:50 2026

Set parameter LogFile to value "logs/N=16_layers=2_presolve_off/N=16/seed=35/quantum_layers=2/precond_pen=0.200.log"
Set parameter MIPGap to value 1e-06
Set parameter Threads to value 8
Set parameter Presolve to value 0
Gurobi Optimizer version 13.0.0 build v13.0.0rc1 (linux64 - "Oracle Linux Server 9.7")

CPU model: AMD EPYC 7643 48-Core Processor, instruction set [SSE2|AVX|AVX2]
Thread count: 48 physical cores, 96 logical processors, using up to 8 threads

Non-default parameters:
MIPGap  1e-06
Presolve  0
Threads  8

Optimize a model with 1 rows, 16 columns and 16 nonzeros (Min)
Model fingerprint: 0x87def820
Model has 16 linear objective coefficients and an objective constant of -10.683329429764
Model has 120 quadratic objective terms
Variable types: 0 continuous, 16 integer (16 binary)
Coefficient statistics:
  Matrix range     [1e+00, 1e+00]
  Objective range  [6e-02, 6e+00]
  QObjective range [4e-02, 6e+00]
  Bounds range     [1e+00, 1e+00]
  RHS range        [8e+00, 8e+00]
Found heuristic solution: objective 3.2254820
Variable types: 0 continuous, 136 integer (136 binary)

Root relaxation: objective -2.509622e+01, 15 iterations, 0.00 seconds (0.00 work units)

    Nodes    |    Current Node    |     Objective Bounds      |     Work
 Expl Unexpl |  Obj  Depth IntInf | Incumbent    BestBd   Gap | It/Node Time

     0     0  -25.09622    0   16    3.22548  -25.09622   878%     -    0s
H    0     0                      -2.7582611  -25.09622   810%     -    0s
H    0     0                      -7.8581211  -25.09622   219%     -    0s
H    0     0                     -10.1602491  -17.99437  77.1%     -    0s
     0     0  -15.45781    0   40  -10.16025  -15.45781  52.1%     -    0s
     0     0  -10.16025    0   72  -10.16025  -10.16025  0.00%     -    0s

Cutting planes:
  Gomory: 10
  Cover: 3
  MIR: 62
  StrongCG: 3
  Zero half: 11
  Mod-K: 1
  RLT: 26
  BQP: 78

Explored 1 nodes (298 simplex iterations) in 0.03 seconds (0.02 work units)
Thread count was 8 (of 96 available processors)

Solution count 4: -10.1602 -7.85812 -2.75826 3.22548 
No other solutions better than -10.1602

Optimal solution found (tolerance 1.00e-06)
Best objective -1.016024910925e+01, best bound -1.016024910925e+01, gap 0.0000%

User-callback calls 82, time in user-callback 0.00 sec
