
Gurobi 13.0.0 (linux64) logging started Sun May  3 10:58:50 2026

Set parameter LogFile to value "logs/N=16_layers=2_presolve_off/N=16/seed=35/quantum_layers=2/precond_pen=0.400.log"
Set parameter MIPGap to value 1e-06
Set parameter Threads to value 8
Set parameter Presolve to value 0
Gurobi Optimizer version 13.0.0 build v13.0.0rc1 (linux64 - "Oracle Linux Server 9.7")

CPU model: AMD EPYC 7643 48-Core Processor, instruction set [SSE2|AVX|AVX2]
Thread count: 48 physical cores, 96 logical processors, using up to 8 threads

Non-default parameters:
MIPGap  1e-06
Presolve  0
Threads  8

Optimize a model with 1 rows, 16 columns and 16 nonzeros (Min)
Model fingerprint: 0x13d86570
Model has 16 linear objective coefficients and an objective constant of 5.5164575592309992e+00
Model has 120 quadratic objective terms
Variable types: 0 continuous, 16 integer (16 binary)
Coefficient statistics:
  Matrix range     [1e+00, 1e+00]
  Objective range  [6e-01, 2e+00]
  QObjective range [2e-02, 4e+00]
  Bounds range     [1e+00, 1e+00]
  RHS range        [8e+00, 8e+00]
Found heuristic solution: objective 1.9400231
Variable types: 0 continuous, 136 integer (136 binary)

Root relaxation: objective -2.071576e+01, 12 iterations, 0.00 seconds (0.00 work units)

    Nodes    |    Current Node    |     Objective Bounds      |     Work
 Expl Unexpl |  Obj  Depth IntInf | Incumbent    BestBd   Gap | It/Node Time

     0     0  -20.71576    0   16    1.94002  -20.71576  1168%     -    0s
H    0     0                      -2.0230273  -20.71576   924%     -    0s
H    0     0                      -2.0979368  -20.71576   887%     -    0s
H    0     0                      -2.1525819  -20.71576   862%     -    0s
H    0     0                     -10.8669391  -20.71576  90.6%     -    0s
     0     0  -10.86694    0   59  -10.86694  -10.86694  0.00%     -    0s

Cutting planes:
  Gomory: 1
  MIR: 39
  Zero half: 26
  RLT: 40
  BQP: 171

Explored 1 nodes (270 simplex iterations) in 0.01 seconds (0.01 work units)
Thread count was 8 (of 96 available processors)

Solution count 5: -10.8669 -2.15258 -2.09794 ... 1.94002
No other solutions better than -10.8669

Optimal solution found (tolerance 1.00e-06)
Best objective -1.086693908898e+01, best bound -1.086693908898e+01, gap 0.0000%

User-callback calls 72, time in user-callback 0.00 sec
