
Gurobi 13.0.0 (linux64) logging started Sun May  3 11:08:51 2026

Set parameter LogFile to value "logs/N=12_layers=3_presolve_on/N=12/seed=11/quantum_layers=3/precond_pen=0.700.log"
Set parameter MIPGap to value 1e-06
Set parameter Threads to value 8
Gurobi Optimizer version 13.0.0 build v13.0.0rc1 (linux64 - "Oracle Linux Server 9.7")

CPU model: AMD EPYC 7643 48-Core Processor, instruction set [SSE2|AVX|AVX2]
Thread count: 48 physical cores, 96 logical processors, using up to 8 threads

Non-default parameters:
MIPGap  1e-06
Threads  8

Optimize a model with 1 rows, 12 columns and 12 nonzeros (Min)
Model fingerprint: 0x7cf16539
Model has 12 linear objective coefficients and an objective constant of 4.9666432434789982e+00
Model has 66 quadratic objective terms
Variable types: 0 continuous, 12 integer (12 binary)
Coefficient statistics:
  Matrix range     [1e+00, 1e+00]
  Objective range  [2e+00, 2e+00]
  QObjective range [8e-03, 3e+00]
  Bounds range     [1e+00, 1e+00]
  RHS range        [6e+00, 6e+00]
Found heuristic solution: objective 1.7218061
Presolve time: 0.00s
Presolved: 67 rows, 78 columns, 210 nonzeros
Variable types: 0 continuous, 78 integer (78 binary)

Root relaxation: objective -1.007545e+01, 15 iterations, 0.00 seconds (0.00 work units)

    Nodes    |    Current Node    |     Objective Bounds      |     Work
 Expl Unexpl |  Obj  Depth IntInf | Incumbent    BestBd   Gap | It/Node Time

     0     0  -10.07545    0   12    1.72181  -10.07545   685%     -    0s
H    0     0                      -3.5001116  -10.07545   188%     -    0s
H    0     0                      -3.8469136  -10.07545   162%     -    0s
H    0     0                      -4.1661042  -10.07545   142%     -    0s
H    0     0                      -4.5041100  -10.07545   124%     -    0s
     0     0     cutoff    0        -4.50411   -4.50411  0.00%     -    0s

Cutting planes:
  Gomory: 2
  MIR: 19
  Zero half: 13
  RLT: 19
  BQP: 78

Explored 1 nodes (120 simplex iterations) in 0.01 seconds (0.00 work units)
Thread count was 8 (of 96 available processors)

Solution count 5: -4.50411 -4.1661 -3.84691 ... 1.72181
No other solutions better than -4.50411

Optimal solution found (tolerance 1.00e-06)
Best objective -4.504110004233e+00, best bound -4.504110004233e+00, gap 0.0000%

User-callback calls 165, time in user-callback 0.00 sec
