
Gurobi 13.0.0 (linux64) logging started Sun May  3 10:58:40 2026

Set parameter LogFile to value "logs/N=16_layers=2_presolve_off/N=16/seed=1/quantum_layers=2/precond_pen=0.700.log"
Set parameter MIPGap to value 1e-06
Set parameter Threads to value 8
Set parameter Presolve to value 0
Gurobi Optimizer version 13.0.0 build v13.0.0rc1 (linux64 - "Oracle Linux Server 9.7")

CPU model: AMD EPYC 7643 48-Core Processor, instruction set [SSE2|AVX|AVX2]
Thread count: 48 physical cores, 96 logical processors, using up to 8 threads

Non-default parameters:
MIPGap  1e-06
Presolve  0
Threads  8

Optimize a model with 1 rows, 16 columns and 16 nonzeros (Min)
Model fingerprint: 0xfc20cde3
Model has 16 linear objective coefficients and an objective constant of 6.3125875435410013e+00
Model has 120 quadratic objective terms
Variable types: 0 continuous, 16 integer (16 binary)
Coefficient statistics:
  Matrix range     [1e+00, 1e+00]
  Objective range  [1e+00, 2e+00]
  QObjective range [3e-03, 3e+00]
  Bounds range     [1e+00, 1e+00]
  RHS range        [8e+00, 8e+00]
Found heuristic solution: objective 1.3122429
Variable types: 0 continuous, 136 integer (136 binary)

Root relaxation: objective -1.268308e+01, 32 iterations, 0.00 seconds (0.00 work units)

    Nodes    |    Current Node    |     Objective Bounds      |     Work
 Expl Unexpl |  Obj  Depth IntInf | Incumbent    BestBd   Gap | It/Node Time

     0     0  -12.68308    0   16    1.31224  -12.68308  1067%     -    0s
H    0     0                      -2.2896513  -12.68308   454%     -    0s
H    0     0                      -5.8881395  -12.68308   115%     -    0s
     0     0   -6.17349    0   78   -5.88814   -6.17349  4.85%     -    0s
     0     0   -6.13959    0   61   -5.88814   -6.13959  4.27%     -    0s

Cutting planes:
  Gomory: 18
  MIR: 100
  StrongCG: 11
  Flow cover: 21
  Zero half: 19
  RLT: 20
  BQP: 108

Explored 1 nodes (275 simplex iterations) in 0.03 seconds (0.02 work units)
Thread count was 8 (of 96 available processors)

Solution count 3: -5.88814 -2.28965 1.31224 
No other solutions better than -5.88814

Optimal solution found (tolerance 1.00e-06)
Best objective -5.888139506199e+00, best bound -5.888139506199e+00, gap 0.0000%

User-callback calls 76, time in user-callback 0.00 sec
