
Gurobi 13.0.0 (linux64) logging started Sun May  3 10:58:40 2026

Set parameter LogFile to value "logs/N=16_layers=2_presolve_off/N=16/seed=1/quantum_layers=2/precond_pen=0.400.log"
Set parameter MIPGap to value 1e-06
Set parameter Threads to value 8
Set parameter Presolve to value 0
Gurobi Optimizer version 13.0.0 build v13.0.0rc1 (linux64 - "Oracle Linux Server 9.7")

CPU model: AMD EPYC 7643 48-Core Processor, instruction set [SSE2|AVX|AVX2]
Thread count: 48 physical cores, 96 logical processors, using up to 8 threads

Non-default parameters:
MIPGap  1e-06
Presolve  0
Threads  8

Optimize a model with 1 rows, 16 columns and 16 nonzeros (Min)
Model fingerprint: 0xc90da1ad
Model has 16 linear objective coefficients and an objective constant of 5.5928211144630016e+00
Model has 120 quadratic objective terms
Variable types: 0 continuous, 16 integer (16 binary)
Coefficient statistics:
  Matrix range     [1e+00, 1e+00]
  Objective range  [7e-01, 2e+00]
  QObjective range [2e-02, 4e+00]
  Bounds range     [1e+00, 1e+00]
  RHS range        [8e+00, 8e+00]
Found heuristic solution: objective 2.0244822
Variable types: 0 continuous, 136 integer (136 binary)

Root relaxation: objective -2.277748e+01, 17 iterations, 0.00 seconds (0.00 work units)

    Nodes    |    Current Node    |     Objective Bounds      |     Work
 Expl Unexpl |  Obj  Depth IntInf | Incumbent    BestBd   Gap | It/Node Time

     0     0  -22.77748    0   16    2.02448  -22.77748  1225%     -    0s
H    0     0                      -7.0000890  -22.77748   225%     -    0s
H    0     0                     -11.9578282  -22.77748  90.5%     -    0s
H    0     0                     -12.4808760  -18.29214  46.6%     -    0s
     0     0  -13.91140    0   69  -12.48088  -13.91140  11.5%     -    0s

Cutting planes:
  Gomory: 11
  MIR: 68
  StrongCG: 6
  Zero half: 11
  RLT: 21
  BQP: 88

Explored 1 nodes (196 simplex iterations) in 0.02 seconds (0.01 work units)
Thread count was 8 (of 96 available processors)

Solution count 4: -12.4809 -11.9578 -7.00009 2.02448 
No other solutions better than -12.4809

Optimal solution found (tolerance 1.00e-06)
Best objective -1.248087600426e+01, best bound -1.248087600426e+01, gap 0.0000%

User-callback calls 76, time in user-callback 0.00 sec
