
Gurobi 13.0.0 (linux64) logging started Sun May  3 10:58:40 2026

Set parameter LogFile to value "logs/N=16_layers=2_presolve_off/N=16/seed=1/quantum_layers=2/precond_pen=0.200.log"
Set parameter MIPGap to value 1e-06
Set parameter Threads to value 8
Set parameter Presolve to value 0
Gurobi Optimizer version 13.0.0 build v13.0.0rc1 (linux64 - "Oracle Linux Server 9.7")

CPU model: AMD EPYC 7643 48-Core Processor, instruction set [SSE2|AVX|AVX2]
Thread count: 48 physical cores, 96 logical processors, using up to 8 threads

Non-default parameters:
MIPGap  1e-06
Presolve  0
Threads  8

Optimize a model with 1 rows, 16 columns and 16 nonzeros (Min)
Model fingerprint: 0x9176bfed
Model has 16 linear objective coefficients and an objective constant of -1.7526709075672002e+01
Model has 120 quadratic objective terms
Variable types: 0 continuous, 16 integer (16 binary)
Coefficient statistics:
  Matrix range     [1e+00, 1e+00]
  Objective range  [4e-01, 8e+00]
  QObjective range [2e-02, 5e+00]
  Bounds range     [1e+00, 1e+00]
  RHS range        [8e+00, 8e+00]
Found heuristic solution: objective 3.2552080
Variable types: 0 continuous, 136 integer (136 binary)

Root relaxation: objective -2.622803e+01, 21 iterations, 0.00 seconds (0.00 work units)

    Nodes    |    Current Node    |     Objective Bounds      |     Work
 Expl Unexpl |  Obj  Depth IntInf | Incumbent    BestBd   Gap | It/Node Time

     0     0  -26.22803    0   16    3.25521  -26.22803   906%     -    0s
H    0     0                       1.6828443  -26.22803  1659%     -    0s
H    0     0                      -0.3539878  -26.22803  7309%     -    0s
H    0     0                     -10.4189339  -26.22803   152%     -    0s
H    0     0                     -10.7509150  -17.66239  64.3%     -    0s
     0     0  -14.14001    0   70  -10.75092  -14.14001  31.5%     -    0s
     0     0  -14.06296    0   56  -10.75092  -14.06296  30.8%     -    0s
     0     0  -10.75092    0   93  -10.75092  -10.75092  0.00%     -    0s

Cutting planes:
  Gomory: 3
  MIR: 53
  Zero half: 19
  RLT: 25
  BQP: 56

Explored 1 nodes (297 simplex iterations) in 0.03 seconds (0.02 work units)
Thread count was 8 (of 96 available processors)

Solution count 5: -10.7509 -10.4189 -0.353988 ... 3.25521
No other solutions better than -10.7509

Optimal solution found (tolerance 1.00e-06)
Best objective -1.075091501036e+01, best bound -1.075091501036e+01, gap 0.0000%

User-callback calls 84, time in user-callback 0.00 sec
