
Gurobi 13.0.0 (linux64) logging started Tue Mar 31 15:12:38 2026

Set parameter LogFile to value "logs/N=16_layers=2_presolve_on/N=16/seed=29/n_qaoa_layers=2/precond_pen=0.700.log"
Set parameter MIPGap to value 1e-06
Set parameter Threads to value 8
Gurobi Optimizer version 13.0.0 build v13.0.0rc1 (linux64 - "Oracle Linux Server 9.7")

CPU model: AMD EPYC 7643 48-Core Processor, instruction set [SSE2|AVX|AVX2]
Thread count: 48 physical cores, 96 logical processors, using up to 8 threads

Non-default parameters:
MIPGap  1e-06
Threads  8

Optimize a model with 1 rows, 16 columns and 16 nonzeros (Min)
Model fingerprint: 0x3726badb
Model has 16 linear objective coefficients and an objective constant of 6.3255157357140019e+00
Model has 120 quadratic objective terms
Variable types: 0 continuous, 16 integer (16 binary)
Coefficient statistics:
  Matrix range     [1e+00, 1e+00]
  Objective range  [1e+00, 2e+00]
  QObjective range [4e-03, 2e+00]
  Bounds range     [1e+00, 1e+00]
  RHS range        [8e+00, 8e+00]
Found heuristic solution: objective -1.8451115
Presolve time: 0.00s
Presolved: 121 rows, 136 columns, 376 nonzeros
Variable types: 0 continuous, 136 integer (136 binary)

Root relaxation: objective -1.204202e+01, 26 iterations, 0.00 seconds (0.00 work units)

    Nodes    |    Current Node    |     Objective Bounds      |     Work
 Expl Unexpl |  Obj  Depth IntInf | Incumbent    BestBd   Gap | It/Node Time

     0     0  -12.04202    0   16   -1.84511  -12.04202   553%     -    0s
H    0     0                      -5.8085767  -12.04202   107%     -    0s
     0     0     cutoff    0        -5.80858   -5.80858  0.00%     -    0s

Cutting planes:
  Gomory: 1
  MIR: 51
  Zero half: 26
  RLT: 33
  BQP: 179

Explored 1 nodes (214 simplex iterations) in 0.02 seconds (0.01 work units)
Thread count was 8 (of 96 available processors)

Solution count 2: -5.80858 -1.84511 
No other solutions better than -5.80858

Optimal solution found (tolerance 1.00e-06)
Best objective -5.808576659314e+00, best bound -5.808576659314e+00, gap 0.0000%

User-callback calls 161, time in user-callback 0.00 sec
