
Gurobi 13.0.0 (linux64) logging started Sun May  3 10:58:50 2026

Set parameter LogFile to value "logs/N=16_layers=2_presolve_off/N=16/seed=36/quantum_layers=2/precond_pen=0.600.log"
Set parameter MIPGap to value 1e-06
Set parameter Threads to value 8
Set parameter Presolve to value 0
Gurobi Optimizer version 13.0.0 build v13.0.0rc1 (linux64 - "Oracle Linux Server 9.7")

CPU model: AMD EPYC 7643 48-Core Processor, instruction set [SSE2|AVX|AVX2]
Thread count: 48 physical cores, 96 logical processors, using up to 8 threads

Non-default parameters:
MIPGap  1e-06
Presolve  0
Threads  8

Optimize a model with 1 rows, 16 columns and 16 nonzeros (Min)
Model fingerprint: 0x03d9dea5
Model has 16 linear objective coefficients and an objective constant of 6.2023120432319985e+00
Model has 120 quadratic objective terms
Variable types: 0 continuous, 16 integer (16 binary)
Coefficient statistics:
  Matrix range     [1e+00, 1e+00]
  Objective range  [1e+00, 2e+00]
  QObjective range [3e-02, 2e+00]
  Bounds range     [1e+00, 1e+00]
  RHS range        [8e+00, 8e+00]
Found heuristic solution: objective -0.0720686
Variable types: 0 continuous, 136 integer (136 binary)

Root relaxation: objective -1.324491e+01, 26 iterations, 0.00 seconds (0.00 work units)

    Nodes    |    Current Node    |     Objective Bounds      |     Work
 Expl Unexpl |  Obj  Depth IntInf | Incumbent    BestBd   Gap | It/Node Time

     0     0  -13.24491    0   16   -0.07207  -13.24491      -     -    0s
H    0     0                      -1.4693548  -13.24491   801%     -    0s
H    0     0                      -1.9866393  -13.24491   567%     -    0s
H    0     0                      -2.6840092  -13.24491   393%     -    0s
H    0     0                      -7.0064172  -13.24491  89.0%     -    0s
     0     0     cutoff    0        -7.00642   -7.00642  0.00%     -    0s

Cutting planes:
  Gomory: 1
  MIR: 50
  Zero half: 27
  RLT: 35
  BQP: 186

Explored 1 nodes (204 simplex iterations) in 0.01 seconds (0.01 work units)
Thread count was 8 (of 96 available processors)

Solution count 5: -7.00642 -2.68401 -1.98664 ... -0.0720686
No other solutions better than -7.00642

Optimal solution found (tolerance 1.00e-06)
Best objective -7.006417180374e+00, best bound -7.006417180374e+00, gap 0.0000%

User-callback calls 72, time in user-callback 0.00 sec
