
Gurobi 13.0.0 (linux64) logging started Sun May  3 11:06:43 2026

Set parameter LogFile to value "logs/N=12_layers=2_presolve_off/N=12/seed=49/quantum_layers=2/precond_pen=0.700.log"
Set parameter MIPGap to value 1e-06
Set parameter Threads to value 8
Set parameter Presolve to value 0
Gurobi Optimizer version 13.0.0 build v13.0.0rc1 (linux64 - "Oracle Linux Server 9.7")

CPU model: AMD EPYC 7643 48-Core Processor, instruction set [SSE2|AVX|AVX2]
Thread count: 48 physical cores, 96 logical processors, using up to 8 threads

Non-default parameters:
MIPGap  1e-06
Presolve  0
Threads  8

Optimize a model with 1 rows, 12 columns and 12 nonzeros (Min)
Model fingerprint: 0xdea8a1fe
Model has 12 linear objective coefficients and an objective constant of 4.5645751311100007e+00
Model has 66 quadratic objective terms
Variable types: 0 continuous, 12 integer (12 binary)
Coefficient statistics:
  Matrix range     [1e+00, 1e+00]
  Objective range  [1e+00, 2e+00]
  QObjective range [9e-03, 3e+00]
  Bounds range     [1e+00, 1e+00]
  RHS range        [6e+00, 6e+00]
Found heuristic solution: objective 0.6320761
Variable types: 0 continuous, 78 integer (78 binary)

Root relaxation: objective -8.510607e+00, 14 iterations, 0.00 seconds (0.00 work units)

    Nodes    |    Current Node    |     Objective Bounds      |     Work
 Expl Unexpl |  Obj  Depth IntInf | Incumbent    BestBd   Gap | It/Node Time

     0     0   -8.51061    0   12    0.63208   -8.51061  1446%     -    0s
H    0     0                       0.0079664   -8.51061      -     -    0s
H    0     0                      -0.0806470   -8.51061      -     -    0s
H    0     0                      -0.0926424   -8.51061  9087%     -    0s
H    0     0                      -4.2317634   -8.51061   101%     -    0s
     0     0   -4.23176    0   53   -4.23176   -4.23176  0.00%     -    0s

Cutting planes:
  Gomory: 2
  MIR: 26
  Zero half: 17
  RLT: 16
  BQP: 54

Explored 1 nodes (127 simplex iterations) in 0.01 seconds (0.00 work units)
Thread count was 8 (of 96 available processors)

Solution count 5: -4.23176 -0.0926424 -0.080647 ... 0.632076
No other solutions better than -4.23176

Optimal solution found (tolerance 1.00e-06)
Best objective -4.231763428670e+00, best bound -4.231763428670e+00, gap 0.0000%

User-callback calls 71, time in user-callback 0.00 sec
