
Gurobi 13.0.0 (linux64) logging started Sun May  3 11:06:43 2026

Set parameter LogFile to value "logs/N=12_layers=2_presolve_off/N=12/seed=49/quantum_layers=2/precond_pen=1.000.log"
Set parameter MIPGap to value 1e-06
Set parameter Threads to value 8
Set parameter Presolve to value 0
Gurobi Optimizer version 13.0.0 build v13.0.0rc1 (linux64 - "Oracle Linux Server 9.7")

CPU model: AMD EPYC 7643 48-Core Processor, instruction set [SSE2|AVX|AVX2]
Thread count: 48 physical cores, 96 logical processors, using up to 8 threads

Non-default parameters:
MIPGap  1e-06
Presolve  0
Threads  8

Optimize a model with 1 rows, 12 columns and 12 nonzeros (Min)
Model fingerprint: 0x2a9ad872
Model has 12 linear objective coefficients and an objective constant of 5.395904571385
Model has 66 quadratic objective terms
Variable types: 0 continuous, 12 integer (12 binary)
Coefficient statistics:
  Matrix range     [1e+00, 1e+00]
  Objective range  [2e+00, 2e+00]
  QObjective range [2e-02, 1e+00]
  Bounds range     [1e+00, 1e+00]
  RHS range        [6e+00, 6e+00]
Found heuristic solution: objective -0.0992680
Variable types: 0 continuous, 78 integer (78 binary)

Root relaxation: objective -5.423587e+00, 21 iterations, 0.00 seconds (0.00 work units)

    Nodes    |    Current Node    |     Objective Bounds      |     Work
 Expl Unexpl |  Obj  Depth IntInf | Incumbent    BestBd   Gap | It/Node Time

     0     0   -5.42359    0   12   -0.09927   -5.42359  5364%     -    0s
H    0     0                      -0.2942093   -5.42359  1743%     -    0s
H    0     0                      -0.4376027   -5.42359  1139%     -    0s
H    0     0                      -0.6424904   -5.42359   744%     -    0s
H    0     0                      -1.7860166   -5.42359   204%     -    0s
     0     0     cutoff    0        -1.78602   -1.78602  0.00%     -    0s

Cutting planes:
  MIR: 44
  Zero half: 23
  RLT: 27
  BQP: 133

Explored 1 nodes (173 simplex iterations) in 0.01 seconds (0.01 work units)
Thread count was 8 (of 96 available processors)

Solution count 5: -1.78602 -0.64249 -0.437603 ... -0.099268
No other solutions better than -1.78602

Optimal solution found (tolerance 1.00e-06)
Best objective -1.786016636509e+00, best bound -1.786016636509e+00, gap 0.0000%

User-callback calls 70, time in user-callback 0.00 sec
