
Gurobi 13.0.0 (linux64) logging started Sun May  3 10:58:35 2026

Set parameter LogFile to value "logs/N=16_layers=2_presolve_on/N=16/seed=33/quantum_layers=2/precond_pen=0.600.log"
Set parameter MIPGap to value 1e-06
Set parameter Threads to value 8
Gurobi Optimizer version 13.0.0 build v13.0.0rc1 (linux64 - "Oracle Linux Server 9.7")

CPU model: AMD EPYC 7643 48-Core Processor, instruction set [SSE2|AVX|AVX2]
Thread count: 48 physical cores, 96 logical processors, using up to 8 threads

Non-default parameters:
MIPGap  1e-06
Threads  8

Optimize a model with 1 rows, 16 columns and 16 nonzeros (Min)
Model fingerprint: 0xb9f56e9a
Model has 16 linear objective coefficients and an objective constant of 6.1148422122479964e+00
Model has 120 quadratic objective terms
Variable types: 0 continuous, 16 integer (16 binary)
Coefficient statistics:
  Matrix range     [1e+00, 1e+00]
  Objective range  [1e+00, 2e+00]
  QObjective range [3e-03, 2e+00]
  Bounds range     [1e+00, 1e+00]
  RHS range        [8e+00, 8e+00]
Found heuristic solution: objective -1.0007702
Presolve time: 0.00s
Presolved: 121 rows, 136 columns, 376 nonzeros
Variable types: 0 continuous, 136 integer (136 binary)

Root relaxation: objective -1.363664e+01, 35 iterations, 0.00 seconds (0.00 work units)

    Nodes    |    Current Node    |     Objective Bounds      |     Work
 Expl Unexpl |  Obj  Depth IntInf | Incumbent    BestBd   Gap | It/Node Time

     0     0  -13.63664    0   16   -1.00077  -13.63664  1263%     -    0s
H    0     0                      -2.6199979  -13.63664   420%     -    0s
H    0     0                      -3.7596288  -13.63664   263%     -    0s
H    0     0                      -7.4376068  -13.63664  83.3%     -    0s
     0     0   -7.61043    0   75   -7.43761   -7.61043  2.32%     -    0s
     0     0   -7.53046    0   59   -7.43761   -7.53046  1.25%     -    0s

Cutting planes:
  Gomory: 10
  Clique: 3
  MIR: 62
  StrongCG: 7
  Flow cover: 13
  Zero half: 24
  RLT: 31
  BQP: 147

Explored 1 nodes (222 simplex iterations) in 0.03 seconds (0.02 work units)
Thread count was 8 (of 96 available processors)

Solution count 4: -7.43761 -3.75963 -2.62 -1.00077 
No other solutions better than -7.43761

Optimal solution found (tolerance 1.00e-06)
Best objective -7.437606806542e+00, best bound -7.437606806542e+00, gap 0.0000%

User-callback calls 172, time in user-callback 0.00 sec
