
Gurobi 13.0.0 (linux64) logging started Sun May  3 10:54:11 2026

Set parameter LogFile to value "logs/N=16_layers=1_presolve_off/N=16/seed=6/quantum_layers=1/precond_pen=0.700.log"
Set parameter MIPGap to value 1e-06
Set parameter Threads to value 8
Set parameter Presolve to value 0
Gurobi Optimizer version 13.0.0 build v13.0.0rc1 (linux64 - "Oracle Linux Server 9.7")

CPU model: AMD EPYC 7643 48-Core Processor, instruction set [SSE2|AVX|AVX2]
Thread count: 48 physical cores, 96 logical processors, using up to 8 threads

Non-default parameters:
MIPGap  1e-06
Presolve  0
Threads  8

Optimize a model with 1 rows, 16 columns and 16 nonzeros (Min)
Model fingerprint: 0x4d7d2fe8
Model has 16 linear objective coefficients and an objective constant of 6.6899135566569985e+00
Model has 120 quadratic objective terms
Variable types: 0 continuous, 16 integer (16 binary)
Coefficient statistics:
  Matrix range     [1e+00, 1e+00]
  Objective range  [1e+00, 2e+00]
  QObjective range [4e-03, 1e+00]
  Bounds range     [1e+00, 1e+00]
  RHS range        [8e+00, 8e+00]
Found heuristic solution: objective -0.2815657
Variable types: 0 continuous, 136 integer (136 binary)

Root relaxation: objective -6.712435e+00, 34 iterations, 0.00 seconds (0.00 work units)

    Nodes    |    Current Node    |     Objective Bounds      |     Work
 Expl Unexpl |  Obj  Depth IntInf | Incumbent    BestBd   Gap | It/Node Time

     0     0   -6.71243    0   16   -0.28157   -6.71243  2284%     -    0s
H    0     0                      -0.4147604   -6.71243  1518%     -    0s
H    0     0                      -1.6963231   -6.71243   296%     -    0s
H    0     0                      -1.8237370   -5.00415   174%     -    0s
     0     0   -2.00648    0  117   -1.82374   -2.00648  10.0%     -    0s
     0     0   -1.82374    0  121   -1.82374   -1.82374  0.00%     -    0s

Cutting planes:
  Gomory: 7
  MIR: 81
  Zero half: 23
  RLT: 32
  BQP: 255

Explored 1 nodes (877 simplex iterations) in 0.10 seconds (0.07 work units)
Thread count was 8 (of 96 available processors)

Solution count 4: -1.82374 -1.69632 -0.41476 -0.281566 
No other solutions better than -1.82374

Optimal solution found (tolerance 1.00e-06)
Best objective -1.823736968243e+00, best bound -1.823736968243e+00, gap 0.0000%

User-callback calls 86, time in user-callback 0.00 sec
