
Gurobi 13.0.0 (linux64) logging started Sun May  3 10:54:00 2026

Set parameter LogFile to value "logs/N=16_layers=1_presolve_on/N=16/seed=37/quantum_layers=1/precond_pen=0.700.log"
Set parameter MIPGap to value 1e-06
Set parameter Threads to value 8
Gurobi Optimizer version 13.0.0 build v13.0.0rc1 (linux64 - "Oracle Linux Server 9.7")

CPU model: AMD EPYC 7643 48-Core Processor, instruction set [SSE2|AVX|AVX2]
Thread count: 48 physical cores, 96 logical processors, using up to 8 threads

Non-default parameters:
MIPGap  1e-06
Threads  8

Optimize a model with 1 rows, 16 columns and 16 nonzeros (Min)
Model fingerprint: 0x79a52340
Model has 16 linear objective coefficients and an objective constant of 6.7182995802619994e+00
Model has 120 quadratic objective terms
Variable types: 0 continuous, 16 integer (16 binary)
Coefficient statistics:
  Matrix range     [1e+00, 1e+00]
  Objective range  [1e+00, 2e+00]
  QObjective range [1e-02, 9e-01]
  Bounds range     [1e+00, 1e+00]
  RHS range        [8e+00, 8e+00]
Found heuristic solution: objective -0.3684593
Presolve time: 0.00s
Presolved: 121 rows, 136 columns, 376 nonzeros
Variable types: 0 continuous, 136 integer (136 binary)

Root relaxation: objective -6.756042e+00, 39 iterations, 0.00 seconds (0.00 work units)

    Nodes    |    Current Node    |     Objective Bounds      |     Work
 Expl Unexpl |  Obj  Depth IntInf | Incumbent    BestBd   Gap | It/Node Time

     0     0   -6.75604    0   16   -0.36846   -6.75604  1734%     -    0s
H    0     0                      -0.9102149   -6.75604   642%     -    0s
H    0     0                      -1.4856294   -6.75604   355%     -    0s
     0     0   -1.95482    0  122   -1.48563   -1.95482  31.6%     -    0s
     0     0   -1.86007    0  110   -1.48563   -1.86007  25.2%     -    0s
     0     0   -1.86007    0  110   -1.48563   -1.86007  25.2%     -    0s
     0     0   -1.86007    0  110   -1.48563   -1.86007  25.2%     -    0s
     0     2   -1.86007    0  110   -1.48563   -1.86007  25.2%     -    0s
*    4     6               2      -1.6053532   -1.73661  8.18%   114    0s

Cutting planes:
  Gomory: 1
  Dual implied bound: 8
  MIR: 56
  StrongCG: 1
  Zero half: 17
  RLT: 29
  BQP: 210

Explored 13 nodes (1576 simplex iterations) in 0.12 seconds (0.11 work units)
Thread count was 8 (of 96 available processors)

Solution count 4: -1.60535 -1.48563 -0.910215 -0.368459 
No other solutions better than -1.60535

Optimal solution found (tolerance 1.00e-06)
Best objective -1.605353230704e+00, best bound -1.605353230704e+00, gap 0.0000%

User-callback calls 234, time in user-callback 0.00 sec
