
Gurobi 13.0.0 (linux64) logging started Sun May  3 10:53:59 2026

Set parameter LogFile to value "logs/N=16_layers=1_presolve_on/N=16/seed=37/quantum_layers=1/precond_pen=0.000.log"
Set parameter MIPGap to value 1e-06
Set parameter Threads to value 8
Gurobi Optimizer version 13.0.0 build v13.0.0rc1 (linux64 - "Oracle Linux Server 9.7")

CPU model: AMD EPYC 7643 48-Core Processor, instruction set [SSE2|AVX|AVX2]
Thread count: 48 physical cores, 96 logical processors, using up to 8 threads

Non-default parameters:
MIPGap  1e-06
Threads  8

Optimize a model with 1 rows, 16 columns and 16 nonzeros (Min)
Model fingerprint: 0x6113f83b
Model has 16 linear objective coefficients and an objective constant of -4.1513827269090008e+01
Model has 120 quadratic objective terms
Variable types: 0 continuous, 16 integer (16 binary)
Coefficient statistics:
  Matrix range     [1e+00, 1e+00]
  Objective range  [1e+01, 1e+01]
  QObjective range [2e+00, 4e+00]
  Bounds range     [1e+00, 1e+00]
  RHS range        [8e+00, 8e+00]
Found heuristic solution: objective 3.1434438
Presolve time: 0.00s
Presolved: 121 rows, 136 columns, 376 nonzeros
Variable types: 0 continuous, 136 integer (136 binary)

Root relaxation: objective -4.151383e+01, 7 iterations, 0.00 seconds (0.00 work units)

    Nodes    |    Current Node    |     Objective Bounds      |     Work
 Expl Unexpl |  Obj  Depth IntInf | Incumbent    BestBd   Gap | It/Node Time

     0     0  -41.51383    0   16    3.14344  -41.51383  1421%     -    0s
H    0     0                       2.8633126  -41.51383  1550%     -    0s
H    0     0                       2.6383487  -41.51383  1673%     -    0s
H    0     0                       0.1027717  -41.51383      -     -    0s
     0     0   -5.38518    0   16    0.10277   -5.38518  5340%     -    0s
     0     0   -5.38518    0   20    0.10277   -5.38518  5340%     -    0s
     0     0   -3.30009    0   65    0.10277   -3.30009  3311%     -    0s
     0     0   -3.23062    0   65    0.10277   -3.23062  3243%     -    0s
     0     2   -3.15535    0   65    0.10277   -3.15535  3170%     -    0s

Cutting planes:
  Gomory: 2
  Dual implied bound: 29
  MIR: 11
  RLT: 14

Explored 81 nodes (2735 simplex iterations) in 0.06 seconds (0.05 work units)
Thread count was 8 (of 96 available processors)

Solution count 4: 0.102772 2.63835 2.86331 3.14344 

Optimal solution found (tolerance 1.00e-06)
Best objective 1.027717030560e-01, best bound 1.027717030560e-01, gap 0.0000%

User-callback calls 361, time in user-callback 0.00 sec
