
Gurobi 13.0.0 (linux64) logging started Sun May  3 10:54:00 2026

Set parameter LogFile to value "logs/N=16_layers=1_presolve_on/N=16/seed=37/quantum_layers=1/precond_pen=0.800.log"
Set parameter MIPGap to value 1e-06
Set parameter Threads to value 8
Gurobi Optimizer version 13.0.0 build v13.0.0rc1 (linux64 - "Oracle Linux Server 9.7")

CPU model: AMD EPYC 7643 48-Core Processor, instruction set [SSE2|AVX|AVX2]
Thread count: 48 physical cores, 96 logical processors, using up to 8 threads

Non-default parameters:
MIPGap  1e-06
Threads  8

Optimize a model with 1 rows, 16 columns and 16 nonzeros (Min)
Model fingerprint: 0x8818b9b8
Model has 16 linear objective coefficients and an objective constant of 6.7481323805180011e+00
Model has 120 quadratic objective terms
Variable types: 0 continuous, 16 integer (16 binary)
Coefficient statistics:
  Matrix range     [1e+00, 1e+00]
  Objective range  [1e+00, 2e+00]
  QObjective range [4e-02, 8e-01]
  Bounds range     [1e+00, 1e+00]
  RHS range        [8e+00, 8e+00]
Found heuristic solution: objective -0.3856978
Presolve time: 0.00s
Presolved: 121 rows, 136 columns, 376 nonzeros
Variable types: 0 continuous, 136 integer (136 binary)

Root relaxation: objective -6.748132e+00, 27 iterations, 0.00 seconds (0.00 work units)

    Nodes    |    Current Node    |     Objective Bounds      |     Work
 Expl Unexpl |  Obj  Depth IntInf | Incumbent    BestBd   Gap | It/Node Time

     0     0   -6.74813    0   16   -0.38570   -6.74813  1650%     -    0s
H    0     0                      -0.4764603   -6.74813  1316%     -    0s
H    0     0                      -1.2904120   -6.74813   423%     -    0s
H    0     0                      -1.3880427   -5.06325   265%     -    0s
     0     0   -1.71654    0  117   -1.38804   -1.71654  23.7%     -    0s
     0     0   -1.63402    0  116   -1.38804   -1.63402  17.7%     -    0s
     0     0   -1.63402    0  116   -1.38804   -1.63402  17.7%     -    0s
     0     0   -1.63402    0  110   -1.38804   -1.63402  17.7%     -    0s
     0     2   -1.63396    0  110   -1.38804   -1.63396  17.7%     -    0s

Cutting planes:
  Dual implied bound: 6
  MIR: 51
  Zero half: 16
  RLT: 29
  BQP: 234

Explored 21 nodes (1933 simplex iterations) in 0.12 seconds (0.11 work units)
Thread count was 8 (of 96 available processors)

Solution count 4: -1.38804 -1.29041 -0.47646 -0.385698 
No other solutions better than -1.38804

Optimal solution found (tolerance 1.00e-06)
Best objective -1.388042675886e+00, best bound -1.388042675886e+00, gap 0.0000%

User-callback calls 245, time in user-callback 0.00 sec
