
Gurobi 13.0.0 (linux64) logging started Tue Mar 31 15:06:54 2026

Set parameter LogFile to value "logs/N=12_layers=3_presolve_off/N=12/seed=1/n_qaoa_layers=3/precond_pen=0.200.log"
Set parameter MIPGap to value 1e-06
Set parameter Threads to value 8
Set parameter Presolve to value 0
Gurobi Optimizer version 13.0.0 build v13.0.0rc1 (linux64 - "Oracle Linux Server 9.7")

CPU model: AMD EPYC 7643 48-Core Processor, instruction set [SSE2|AVX|AVX2]
Thread count: 48 physical cores, 96 logical processors, using up to 8 threads

Non-default parameters:
MIPGap  1e-06
Presolve  0
Threads  8

Optimize a model with 1 rows, 12 columns and 12 nonzeros (Min)
Model fingerprint: 0x86f0dc46
Model has 12 linear objective coefficients and an objective constant of -22.754510183664
Model has 66 quadratic objective terms
Variable types: 0 continuous, 12 integer (12 binary)
Coefficient statistics:
  Matrix range     [1e+00, 1e+00]
  Objective range  [6e+00, 1e+01]
  QObjective range [4e-01, 7e+00]
  Bounds range     [1e+00, 1e+00]
  RHS range        [6e+00, 6e+00]
Found heuristic solution: objective 1.0875704
Variable types: 0 continuous, 78 integer (78 binary)

Root relaxation: objective -3.112177e+01, 4 iterations, 0.00 seconds (0.00 work units)

    Nodes    |    Current Node    |     Objective Bounds      |     Work
 Expl Unexpl |  Obj  Depth IntInf | Incumbent    BestBd   Gap | It/Node Time

     0     0  -31.12177    0   12    1.08757  -31.12177  2962%     -    0s
H    0     0                      -6.3197628  -31.12177   392%     -    0s
     0     0  -11.88737    0   21   -6.31976  -11.88737  88.1%     -    0s
     0     0  -10.52746    0   32   -6.31976  -10.52746  66.6%     -    0s
     0     0   -8.75287    0   22   -6.31976   -8.75287  38.5%     -    0s
     0     0   -8.63895    0   22   -6.31976   -8.63895  36.7%     -    0s
     0     2   -8.63895    0   22   -6.31976   -8.63895  36.7%     -    0s

Cutting planes:
  MIR: 12
  RLT: 14

Explored 9 nodes (368 simplex iterations) in 0.02 seconds (0.01 work units)
Thread count was 8 (of 96 available processors)

Solution count 2: -6.31976 1.08757 
No other solutions better than -6.31976

Optimal solution found (tolerance 1.00e-06)
Best objective -6.319762756866e+00, best bound -6.319762756866e+00, gap 0.0000%

User-callback calls 100, time in user-callback 0.00 sec

Gurobi 13.0.0 (linux64) logging started Tue Mar 31 15:10:53 2026

Set parameter LogFile to value "logs/N=12_layers=3_presolve_off/N=12/seed=1/n_qaoa_layers=3/precond_pen=0.200.log"
Set parameter MIPGap to value 1e-06
Set parameter Threads to value 8
Set parameter Presolve to value 0
Gurobi Optimizer version 13.0.0 build v13.0.0rc1 (linux64 - "Oracle Linux Server 9.7")

CPU model: AMD EPYC 7643 48-Core Processor, instruction set [SSE2|AVX|AVX2]
Thread count: 48 physical cores, 96 logical processors, using up to 8 threads

Non-default parameters:
MIPGap  1e-06
Presolve  0
Threads  8

Optimize a model with 1 rows, 12 columns and 12 nonzeros (Min)
Model fingerprint: 0x86f0dc46
Model has 12 linear objective coefficients and an objective constant of -22.754510183664
Model has 66 quadratic objective terms
Variable types: 0 continuous, 12 integer (12 binary)
Coefficient statistics:
  Matrix range     [1e+00, 1e+00]
  Objective range  [6e+00, 1e+01]
  QObjective range [4e-01, 7e+00]
  Bounds range     [1e+00, 1e+00]
  RHS range        [6e+00, 6e+00]
Found heuristic solution: objective 1.0875704
Variable types: 0 continuous, 78 integer (78 binary)

Root relaxation: objective -3.112177e+01, 4 iterations, 0.00 seconds (0.00 work units)

    Nodes    |    Current Node    |     Objective Bounds      |     Work
 Expl Unexpl |  Obj  Depth IntInf | Incumbent    BestBd   Gap | It/Node Time

     0     0  -31.12177    0   12    1.08757  -31.12177  2962%     -    0s
H    0     0                      -6.3197628  -31.12177   392%     -    0s
     0     0  -11.88737    0   21   -6.31976  -11.88737  88.1%     -    0s
     0     0  -10.52746    0   32   -6.31976  -10.52746  66.6%     -    0s
     0     0   -8.75287    0   22   -6.31976   -8.75287  38.5%     -    0s
     0     0   -8.63895    0   22   -6.31976   -8.63895  36.7%     -    0s
     0     2   -8.63895    0   22   -6.31976   -8.63895  36.7%     -    0s

Cutting planes:
  MIR: 12
  RLT: 14

Explored 9 nodes (368 simplex iterations) in 0.02 seconds (0.01 work units)
Thread count was 8 (of 96 available processors)

Solution count 2: -6.31976 1.08757 
No other solutions better than -6.31976

Optimal solution found (tolerance 1.00e-06)
Best objective -6.319762756866e+00, best bound -6.319762756866e+00, gap 0.0000%

User-callback calls 99, time in user-callback 0.00 sec
