
Gurobi 13.0.0 (linux64) logging started Sun May  3 11:04:33 2026

Set parameter LogFile to value "logs/N=12_layers=1_presolve_off/N=12/seed=49/quantum_layers=1/precond_pen=0.400.log"
Set parameter MIPGap to value 1e-06
Set parameter Threads to value 8
Set parameter Presolve to value 0
Gurobi Optimizer version 13.0.0 build v13.0.0rc1 (linux64 - "Oracle Linux Server 9.7")

CPU model: AMD EPYC 7643 48-Core Processor, instruction set [SSE2|AVX|AVX2]
Thread count: 48 physical cores, 96 logical processors, using up to 8 threads

Non-default parameters:
MIPGap  1e-06
Presolve  0
Threads  8

Optimize a model with 1 rows, 12 columns and 12 nonzeros (Min)
Model fingerprint: 0x94fddc20
Model has 12 linear objective coefficients and an objective constant of 4.3045466035920006e+00
Model has 66 quadratic objective terms
Variable types: 0 continuous, 12 integer (12 binary)
Coefficient statistics:
  Matrix range     [1e+00, 1e+00]
  Objective range  [1e+00, 2e+00]
  QObjective range [1e-01, 3e+00]
  Bounds range     [1e+00, 1e+00]
  RHS range        [6e+00, 6e+00]
Found heuristic solution: objective 0.5672874
Variable types: 0 continuous, 78 integer (78 binary)

Root relaxation: objective -8.053481e+00, 14 iterations, 0.00 seconds (0.00 work units)

    Nodes    |    Current Node    |     Objective Bounds      |     Work
 Expl Unexpl |  Obj  Depth IntInf | Incumbent    BestBd   Gap | It/Node Time

     0     0   -8.05348    0   12    0.56729   -8.05348  1520%     -    0s
H    0     0                      -0.0488022   -8.05348      -     -    0s
H    0     0                      -0.1426671   -8.05348  5545%     -    0s
H    0     0                      -1.2277056   -8.05348   556%     -    0s
H    0     0                      -3.6641852   -8.05348   120%     -    0s
H    0     0                      -3.6715549   -3.76875  2.65%     -    0s
     0     0   -3.67155    0   59   -3.67155   -3.67155  0.00%     -    0s

Cutting planes:
  Gomory: 1
  MIR: 25
  Zero half: 18
  RLT: 16
  BQP: 54

Explored 1 nodes (131 simplex iterations) in 0.01 seconds (0.00 work units)
Thread count was 8 (of 96 available processors)

Solution count 6: -3.67155 -3.66419 -1.22771 ... 0.567287
No other solutions better than -3.67155

Optimal solution found (tolerance 1.00e-06)
Best objective -3.671554890896e+00, best bound -3.671554890896e+00, gap 0.0000%

User-callback calls 73, time in user-callback 0.00 sec
