
Gurobi 13.0.0 (linux64) logging started Sun May  3 11:04:33 2026

Set parameter LogFile to value "logs/N=12_layers=1_presolve_off/N=12/seed=49/quantum_layers=1/precond_pen=0.200.log"
Set parameter MIPGap to value 1e-06
Set parameter Threads to value 8
Set parameter Presolve to value 0
Gurobi Optimizer version 13.0.0 build v13.0.0rc1 (linux64 - "Oracle Linux Server 9.7")

CPU model: AMD EPYC 7643 48-Core Processor, instruction set [SSE2|AVX|AVX2]
Thread count: 48 physical cores, 96 logical processors, using up to 8 threads

Non-default parameters:
MIPGap  1e-06
Presolve  0
Threads  8

Optimize a model with 1 rows, 12 columns and 12 nonzeros (Min)
Model fingerprint: 0x7beeaee5
Model has 12 linear objective coefficients and an objective constant of -4.6333765470700010e+00
Model has 66 quadratic objective terms
Variable types: 0 continuous, 12 integer (12 binary)
Coefficient statistics:
  Matrix range     [1e+00, 1e+00]
  Objective range  [4e-01, 3e+00]
  QObjective range [4e-02, 3e+00]
  Bounds range     [1e+00, 1e+00]
  RHS range        [6e+00, 6e+00]
Found heuristic solution: objective 1.6583106
Variable types: 0 continuous, 78 integer (78 binary)

Root relaxation: objective -9.842940e+00, 6 iterations, 0.00 seconds (0.00 work units)

    Nodes    |    Current Node    |     Objective Bounds      |     Work
 Expl Unexpl |  Obj  Depth IntInf | Incumbent    BestBd   Gap | It/Node Time

     0     0   -9.84294    0   12    1.65831   -9.84294   694%     -    0s
H    0     0                      -3.7439862   -9.84294   163%     -    0s
H    0     0                      -3.8956395   -9.84294   153%     -    0s
     0     0   -4.57001    0   36   -3.89564   -4.57001  17.3%     -    0s

Cutting planes:
  Gomory: 3
  Cover: 1
  MIR: 62
  StrongCG: 1
  Flow cover: 1
  Zero half: 7
  RLT: 18
  BQP: 53

Explored 1 nodes (116 simplex iterations) in 0.01 seconds (0.01 work units)
Thread count was 8 (of 96 available processors)

Solution count 3: -3.89564 -3.74399 1.65831 
No other solutions better than -3.89564

Optimal solution found (tolerance 1.00e-06)
Best objective -3.895639487772e+00, best bound -3.895639487772e+00, gap 0.0000%

User-callback calls 74, time in user-callback 0.00 sec
