
Gurobi 13.0.0 (linux64) logging started Sun May  3 10:58:46 2026

Set parameter LogFile to value "logs/N=16_layers=2_presolve_off/N=16/seed=21/quantum_layers=2/precond_pen=0.600.log"
Set parameter MIPGap to value 1e-06
Set parameter Threads to value 8
Set parameter Presolve to value 0
Gurobi Optimizer version 13.0.0 build v13.0.0rc1 (linux64 - "Oracle Linux Server 9.7")

CPU model: AMD EPYC 7643 48-Core Processor, instruction set [SSE2|AVX|AVX2]
Thread count: 48 physical cores, 96 logical processors, using up to 8 threads

Non-default parameters:
MIPGap  1e-06
Presolve  0
Threads  8

Optimize a model with 1 rows, 16 columns and 16 nonzeros (Min)
Model fingerprint: 0xe15f8aa5
Model has 16 linear objective coefficients and an objective constant of 6.1433090121770020e+00
Model has 120 quadratic objective terms
Variable types: 0 continuous, 16 integer (16 binary)
Coefficient statistics:
  Matrix range     [1e+00, 1e+00]
  Objective range  [1e+00, 2e+00]
  QObjective range [1e-02, 3e+00]
  Bounds range     [1e+00, 1e+00]
  RHS range        [8e+00, 8e+00]
Found heuristic solution: objective -1.4837491
Variable types: 0 continuous, 136 integer (136 binary)

Root relaxation: objective -1.442120e+01, 16 iterations, 0.00 seconds (0.00 work units)

    Nodes    |    Current Node    |     Objective Bounds      |     Work
 Expl Unexpl |  Obj  Depth IntInf | Incumbent    BestBd   Gap | It/Node Time

     0     0  -14.42120    0   16   -1.48375  -14.42120   872%     -    0s
H    0     0                      -3.6092484  -14.42120   300%     -    0s
H    0     0                      -4.8492523  -14.42120   197%     -    0s
H    0     0                      -5.5182090  -14.42120   161%     -    0s
H    0     0                      -6.1097646  -14.42120   136%     -    0s
H    0     0                      -6.2854496  -10.68574  70.0%     -    0s
     0     0   -6.94523    0   68   -6.28545   -6.94523  10.5%     -    0s

Cutting planes:
  Gomory: 13
  MIR: 98
  StrongCG: 4
  Flow cover: 3
  Zero half: 24
  RLT: 20
  BQP: 95

Explored 1 nodes (262 simplex iterations) in 0.03 seconds (0.02 work units)
Thread count was 8 (of 96 available processors)

Solution count 6: -6.28545 -6.10976 -5.51821 ... -1.48375
No other solutions better than -6.28545

Optimal solution found (tolerance 1.00e-06)
Best objective -6.285449606417e+00, best bound -6.285449606417e+00, gap 0.0000%

User-callback calls 81, time in user-callback 0.00 sec
