
Gurobi 13.0.0 (linux64) logging started Sun May  3 10:54:27 2026

Set parameter LogFile to value "logs/N=16_layers=1_presolve_off/N=16/seed=32/quantum_layers=1/precond_pen=0.800.log"
Set parameter MIPGap to value 1e-06
Set parameter Threads to value 8
Set parameter Presolve to value 0
Gurobi Optimizer version 13.0.0 build v13.0.0rc1 (linux64 - "Oracle Linux Server 9.7")

CPU model: AMD EPYC 7643 48-Core Processor, instruction set [SSE2|AVX|AVX2]
Thread count: 48 physical cores, 96 logical processors, using up to 8 threads

Non-default parameters:
MIPGap  1e-06
Presolve  0
Threads  8

Optimize a model with 1 rows, 16 columns and 16 nonzeros (Min)
Model fingerprint: 0x414ecfcc
Model has 16 linear objective coefficients and an objective constant of 6.7276927973980012e+00
Model has 120 quadratic objective terms
Variable types: 0 continuous, 16 integer (16 binary)
Coefficient statistics:
  Matrix range     [1e+00, 1e+00]
  Objective range  [1e+00, 2e+00]
  QObjective range [5e-02, 8e-01]
  Bounds range     [1e+00, 1e+00]
  RHS range        [8e+00, 8e+00]
Found heuristic solution: objective 0.0953627
Variable types: 0 continuous, 136 integer (136 binary)

Root relaxation: objective -6.727693e+00, 29 iterations, 0.00 seconds (0.00 work units)

    Nodes    |    Current Node    |     Objective Bounds      |     Work
 Expl Unexpl |  Obj  Depth IntInf | Incumbent    BestBd   Gap | It/Node Time

     0     0   -6.72769    0   16    0.09536   -6.72769  7155%     -    0s
H    0     0                      -0.6911036   -6.72769   873%     -    0s
H    0     0                      -1.4816489   -6.72769   354%     -    0s
     0     0   -1.73968    0  106   -1.48165   -1.73968  17.4%     -    0s
     0     0   -1.48861    0  110   -1.48165   -1.48861  0.47%     -    0s

Cutting planes:
  MIR: 61
  Zero half: 16
  RLT: 32
  BQP: 201

Explored 1 nodes (785 simplex iterations) in 0.10 seconds (0.06 work units)
Thread count was 8 (of 96 available processors)

Solution count 3: -1.48165 -0.691104 0.0953627 
No other solutions better than -1.48165

Optimal solution found (tolerance 1.00e-06)
Best objective -1.481648919626e+00, best bound -1.481648919626e+00, gap 0.0000%

User-callback calls 85, time in user-callback 0.00 sec
