
Gurobi 13.0.0 (linux64) logging started Sun May  3 10:54:26 2026

Set parameter LogFile to value "logs/N=16_layers=1_presolve_off/N=16/seed=32/quantum_layers=1/precond_pen=0.000.log"
Set parameter MIPGap to value 1e-06
Set parameter Threads to value 8
Set parameter Presolve to value 0
Gurobi Optimizer version 13.0.0 build v13.0.0rc1 (linux64 - "Oracle Linux Server 9.7")

CPU model: AMD EPYC 7643 48-Core Processor, instruction set [SSE2|AVX|AVX2]
Thread count: 48 physical cores, 96 logical processors, using up to 8 threads

Non-default parameters:
MIPGap  1e-06
Presolve  0
Threads  8

Optimize a model with 1 rows, 16 columns and 16 nonzeros (Min)
Model fingerprint: 0x831a7a3d
Model has 16 linear objective coefficients and an objective constant of -4.3179009396283995e+01
Model has 120 quadratic objective terms
Variable types: 0 continuous, 16 integer (16 binary)
Coefficient statistics:
  Matrix range     [1e+00, 1e+00]
  Objective range  [9e+00, 1e+01]
  QObjective range [2e+00, 4e+00]
  Bounds range     [1e+00, 1e+00]
  RHS range        [8e+00, 8e+00]
Found heuristic solution: objective 3.9637102
Variable types: 0 continuous, 136 integer (136 binary)

Root relaxation: objective -4.317901e+01, 8 iterations, 0.00 seconds (0.00 work units)

    Nodes    |    Current Node    |     Objective Bounds      |     Work
 Expl Unexpl |  Obj  Depth IntInf | Incumbent    BestBd   Gap | It/Node Time

     0     0  -43.17901    0   16    3.96371  -43.17901  1189%     -    0s
H    0     0                       3.9358990  -43.17901  1197%     -    0s
H    0     0                       2.5501254  -43.17901  1793%     -    0s
H    0     0                      -0.0824561  -43.17901      -     -    0s
     0     0   -5.21859    0   16   -0.08246   -5.21859  6229%     -    0s
     0     0   -5.14709    0   22   -0.08246   -5.14709  6142%     -    0s
     0     0   -4.19244    0   35   -0.08246   -4.19244  4984%     -    0s
     0     0   -4.18276    0   35   -0.08246   -4.18276  4973%     -    0s
     0     2   -4.09244    0   35   -0.08246   -4.09244  4863%     -    0s

Cutting planes:
  Gomory: 1
  MIR: 17
  Mod-K: 1
  RLT: 14

Explored 141 nodes (4285 simplex iterations) in 0.06 seconds (0.05 work units)
Thread count was 8 (of 96 available processors)

Solution count 4: -0.0824561 2.55013 3.9359 3.96371 

Optimal solution found (tolerance 1.00e-06)
Best objective -8.245608850599e-02, best bound -8.245608850599e-02, gap 0.0000%

User-callback calls 384, time in user-callback 0.00 sec
