
Gurobi 13.0.0 (linux64) logging started Sun May  3 10:54:27 2026

Set parameter LogFile to value "logs/N=16_layers=1_presolve_off/N=16/seed=32/quantum_layers=1/precond_pen=0.400.log"
Set parameter MIPGap to value 1e-06
Set parameter Threads to value 8
Set parameter Presolve to value 0
Gurobi Optimizer version 13.0.0 build v13.0.0rc1 (linux64 - "Oracle Linux Server 9.7")

CPU model: AMD EPYC 7643 48-Core Processor, instruction set [SSE2|AVX|AVX2]
Thread count: 48 physical cores, 96 logical processors, using up to 8 threads

Non-default parameters:
MIPGap  1e-06
Presolve  0
Threads  8

Optimize a model with 1 rows, 16 columns and 16 nonzeros (Min)
Model fingerprint: 0x023d0352
Model has 16 linear objective coefficients and an objective constant of 5.323407749159
Model has 120 quadratic objective terms
Variable types: 0 continuous, 16 integer (16 binary)
Coefficient statistics:
  Matrix range     [1e+00, 1e+00]
  Objective range  [7e-01, 2e+00]
  QObjective range [2e-02, 2e+00]
  Bounds range     [1e+00, 1e+00]
  RHS range        [8e+00, 8e+00]
Found heuristic solution: objective 1.6345920
Variable types: 0 continuous, 136 integer (136 binary)

Root relaxation: objective -1.182443e+01, 33 iterations, 0.00 seconds (0.00 work units)

    Nodes    |    Current Node    |     Objective Bounds      |     Work
 Expl Unexpl |  Obj  Depth IntInf | Incumbent    BestBd   Gap | It/Node Time

     0     0  -11.82443    0   16    1.63459  -11.82443   823%     -    0s
H    0     0                      -2.5599762  -11.82443   362%     -    0s
H    0     0                      -2.9680306  -11.82443   298%     -    0s
H    0     0                      -4.7999389  -11.82443   146%     -    0s
     0     0   -5.07012    0   62   -4.79994   -5.07012  5.63%     -    0s

Cutting planes:
  Gomory: 11
  MIR: 81
  Flow cover: 4
  Zero half: 33
  RLT: 24
  BQP: 123

Explored 1 nodes (247 simplex iterations) in 0.03 seconds (0.02 work units)
Thread count was 8 (of 96 available processors)

Solution count 4: -4.79994 -2.96803 -2.55998 1.63459 
No other solutions better than -4.79994

Optimal solution found (tolerance 1.00e-06)
Best objective -4.799938892953e+00, best bound -4.799938892953e+00, gap 0.0000%

User-callback calls 77, time in user-callback 0.00 sec
