
Gurobi 13.0.0 (linux64) logging started Sun May  3 10:54:04 2026

Set parameter LogFile to value "logs/N=16_layers=1_presolve_on/N=16/seed=44/quantum_layers=1/baseline.log"
Set parameter MIPGap to value 1e-06
Set parameter Threads to value 8
Gurobi Optimizer version 13.0.0 build v13.0.0rc1 (linux64 - "Oracle Linux Server 9.7")

CPU model: AMD EPYC 7643 48-Core Processor, instruction set [SSE2|AVX|AVX2]
Thread count: 48 physical cores, 96 logical processors, using up to 8 threads

Non-default parameters:
MIPGap  1e-06
Threads  8

Optimize a model with 1 rows, 16 columns and 16 nonzeros (Min)
Model fingerprint: 0xebfdeaeb
Model has 16 linear objective coefficients and an objective constant of 2.0172752357439094e-12
Model has 120 quadratic objective terms
Variable types: 0 continuous, 16 integer (16 binary)
Coefficient statistics:
  Matrix range     [1e+00, 1e+00]
  Objective range  [1e+01, 2e+01]
  QObjective range [2e-01, 8e+00]
  Bounds range     [1e+00, 1e+00]
  RHS range        [8e+00, 8e+00]
Found heuristic solution: objective 66.9783063
Presolve time: 0.00s
Presolved: 121 rows, 136 columns, 376 nonzeros
Variable types: 0 continuous, 136 integer (136 binary)

Root relaxation: objective 2.020828e-12, 9 iterations, 0.00 seconds (0.00 work units)

    Nodes    |    Current Node    |     Objective Bounds      |     Work
 Expl Unexpl |  Obj  Depth IntInf | Incumbent    BestBd   Gap | It/Node Time

     0     0    0.00000    0   16   66.97831    0.00000   100%     -    0s
H    0     0                      65.6643161    0.00000   100%     -    0s
H    0     0                      53.2917864    0.00000   100%     -    0s
H    0     0                      53.1502206   25.35171  52.3%     -    0s
     0     0   26.42575    0   20   53.15022   26.42575  50.3%     -    0s
     0     0   27.71072    0   23   53.15022   27.71072  47.9%     -    0s
     0     0   35.76287    0   62   53.15022   35.76287  32.7%     -    0s
     0     0   35.92591    0   62   53.15022   35.92591  32.4%     -    0s
     0     2   36.17540    0   62   53.15022   36.17540  31.9%     -    0s

Cutting planes:
  Gomory: 3
  Dual implied bound: 26
  MIR: 11
  RLT: 11

Explored 149 nodes (3952 simplex iterations) in 0.06 seconds (0.05 work units)
Thread count was 8 (of 96 available processors)

Solution count 4: 53.1502 53.2918 65.6643 66.9783 

Optimal solution found (tolerance 1.00e-06)
Best objective 5.315022057514e+01, best bound 5.315022057514e+01, gap 0.0000%

User-callback calls 496, time in user-callback 0.00 sec
