
Gurobi 13.0.0 (linux64) logging started Sun May  3 11:04:16 2026

Set parameter LogFile to value "logs/N=12_layers=1_presolve_on/N=12/seed=5/quantum_layers=1/precond_pen=0.600.log"
Set parameter MIPGap to value 1e-06
Set parameter Threads to value 8
Gurobi Optimizer version 13.0.0 build v13.0.0rc1 (linux64 - "Oracle Linux Server 9.7")

CPU model: AMD EPYC 7643 48-Core Processor, instruction set [SSE2|AVX|AVX2]
Thread count: 48 physical cores, 96 logical processors, using up to 8 threads

Non-default parameters:
MIPGap  1e-06
Threads  8

Optimize a model with 1 rows, 12 columns and 12 nonzeros (Min)
Model fingerprint: 0xaecdbcbb
Model has 12 linear objective coefficients and an objective constant of 4.7709301765629979e+00
Model has 66 quadratic objective terms
Variable types: 0 continuous, 12 integer (12 binary)
Coefficient statistics:
  Matrix range     [1e+00, 1e+00]
  Objective range  [1e+00, 2e+00]
  QObjective range [3e-02, 2e+00]
  Bounds range     [1e+00, 1e+00]
  RHS range        [6e+00, 6e+00]
Found heuristic solution: objective -0.6672442
Presolve time: 0.00s
Presolved: 67 rows, 78 columns, 210 nonzeros
Variable types: 0 continuous, 78 integer (78 binary)

Root relaxation: objective -4.884481e+00, 17 iterations, 0.00 seconds (0.00 work units)

    Nodes    |    Current Node    |     Objective Bounds      |     Work
 Expl Unexpl |  Obj  Depth IntInf | Incumbent    BestBd   Gap | It/Node Time

     0     0   -4.88448    0   12   -0.66724   -4.88448   632%     -    0s
H    0     0                      -0.8930667   -4.88448   447%     -    0s
H    0     0                      -0.9182610   -4.88448   432%     -    0s
H    0     0                      -1.5595454   -4.88448   213%     -    0s
     0     0   -1.55955    0   66   -1.55955   -1.55955  0.00%     -    0s

Cutting planes:
  MIR: 40
  Zero half: 21
  RLT: 23
  BQP: 99

Explored 1 nodes (204 simplex iterations) in 0.01 seconds (0.01 work units)
Thread count was 8 (of 96 available processors)

Solution count 4: -1.55955 -0.918261 -0.893067 -0.667244 
No other solutions better than -1.55955

Optimal solution found (tolerance 1.00e-06)
Best objective -1.559545417225e+00, best bound -1.559545417225e+00, gap 0.0000%

User-callback calls 165, time in user-callback 0.00 sec
