
Gurobi 13.0.0 (linux64) logging started Sun May  3 11:06:35 2026

Set parameter LogFile to value "logs/N=12_layers=2_presolve_on/N=12/seed=18/quantum_layers=2/precond_pen=0.500.log"
Set parameter MIPGap to value 1e-06
Set parameter Threads to value 8
Gurobi Optimizer version 13.0.0 build v13.0.0rc1 (linux64 - "Oracle Linux Server 9.7")

CPU model: AMD EPYC 7643 48-Core Processor, instruction set [SSE2|AVX|AVX2]
Thread count: 48 physical cores, 96 logical processors, using up to 8 threads

Non-default parameters:
MIPGap  1e-06
Threads  8

Optimize a model with 1 rows, 12 columns and 12 nonzeros (Min)
Model fingerprint: 0x1445e721
Model has 12 linear objective coefficients and an objective constant of 4.1661489299560008e+00
Model has 66 quadratic objective terms
Variable types: 0 continuous, 12 integer (12 binary)
Coefficient statistics:
  Matrix range     [1e+00, 1e+00]
  Objective range  [8e-01, 2e+00]
  QObjective range [1e-01, 4e+00]
  Bounds range     [1e+00, 1e+00]
  RHS range        [6e+00, 6e+00]
Found heuristic solution: objective -5.9956333
Presolve time: 0.00s
Presolved: 67 rows, 78 columns, 210 nonzeros
Variable types: 0 continuous, 78 integer (78 binary)

Root relaxation: objective -1.229982e+01, 15 iterations, 0.00 seconds (0.00 work units)

    Nodes    |    Current Node    |     Objective Bounds      |     Work
 Expl Unexpl |  Obj  Depth IntInf | Incumbent    BestBd   Gap | It/Node Time

     0     0  -12.29982    0   12   -5.99563  -12.29982   105%     -    0s
H    0     0                      -6.1451907  -12.29982   100%     -    0s
H    0     0                      -7.5035555  -12.29982  63.9%     -    0s
H    0     0                      -7.5755852  -12.29982  62.4%     -    0s
     0     0   -7.57559    0   33   -7.57559   -7.57559  0.00%     -    0s

Cutting planes:
  Gomory: 1
  MIR: 15
  Zero half: 11
  RLT: 13
  BQP: 52

Explored 1 nodes (82 simplex iterations) in 0.01 seconds (0.00 work units)
Thread count was 8 (of 96 available processors)

Solution count 4: -7.57559 -7.50356 -6.14519 -5.99563 
No other solutions better than -7.57559

Optimal solution found (tolerance 1.00e-06)
Best objective -7.575585152574e+00, best bound -7.575585152574e+00, gap 0.0000%

User-callback calls 164, time in user-callback 0.00 sec
