
Gurobi 13.0.0 (linux64) logging started Tue Mar 31 15:06:54 2026

Set parameter LogFile to value "logs/N=12_layers=3_presolve_on/N=12/seed=46/n_qaoa_layers=3/baseline.log"
Set parameter MIPGap to value 1e-06
Set parameter Threads to value 8
Gurobi Optimizer version 13.0.0 build v13.0.0rc1 (linux64 - "Oracle Linux Server 9.7")

CPU model: AMD EPYC 7643 48-Core Processor, instruction set [SSE2|AVX|AVX2]
Thread count: 48 physical cores, 96 logical processors, using up to 8 threads

Non-default parameters:
MIPGap  1e-06
Threads  8

Optimize a model with 1 rows, 12 columns and 12 nonzeros (Min)
Model fingerprint: 0x9fb719b2
Model has 12 linear objective coefficients
Model has 66 quadratic objective terms
Variable types: 0 continuous, 12 integer (12 binary)
Coefficient statistics:
  Matrix range     [1e+00, 1e+00]
  Objective range  [6e+00, 1e+01]
  QObjective range [6e-02, 8e+00]
  Bounds range     [1e+00, 1e+00]
  RHS range        [6e+00, 6e+00]
Found heuristic solution: objective 34.4461668
Presolve time: 0.00s
Presolved: 67 rows, 78 columns, 210 nonzeros
Variable types: 0 continuous, 78 integer (78 binary)

Root relaxation: objective 1.720846e-15, 6 iterations, 0.00 seconds (0.00 work units)

    Nodes    |    Current Node    |     Objective Bounds      |     Work
 Expl Unexpl |  Obj  Depth IntInf | Incumbent    BestBd   Gap | It/Node Time

     0     0    0.00000    0   12   34.44617    0.00000   100%     -    0s
H    0     0                      33.5402503    0.00000   100%     -    0s
H    0     0                      33.3116553    0.00000   100%     -    0s
H    0     0                      28.3888299    0.00000   100%     -    0s
     0     0   18.89394    0   12   28.38883   18.89394  33.4%     -    0s
     0     0   19.26523    0   15   28.38883   19.26523  32.1%     -    0s
     0     0   23.41662    0   50   28.38883   23.41662  17.5%     -    0s
     0     0   24.27245    0   56   28.38883   24.27245  14.5%     -    0s
     0     0   24.33313    0   57   28.38883   24.33313  14.3%     -    0s
     0     0   28.11389    0   59   28.38883   28.11389  0.97%     -    0s
     0     0   28.18875    0   59   28.38883   28.18875  0.70%     -    0s
     0     2   28.18875    0   59   28.38883   28.18875  0.70%     -    0s

Cutting planes:
  Cover: 9
  Dual implied bound: 19
  MIR: 19
  StrongCG: 4
  RLT: 10

Explored 36 nodes (894 simplex iterations) in 0.04 seconds (0.02 work units)
Thread count was 8 (of 96 available processors)

Solution count 4: 28.3888 33.3117 33.5403 34.4462 

Optimal solution found (tolerance 1.00e-06)
Best objective 2.838882987288e+01, best bound 2.838882987288e+01, gap 0.0000%

User-callback calls 273, time in user-callback 0.00 sec

Gurobi 13.0.0 (linux64) logging started Tue Mar 31 15:10:53 2026

Set parameter LogFile to value "logs/N=12_layers=3_presolve_on/N=12/seed=46/n_qaoa_layers=3/baseline.log"
Set parameter MIPGap to value 1e-06
Set parameter Threads to value 8
Gurobi Optimizer version 13.0.0 build v13.0.0rc1 (linux64 - "Oracle Linux Server 9.7")

CPU model: AMD EPYC 7643 48-Core Processor, instruction set [SSE2|AVX|AVX2]
Thread count: 48 physical cores, 96 logical processors, using up to 8 threads

Non-default parameters:
MIPGap  1e-06
Threads  8

Optimize a model with 1 rows, 12 columns and 12 nonzeros (Min)
Model fingerprint: 0x9fb719b2
Model has 12 linear objective coefficients
Model has 66 quadratic objective terms
Variable types: 0 continuous, 12 integer (12 binary)
Coefficient statistics:
  Matrix range     [1e+00, 1e+00]
  Objective range  [6e+00, 1e+01]
  QObjective range [6e-02, 8e+00]
  Bounds range     [1e+00, 1e+00]
  RHS range        [6e+00, 6e+00]
Found heuristic solution: objective 34.4461668
Presolve time: 0.00s
Presolved: 67 rows, 78 columns, 210 nonzeros
Variable types: 0 continuous, 78 integer (78 binary)

Root relaxation: objective 1.720846e-15, 6 iterations, 0.00 seconds (0.00 work units)

    Nodes    |    Current Node    |     Objective Bounds      |     Work
 Expl Unexpl |  Obj  Depth IntInf | Incumbent    BestBd   Gap | It/Node Time

     0     0    0.00000    0   12   34.44617    0.00000   100%     -    0s
H    0     0                      33.5402503    0.00000   100%     -    0s
H    0     0                      33.3116553    0.00000   100%     -    0s
H    0     0                      28.3888299    0.00000   100%     -    0s
     0     0   18.89394    0   12   28.38883   18.89394  33.4%     -    0s
     0     0   19.26523    0   15   28.38883   19.26523  32.1%     -    0s
     0     0   23.41662    0   50   28.38883   23.41662  17.5%     -    0s
     0     0   24.27245    0   56   28.38883   24.27245  14.5%     -    0s
     0     0   24.33313    0   57   28.38883   24.33313  14.3%     -    0s
     0     0   28.11389    0   59   28.38883   28.11389  0.97%     -    0s
     0     0   28.18875    0   59   28.38883   28.18875  0.70%     -    0s
     0     2   28.18875    0   59   28.38883   28.18875  0.70%     -    0s

Cutting planes:
  Cover: 9
  Dual implied bound: 19
  MIR: 19
  StrongCG: 4
  RLT: 10

Explored 36 nodes (894 simplex iterations) in 0.04 seconds (0.02 work units)
Thread count was 8 (of 96 available processors)

Solution count 4: 28.3888 33.3117 33.5403 34.4462 

Optimal solution found (tolerance 1.00e-06)
Best objective 2.838882987288e+01, best bound 2.838882987288e+01, gap 0.0000%

User-callback calls 273, time in user-callback 0.00 sec
