
Gurobi 13.0.0 (linux64) logging started Tue Mar 31 15:06:54 2026

Set parameter LogFile to value "logs/N=12_layers=3_presolve_on/N=12/seed=46/n_qaoa_layers=3/precond_pen=0.200.log"
Set parameter MIPGap to value 1e-06
Set parameter Threads to value 8
Gurobi Optimizer version 13.0.0 build v13.0.0rc1 (linux64 - "Oracle Linux Server 9.7")

CPU model: AMD EPYC 7643 48-Core Processor, instruction set [SSE2|AVX|AVX2]
Thread count: 48 physical cores, 96 logical processors, using up to 8 threads

Non-default parameters:
MIPGap  1e-06
Threads  8

Optimize a model with 1 rows, 12 columns and 12 nonzeros (Min)
Model fingerprint: 0x27cdc1e6
Model has 12 linear objective coefficients and an objective constant of -1.3783005348017998e+01
Model has 66 quadratic objective terms
Variable types: 0 continuous, 12 integer (12 binary)
Coefficient statistics:
  Matrix range     [1e+00, 1e+00]
  Objective range  [8e-01, 8e+00]
  QObjective range [2e-02, 6e+00]
  Bounds range     [1e+00, 1e+00]
  RHS range        [6e+00, 6e+00]
Found heuristic solution: objective 0.5535860
Presolve time: 0.00s
Presolved: 67 rows, 78 columns, 210 nonzeros
Variable types: 0 continuous, 78 integer (78 binary)

Root relaxation: objective -2.314187e+01, 10 iterations, 0.00 seconds (0.00 work units)

    Nodes    |    Current Node    |     Objective Bounds      |     Work
 Expl Unexpl |  Obj  Depth IntInf | Incumbent    BestBd   Gap | It/Node Time

     0     0  -23.14187    0   12    0.55359  -23.14187  4280%     -    0s
H    0     0                      -1.0885416  -23.14187  2026%     -    0s
H    0     0                      -1.1003672  -23.14187  2003%     -    0s
H    0     0                      -1.1080676  -23.14187  1988%     -    0s
H    0     0                      -7.2972800  -23.14187   217%     -    0s
     0     0  -14.14161    0   28   -7.29728  -14.14161  93.8%     -    0s
     0     0   -7.29728    0   48   -7.29728   -7.29728  0.00%     -    0s

Cutting planes:
  Gomory: 6
  Cover: 2
  Dual implied bound: 14
  MIR: 16
  StrongCG: 1
  Zero half: 1
  Mod-K: 1
  RLT: 12
  BQP: 3

Explored 1 nodes (147 simplex iterations) in 0.02 seconds (0.01 work units)
Thread count was 8 (of 96 available processors)

Solution count 5: -7.29728 -1.10807 -1.10037 ... 0.553586
No other solutions better than -7.29728

Optimal solution found (tolerance 1.00e-06)
Best objective -7.297279964610e+00, best bound -7.297279964610e+00, gap 0.0000%

User-callback calls 177, time in user-callback 0.00 sec

Gurobi 13.0.0 (linux64) logging started Tue Mar 31 15:10:53 2026

Set parameter LogFile to value "logs/N=12_layers=3_presolve_on/N=12/seed=46/n_qaoa_layers=3/precond_pen=0.200.log"
Set parameter MIPGap to value 1e-06
Set parameter Threads to value 8
Gurobi Optimizer version 13.0.0 build v13.0.0rc1 (linux64 - "Oracle Linux Server 9.7")

CPU model: AMD EPYC 7643 48-Core Processor, instruction set [SSE2|AVX|AVX2]
Thread count: 48 physical cores, 96 logical processors, using up to 8 threads

Non-default parameters:
MIPGap  1e-06
Threads  8

Optimize a model with 1 rows, 12 columns and 12 nonzeros (Min)
Model fingerprint: 0x27cdc1e6
Model has 12 linear objective coefficients and an objective constant of -1.3783005348017998e+01
Model has 66 quadratic objective terms
Variable types: 0 continuous, 12 integer (12 binary)
Coefficient statistics:
  Matrix range     [1e+00, 1e+00]
  Objective range  [8e-01, 8e+00]
  QObjective range [2e-02, 6e+00]
  Bounds range     [1e+00, 1e+00]
  RHS range        [6e+00, 6e+00]
Found heuristic solution: objective 0.5535860
Presolve time: 0.00s
Presolved: 67 rows, 78 columns, 210 nonzeros
Variable types: 0 continuous, 78 integer (78 binary)

Root relaxation: objective -2.314187e+01, 10 iterations, 0.00 seconds (0.00 work units)

    Nodes    |    Current Node    |     Objective Bounds      |     Work
 Expl Unexpl |  Obj  Depth IntInf | Incumbent    BestBd   Gap | It/Node Time

     0     0  -23.14187    0   12    0.55359  -23.14187  4280%     -    0s
H    0     0                      -1.0885416  -23.14187  2026%     -    0s
H    0     0                      -1.1003672  -23.14187  2003%     -    0s
H    0     0                      -1.1080676  -23.14187  1988%     -    0s
H    0     0                      -7.2972800  -23.14187   217%     -    0s
     0     0  -14.14161    0   28   -7.29728  -14.14161  93.8%     -    0s
     0     0   -7.29728    0   48   -7.29728   -7.29728  0.00%     -    0s

Cutting planes:
  Gomory: 6
  Cover: 2
  Dual implied bound: 14
  MIR: 16
  StrongCG: 1
  Zero half: 1
  Mod-K: 1
  RLT: 12
  BQP: 3

Explored 1 nodes (147 simplex iterations) in 0.01 seconds (0.01 work units)
Thread count was 8 (of 96 available processors)

Solution count 5: -7.29728 -1.10807 -1.10037 ... 0.553586
No other solutions better than -7.29728

Optimal solution found (tolerance 1.00e-06)
Best objective -7.297279964610e+00, best bound -7.297279964610e+00, gap 0.0000%

User-callback calls 176, time in user-callback 0.00 sec
