
Gurobi 13.0.0 (linux64) logging started Tue Mar 31 15:06:54 2026

Set parameter LogFile to value "logs/N=12_layers=3_presolve_on/N=12/seed=46/n_qaoa_layers=3/precond_pen=0.500.log"
Set parameter MIPGap to value 1e-06
Set parameter Threads to value 8
Gurobi Optimizer version 13.0.0 build v13.0.0rc1 (linux64 - "Oracle Linux Server 9.7")

CPU model: AMD EPYC 7643 48-Core Processor, instruction set [SSE2|AVX|AVX2]
Thread count: 48 physical cores, 96 logical processors, using up to 8 threads

Non-default parameters:
MIPGap  1e-06
Threads  8

Optimize a model with 1 rows, 12 columns and 12 nonzeros (Min)
Model fingerprint: 0xb652571b
Model has 12 linear objective coefficients and an objective constant of 4.6207436945719982e+00
Model has 66 quadratic objective terms
Variable types: 0 continuous, 12 integer (12 binary)
Coefficient statistics:
  Matrix range     [1e+00, 1e+00]
  Objective range  [9e-01, 2e+00]
  QObjective range [6e-02, 5e+00]
  Bounds range     [1e+00, 1e+00]
  RHS range        [6e+00, 6e+00]
Found heuristic solution: objective -1.7738507
Presolve time: 0.00s
Presolved: 67 rows, 78 columns, 210 nonzeros
Variable types: 0 continuous, 78 integer (78 binary)

Root relaxation: objective -1.498605e+01, 14 iterations, 0.00 seconds (0.00 work units)

    Nodes    |    Current Node    |     Objective Bounds      |     Work
 Expl Unexpl |  Obj  Depth IntInf | Incumbent    BestBd   Gap | It/Node Time

     0     0  -14.98605    0   12   -1.77385  -14.98605   745%     -    0s
H    0     0                      -2.8229672  -14.98605   431%     -    0s
H    0     0                      -7.1558142  -14.98605   109%     -    0s
H    0     0                      -9.8586477  -14.98605  52.0%     -    0s

Cutting planes:
  Gomory: 2
  MIR: 18
  Zero half: 9
  RLT: 13
  BQP: 58

Explored 1 nodes (14 simplex iterations) in 0.01 seconds (0.00 work units)
Thread count was 8 (of 96 available processors)

Solution count 4: -9.85865 -7.15581 -2.82297 -1.77385 
No other solutions better than -9.85865

Optimal solution found (tolerance 1.00e-06)
Best objective -9.858647704946e+00, best bound -9.858647704946e+00, gap 0.0000%

User-callback calls 158, time in user-callback 0.00 sec

Gurobi 13.0.0 (linux64) logging started Tue Mar 31 15:10:53 2026

Set parameter LogFile to value "logs/N=12_layers=3_presolve_on/N=12/seed=46/n_qaoa_layers=3/precond_pen=0.500.log"
Set parameter MIPGap to value 1e-06
Set parameter Threads to value 8
Gurobi Optimizer version 13.0.0 build v13.0.0rc1 (linux64 - "Oracle Linux Server 9.7")

CPU model: AMD EPYC 7643 48-Core Processor, instruction set [SSE2|AVX|AVX2]
Thread count: 48 physical cores, 96 logical processors, using up to 8 threads

Non-default parameters:
MIPGap  1e-06
Threads  8

Optimize a model with 1 rows, 12 columns and 12 nonzeros (Min)
Model fingerprint: 0xb652571b
Model has 12 linear objective coefficients and an objective constant of 4.6207436945719982e+00
Model has 66 quadratic objective terms
Variable types: 0 continuous, 12 integer (12 binary)
Coefficient statistics:
  Matrix range     [1e+00, 1e+00]
  Objective range  [9e-01, 2e+00]
  QObjective range [6e-02, 5e+00]
  Bounds range     [1e+00, 1e+00]
  RHS range        [6e+00, 6e+00]
Found heuristic solution: objective -1.7738507
Presolve time: 0.00s
Presolved: 67 rows, 78 columns, 210 nonzeros
Variable types: 0 continuous, 78 integer (78 binary)

Root relaxation: objective -1.498605e+01, 14 iterations, 0.00 seconds (0.00 work units)

    Nodes    |    Current Node    |     Objective Bounds      |     Work
 Expl Unexpl |  Obj  Depth IntInf | Incumbent    BestBd   Gap | It/Node Time

     0     0  -14.98605    0   12   -1.77385  -14.98605   745%     -    0s
H    0     0                      -2.8229672  -14.98605   431%     -    0s
H    0     0                      -7.1558142  -14.98605   109%     -    0s
H    0     0                      -9.8586477  -14.98605  52.0%     -    0s

Cutting planes:
  Gomory: 2
  MIR: 18
  Zero half: 9
  RLT: 13
  BQP: 58

Explored 1 nodes (14 simplex iterations) in 0.01 seconds (0.00 work units)
Thread count was 8 (of 96 available processors)

Solution count 4: -9.85865 -7.15581 -2.82297 -1.77385 
No other solutions better than -9.85865

Optimal solution found (tolerance 1.00e-06)
Best objective -9.858647704946e+00, best bound -9.858647704946e+00, gap 0.0000%

User-callback calls 159, time in user-callback 0.00 sec
