
Gurobi 13.0.0 (linux64) logging started Sun Mar 22 16:50:45 2026

Set parameter LogFile to value "logs/N=12_presolve_off/N=12/seed=13/n_qaoa_layers=1/precond_pen=0.400.log"
Set parameter MIPGap to value 1e-06
Set parameter Threads to value 8
Set parameter Presolve to value 0
Gurobi Optimizer version 13.0.0 build v13.0.0rc1 (linux64 - "Oracle Linux Server 9.7")

CPU model: AMD EPYC 7643 48-Core Processor, instruction set [SSE2|AVX|AVX2]
Thread count: 48 physical cores, 96 logical processors, using up to 8 threads

Non-default parameters:
MIPGap  1e-06
Presolve  0
Threads  8

Optimize a model with 1 rows, 12 columns and 12 nonzeros (Min)
Model fingerprint: 0x399bdb05
Model has 12 linear objective coefficients and an objective constant of 3.6099567144920006e+00
Model has 66 quadratic objective terms
Variable types: 0 continuous, 12 integer (12 binary)
Coefficient statistics:
  Matrix range     [1e+00, 1e+00]
  Objective range  [3e-01, 3e+00]
  QObjective range [9e-03, 3e+00]
  Bounds range     [1e+00, 1e+00]
  RHS range        [6e+00, 6e+00]
Found heuristic solution: objective 0.5417206
Variable types: 0 continuous, 78 integer (78 binary)

Root relaxation: objective -9.342282e+00, 14 iterations, 0.00 seconds (0.00 work units)

    Nodes    |    Current Node    |     Objective Bounds      |     Work
 Expl Unexpl |  Obj  Depth IntInf | Incumbent    BestBd   Gap | It/Node Time

     0     0   -9.34228    0   12    0.54172   -9.34228  1825%     -    0s
H    0     0                      -0.6929287   -9.34228  1248%     -    0s
H    0     0                      -2.8401044   -9.34228   229%     -    0s
H    0     0                      -3.3234613   -9.34228   181%     -    0s
H    0     0                      -5.2190502   -9.34228  79.0%     -    0s
H    0     0                      -5.3227408   -9.34228  75.5%     -    0s
     0     0   -5.32274    0   28   -5.32274   -5.32274  0.00%     -    0s

Cutting planes:
  Gomory: 1
  MIR: 18
  Zero half: 17
  RLT: 18
  BQP: 51

Explored 1 nodes (73 simplex iterations) in 0.01 seconds (0.00 work units)
Thread count was 8 (of 96 available processors)

Solution count 6: -5.32274 -5.21905 -3.32346 ... 0.541721
No other solutions better than -5.32274

Optimal solution found (tolerance 1.00e-06)
Best objective -5.322740781818e+00, best bound -5.322740781818e+00, gap 0.0000%

User-callback calls 71, time in user-callback 0.00 sec
