
Gurobi 13.0.0 (linux64) logging started Sun Mar 22 16:50:45 2026

Set parameter LogFile to value "logs/N=12_presolve_off/N=12/seed=13/n_qaoa_layers=1/precond_pen=0.300.log"
Set parameter MIPGap to value 1e-06
Set parameter Threads to value 8
Set parameter Presolve to value 0
Gurobi Optimizer version 13.0.0 build v13.0.0rc1 (linux64 - "Oracle Linux Server 9.7")

CPU model: AMD EPYC 7643 48-Core Processor, instruction set [SSE2|AVX|AVX2]
Thread count: 48 physical cores, 96 logical processors, using up to 8 threads

Non-default parameters:
MIPGap  1e-06
Presolve  0
Threads  8

Optimize a model with 1 rows, 12 columns and 12 nonzeros (Min)
Model fingerprint: 0x9184ff85
Model has 12 linear objective coefficients and an objective constant of 1.96101325131
Model has 66 quadratic objective terms
Variable types: 0 continuous, 12 integer (12 binary)
Coefficient statistics:
  Matrix range     [1e+00, 1e+00]
  Objective range  [1e-01, 4e+00]
  QObjective range [1e-01, 4e+00]
  Bounds range     [1e+00, 1e+00]
  RHS range        [6e+00, 6e+00]
Found heuristic solution: objective 0.7035157
Variable types: 0 continuous, 78 integer (78 binary)

Root relaxation: objective -1.246572e+01, 10 iterations, 0.00 seconds (0.00 work units)

    Nodes    |    Current Node    |     Objective Bounds      |     Work
 Expl Unexpl |  Obj  Depth IntInf | Incumbent    BestBd   Gap | It/Node Time

     0     0  -12.46572    0   12    0.70352  -12.46572  1872%     -    0s
H    0     0                      -4.9930473  -12.46572   150%     -    0s
H    0     0                      -7.0828612  -12.46572  76.0%     -    0s
     0     0   -7.08286    0   30   -7.08286   -7.08286  0.00%     -    0s

Cutting planes:
  Gomory: 1
  MIR: 13
  Zero half: 18
  RLT: 17
  BQP: 53

Explored 1 nodes (61 simplex iterations) in 0.01 seconds (0.00 work units)
Thread count was 8 (of 96 available processors)

Solution count 3: -7.08286 -4.99305 0.703516 
No other solutions better than -7.08286

Optimal solution found (tolerance 1.00e-06)
Best objective -7.082861175706e+00, best bound -7.082861175706e+00, gap 0.0000%

User-callback calls 66, time in user-callback 0.00 sec
