
Gurobi 13.0.0 (linux64) logging started Tue Mar 31 15:12:32 2026

Set parameter LogFile to value "logs/N=16_layers=2_presolve_on/N=16/seed=11/n_qaoa_layers=2/baseline.log"
Set parameter MIPGap to value 1e-06
Set parameter Threads to value 8
Gurobi Optimizer version 13.0.0 build v13.0.0rc1 (linux64 - "Oracle Linux Server 9.7")

CPU model: AMD EPYC 7643 48-Core Processor, instruction set [SSE2|AVX|AVX2]
Thread count: 48 physical cores, 96 logical processors, using up to 8 threads

Non-default parameters:
MIPGap  1e-06
Threads  8

Optimize a model with 1 rows, 16 columns and 16 nonzeros (Min)
Model fingerprint: 0xd13ca415
Model has 16 linear objective coefficients and an objective constant of 4.9859283368647311e-12
Model has 120 quadratic objective terms
Variable types: 0 continuous, 16 integer (16 binary)
Coefficient statistics:
  Matrix range     [1e+00, 1e+00]
  Objective range  [1e+01, 2e+01]
  QObjective range [1e-01, 8e+00]
  Bounds range     [1e+00, 1e+00]
  RHS range        [8e+00, 8e+00]
Found heuristic solution: objective 52.9937705
Presolve time: 0.00s
Presolved: 121 rows, 136 columns, 376 nonzeros
Variable types: 0 continuous, 136 integer (136 binary)

Root relaxation: objective 4.986817e-12, 8 iterations, 0.00 seconds (0.00 work units)

    Nodes    |    Current Node    |     Objective Bounds      |     Work
 Expl Unexpl |  Obj  Depth IntInf | Incumbent    BestBd   Gap | It/Node Time

     0     0    0.00000    0   16   52.99377    0.00000   100%     -    0s
H    0     0                      47.4846072    0.00000   100%     -    0s
     0     0   25.42437    0   16   47.48461   25.42437  46.5%     -    0s
     0     0   25.62971    0   19   47.48461   25.62971  46.0%     -    0s
     0     0   30.29418    0   57   47.48461   30.29418  36.2%     -    0s
     0     0   30.42136    0   57   47.48461   30.42136  35.9%     -    0s
     0     2   30.42136    0   57   47.48461   30.42136  35.9%     -    0s
H   39    49                      45.2550181   36.20122  20.0%  31.1    0s

Cutting planes:
  Gomory: 2
  Dual implied bound: 28
  MIR: 10
  RLT: 11

Explored 217 nodes (4788 simplex iterations) in 0.07 seconds (0.06 work units)
Thread count was 8 (of 96 available processors)

Solution count 3: 45.255 47.4846 52.9938 

Optimal solution found (tolerance 1.00e-06)
Best objective 4.525501814483e+01, best bound 4.525501814483e+01, gap 0.0000%

User-callback calls 634, time in user-callback 0.00 sec
