
Gurobi 13.0.0 (linux64) logging started Sun Mar 22 16:50:48 2026

Set parameter LogFile to value "logs/N=12_presolve_off/N=12/seed=32/n_qaoa_layers=1/precond_pen=0.500.log"
Set parameter MIPGap to value 1e-06
Set parameter Threads to value 8
Set parameter Presolve to value 0
Gurobi Optimizer version 13.0.0 build v13.0.0rc1 (linux64 - "Oracle Linux Server 9.7")

CPU model: AMD EPYC 7643 48-Core Processor, instruction set [SSE2|AVX|AVX2]
Thread count: 48 physical cores, 96 logical processors, using up to 8 threads

Non-default parameters:
MIPGap  1e-06
Presolve  0
Threads  8

Optimize a model with 1 rows, 12 columns and 12 nonzeros (Min)
Model fingerprint: 0x5c1e5b7a
Model has 12 linear objective coefficients and an objective constant of 4.560903615767
Model has 66 quadratic objective terms
Variable types: 0 continuous, 12 integer (12 binary)
Coefficient statistics:
  Matrix range     [1e+00, 1e+00]
  Objective range  [8e-01, 2e+00]
  QObjective range [2e-02, 2e+00]
  Bounds range     [1e+00, 1e+00]
  RHS range        [6e+00, 6e+00]
Found heuristic solution: objective -0.0953425
Variable types: 0 continuous, 78 integer (78 binary)

Root relaxation: objective -5.827705e+00, 19 iterations, 0.00 seconds (0.00 work units)

    Nodes    |    Current Node    |     Objective Bounds      |     Work
 Expl Unexpl |  Obj  Depth IntInf | Incumbent    BestBd   Gap | It/Node Time

     0     0   -5.82771    0   12   -0.09534   -5.82771  6012%     -    0s
H    0     0                      -1.4581105   -5.82771   300%     -    0s
H    0     0                      -2.3555491   -5.82771   147%     -    0s
     0     0   -2.62593    0   39   -2.35555   -2.62593  11.5%     -    0s

Cutting planes:
  Gomory: 6
  MIR: 28
  Zero half: 13
  RLT: 9
  BQP: 57

Explored 1 nodes (113 simplex iterations) in 0.01 seconds (0.01 work units)
Thread count was 8 (of 96 available processors)

Solution count 3: -2.35555 -1.45811 -0.0953425 
No other solutions better than -2.35555

Optimal solution found (tolerance 1.00e-06)
Best objective -2.355549069547e+00, best bound -2.355549069547e+00, gap 0.0000%

User-callback calls 70, time in user-callback 0.00 sec
