
Gurobi 13.0.0 (linux64) logging started Sun May  3 11:08:54 2026

Set parameter LogFile to value "logs/N=12_layers=3_presolve_on/N=12/seed=36/quantum_layers=3/precond_pen=1.000.log"
Set parameter MIPGap to value 1e-06
Set parameter Threads to value 8
Gurobi Optimizer version 13.0.0 build v13.0.0rc1 (linux64 - "Oracle Linux Server 9.7")

CPU model: AMD EPYC 7643 48-Core Processor, instruction set [SSE2|AVX|AVX2]
Thread count: 48 physical cores, 96 logical processors, using up to 8 threads

Non-default parameters:
MIPGap  1e-06
Threads  8

Optimize a model with 1 rows, 12 columns and 12 nonzeros (Min)
Model fingerprint: 0xc872bfa1
Model has 12 linear objective coefficients and an objective constant of 5.3572941113830010e+00
Model has 66 quadratic objective terms
Variable types: 0 continuous, 12 integer (12 binary)
Coefficient statistics:
  Matrix range     [1e+00, 1e+00]
  Objective range  [2e+00, 2e+00]
  QObjective range [2e-02, 2e+00]
  Bounds range     [1e+00, 1e+00]
  RHS range        [6e+00, 6e+00]
Found heuristic solution: objective -0.7026256
Presolve time: 0.00s
Presolved: 67 rows, 78 columns, 210 nonzeros
Variable types: 0 continuous, 78 integer (78 binary)

Root relaxation: objective -7.376000e+00, 30 iterations, 0.00 seconds (0.00 work units)

    Nodes    |    Current Node    |     Objective Bounds      |     Work
 Expl Unexpl |  Obj  Depth IntInf | Incumbent    BestBd   Gap | It/Node Time

     0     0   -7.37600    0   12   -0.70263   -7.37600   950%     -    0s
H    0     0                      -1.5537323   -7.37600   375%     -    0s
H    0     0                      -2.0480163   -7.37600   260%     -    0s
H    0     0                      -5.0634753   -7.37600  45.7%     -    0s

Cutting planes:
  Gomory: 1
  MIR: 30
  Zero half: 11
  RLT: 17
  BQP: 80

Explored 1 nodes (30 simplex iterations) in 0.01 seconds (0.00 work units)
Thread count was 8 (of 96 available processors)

Solution count 4: -5.06348 -2.04802 -1.55373 -0.702626 
No other solutions better than -5.06348

Optimal solution found (tolerance 1.00e-06)
Best objective -5.063475342861e+00, best bound -5.063475342861e+00, gap 0.0000%

User-callback calls 159, time in user-callback 0.00 sec
