
Gurobi 13.0.0 (linux64) logging started Tue Mar 31 15:14:02 2026

Set parameter LogFile to value "logs/N=16_layers=3_presolve_off/N=16/seed=12/n_qaoa_layers=3/precond_pen=0.400.log"
Set parameter MIPGap to value 1e-06
Set parameter Threads to value 8
Set parameter Presolve to value 0
Gurobi Optimizer version 13.0.0 build v13.0.0rc1 (linux64 - "Oracle Linux Server 9.7")

CPU model: AMD EPYC 7643 48-Core Processor, instruction set [SSE2|AVX|AVX2]
Thread count: 48 physical cores, 96 logical processors, using up to 8 threads

Non-default parameters:
MIPGap  1e-06
Presolve  0
Threads  8

Optimize a model with 1 rows, 16 columns and 16 nonzeros (Min)
Model fingerprint: 0x6e8a670d
Model has 16 linear objective coefficients and an objective constant of 6.2762640822669988e+00
Model has 120 quadratic objective terms
Variable types: 0 continuous, 16 integer (16 binary)
Coefficient statistics:
  Matrix range     [1e+00, 1e+00]
  Objective range  [7e-01, 3e+00]
  QObjective range [3e-02, 5e+00]
  Bounds range     [1e+00, 1e+00]
  RHS range        [8e+00, 8e+00]
Found heuristic solution: objective 3.3601467
Variable types: 0 continuous, 136 integer (136 binary)

Root relaxation: objective -2.820524e+01, 12 iterations, 0.00 seconds (0.00 work units)

    Nodes    |    Current Node    |     Objective Bounds      |     Work
 Expl Unexpl |  Obj  Depth IntInf | Incumbent    BestBd   Gap | It/Node Time

     0     0  -28.20524    0   16    3.36015  -28.20524   939%     -    0s
H    0     0                       1.3193602  -28.20524  2238%     -    0s
H    0     0                     -18.7730198  -28.20524  50.2%     -    0s
     0     0  -18.77302    0   56  -18.77302  -18.77302  0.00%     -    0s

Cutting planes:
  Gomory: 1
  MIR: 29
  Zero half: 24
  RLT: 37
  BQP: 138

Explored 1 nodes (125 simplex iterations) in 0.01 seconds (0.01 work units)
Thread count was 8 (of 96 available processors)

Solution count 3: -18.773 1.31936 3.36015 
No other solutions better than -18.773

Optimal solution found (tolerance 1.00e-06)
Best objective -1.877301980937e+01, best bound -1.877301980937e+01, gap 0.0000%

User-callback calls 68, time in user-callback 0.00 sec
