
Gurobi 13.0.0 (linux64) logging started Tue Mar 31 15:14:02 2026

Set parameter LogFile to value "logs/N=16_layers=3_presolve_off/N=16/seed=12/n_qaoa_layers=3/precond_pen=0.300.log"
Set parameter MIPGap to value 1e-06
Set parameter Threads to value 8
Set parameter Presolve to value 0
Gurobi Optimizer version 13.0.0 build v13.0.0rc1 (linux64 - "Oracle Linux Server 9.7")

CPU model: AMD EPYC 7643 48-Core Processor, instruction set [SSE2|AVX|AVX2]
Thread count: 48 physical cores, 96 logical processors, using up to 8 threads

Non-default parameters:
MIPGap  1e-06
Presolve  0
Threads  8

Optimize a model with 1 rows, 16 columns and 16 nonzeros (Min)
Model fingerprint: 0x63a2eeaf
Model has 16 linear objective coefficients and an objective constant of 4.6271428012590006e+00
Model has 120 quadratic objective terms
Variable types: 0 continuous, 16 integer (16 binary)
Coefficient statistics:
  Matrix range     [1e+00, 1e+00]
  Objective range  [4e-02, 3e+00]
  QObjective range [1e-02, 6e+00]
  Bounds range     [1e+00, 1e+00]
  RHS range        [8e+00, 8e+00]
Found heuristic solution: objective 4.0523704
Variable types: 0 continuous, 136 integer (136 binary)

Root relaxation: objective -3.220283e+01, 5 iterations, 0.00 seconds (0.00 work units)

    Nodes    |    Current Node    |     Objective Bounds      |     Work
 Expl Unexpl |  Obj  Depth IntInf | Incumbent    BestBd   Gap | It/Node Time

     0     0  -32.20283    0   16    4.05237  -32.20283   895%     -    0s
H    0     0                     -22.0671873  -32.20283  45.9%     -    0s
H    0     0                     -22.9879423  -32.20283  40.1%     -    0s

Cutting planes:
  Gomory: 1
  MIR: 30
  Zero half: 20
  RLT: 33
  BQP: 127

Explored 1 nodes (5 simplex iterations) in 0.01 seconds (0.00 work units)
Thread count was 8 (of 96 available processors)

Solution count 3: -22.9879 -22.0672 4.05237 
No other solutions better than -22.9879

Optimal solution found (tolerance 1.00e-06)
Best objective -2.298794228103e+01, best bound -2.298794228103e+01, gap 0.0000%

User-callback calls 64, time in user-callback 0.00 sec
