
Gurobi 13.0.0 (linux64) logging started Sun May  3 10:53:39 2026

Set parameter LogFile to value "logs/N=16_layers=1_presolve_on/N=16/seed=3/quantum_layers=1/baseline.log"
Set parameter MIPGap to value 1e-06
Set parameter Threads to value 8
Gurobi Optimizer version 13.0.0 build v13.0.0rc1 (linux64 - "Oracle Linux Server 9.7")

CPU model: AMD EPYC 7643 48-Core Processor, instruction set [SSE2|AVX|AVX2]
Thread count: 48 physical cores, 96 logical processors, using up to 8 threads

Non-default parameters:
MIPGap  1e-06
Threads  8

Optimize a model with 1 rows, 16 columns and 16 nonzeros (Min)
Model fingerprint: 0x164d0302
Model has 16 linear objective coefficients and an objective constant of 5.9885429948280944e-12
Model has 120 quadratic objective terms
Variable types: 0 continuous, 16 integer (16 binary)
Coefficient statistics:
  Matrix range     [1e+00, 1e+00]
  Objective range  [1e+01, 2e+01]
  QObjective range [1e-02, 8e+00]
  Bounds range     [1e+00, 1e+00]
  RHS range        [8e+00, 8e+00]
Found heuristic solution: objective 65.7047558
Presolve time: 0.00s
Presolved: 121 rows, 136 columns, 376 nonzeros
Variable types: 0 continuous, 136 integer (136 binary)

Root relaxation: objective 5.984990e-12, 10 iterations, 0.00 seconds (0.00 work units)

    Nodes    |    Current Node    |     Objective Bounds      |     Work
 Expl Unexpl |  Obj  Depth IntInf | Incumbent    BestBd   Gap | It/Node Time

     0     0    0.00000    0   16   65.70476    0.00000   100%     -    0s
H    0     0                      64.9794517    0.00000   100%     -    0s
H    0     0                      64.8397040    0.00000   100%     -    0s
H    0     0                      63.1935564    0.00000   100%     -    0s
H    0     0                      56.3682471    0.00000   100%     -    0s
     0     0   24.87705    0   29   56.36825   24.87705  55.9%     -    0s
     0     0   27.70156    0   26   56.36825   27.70156  50.9%     -    0s
     0     0   37.77969    0   63   56.36825   37.77969  33.0%     -    0s
     0     0   37.91986    0   63   56.36825   37.91986  32.7%     -    0s
     0     2   38.60173    0   63   56.36825   38.60173  31.5%     -    0s
*   66    43              11      56.3489613   46.03555  18.3%  31.5    0s
*  195    58              10      56.1931941   48.15232  14.3%  25.0    0s
H  214    58                      55.2913263   48.15232  12.9%  24.5    0s
*  285    22               9      54.8290070   49.71512  9.33%  23.2    0s

Cutting planes:
  Gomory: 1
  Cover: 4
  Dual implied bound: 26
  MIR: 36
  StrongCG: 4
  RLT: 13

Explored 353 nodes (8076 simplex iterations) in 0.08 seconds (0.08 work units)
Thread count was 8 (of 96 available processors)

Solution count 9: 54.829 55.2913 56.1932 ... 65.7048

Optimal solution found (tolerance 1.00e-06)
Best objective 5.482900695729e+01, best bound 5.482900695729e+01, gap 0.0000%

User-callback calls 922, time in user-callback 0.00 sec
