
Gurobi 13.0.0 (linux64) logging started Sun May  3 10:53:40 2026

Set parameter LogFile to value "logs/N=16_layers=1_presolve_on/N=16/seed=3/quantum_layers=1/precond_pen=0.400.log"
Set parameter MIPGap to value 1e-06
Set parameter Threads to value 8
Gurobi Optimizer version 13.0.0 build v13.0.0rc1 (linux64 - "Oracle Linux Server 9.7")

CPU model: AMD EPYC 7643 48-Core Processor, instruction set [SSE2|AVX|AVX2]
Thread count: 48 physical cores, 96 logical processors, using up to 8 threads

Non-default parameters:
MIPGap  1e-06
Threads  8

Optimize a model with 1 rows, 16 columns and 16 nonzeros (Min)
Model fingerprint: 0xd90794aa
Model has 16 linear objective coefficients and an objective constant of 5.70657537171
Model has 120 quadratic objective terms
Variable types: 0 continuous, 16 integer (16 binary)
Coefficient statistics:
  Matrix range     [1e+00, 1e+00]
  Objective range  [1e+00, 2e+00]
  QObjective range [1e-03, 2e+00]
  Bounds range     [1e+00, 1e+00]
  RHS range        [8e+00, 8e+00]
Found heuristic solution: objective 0.1208264
Presolve time: 0.00s
Presolved: 121 rows, 136 columns, 376 nonzeros
Variable types: 0 continuous, 136 integer (136 binary)

Root relaxation: objective -1.064038e+01, 34 iterations, 0.00 seconds (0.00 work units)

    Nodes    |    Current Node    |     Objective Bounds      |     Work
 Expl Unexpl |  Obj  Depth IntInf | Incumbent    BestBd   Gap | It/Node Time

     0     0  -10.64038    0   16    0.12083  -10.64038  8906%     -    0s
H    0     0                      -0.0268970  -10.64038      -     -    0s
H    0     0                      -0.0883318  -10.64038      -     -    0s
H    0     0                      -1.4897292  -10.64038   614%     -    0s
H    0     0                      -4.4378518  -10.64038   140%     -    0s
     0     0   -4.43785    0  102   -4.43785   -4.43785  0.00%     -    0s

Cutting planes:
  Gomory: 1
  MIR: 49
  Zero half: 25
  RLT: 41
  BQP: 179

Explored 1 nodes (304 simplex iterations) in 0.02 seconds (0.01 work units)
Thread count was 8 (of 96 available processors)

Solution count 5: -4.43785 -1.48973 -0.0883318 ... 0.120826
No other solutions better than -4.43785

Optimal solution found (tolerance 1.00e-06)
Best objective -4.437851814020e+00, best bound -4.437851814020e+00, gap 0.0000%

User-callback calls 168, time in user-callback 0.00 sec
