
Gurobi 13.0.0 (linux64) logging started Sun May  3 10:53:39 2026

Set parameter LogFile to value "logs/N=16_layers=1_presolve_on/N=16/seed=3/quantum_layers=1/precond_pen=0.000.log"
Set parameter MIPGap to value 1e-06
Set parameter Threads to value 8
Gurobi Optimizer version 13.0.0 build v13.0.0rc1 (linux64 - "Oracle Linux Server 9.7")

CPU model: AMD EPYC 7643 48-Core Processor, instruction set [SSE2|AVX|AVX2]
Thread count: 48 physical cores, 96 logical processors, using up to 8 threads

Non-default parameters:
MIPGap  1e-06
Threads  8

Optimize a model with 1 rows, 16 columns and 16 nonzeros (Min)
Model fingerprint: 0xac986ba2
Model has 16 linear objective coefficients and an objective constant of -4.5143418119288029e+01
Model has 120 quadratic objective terms
Variable types: 0 continuous, 16 integer (16 binary)
Coefficient statistics:
  Matrix range     [1e+00, 1e+00]
  Objective range  [1e+01, 1e+01]
  QObjective range [2e+00, 4e+00]
  Bounds range     [1e+00, 1e+00]
  RHS range        [8e+00, 8e+00]
Found heuristic solution: objective 3.4994817
Presolve time: 0.00s
Presolved: 121 rows, 136 columns, 376 nonzeros
Variable types: 0 continuous, 136 integer (136 binary)

Root relaxation: objective -4.514342e+01, 7 iterations, 0.00 seconds (0.00 work units)

    Nodes    |    Current Node    |     Objective Bounds      |     Work
 Expl Unexpl |  Obj  Depth IntInf | Incumbent    BestBd   Gap | It/Node Time

     0     0  -45.14342    0   16    3.49948  -45.14342  1390%     -    0s
H    0     0                       0.7408073  -45.14342  6194%     -    0s
H    0     0                       0.6186357  -28.82235  4759%     -    0s
     0     0   -3.91445    0   16    0.61864   -3.91445   733%     -    0s
     0     0   -3.91445    0   26    0.61864   -3.91445   733%     -    0s
     0     0   -2.08562    0   62    0.61864   -2.08562   437%     -    0s
     0     0   -2.08132    0   62    0.61864   -2.08132   436%     -    0s
     0     2   -1.95752    0   62    0.61864   -1.95752   416%     -    0s

Cutting planes:
  Dual implied bound: 26
  MIR: 14
  RLT: 14

Explored 65 nodes (2403 simplex iterations) in 0.06 seconds (0.05 work units)
Thread count was 8 (of 96 available processors)

Solution count 3: 0.618636 0.740807 3.49948 

Optimal solution found (tolerance 1.00e-06)
Best objective 6.186357003920e-01, best bound 6.186357003920e-01, gap 0.0000%

User-callback calls 323, time in user-callback 0.00 sec
