
Gurobi 13.0.0 (linux64) logging started Sun Mar 22 16:50:40 2026

Set parameter LogFile to value "logs/N=12_presolve_on/N=12/seed=36/n_qaoa_layers=1/precond_pen=0.100.log"
Set parameter MIPGap to value 1e-06
Set parameter Threads to value 8
Gurobi Optimizer version 13.0.0 build v13.0.0rc1 (linux64 - "Oracle Linux Server 9.7")

CPU model: AMD EPYC 7643 48-Core Processor, instruction set [SSE2|AVX|AVX2]
Thread count: 48 physical cores, 96 logical processors, using up to 8 threads

Non-default parameters:
MIPGap  1e-06
Threads  8

Optimize a model with 1 rows, 12 columns and 12 nonzeros (Min)
Model fingerprint: 0x74eef091
Model has 12 linear objective coefficients and an objective constant of -16.580782884237
Model has 66 quadratic objective terms
Variable types: 0 continuous, 12 integer (12 binary)
Coefficient statistics:
  Matrix range     [1e+00, 1e+00]
  Objective range  [3e+00, 7e+00]
  QObjective range [1e-01, 5e+00]
  Bounds range     [1e+00, 1e+00]
  RHS range        [6e+00, 6e+00]
Found heuristic solution: objective 1.6119220
Presolve time: 0.00s
Presolved: 67 rows, 78 columns, 210 nonzeros
Variable types: 0 continuous, 78 integer (78 binary)

Root relaxation: objective -1.660710e+01, 4 iterations, 0.00 seconds (0.00 work units)

    Nodes    |    Current Node    |     Objective Bounds      |     Work
 Expl Unexpl |  Obj  Depth IntInf | Incumbent    BestBd   Gap | It/Node Time

     0     0  -16.60710    0   12    1.61192  -16.60710  1130%     -    0s
H    0     0                      -3.2997235  -16.60710   403%     -    0s
     0     0   -7.12340    0   16   -3.29972   -7.12340   116%     -    0s
     0     0   -6.83394    0   16   -3.29972   -6.83394   107%     -    0s
     0     0   -4.74855    0   42   -3.29972   -4.74855  43.9%     -    0s
     0     0   -4.74420    0   42   -3.29972   -4.74420  43.8%     -    0s
     0     2   -4.71055    0   42   -3.29972   -4.71055  42.8%     -    0s

Cutting planes:
  Gomory: 2
  Dual implied bound: 17
  MIR: 4
  RLT: 9
  BQP: 1

Explored 3 nodes (207 simplex iterations) in 0.02 seconds (0.01 work units)
Thread count was 8 (of 96 available processors)

Solution count 2: -3.29972 1.61192 
No other solutions better than -3.29972

Optimal solution found (tolerance 1.00e-06)
Best objective -3.299723481817e+00, best bound -3.299723481817e+00, gap 0.0000%

User-callback calls 186, time in user-callback 0.00 sec
