
Gurobi 13.0.0 (linux64) logging started Tue Mar 31 15:06:55 2026

Set parameter LogFile to value "logs/N=12_layers=3_presolve_off/N=12/seed=9/n_qaoa_layers=3/precond_pen=0.200.log"
Set parameter MIPGap to value 1e-06
Set parameter Threads to value 8
Set parameter Presolve to value 0
Gurobi Optimizer version 13.0.0 build v13.0.0rc1 (linux64 - "Oracle Linux Server 9.7")

CPU model: AMD EPYC 7643 48-Core Processor, instruction set [SSE2|AVX|AVX2]
Thread count: 48 physical cores, 96 logical processors, using up to 8 threads

Non-default parameters:
MIPGap  1e-06
Presolve  0
Threads  8

Optimize a model with 1 rows, 12 columns and 12 nonzeros (Min)
Model fingerprint: 0x2f4c6f01
Model has 12 linear objective coefficients and an objective constant of -19.393793999222
Model has 66 quadratic objective terms
Variable types: 0 continuous, 12 integer (12 binary)
Coefficient statistics:
  Matrix range     [1e+00, 1e+00]
  Objective range  [1e-01, 1e+01]
  QObjective range [6e-02, 6e+00]
  Bounds range     [1e+00, 1e+00]
  RHS range        [6e+00, 6e+00]
Found heuristic solution: objective 3.3632149
Variable types: 0 continuous, 78 integer (78 binary)

Root relaxation: objective -2.459345e+01, 8 iterations, 0.00 seconds (0.00 work units)

    Nodes    |    Current Node    |     Objective Bounds      |     Work
 Expl Unexpl |  Obj  Depth IntInf | Incumbent    BestBd   Gap | It/Node Time

     0     0  -24.59345    0   12    3.36321  -24.59345   831%     -    0s
H    0     0                      -0.3810764  -24.59345  6354%     -    0s
H    0     0                      -7.0124658  -24.59345   251%     -    0s
     0     0  -12.93249    0   28   -7.01247  -12.93249  84.4%     -    0s
     0     0   -7.01247    0   48   -7.01247   -7.01247  0.00%     -    0s

Cutting planes:
  Gomory: 2
  Cover: 3
  MIR: 12
  StrongCG: 1
  Zero half: 9
  RLT: 12
  BQP: 2

Explored 1 nodes (154 simplex iterations) in 0.01 seconds (0.01 work units)
Thread count was 8 (of 96 available processors)

Solution count 3: -7.01247 -0.381076 3.36321 
No other solutions better than -7.01247

Optimal solution found (tolerance 1.00e-06)
Best objective -7.012465775796e+00, best bound -7.012465775796e+00, gap 0.0000%

User-callback calls 76, time in user-callback 0.00 sec

Gurobi 13.0.0 (linux64) logging started Tue Mar 31 15:10:54 2026

Set parameter LogFile to value "logs/N=12_layers=3_presolve_off/N=12/seed=9/n_qaoa_layers=3/precond_pen=0.200.log"
Set parameter MIPGap to value 1e-06
Set parameter Threads to value 8
Set parameter Presolve to value 0
Gurobi Optimizer version 13.0.0 build v13.0.0rc1 (linux64 - "Oracle Linux Server 9.7")

CPU model: AMD EPYC 7643 48-Core Processor, instruction set [SSE2|AVX|AVX2]
Thread count: 48 physical cores, 96 logical processors, using up to 8 threads

Non-default parameters:
MIPGap  1e-06
Presolve  0
Threads  8

Optimize a model with 1 rows, 12 columns and 12 nonzeros (Min)
Model fingerprint: 0x2f4c6f01
Model has 12 linear objective coefficients and an objective constant of -19.393793999222
Model has 66 quadratic objective terms
Variable types: 0 continuous, 12 integer (12 binary)
Coefficient statistics:
  Matrix range     [1e+00, 1e+00]
  Objective range  [1e-01, 1e+01]
  QObjective range [6e-02, 6e+00]
  Bounds range     [1e+00, 1e+00]
  RHS range        [6e+00, 6e+00]
Found heuristic solution: objective 3.3632149
Variable types: 0 continuous, 78 integer (78 binary)

Root relaxation: objective -2.459345e+01, 8 iterations, 0.00 seconds (0.00 work units)

    Nodes    |    Current Node    |     Objective Bounds      |     Work
 Expl Unexpl |  Obj  Depth IntInf | Incumbent    BestBd   Gap | It/Node Time

     0     0  -24.59345    0   12    3.36321  -24.59345   831%     -    0s
H    0     0                      -0.3810764  -24.59345  6354%     -    0s
H    0     0                      -7.0124658  -24.59345   251%     -    0s
     0     0  -12.93249    0   28   -7.01247  -12.93249  84.4%     -    0s
     0     0   -7.01247    0   48   -7.01247   -7.01247  0.00%     -    0s

Cutting planes:
  Gomory: 2
  Cover: 3
  MIR: 12
  StrongCG: 1
  Zero half: 9
  RLT: 12
  BQP: 2

Explored 1 nodes (154 simplex iterations) in 0.01 seconds (0.01 work units)
Thread count was 8 (of 96 available processors)

Solution count 3: -7.01247 -0.381076 3.36321 
No other solutions better than -7.01247

Optimal solution found (tolerance 1.00e-06)
Best objective -7.012465775796e+00, best bound -7.012465775796e+00, gap 0.0000%

User-callback calls 76, time in user-callback 0.00 sec
