
Gurobi 13.0.0 (linux64) logging started Sun May  3 11:06:33 2026

Set parameter LogFile to value "logs/N=12_layers=2_presolve_on/N=12/seed=4/quantum_layers=2/precond_pen=0.700.log"
Set parameter MIPGap to value 1e-06
Set parameter Threads to value 8
Gurobi Optimizer version 13.0.0 build v13.0.0rc1 (linux64 - "Oracle Linux Server 9.7")

CPU model: AMD EPYC 7643 48-Core Processor, instruction set [SSE2|AVX|AVX2]
Thread count: 48 physical cores, 96 logical processors, using up to 8 threads

Non-default parameters:
MIPGap  1e-06
Threads  8

Optimize a model with 1 rows, 12 columns and 12 nonzeros (Min)
Model fingerprint: 0x9ab27e96
Model has 12 linear objective coefficients and an objective constant of 4.5083187305999992e+00
Model has 66 quadratic objective terms
Variable types: 0 continuous, 12 integer (12 binary)
Coefficient statistics:
  Matrix range     [1e+00, 1e+00]
  Objective range  [1e+00, 2e+00]
  QObjective range [2e-01, 3e+00]
  Bounds range     [1e+00, 1e+00]
  RHS range        [6e+00, 6e+00]
Found heuristic solution: objective -0.6742598
Presolve time: 0.00s
Presolved: 67 rows, 78 columns, 210 nonzeros
Variable types: 0 continuous, 78 integer (78 binary)

Root relaxation: objective -9.679046e+00, 13 iterations, 0.00 seconds (0.00 work units)

    Nodes    |    Current Node    |     Objective Bounds      |     Work
 Expl Unexpl |  Obj  Depth IntInf | Incumbent    BestBd   Gap | It/Node Time

     0     0   -9.67905    0   12   -0.67426   -9.67905  1336%     -    0s
H    0     0                      -2.4021073   -9.67905   303%     -    0s
H    0     0                      -2.6203009   -9.67905   269%     -    0s
H    0     0                      -3.5154014   -9.67905   175%     -    0s
H    0     0                      -5.5516474   -9.67905  74.3%     -    0s
     0     0   -5.55165    0   29   -5.55165   -5.55165  0.00%     -    0s

Cutting planes:
  Gomory: 1
  MIR: 19
  Zero half: 18
  RLT: 16
  BQP: 52

Explored 1 nodes (81 simplex iterations) in 0.01 seconds (0.00 work units)
Thread count was 8 (of 96 available processors)

Solution count 5: -5.55165 -3.5154 -2.6203 ... -0.67426
No other solutions better than -5.55165

Optimal solution found (tolerance 1.00e-06)
Best objective -5.551647373286e+00, best bound -5.551647373286e+00, gap 0.0000%

User-callback calls 166, time in user-callback 0.00 sec
