
Gurobi 13.0.0 (linux64) logging started Sun May  3 11:06:33 2026

Set parameter LogFile to value "logs/N=12_layers=2_presolve_on/N=12/seed=4/quantum_layers=2/precond_pen=0.400.log"
Set parameter MIPGap to value 1e-06
Set parameter Threads to value 8
Gurobi Optimizer version 13.0.0 build v13.0.0rc1 (linux64 - "Oracle Linux Server 9.7")

CPU model: AMD EPYC 7643 48-Core Processor, instruction set [SSE2|AVX|AVX2]
Thread count: 48 physical cores, 96 logical processors, using up to 8 threads

Non-default parameters:
MIPGap  1e-06
Threads  8

Optimize a model with 1 rows, 12 columns and 12 nonzeros (Min)
Model fingerprint: 0x2aa3e071
Model has 12 linear objective coefficients and an objective constant of 4.0547751961199987e+00
Model has 66 quadratic objective terms
Variable types: 0 continuous, 12 integer (12 binary)
Coefficient statistics:
  Matrix range     [1e+00, 1e+00]
  Objective range  [6e-01, 2e+00]
  QObjective range [3e-02, 5e+00]
  Bounds range     [1e+00, 1e+00]
  RHS range        [6e+00, 6e+00]
Found heuristic solution: objective -0.2208300
Presolve time: 0.00s
Presolved: 67 rows, 78 columns, 210 nonzeros
Variable types: 0 continuous, 78 integer (78 binary)

Root relaxation: objective -1.660955e+01, 11 iterations, 0.00 seconds (0.00 work units)

    Nodes    |    Current Node    |     Objective Bounds      |     Work
 Expl Unexpl |  Obj  Depth IntInf | Incumbent    BestBd   Gap | It/Node Time

     0     0  -16.60955    0   12   -0.22083  -16.60955  7421%     -    0s
H    0     0                      -1.0801346  -16.60955  1438%     -    0s
H    0     0                      -2.0704235  -16.60955   702%     -    0s
H    0     0                      -2.2855411  -16.60955   627%     -    0s
H    0     0                     -11.2642279  -16.60955  47.5%     -    0s

Cutting planes:
  Gomory: 1
  MIR: 17
  Zero half: 21
  RLT: 14
  BQP: 47

Explored 1 nodes (11 simplex iterations) in 0.01 seconds (0.00 work units)
Thread count was 8 (of 96 available processors)

Solution count 5: -11.2642 -2.28554 -2.07042 ... -0.22083
No other solutions better than -11.2642

Optimal solution found (tolerance 1.00e-06)
Best objective -1.126422787548e+01, best bound -1.126422787548e+01, gap 0.0000%

User-callback calls 161, time in user-callback 0.00 sec
