
Gurobi 13.0.0 (linux64) logging started Sun May  3 11:04:17 2026

Set parameter LogFile to value "logs/N=12_layers=1_presolve_on/N=12/seed=10/quantum_layers=1/precond_pen=0.600.log"
Set parameter MIPGap to value 1e-06
Set parameter Threads to value 8
Gurobi Optimizer version 13.0.0 build v13.0.0rc1 (linux64 - "Oracle Linux Server 9.7")

CPU model: AMD EPYC 7643 48-Core Processor, instruction set [SSE2|AVX|AVX2]
Thread count: 48 physical cores, 96 logical processors, using up to 8 threads

Non-default parameters:
MIPGap  1e-06
Threads  8

Optimize a model with 1 rows, 12 columns and 12 nonzeros (Min)
Model fingerprint: 0xf2743f35
Model has 12 linear objective coefficients and an objective constant of 4.8065765731069989e+00
Model has 66 quadratic objective terms
Variable types: 0 continuous, 12 integer (12 binary)
Coefficient statistics:
  Matrix range     [1e+00, 1e+00]
  Objective range  [1e+00, 2e+00]
  QObjective range [2e-03, 2e+00]
  Bounds range     [1e+00, 1e+00]
  RHS range        [6e+00, 6e+00]
Found heuristic solution: objective -1.2042898
Presolve time: 0.00s
Presolved: 67 rows, 78 columns, 210 nonzeros
Variable types: 0 continuous, 78 integer (78 binary)

Root relaxation: objective -4.939342e+00, 23 iterations, 0.00 seconds (0.00 work units)

    Nodes    |    Current Node    |     Objective Bounds      |     Work
 Expl Unexpl |  Obj  Depth IntInf | Incumbent    BestBd   Gap | It/Node Time

     0     0   -4.93934    0   12   -1.20429   -4.93934   310%     -    0s
H    0     0                      -1.2661909   -4.93934   290%     -    0s
H    0     0                      -1.2774723   -4.93934   287%     -    0s
H    0     0                      -1.3115157   -4.93934   277%     -    0s
H    0     0                      -1.8600754   -4.93934   166%     -    0s
     0     0     cutoff    0        -1.86008   -1.86008  0.00%     -    0s

Cutting planes:
  Gomory: 1
  MIR: 20
  Zero half: 11
  RLT: 22
  BQP: 115

Explored 1 nodes (156 simplex iterations) in 0.01 seconds (0.00 work units)
Thread count was 8 (of 96 available processors)

Solution count 5: -1.86008 -1.31152 -1.27747 ... -1.20429
No other solutions better than -1.86008

Optimal solution found (tolerance 1.00e-06)
Best objective -1.860075386651e+00, best bound -1.860075386651e+00, gap 0.0000%

User-callback calls 166, time in user-callback 0.00 sec
