
Gurobi 13.0.0 (linux64) logging started Sun May  3 11:04:17 2026

Set parameter LogFile to value "logs/N=12_layers=1_presolve_on/N=12/seed=10/quantum_layers=1/precond_pen=0.400.log"
Set parameter MIPGap to value 1e-06
Set parameter Threads to value 8
Gurobi Optimizer version 13.0.0 build v13.0.0rc1 (linux64 - "Oracle Linux Server 9.7")

CPU model: AMD EPYC 7643 48-Core Processor, instruction set [SSE2|AVX|AVX2]
Thread count: 48 physical cores, 96 logical processors, using up to 8 threads

Non-default parameters:
MIPGap  1e-06
Threads  8

Optimize a model with 1 rows, 12 columns and 12 nonzeros (Min)
Model fingerprint: 0x398ef2a5
Model has 12 linear objective coefficients and an objective constant of 4.1243409386959993e+00
Model has 66 quadratic objective terms
Variable types: 0 continuous, 12 integer (12 binary)
Coefficient statistics:
  Matrix range     [1e+00, 1e+00]
  Objective range  [6e-01, 2e+00]
  QObjective range [7e-03, 3e+00]
  Bounds range     [1e+00, 1e+00]
  RHS range        [6e+00, 6e+00]
Found heuristic solution: objective -2.2277419
Presolve time: 0.00s
Presolved: 67 rows, 78 columns, 210 nonzeros
Variable types: 0 continuous, 78 integer (78 binary)

Root relaxation: objective -7.894036e+00, 14 iterations, 0.00 seconds (0.00 work units)

    Nodes    |    Current Node    |     Objective Bounds      |     Work
 Expl Unexpl |  Obj  Depth IntInf | Incumbent    BestBd   Gap | It/Node Time

     0     0   -7.89404    0   12   -2.22774   -7.89404   254%     -    0s
H    0     0                      -2.7713212   -7.89404   185%     -    0s
H    0     0                      -3.9414662   -7.89404   100%     -    0s
     0     0     cutoff    0        -3.94147   -3.94147  0.00%     -    0s

Cutting planes:
  Gomory: 1
  MIR: 22
  Zero half: 11
  RLT: 15
  BQP: 66

Explored 1 nodes (91 simplex iterations) in 0.01 seconds (0.00 work units)
Thread count was 8 (of 96 available processors)

Solution count 3: -3.94147 -2.77132 -2.22774 
No other solutions better than -3.94147

Optimal solution found (tolerance 1.00e-06)
Best objective -3.941466228178e+00, best bound -3.941466228178e+00, gap 0.0000%

User-callback calls 161, time in user-callback 0.00 sec
