
Gurobi 13.0.0 (linux64) logging started Tue Mar 31 15:05:14 2026

Set parameter LogFile to value "logs/N=12_layers=2_presolve_on/N=12/seed=31/n_qaoa_layers=2/precond_pen=0.700.log"
Set parameter MIPGap to value 1e-06
Set parameter Threads to value 8
Gurobi Optimizer version 13.0.0 build v13.0.0rc1 (linux64 - "Oracle Linux Server 9.7")

CPU model: AMD EPYC 7643 48-Core Processor, instruction set [SSE2|AVX|AVX2]
Thread count: 48 physical cores, 96 logical processors, using up to 8 threads

Non-default parameters:
MIPGap  1e-06
Threads  8

Optimize a model with 1 rows, 12 columns and 12 nonzeros (Min)
Model fingerprint: 0xbf31e003
Model has 12 linear objective coefficients and an objective constant of 5.0144493347939987e+00
Model has 66 quadratic objective terms
Variable types: 0 continuous, 12 integer (12 binary)
Coefficient statistics:
  Matrix range     [1e+00, 1e+00]
  Objective range  [1e+00, 2e+00]
  QObjective range [3e-04, 2e+00]
  Bounds range     [1e+00, 1e+00]
  RHS range        [6e+00, 6e+00]
Found heuristic solution: objective -2.1143619
Presolve time: 0.00s
Presolved: 67 rows, 78 columns, 210 nonzeros
Variable types: 0 continuous, 78 integer (78 binary)

Root relaxation: objective -6.474360e+00, 22 iterations, 0.00 seconds (0.00 work units)

    Nodes    |    Current Node    |     Objective Bounds      |     Work
 Expl Unexpl |  Obj  Depth IntInf | Incumbent    BestBd   Gap | It/Node Time

     0     0   -6.47436    0   12   -2.11436   -6.47436   206%     -    0s
H    0     0                      -3.0222908   -6.47436   114%     -    0s
H    0     0                      -3.1481091   -6.47436   106%     -    0s
     0     0   -3.14811    0   43   -3.14811   -3.14811  0.00%     -    0s

Cutting planes:
  MIR: 18
  Zero half: 17
  RLT: 20
  BQP: 85

Explored 1 nodes (137 simplex iterations) in 0.01 seconds (0.00 work units)
Thread count was 8 (of 96 available processors)

Solution count 3: -3.14811 -3.02229 -2.11436 
No other solutions better than -3.14811

Optimal solution found (tolerance 1.00e-06)
Best objective -3.148109107252e+00, best bound -3.148109107252e+00, gap 0.0000%

User-callback calls 160, time in user-callback 0.00 sec
