
Gurobi 13.0.0 (linux64) logging started Tue Mar 31 15:05:14 2026

Set parameter LogFile to value "logs/N=12_layers=2_presolve_on/N=12/seed=31/n_qaoa_layers=2/precond_pen=0.400.log"
Set parameter MIPGap to value 1e-06
Set parameter Threads to value 8
Gurobi Optimizer version 13.0.0 build v13.0.0rc1 (linux64 - "Oracle Linux Server 9.7")

CPU model: AMD EPYC 7643 48-Core Processor, instruction set [SSE2|AVX|AVX2]
Thread count: 48 physical cores, 96 logical processors, using up to 8 threads

Non-default parameters:
MIPGap  1e-06
Threads  8

Optimize a model with 1 rows, 12 columns and 12 nonzeros (Min)
Model fingerprint: 0x05d68c2d
Model has 12 linear objective coefficients and an objective constant of 4.0317441991399985e+00
Model has 66 quadratic objective terms
Variable types: 0 continuous, 12 integer (12 binary)
Coefficient statistics:
  Matrix range     [1e+00, 1e+00]
  Objective range  [3e-01, 3e+00]
  QObjective range [1e-03, 5e+00]
  Bounds range     [1e+00, 1e+00]
  RHS range        [6e+00, 6e+00]
Found heuristic solution: objective -3.8699231
Presolve time: 0.00s
Presolved: 67 rows, 78 columns, 210 nonzeros
Variable types: 0 continuous, 78 integer (78 binary)

Root relaxation: objective -1.301488e+01, 9 iterations, 0.00 seconds (0.00 work units)

    Nodes    |    Current Node    |     Objective Bounds      |     Work
 Expl Unexpl |  Obj  Depth IntInf | Incumbent    BestBd   Gap | It/Node Time

     0     0  -13.01488    0   12   -3.86992  -13.01488   236%     -    0s
H    0     0                      -7.3095514  -13.01488  78.1%     -    0s
H    0     0                      -8.2233264  -13.01488  58.3%     -    0s

Cutting planes:
  MIR: 16
  Zero half: 10
  RLT: 14
  BQP: 53

Explored 1 nodes (9 simplex iterations) in 0.01 seconds (0.00 work units)
Thread count was 8 (of 96 available processors)

Solution count 3: -8.22333 -7.30955 -3.86992 
No other solutions better than -8.22333

Optimal solution found (tolerance 1.00e-06)
Best objective -8.223326402380e+00, best bound -8.223326402380e+00, gap 0.0000%

User-callback calls 156, time in user-callback 0.00 sec
