
Gurobi 13.0.0 (linux64) logging started Tue Mar 31 15:05:16 2026

Set parameter LogFile to value "logs/N=12_layers=2_presolve_off/N=12/seed=0/n_qaoa_layers=2/precond_pen=0.800.log"
Set parameter MIPGap to value 1e-06
Set parameter Threads to value 8
Set parameter Presolve to value 0
Gurobi Optimizer version 13.0.0 build v13.0.0rc1 (linux64 - "Oracle Linux Server 9.7")

CPU model: AMD EPYC 7643 48-Core Processor, instruction set [SSE2|AVX|AVX2]
Thread count: 48 physical cores, 96 logical processors, using up to 8 threads

Non-default parameters:
MIPGap  1e-06
Presolve  0
Threads  8

Optimize a model with 1 rows, 12 columns and 12 nonzeros (Min)
Model fingerprint: 0x84e85d5e
Model has 12 linear objective coefficients and an objective constant of 4.650480956298
Model has 66 quadratic objective terms
Variable types: 0 continuous, 12 integer (12 binary)
Coefficient statistics:
  Matrix range     [1e+00, 1e+00]
  Objective range  [1e+00, 2e+00]
  QObjective range [2e-02, 2e+00]
  Bounds range     [1e+00, 1e+00]
  RHS range        [6e+00, 6e+00]
Found heuristic solution: objective 1.3356003
Variable types: 0 continuous, 78 integer (78 binary)

Root relaxation: objective -7.442178e+00, 16 iterations, 0.00 seconds (0.00 work units)

    Nodes    |    Current Node    |     Objective Bounds      |     Work
 Expl Unexpl |  Obj  Depth IntInf | Incumbent    BestBd   Gap | It/Node Time

     0     0   -7.44218    0   12    1.33560   -7.44218   657%     -    0s
H    0     0                      -1.4364813   -7.44218   418%     -    0s
H    0     0                      -2.6242347   -7.44218   184%     -    0s
H    0     0                      -3.6395027   -7.44218   104%     -    0s
     0     0   -3.63950    0   34   -3.63950   -3.63950  0.00%     -    0s

Cutting planes:
  Gomory: 1
  MIR: 25
  Zero half: 10
  RLT: 17
  BQP: 57

Explored 1 nodes (120 simplex iterations) in 0.01 seconds (0.00 work units)
Thread count was 8 (of 96 available processors)

Solution count 4: -3.6395 -2.62423 -1.43648 1.3356 
No other solutions better than -3.6395

Optimal solution found (tolerance 1.00e-06)
Best objective -3.639502650648e+00, best bound -3.639502650648e+00, gap 0.0000%

User-callback calls 69, time in user-callback 0.00 sec
