
Gurobi 13.0.0 (linux64) logging started Tue Mar 31 15:12:39 2026

Set parameter LogFile to value "logs/N=16_layers=2_presolve_on/N=16/seed=32/n_qaoa_layers=2/precond_pen=0.600.log"
Set parameter MIPGap to value 1e-06
Set parameter Threads to value 8
Gurobi Optimizer version 13.0.0 build v13.0.0rc1 (linux64 - "Oracle Linux Server 9.7")

CPU model: AMD EPYC 7643 48-Core Processor, instruction set [SSE2|AVX|AVX2]
Thread count: 48 physical cores, 96 logical processors, using up to 8 threads

Non-default parameters:
MIPGap  1e-06
Threads  8

Optimize a model with 1 rows, 16 columns and 16 nonzeros (Min)
Model fingerprint: 0xa9fdd088
Model has 16 linear objective coefficients and an objective constant of 6.048756174621
Model has 120 quadratic objective terms
Variable types: 0 continuous, 16 integer (16 binary)
Coefficient statistics:
  Matrix range     [1e+00, 1e+00]
  Objective range  [1e+00, 2e+00]
  QObjective range [2e-02, 2e+00]
  Bounds range     [1e+00, 1e+00]
  RHS range        [8e+00, 8e+00]
Found heuristic solution: objective 2.1865272
Presolve time: 0.00s
Presolved: 121 rows, 136 columns, 376 nonzeros
Variable types: 0 continuous, 136 integer (136 binary)

Root relaxation: objective -1.487342e+01, 14 iterations, 0.00 seconds (0.00 work units)

    Nodes    |    Current Node    |     Objective Bounds      |     Work
 Expl Unexpl |  Obj  Depth IntInf | Incumbent    BestBd   Gap | It/Node Time

     0     0  -14.87342    0   16    2.18653  -14.87342   780%     -    0s
H    0     0                       1.4996616  -14.87342  1092%     -    0s
H    0     0                      -1.4014059  -14.87342   961%     -    0s
H    0     0                      -1.8439835  -14.87342   707%     -    0s
H    0     0                      -7.0484886  -14.87342   111%     -    0s
     0     0   -7.53987    0   63   -7.04849   -7.53987  6.97%     -    0s

Cutting planes:
  Gomory: 6
  MIR: 79
  StrongCG: 1
  Flow cover: 2
  Zero half: 33
  RLT: 22
  BQP: 117

Explored 1 nodes (164 simplex iterations) in 0.03 seconds (0.02 work units)
Thread count was 8 (of 96 available processors)

Solution count 5: -7.04849 -1.84398 -1.40141 ... 2.18653
No other solutions better than -7.04849

Optimal solution found (tolerance 1.00e-06)
Best objective -7.048488616865e+00, best bound -7.048488616865e+00, gap 0.0000%

User-callback calls 173, time in user-callback 0.00 sec
