
Gurobi 13.0.0 (linux64) logging started Tue Mar 31 15:06:58 2026

Set parameter LogFile to value "logs/N=12_layers=3_presolve_off/N=12/seed=33/n_qaoa_layers=3/precond_pen=0.300.log"
Set parameter MIPGap to value 1e-06
Set parameter Threads to value 8
Set parameter Presolve to value 0
Gurobi Optimizer version 13.0.0 build v13.0.0rc1 (linux64 - "Oracle Linux Server 9.7")

CPU model: AMD EPYC 7643 48-Core Processor, instruction set [SSE2|AVX|AVX2]
Thread count: 48 physical cores, 96 logical processors, using up to 8 threads

Non-default parameters:
MIPGap  1e-06
Presolve  0
Threads  8

Optimize a model with 1 rows, 12 columns and 12 nonzeros (Min)
Model fingerprint: 0x32aa7a90
Model has 12 linear objective coefficients and an objective constant of 3.517928867642
Model has 66 quadratic objective terms
Variable types: 0 continuous, 12 integer (12 binary)
Coefficient statistics:
  Matrix range     [1e+00, 1e+00]
  Objective range  [2e-01, 4e+00]
  QObjective range [4e-02, 6e+00]
  Bounds range     [1e+00, 1e+00]
  RHS range        [6e+00, 6e+00]
Found heuristic solution: objective -1.4467655
Variable types: 0 continuous, 78 integer (78 binary)

Root relaxation: objective -1.821317e+01, 12 iterations, 0.00 seconds (0.00 work units)

    Nodes    |    Current Node    |     Objective Bounds      |     Work
 Expl Unexpl |  Obj  Depth IntInf | Incumbent    BestBd   Gap | It/Node Time

     0     0  -18.21317    0   12   -1.44677  -18.21317  1159%     -    0s
H    0     0                      -9.4412756  -18.21317  92.9%     -    0s
H    0     0                     -13.3828369  -18.21317  36.1%     -    0s

Cutting planes:
  Gomory: 1
  MIR: 18
  Zero half: 12
  RLT: 9
  BQP: 47

Explored 1 nodes (12 simplex iterations) in 0.00 seconds (0.00 work units)
Thread count was 8 (of 96 available processors)

Solution count 3: -13.3828 -9.44128 -1.44677 
No other solutions better than -13.3828

Optimal solution found (tolerance 1.00e-06)
Best objective -1.338283694550e+01, best bound -1.338283694550e+01, gap 0.0000%

User-callback calls 62, time in user-callback 0.00 sec

Gurobi 13.0.0 (linux64) logging started Tue Mar 31 15:10:56 2026

Set parameter LogFile to value "logs/N=12_layers=3_presolve_off/N=12/seed=33/n_qaoa_layers=3/precond_pen=0.300.log"
Set parameter MIPGap to value 1e-06
Set parameter Threads to value 8
Set parameter Presolve to value 0
Gurobi Optimizer version 13.0.0 build v13.0.0rc1 (linux64 - "Oracle Linux Server 9.7")

CPU model: AMD EPYC 7643 48-Core Processor, instruction set [SSE2|AVX|AVX2]
Thread count: 48 physical cores, 96 logical processors, using up to 8 threads

Non-default parameters:
MIPGap  1e-06
Presolve  0
Threads  8

Optimize a model with 1 rows, 12 columns and 12 nonzeros (Min)
Model fingerprint: 0x32aa7a90
Model has 12 linear objective coefficients and an objective constant of 3.517928867642
Model has 66 quadratic objective terms
Variable types: 0 continuous, 12 integer (12 binary)
Coefficient statistics:
  Matrix range     [1e+00, 1e+00]
  Objective range  [2e-01, 4e+00]
  QObjective range [4e-02, 6e+00]
  Bounds range     [1e+00, 1e+00]
  RHS range        [6e+00, 6e+00]
Found heuristic solution: objective -1.4467655
Variable types: 0 continuous, 78 integer (78 binary)

Root relaxation: objective -1.821317e+01, 12 iterations, 0.00 seconds (0.00 work units)

    Nodes    |    Current Node    |     Objective Bounds      |     Work
 Expl Unexpl |  Obj  Depth IntInf | Incumbent    BestBd   Gap | It/Node Time

     0     0  -18.21317    0   12   -1.44677  -18.21317  1159%     -    0s
H    0     0                      -9.4412756  -18.21317  92.9%     -    0s
H    0     0                     -13.3828369  -18.21317  36.1%     -    0s

Cutting planes:
  Gomory: 1
  MIR: 18
  Zero half: 12
  RLT: 9
  BQP: 47

Explored 1 nodes (12 simplex iterations) in 0.00 seconds (0.00 work units)
Thread count was 8 (of 96 available processors)

Solution count 3: -13.3828 -9.44128 -1.44677 
No other solutions better than -13.3828

Optimal solution found (tolerance 1.00e-06)
Best objective -1.338283694550e+01, best bound -1.338283694550e+01, gap 0.0000%

User-callback calls 62, time in user-callback 0.00 sec
