
Gurobi 13.0.0 (linux64) logging started Tue Mar 31 15:06:58 2026

Set parameter LogFile to value "logs/N=12_layers=3_presolve_off/N=12/seed=33/n_qaoa_layers=3/precond_pen=1.000.log"
Set parameter MIPGap to value 1e-06
Set parameter Threads to value 8
Set parameter Presolve to value 0
Gurobi Optimizer version 13.0.0 build v13.0.0rc1 (linux64 - "Oracle Linux Server 9.7")

CPU model: AMD EPYC 7643 48-Core Processor, instruction set [SSE2|AVX|AVX2]
Thread count: 48 physical cores, 96 logical processors, using up to 8 threads

Non-default parameters:
MIPGap  1e-06
Presolve  0
Threads  8

Optimize a model with 1 rows, 12 columns and 12 nonzeros (Min)
Model fingerprint: 0xe12bdb15
Model has 12 linear objective coefficients and an objective constant of 5.6888485578430013e+00
Model has 66 quadratic objective terms
Variable types: 0 continuous, 12 integer (12 binary)
Coefficient statistics:
  Matrix range     [1e+00, 1e+00]
  Objective range  [2e+00, 2e+00]
  QObjective range [2e-02, 2e+00]
  Bounds range     [1e+00, 1e+00]
  RHS range        [6e+00, 6e+00]
Found heuristic solution: objective -0.5805005
Variable types: 0 continuous, 78 integer (78 binary)

Root relaxation: objective -6.246396e+00, 23 iterations, 0.00 seconds (0.00 work units)

    Nodes    |    Current Node    |     Objective Bounds      |     Work
 Expl Unexpl |  Obj  Depth IntInf | Incumbent    BestBd   Gap | It/Node Time

     0     0   -6.24640    0   12   -0.58050   -6.24640   976%     -    0s
H    0     0                      -0.6622837   -6.24640   843%     -    0s
H    0     0                      -1.1257143   -6.24640   455%     -    0s
H    0     0                      -2.0961242   -6.24640   198%     -    0s
H    0     0                      -2.2983020   -6.24640   172%     -    0s
H    0     0                      -2.4450909   -4.14521  69.5%     -    0s
     0     0   -2.44509    0   41   -2.44509   -2.44509  0.00%     -    0s

Cutting planes:
  Gomory: 1
  MIR: 26
  Zero half: 17
  RLT: 28
  BQP: 89

Explored 1 nodes (126 simplex iterations) in 0.01 seconds (0.00 work units)
Thread count was 8 (of 96 available processors)

Solution count 6: -2.44509 -2.2983 -2.09612 ... -0.5805
No other solutions better than -2.44509

Optimal solution found (tolerance 1.00e-06)
Best objective -2.445090943739e+00, best bound -2.445090943739e+00, gap 0.0000%

User-callback calls 73, time in user-callback 0.00 sec

Gurobi 13.0.0 (linux64) logging started Tue Mar 31 15:10:57 2026

Set parameter LogFile to value "logs/N=12_layers=3_presolve_off/N=12/seed=33/n_qaoa_layers=3/precond_pen=1.000.log"
Set parameter MIPGap to value 1e-06
Set parameter Threads to value 8
Set parameter Presolve to value 0
Gurobi Optimizer version 13.0.0 build v13.0.0rc1 (linux64 - "Oracle Linux Server 9.7")

CPU model: AMD EPYC 7643 48-Core Processor, instruction set [SSE2|AVX|AVX2]
Thread count: 48 physical cores, 96 logical processors, using up to 8 threads

Non-default parameters:
MIPGap  1e-06
Presolve  0
Threads  8

Optimize a model with 1 rows, 12 columns and 12 nonzeros (Min)
Model fingerprint: 0xe12bdb15
Model has 12 linear objective coefficients and an objective constant of 5.6888485578430013e+00
Model has 66 quadratic objective terms
Variable types: 0 continuous, 12 integer (12 binary)
Coefficient statistics:
  Matrix range     [1e+00, 1e+00]
  Objective range  [2e+00, 2e+00]
  QObjective range [2e-02, 2e+00]
  Bounds range     [1e+00, 1e+00]
  RHS range        [6e+00, 6e+00]
Found heuristic solution: objective -0.5805005
Variable types: 0 continuous, 78 integer (78 binary)

Root relaxation: objective -6.246396e+00, 23 iterations, 0.00 seconds (0.00 work units)

    Nodes    |    Current Node    |     Objective Bounds      |     Work
 Expl Unexpl |  Obj  Depth IntInf | Incumbent    BestBd   Gap | It/Node Time

     0     0   -6.24640    0   12   -0.58050   -6.24640   976%     -    0s
H    0     0                      -0.6622837   -6.24640   843%     -    0s
H    0     0                      -1.1257143   -6.24640   455%     -    0s
H    0     0                      -2.0961242   -6.24640   198%     -    0s
H    0     0                      -2.2983020   -6.24640   172%     -    0s
H    0     0                      -2.4450909   -4.14521  69.5%     -    0s
     0     0   -2.44509    0   41   -2.44509   -2.44509  0.00%     -    0s

Cutting planes:
  Gomory: 1
  MIR: 26
  Zero half: 17
  RLT: 28
  BQP: 89

Explored 1 nodes (126 simplex iterations) in 0.01 seconds (0.00 work units)
Thread count was 8 (of 96 available processors)

Solution count 6: -2.44509 -2.2983 -2.09612 ... -0.5805
No other solutions better than -2.44509

Optimal solution found (tolerance 1.00e-06)
Best objective -2.445090943739e+00, best bound -2.445090943739e+00, gap 0.0000%

User-callback calls 73, time in user-callback 0.00 sec
