
Gurobi 13.0.0 (linux64) logging started Sun Mar 22 16:50:47 2026

Set parameter LogFile to value "logs/N=12_presolve_off/N=12/seed=26/n_qaoa_layers=1/baseline.log"
Set parameter MIPGap to value 1e-06
Set parameter Threads to value 8
Set parameter Presolve to value 0
Gurobi Optimizer version 13.0.0 build v13.0.0rc1 (linux64 - "Oracle Linux Server 9.7")

CPU model: AMD EPYC 7643 48-Core Processor, instruction set [SSE2|AVX|AVX2]
Thread count: 48 physical cores, 96 logical processors, using up to 8 threads

Non-default parameters:
MIPGap  1e-06
Presolve  0
Threads  8

Optimize a model with 1 rows, 12 columns and 12 nonzeros (Min)
Model fingerprint: 0x09da1c04
Model has 12 linear objective coefficients and an objective constant of 1.9966250874858815e-12
Model has 66 quadratic objective terms
Variable types: 0 continuous, 12 integer (12 binary)
Coefficient statistics:
  Matrix range     [1e+00, 1e+00]
  Objective range  [1e+01, 1e+01]
  QObjective range [1e-02, 8e+00]
  Bounds range     [1e+00, 1e+00]
  RHS range        [6e+00, 6e+00]
Found heuristic solution: objective 34.4608260
Variable types: 0 continuous, 78 integer (78 binary)

Root relaxation: objective 1.997513e-12, 6 iterations, 0.00 seconds (0.00 work units)

    Nodes    |    Current Node    |     Objective Bounds      |     Work
 Expl Unexpl |  Obj  Depth IntInf | Incumbent    BestBd   Gap | It/Node Time

     0     0    0.00000    0   12   34.46083    0.00000   100%     -    0s
H    0     0                      32.1843208    0.00000   100%     -    0s
H    0     0                      32.1152321   16.91362  47.3%     -    0s
     0     0   17.64736    0   12   32.11523   17.64736  45.0%     -    0s
     0     0   18.82378    0   16   32.11523   18.82378  41.4%     -    0s
     0     0   23.11078    0   46   32.11523   23.11078  28.0%     -    0s
     0     0   24.13488    0   39   32.11523   24.13488  24.8%     -    0s
     0     0   24.58349    0   45   32.11523   24.58349  23.5%     -    0s
     0     0   26.02806    0   52   32.11523   26.02806  19.0%     -    0s
     0     0   26.02806    0   52   32.11523   26.02806  19.0%     -    0s
     0     2   26.02806    0   52   32.11523   26.02806  19.0%     -    0s
H   27    26                      31.6591243   27.37823  13.5%  32.7    0s
H   34    26                      31.3996139   28.29951  9.87%  28.9    0s

Cutting planes:
  Gomory: 1
  Cover: 2
  MIR: 17
  StrongCG: 1
  RLT: 9

Explored 93 nodes (2007 simplex iterations) in 0.04 seconds (0.03 work units)
Thread count was 8 (of 96 available processors)

Solution count 5: 31.3996 31.6591 32.1152 ... 34.4608

Optimal solution found (tolerance 1.00e-06)
Best objective 3.139961392960e+01, best bound 3.139961392960e+01, gap 0.0000%

User-callback calls 299, time in user-callback 0.00 sec
