
Gurobi 13.0.0 (linux64) logging started Sun Mar 22 16:50:47 2026

Set parameter LogFile to value "logs/N=12_presolve_off/N=12/seed=26/n_qaoa_layers=1/precond_pen=0.300.log"
Set parameter MIPGap to value 1e-06
Set parameter Threads to value 8
Set parameter Presolve to value 0
Gurobi Optimizer version 13.0.0 build v13.0.0rc1 (linux64 - "Oracle Linux Server 9.7")

CPU model: AMD EPYC 7643 48-Core Processor, instruction set [SSE2|AVX|AVX2]
Thread count: 48 physical cores, 96 logical processors, using up to 8 threads

Non-default parameters:
MIPGap  1e-06
Presolve  0
Threads  8

Optimize a model with 1 rows, 12 columns and 12 nonzeros (Min)
Model fingerprint: 0x8e6ff86b
Model has 12 linear objective coefficients and an objective constant of 3.5001090788079989e+00
Model has 66 quadratic objective terms
Variable types: 0 continuous, 12 integer (12 binary)
Coefficient statistics:
  Matrix range     [1e+00, 1e+00]
  Objective range  [3e-01, 2e+00]
  QObjective range [4e-02, 3e+00]
  Bounds range     [1e+00, 1e+00]
  RHS range        [6e+00, 6e+00]
Found heuristic solution: objective -2.6527484
Variable types: 0 continuous, 78 integer (78 binary)

Root relaxation: objective -1.068065e+01, 15 iterations, 0.00 seconds (0.00 work units)

    Nodes    |    Current Node    |     Objective Bounds      |     Work
 Expl Unexpl |  Obj  Depth IntInf | Incumbent    BestBd   Gap | It/Node Time

     0     0  -10.68065    0   12   -2.65275  -10.68065   303%     -    0s
H    0     0                      -5.5448860  -10.68065  92.6%     -    0s
     0     0   -5.54489    0   32   -5.54489   -5.54489  0.00%     -    0s

Cutting planes:
  Gomory: 2
  MIR: 22
  Zero half: 12
  RLT: 16
  BQP: 59

Explored 1 nodes (116 simplex iterations) in 0.01 seconds (0.00 work units)
Thread count was 8 (of 96 available processors)

Solution count 2: -5.54489 -2.65275 
No other solutions better than -5.54489

Optimal solution found (tolerance 1.00e-06)
Best objective -5.544886003144e+00, best bound -5.544886003144e+00, gap 0.0000%

User-callback calls 65, time in user-callback 0.00 sec
