
Gurobi 13.0.0 (linux64) logging started Sun Mar 22 16:50:47 2026

Set parameter LogFile to value "logs/N=12_presolve_off/N=12/seed=25/n_qaoa_layers=1/precond_pen=0.300.log"
Set parameter MIPGap to value 1e-06
Set parameter Threads to value 8
Set parameter Presolve to value 0
Gurobi Optimizer version 13.0.0 build v13.0.0rc1 (linux64 - "Oracle Linux Server 9.7")

CPU model: AMD EPYC 7643 48-Core Processor, instruction set [SSE2|AVX|AVX2]
Thread count: 48 physical cores, 96 logical processors, using up to 8 threads

Non-default parameters:
MIPGap  1e-06
Presolve  0
Threads  8

Optimize a model with 1 rows, 12 columns and 12 nonzeros (Min)
Model fingerprint: 0x75ff080c
Model has 12 linear objective coefficients and an objective constant of 3.1213200702080015e+00
Model has 66 quadratic objective terms
Variable types: 0 continuous, 12 integer (12 binary)
Coefficient statistics:
  Matrix range     [1e+00, 1e+00]
  Objective range  [4e-01, 2e+00]
  QObjective range [4e-02, 3e+00]
  Bounds range     [1e+00, 1e+00]
  RHS range        [6e+00, 6e+00]
Found heuristic solution: objective 0.4735694
Variable types: 0 continuous, 78 integer (78 binary)

Root relaxation: objective -1.036904e+01, 14 iterations, 0.00 seconds (0.00 work units)

    Nodes    |    Current Node    |     Objective Bounds      |     Work
 Expl Unexpl |  Obj  Depth IntInf | Incumbent    BestBd   Gap | It/Node Time

     0     0  -10.36904    0   12    0.47357  -10.36904  2290%     -    0s
H    0     0                      -1.5461311  -10.36904   571%     -    0s
H    0     0                      -2.2304151  -10.36904   365%     -    0s
H    0     0                      -5.8544662  -10.36904  77.1%     -    0s
     0     0     cutoff    0        -5.85447   -5.85447  0.00%     -    0s

Cutting planes:
  Gomory: 1
  MIR: 24
  Zero half: 17
  RLT: 16
  BQP: 50

Explored 1 nodes (68 simplex iterations) in 0.01 seconds (0.00 work units)
Thread count was 8 (of 96 available processors)

Solution count 4: -5.85447 -2.23042 -1.54613 0.473569 
No other solutions better than -5.85447

Optimal solution found (tolerance 1.00e-06)
Best objective -5.854466157378e+00, best bound -5.854466157378e+00, gap 0.0000%

User-callback calls 68, time in user-callback 0.00 sec
