
Gurobi 13.0.0 (linux64) logging started Sun May  3 10:54:22 2026

Set parameter LogFile to value "logs/N=16_layers=1_presolve_off/N=16/seed=24/quantum_layers=1/precond_pen=0.000.log"
Set parameter MIPGap to value 1e-06
Set parameter Threads to value 8
Set parameter Presolve to value 0
Gurobi Optimizer version 13.0.0 build v13.0.0rc1 (linux64 - "Oracle Linux Server 9.7")

CPU model: AMD EPYC 7643 48-Core Processor, instruction set [SSE2|AVX|AVX2]
Thread count: 48 physical cores, 96 logical processors, using up to 8 threads

Non-default parameters:
MIPGap  1e-06
Presolve  0
Threads  8

Optimize a model with 1 rows, 16 columns and 16 nonzeros (Min)
Model fingerprint: 0xf1ed4011
Model has 16 linear objective coefficients and an objective constant of -4.5265369993874025e+01
Model has 120 quadratic objective terms
Variable types: 0 continuous, 16 integer (16 binary)
Coefficient statistics:
  Matrix range     [1e+00, 1e+00]
  Objective range  [1e+01, 1e+01]
  QObjective range [2e+00, 4e+00]
  Bounds range     [1e+00, 1e+00]
  RHS range        [8e+00, 8e+00]
Found heuristic solution: objective 3.0570856
Variable types: 0 continuous, 136 integer (136 binary)

Root relaxation: objective -4.526537e+01, 6 iterations, 0.00 seconds (0.00 work units)

    Nodes    |    Current Node    |     Objective Bounds      |     Work
 Expl Unexpl |  Obj  Depth IntInf | Incumbent    BestBd   Gap | It/Node Time

     0     0  -45.26537    0   16    3.05709  -45.26537  1581%     -    0s
H    0     0                       2.3835721  -45.26537  1999%     -    0s
H    0     0                       0.7138343  -45.26537  6441%     -    0s
H    0     0                       0.5136725  -45.26537  8912%     -    0s
     0     0   -4.99927    0   16    0.51367   -4.99927  1073%     -    0s
     0     0   -4.88834    0   22    0.51367   -4.88834  1052%     -    0s
     0     0   -4.00889    0   40    0.51367   -4.00889   880%     -    0s
     0     0   -4.00835    0   40    0.51367   -4.00835   880%     -    0s
     0     2   -3.94786    0   40    0.51367   -3.94786   869%     -    0s

Cutting planes:
  MIR: 18
  RLT: 14

Explored 163 nodes (5149 simplex iterations) in 0.06 seconds (0.05 work units)
Thread count was 8 (of 96 available processors)

Solution count 4: 0.513672 0.713834 2.38357 3.05709 

Optimal solution found (tolerance 1.00e-06)
Best objective 5.136724918880e-01, best bound 5.136724918880e-01, gap 0.0000%

User-callback calls 426, time in user-callback 0.00 sec
