
Gurobi 13.0.0 (linux64) logging started Sun May  3 11:08:51 2026

Set parameter LogFile to value "logs/N=12_layers=3_presolve_on/N=12/seed=9/quantum_layers=3/baseline.log"
Set parameter MIPGap to value 1e-06
Set parameter Threads to value 8
Gurobi Optimizer version 13.0.0 build v13.0.0rc1 (linux64 - "Oracle Linux Server 9.7")

CPU model: AMD EPYC 7643 48-Core Processor, instruction set [SSE2|AVX|AVX2]
Thread count: 48 physical cores, 96 logical processors, using up to 8 threads

Non-default parameters:
MIPGap  1e-06
Threads  8

Optimize a model with 1 rows, 12 columns and 12 nonzeros (Min)
Model fingerprint: 0x3784e40b
Model has 12 linear objective coefficients and an objective constant of 2.0062840278001204e-12
Model has 66 quadratic objective terms
Variable types: 0 continuous, 12 integer (12 binary)
Coefficient statistics:
  Matrix range     [1e+00, 1e+00]
  Objective range  [9e+00, 1e+01]
  QObjective range [5e-02, 8e+00]
  Bounds range     [1e+00, 1e+00]
  RHS range        [6e+00, 6e+00]
Found heuristic solution: objective 38.4126910
Presolve time: 0.00s
Presolved: 67 rows, 78 columns, 210 nonzeros
Variable types: 0 continuous, 78 integer (78 binary)

Root relaxation: objective 2.008949e-12, 12 iterations, 0.00 seconds (0.00 work units)

    Nodes    |    Current Node    |     Objective Bounds      |     Work
 Expl Unexpl |  Obj  Depth IntInf | Incumbent    BestBd   Gap | It/Node Time

     0     0    0.00000    0   12   38.41269    0.00000   100%     -    0s
H    0     0                      36.2313946    0.00000   100%     -    0s
H    0     0                      31.3169437    0.00000   100%     -    0s
     0     0   20.25204    0   23   31.31694   20.25204  35.3%     -    0s
     0     0   23.03909    0   15   31.31694   23.03909  26.4%     -    0s
     0     0   25.80771    0   39   31.31694   25.80771  17.6%     -    0s
     0     0   25.93243    0   39   31.31694   25.93243  17.2%     -    0s
     0     2   25.93243    0   39   31.31694   25.93243  17.2%     -    0s

Cutting planes:
  Gomory: 1
  Cover: 1
  Dual implied bound: 17
  MIR: 11
  RLT: 7

Explored 27 nodes (722 simplex iterations) in 0.03 seconds (0.02 work units)
Thread count was 8 (of 96 available processors)

Solution count 3: 31.3169 36.2314 38.4127 

Optimal solution found (tolerance 1.00e-06)
Best objective 3.131694373390e+01, best bound 3.131694373390e+01, gap 0.0000%

User-callback calls 237, time in user-callback 0.00 sec
