
Gurobi 13.0.0 (linux64) logging started Tue Mar 31 15:12:47 2026

Set parameter LogFile to value "logs/N=16_layers=2_presolve_off/N=16/seed=7/n_qaoa_layers=2/precond_pen=0.600.log"
Set parameter MIPGap to value 1e-06
Set parameter Threads to value 8
Set parameter Presolve to value 0
Gurobi Optimizer version 13.0.0 build v13.0.0rc1 (linux64 - "Oracle Linux Server 9.7")

CPU model: AMD EPYC 7643 48-Core Processor, instruction set [SSE2|AVX|AVX2]
Thread count: 48 physical cores, 96 logical processors, using up to 8 threads

Non-default parameters:
MIPGap  1e-06
Presolve  0
Threads  8

Optimize a model with 1 rows, 16 columns and 16 nonzeros (Min)
Model fingerprint: 0x1ac59357
Model has 16 linear objective coefficients and an objective constant of 6.1192071533669985e+00
Model has 120 quadratic objective terms
Variable types: 0 continuous, 16 integer (16 binary)
Coefficient statistics:
  Matrix range     [1e+00, 1e+00]
  Objective range  [1e+00, 2e+00]
  QObjective range [1e-03, 3e+00]
  Bounds range     [1e+00, 1e+00]
  RHS range        [8e+00, 8e+00]
Found heuristic solution: objective -1.4699072
Variable types: 0 continuous, 136 integer (136 binary)

Root relaxation: objective -1.463850e+01, 28 iterations, 0.00 seconds (0.00 work units)

    Nodes    |    Current Node    |     Objective Bounds      |     Work
 Expl Unexpl |  Obj  Depth IntInf | Incumbent    BestBd   Gap | It/Node Time

     0     0  -14.63850    0   16   -1.46991  -14.63850   896%     -    0s
H    0     0                      -3.5048729  -14.63850   318%     -    0s
H    0     0                      -3.6508037  -14.63850   301%     -    0s
H    0     0                      -7.3297219  -14.63850   100%     -    0s
     0     0   -8.22585    0   65   -7.32972   -8.22585  12.2%     -    0s
     0     0   -8.08313    0   66   -7.32972   -8.08313  10.3%     -    0s

Cutting planes:
  Gomory: 6
  MIR: 82
  StrongCG: 4
  Zero half: 15
  RLT: 22
  BQP: 116

Explored 1 nodes (222 simplex iterations) in 0.03 seconds (0.02 work units)
Thread count was 8 (of 96 available processors)

Solution count 4: -7.32972 -3.6508 -3.50487 -1.46991 
No other solutions better than -7.32972

Optimal solution found (tolerance 1.00e-06)
Best objective -7.329721947199e+00, best bound -7.329721947199e+00, gap 0.0000%

User-callback calls 80, time in user-callback 0.00 sec
