
Gurobi 13.0.0 (linux64) logging started Sun Mar 22 16:50:39 2026

Set parameter LogFile to value "logs/N=12_presolve_on/N=12/seed=28/n_qaoa_layers=1/precond_pen=0.300.log"
Set parameter MIPGap to value 1e-06
Set parameter Threads to value 8
Gurobi Optimizer version 13.0.0 build v13.0.0rc1 (linux64 - "Oracle Linux Server 9.7")

CPU model: AMD EPYC 7643 48-Core Processor, instruction set [SSE2|AVX|AVX2]
Thread count: 48 physical cores, 96 logical processors, using up to 8 threads

Non-default parameters:
MIPGap  1e-06
Threads  8

Optimize a model with 1 rows, 12 columns and 12 nonzeros (Min)
Model fingerprint: 0x2d244624
Model has 12 linear objective coefficients and an objective constant of 9.6798645327700061e-01
Model has 66 quadratic objective terms
Variable types: 0 continuous, 12 integer (12 binary)
Coefficient statistics:
  Matrix range     [1e+00, 1e+00]
  Objective range  [3e-01, 2e+00]
  QObjective range [3e-02, 3e+00]
  Bounds range     [1e+00, 1e+00]
  RHS range        [6e+00, 6e+00]
Found heuristic solution: objective -2.9241805
Presolve time: 0.00s
Presolved: 67 rows, 78 columns, 210 nonzeros
Variable types: 0 continuous, 78 integer (78 binary)

Root relaxation: objective -1.020318e+01, 9 iterations, 0.00 seconds (0.00 work units)

    Nodes    |    Current Node    |     Objective Bounds      |     Work
 Expl Unexpl |  Obj  Depth IntInf | Incumbent    BestBd   Gap | It/Node Time

     0     0  -10.20318    0   12   -2.92418  -10.20318   249%     -    0s
H    0     0                      -3.9078816  -10.20318   161%     -    0s
H    0     0                      -4.8946064  -10.20318   108%     -    0s
     0     0   -5.31842    0   36   -4.89461   -5.31842  8.66%     -    0s

Cutting planes:
  Gomory: 8
  MIR: 42
  Flow cover: 14
  Zero half: 11
  RLT: 15
  BQP: 43

Explored 1 nodes (84 simplex iterations) in 0.01 seconds (0.01 work units)
Thread count was 8 (of 96 available processors)

Solution count 3: -4.89461 -3.90788 -2.92418 
No other solutions better than -4.89461

Optimal solution found (tolerance 1.00e-06)
Best objective -4.894606358645e+00, best bound -4.894606358645e+00, gap 0.0000%

User-callback calls 166, time in user-callback 0.00 sec
