
Gurobi 13.0.0 (linux64) logging started Sun Mar 22 16:50:39 2026

Set parameter LogFile to value "logs/N=12_presolve_on/N=12/seed=28/n_qaoa_layers=1/precond_pen=0.400.log"
Set parameter MIPGap to value 1e-06
Set parameter Threads to value 8
Gurobi Optimizer version 13.0.0 build v13.0.0rc1 (linux64 - "Oracle Linux Server 9.7")

CPU model: AMD EPYC 7643 48-Core Processor, instruction set [SSE2|AVX|AVX2]
Thread count: 48 physical cores, 96 logical processors, using up to 8 threads

Non-default parameters:
MIPGap  1e-06
Threads  8

Optimize a model with 1 rows, 12 columns and 12 nonzeros (Min)
Model fingerprint: 0xdee8b26b
Model has 12 linear objective coefficients and an objective constant of 3.8419778311169992e+00
Model has 66 quadratic objective terms
Variable types: 0 continuous, 12 integer (12 binary)
Coefficient statistics:
  Matrix range     [1e+00, 1e+00]
  Objective range  [2e-01, 2e+00]
  QObjective range [5e-03, 3e+00]
  Bounds range     [1e+00, 1e+00]
  RHS range        [6e+00, 6e+00]
Found heuristic solution: objective -2.7041948
Presolve time: 0.00s
Presolved: 67 rows, 78 columns, 210 nonzeros
Variable types: 0 continuous, 78 integer (78 binary)

Root relaxation: objective -8.751627e+00, 15 iterations, 0.00 seconds (0.00 work units)

    Nodes    |    Current Node    |     Objective Bounds      |     Work
 Expl Unexpl |  Obj  Depth IntInf | Incumbent    BestBd   Gap | It/Node Time

     0     0   -8.75163    0   12   -2.70419   -8.75163   224%     -    0s
H    0     0                      -2.9238831   -8.75163   199%     -    0s
H    0     0                      -3.0907646   -8.75163   183%     -    0s
H    0     0                      -4.2859200   -8.75163   104%     -    0s
     0     0   -4.28592    0   36   -4.28592   -4.28592  0.00%     -    0s

Cutting planes:
  Gomory: 1
  MIR: 19
  Zero half: 21
  RLT: 18
  BQP: 62

Explored 1 nodes (90 simplex iterations) in 0.01 seconds (0.00 work units)
Thread count was 8 (of 96 available processors)

Solution count 4: -4.28592 -3.09076 -2.92388 -2.70419 
No other solutions better than -4.28592

Optimal solution found (tolerance 1.00e-06)
Best objective -4.285919978519e+00, best bound -4.285919978519e+00, gap 0.0000%

User-callback calls 163, time in user-callback 0.00 sec
