
Gurobi 13.0.0 (linux64) logging started Sun Mar 22 16:50:39 2026

Set parameter LogFile to value "logs/N=12_presolve_on/N=12/seed=28/n_qaoa_layers=1/precond_pen=0.100.log"
Set parameter MIPGap to value 1e-06
Set parameter Threads to value 8
Gurobi Optimizer version 13.0.0 build v13.0.0rc1 (linux64 - "Oracle Linux Server 9.7")

CPU model: AMD EPYC 7643 48-Core Processor, instruction set [SSE2|AVX|AVX2]
Thread count: 48 physical cores, 96 logical processors, using up to 8 threads

Non-default parameters:
MIPGap  1e-06
Threads  8

Optimize a model with 1 rows, 12 columns and 12 nonzeros (Min)
Model fingerprint: 0x6d97f1a9
Model has 12 linear objective coefficients and an objective constant of -1.9799930962814003e+01
Model has 66 quadratic objective terms
Variable types: 0 continuous, 12 integer (12 binary)
Coefficient statistics:
  Matrix range     [1e+00, 1e+00]
  Objective range  [5e+00, 8e+00]
  QObjective range [6e-01, 4e+00]
  Bounds range     [1e+00, 1e+00]
  RHS range        [6e+00, 6e+00]
Found heuristic solution: objective 0.2603530
Presolve time: 0.00s
Presolved: 67 rows, 78 columns, 210 nonzeros
Variable types: 0 continuous, 78 integer (78 binary)

Root relaxation: objective -1.979993e+01, 6 iterations, 0.00 seconds (0.00 work units)

    Nodes    |    Current Node    |     Objective Bounds      |     Work
 Expl Unexpl |  Obj  Depth IntInf | Incumbent    BestBd   Gap | It/Node Time

     0     0  -19.79993    0   12    0.26035  -19.79993  7705%     -    0s
H    0     0                      -0.8830219  -19.79993  2142%     -    0s
     0     0   -5.13641    0   22   -0.88302   -5.13641   482%     -    0s
     0     0   -3.11546    0   42   -0.88302   -3.11546   253%     -    0s
     0     0   -3.11486    0   42   -0.88302   -3.11486   253%     -    0s
     0     2   -3.08437    0   42   -0.88302   -3.08437   249%     -    0s

Cutting planes:
  Gomory: 2
  Cover: 1
  Dual implied bound: 13
  MIR: 12
  RLT: 9

Explored 18 nodes (595 simplex iterations) in 0.03 seconds (0.02 work units)
Thread count was 8 (of 96 available processors)

Solution count 2: -0.883022 0.260353 

Optimal solution found (tolerance 1.00e-06)
Best objective -8.830219484980e-01, best bound -8.830219484980e-01, gap 0.0000%

User-callback calls 219, time in user-callback 0.00 sec
