
Gurobi 13.0.0 (linux64) logging started Sun May  3 11:09:00 2026

Set parameter LogFile to value "logs/N=12_layers=3_presolve_off/N=12/seed=40/quantum_layers=3/precond_pen=0.800.log"
Set parameter MIPGap to value 1e-06
Set parameter Threads to value 8
Set parameter Presolve to value 0
Gurobi Optimizer version 13.0.0 build v13.0.0rc1 (linux64 - "Oracle Linux Server 9.7")

CPU model: AMD EPYC 7643 48-Core Processor, instruction set [SSE2|AVX|AVX2]
Thread count: 48 physical cores, 96 logical processors, using up to 8 threads

Non-default parameters:
MIPGap  1e-06
Presolve  0
Threads  8

Optimize a model with 1 rows, 12 columns and 12 nonzeros (Min)
Model fingerprint: 0xc4e11fd4
Model has 12 linear objective coefficients and an objective constant of 5.310137875886
Model has 66 quadratic objective terms
Variable types: 0 continuous, 12 integer (12 binary)
Coefficient statistics:
  Matrix range     [1e+00, 1e+00]
  Objective range  [2e+00, 2e+00]
  QObjective range [3e-02, 3e+00]
  Bounds range     [1e+00, 1e+00]
  RHS range        [6e+00, 6e+00]
Found heuristic solution: objective -3.5184254
Variable types: 0 continuous, 78 integer (78 binary)

Root relaxation: objective -8.235770e+00, 19 iterations, 0.00 seconds (0.00 work units)

    Nodes    |    Current Node    |     Objective Bounds      |     Work
 Expl Unexpl |  Obj  Depth IntInf | Incumbent    BestBd   Gap | It/Node Time

     0     0   -8.23577    0   12   -3.51843   -8.23577   134%     -    0s
H    0     0                      -3.9660369   -8.23577   108%     -    0s
     0     0   -3.96604    0   39   -3.96604   -3.96604  0.00%     -    0s

Cutting planes:
  MIR: 26
  Zero half: 12
  RLT: 16
  BQP: 67

Explored 1 nodes (113 simplex iterations) in 0.01 seconds (0.00 work units)
Thread count was 8 (of 96 available processors)

Solution count 2: -3.96604 -3.51843 
No other solutions better than -3.96604

Optimal solution found (tolerance 1.00e-06)
Best objective -3.966036919570e+00, best bound -3.966036919570e+00, gap 0.0000%

User-callback calls 64, time in user-callback 0.00 sec
