
Gurobi 13.0.0 (linux64) logging started Sun May  3 11:08:58 2026

Set parameter LogFile to value "logs/N=12_layers=3_presolve_off/N=12/seed=27/quantum_layers=3/precond_pen=0.300.log"
Set parameter MIPGap to value 1e-06
Set parameter Threads to value 8
Set parameter Presolve to value 0
Gurobi Optimizer version 13.0.0 build v13.0.0rc1 (linux64 - "Oracle Linux Server 9.7")

CPU model: AMD EPYC 7643 48-Core Processor, instruction set [SSE2|AVX|AVX2]
Thread count: 48 physical cores, 96 logical processors, using up to 8 threads

Non-default parameters:
MIPGap  1e-06
Presolve  0
Threads  8

Optimize a model with 1 rows, 12 columns and 12 nonzeros (Min)
Model fingerprint: 0x1d403467
Model has 12 linear objective coefficients and an objective constant of 2.9984589876079988e+00
Model has 66 quadratic objective terms
Variable types: 0 continuous, 12 integer (12 binary)
Coefficient statistics:
  Matrix range     [1e+00, 1e+00]
  Objective range  [3e-03, 4e+00]
  QObjective range [5e-02, 6e+00]
  Bounds range     [1e+00, 1e+00]
  RHS range        [6e+00, 6e+00]
Found heuristic solution: objective 0.0937115
Variable types: 0 continuous, 78 integer (78 binary)

Root relaxation: objective -1.753115e+01, 6 iterations, 0.00 seconds (0.00 work units)

    Nodes    |    Current Node    |     Objective Bounds      |     Work
 Expl Unexpl |  Obj  Depth IntInf | Incumbent    BestBd   Gap | It/Node Time

     0     0  -17.53115    0   12    0.09371  -17.53115      -     -    0s
H    0     0                      -4.0021491  -17.53115   338%     -    0s
H    0     0                      -9.9998721  -17.53115  75.3%     -    0s
     0     0  -10.21741    0   33   -9.99987  -10.21741  2.18%     -    0s
     0     0   -9.99987    0   34   -9.99987   -9.99987  0.00%     -    0s

Cutting planes:
  Gomory: 1
  MIR: 14
  Zero half: 6
  RLT: 9
  BQP: 33

Explored 1 nodes (72 simplex iterations) in 0.01 seconds (0.00 work units)
Thread count was 8 (of 96 available processors)

Solution count 3: -9.99987 -4.00215 0.0937115 
No other solutions better than -9.99987

Optimal solution found (tolerance 1.00e-06)
Best objective -9.999872094048e+00, best bound -9.999872094048e+00, gap 0.0000%

User-callback calls 70, time in user-callback 0.00 sec
