
Gurobi 13.0.0 (linux64) logging started Sun May  3 11:06:40 2026

Set parameter LogFile to value "logs/N=12_layers=2_presolve_off/N=12/seed=18/quantum_layers=2/baseline.log"
Set parameter MIPGap to value 1e-06
Set parameter Threads to value 8
Set parameter Presolve to value 0
Gurobi Optimizer version 13.0.0 build v13.0.0rc1 (linux64 - "Oracle Linux Server 9.7")

CPU model: AMD EPYC 7643 48-Core Processor, instruction set [SSE2|AVX|AVX2]
Thread count: 48 physical cores, 96 logical processors, using up to 8 threads

Non-default parameters:
MIPGap  1e-06
Presolve  0
Threads  8

Optimize a model with 1 rows, 12 columns and 12 nonzeros (Min)
Model fingerprint: 0x1e6bcf0e
Model has 12 linear objective coefficients and an objective constant of 3.0048186161479862e-12
Model has 66 quadratic objective terms
Variable types: 0 continuous, 12 integer (12 binary)
Coefficient statistics:
  Matrix range     [1e+00, 1e+00]
  Objective range  [9e+00, 1e+01]
  QObjective range [6e-02, 8e+00]
  Bounds range     [1e+00, 1e+00]
  RHS range        [6e+00, 6e+00]
Found heuristic solution: objective 30.7198853
Variable types: 0 continuous, 78 integer (78 binary)

Root relaxation: objective 3.001266e-12, 8 iterations, 0.00 seconds (0.00 work units)

    Nodes    |    Current Node    |     Objective Bounds      |     Work
 Expl Unexpl |  Obj  Depth IntInf | Incumbent    BestBd   Gap | It/Node Time

     0     0    0.00000    0   12   30.71989    0.00000   100%     -    0s
H    0     0                      29.4620825    0.00000   100%     -    0s
     0     0   17.51616    0   16   29.46208   17.51616  40.5%     -    0s
     0     0   23.27456    0   33   29.46208   23.27456  21.0%     -    0s
     0     0   24.03335    0   34   29.46208   24.03335  18.4%     -    0s
     0     0   29.46208    0   62   29.46208   29.46208  0.00%     -    0s

Cutting planes:
  Gomory: 2
  Cover: 6
  MIR: 34
  StrongCG: 9
  Mod-K: 3
  RLT: 16

Explored 1 nodes (238 simplex iterations) in 0.03 seconds (0.02 work units)
Thread count was 8 (of 96 available processors)

Solution count 2: 29.4621 30.7199 

Optimal solution found (tolerance 1.00e-06)
Best objective 2.946208253648e+01, best bound 2.946208253648e+01, gap 0.0000%

User-callback calls 83, time in user-callback 0.00 sec
