
Gurobi 13.0.0 (linux64) logging started Tue Mar 31 15:06:55 2026

Set parameter LogFile to value "logs/N=12_layers=3_presolve_off/N=12/seed=5/n_qaoa_layers=3/precond_pen=0.700.log"
Set parameter MIPGap to value 1e-06
Set parameter Threads to value 8
Set parameter Presolve to value 0
Gurobi Optimizer version 13.0.0 build v13.0.0rc1 (linux64 - "Oracle Linux Server 9.7")

CPU model: AMD EPYC 7643 48-Core Processor, instruction set [SSE2|AVX|AVX2]
Thread count: 48 physical cores, 96 logical processors, using up to 8 threads

Non-default parameters:
MIPGap  1e-06
Presolve  0
Threads  8

Optimize a model with 1 rows, 12 columns and 12 nonzeros (Min)
Model fingerprint: 0xc539c771
Model has 12 linear objective coefficients and an objective constant of 4.988482838061
Model has 66 quadratic objective terms
Variable types: 0 continuous, 12 integer (12 binary)
Coefficient statistics:
  Matrix range     [1e+00, 1e+00]
  Objective range  [1e+00, 2e+00]
  QObjective range [2e-02, 4e+00]
  Bounds range     [1e+00, 1e+00]
  RHS range        [6e+00, 6e+00]
Found heuristic solution: objective -0.7967245
Variable types: 0 continuous, 78 integer (78 binary)

Root relaxation: objective -9.328058e+00, 18 iterations, 0.00 seconds (0.00 work units)

    Nodes    |    Current Node    |     Objective Bounds      |     Work
 Expl Unexpl |  Obj  Depth IntInf | Incumbent    BestBd   Gap | It/Node Time

     0     0   -9.32806    0   12   -0.79672   -9.32806  1071%     -    0s
H    0     0                      -1.5450127   -9.32806   504%     -    0s
H    0     0                      -1.7167078   -9.32806   443%     -    0s
H    0     0                      -1.9399359   -9.32806   381%     -    0s
H    0     0                      -4.7821905   -9.32806  95.1%     -    0s
     0     0   -4.78219    0   38   -4.78219   -4.78219  0.00%     -    0s

Cutting planes:
  Gomory: 1
  MIR: 28
  Zero half: 13
  RLT: 14
  BQP: 68

Explored 1 nodes (120 simplex iterations) in 0.01 seconds (0.00 work units)
Thread count was 8 (of 96 available processors)

Solution count 5: -4.78219 -1.93994 -1.71671 ... -0.796725
No other solutions better than -4.78219

Optimal solution found (tolerance 1.00e-06)
Best objective -4.782190487201e+00, best bound -4.782190487201e+00, gap 0.0000%

User-callback calls 71, time in user-callback 0.00 sec

Gurobi 13.0.0 (linux64) logging started Tue Mar 31 15:10:54 2026

Set parameter LogFile to value "logs/N=12_layers=3_presolve_off/N=12/seed=5/n_qaoa_layers=3/precond_pen=0.700.log"
Set parameter MIPGap to value 1e-06
Set parameter Threads to value 8
Set parameter Presolve to value 0
Gurobi Optimizer version 13.0.0 build v13.0.0rc1 (linux64 - "Oracle Linux Server 9.7")

CPU model: AMD EPYC 7643 48-Core Processor, instruction set [SSE2|AVX|AVX2]
Thread count: 48 physical cores, 96 logical processors, using up to 8 threads

Non-default parameters:
MIPGap  1e-06
Presolve  0
Threads  8

Optimize a model with 1 rows, 12 columns and 12 nonzeros (Min)
Model fingerprint: 0xc539c771
Model has 12 linear objective coefficients and an objective constant of 4.988482838061
Model has 66 quadratic objective terms
Variable types: 0 continuous, 12 integer (12 binary)
Coefficient statistics:
  Matrix range     [1e+00, 1e+00]
  Objective range  [1e+00, 2e+00]
  QObjective range [2e-02, 4e+00]
  Bounds range     [1e+00, 1e+00]
  RHS range        [6e+00, 6e+00]
Found heuristic solution: objective -0.7967245
Variable types: 0 continuous, 78 integer (78 binary)

Root relaxation: objective -9.328058e+00, 18 iterations, 0.00 seconds (0.00 work units)

    Nodes    |    Current Node    |     Objective Bounds      |     Work
 Expl Unexpl |  Obj  Depth IntInf | Incumbent    BestBd   Gap | It/Node Time

     0     0   -9.32806    0   12   -0.79672   -9.32806  1071%     -    0s
H    0     0                      -1.5450127   -9.32806   504%     -    0s
H    0     0                      -1.7167078   -9.32806   443%     -    0s
H    0     0                      -1.9399359   -9.32806   381%     -    0s
H    0     0                      -4.7821905   -9.32806  95.1%     -    0s
     0     0   -4.78219    0   38   -4.78219   -4.78219  0.00%     -    0s

Cutting planes:
  Gomory: 1
  MIR: 28
  Zero half: 13
  RLT: 14
  BQP: 68

Explored 1 nodes (120 simplex iterations) in 0.01 seconds (0.00 work units)
Thread count was 8 (of 96 available processors)

Solution count 5: -4.78219 -1.93994 -1.71671 ... -0.796725
No other solutions better than -4.78219

Optimal solution found (tolerance 1.00e-06)
Best objective -4.782190487201e+00, best bound -4.782190487201e+00, gap 0.0000%

User-callback calls 71, time in user-callback 0.00 sec
