
Gurobi 13.0.0 (linux64) logging started Sun May  3 11:06:39 2026

Set parameter LogFile to value "logs/N=12_layers=2_presolve_off/N=12/seed=11/quantum_layers=2/baseline.log"
Set parameter MIPGap to value 1e-06
Set parameter Threads to value 8
Set parameter Presolve to value 0
Gurobi Optimizer version 13.0.0 build v13.0.0rc1 (linux64 - "Oracle Linux Server 9.7")

CPU model: AMD EPYC 7643 48-Core Processor, instruction set [SSE2|AVX|AVX2]
Thread count: 48 physical cores, 96 logical processors, using up to 8 threads

Non-default parameters:
MIPGap  1e-06
Presolve  0
Threads  8

Optimize a model with 1 rows, 12 columns and 12 nonzeros (Min)
Model fingerprint: 0x84a5fb48
Model has 12 linear objective coefficients and an objective constant of 3.9995784462121264e-12
Model has 66 quadratic objective terms
Variable types: 0 continuous, 12 integer (12 binary)
Coefficient statistics:
  Matrix range     [1e+00, 1e+00]
  Objective range  [6e+00, 1e+01]
  QObjective range [1e-01, 8e+00]
  Bounds range     [1e+00, 1e+00]
  RHS range        [6e+00, 6e+00]
Found heuristic solution: objective 35.2743646
Variable types: 0 continuous, 78 integer (78 binary)

Root relaxation: objective 3.997802e-12, 5 iterations, 0.00 seconds (0.00 work units)

    Nodes    |    Current Node    |     Objective Bounds      |     Work
 Expl Unexpl |  Obj  Depth IntInf | Incumbent    BestBd   Gap | It/Node Time

     0     0    0.00000    0   12   35.27436    0.00000   100%     -    0s
H    0     0                      34.9136866    0.00000   100%     -    0s
H    0     0                      33.1454020    0.00000   100%     -    0s
H    0     0                      30.5146448    0.00000   100%     -    0s
H    0     0                      26.1055074    0.00000   100%     -    0s
     0     0   17.79365    0   17   26.10551   17.79365  31.8%     -    0s
     0     0   17.90892    0   21   26.10551   17.90892  31.4%     -    0s
     0     0   18.84439    0   22   26.10551   18.84439  27.8%     -    0s
     0     0   21.86402    0   43   26.10551   21.86402  16.2%     -    0s
     0     0   22.58943    0   48   26.10551   22.58943  13.5%     -    0s
     0     0   23.00020    0   46   26.10551   23.00020  11.9%     -    0s
     0     0   25.30136    0   63   26.10551   25.30136  3.08%     -    0s
     0     0   25.34339    0   63   26.10551   25.34339  2.92%     -    0s
     0     2   25.34339    0   63   26.10551   25.34339  2.92%     -    0s

Cutting planes:
  Gomory: 4
  MIR: 21
  StrongCG: 1
  Mod-K: 1
  RLT: 6

Explored 91 nodes (1948 simplex iterations) in 0.04 seconds (0.03 work units)
Thread count was 8 (of 96 available processors)

Solution count 5: 26.1055 30.5146 33.1454 ... 35.2744

Optimal solution found (tolerance 1.00e-06)
Best objective 2.610550738633e+01, best bound 2.610550738633e+01, gap 0.0000%

User-callback calls 301, time in user-callback 0.00 sec
