
Gurobi 13.0.0 (linux64) logging started Sun May  3 11:06:37 2026

Set parameter LogFile to value "logs/N=12_layers=2_presolve_on/N=12/seed=37/quantum_layers=2/baseline.log"
Set parameter MIPGap to value 1e-06
Set parameter Threads to value 8
Gurobi Optimizer version 13.0.0 build v13.0.0rc1 (linux64 - "Oracle Linux Server 9.7")

CPU model: AMD EPYC 7643 48-Core Processor, instruction set [SSE2|AVX|AVX2]
Thread count: 48 physical cores, 96 logical processors, using up to 8 threads

Non-default parameters:
MIPGap  1e-06
Threads  8

Optimize a model with 1 rows, 12 columns and 12 nonzeros (Min)
Model fingerprint: 0x2db0adbe
Model has 12 linear objective coefficients and an objective constant of 2.9992675010248604e-12
Model has 66 quadratic objective terms
Variable types: 0 continuous, 12 integer (12 binary)
Coefficient statistics:
  Matrix range     [1e+00, 1e+00]
  Objective range  [7e+00, 2e+01]
  QObjective range [4e-02, 8e+00]
  Bounds range     [1e+00, 1e+00]
  RHS range        [6e+00, 6e+00]
Found heuristic solution: objective 31.2484787
Presolve time: 0.00s
Presolved: 67 rows, 78 columns, 210 nonzeros
Variable types: 0 continuous, 78 integer (78 binary)

Root relaxation: objective 2.999268e-12, 7 iterations, 0.00 seconds (0.00 work units)

    Nodes    |    Current Node    |     Objective Bounds      |     Work
 Expl Unexpl |  Obj  Depth IntInf | Incumbent    BestBd   Gap | It/Node Time

     0     0    0.00000    0   12   31.24848    0.00000   100%     -    0s
H    0     0                      29.1130631    0.00000   100%     -    0s
H    0     0                      28.7455143    0.00000   100%     -    0s
H    0     0                      28.5748709   17.56990  38.5%     -    0s
H    0     0                      26.9521185   17.56990  34.8%     -    0s
     0     0   17.56990    0   18   26.95212   17.56990  34.8%     -    0s
     0     0   21.70126    0   46   26.95212   21.70126  19.5%     -    0s
     0     0   21.74519    0   46   26.95212   21.74519  19.3%     -    0s
     0     2   21.74519    0   46   26.95212   21.74519  19.3%     -    0s

Cutting planes:
  Gomory: 3
  Dual implied bound: 18
  MIR: 8
  RLT: 7

Explored 60 nodes (1053 simplex iterations) in 0.03 seconds (0.02 work units)
Thread count was 8 (of 96 available processors)

Solution count 5: 26.9521 28.5749 28.7455 ... 31.2485

Optimal solution found (tolerance 1.00e-06)
Best objective 2.695211849392e+01, best bound 2.695211849392e+01, gap 0.0000%

User-callback calls 304, time in user-callback 0.00 sec
