
Gurobi 13.0.0 (linux64) logging started Tue Mar 31 15:05:18 2026

Set parameter LogFile to value "logs/N=12_layers=2_presolve_off/N=12/seed=14/n_qaoa_layers=2/precond_pen=0.600.log"
Set parameter MIPGap to value 1e-06
Set parameter Threads to value 8
Set parameter Presolve to value 0
Gurobi Optimizer version 13.0.0 build v13.0.0rc1 (linux64 - "Oracle Linux Server 9.7")

CPU model: AMD EPYC 7643 48-Core Processor, instruction set [SSE2|AVX|AVX2]
Thread count: 48 physical cores, 96 logical processors, using up to 8 threads

Non-default parameters:
MIPGap  1e-06
Presolve  0
Threads  8

Optimize a model with 1 rows, 12 columns and 12 nonzeros (Min)
Model fingerprint: 0x38fdd8df
Model has 12 linear objective coefficients and an objective constant of 4.2847788136379990e+00
Model has 66 quadratic objective terms
Variable types: 0 continuous, 12 integer (12 binary)
Coefficient statistics:
  Matrix range     [1e+00, 1e+00]
  Objective range  [1e+00, 2e+00]
  QObjective range [5e-03, 3e+00]
  Bounds range     [1e+00, 1e+00]
  RHS range        [6e+00, 6e+00]
Found heuristic solution: objective -1.0183290
Variable types: 0 continuous, 78 integer (78 binary)

Root relaxation: objective -9.367404e+00, 11 iterations, 0.00 seconds (0.00 work units)

    Nodes    |    Current Node    |     Objective Bounds      |     Work
 Expl Unexpl |  Obj  Depth IntInf | Incumbent    BestBd   Gap | It/Node Time

     0     0   -9.36740    0   12   -1.01833   -9.36740   820%     -    0s
H    0     0                      -1.4302301   -9.36740   555%     -    0s
H    0     0                      -5.8390848   -9.36740  60.4%     -    0s
H    0     0                      -6.5127227   -9.36740  43.8%     -    0s

Cutting planes:
  Gomory: 1
  MIR: 17
  Zero half: 15
  RLT: 14
  BQP: 54

Explored 1 nodes (11 simplex iterations) in 0.01 seconds (0.00 work units)
Thread count was 8 (of 96 available processors)

Solution count 4: -6.51272 -5.83908 -1.43023 -1.01833 
No other solutions better than -6.51272

Optimal solution found (tolerance 1.00e-06)
Best objective -6.512722724726e+00, best bound -6.512722724726e+00, gap 0.0000%

User-callback calls 64, time in user-callback 0.00 sec
