
Gurobi 13.0.0 (linux64) logging started Sun May  3 11:04:28 2026

Set parameter LogFile to value "logs/N=12_layers=1_presolve_off/N=12/seed=20/quantum_layers=1/precond_pen=1.000.log"
Set parameter MIPGap to value 1e-06
Set parameter Threads to value 8
Set parameter Presolve to value 0
Gurobi Optimizer version 13.0.0 build v13.0.0rc1 (linux64 - "Oracle Linux Server 9.7")

CPU model: AMD EPYC 7643 48-Core Processor, instruction set [SSE2|AVX|AVX2]
Thread count: 48 physical cores, 96 logical processors, using up to 8 threads

Non-default parameters:
MIPGap  1e-06
Presolve  0
Threads  8

Optimize a model with 1 rows, 12 columns and 12 nonzeros (Min)
Model fingerprint: 0xc59a396f
Model has 12 linear objective coefficients and an objective constant of 4.9178834127760016e+00
Model has 66 quadratic objective terms
Variable types: 0 continuous, 12 integer (12 binary)
Coefficient statistics:
  Matrix range     [1e+00, 1e+00]
  Objective range  [1e+00, 2e+00]
  QObjective range [2e-01, 9e-01]
  Bounds range     [1e+00, 1e+00]
  RHS range        [6e+00, 6e+00]
Found heuristic solution: objective -0.1892557
Variable types: 0 continuous, 78 integer (78 binary)

Root relaxation: objective -4.917883e+00, 17 iterations, 0.00 seconds (0.00 work units)

    Nodes    |    Current Node    |     Objective Bounds      |     Work
 Expl Unexpl |  Obj  Depth IntInf | Incumbent    BestBd   Gap | It/Node Time

     0     0   -4.91788    0   12   -0.18926   -4.91788  2499%     -    0s
H    0     0                      -0.3862301   -4.91788  1173%     -    0s
H    0     0                      -0.4348457   -4.91788  1031%     -    0s
H    0     0                      -0.5004831   -4.91788   883%     -    0s
H    0     0                      -1.0390894   -4.91788   373%     -    0s
     0     0     cutoff    0        -1.03909   -1.03909  0.00%     -    0s

Cutting planes:
  MIR: 52
  Zero half: 23
  RLT: 24
  BQP: 148

Explored 1 nodes (277 simplex iterations) in 0.01 seconds (0.01 work units)
Thread count was 8 (of 96 available processors)

Solution count 5: -1.03909 -0.500483 -0.434846 ... -0.189256
No other solutions better than -1.03909

Optimal solution found (tolerance 1.00e-06)
Best objective -1.039089351414e+00, best bound -1.039089351414e+00, gap 0.0000%

User-callback calls 70, time in user-callback 0.00 sec
