
Gurobi 13.0.0 (linux64) logging started Sun May  3 11:04:28 2026

Set parameter LogFile to value "logs/N=12_layers=1_presolve_off/N=12/seed=20/quantum_layers=1/precond_pen=0.700.log"
Set parameter MIPGap to value 1e-06
Set parameter Threads to value 8
Set parameter Presolve to value 0
Gurobi Optimizer version 13.0.0 build v13.0.0rc1 (linux64 - "Oracle Linux Server 9.7")

CPU model: AMD EPYC 7643 48-Core Processor, instruction set [SSE2|AVX|AVX2]
Thread count: 48 physical cores, 96 logical processors, using up to 8 threads

Non-default parameters:
MIPGap  1e-06
Presolve  0
Threads  8

Optimize a model with 1 rows, 12 columns and 12 nonzeros (Min)
Model fingerprint: 0x84b1cb73
Model has 12 linear objective coefficients and an objective constant of 4.8821963609899992e+00
Model has 66 quadratic objective terms
Variable types: 0 continuous, 12 integer (12 binary)
Coefficient statistics:
  Matrix range     [1e+00, 1e+00]
  Objective range  [1e+00, 2e+00]
  QObjective range [4e-02, 1e+00]
  Bounds range     [1e+00, 1e+00]
  RHS range        [6e+00, 6e+00]
Found heuristic solution: objective -0.0191470
Variable types: 0 continuous, 78 integer (78 binary)

Root relaxation: objective -4.901107e+00, 16 iterations, 0.00 seconds (0.00 work units)

    Nodes    |    Current Node    |     Objective Bounds      |     Work
 Expl Unexpl |  Obj  Depth IntInf | Incumbent    BestBd   Gap | It/Node Time

     0     0   -4.90111    0   12   -0.01915   -4.90111      -     -    0s
H    0     0                      -0.5939499   -4.90111   725%     -    0s
H    0     0                      -0.5979310   -4.90111   720%     -    0s
H    0     0                      -0.7159282   -4.90111   585%     -    0s
H    0     0                      -1.4295223   -4.90111   243%     -    0s
     0     0     cutoff    0        -1.42952   -1.42952  0.00%     -    0s

Cutting planes:
  Gomory: 1
  MIR: 45
  Zero half: 23
  RLT: 27
  BQP: 141

Explored 1 nodes (173 simplex iterations) in 0.01 seconds (0.01 work units)
Thread count was 8 (of 96 available processors)

Solution count 5: -1.42952 -0.715928 -0.597931 ... -0.019147
No other solutions better than -1.42952

Optimal solution found (tolerance 1.00e-06)
Best objective -1.429522250050e+00, best bound -1.429522250050e+00, gap 0.0000%

User-callback calls 71, time in user-callback 0.00 sec
