
Gurobi 13.0.0 (linux64) logging started Tue Mar 31 15:05:13 2026

Set parameter LogFile to value "logs/N=12_layers=2_presolve_on/N=12/seed=14/n_qaoa_layers=2/precond_pen=1.000.log"
Set parameter MIPGap to value 1e-06
Set parameter Threads to value 8
Gurobi Optimizer version 13.0.0 build v13.0.0rc1 (linux64 - "Oracle Linux Server 9.7")

CPU model: AMD EPYC 7643 48-Core Processor, instruction set [SSE2|AVX|AVX2]
Thread count: 48 physical cores, 96 logical processors, using up to 8 threads

Non-default parameters:
MIPGap  1e-06
Threads  8

Optimize a model with 1 rows, 12 columns and 12 nonzeros (Min)
Model fingerprint: 0x18f36c7d
Model has 12 linear objective coefficients and an objective constant of 5.3727237915860027e+00
Model has 66 quadratic objective terms
Variable types: 0 continuous, 12 integer (12 binary)
Coefficient statistics:
  Matrix range     [1e+00, 1e+00]
  Objective range  [2e+00, 2e+00]
  QObjective range [4e-03, 1e+00]
  Bounds range     [1e+00, 1e+00]
  RHS range        [6e+00, 6e+00]
Found heuristic solution: objective -0.7146823
Presolve time: 0.00s
Presolved: 67 rows, 78 columns, 210 nonzeros
Variable types: 0 continuous, 78 integer (78 binary)

Root relaxation: objective -5.379072e+00, 24 iterations, 0.00 seconds (0.00 work units)

    Nodes    |    Current Node    |     Objective Bounds      |     Work
 Expl Unexpl |  Obj  Depth IntInf | Incumbent    BestBd   Gap | It/Node Time

     0     0   -5.37907    0   12   -0.71468   -5.37907   653%     -    0s
H    0     0                      -1.3949357   -5.37907   286%     -    0s
H    0     0                      -1.8568480   -5.37907   190%     -    0s
H    0     0                      -1.9563310   -5.37907   175%     -    0s
     0     0     cutoff    0        -1.95633   -1.95633  0.00%     -    0s

Cutting planes:
  Gomory: 1
  MIR: 42
  Zero half: 24
  RLT: 26
  BQP: 135

Explored 1 nodes (120 simplex iterations) in 0.01 seconds (0.00 work units)
Thread count was 8 (of 96 available processors)

Solution count 4: -1.95633 -1.85685 -1.39494 -0.714682 
No other solutions better than -1.95633

Optimal solution found (tolerance 1.00e-06)
Best objective -1.956330988340e+00, best bound -1.956330988340e+00, gap 0.0000%

User-callback calls 164, time in user-callback 0.00 sec
