
Gurobi 13.0.0 (linux64) logging started Tue Mar 31 15:12:44 2026

Set parameter LogFile to value "logs/N=16_layers=2_presolve_on/N=16/seed=46/n_qaoa_layers=2/precond_pen=0.800.log"
Set parameter MIPGap to value 1e-06
Set parameter Threads to value 8
Gurobi Optimizer version 13.0.0 build v13.0.0rc1 (linux64 - "Oracle Linux Server 9.7")

CPU model: AMD EPYC 7643 48-Core Processor, instruction set [SSE2|AVX|AVX2]
Thread count: 48 physical cores, 96 logical processors, using up to 8 threads

Non-default parameters:
MIPGap  1e-06
Threads  8

Optimize a model with 1 rows, 16 columns and 16 nonzeros (Min)
Model fingerprint: 0xcc34b020
Model has 16 linear objective coefficients and an objective constant of 6.5877374069479995e+00
Model has 120 quadratic objective terms
Variable types: 0 continuous, 16 integer (16 binary)
Coefficient statistics:
  Matrix range     [1e+00, 1e+00]
  Objective range  [1e+00, 2e+00]
  QObjective range [3e-03, 2e+00]
  Bounds range     [1e+00, 1e+00]
  RHS range        [8e+00, 8e+00]
Found heuristic solution: objective -0.1265077
Presolve time: 0.00s
Presolved: 121 rows, 136 columns, 376 nonzeros
Variable types: 0 continuous, 136 integer (136 binary)

Root relaxation: objective -9.413238e+00, 33 iterations, 0.00 seconds (0.00 work units)

    Nodes    |    Current Node    |     Objective Bounds      |     Work
 Expl Unexpl |  Obj  Depth IntInf | Incumbent    BestBd   Gap | It/Node Time

     0     0   -9.41324    0   16   -0.12651   -9.41324  7341%     -    0s
H    0     0                      -1.0265905   -9.41324   817%     -    0s
H    0     0                      -2.5649587   -9.41324   267%     -    0s
H    0     0                      -3.8963691   -9.41324   142%     -    0s
     0     0   -4.07071    0   88   -3.89637   -4.07071  4.47%     -    0s

Cutting planes:
  Gomory: 13
  Clique: 2
  MIR: 80
  Flow cover: 12
  Zero half: 11
  RLT: 22
  BQP: 119

Explored 1 nodes (276 simplex iterations) in 0.03 seconds (0.02 work units)
Thread count was 8 (of 96 available processors)

Solution count 4: -3.89637 -2.56496 -1.02659 -0.126508 
No other solutions better than -3.89637

Optimal solution found (tolerance 1.00e-06)
Best objective -3.896369128298e+00, best bound -3.896369128298e+00, gap 0.0000%

User-callback calls 173, time in user-callback 0.00 sec
