
Gurobi 13.0.0 (linux64) logging started Tue Mar 31 15:12:43 2026

Set parameter LogFile to value "logs/N=16_layers=2_presolve_on/N=16/seed=46/n_qaoa_layers=2/precond_pen=0.700.log"
Set parameter MIPGap to value 1e-06
Set parameter Threads to value 8
Gurobi Optimizer version 13.0.0 build v13.0.0rc1 (linux64 - "Oracle Linux Server 9.7")

CPU model: AMD EPYC 7643 48-Core Processor, instruction set [SSE2|AVX|AVX2]
Thread count: 48 physical cores, 96 logical processors, using up to 8 threads

Non-default parameters:
MIPGap  1e-06
Threads  8

Optimize a model with 1 rows, 16 columns and 16 nonzeros (Min)
Model fingerprint: 0x96636cbc
Model has 16 linear objective coefficients and an objective constant of 6.4279567759850025e+00
Model has 120 quadratic objective terms
Variable types: 0 continuous, 16 integer (16 binary)
Coefficient statistics:
  Matrix range     [1e+00, 1e+00]
  Objective range  [1e+00, 2e+00]
  QObjective range [9e-03, 2e+00]
  Bounds range     [1e+00, 1e+00]
  RHS range        [8e+00, 8e+00]
Found heuristic solution: objective -0.0194641
Presolve time: 0.00s
Presolved: 121 rows, 136 columns, 376 nonzeros
Variable types: 0 continuous, 136 integer (136 binary)

Root relaxation: objective -1.097760e+01, 40 iterations, 0.00 seconds (0.00 work units)

    Nodes    |    Current Node    |     Objective Bounds      |     Work
 Expl Unexpl |  Obj  Depth IntInf | Incumbent    BestBd   Gap | It/Node Time

     0     0  -10.97760    0   16   -0.01946  -10.97760      -     -    0s
H    0     0                      -0.7757838  -10.97760  1315%     -    0s
H    0     0                      -1.0670136  -10.97760   929%     -    0s
H    0     0                      -4.5144644  -10.97760   143%     -    0s
     0     0   -5.03133    0   89   -4.51446   -5.03133  11.4%     -    0s
H    0     0                      -4.8130400   -5.03133  4.54%     -    0s

Cutting planes:
  Gomory: 17
  MIR: 89
  StrongCG: 1
  Flow cover: 3
  Zero half: 19
  RLT: 19
  BQP: 101

Explored 1 nodes (303 simplex iterations) in 0.03 seconds (0.02 work units)
Thread count was 8 (of 96 available processors)

Solution count 5: -4.81304 -4.51446 -1.06701 ... -0.0194641
No other solutions better than -4.81304

Optimal solution found (tolerance 1.00e-06)
Best objective -4.813040048053e+00, best bound -4.813040048053e+00, gap 0.0000%

User-callback calls 175, time in user-callback 0.00 sec
