
Gurobi 13.0.0 (linux64) logging started Tue Mar 31 15:12:43 2026

Set parameter LogFile to value "logs/N=16_layers=2_presolve_on/N=16/seed=46/n_qaoa_layers=2/precond_pen=0.200.log"
Set parameter MIPGap to value 1e-06
Set parameter Threads to value 8
Gurobi Optimizer version 13.0.0 build v13.0.0rc1 (linux64 - "Oracle Linux Server 9.7")

CPU model: AMD EPYC 7643 48-Core Processor, instruction set [SSE2|AVX|AVX2]
Thread count: 48 physical cores, 96 logical processors, using up to 8 threads

Non-default parameters:
MIPGap  1e-06
Threads  8

Optimize a model with 1 rows, 16 columns and 16 nonzeros (Min)
Model fingerprint: 0x70ee5a67
Model has 16 linear objective coefficients and an objective constant of -1.1438252974479997e+01
Model has 120 quadratic objective terms
Variable types: 0 continuous, 16 integer (16 binary)
Coefficient statistics:
  Matrix range     [1e+00, 1e+00]
  Objective range  [9e-02, 6e+00]
  QObjective range [1e-02, 5e+00]
  Bounds range     [1e+00, 1e+00]
  RHS range        [8e+00, 8e+00]
Found heuristic solution: objective 2.0007562
Presolve time: 0.00s
Presolved: 121 rows, 136 columns, 376 nonzeros
Variable types: 0 continuous, 136 integer (136 binary)

Root relaxation: objective -2.428217e+01, 21 iterations, 0.00 seconds (0.00 work units)

    Nodes    |    Current Node    |     Objective Bounds      |     Work
 Expl Unexpl |  Obj  Depth IntInf | Incumbent    BestBd   Gap | It/Node Time

     0     0  -24.28217    0   16    2.00076  -24.28217  1314%     -    0s
H    0     0                      -5.1522270  -24.28217   371%     -    0s
H    0     0                      -9.5383765  -24.28217   155%     -    0s
     0     0  -13.20269    0   79   -9.53838  -13.20269  38.4%     -    0s
     0     0  -12.37413    0   85   -9.53838  -12.37413  29.7%     -    0s
     0     0   -9.53838    0   87   -9.53838   -9.53838  0.00%     -    0s

Cutting planes:
  Gomory: 8
  Cover: 1
  Dual implied bound: 4
  MIR: 37
  Zero half: 32
  RLT: 28
  BQP: 49

Explored 1 nodes (431 simplex iterations) in 0.03 seconds (0.02 work units)
Thread count was 8 (of 96 available processors)

Solution count 3: -9.53838 -5.15223 2.00076 
No other solutions better than -9.53838

Optimal solution found (tolerance 1.00e-06)
Best objective -9.538376543896e+00, best bound -9.538376543896e+00, gap 0.0000%

User-callback calls 181, time in user-callback 0.00 sec
