
Gurobi 13.0.0 (linux64) logging started Sun Mar 22 16:50:35 2026

Set parameter LogFile to value "logs/N=12_presolve_on/N=12/seed=6/n_qaoa_layers=1/precond_pen=0.100.log"
Set parameter MIPGap to value 1e-06
Set parameter Threads to value 8
Gurobi Optimizer version 13.0.0 build v13.0.0rc1 (linux64 - "Oracle Linux Server 9.7")

CPU model: AMD EPYC 7643 48-Core Processor, instruction set [SSE2|AVX|AVX2]
Thread count: 48 physical cores, 96 logical processors, using up to 8 threads

Non-default parameters:
MIPGap  1e-06
Threads  8

Optimize a model with 1 rows, 12 columns and 12 nonzeros (Min)
Model fingerprint: 0xed6918f2
Model has 12 linear objective coefficients and an objective constant of -1.7559326182628006e+01
Model has 66 quadratic objective terms
Variable types: 0 continuous, 12 integer (12 binary)
Coefficient statistics:
  Matrix range     [1e+00, 1e+00]
  Objective range  [5e+00, 7e+00]
  QObjective range [1e-01, 4e+00]
  Bounds range     [1e+00, 1e+00]
  RHS range        [6e+00, 6e+00]
Found heuristic solution: objective 0.9944785
Presolve time: 0.00s
Presolved: 67 rows, 78 columns, 210 nonzeros
Variable types: 0 continuous, 78 integer (78 binary)

Root relaxation: objective -1.755933e+01, 7 iterations, 0.00 seconds (0.00 work units)

    Nodes    |    Current Node    |     Objective Bounds      |     Work
 Expl Unexpl |  Obj  Depth IntInf | Incumbent    BestBd   Gap | It/Node Time

     0     0  -17.55933    0   12    0.99448  -17.55933  1866%     -    0s
H    0     0                      -5.1767928  -17.55933   239%     -    0s
     0     0   -7.85621    0   12   -5.17679   -7.85621  51.8%     -    0s
     0     0   -7.57878    0   12   -5.17679   -7.57878  46.4%     -    0s
     0     0   -7.55785    0   18   -5.17679   -7.55785  46.0%     -    0s

Cutting planes:
  Gomory: 1
  Cover: 2
  Dual implied bound: 15
  MIR: 20
  StrongCG: 5
  Mod-K: 1
  RLT: 10

Explored 1 nodes (39 simplex iterations) in 0.01 seconds (0.01 work units)
Thread count was 8 (of 96 available processors)

Solution count 2: -5.17679 0.994479 
No other solutions better than -5.17679

Optimal solution found (tolerance 1.00e-06)
Best objective -5.176792763354e+00, best bound -5.176792763354e+00, gap 0.0000%

User-callback calls 171, time in user-callback 0.00 sec
