
Gurobi 13.0.0 (linux64) logging started Sun Mar 22 16:50:35 2026

Set parameter LogFile to value "logs/N=12_presolve_on/N=12/seed=6/n_qaoa_layers=1/precond_pen=0.400.log"
Set parameter MIPGap to value 1e-06
Set parameter Threads to value 8
Gurobi Optimizer version 13.0.0 build v13.0.0rc1 (linux64 - "Oracle Linux Server 9.7")

CPU model: AMD EPYC 7643 48-Core Processor, instruction set [SSE2|AVX|AVX2]
Thread count: 48 physical cores, 96 logical processors, using up to 8 threads

Non-default parameters:
MIPGap  1e-06
Threads  8

Optimize a model with 1 rows, 12 columns and 12 nonzeros (Min)
Model fingerprint: 0x650d9f44
Model has 12 linear objective coefficients and an objective constant of 3.9229237972460012e+00
Model has 66 quadratic objective terms
Variable types: 0 continuous, 12 integer (12 binary)
Coefficient statistics:
  Matrix range     [1e+00, 1e+00]
  Objective range  [7e-01, 2e+00]
  QObjective range [3e-03, 3e+00]
  Bounds range     [1e+00, 1e+00]
  RHS range        [6e+00, 6e+00]
Found heuristic solution: objective -1.1163002
Presolve time: 0.00s
Presolved: 67 rows, 78 columns, 210 nonzeros
Variable types: 0 continuous, 78 integer (78 binary)

Root relaxation: objective -9.153780e+00, 16 iterations, 0.00 seconds (0.00 work units)

    Nodes    |    Current Node    |     Objective Bounds      |     Work
 Expl Unexpl |  Obj  Depth IntInf | Incumbent    BestBd   Gap | It/Node Time

     0     0   -9.15378    0   12   -1.11630   -9.15378   720%     -    0s
H    0     0                      -2.3910703   -9.15378   283%     -    0s
H    0     0                      -2.7665136   -9.15378   231%     -    0s
H    0     0                      -7.4176196   -9.15378  23.4%     -    0s

Cutting planes:
  Gomory: 1
  MIR: 18
  Zero half: 10
  RLT: 20
  BQP: 52

Explored 1 nodes (16 simplex iterations) in 0.01 seconds (0.00 work units)
Thread count was 8 (of 96 available processors)

Solution count 4: -7.41762 -2.76651 -2.39107 -1.1163 
No other solutions better than -7.41762

Optimal solution found (tolerance 1.00e-06)
Best objective -7.417619633600e+00, best bound -7.417619633600e+00, gap 0.0000%

User-callback calls 159, time in user-callback 0.00 sec
