
Gurobi 13.0.0 (linux64) logging started Sun May  3 10:53:46 2026

Set parameter LogFile to value "logs/N=16_layers=1_presolve_on/N=16/seed=14/quantum_layers=1/precond_pen=0.800.log"
Set parameter MIPGap to value 1e-06
Set parameter Threads to value 8
Gurobi Optimizer version 13.0.0 build v13.0.0rc1 (linux64 - "Oracle Linux Server 9.7")

CPU model: AMD EPYC 7643 48-Core Processor, instruction set [SSE2|AVX|AVX2]
Thread count: 48 physical cores, 96 logical processors, using up to 8 threads

Non-default parameters:
MIPGap  1e-06
Threads  8

Optimize a model with 1 rows, 16 columns and 16 nonzeros (Min)
Model fingerprint: 0x8bb3b3df
Model has 16 linear objective coefficients and an objective constant of 6.743801581523
Model has 120 quadratic objective terms
Variable types: 0 continuous, 16 integer (16 binary)
Coefficient statistics:
  Matrix range     [1e+00, 1e+00]
  Objective range  [2e+00, 2e+00]
  QObjective range [6e-02, 9e-01]
  Bounds range     [1e+00, 1e+00]
  RHS range        [8e+00, 8e+00]
Found heuristic solution: objective -0.4390248
Presolve time: 0.00s
Presolved: 121 rows, 136 columns, 376 nonzeros
Variable types: 0 continuous, 136 integer (136 binary)

Root relaxation: objective -6.743802e+00, 65 iterations, 0.00 seconds (0.00 work units)

    Nodes    |    Current Node    |     Objective Bounds      |     Work
 Expl Unexpl |  Obj  Depth IntInf | Incumbent    BestBd   Gap | It/Node Time

     0     0   -6.74380    0   16   -0.43902   -6.74380  1436%     -    0s
H    0     0                      -0.6372006   -6.74380   958%     -    0s
H    0     0                      -0.7520547   -6.74380   797%     -    0s
H    0     0                      -0.8228341   -6.74380   720%     -    0s
H    0     0                      -1.4794715   -6.74380   356%     -    0s
     0     0   -1.74824    0  124   -1.47947   -1.74824  18.2%     -    0s
H    0     0                      -1.5376040   -1.62865  5.92%     -    0s
     0     0   -1.62415    0  109   -1.53760   -1.62415  5.63%     -    0s
     0     0   -1.61191    0  109   -1.53760   -1.61191  4.83%     -    0s
     0     0   -1.61191    0  109   -1.53760   -1.61191  4.83%     -    0s
     0     2   -1.61191    0  109   -1.53760   -1.61191  4.83%     -    0s
*    1     0               1      -1.5593523   -1.61191  3.37%  96.0    0s

Cutting planes:
  Gomory: 1
  Dual implied bound: 7
  MIR: 63
  StrongCG: 2
  Zero half: 14
  RLT: 31
  BQP: 213

Explored 3 nodes (1126 simplex iterations) in 0.12 seconds (0.09 work units)
Thread count was 8 (of 96 available processors)

Solution count 7: -1.55935 -1.5376 -1.47947 ... -0.439025
No other solutions better than -1.55935

Optimal solution found (tolerance 1.00e-06)
Best objective -1.559352271051e+00, best bound -1.559352271051e+00, gap 0.0000%

User-callback calls 217, time in user-callback 0.00 sec
