
Gurobi 13.0.0 (linux64) logging started Tue Mar 31 15:13:59 2026

Set parameter LogFile to value "logs/N=16_layers=3_presolve_off/N=16/seed=0/n_qaoa_layers=3/precond_pen=0.200.log"
Set parameter MIPGap to value 1e-06
Set parameter Threads to value 8
Set parameter Presolve to value 0
Gurobi Optimizer version 13.0.0 build v13.0.0rc1 (linux64 - "Oracle Linux Server 9.7")

CPU model: AMD EPYC 7643 48-Core Processor, instruction set [SSE2|AVX|AVX2]
Thread count: 48 physical cores, 96 logical processors, using up to 8 threads

Non-default parameters:
MIPGap  1e-06
Presolve  0
Threads  8

Optimize a model with 1 rows, 16 columns and 16 nonzeros (Min)
Model fingerprint: 0x33db0500
Model has 16 linear objective coefficients and an objective constant of -3.0026478230122990e+01
Model has 120 quadratic objective terms
Variable types: 0 continuous, 16 integer (16 binary)
Coefficient statistics:
  Matrix range     [1e+00, 1e+00]
  Objective range  [5e+00, 1e+01]
  QObjective range [6e-03, 7e+00]
  Bounds range     [1e+00, 1e+00]
  RHS range        [8e+00, 8e+00]
Found heuristic solution: objective 3.2671531
Variable types: 0 continuous, 136 integer (136 binary)

Root relaxation: objective -4.444046e+01, 13 iterations, 0.00 seconds (0.00 work units)

    Nodes    |    Current Node    |     Objective Bounds      |     Work
 Expl Unexpl |  Obj  Depth IntInf | Incumbent    BestBd   Gap | It/Node Time

     0     0  -44.44046    0   16    3.26715  -44.44046  1460%     -    0s
H    0     0                       3.0675226  -44.44046  1549%     -    0s
H    0     0                      -0.4482936  -44.44046  9813%     -    0s
H    0     0                     -27.2939726  -44.44046  62.8%     -    0s
     0     0  -27.29397    0   47  -27.29397  -27.29397  0.00%     -    0s

Cutting planes:
  Gomory: 1
  MIR: 22
  Zero half: 19
  RLT: 38
  BQP: 96

Explored 1 nodes (182 simplex iterations) in 0.01 seconds (0.01 work units)
Thread count was 8 (of 96 available processors)

Solution count 4: -27.294 -0.448294 3.06752 3.26715 
No other solutions better than -27.294

Optimal solution found (tolerance 1.00e-06)
Best objective -2.729397258933e+01, best bound -2.729397258933e+01, gap 0.0000%

User-callback calls 71, time in user-callback 0.00 sec
