
Gurobi 13.0.0 (linux64) logging started Tue Mar 31 15:13:59 2026

Set parameter LogFile to value "logs/N=16_layers=3_presolve_off/N=16/seed=0/n_qaoa_layers=3/precond_pen=0.500.log"
Set parameter MIPGap to value 1e-06
Set parameter Threads to value 8
Set parameter Presolve to value 0
Gurobi Optimizer version 13.0.0 build v13.0.0rc1 (linux64 - "Oracle Linux Server 9.7")

CPU model: AMD EPYC 7643 48-Core Processor, instruction set [SSE2|AVX|AVX2]
Thread count: 48 physical cores, 96 logical processors, using up to 8 threads

Non-default parameters:
MIPGap  1e-06
Presolve  0
Threads  8

Optimize a model with 1 rows, 16 columns and 16 nonzeros (Min)
Model fingerprint: 0xe109fa87
Model has 16 linear objective coefficients and an objective constant of 6.3980430867620024e+00
Model has 120 quadratic objective terms
Variable types: 0 continuous, 16 integer (16 binary)
Coefficient statistics:
  Matrix range     [1e+00, 1e+00]
  Objective range  [1e+00, 2e+00]
  QObjective range [8e-03, 5e+00]
  Bounds range     [1e+00, 1e+00]
  RHS range        [8e+00, 8e+00]
Found heuristic solution: objective 3.3634830
Variable types: 0 continuous, 136 integer (136 binary)

Root relaxation: objective -3.294884e+01, 19 iterations, 0.00 seconds (0.00 work units)

    Nodes    |    Current Node    |     Objective Bounds      |     Work
 Expl Unexpl |  Obj  Depth IntInf | Incumbent    BestBd   Gap | It/Node Time

     0     0  -32.94884    0   16    3.36348  -32.94884  1080%     -    0s
H    0     0                     -16.8896540  -32.94884  95.1%     -    0s
H    0     0                     -30.1101642  -32.94884  9.43%     -    0s

Cutting planes:
  Gomory: 1
  MIR: 28
  Zero half: 17
  RLT: 23
  BQP: 84

Explored 1 nodes (19 simplex iterations) in 0.01 seconds (0.00 work units)
Thread count was 8 (of 96 available processors)

Solution count 3: -30.1102 -16.8897 3.36348 
No other solutions better than -30.1102

Optimal solution found (tolerance 1.00e-06)
Best objective -3.011016420379e+01, best bound -3.011016420379e+01, gap 0.0000%

User-callback calls 62, time in user-callback 0.00 sec
