
Gurobi 13.0.0 (linux64) logging started Tue Mar 31 15:13:59 2026

Set parameter LogFile to value "logs/N=16_layers=3_presolve_off/N=16/seed=0/n_qaoa_layers=3/precond_pen=0.700.log"
Set parameter MIPGap to value 1e-06
Set parameter Threads to value 8
Set parameter Presolve to value 0
Gurobi Optimizer version 13.0.0 build v13.0.0rc1 (linux64 - "Oracle Linux Server 9.7")

CPU model: AMD EPYC 7643 48-Core Processor, instruction set [SSE2|AVX|AVX2]
Thread count: 48 physical cores, 96 logical processors, using up to 8 threads

Non-default parameters:
MIPGap  1e-06
Presolve  0
Threads  8

Optimize a model with 1 rows, 16 columns and 16 nonzeros (Min)
Model fingerprint: 0xd0078bef
Model has 16 linear objective coefficients and an objective constant of 6.4122418119080020e+00
Model has 120 quadratic objective terms
Variable types: 0 continuous, 16 integer (16 binary)
Coefficient statistics:
  Matrix range     [1e+00, 1e+00]
  Objective range  [1e+00, 2e+00]
  QObjective range [6e-03, 4e+00]
  Bounds range     [1e+00, 1e+00]
  RHS range        [8e+00, 8e+00]
Found heuristic solution: objective 2.7196062
Variable types: 0 continuous, 136 integer (136 binary)

Root relaxation: objective -2.405884e+01, 20 iterations, 0.00 seconds (0.00 work units)

    Nodes    |    Current Node    |     Objective Bounds      |     Work
 Expl Unexpl |  Obj  Depth IntInf | Incumbent    BestBd   Gap | It/Node Time

     0     0  -24.05884    0   16    2.71961  -24.05884   985%     -    0s
H    0     0                       0.7623609  -24.05884  3256%     -    0s
H    0     0                       0.1861311  -24.05884      -     -    0s
H    0     0                      -4.5889272  -24.05884   424%     -    0s
H    0     0                     -19.9470653  -24.05884  20.6%     -    0s

Cutting planes:
  Gomory: 1
  MIR: 33
  Zero half: 21
  RLT: 33
  BQP: 121

Explored 1 nodes (20 simplex iterations) in 0.01 seconds (0.00 work units)
Thread count was 8 (of 96 available processors)

Solution count 5: -19.9471 -4.58893 0.186131 ... 2.71961
No other solutions better than -19.9471

Optimal solution found (tolerance 1.00e-06)
Best objective -1.994706525715e+01, best bound -1.994706525715e+01, gap 0.0000%

User-callback calls 67, time in user-callback 0.00 sec
