
Gurobi 13.0.0 (linux64) logging started Tue Mar 31 15:12:54 2026

Set parameter LogFile to value "logs/N=16_layers=2_presolve_off/N=16/seed=32/n_qaoa_layers=2/precond_pen=1.000.log"
Set parameter MIPGap to value 1e-06
Set parameter Threads to value 8
Set parameter Presolve to value 0
Gurobi Optimizer version 13.0.0 build v13.0.0rc1 (linux64 - "Oracle Linux Server 9.7")

CPU model: AMD EPYC 7643 48-Core Processor, instruction set [SSE2|AVX|AVX2]
Thread count: 48 physical cores, 96 logical processors, using up to 8 threads

Non-default parameters:
MIPGap  1e-06
Presolve  0
Threads  8

Optimize a model with 1 rows, 16 columns and 16 nonzeros (Min)
Model fingerprint: 0x4039037b
Model has 16 linear objective coefficients and an objective constant of 7.2821971384200008e+00
Model has 120 quadratic objective terms
Variable types: 0 continuous, 16 integer (16 binary)
Coefficient statistics:
  Matrix range     [1e+00, 1e+00]
  Objective range  [2e+00, 2e+00]
  QObjective range [3e-03, 1e+00]
  Bounds range     [1e+00, 1e+00]
  RHS range        [8e+00, 8e+00]
Found heuristic solution: objective 0.3090373
Variable types: 0 continuous, 136 integer (136 binary)

Root relaxation: objective -7.387511e+00, 33 iterations, 0.00 seconds (0.00 work units)

    Nodes    |    Current Node    |     Objective Bounds      |     Work
 Expl Unexpl |  Obj  Depth IntInf | Incumbent    BestBd   Gap | It/Node Time

     0     0   -7.38751    0   16    0.30904   -7.38751  2490%     -    0s
H    0     0                      -0.9312882   -7.38751   693%     -    0s
H    0     0                      -2.0638538   -7.38751   258%     -    0s
     0     0   -2.34644    0  110   -2.06385   -2.34644  13.7%     -    0s
     0     0   -2.27593    0  108   -2.06385   -2.27593  10.3%     -    0s
     0     0   -2.26540    0  108   -2.06385   -2.26540  9.77%     -    0s
     0     2   -2.26540    0  108   -2.06385   -2.26540  9.77%     -    0s

Cutting planes:
  MIR: 51
  Zero half: 22
  RLT: 31
  BQP: 198

Explored 9 nodes (921 simplex iterations) in 0.08 seconds (0.07 work units)
Thread count was 8 (of 96 available processors)

Solution count 3: -2.06385 -0.931288 0.309037 
No other solutions better than -2.06385

Optimal solution found (tolerance 1.00e-06)
Best objective -2.063853760556e+00, best bound -2.063853760556e+00, gap 0.0000%

User-callback calls 121, time in user-callback 0.00 sec
