
Gurobi 13.0.0 (linux64) logging started Tue Mar 31 15:12:54 2026

Set parameter LogFile to value "logs/N=16_layers=2_presolve_off/N=16/seed=32/n_qaoa_layers=2/precond_pen=0.700.log"
Set parameter MIPGap to value 1e-06
Set parameter Threads to value 8
Set parameter Presolve to value 0
Gurobi Optimizer version 13.0.0 build v13.0.0rc1 (linux64 - "Oracle Linux Server 9.7")

CPU model: AMD EPYC 7643 48-Core Processor, instruction set [SSE2|AVX|AVX2]
Thread count: 48 physical cores, 96 logical processors, using up to 8 threads

Non-default parameters:
MIPGap  1e-06
Presolve  0
Threads  8

Optimize a model with 1 rows, 16 columns and 16 nonzeros (Min)
Model fingerprint: 0x394952c0
Model has 16 linear objective coefficients and an objective constant of 6.2860635793200013e+00
Model has 120 quadratic objective terms
Variable types: 0 continuous, 16 integer (16 binary)
Coefficient statistics:
  Matrix range     [1e+00, 1e+00]
  Objective range  [1e+00, 2e+00]
  QObjective range [1e-03, 2e+00]
  Bounds range     [1e+00, 1e+00]
  RHS range        [8e+00, 8e+00]
Found heuristic solution: objective 1.7224848
Variable types: 0 continuous, 136 integer (136 binary)

Root relaxation: objective -1.248431e+01, 20 iterations, 0.00 seconds (0.00 work units)

    Nodes    |    Current Node    |     Objective Bounds      |     Work
 Expl Unexpl |  Obj  Depth IntInf | Incumbent    BestBd   Gap | It/Node Time

     0     0  -12.48431    0   16    1.72248  -12.48431   825%     -    0s
H    0     0                      -1.5803235  -12.48431   690%     -    0s
H    0     0                      -1.9449354  -12.48431   542%     -    0s
H    0     0                      -2.1940600  -12.48431   469%     -    0s
H    0     0                      -5.5664991  -12.48431   124%     -    0s
     0     0   -5.85618    0   60   -5.56650   -5.85618  5.20%     -    0s

Cutting planes:
  Gomory: 10
  Clique: 1
  MIR: 111
  StrongCG: 1
  Flow cover: 3
  Zero half: 34
  RLT: 22
  BQP: 123

Explored 1 nodes (261 simplex iterations) in 0.03 seconds (0.02 work units)
Thread count was 8 (of 96 available processors)

Solution count 5: -5.5665 -2.19406 -1.94494 ... 1.72248
No other solutions better than -5.5665

Optimal solution found (tolerance 1.00e-06)
Best objective -5.566499123050e+00, best bound -5.566499123050e+00, gap 0.0000%

User-callback calls 81, time in user-callback 0.00 sec
