
Gurobi 13.0.0 (linux64) logging started Tue Mar 31 15:05:17 2026

Set parameter LogFile to value "logs/N=12_layers=2_presolve_off/N=12/seed=6/n_qaoa_layers=2/baseline.log"
Set parameter MIPGap to value 1e-06
Set parameter Threads to value 8
Set parameter Presolve to value 0
Gurobi Optimizer version 13.0.0 build v13.0.0rc1 (linux64 - "Oracle Linux Server 9.7")

CPU model: AMD EPYC 7643 48-Core Processor, instruction set [SSE2|AVX|AVX2]
Thread count: 48 physical cores, 96 logical processors, using up to 8 threads

Non-default parameters:
MIPGap  1e-06
Presolve  0
Threads  8

Optimize a model with 1 rows, 12 columns and 12 nonzeros (Min)
Model fingerprint: 0x40736418
Model has 12 linear objective coefficients and an objective constant of 4.0112357879706906e-12
Model has 66 quadratic objective terms
Variable types: 0 continuous, 12 integer (12 binary)
Coefficient statistics:
  Matrix range     [1e+00, 1e+00]
  Objective range  [1e+01, 1e+01]
  QObjective range [4e-02, 8e+00]
  Bounds range     [1e+00, 1e+00]
  RHS range        [6e+00, 6e+00]
Found heuristic solution: objective 35.1290103
Variable types: 0 continuous, 78 integer (78 binary)

Root relaxation: objective 4.012124e-12, 6 iterations, 0.00 seconds (0.00 work units)

    Nodes    |    Current Node    |     Objective Bounds      |     Work
 Expl Unexpl |  Obj  Depth IntInf | Incumbent    BestBd   Gap | It/Node Time

     0     0    0.00000    0   12   35.12901    0.00000   100%     -    0s
H    0     0                      25.5802353    0.00000   100%     -    0s
     0     0   17.30810    0   20   25.58024   17.30810  32.3%     -    0s
     0     0   18.56164    0   20   25.58024   18.56164  27.4%     -    0s
     0     0   18.56164    0   21   25.58024   18.56164  27.4%     -    0s
     0     0   25.58024    0   50   25.58024   25.58024  0.00%     -    0s

Cutting planes:
  Gomory: 5
  Cover: 3
  MIR: 21
  StrongCG: 3
  Mod-K: 1
  RLT: 9

Explored 1 nodes (121 simplex iterations) in 0.02 seconds (0.01 work units)
Thread count was 8 (of 96 available processors)

Solution count 2: 25.5802 35.129 

Optimal solution found (tolerance 1.00e-06)
Best objective 2.558023533053e+01, best bound 2.558023533053e+01, gap 0.0000%

User-callback calls 79, time in user-callback 0.00 sec
