
Gurobi 13.0.0 (linux64) logging started Tue Mar 31 15:06:52 2026

Set parameter LogFile to value "logs/N=12_layers=3_presolve_on/N=12/seed=23/n_qaoa_layers=3/precond_pen=0.400.log"
Set parameter MIPGap to value 1e-06
Set parameter Threads to value 8
Gurobi Optimizer version 13.0.0 build v13.0.0rc1 (linux64 - "Oracle Linux Server 9.7")

CPU model: AMD EPYC 7643 48-Core Processor, instruction set [SSE2|AVX|AVX2]
Thread count: 48 physical cores, 96 logical processors, using up to 8 threads

Non-default parameters:
MIPGap  1e-06
Threads  8

Optimize a model with 1 rows, 12 columns and 12 nonzeros (Min)
Model fingerprint: 0x8b9b1a9a
Model has 12 linear objective coefficients and an objective constant of 4.5684701928279994e+00
Model has 66 quadratic objective terms
Variable types: 0 continuous, 12 integer (12 binary)
Coefficient statistics:
  Matrix range     [1e+00, 1e+00]
  Objective range  [4e-01, 2e+00]
  QObjective range [1e-02, 6e+00]
  Bounds range     [1e+00, 1e+00]
  RHS range        [6e+00, 6e+00]
Found heuristic solution: objective 0.8500217
Presolve time: 0.00s
Presolved: 67 rows, 78 columns, 210 nonzeros
Variable types: 0 continuous, 78 integer (78 binary)

Root relaxation: objective -2.437146e+01, 10 iterations, 0.00 seconds (0.00 work units)

    Nodes    |    Current Node    |     Objective Bounds      |     Work
 Expl Unexpl |  Obj  Depth IntInf | Incumbent    BestBd   Gap | It/Node Time

     0     0  -24.37146    0   12    0.85002  -24.37146  2967%     -    0s
H    0     0                     -16.1454390  -24.37146  50.9%     -    0s
H    0     0                     -21.2623304  -24.37146  14.6%     -    0s

Cutting planes:
  Gomory: 1
  MIR: 9
  Zero half: 3
  RLT: 14
  BQP: 25

Explored 1 nodes (10 simplex iterations) in 0.01 seconds (0.00 work units)
Thread count was 8 (of 96 available processors)

Solution count 3: -21.2623 -16.1454 0.850022 
No other solutions better than -21.2623

Optimal solution found (tolerance 1.00e-06)
Best objective -2.126233039717e+01, best bound -2.126233039717e+01, gap 0.0000%

User-callback calls 157, time in user-callback 0.00 sec

Gurobi 13.0.0 (linux64) logging started Tue Mar 31 15:10:50 2026

Set parameter LogFile to value "logs/N=12_layers=3_presolve_on/N=12/seed=23/n_qaoa_layers=3/precond_pen=0.400.log"
Set parameter MIPGap to value 1e-06
Set parameter Threads to value 8
Gurobi Optimizer version 13.0.0 build v13.0.0rc1 (linux64 - "Oracle Linux Server 9.7")

CPU model: AMD EPYC 7643 48-Core Processor, instruction set [SSE2|AVX|AVX2]
Thread count: 48 physical cores, 96 logical processors, using up to 8 threads

Non-default parameters:
MIPGap  1e-06
Threads  8

Optimize a model with 1 rows, 12 columns and 12 nonzeros (Min)
Model fingerprint: 0x8b9b1a9a
Model has 12 linear objective coefficients and an objective constant of 4.5684701928279994e+00
Model has 66 quadratic objective terms
Variable types: 0 continuous, 12 integer (12 binary)
Coefficient statistics:
  Matrix range     [1e+00, 1e+00]
  Objective range  [4e-01, 2e+00]
  QObjective range [1e-02, 6e+00]
  Bounds range     [1e+00, 1e+00]
  RHS range        [6e+00, 6e+00]
Found heuristic solution: objective 0.8500217
Presolve time: 0.00s
Presolved: 67 rows, 78 columns, 210 nonzeros
Variable types: 0 continuous, 78 integer (78 binary)

Root relaxation: objective -2.437146e+01, 10 iterations, 0.00 seconds (0.00 work units)

    Nodes    |    Current Node    |     Objective Bounds      |     Work
 Expl Unexpl |  Obj  Depth IntInf | Incumbent    BestBd   Gap | It/Node Time

     0     0  -24.37146    0   12    0.85002  -24.37146  2967%     -    0s
H    0     0                     -16.1454390  -24.37146  50.9%     -    0s
H    0     0                     -21.2623304  -24.37146  14.6%     -    0s

Cutting planes:
  Gomory: 1
  MIR: 9
  Zero half: 3
  RLT: 14
  BQP: 25

Explored 1 nodes (10 simplex iterations) in 0.01 seconds (0.00 work units)
Thread count was 8 (of 96 available processors)

Solution count 3: -21.2623 -16.1454 0.850022 
No other solutions better than -21.2623

Optimal solution found (tolerance 1.00e-06)
Best objective -2.126233039717e+01, best bound -2.126233039717e+01, gap 0.0000%

User-callback calls 157, time in user-callback 0.00 sec
