
Gurobi 13.0.0 (linux64) logging started Tue Mar 31 15:12:36 2026

Set parameter LogFile to value "logs/N=16_layers=2_presolve_on/N=16/seed=22/n_qaoa_layers=2/precond_pen=0.400.log"
Set parameter MIPGap to value 1e-06
Set parameter Threads to value 8
Gurobi Optimizer version 13.0.0 build v13.0.0rc1 (linux64 - "Oracle Linux Server 9.7")

CPU model: AMD EPYC 7643 48-Core Processor, instruction set [SSE2|AVX|AVX2]
Thread count: 48 physical cores, 96 logical processors, using up to 8 threads

Non-default parameters:
MIPGap  1e-06
Threads  8

Optimize a model with 1 rows, 16 columns and 16 nonzeros (Min)
Model fingerprint: 0x46e0966b
Model has 16 linear objective coefficients and an objective constant of 5.5646832748749979e+00
Model has 120 quadratic objective terms
Variable types: 0 continuous, 16 integer (16 binary)
Coefficient statistics:
  Matrix range     [1e+00, 1e+00]
  Objective range  [6e-01, 2e+00]
  QObjective range [3e-02, 4e+00]
  Bounds range     [1e+00, 1e+00]
  RHS range        [8e+00, 8e+00]
Found heuristic solution: objective -0.3578798
Presolve time: 0.00s
Presolved: 121 rows, 136 columns, 376 nonzeros
Variable types: 0 continuous, 136 integer (136 binary)

Root relaxation: objective -1.997188e+01, 17 iterations, 0.00 seconds (0.00 work units)

    Nodes    |    Current Node    |     Objective Bounds      |     Work
 Expl Unexpl |  Obj  Depth IntInf | Incumbent    BestBd   Gap | It/Node Time

     0     0  -19.97188    0   16   -0.35788  -19.97188  5481%     -    0s
H    0     0                      -5.7957595  -19.97188   245%     -    0s
H    0     0                     -12.8439400  -19.97188  55.5%     -    0s
     0     0     cutoff    0       -12.84394  -12.84394  0.00%     -    0s

Cutting planes:
  MIR: 37
  Zero half: 25
  RLT: 37
  BQP: 161

Explored 1 nodes (156 simplex iterations) in 0.01 seconds (0.01 work units)
Thread count was 8 (of 96 available processors)

Solution count 3: -12.8439 -5.79576 -0.35788 
No other solutions better than -12.8439

Optimal solution found (tolerance 1.00e-06)
Best objective -1.284393995619e+01, best bound -1.284393995619e+01, gap 0.0000%

User-callback calls 161, time in user-callback 0.00 sec
