
Gurobi 13.0.0 (linux64) logging started Tue Mar 31 15:12:36 2026

Set parameter LogFile to value "logs/N=16_layers=2_presolve_on/N=16/seed=22/n_qaoa_layers=2/precond_pen=0.200.log"
Set parameter MIPGap to value 1e-06
Set parameter Threads to value 8
Gurobi Optimizer version 13.0.0 build v13.0.0rc1 (linux64 - "Oracle Linux Server 9.7")

CPU model: AMD EPYC 7643 48-Core Processor, instruction set [SSE2|AVX|AVX2]
Thread count: 48 physical cores, 96 logical processors, using up to 8 threads

Non-default parameters:
MIPGap  1e-06
Threads  8

Optimize a model with 1 rows, 16 columns and 16 nonzeros (Min)
Model fingerprint: 0xff4eb18a
Model has 16 linear objective coefficients and an objective constant of -2.7444625849345016e+01
Model has 120 quadratic objective terms
Variable types: 0 continuous, 16 integer (16 binary)
Coefficient statistics:
  Matrix range     [1e+00, 1e+00]
  Objective range  [9e-01, 1e+01]
  QObjective range [9e-03, 5e+00]
  Bounds range     [1e+00, 1e+00]
  RHS range        [8e+00, 8e+00]
Found heuristic solution: objective 2.7033746
Presolve time: 0.00s
Presolved: 121 rows, 136 columns, 376 nonzeros
Variable types: 0 continuous, 136 integer (136 binary)

Root relaxation: objective -3.228366e+01, 26 iterations, 0.00 seconds (0.00 work units)

    Nodes    |    Current Node    |     Objective Bounds      |     Work
 Expl Unexpl |  Obj  Depth IntInf | Incumbent    BestBd   Gap | It/Node Time

     0     0  -32.28366    0   16    2.70337  -32.28366  1294%     -    0s
H    0     0                       0.7761209  -32.28366  4260%     -    0s
H    0     0                      -4.3297384  -32.28366   646%     -    0s
H    0     0                      -8.2353090  -22.70922   176%     -    0s
     0     0  -16.90895    0   55   -8.23531  -16.90895   105%     -    0s
     0     0  -12.33819    0   73   -8.23531  -12.33819  49.8%     -    0s
     0     0  -12.24687    0   73   -8.23531  -12.24687  48.7%     -    0s
     0     2  -12.18996    0   73   -8.23531  -12.18996  48.0%     -    0s

Cutting planes:
  Gomory: 3
  Dual implied bound: 21
  MIR: 9
  RLT: 25
  BQP: 11

Explored 18 nodes (1099 simplex iterations) in 0.05 seconds (0.04 work units)
Thread count was 8 (of 96 available processors)

Solution count 4: -8.23531 -4.32974 0.776121 2.70337 
No other solutions better than -8.23531

Optimal solution found (tolerance 1.00e-06)
Best objective -8.235308976993e+00, best bound -8.235308976993e+00, gap 0.0000%

User-callback calls 228, time in user-callback 0.00 sec
