
Gurobi 13.0.0 (linux64) logging started Tue Mar 31 15:12:57 2026

Set parameter LogFile to value "logs/N=16_layers=2_presolve_off/N=16/seed=40/n_qaoa_layers=2/precond_pen=0.400.log"
Set parameter MIPGap to value 1e-06
Set parameter Threads to value 8
Set parameter Presolve to value 0
Gurobi Optimizer version 13.0.0 build v13.0.0rc1 (linux64 - "Oracle Linux Server 9.7")

CPU model: AMD EPYC 7643 48-Core Processor, instruction set [SSE2|AVX|AVX2]
Thread count: 48 physical cores, 96 logical processors, using up to 8 threads

Non-default parameters:
MIPGap  1e-06
Presolve  0
Threads  8

Optimize a model with 1 rows, 16 columns and 16 nonzeros (Min)
Model fingerprint: 0x9e830329
Model has 16 linear objective coefficients and an objective constant of 5.6935925778689978e+00
Model has 120 quadratic objective terms
Variable types: 0 continuous, 16 integer (16 binary)
Coefficient statistics:
  Matrix range     [1e+00, 1e+00]
  Objective range  [9e-01, 2e+00]
  QObjective range [7e-03, 4e+00]
  Bounds range     [1e+00, 1e+00]
  RHS range        [8e+00, 8e+00]
Found heuristic solution: objective -3.5275927
Variable types: 0 continuous, 136 integer (136 binary)

Root relaxation: objective -2.031974e+01, 35 iterations, 0.00 seconds (0.00 work units)

    Nodes    |    Current Node    |     Objective Bounds      |     Work
 Expl Unexpl |  Obj  Depth IntInf | Incumbent    BestBd   Gap | It/Node Time

     0     0  -20.31974    0   16   -3.52759  -20.31974   476%     -    0s
H    0     0                      -5.1326627  -20.31974   296%     -    0s
H    0     0                     -12.1058218  -20.31974  67.9%     -    0s
H    0     0                     -13.7011899  -20.31974  48.3%     -    0s

Cutting planes:
  Gomory: 1
  MIR: 33
  Zero half: 22
  RLT: 31
  BQP: 145

Explored 1 nodes (35 simplex iterations) in 0.01 seconds (0.00 work units)
Thread count was 8 (of 96 available processors)

Solution count 4: -13.7012 -12.1058 -5.13266 -3.52759 
No other solutions better than -13.7012

Optimal solution found (tolerance 1.00e-06)
Best objective -1.370118993005e+01, best bound -1.370118993005e+01, gap 0.0000%

User-callback calls 65, time in user-callback 0.00 sec
