
Gurobi 13.0.0 (linux64) logging started Sun May  3 11:04:18 2026

Set parameter LogFile to value "logs/N=12_layers=1_presolve_on/N=12/seed=15/quantum_layers=1/precond_pen=0.600.log"
Set parameter MIPGap to value 1e-06
Set parameter Threads to value 8
Gurobi Optimizer version 13.0.0 build v13.0.0rc1 (linux64 - "Oracle Linux Server 9.7")

CPU model: AMD EPYC 7643 48-Core Processor, instruction set [SSE2|AVX|AVX2]
Thread count: 48 physical cores, 96 logical processors, using up to 8 threads

Non-default parameters:
MIPGap  1e-06
Threads  8

Optimize a model with 1 rows, 12 columns and 12 nonzeros (Min)
Model fingerprint: 0xa4618dc7
Model has 12 linear objective coefficients and an objective constant of 4.786997276661
Model has 66 quadratic objective terms
Variable types: 0 continuous, 12 integer (12 binary)
Coefficient statistics:
  Matrix range     [1e+00, 1e+00]
  Objective range  [1e+00, 2e+00]
  QObjective range [1e-02, 1e+00]
  Bounds range     [1e+00, 1e+00]
  RHS range        [6e+00, 6e+00]
Found heuristic solution: objective -1.0072806
Presolve time: 0.00s
Presolved: 67 rows, 78 columns, 210 nonzeros
Variable types: 0 continuous, 78 integer (78 binary)

Root relaxation: objective -5.008425e+00, 18 iterations, 0.00 seconds (0.00 work units)

    Nodes    |    Current Node    |     Objective Bounds      |     Work
 Expl Unexpl |  Obj  Depth IntInf | Incumbent    BestBd   Gap | It/Node Time

     0     0   -5.00842    0   12   -1.00728   -5.00842   397%     -    0s
H    0     0                      -1.0834655   -5.00842   362%     -    0s
H    0     0                      -1.2946053   -5.00842   287%     -    0s
H    0     0                      -1.8945354   -5.00842   164%     -    0s
     0     0     cutoff    0        -1.89454   -1.89454  0.00%     -    0s

Cutting planes:
  Gomory: 1
  MIR: 31
  Zero half: 15
  RLT: 24
  BQP: 96

Explored 1 nodes (144 simplex iterations) in 0.01 seconds (0.00 work units)
Thread count was 8 (of 96 available processors)

Solution count 4: -1.89454 -1.29461 -1.08347 -1.00728 
No other solutions better than -1.89454

Optimal solution found (tolerance 1.00e-06)
Best objective -1.894535430349e+00, best bound -1.894535430349e+00, gap 0.0000%

User-callback calls 164, time in user-callback 0.00 sec
