
Gurobi 13.0.0 (linux64) logging started Sun May  3 11:04:18 2026

Set parameter LogFile to value "logs/N=12_layers=1_presolve_on/N=12/seed=15/quantum_layers=1/precond_pen=0.400.log"
Set parameter MIPGap to value 1e-06
Set parameter Threads to value 8
Gurobi Optimizer version 13.0.0 build v13.0.0rc1 (linux64 - "Oracle Linux Server 9.7")

CPU model: AMD EPYC 7643 48-Core Processor, instruction set [SSE2|AVX|AVX2]
Thread count: 48 physical cores, 96 logical processors, using up to 8 threads

Non-default parameters:
MIPGap  1e-06
Threads  8

Optimize a model with 1 rows, 12 columns and 12 nonzeros (Min)
Model fingerprint: 0x869f7d45
Model has 12 linear objective coefficients and an objective constant of 3.9998305298829995e+00
Model has 66 quadratic objective terms
Variable types: 0 continuous, 12 integer (12 binary)
Coefficient statistics:
  Matrix range     [1e+00, 1e+00]
  Objective range  [7e-01, 2e+00]
  QObjective range [9e-03, 3e+00]
  Bounds range     [1e+00, 1e+00]
  RHS range        [6e+00, 6e+00]
Found heuristic solution: objective -1.7912747
Presolve time: 0.00s
Presolved: 67 rows, 78 columns, 210 nonzeros
Variable types: 0 continuous, 78 integer (78 binary)

Root relaxation: objective -8.142593e+00, 12 iterations, 0.00 seconds (0.00 work units)

    Nodes    |    Current Node    |     Objective Bounds      |     Work
 Expl Unexpl |  Obj  Depth IntInf | Incumbent    BestBd   Gap | It/Node Time

     0     0   -8.14259    0   12   -1.79127   -8.14259   355%     -    0s
H    0     0                      -2.7305043   -8.14259   198%     -    0s
H    0     0                      -4.0285608   -8.14259   102%     -    0s
     0     0   -4.02856    0   35   -4.02856   -4.02856  0.00%     -    0s

Cutting planes:
  Gomory: 1
  MIR: 26
  Zero half: 12
  RLT: 21
  BQP: 56

Explored 1 nodes (79 simplex iterations) in 0.01 seconds (0.00 work units)
Thread count was 8 (of 96 available processors)

Solution count 3: -4.02856 -2.7305 -1.79127 
No other solutions better than -4.02856

Optimal solution found (tolerance 1.00e-06)
Best objective -4.028560845015e+00, best bound -4.028560845015e+00, gap 0.0000%

User-callback calls 161, time in user-callback 0.00 sec
