
Gurobi 13.0.0 (linux64) logging started Sun May  3 11:04:20 2026

Set parameter LogFile to value "logs/N=12_layers=1_presolve_on/N=12/seed=27/quantum_layers=1/precond_pen=0.100.log"
Set parameter MIPGap to value 1e-06
Set parameter Threads to value 8
Gurobi Optimizer version 13.0.0 build v13.0.0rc1 (linux64 - "Oracle Linux Server 9.7")

CPU model: AMD EPYC 7643 48-Core Processor, instruction set [SSE2|AVX|AVX2]
Thread count: 48 physical cores, 96 logical processors, using up to 8 threads

Non-default parameters:
MIPGap  1e-06
Threads  8

Optimize a model with 1 rows, 12 columns and 12 nonzeros (Min)
Model fingerprint: 0xc7f02253
Model has 12 linear objective coefficients and an objective constant of -1.5419128898485006e+01
Model has 66 quadratic objective terms
Variable types: 0 continuous, 12 integer (12 binary)
Coefficient statistics:
  Matrix range     [1e+00, 1e+00]
  Objective range  [3e+00, 7e+00]
  QObjective range [8e-02, 4e+00]
  Bounds range     [1e+00, 1e+00]
  RHS range        [6e+00, 6e+00]
Found heuristic solution: objective 2.0193689
Presolve time: 0.00s
Presolved: 67 rows, 78 columns, 210 nonzeros
Variable types: 0 continuous, 78 integer (78 binary)

Root relaxation: objective -1.552930e+01, 7 iterations, 0.00 seconds (0.00 work units)

    Nodes    |    Current Node    |     Objective Bounds      |     Work
 Expl Unexpl |  Obj  Depth IntInf | Incumbent    BestBd   Gap | It/Node Time

     0     0  -15.52930    0   12    2.01937  -15.52930   869%     -    0s
H    0     0                       0.2030837  -15.52930  7747%     -    0s
H    0     0                      -1.3669934  -15.52930  1036%     -    0s
     0     0   -6.44266    0   14   -1.36699   -6.44266   371%     -    0s
     0     0   -4.89219    0   41   -1.36699   -4.89219   258%     -    0s
     0     0   -4.85368    0   41   -1.36699   -4.85368   255%     -    0s
     0     2   -4.81030    0   41   -1.36699   -4.81030   252%     -    0s

Cutting planes:
  Gomory: 2
  Dual implied bound: 15
  MIR: 3
  RLT: 12
  BQP: 2

Explored 55 nodes (1054 simplex iterations) in 0.03 seconds (0.02 work units)
Thread count was 8 (of 96 available processors)

Solution count 3: -1.36699 0.203084 2.01937 
No other solutions better than -1.36699

Optimal solution found (tolerance 1.00e-06)
Best objective -1.366993397715e+00, best bound -1.366993397715e+00, gap 0.0000%

User-callback calls 290, time in user-callback 0.00 sec
