
Gurobi 13.0.0 (linux64) logging started Tue Mar 31 15:14:01 2026

Set parameter LogFile to value "logs/N=16_layers=3_presolve_off/N=16/seed=10/n_qaoa_layers=3/precond_pen=0.200.log"
Set parameter MIPGap to value 1e-06
Set parameter Threads to value 8
Set parameter Presolve to value 0
Gurobi Optimizer version 13.0.0 build v13.0.0rc1 (linux64 - "Oracle Linux Server 9.7")

CPU model: AMD EPYC 7643 48-Core Processor, instruction set [SSE2|AVX|AVX2]
Thread count: 48 physical cores, 96 logical processors, using up to 8 threads

Non-default parameters:
MIPGap  1e-06
Presolve  0
Threads  8

Optimize a model with 1 rows, 16 columns and 16 nonzeros (Min)
Model fingerprint: 0x82d28fc5
Model has 16 linear objective coefficients and an objective constant of -24.281114731537
Model has 120 quadratic objective terms
Variable types: 0 continuous, 16 integer (16 binary)
Coefficient statistics:
  Matrix range     [1e+00, 1e+00]
  Objective range  [3e+00, 1e+01]
  QObjective range [3e-02, 6e+00]
  Bounds range     [1e+00, 1e+00]
  RHS range        [8e+00, 8e+00]
Found heuristic solution: objective 1.9992886
Variable types: 0 continuous, 136 integer (136 binary)

Root relaxation: objective -4.430091e+01, 11 iterations, 0.00 seconds (0.00 work units)

    Nodes    |    Current Node    |     Objective Bounds      |     Work
 Expl Unexpl |  Obj  Depth IntInf | Incumbent    BestBd   Gap | It/Node Time

     0     0  -44.30091    0   16    1.99929  -44.30091  2316%     -    0s
H    0     0                       1.7871175  -44.30091  2579%     -    0s
H    0     0                       1.4831569  -44.30091  3087%     -    0s
H    0     0                      -0.3007014  -44.30091      -     -    0s
H    0     0                     -14.0391556  -44.30091   216%     -    0s
     0     0  -23.44347    0   35  -14.03916  -23.44347  67.0%     -    0s
     0     0  -20.44133    0   84  -14.03916  -20.44133  45.6%     -    0s
     0     0  -20.43763    0   84  -14.03916  -20.43763  45.6%     -    0s
     0     2  -20.43763    0   84  -14.03916  -20.43763  45.6%     -    0s

Cutting planes:
  Gomory: 1
  Cover: 3
  MIR: 11
  StrongCG: 1
  Zero half: 7
  RLT: 17
  BQP: 7

Explored 33 nodes (1328 simplex iterations) in 0.05 seconds (0.04 work units)
Thread count was 8 (of 96 available processors)

Solution count 5: -14.0392 -0.300701 1.48316 ... 1.99929
No other solutions better than -14.0392

Optimal solution found (tolerance 1.00e-06)
Best objective -1.403915562708e+01, best bound -1.403915562708e+01, gap 0.0000%

User-callback calls 167, time in user-callback 0.00 sec
