
Gurobi 13.0.0 (linux64) logging started Sun May  3 11:04:26 2026

Set parameter LogFile to value "logs/N=12_layers=1_presolve_off/N=12/seed=10/quantum_layers=1/precond_pen=0.300.log"
Set parameter MIPGap to value 1e-06
Set parameter Threads to value 8
Set parameter Presolve to value 0
Gurobi Optimizer version 13.0.0 build v13.0.0rc1 (linux64 - "Oracle Linux Server 9.7")

CPU model: AMD EPYC 7643 48-Core Processor, instruction set [SSE2|AVX|AVX2]
Thread count: 48 physical cores, 96 logical processors, using up to 8 threads

Non-default parameters:
MIPGap  1e-06
Presolve  0
Threads  8

Optimize a model with 1 rows, 12 columns and 12 nonzeros (Min)
Model fingerprint: 0xd49b99cc
Model has 12 linear objective coefficients and an objective constant of 2.6274179296629994e+00
Model has 66 quadratic objective terms
Variable types: 0 continuous, 12 integer (12 binary)
Coefficient statistics:
  Matrix range     [1e+00, 1e+00]
  Objective range  [1e-01, 2e+00]
  QObjective range [4e-02, 3e+00]
  Bounds range     [1e+00, 1e+00]
  RHS range        [6e+00, 6e+00]
Found heuristic solution: objective -2.7977540
Variable types: 0 continuous, 78 integer (78 binary)

Root relaxation: objective -1.033680e+01, 14 iterations, 0.00 seconds (0.00 work units)

    Nodes    |    Current Node    |     Objective Bounds      |     Work
 Expl Unexpl |  Obj  Depth IntInf | Incumbent    BestBd   Gap | It/Node Time

     0     0  -10.33680    0   12   -2.79775  -10.33680   269%     -    0s
H    0     0                      -3.5123682  -10.33680   194%     -    0s
H    0     0                      -5.4000465  -10.33680  91.4%     -    0s
     0     0     cutoff    0        -5.40005   -5.40005  0.00%     -    0s

Cutting planes:
  MIR: 24
  Zero half: 13
  RLT: 19
  BQP: 63

Explored 1 nodes (100 simplex iterations) in 0.01 seconds (0.00 work units)
Thread count was 8 (of 96 available processors)

Solution count 3: -5.40005 -3.51237 -2.79775 
No other solutions better than -5.40005

Optimal solution found (tolerance 1.00e-06)
Best objective -5.400046506843e+00, best bound -5.400046506843e+00, gap 0.0000%

User-callback calls 66, time in user-callback 0.00 sec
