
Gurobi 13.0.0 (linux64) logging started Sun May  3 10:54:24 2026

Set parameter LogFile to value "logs/N=16_layers=1_presolve_off/N=16/seed=27/quantum_layers=1/precond_pen=0.700.log"
Set parameter MIPGap to value 1e-06
Set parameter Threads to value 8
Set parameter Presolve to value 0
Gurobi Optimizer version 13.0.0 build v13.0.0rc1 (linux64 - "Oracle Linux Server 9.7")

CPU model: AMD EPYC 7643 48-Core Processor, instruction set [SSE2|AVX|AVX2]
Thread count: 48 physical cores, 96 logical processors, using up to 8 threads

Non-default parameters:
MIPGap  1e-06
Presolve  0
Threads  8

Optimize a model with 1 rows, 16 columns and 16 nonzeros (Min)
Model fingerprint: 0xf0b282f1
Model has 16 linear objective coefficients and an objective constant of 6.6881061690649988e+00
Model has 120 quadratic objective terms
Variable types: 0 continuous, 16 integer (16 binary)
Coefficient statistics:
  Matrix range     [1e+00, 1e+00]
  Objective range  [1e+00, 2e+00]
  QObjective range [4e-03, 1e+00]
  Bounds range     [1e+00, 1e+00]
  RHS range        [8e+00, 8e+00]
Found heuristic solution: objective -0.1727925
Variable types: 0 continuous, 136 integer (136 binary)

Root relaxation: objective -6.704310e+00, 36 iterations, 0.00 seconds (0.00 work units)

    Nodes    |    Current Node    |     Objective Bounds      |     Work
 Expl Unexpl |  Obj  Depth IntInf | Incumbent    BestBd   Gap | It/Node Time

     0     0   -6.70431    0   16   -0.17279   -6.70431  3780%     -    0s
H    0     0                      -0.7685930   -6.70431   772%     -    0s
H    0     0                      -1.4199139   -6.70431   372%     -    0s
H    0     0                      -1.6970202   -6.70431   295%     -    0s
H    0     0                      -1.8128836   -4.91761   171%     -    0s
     0     0   -1.92574    0  117   -1.81288   -1.92574  6.23%     -    0s

Cutting planes:
  Gomory: 6
  MIR: 78
  Zero half: 26
  RLT: 33
  BQP: 231

Explored 1 nodes (611 simplex iterations) in 0.07 seconds (0.05 work units)
Thread count was 8 (of 96 available processors)

Solution count 5: -1.81288 -1.69702 -1.41991 ... -0.172792
No other solutions better than -1.81288

Optimal solution found (tolerance 1.00e-06)
Best objective -1.812883582623e+00, best bound -1.812883582623e+00, gap 0.0000%

User-callback calls 83, time in user-callback 0.00 sec
