
Gurobi 13.0.0 (linux64) logging started Sun May  3 10:54:24 2026

Set parameter LogFile to value "logs/N=16_layers=1_presolve_off/N=16/seed=27/quantum_layers=1/precond_pen=0.600.log"
Set parameter MIPGap to value 1e-06
Set parameter Threads to value 8
Set parameter Presolve to value 0
Gurobi Optimizer version 13.0.0 build v13.0.0rc1 (linux64 - "Oracle Linux Server 9.7")

CPU model: AMD EPYC 7643 48-Core Processor, instruction set [SSE2|AVX|AVX2]
Thread count: 48 physical cores, 96 logical processors, using up to 8 threads

Non-default parameters:
MIPGap  1e-06
Presolve  0
Threads  8

Optimize a model with 1 rows, 16 columns and 16 nonzeros (Min)
Model fingerprint: 0x665c1616
Model has 16 linear objective coefficients and an objective constant of 6.5861531584410011e+00
Model has 120 quadratic objective terms
Variable types: 0 continuous, 16 integer (16 binary)
Coefficient statistics:
  Matrix range     [1e+00, 1e+00]
  Objective range  [1e+00, 2e+00]
  QObjective range [1e-02, 1e+00]
  Bounds range     [1e+00, 1e+00]
  RHS range        [8e+00, 8e+00]
Found heuristic solution: objective -0.0660515
Variable types: 0 continuous, 136 integer (136 binary)

Root relaxation: objective -7.001696e+00, 36 iterations, 0.00 seconds (0.00 work units)

    Nodes    |    Current Node    |     Objective Bounds      |     Work
 Expl Unexpl |  Obj  Depth IntInf | Incumbent    BestBd   Gap | It/Node Time

     0     0   -7.00170    0   16   -0.06605   -7.00170      -     -    0s
H    0     0                      -0.2875234   -7.00170  2335%     -    0s
H    0     0                      -0.9479830   -7.00170   639%     -    0s
H    0     0                      -1.4659764   -7.00170   378%     -    0s
H    0     0                      -2.2624537   -7.00170   209%     -    0s
     0     0   -2.26245    0  111   -2.26245   -2.26245  0.00%     -    0s

Cutting planes:
  Gomory: 1
  MIR: 59
  Zero half: 40
  RLT: 41
  BQP: 261

Explored 1 nodes (647 simplex iterations) in 0.04 seconds (0.03 work units)
Thread count was 8 (of 96 available processors)

Solution count 5: -2.26245 -1.46598 -0.947983 ... -0.0660515
No other solutions better than -2.26245

Optimal solution found (tolerance 1.00e-06)
Best objective -2.262453716333e+00, best bound -2.262453716333e+00, gap 0.0000%

User-callback calls 74, time in user-callback 0.00 sec
