
Gurobi 13.0.0 (linux64) logging started Tue Mar 31 15:06:53 2026

Set parameter LogFile to value "logs/N=12_layers=3_presolve_on/N=12/seed=38/n_qaoa_layers=3/precond_pen=0.800.log"
Set parameter MIPGap to value 1e-06
Set parameter Threads to value 8
Gurobi Optimizer version 13.0.0 build v13.0.0rc1 (linux64 - "Oracle Linux Server 9.7")

CPU model: AMD EPYC 7643 48-Core Processor, instruction set [SSE2|AVX|AVX2]
Thread count: 48 physical cores, 96 logical processors, using up to 8 threads

Non-default parameters:
MIPGap  1e-06
Threads  8

Optimize a model with 1 rows, 12 columns and 12 nonzeros (Min)
Model fingerprint: 0xbb778aac
Model has 12 linear objective coefficients and an objective constant of 5.211505729495
Model has 66 quadratic objective terms
Variable types: 0 continuous, 12 integer (12 binary)
Coefficient statistics:
  Matrix range     [1e+00, 1e+00]
  Objective range  [1e+00, 2e+00]
  QObjective range [2e-02, 2e+00]
  Bounds range     [1e+00, 1e+00]
  RHS range        [6e+00, 6e+00]
Found heuristic solution: objective -1.1061803
Presolve time: 0.00s
Presolved: 67 rows, 78 columns, 210 nonzeros
Variable types: 0 continuous, 78 integer (78 binary)

Root relaxation: objective -8.278305e+00, 21 iterations, 0.00 seconds (0.00 work units)

    Nodes    |    Current Node    |     Objective Bounds      |     Work
 Expl Unexpl |  Obj  Depth IntInf | Incumbent    BestBd   Gap | It/Node Time

     0     0   -8.27831    0   12   -1.10618   -8.27831   648%     -    0s
H    0     0                      -2.6244858   -8.27831   215%     -    0s
H    0     0                      -3.0535366   -8.27831   171%     -    0s
H    0     0                      -5.4285034   -8.27831  52.5%     -    0s

Cutting planes:
  Gomory: 2
  MIR: 16
  Zero half: 10
  RLT: 19
  BQP: 71

Explored 1 nodes (21 simplex iterations) in 0.01 seconds (0.00 work units)
Thread count was 8 (of 96 available processors)

Solution count 4: -5.4285 -3.05354 -2.62449 -1.10618 
No other solutions better than -5.4285

Optimal solution found (tolerance 1.00e-06)
Best objective -5.428503362185e+00, best bound -5.428503362185e+00, gap 0.0000%

User-callback calls 159, time in user-callback 0.00 sec

Gurobi 13.0.0 (linux64) logging started Tue Mar 31 15:10:52 2026

Set parameter LogFile to value "logs/N=12_layers=3_presolve_on/N=12/seed=38/n_qaoa_layers=3/precond_pen=0.800.log"
Set parameter MIPGap to value 1e-06
Set parameter Threads to value 8
Gurobi Optimizer version 13.0.0 build v13.0.0rc1 (linux64 - "Oracle Linux Server 9.7")

CPU model: AMD EPYC 7643 48-Core Processor, instruction set [SSE2|AVX|AVX2]
Thread count: 48 physical cores, 96 logical processors, using up to 8 threads

Non-default parameters:
MIPGap  1e-06
Threads  8

Optimize a model with 1 rows, 12 columns and 12 nonzeros (Min)
Model fingerprint: 0xbb778aac
Model has 12 linear objective coefficients and an objective constant of 5.211505729495
Model has 66 quadratic objective terms
Variable types: 0 continuous, 12 integer (12 binary)
Coefficient statistics:
  Matrix range     [1e+00, 1e+00]
  Objective range  [1e+00, 2e+00]
  QObjective range [2e-02, 2e+00]
  Bounds range     [1e+00, 1e+00]
  RHS range        [6e+00, 6e+00]
Found heuristic solution: objective -1.1061803
Presolve time: 0.00s
Presolved: 67 rows, 78 columns, 210 nonzeros
Variable types: 0 continuous, 78 integer (78 binary)

Root relaxation: objective -8.278305e+00, 21 iterations, 0.00 seconds (0.00 work units)

    Nodes    |    Current Node    |     Objective Bounds      |     Work
 Expl Unexpl |  Obj  Depth IntInf | Incumbent    BestBd   Gap | It/Node Time

     0     0   -8.27831    0   12   -1.10618   -8.27831   648%     -    0s
H    0     0                      -2.6244858   -8.27831   215%     -    0s
H    0     0                      -3.0535366   -8.27831   171%     -    0s
H    0     0                      -5.4285034   -8.27831  52.5%     -    0s

Cutting planes:
  Gomory: 2
  MIR: 16
  Zero half: 10
  RLT: 19
  BQP: 71

Explored 1 nodes (21 simplex iterations) in 0.01 seconds (0.00 work units)
Thread count was 8 (of 96 available processors)

Solution count 4: -5.4285 -3.05354 -2.62449 -1.10618 
No other solutions better than -5.4285

Optimal solution found (tolerance 1.00e-06)
Best objective -5.428503362185e+00, best bound -5.428503362185e+00, gap 0.0000%

User-callback calls 159, time in user-callback 0.00 sec
