
Gurobi 13.0.0 (linux64) logging started Sun May  3 10:53:55 2026

Set parameter LogFile to value "logs/N=16_layers=1_presolve_on/N=16/seed=29/quantum_layers=1/precond_pen=1.000.log"
Set parameter MIPGap to value 1e-06
Set parameter Threads to value 8
Gurobi Optimizer version 13.0.0 build v13.0.0rc1 (linux64 - "Oracle Linux Server 9.7")

CPU model: AMD EPYC 7643 48-Core Processor, instruction set [SSE2|AVX|AVX2]
Thread count: 48 physical cores, 96 logical processors, using up to 8 threads

Non-default parameters:
MIPGap  1e-06
Threads  8

Optimize a model with 1 rows, 16 columns and 16 nonzeros (Min)
Model fingerprint: 0x861136ee
Model has 16 linear objective coefficients and an objective constant of 6.767721854884
Model has 120 quadratic objective terms
Variable types: 0 continuous, 16 integer (16 binary)
Coefficient statistics:
  Matrix range     [1e+00, 1e+00]
  Objective range  [2e+00, 2e+00]
  QObjective range [2e-01, 7e-01]
  Bounds range     [1e+00, 1e+00]
  RHS range        [8e+00, 8e+00]
Found heuristic solution: objective -0.6311255
Presolve time: 0.00s
Presolved: 121 rows, 136 columns, 376 nonzeros
Variable types: 0 continuous, 136 integer (136 binary)

Root relaxation: objective -6.767722e+00, 38 iterations, 0.00 seconds (0.00 work units)

    Nodes    |    Current Node    |     Objective Bounds      |     Work
 Expl Unexpl |  Obj  Depth IntInf | Incumbent    BestBd   Gap | It/Node Time

     0     0   -6.76772    0   16   -0.63113   -6.76772   972%     -    0s
H    0     0                      -0.8557906   -6.76772   691%     -    0s
H    0     0                      -1.2649749   -6.76772   435%     -    0s
     0     0   -1.36561    0  104   -1.26497   -1.36561  7.96%     -    0s
     0     0   -1.26497    0  127   -1.26497   -1.26497  0.00%     -    0s

Cutting planes:
  Gomory: 6
  Dual implied bound: 8
  MIR: 95
  StrongCG: 1
  Zero half: 26
  RLT: 35
  BQP: 275

Explored 1 nodes (1330 simplex iterations) in 0.15 seconds (0.10 work units)
Thread count was 8 (of 96 available processors)

Solution count 3: -1.26497 -0.855791 -0.631125 
No other solutions better than -1.26497

Optimal solution found (tolerance 1.00e-06)
Best objective -1.264974902742e+00, best bound -1.264974902742e+00, gap 0.0000%

User-callback calls 182, time in user-callback 0.00 sec
