
Gurobi 13.0.0 (linux64) logging started Sun May  3 10:53:55 2026

Set parameter LogFile to value "logs/N=16_layers=1_presolve_on/N=16/seed=29/quantum_layers=1/precond_pen=0.000.log"
Set parameter MIPGap to value 1e-06
Set parameter Threads to value 8
Gurobi Optimizer version 13.0.0 build v13.0.0rc1 (linux64 - "Oracle Linux Server 9.7")

CPU model: AMD EPYC 7643 48-Core Processor, instruction set [SSE2|AVX|AVX2]
Thread count: 48 physical cores, 96 logical processors, using up to 8 threads

Non-default parameters:
MIPGap  1e-06
Threads  8

Optimize a model with 1 rows, 16 columns and 16 nonzeros (Min)
Model fingerprint: 0xab2fa211
Model has 16 linear objective coefficients and an objective constant of -4.2172437951031981e+01
Model has 120 quadratic objective terms
Variable types: 0 continuous, 16 integer (16 binary)
Coefficient statistics:
  Matrix range     [1e+00, 1e+00]
  Objective range  [9e+00, 1e+01]
  QObjective range [1e+00, 4e+00]
  Bounds range     [1e+00, 1e+00]
  RHS range        [8e+00, 8e+00]
Found heuristic solution: objective 1.8574226
Presolve time: 0.00s
Presolved: 121 rows, 136 columns, 376 nonzeros
Variable types: 0 continuous, 136 integer (136 binary)

Root relaxation: objective -4.217244e+01, 13 iterations, 0.00 seconds (0.00 work units)

    Nodes    |    Current Node    |     Objective Bounds      |     Work
 Expl Unexpl |  Obj  Depth IntInf | Incumbent    BestBd   Gap | It/Node Time

     0     0  -42.17244    0   16    1.85742  -42.17244  2370%     -    0s
H    0     0                      -0.5068804  -42.17244  8220%     -    0s
     0     0   -5.40866    0   16   -0.50688   -5.40866   967%     -    0s
     0     0   -5.40866    0   24   -0.50688   -5.40866   967%     -    0s
     0     0   -2.80197    0   62   -0.50688   -2.80197   453%     -    0s
     0     0   -2.78529    0   62   -0.50688   -2.78529   449%     -    0s
     0     2   -2.69151    0   62   -0.50688   -2.69151   431%     -    0s

Cutting planes:
  Gomory: 2
  Dual implied bound: 25
  MIR: 12
  RLT: 14

Explored 40 nodes (1492 simplex iterations) in 0.05 seconds (0.04 work units)
Thread count was 8 (of 96 available processors)

Solution count 2: -0.50688 1.85742 

Optimal solution found (tolerance 1.00e-06)
Best objective -5.068804250300e-01, best bound -5.068804250300e-01, gap 0.0000%

User-callback calls 269, time in user-callback 0.00 sec
