
Gurobi 13.0.0 (linux64) logging started Sun May  3 10:53:55 2026

Set parameter LogFile to value "logs/N=16_layers=1_presolve_on/N=16/seed=29/quantum_layers=1/precond_pen=0.200.log"
Set parameter MIPGap to value 1e-06
Set parameter Threads to value 8
Gurobi Optimizer version 13.0.0 build v13.0.0rc1 (linux64 - "Oracle Linux Server 9.7")

CPU model: AMD EPYC 7643 48-Core Processor, instruction set [SSE2|AVX|AVX2]
Thread count: 48 physical cores, 96 logical processors, using up to 8 threads

Non-default parameters:
MIPGap  1e-06
Threads  8

Optimize a model with 1 rows, 16 columns and 16 nonzeros (Min)
Model fingerprint: 0x883ce035
Model has 16 linear objective coefficients and an objective constant of -6.97852642287
Model has 120 quadratic objective terms
Variable types: 0 continuous, 16 integer (16 binary)
Coefficient statistics:
  Matrix range     [1e+00, 1e+00]
  Objective range  [2e-02, 4e+00]
  QObjective range [1e-03, 3e+00]
  Bounds range     [1e+00, 1e+00]
  RHS range        [8e+00, 8e+00]
Found heuristic solution: objective -1.2878728
Presolve time: 0.00s
Presolved: 121 rows, 136 columns, 376 nonzeros
Variable types: 0 continuous, 136 integer (136 binary)

Root relaxation: objective -1.633142e+01, 33 iterations, 0.00 seconds (0.00 work units)

    Nodes    |    Current Node    |     Objective Bounds      |     Work
 Expl Unexpl |  Obj  Depth IntInf | Incumbent    BestBd   Gap | It/Node Time

     0     0  -16.33142    0   16   -1.28787  -16.33142  1168%     -    0s
H    0     0                      -6.9322323  -16.33142   136%     -    0s
     0     0   -8.60573    0   78   -6.93223   -8.60573  24.1%     -    0s
     0     0   -8.59253    0   78   -6.93223   -8.59253  24.0%     -    0s

Cutting planes:
  Gomory: 4
  Dual implied bound: 7
  MIR: 45
  StrongCG: 2
  Zero half: 11
  RLT: 28
  BQP: 68

Explored 1 nodes (271 simplex iterations) in 0.03 seconds (0.02 work units)
Thread count was 8 (of 96 available processors)

Solution count 2: -6.93223 -1.28787 
No other solutions better than -6.93223

Optimal solution found (tolerance 1.00e-06)
Best objective -6.932232324904e+00, best bound -6.932232324904e+00, gap 0.0000%

User-callback calls 172, time in user-callback 0.00 sec
