
Gurobi 13.0.0 (linux64) logging started Sun Mar 22 16:50:39 2026

Set parameter LogFile to value "logs/N=12_presolve_on/N=12/seed=32/n_qaoa_layers=1/precond_pen=0.200.log"
Set parameter MIPGap to value 1e-06
Set parameter Threads to value 8
Gurobi Optimizer version 13.0.0 build v13.0.0rc1 (linux64 - "Oracle Linux Server 9.7")

CPU model: AMD EPYC 7643 48-Core Processor, instruction set [SSE2|AVX|AVX2]
Thread count: 48 physical cores, 96 logical processors, using up to 8 threads

Non-default parameters:
MIPGap  1e-06
Threads  8

Optimize a model with 1 rows, 12 columns and 12 nonzeros (Min)
Model fingerprint: 0xf2d8415a
Model has 12 linear objective coefficients and an objective constant of -7.0199999470739991e+00
Model has 66 quadratic objective terms
Variable types: 0 continuous, 12 integer (12 binary)
Coefficient statistics:
  Matrix range     [1e+00, 1e+00]
  Objective range  [3e-01, 5e+00]
  QObjective range [3e-02, 4e+00]
  Bounds range     [1e+00, 1e+00]
  RHS range        [6e+00, 6e+00]
Found heuristic solution: objective 1.3732533
Presolve time: 0.00s
Presolved: 67 rows, 78 columns, 210 nonzeros
Variable types: 0 continuous, 78 integer (78 binary)

Root relaxation: objective -1.177842e+01, 13 iterations, 0.00 seconds (0.00 work units)

    Nodes    |    Current Node    |     Objective Bounds      |     Work
 Expl Unexpl |  Obj  Depth IntInf | Incumbent    BestBd   Gap | It/Node Time

     0     0  -11.77842    0   12    1.37325  -11.77842   958%     -    0s
H    0     0                      -3.0626090  -11.77842   285%     -    0s
H    0     0                      -3.7898741  -11.77842   211%     -    0s
H    0     0                      -3.8206461  -11.77842   208%     -    0s
     0     0   -5.99515    0   34   -3.82065   -5.99515  56.9%     -    0s

Cutting planes:
  Gomory: 6
  Cover: 2
  Dual implied bound: 7
  MIR: 21
  Zero half: 6
  RLT: 13
  BQP: 24

Explored 1 nodes (85 simplex iterations) in 0.01 seconds (0.01 work units)
Thread count was 8 (of 96 available processors)

Solution count 4: -3.82065 -3.78987 -3.06261 1.37325 
No other solutions better than -3.82065

Optimal solution found (tolerance 1.00e-06)
Best objective -3.820646064044e+00, best bound -3.820646064044e+00, gap 0.0000%

User-callback calls 167, time in user-callback 0.00 sec
