
Gurobi 13.0.0 (linux64) logging started Tue Mar 31 15:06:55 2026

Set parameter LogFile to value "logs/N=12_layers=3_presolve_off/N=12/seed=2/n_qaoa_layers=3/precond_pen=0.200.log"
Set parameter MIPGap to value 1e-06
Set parameter Threads to value 8
Set parameter Presolve to value 0
Gurobi Optimizer version 13.0.0 build v13.0.0rc1 (linux64 - "Oracle Linux Server 9.7")

CPU model: AMD EPYC 7643 48-Core Processor, instruction set [SSE2|AVX|AVX2]
Thread count: 48 physical cores, 96 logical processors, using up to 8 threads

Non-default parameters:
MIPGap  1e-06
Presolve  0
Threads  8

Optimize a model with 1 rows, 12 columns and 12 nonzeros (Min)
Model fingerprint: 0x2ce5f775
Model has 12 linear objective coefficients and an objective constant of -1.3668635598338003e+01
Model has 66 quadratic objective terms
Variable types: 0 continuous, 12 integer (12 binary)
Coefficient statistics:
  Matrix range     [1e+00, 1e+00]
  Objective range  [2e+00, 7e+00]
  QObjective range [3e-01, 7e+00]
  Bounds range     [1e+00, 1e+00]
  RHS range        [6e+00, 6e+00]
Found heuristic solution: objective 2.8512315
Variable types: 0 continuous, 78 integer (78 binary)

Root relaxation: objective -2.953287e+01, 9 iterations, 0.00 seconds (0.00 work units)

    Nodes    |    Current Node    |     Objective Bounds      |     Work
 Expl Unexpl |  Obj  Depth IntInf | Incumbent    BestBd   Gap | It/Node Time

     0     0  -29.53287    0   12    2.85123  -29.53287  1136%     -    0s
H    0     0                      -1.3732657  -29.53287  2051%     -    0s
H    0     0                      -3.2550243  -29.53287   807%     -    0s
H    0     0                     -14.2407469  -29.53287   107%     -    0s
     0     0  -14.24075    0   25  -14.24075  -14.24075  0.00%     -    0s

Cutting planes:
  Gomory: 1
  MIR: 12
  Zero half: 5
  RLT: 18
  BQP: 20

Explored 1 nodes (76 simplex iterations) in 0.01 seconds (0.00 work units)
Thread count was 8 (of 96 available processors)

Solution count 4: -14.2407 -3.25502 -1.37327 2.85123 
No other solutions better than -14.2407

Optimal solution found (tolerance 1.00e-06)
Best objective -1.424074692916e+01, best bound -1.424074692916e+01, gap 0.0000%

User-callback calls 67, time in user-callback 0.00 sec

Gurobi 13.0.0 (linux64) logging started Tue Mar 31 15:10:53 2026

Set parameter LogFile to value "logs/N=12_layers=3_presolve_off/N=12/seed=2/n_qaoa_layers=3/precond_pen=0.200.log"
Set parameter MIPGap to value 1e-06
Set parameter Threads to value 8
Set parameter Presolve to value 0
Gurobi Optimizer version 13.0.0 build v13.0.0rc1 (linux64 - "Oracle Linux Server 9.7")

CPU model: AMD EPYC 7643 48-Core Processor, instruction set [SSE2|AVX|AVX2]
Thread count: 48 physical cores, 96 logical processors, using up to 8 threads

Non-default parameters:
MIPGap  1e-06
Presolve  0
Threads  8

Optimize a model with 1 rows, 12 columns and 12 nonzeros (Min)
Model fingerprint: 0x2ce5f775
Model has 12 linear objective coefficients and an objective constant of -1.3668635598338003e+01
Model has 66 quadratic objective terms
Variable types: 0 continuous, 12 integer (12 binary)
Coefficient statistics:
  Matrix range     [1e+00, 1e+00]
  Objective range  [2e+00, 7e+00]
  QObjective range [3e-01, 7e+00]
  Bounds range     [1e+00, 1e+00]
  RHS range        [6e+00, 6e+00]
Found heuristic solution: objective 2.8512315
Variable types: 0 continuous, 78 integer (78 binary)

Root relaxation: objective -2.953287e+01, 9 iterations, 0.00 seconds (0.00 work units)

    Nodes    |    Current Node    |     Objective Bounds      |     Work
 Expl Unexpl |  Obj  Depth IntInf | Incumbent    BestBd   Gap | It/Node Time

     0     0  -29.53287    0   12    2.85123  -29.53287  1136%     -    0s
H    0     0                      -1.3732657  -29.53287  2051%     -    0s
H    0     0                      -3.2550243  -29.53287   807%     -    0s
H    0     0                     -14.2407469  -29.53287   107%     -    0s
     0     0  -14.24075    0   25  -14.24075  -14.24075  0.00%     -    0s

Cutting planes:
  Gomory: 1
  MIR: 12
  Zero half: 5
  RLT: 18
  BQP: 20

Explored 1 nodes (76 simplex iterations) in 0.01 seconds (0.00 work units)
Thread count was 8 (of 96 available processors)

Solution count 4: -14.2407 -3.25502 -1.37327 2.85123 
No other solutions better than -14.2407

Optimal solution found (tolerance 1.00e-06)
Best objective -1.424074692916e+01, best bound -1.424074692916e+01, gap 0.0000%

User-callback calls 68, time in user-callback 0.00 sec
