
Gurobi 13.0.0 (linux64) logging started Tue Mar 31 15:06:51 2026

Set parameter LogFile to value "logs/N=12_layers=3_presolve_on/N=12/seed=22/n_qaoa_layers=3/baseline.log"
Set parameter MIPGap to value 1e-06
Set parameter Threads to value 8
Gurobi Optimizer version 13.0.0 build v13.0.0rc1 (linux64 - "Oracle Linux Server 9.7")

CPU model: AMD EPYC 7643 48-Core Processor, instruction set [SSE2|AVX|AVX2]
Thread count: 48 physical cores, 96 logical processors, using up to 8 threads

Non-default parameters:
MIPGap  1e-06
Threads  8

Optimize a model with 1 rows, 12 columns and 12 nonzeros (Min)
Model fingerprint: 0xd55e389b
Model has 12 linear objective coefficients and an objective constant of 2.0070611839173580e-12
Model has 66 quadratic objective terms
Variable types: 0 continuous, 12 integer (12 binary)
Coefficient statistics:
  Matrix range     [1e+00, 1e+00]
  Objective range  [9e+00, 2e+01]
  QObjective range [2e-01, 8e+00]
  Bounds range     [1e+00, 1e+00]
  RHS range        [6e+00, 6e+00]
Found heuristic solution: objective 41.8641561
Presolve time: 0.00s
Presolved: 67 rows, 78 columns, 210 nonzeros
Variable types: 0 continuous, 78 integer (78 binary)

Root relaxation: objective 2.010614e-12, 7 iterations, 0.00 seconds (0.00 work units)

    Nodes    |    Current Node    |     Objective Bounds      |     Work
 Expl Unexpl |  Obj  Depth IntInf | Incumbent    BestBd   Gap | It/Node Time

     0     0    0.00000    0   12   41.86416    0.00000   100%     -    0s
H    0     0                      37.2938817    0.00000   100%     -    0s
H    0     0                      32.4346593    0.00000   100%     -    0s
H    0     0                      31.4631897   18.40960  41.5%     -    0s
     0     0   19.83600    0   17   31.46319   19.83600  37.0%     -    0s
     0     0   20.04834    0   19   31.46319   20.04834  36.3%     -    0s
     0     0   24.14557    0   39   31.46319   24.14557  23.3%     -    0s
     0     0   24.32334    0   39   31.46319   24.32334  22.7%     -    0s
     0     2   24.80397    0   39   31.46319   24.80397  21.2%     -    0s

Cutting planes:
  Cover: 1
  Dual implied bound: 14
  MIR: 10
  Mod-K: 1
  RLT: 6

Explored 38 nodes (801 simplex iterations) in 0.03 seconds (0.02 work units)
Thread count was 8 (of 96 available processors)

Solution count 4: 31.4632 32.4347 37.2939 41.8642 

Optimal solution found (tolerance 1.00e-06)
Best objective 3.146318969086e+01, best bound 3.146318969086e+01, gap 0.0000%

User-callback calls 262, time in user-callback 0.00 sec

Gurobi 13.0.0 (linux64) logging started Tue Mar 31 15:10:50 2026

Set parameter LogFile to value "logs/N=12_layers=3_presolve_on/N=12/seed=22/n_qaoa_layers=3/baseline.log"
Set parameter MIPGap to value 1e-06
Set parameter Threads to value 8
Gurobi Optimizer version 13.0.0 build v13.0.0rc1 (linux64 - "Oracle Linux Server 9.7")

CPU model: AMD EPYC 7643 48-Core Processor, instruction set [SSE2|AVX|AVX2]
Thread count: 48 physical cores, 96 logical processors, using up to 8 threads

Non-default parameters:
MIPGap  1e-06
Threads  8

Optimize a model with 1 rows, 12 columns and 12 nonzeros (Min)
Model fingerprint: 0xd55e389b
Model has 12 linear objective coefficients and an objective constant of 2.0070611839173580e-12
Model has 66 quadratic objective terms
Variable types: 0 continuous, 12 integer (12 binary)
Coefficient statistics:
  Matrix range     [1e+00, 1e+00]
  Objective range  [9e+00, 2e+01]
  QObjective range [2e-01, 8e+00]
  Bounds range     [1e+00, 1e+00]
  RHS range        [6e+00, 6e+00]
Found heuristic solution: objective 41.8641561
Presolve time: 0.00s
Presolved: 67 rows, 78 columns, 210 nonzeros
Variable types: 0 continuous, 78 integer (78 binary)

Root relaxation: objective 2.010614e-12, 7 iterations, 0.00 seconds (0.00 work units)

    Nodes    |    Current Node    |     Objective Bounds      |     Work
 Expl Unexpl |  Obj  Depth IntInf | Incumbent    BestBd   Gap | It/Node Time

     0     0    0.00000    0   12   41.86416    0.00000   100%     -    0s
H    0     0                      37.2938817    0.00000   100%     -    0s
H    0     0                      32.4346593    0.00000   100%     -    0s
H    0     0                      31.4631897   18.40960  41.5%     -    0s
     0     0   19.83600    0   17   31.46319   19.83600  37.0%     -    0s
     0     0   20.04834    0   19   31.46319   20.04834  36.3%     -    0s
     0     0   24.14557    0   39   31.46319   24.14557  23.3%     -    0s
     0     0   24.32334    0   39   31.46319   24.32334  22.7%     -    0s
     0     2   24.80397    0   39   31.46319   24.80397  21.2%     -    0s

Cutting planes:
  Cover: 1
  Dual implied bound: 14
  MIR: 10
  Mod-K: 1
  RLT: 6

Explored 38 nodes (801 simplex iterations) in 0.03 seconds (0.02 work units)
Thread count was 8 (of 96 available processors)

Solution count 4: 31.4632 32.4347 37.2939 41.8642 

Optimal solution found (tolerance 1.00e-06)
Best objective 3.146318969086e+01, best bound 3.146318969086e+01, gap 0.0000%

User-callback calls 260, time in user-callback 0.00 sec
