
Gurobi 13.0.0 (linux64) logging started Tue Mar 31 15:06:51 2026

Set parameter LogFile to value "logs/N=12_layers=3_presolve_on/N=12/seed=22/n_qaoa_layers=3/precond_pen=0.200.log"
Set parameter MIPGap to value 1e-06
Set parameter Threads to value 8
Gurobi Optimizer version 13.0.0 build v13.0.0rc1 (linux64 - "Oracle Linux Server 9.7")

CPU model: AMD EPYC 7643 48-Core Processor, instruction set [SSE2|AVX|AVX2]
Thread count: 48 physical cores, 96 logical processors, using up to 8 threads

Non-default parameters:
MIPGap  1e-06
Threads  8

Optimize a model with 1 rows, 12 columns and 12 nonzeros (Min)
Model fingerprint: 0x4d4d1c3a
Model has 12 linear objective coefficients and an objective constant of -21.220802567849
Model has 66 quadratic objective terms
Variable types: 0 continuous, 12 integer (12 binary)
Coefficient statistics:
  Matrix range     [1e+00, 1e+00]
  Objective range  [2e+00, 1e+01]
  QObjective range [4e-02, 7e+00]
  Bounds range     [1e+00, 1e+00]
  RHS range        [6e+00, 6e+00]
Found heuristic solution: objective 3.3285504
Presolve time: 0.00s
Presolved: 67 rows, 78 columns, 210 nonzeros
Variable types: 0 continuous, 78 integer (78 binary)

Root relaxation: objective -2.641049e+01, 2 iterations, 0.00 seconds (0.00 work units)

    Nodes    |    Current Node    |     Objective Bounds      |     Work
 Expl Unexpl |  Obj  Depth IntInf | Incumbent    BestBd   Gap | It/Node Time

     0     0  -26.41049    0   12    3.32855  -26.41049   893%     -    0s
H    0     0                       2.6112064  -26.41049  1111%     -    0s
H    0     0                      -5.0206423  -26.41049   426%     -    0s
     0     0   -8.92294    0   37   -5.02064   -8.92294  77.7%     -    0s
     0     0   -8.59041    0   34   -5.02064   -8.59041  71.1%     -    0s
     0     0   -5.02064    0   36   -5.02064   -5.02064  0.00%     -    0s

Cutting planes:
  Gomory: 4
  Dual implied bound: 12
  MIR: 12
  StrongCG: 1
  Zero half: 3
  RLT: 12
  BQP: 12

Explored 1 nodes (178 simplex iterations) in 0.02 seconds (0.01 work units)
Thread count was 8 (of 96 available processors)

Solution count 3: -5.02064 2.61121 3.32855 
No other solutions better than -5.02064

Optimal solution found (tolerance 1.00e-06)
Best objective -5.020642306025e+00, best bound -5.020642306025e+00, gap 0.0000%

User-callback calls 176, time in user-callback 0.00 sec

Gurobi 13.0.0 (linux64) logging started Tue Mar 31 15:10:50 2026

Set parameter LogFile to value "logs/N=12_layers=3_presolve_on/N=12/seed=22/n_qaoa_layers=3/precond_pen=0.200.log"
Set parameter MIPGap to value 1e-06
Set parameter Threads to value 8
Gurobi Optimizer version 13.0.0 build v13.0.0rc1 (linux64 - "Oracle Linux Server 9.7")

CPU model: AMD EPYC 7643 48-Core Processor, instruction set [SSE2|AVX|AVX2]
Thread count: 48 physical cores, 96 logical processors, using up to 8 threads

Non-default parameters:
MIPGap  1e-06
Threads  8

Optimize a model with 1 rows, 12 columns and 12 nonzeros (Min)
Model fingerprint: 0x4d4d1c3a
Model has 12 linear objective coefficients and an objective constant of -21.220802567849
Model has 66 quadratic objective terms
Variable types: 0 continuous, 12 integer (12 binary)
Coefficient statistics:
  Matrix range     [1e+00, 1e+00]
  Objective range  [2e+00, 1e+01]
  QObjective range [4e-02, 7e+00]
  Bounds range     [1e+00, 1e+00]
  RHS range        [6e+00, 6e+00]
Found heuristic solution: objective 3.3285504
Presolve time: 0.00s
Presolved: 67 rows, 78 columns, 210 nonzeros
Variable types: 0 continuous, 78 integer (78 binary)

Root relaxation: objective -2.641049e+01, 2 iterations, 0.00 seconds (0.00 work units)

    Nodes    |    Current Node    |     Objective Bounds      |     Work
 Expl Unexpl |  Obj  Depth IntInf | Incumbent    BestBd   Gap | It/Node Time

     0     0  -26.41049    0   12    3.32855  -26.41049   893%     -    0s
H    0     0                       2.6112064  -26.41049  1111%     -    0s
H    0     0                      -5.0206423  -26.41049   426%     -    0s
     0     0   -8.92294    0   37   -5.02064   -8.92294  77.7%     -    0s
     0     0   -8.59041    0   34   -5.02064   -8.59041  71.1%     -    0s
     0     0   -5.02064    0   36   -5.02064   -5.02064  0.00%     -    0s

Cutting planes:
  Gomory: 4
  Dual implied bound: 12
  MIR: 12
  StrongCG: 1
  Zero half: 3
  RLT: 12
  BQP: 12

Explored 1 nodes (178 simplex iterations) in 0.02 seconds (0.01 work units)
Thread count was 8 (of 96 available processors)

Solution count 3: -5.02064 2.61121 3.32855 
No other solutions better than -5.02064

Optimal solution found (tolerance 1.00e-06)
Best objective -5.020642306025e+00, best bound -5.020642306025e+00, gap 0.0000%

User-callback calls 176, time in user-callback 0.00 sec
