
Gurobi 13.0.0 (linux64) logging started Sun May  3 10:53:57 2026

Set parameter LogFile to value "logs/N=16_layers=1_presolve_on/N=16/seed=33/quantum_layers=1/precond_pen=0.000.log"
Set parameter MIPGap to value 1e-06
Set parameter Threads to value 8
Gurobi Optimizer version 13.0.0 build v13.0.0rc1 (linux64 - "Oracle Linux Server 9.7")

CPU model: AMD EPYC 7643 48-Core Processor, instruction set [SSE2|AVX|AVX2]
Thread count: 48 physical cores, 96 logical processors, using up to 8 threads

Non-default parameters:
MIPGap  1e-06
Threads  8

Optimize a model with 1 rows, 16 columns and 16 nonzeros (Min)
Model fingerprint: 0xf193c593
Model has 16 linear objective coefficients and an objective constant of -4.3707044835651025e+01
Model has 120 quadratic objective terms
Variable types: 0 continuous, 16 integer (16 binary)
Coefficient statistics:
  Matrix range     [1e+00, 1e+00]
  Objective range  [9e+00, 1e+01]
  QObjective range [2e+00, 4e+00]
  Bounds range     [1e+00, 1e+00]
  RHS range        [8e+00, 8e+00]
Found heuristic solution: objective 2.4114583
Presolve time: 0.00s
Presolved: 121 rows, 136 columns, 376 nonzeros
Variable types: 0 continuous, 136 integer (136 binary)

Root relaxation: objective -4.370704e+01, 6 iterations, 0.00 seconds (0.00 work units)

    Nodes    |    Current Node    |     Objective Bounds      |     Work
 Expl Unexpl |  Obj  Depth IntInf | Incumbent    BestBd   Gap | It/Node Time

     0     0  -43.70704    0   16    2.41146  -43.70704  1912%     -    0s
H    0     0                       0.2798318  -43.70704      -     -    0s
H    0     0                      -0.3134857  -43.70704      -     -    0s
H    0     0                      -0.4776918  -26.88011  5527%     -    0s
     0     0   -5.35407    0   16   -0.47769   -5.35407  1021%     -    0s
     0     0   -5.19218    0   24   -0.47769   -5.19218   987%     -    0s
     0     0   -3.47748    0   58   -0.47769   -3.47748   628%     -    0s
     0     0   -3.46669    0   58   -0.47769   -3.46669   626%     -    0s
     0     2   -3.38644    0   58   -0.47769   -3.38644   609%     -    0s

Cutting planes:
  Gomory: 1
  Dual implied bound: 25
  MIR: 13
  RLT: 14

Explored 54 nodes (2001 simplex iterations) in 0.06 seconds (0.05 work units)
Thread count was 8 (of 96 available processors)

Solution count 4: -0.477692 -0.313486 0.279832 2.41146 

Optimal solution found (tolerance 1.00e-06)
Best objective -4.776918209370e-01, best bound -4.776918209370e-01, gap 0.0000%

User-callback calls 304, time in user-callback 0.00 sec
