
Gurobi 13.0.0 (linux64) logging started Sun May  3 10:53:57 2026

Set parameter LogFile to value "logs/N=16_layers=1_presolve_on/N=16/seed=33/quantum_layers=1/precond_pen=0.800.log"
Set parameter MIPGap to value 1e-06
Set parameter Threads to value 8
Gurobi Optimizer version 13.0.0 build v13.0.0rc1 (linux64 - "Oracle Linux Server 9.7")

CPU model: AMD EPYC 7643 48-Core Processor, instruction set [SSE2|AVX|AVX2]
Thread count: 48 physical cores, 96 logical processors, using up to 8 threads

Non-default parameters:
MIPGap  1e-06
Threads  8

Optimize a model with 1 rows, 16 columns and 16 nonzeros (Min)
Model fingerprint: 0x86b43f03
Model has 16 linear objective coefficients and an objective constant of 6.7350947565719990e+00
Model has 120 quadratic objective terms
Variable types: 0 continuous, 16 integer (16 binary)
Coefficient statistics:
  Matrix range     [1e+00, 1e+00]
  Objective range  [1e+00, 2e+00]
  QObjective range [5e-02, 8e-01]
  Bounds range     [1e+00, 1e+00]
  RHS range        [8e+00, 8e+00]
Found heuristic solution: objective -0.4803560
Presolve time: 0.00s
Presolved: 121 rows, 136 columns, 376 nonzeros
Variable types: 0 continuous, 136 integer (136 binary)

Root relaxation: objective -6.735095e+00, 57 iterations, 0.00 seconds (0.00 work units)

    Nodes    |    Current Node    |     Objective Bounds      |     Work
 Expl Unexpl |  Obj  Depth IntInf | Incumbent    BestBd   Gap | It/Node Time

     0     0   -6.73509    0   16   -0.48036   -6.73509  1302%     -    0s
H    0     0                      -1.1111007   -6.73509   506%     -    0s
H    0     0                      -1.5051997   -6.73509   347%     -    0s
H    0     0                      -1.5184224   -4.98956   229%     -    0s
     0     0   -1.60331    0  104   -1.51842   -1.60331  5.59%     -    0s
     0     0   -1.51842    0   71   -1.51842   -1.51842  0.00%     -    0s

Cutting planes:
  Gomory: 4
  Cover: 1
  Dual implied bound: 7
  MIR: 79
  Zero half: 19
  RLT: 32
  BQP: 284

Explored 1 nodes (872 simplex iterations) in 0.11 seconds (0.06 work units)
Thread count was 8 (of 96 available processors)

Solution count 4: -1.51842 -1.5052 -1.1111 -0.480356 
No other solutions better than -1.51842

Optimal solution found (tolerance 1.00e-06)
Best objective -1.518422447132e+00, best bound -1.518422447132e+00, gap 0.0000%

User-callback calls 183, time in user-callback 0.00 sec
