
Gurobi 13.0.0 (linux64) logging started Sun May  3 10:53:45 2026

Set parameter LogFile to value "logs/N=16_layers=1_presolve_on/N=16/seed=12/quantum_layers=1/baseline.log"
Set parameter MIPGap to value 1e-06
Set parameter Threads to value 8
Gurobi Optimizer version 13.0.0 build v13.0.0rc1 (linux64 - "Oracle Linux Server 9.7")

CPU model: AMD EPYC 7643 48-Core Processor, instruction set [SSE2|AVX|AVX2]
Thread count: 48 physical cores, 96 logical processors, using up to 8 threads

Non-default parameters:
MIPGap  1e-06
Threads  8

Optimize a model with 1 rows, 16 columns and 16 nonzeros (Min)
Model fingerprint: 0x8abf8941
Model has 16 linear objective coefficients and an objective constant of 3.0106472870272682e-12
Model has 120 quadratic objective terms
Variable types: 0 continuous, 16 integer (16 binary)
Coefficient statistics:
  Matrix range     [1e+00, 1e+00]
  Objective range  [1e+01, 2e+01]
  QObjective range [2e-02, 8e+00]
  Bounds range     [1e+00, 1e+00]
  RHS range        [8e+00, 8e+00]
Found heuristic solution: objective 69.1097745
Presolve time: 0.00s
Presolved: 121 rows, 136 columns, 376 nonzeros
Variable types: 0 continuous, 136 integer (136 binary)

Root relaxation: objective 3.003542e-12, 10 iterations, 0.00 seconds (0.00 work units)

    Nodes    |    Current Node    |     Objective Bounds      |     Work
 Expl Unexpl |  Obj  Depth IntInf | Incumbent    BestBd   Gap | It/Node Time

     0     0    0.00000    0   16   69.10977    0.00000   100%     -    0s
H    0     0                      66.6260397    0.00000   100%     -    0s
H    0     0                      58.2443674    0.00000   100%     -    0s
H    0     0                      56.6804539   25.35052  55.3%     -    0s
H    0     0                      54.4075737   25.35052  53.4%     -    0s
     0     0   27.08865    0   21   54.40757   27.08865  50.2%     -    0s
     0     0   27.78221    0   21   54.40757   27.78221  48.9%     -    0s
     0     0   34.45713    0   55   54.40757   34.45713  36.7%     -    0s
     0     0   35.54364    0   51   54.40757   35.54364  34.7%     -    0s
     0     0   43.45423    0   76   54.40757   43.45423  20.1%     -    0s
     0     0   43.53081    0   76   54.40757   43.53081  20.0%     -    0s
     0     2   44.02840    0   76   54.40757   44.02840  19.1%     -    0s

Cutting planes:
  Gomory: 1
  Cover: 22
  Dual implied bound: 31
  MIR: 28
  RLT: 13

Explored 73 nodes (2587 simplex iterations) in 0.08 seconds (0.07 work units)
Thread count was 8 (of 96 available processors)

Solution count 5: 54.4076 56.6805 58.2444 ... 69.1098

Optimal solution found (tolerance 1.00e-06)
Best objective 5.440757373914e+01, best bound 5.440757373914e+01, gap 0.0000%

User-callback calls 361, time in user-callback 0.00 sec
