
Gurobi 13.0.0 (linux64) logging started Sun May  3 10:53:45 2026

Set parameter LogFile to value "logs/N=16_layers=1_presolve_on/N=16/seed=12/quantum_layers=1/precond_pen=0.700.log"
Set parameter MIPGap to value 1e-06
Set parameter Threads to value 8
Gurobi Optimizer version 13.0.0 build v13.0.0rc1 (linux64 - "Oracle Linux Server 9.7")

CPU model: AMD EPYC 7643 48-Core Processor, instruction set [SSE2|AVX|AVX2]
Thread count: 48 physical cores, 96 logical processors, using up to 8 threads

Non-default parameters:
MIPGap  1e-06
Threads  8

Optimize a model with 1 rows, 16 columns and 16 nonzeros (Min)
Model fingerprint: 0x42c439a0
Model has 16 linear objective coefficients and an objective constant of 6.6904970659080014e+00
Model has 120 quadratic objective terms
Variable types: 0 continuous, 16 integer (16 binary)
Coefficient statistics:
  Matrix range     [1e+00, 1e+00]
  Objective range  [1e+00, 2e+00]
  QObjective range [5e-03, 9e-01]
  Bounds range     [1e+00, 1e+00]
  RHS range        [8e+00, 8e+00]
Found heuristic solution: objective -0.1555392
Presolve time: 0.00s
Presolved: 121 rows, 136 columns, 376 nonzeros
Variable types: 0 continuous, 136 integer (136 binary)

Root relaxation: objective -6.695998e+00, 35 iterations, 0.00 seconds (0.00 work units)

    Nodes    |    Current Node    |     Objective Bounds      |     Work
 Expl Unexpl |  Obj  Depth IntInf | Incumbent    BestBd   Gap | It/Node Time

     0     0   -6.69600    0   16   -0.15554   -6.69600  4205%     -    0s
H    0     0                      -0.7217561   -6.69600   828%     -    0s
H    0     0                      -1.0560798   -6.69600   534%     -    0s
H    0     0                      -2.0600978   -6.69600   225%     -    0s
     0     0   -2.06292    0   72   -2.06010   -2.06292  0.14%     -    0s

Cutting planes:
  Gomory: 6
  MIR: 106
  Flow cover: 51
  Zero half: 37
  RLT: 48
  BQP: 345

Explored 1 nodes (466 simplex iterations) in 0.07 seconds (0.05 work units)
Thread count was 8 (of 96 available processors)

Solution count 4: -2.0601 -1.05608 -0.721756 -0.155539 
No other solutions better than -2.0601

Optimal solution found (tolerance 1.00e-06)
Best objective -2.060097791222e+00, best bound -2.060097791222e+00, gap 0.0000%

User-callback calls 176, time in user-callback 0.00 sec
