
Gurobi 13.0.0 (linux64) logging started Sun May  3 10:53:45 2026

Set parameter LogFile to value "logs/N=16_layers=1_presolve_on/N=16/seed=12/quantum_layers=1/precond_pen=0.000.log"
Set parameter MIPGap to value 1e-06
Set parameter Threads to value 8
Gurobi Optimizer version 13.0.0 build v13.0.0rc1 (linux64 - "Oracle Linux Server 9.7")

CPU model: AMD EPYC 7643 48-Core Processor, instruction set [SSE2|AVX|AVX2]
Thread count: 48 physical cores, 96 logical processors, using up to 8 threads

Non-default parameters:
MIPGap  1e-06
Threads  8

Optimize a model with 1 rows, 16 columns and 16 nonzeros (Min)
Model fingerprint: 0x4f4d5311
Model has 16 linear objective coefficients and an objective constant of -4.3417214997792996e+01
Model has 120 quadratic objective terms
Variable types: 0 continuous, 16 integer (16 binary)
Coefficient statistics:
  Matrix range     [1e+00, 1e+00]
  Objective range  [9e+00, 1e+01]
  QObjective range [2e+00, 4e+00]
  Bounds range     [1e+00, 1e+00]
  RHS range        [8e+00, 8e+00]
Found heuristic solution: objective 3.5651687
Presolve time: 0.00s
Presolved: 121 rows, 136 columns, 376 nonzeros
Variable types: 0 continuous, 136 integer (136 binary)

Root relaxation: objective -4.341721e+01, 5 iterations, 0.00 seconds (0.00 work units)

    Nodes    |    Current Node    |     Objective Bounds      |     Work
 Expl Unexpl |  Obj  Depth IntInf | Incumbent    BestBd   Gap | It/Node Time

     0     0  -43.41721    0   16    3.56517  -43.41721  1318%     -    0s
H    0     0                       3.3006251  -43.41721  1415%     -    0s
H    0     0                       3.1091981  -43.41721  1496%     -    0s
H    0     0                      -0.3719198  -43.41721      -     -    0s
     0     0   -5.76836    0   28   -0.37192   -5.76836  1451%     -    0s
     0     0   -5.67291    0   26   -0.37192   -5.67291  1425%     -    0s
     0     0   -3.18431    0   65   -0.37192   -3.18431   756%     -    0s
     0     0   -3.16762    0   65   -0.37192   -3.16762   752%     -    0s
     0     2   -3.11828    0   65   -0.37192   -3.11828   738%     -    0s

Cutting planes:
  Gomory: 3
  Dual implied bound: 25
  MIR: 13
  RLT: 14

Explored 36 nodes (1569 simplex iterations) in 0.05 seconds (0.04 work units)
Thread count was 8 (of 96 available processors)

Solution count 4: -0.37192 3.1092 3.30063 3.56517 

Optimal solution found (tolerance 1.00e-06)
Best objective -3.719198267570e-01, best bound -3.719198267570e-01, gap 0.0000%

User-callback calls 268, time in user-callback 0.00 sec
