
Gurobi 13.0.0 (linux64) logging started Sun May  3 11:04:31 2026

Set parameter LogFile to value "logs/N=12_layers=1_presolve_off/N=12/seed=37/quantum_layers=1/precond_pen=0.200.log"
Set parameter MIPGap to value 1e-06
Set parameter Threads to value 8
Set parameter Presolve to value 0
Gurobi Optimizer version 13.0.0 build v13.0.0rc1 (linux64 - "Oracle Linux Server 9.7")

CPU model: AMD EPYC 7643 48-Core Processor, instruction set [SSE2|AVX|AVX2]
Thread count: 48 physical cores, 96 logical processors, using up to 8 threads

Non-default parameters:
MIPGap  1e-06
Presolve  0
Threads  8

Optimize a model with 1 rows, 12 columns and 12 nonzeros (Min)
Model fingerprint: 0x509dbd23
Model has 12 linear objective coefficients and an objective constant of -2.9608596297320009e+00
Model has 66 quadratic objective terms
Variable types: 0 continuous, 12 integer (12 binary)
Coefficient statistics:
  Matrix range     [1e+00, 1e+00]
  Objective range  [2e-01, 4e+00]
  QObjective range [1e-02, 3e+00]
  Bounds range     [1e+00, 1e+00]
  RHS range        [6e+00, 6e+00]
Found heuristic solution: objective -0.1987525
Variable types: 0 continuous, 78 integer (78 binary)

Root relaxation: objective -1.077805e+01, 8 iterations, 0.00 seconds (0.00 work units)

    Nodes    |    Current Node    |     Objective Bounds      |     Work
 Expl Unexpl |  Obj  Depth IntInf | Incumbent    BestBd   Gap | It/Node Time

     0     0  -10.77805    0   12   -0.19875  -10.77805  5323%     -    0s
H    0     0                      -0.6893179  -10.77805  1464%     -    0s
H    0     0                      -4.6008805  -10.77805   134%     -    0s
     0     0   -5.56988    0   51   -4.60088   -5.56988  21.1%     -    0s
     0     0   -4.60088    0   44   -4.60088   -4.60088  0.00%     -    0s

Cutting planes:
  Gomory: 10
  MIR: 18
  Zero half: 6
  RLT: 10
  BQP: 27

Explored 1 nodes (142 simplex iterations) in 0.01 seconds (0.01 work units)
Thread count was 8 (of 96 available processors)

Solution count 3: -4.60088 -0.689318 -0.198752 
No other solutions better than -4.60088

Optimal solution found (tolerance 1.00e-06)
Best objective -4.600880482140e+00, best bound -4.600880482140e+00, gap 0.0000%

User-callback calls 73, time in user-callback 0.00 sec
