
Gurobi 13.0.0 (linux64) logging started Sun May  3 11:04:31 2026

Set parameter LogFile to value "logs/N=12_layers=1_presolve_off/N=12/seed=37/quantum_layers=1/precond_pen=0.300.log"
Set parameter MIPGap to value 1e-06
Set parameter Threads to value 8
Set parameter Presolve to value 0
Gurobi Optimizer version 13.0.0 build v13.0.0rc1 (linux64 - "Oracle Linux Server 9.7")

CPU model: AMD EPYC 7643 48-Core Processor, instruction set [SSE2|AVX|AVX2]
Thread count: 48 physical cores, 96 logical processors, using up to 8 threads

Non-default parameters:
MIPGap  1e-06
Presolve  0
Threads  8

Optimize a model with 1 rows, 12 columns and 12 nonzeros (Min)
Model fingerprint: 0xca2adf60
Model has 12 linear objective coefficients and an objective constant of 3.0001585100280010e+00
Model has 66 quadratic objective terms
Variable types: 0 continuous, 12 integer (12 binary)
Coefficient statistics:
  Matrix range     [1e+00, 1e+00]
  Objective range  [2e-01, 2e+00]
  QObjective range [1e-02, 3e+00]
  Bounds range     [1e+00, 1e+00]
  RHS range        [6e+00, 6e+00]
Found heuristic solution: objective -1.1185267
Variable types: 0 continuous, 78 integer (78 binary)

Root relaxation: objective -1.000496e+01, 8 iterations, 0.00 seconds (0.00 work units)

    Nodes    |    Current Node    |     Objective Bounds      |     Work
 Expl Unexpl |  Obj  Depth IntInf | Incumbent    BestBd   Gap | It/Node Time

     0     0  -10.00496    0   12   -1.11853  -10.00496   794%     -    0s
H    0     0                      -1.4686992  -10.00496   581%     -    0s
H    0     0                      -2.9636979  -10.00496   238%     -    0s
H    0     0                      -3.3543906  -10.00496   198%     -    0s
H    0     0                      -3.9236017   -6.25232  59.4%     -    0s
H    0     0                      -4.6626452   -6.25232  34.1%     -    0s
     0     0   -4.85501    0   32   -4.66265   -4.85501  4.13%     -    0s
     0     0     cutoff    0        -4.66265   -4.66265  0.00%     -    0s

Cutting planes:
  Gomory: 1
  MIR: 24
  Zero half: 20
  RLT: 17
  BQP: 51

Explored 1 nodes (107 simplex iterations) in 0.01 seconds (0.00 work units)
Thread count was 8 (of 96 available processors)

Solution count 6: -4.66265 -3.9236 -3.35439 ... -1.11853
No other solutions better than -4.66265

Optimal solution found (tolerance 1.00e-06)
Best objective -4.662645153730e+00, best bound -4.662645153730e+00, gap 0.0000%

User-callback calls 73, time in user-callback 0.00 sec
