
Gurobi 13.0.0 (linux64) logging started Sun May  3 10:58:25 2026

Set parameter LogFile to value "logs/N=16_layers=2_presolve_on/N=16/seed=2/quantum_layers=2/precond_pen=1.000.log"
Set parameter MIPGap to value 1e-06
Set parameter Threads to value 8
Gurobi Optimizer version 13.0.0 build v13.0.0rc1 (linux64 - "Oracle Linux Server 9.7")

CPU model: AMD EPYC 7643 48-Core Processor, instruction set [SSE2|AVX|AVX2]
Thread count: 48 physical cores, 96 logical processors, using up to 8 threads

Non-default parameters:
MIPGap  1e-06
Threads  8

Optimize a model with 1 rows, 16 columns and 16 nonzeros (Min)
Model fingerprint: 0x2a4d321f
Model has 16 linear objective coefficients and an objective constant of 7.2929635326060032e+00
Model has 120 quadratic objective terms
Variable types: 0 continuous, 16 integer (16 binary)
Coefficient statistics:
  Matrix range     [1e+00, 1e+00]
  Objective range  [2e+00, 2e+00]
  QObjective range [2e-03, 1e+00]
  Bounds range     [1e+00, 1e+00]
  RHS range        [8e+00, 8e+00]
Found heuristic solution: objective -0.4681749
Presolve time: 0.00s
Presolved: 121 rows, 136 columns, 376 nonzeros
Variable types: 0 continuous, 136 integer (136 binary)

Root relaxation: objective -7.373174e+00, 51 iterations, 0.00 seconds (0.00 work units)

    Nodes    |    Current Node    |     Objective Bounds      |     Work
 Expl Unexpl |  Obj  Depth IntInf | Incumbent    BestBd   Gap | It/Node Time

     0     0   -7.37317    0   16   -0.46817   -7.37317  1475%     -    0s
H    0     0                      -1.3157962   -7.37317   460%     -    0s
H    0     0                      -2.3314478   -7.37317   216%     -    0s
     0     0   -2.34331    0   69   -2.33145   -2.34331  0.51%     -    0s

Cutting planes:
  Gomory: 2
  MIR: 267
  Zero half: 27
  RLT: 31
  BQP: 267

Explored 1 nodes (471 simplex iterations) in 0.07 seconds (0.05 work units)
Thread count was 8 (of 96 available processors)

Solution count 3: -2.33145 -1.3158 -0.468175 
No other solutions better than -2.33145

Optimal solution found (tolerance 1.00e-06)
Best objective -2.331447760958e+00, best bound -2.331447760958e+00, gap 0.0000%

User-callback calls 172, time in user-callback 0.00 sec
