
Gurobi 13.0.0 (linux64) logging started Tue Mar 31 15:06:50 2026

Set parameter LogFile to value "logs/N=12_layers=3_presolve_on/N=12/seed=11/n_qaoa_layers=3/precond_pen=0.800.log"
Set parameter MIPGap to value 1e-06
Set parameter Threads to value 8
Gurobi Optimizer version 13.0.0 build v13.0.0rc1 (linux64 - "Oracle Linux Server 9.7")

CPU model: AMD EPYC 7643 48-Core Processor, instruction set [SSE2|AVX|AVX2]
Thread count: 48 physical cores, 96 logical processors, using up to 8 threads

Non-default parameters:
MIPGap  1e-06
Threads  8

Optimize a model with 1 rows, 12 columns and 12 nonzeros (Min)
Model fingerprint: 0x67916ba7
Model has 12 linear objective coefficients and an objective constant of 5.228030707086
Model has 66 quadratic objective terms
Variable types: 0 continuous, 12 integer (12 binary)
Coefficient statistics:
  Matrix range     [1e+00, 1e+00]
  Objective range  [2e+00, 2e+00]
  QObjective range [8e-02, 3e+00]
  Bounds range     [1e+00, 1e+00]
  RHS range        [6e+00, 6e+00]
Found heuristic solution: objective 1.3096605
Presolve time: 0.00s
Presolved: 67 rows, 78 columns, 210 nonzeros
Variable types: 0 continuous, 78 integer (78 binary)

Root relaxation: objective -8.707013e+00, 17 iterations, 0.00 seconds (0.00 work units)

    Nodes    |    Current Node    |     Objective Bounds      |     Work
 Expl Unexpl |  Obj  Depth IntInf | Incumbent    BestBd   Gap | It/Node Time

     0     0   -8.70701    0   12    1.30966   -8.70701   765%     -    0s
H    0     0                      -0.3428190   -8.70701  2440%     -    0s
H    0     0                      -0.8605787   -8.70701   912%     -    0s
H    0     0                      -1.1979352   -8.70701   627%     -    0s
H    0     0                      -3.4358170   -8.70701   153%     -    0s
H    0     0                      -3.6817898   -5.50160  49.4%     -    0s
     0     0     cutoff    0        -3.68179   -3.68179  0.00%     -    0s

Cutting planes:
  MIR: 20
  Zero half: 13
  RLT: 18
  BQP: 76

Explored 1 nodes (130 simplex iterations) in 0.01 seconds (0.00 work units)
Thread count was 8 (of 96 available processors)

Solution count 6: -3.68179 -3.43582 -1.19794 ... 1.30966
No other solutions better than -3.68179

Optimal solution found (tolerance 1.00e-06)
Best objective -3.681789845012e+00, best bound -3.681789845012e+00, gap 0.0000%

User-callback calls 166, time in user-callback 0.00 sec

Gurobi 13.0.0 (linux64) logging started Tue Mar 31 15:10:49 2026

Set parameter LogFile to value "logs/N=12_layers=3_presolve_on/N=12/seed=11/n_qaoa_layers=3/precond_pen=0.800.log"
Set parameter MIPGap to value 1e-06
Set parameter Threads to value 8
Gurobi Optimizer version 13.0.0 build v13.0.0rc1 (linux64 - "Oracle Linux Server 9.7")

CPU model: AMD EPYC 7643 48-Core Processor, instruction set [SSE2|AVX|AVX2]
Thread count: 48 physical cores, 96 logical processors, using up to 8 threads

Non-default parameters:
MIPGap  1e-06
Threads  8

Optimize a model with 1 rows, 12 columns and 12 nonzeros (Min)
Model fingerprint: 0x67916ba7
Model has 12 linear objective coefficients and an objective constant of 5.228030707086
Model has 66 quadratic objective terms
Variable types: 0 continuous, 12 integer (12 binary)
Coefficient statistics:
  Matrix range     [1e+00, 1e+00]
  Objective range  [2e+00, 2e+00]
  QObjective range [8e-02, 3e+00]
  Bounds range     [1e+00, 1e+00]
  RHS range        [6e+00, 6e+00]
Found heuristic solution: objective 1.3096605
Presolve time: 0.00s
Presolved: 67 rows, 78 columns, 210 nonzeros
Variable types: 0 continuous, 78 integer (78 binary)

Root relaxation: objective -8.707013e+00, 17 iterations, 0.00 seconds (0.00 work units)

    Nodes    |    Current Node    |     Objective Bounds      |     Work
 Expl Unexpl |  Obj  Depth IntInf | Incumbent    BestBd   Gap | It/Node Time

     0     0   -8.70701    0   12    1.30966   -8.70701   765%     -    0s
H    0     0                      -0.3428190   -8.70701  2440%     -    0s
H    0     0                      -0.8605787   -8.70701   912%     -    0s
H    0     0                      -1.1979352   -8.70701   627%     -    0s
H    0     0                      -3.4358170   -8.70701   153%     -    0s
H    0     0                      -3.6817898   -5.50160  49.4%     -    0s
     0     0     cutoff    0        -3.68179   -3.68179  0.00%     -    0s

Cutting planes:
  MIR: 20
  Zero half: 13
  RLT: 18
  BQP: 76

Explored 1 nodes (130 simplex iterations) in 0.01 seconds (0.00 work units)
Thread count was 8 (of 96 available processors)

Solution count 6: -3.68179 -3.43582 -1.19794 ... 1.30966
No other solutions better than -3.68179

Optimal solution found (tolerance 1.00e-06)
Best objective -3.681789845012e+00, best bound -3.681789845012e+00, gap 0.0000%

User-callback calls 166, time in user-callback 0.00 sec
