
Gurobi 13.0.0 (linux64) logging started Sun May  3 10:54:07 2026

Set parameter LogFile to value "logs/N=16_layers=1_presolve_on/N=16/seed=48/quantum_layers=1/precond_pen=1.000.log"
Set parameter MIPGap to value 1e-06
Set parameter Threads to value 8
Gurobi Optimizer version 13.0.0 build v13.0.0rc1 (linux64 - "Oracle Linux Server 9.7")

CPU model: AMD EPYC 7643 48-Core Processor, instruction set [SSE2|AVX|AVX2]
Thread count: 48 physical cores, 96 logical processors, using up to 8 threads

Non-default parameters:
MIPGap  1e-06
Threads  8

Optimize a model with 1 rows, 16 columns and 16 nonzeros (Min)
Model fingerprint: 0xdb7d10b7
Model has 16 linear objective coefficients and an objective constant of 6.7789428026659966e+00
Model has 120 quadratic objective terms
Variable types: 0 continuous, 16 integer (16 binary)
Coefficient statistics:
  Matrix range     [1e+00, 1e+00]
  Objective range  [2e+00, 2e+00]
  QObjective range [2e-01, 7e-01]
  Bounds range     [1e+00, 1e+00]
  RHS range        [8e+00, 8e+00]
Found heuristic solution: objective -0.5948918
Presolve time: 0.00s
Presolved: 121 rows, 136 columns, 376 nonzeros
Variable types: 0 continuous, 136 integer (136 binary)

Root relaxation: objective -6.778943e+00, 33 iterations, 0.00 seconds (0.00 work units)

    Nodes    |    Current Node    |     Objective Bounds      |     Work
 Expl Unexpl |  Obj  Depth IntInf | Incumbent    BestBd   Gap | It/Node Time

     0     0   -6.77894    0   16   -0.59489   -6.77894  1040%     -    0s
H    0     0                      -0.7009812   -6.77894   867%     -    0s
H    0     0                      -1.1017999   -6.77894   515%     -    0s
H    0     0                      -1.1878733   -6.77894   471%     -    0s
H    0     0                      -1.2198713   -5.17999   325%     -    0s
     0     0   -1.37475    0  119   -1.21987   -1.37475  12.7%     -    0s
     0     0   -1.28985    0  110   -1.21987   -1.28985  5.74%     -    0s
     0     0   -1.28985    0  110   -1.21987   -1.28985  5.74%     -    0s
     0     0   -1.28985    0  110   -1.21987   -1.28985  5.74%     -    0s
     0     2   -1.28985    0  110   -1.21987   -1.28985  5.74%     -    0s

Cutting planes:
  Gomory: 1
  Dual implied bound: 10
  MIR: 49
  Zero half: 16
  RLT: 26
  BQP: 182

Explored 9 nodes (1613 simplex iterations) in 0.16 seconds (0.12 work units)
Thread count was 8 (of 96 available processors)

Solution count 5: -1.21987 -1.18787 -1.1018 ... -0.594892
No other solutions better than -1.21987

Optimal solution found (tolerance 1.00e-06)
Best objective -1.219871271584e+00, best bound -1.219871271584e+00, gap 0.0000%

User-callback calls 225, time in user-callback 0.00 sec
