
Gurobi 13.0.0 (linux64) logging started Sun May  3 10:54:07 2026

Set parameter LogFile to value "logs/N=16_layers=1_presolve_on/N=16/seed=48/quantum_layers=1/precond_pen=0.000.log"
Set parameter MIPGap to value 1e-06
Set parameter Threads to value 8
Gurobi Optimizer version 13.0.0 build v13.0.0rc1 (linux64 - "Oracle Linux Server 9.7")

CPU model: AMD EPYC 7643 48-Core Processor, instruction set [SSE2|AVX|AVX2]
Thread count: 48 physical cores, 96 logical processors, using up to 8 threads

Non-default parameters:
MIPGap  1e-06
Threads  8

Optimize a model with 1 rows, 16 columns and 16 nonzeros (Min)
Model fingerprint: 0x43f7e789
Model has 16 linear objective coefficients and an objective constant of -4.3341444062160974e+01
Model has 120 quadratic objective terms
Variable types: 0 continuous, 16 integer (16 binary)
Coefficient statistics:
  Matrix range     [1e+00, 1e+00]
  Objective range  [1e+01, 1e+01]
  QObjective range [2e+00, 4e+00]
  Bounds range     [1e+00, 1e+00]
  RHS range        [8e+00, 8e+00]
Found heuristic solution: objective 2.5101781
Presolve time: 0.00s
Presolved: 121 rows, 136 columns, 376 nonzeros
Variable types: 0 continuous, 136 integer (136 binary)

Root relaxation: objective -4.334144e+01, 7 iterations, 0.00 seconds (0.00 work units)

    Nodes    |    Current Node    |     Objective Bounds      |     Work
 Expl Unexpl |  Obj  Depth IntInf | Incumbent    BestBd   Gap | It/Node Time

     0     0  -43.34144    0   16    2.51018  -43.34144  1827%     -    0s
H    0     0                       2.3654417  -43.34144  1932%     -    0s
H    0     0                       2.3102690  -43.34144  1976%     -    0s
H    0     0                      -0.1575754  -43.34144      -     -    0s
     0     0   -5.46629    0   25   -0.15758   -5.46629  3369%     -    0s
     0     0   -3.26906    0   67   -0.15758   -3.26906  1975%     -    0s
     0     0   -3.20385    0   67   -0.15758   -3.20385  1933%     -    0s
     0     2   -3.16111    0   67   -0.15758   -3.16111  1906%     -    0s

Cutting planes:
  Gomory: 3
  Dual implied bound: 26
  MIR: 9
  StrongCG: 1
  RLT: 14

Explored 59 nodes (2205 simplex iterations) in 0.06 seconds (0.05 work units)
Thread count was 8 (of 96 available processors)

Solution count 4: -0.157575 2.31027 2.36544 2.51018 

Optimal solution found (tolerance 1.00e-06)
Best objective -1.575754102150e-01, best bound -1.575754102150e-01, gap 0.0000%

User-callback calls 316, time in user-callback 0.00 sec
