
Gurobi 13.0.0 (linux64) logging started Sun May  3 10:53:57 2026

Set parameter LogFile to value "logs/N=16_layers=1_presolve_on/N=16/seed=32/quantum_layers=1/precond_pen=0.700.log"
Set parameter MIPGap to value 1e-06
Set parameter Threads to value 8
Gurobi Optimizer version 13.0.0 build v13.0.0rc1 (linux64 - "Oracle Linux Server 9.7")

CPU model: AMD EPYC 7643 48-Core Processor, instruction set [SSE2|AVX|AVX2]
Thread count: 48 physical cores, 96 logical processors, using up to 8 threads

Non-default parameters:
MIPGap  1e-06
Threads  8

Optimize a model with 1 rows, 16 columns and 16 nonzeros (Min)
Model fingerprint: 0x95e6fb8c
Model has 16 linear objective coefficients and an objective constant of 6.6848844396819986e+00
Model has 120 quadratic objective terms
Variable types: 0 continuous, 16 integer (16 binary)
Coefficient statistics:
  Matrix range     [1e+00, 1e+00]
  Objective range  [1e+00, 2e+00]
  QObjective range [8e-03, 9e-01]
  Bounds range     [1e+00, 1e+00]
  RHS range        [8e+00, 8e+00]
Found heuristic solution: objective 0.2243294
Presolve time: 0.00s
Presolved: 121 rows, 136 columns, 376 nonzeros
Variable types: 0 continuous, 136 integer (136 binary)

Root relaxation: objective -6.701694e+00, 39 iterations, 0.00 seconds (0.00 work units)

    Nodes    |    Current Node    |     Objective Bounds      |     Work
 Expl Unexpl |  Obj  Depth IntInf | Incumbent    BestBd   Gap | It/Node Time

     0     0   -6.70169    0   16    0.22433   -6.70169  3087%     -    0s
H    0     0                      -0.5330104   -6.70169  1157%     -    0s
H    0     0                      -0.6588017   -6.70169   917%     -    0s
H    0     0                      -1.0036298   -6.70169   568%     -    0s
H    0     0                      -1.7351497   -6.70169   286%     -    0s
     0     0   -2.03143    0  102   -1.73515   -2.03143  17.1%     -    0s
     0     0   -1.73515    0  120   -1.73515   -1.73515  0.00%     -    0s

Cutting planes:
  Gomory: 4
  Dual implied bound: 8
  MIR: 84
  Zero half: 27
  RLT: 36
  BQP: 265

Explored 1 nodes (705 simplex iterations) in 0.07 seconds (0.05 work units)
Thread count was 8 (of 96 available processors)

Solution count 5: -1.73515 -1.00363 -0.658802 ... 0.224329
No other solutions better than -1.73515

Optimal solution found (tolerance 1.00e-06)
Best objective -1.735149707634e+00, best bound -1.735149707634e+00, gap 0.0000%

User-callback calls 185, time in user-callback 0.00 sec
