
Gurobi 13.0.0 (linux64) logging started Sun May  3 10:53:57 2026

Set parameter LogFile to value "logs/N=16_layers=1_presolve_on/N=16/seed=32/quantum_layers=1/precond_pen=0.500.log"
Set parameter MIPGap to value 1e-06
Set parameter Threads to value 8
Gurobi Optimizer version 13.0.0 build v13.0.0rc1 (linux64 - "Oracle Linux Server 9.7")

CPU model: AMD EPYC 7643 48-Core Processor, instruction set [SSE2|AVX|AVX2]
Thread count: 48 physical cores, 96 logical processors, using up to 8 threads

Non-default parameters:
MIPGap  1e-06
Threads  8

Optimize a model with 1 rows, 16 columns and 16 nonzeros (Min)
Model fingerprint: 0x9913b98d
Model has 16 linear objective coefficients and an objective constant of 6.2928416142140007e+00
Model has 120 quadratic objective terms
Variable types: 0 continuous, 16 integer (16 binary)
Coefficient statistics:
  Matrix range     [1e+00, 1e+00]
  Objective range  [1e+00, 2e+00]
  QObjective range [3e-03, 1e+00]
  Bounds range     [1e+00, 1e+00]
  RHS range        [8e+00, 8e+00]
Found heuristic solution: objective 0.8242297
Presolve time: 0.00s
Presolved: 121 rows, 136 columns, 376 nonzeros
Variable types: 0 continuous, 136 integer (136 binary)

Root relaxation: objective -8.290875e+00, 26 iterations, 0.00 seconds (0.00 work units)

    Nodes    |    Current Node    |     Objective Bounds      |     Work
 Expl Unexpl |  Obj  Depth IntInf | Incumbent    BestBd   Gap | It/Node Time

     0     0   -8.29087    0   16    0.82423   -8.29087  1106%     -    0s
H    0     0                      -1.0369225   -8.29087   700%     -    0s
H    0     0                      -1.1042022   -8.29087   651%     -    0s
H    0     0                      -2.7666692   -8.29087   200%     -    0s
H    0     0                      -2.9664552   -8.29087   179%     -    0s
     0     0   -2.98249    0   60   -2.96646   -2.98249  0.54%     -    0s
     0     0     cutoff    0        -2.96646   -2.96646  0.00%     -    0s

Cutting planes:
  Gomory: 1
  MIR: 52
  Zero half: 46
  RLT: 34
  BQP: 189

Explored 1 nodes (349 simplex iterations) in 0.02 seconds (0.02 work units)
Thread count was 8 (of 96 available processors)

Solution count 5: -2.96646 -2.76667 -1.1042 ... 0.82423
No other solutions better than -2.96646

Optimal solution found (tolerance 1.00e-06)
Best objective -2.966455189836e+00, best bound -2.966455189836e+00, gap 0.0000%

User-callback calls 169, time in user-callback 0.00 sec
