
Gurobi 13.0.0 (linux64) logging started Sun May  3 10:53:56 2026

Set parameter LogFile to value "logs/N=16_layers=1_presolve_on/N=16/seed=32/quantum_layers=1/precond_pen=0.200.log"
Set parameter MIPGap to value 1e-06
Set parameter Threads to value 8
Gurobi Optimizer version 13.0.0 build v13.0.0rc1 (linux64 - "Oracle Linux Server 9.7")

CPU model: AMD EPYC 7643 48-Core Processor, instruction set [SSE2|AVX|AVX2]
Thread count: 48 physical cores, 96 logical processors, using up to 8 threads

Non-default parameters:
MIPGap  1e-06
Threads  8

Optimize a model with 1 rows, 16 columns and 16 nonzeros (Min)
Model fingerprint: 0xfb47fb89
Model has 16 linear objective coefficients and an objective constant of -9.2701826128730040e+00
Model has 120 quadratic objective terms
Variable types: 0 continuous, 16 integer (16 binary)
Coefficient statistics:
  Matrix range     [1e+00, 1e+00]
  Objective range  [2e-01, 5e+00]
  QObjective range [2e-02, 3e+00]
  Bounds range     [1e+00, 1e+00]
  RHS range        [8e+00, 8e+00]
Found heuristic solution: objective 3.4563645
Presolve time: 0.00s
Presolved: 121 rows, 136 columns, 376 nonzeros
Variable types: 0 continuous, 136 integer (136 binary)

Root relaxation: objective -1.722145e+01, 26 iterations, 0.00 seconds (0.00 work units)

    Nodes    |    Current Node    |     Objective Bounds      |     Work
 Expl Unexpl |  Obj  Depth IntInf | Incumbent    BestBd   Gap | It/Node Time

     0     0  -17.22145    0   16    3.45636  -17.22145   598%     -    0s
H    0     0                       1.6405561  -17.22145  1150%     -    0s
H    0     0                      -0.1134124  -17.22145      -     -    0s
H    0     0                      -5.9724513  -17.22145   188%     -    0s
     0     0   -8.15962    0   98   -5.97245   -8.15962  36.6%     -    0s
     0     0   -7.19636    0  109   -5.97245   -7.19636  20.5%     -    0s
     0     0   -7.14721    0  109   -5.97245   -7.14721  19.7%     -    0s
     0     2   -7.14721    0  109   -5.97245   -7.14721  19.7%     -    0s

Cutting planes:
  Gomory: 1
  Dual implied bound: 4
  MIR: 13
  Zero half: 8
  RLT: 22
  BQP: 46

Explored 17 nodes (1091 simplex iterations) in 0.05 seconds (0.04 work units)
Thread count was 8 (of 96 available processors)

Solution count 4: -5.97245 -0.113412 1.64056 3.45636 
No other solutions better than -5.97245

Optimal solution found (tolerance 1.00e-06)
Best objective -5.972451268893e+00, best bound -5.972451268893e+00, gap 0.0000%

User-callback calls 232, time in user-callback 0.00 sec
