
Gurobi 13.0.0 (linux64) logging started Sun Mar 22 16:50:49 2026

Set parameter LogFile to value "logs/N=12_presolve_off/N=12/seed=38/n_qaoa_layers=1/precond_pen=0.500.log"
Set parameter MIPGap to value 1e-06
Set parameter Threads to value 8
Set parameter Presolve to value 0
Gurobi Optimizer version 13.0.0 build v13.0.0rc1 (linux64 - "Oracle Linux Server 9.7")

CPU model: AMD EPYC 7643 48-Core Processor, instruction set [SSE2|AVX|AVX2]
Thread count: 48 physical cores, 96 logical processors, using up to 8 threads

Non-default parameters:
MIPGap  1e-06
Presolve  0
Threads  8

Optimize a model with 1 rows, 12 columns and 12 nonzeros (Min)
Model fingerprint: 0x8c1713c1
Model has 12 linear objective coefficients and an objective constant of 4.6654584623480009e+00
Model has 66 quadratic objective terms
Variable types: 0 continuous, 12 integer (12 binary)
Coefficient statistics:
  Matrix range     [1e+00, 1e+00]
  Objective range  [9e-01, 2e+00]
  QObjective range [2e-03, 1e+00]
  Bounds range     [1e+00, 1e+00]
  RHS range        [6e+00, 6e+00]
Found heuristic solution: objective -0.8105791
Variable types: 0 continuous, 78 integer (78 binary)

Root relaxation: objective -5.190368e+00, 26 iterations, 0.00 seconds (0.00 work units)

    Nodes    |    Current Node    |     Objective Bounds      |     Work
 Expl Unexpl |  Obj  Depth IntInf | Incumbent    BestBd   Gap | It/Node Time

     0     0   -5.19037    0   12   -0.81058   -5.19037   540%     -    0s
H    0     0                      -1.1830714   -5.19037   339%     -    0s
H    0     0                      -1.3354353   -5.19037   289%     -    0s
H    0     0                      -2.3777920   -5.19037   118%     -    0s
     0     0     cutoff    0        -2.37779   -2.37779  0.00%     -    0s

Cutting planes:
  Gomory: 2
  MIR: 35
  Zero half: 9
  RLT: 22
  BQP: 84

Explored 1 nodes (108 simplex iterations) in 0.01 seconds (0.00 work units)
Thread count was 8 (of 96 available processors)

Solution count 4: -2.37779 -1.33544 -1.18307 -0.810579 
No other solutions better than -2.37779

Optimal solution found (tolerance 1.00e-06)
Best objective -2.377792033958e+00, best bound -2.377792033958e+00, gap 0.0000%

User-callback calls 69, time in user-callback 0.00 sec
