
Gurobi 13.0.0 (linux64) logging started Sun Mar 22 16:50:49 2026

Set parameter LogFile to value "logs/N=12_presolve_off/N=12/seed=38/n_qaoa_layers=1/precond_pen=0.100.log"
Set parameter MIPGap to value 1e-06
Set parameter Threads to value 8
Set parameter Presolve to value 0
Gurobi Optimizer version 13.0.0 build v13.0.0rc1 (linux64 - "Oracle Linux Server 9.7")

CPU model: AMD EPYC 7643 48-Core Processor, instruction set [SSE2|AVX|AVX2]
Thread count: 48 physical cores, 96 logical processors, using up to 8 threads

Non-default parameters:
MIPGap  1e-06
Presolve  0
Threads  8

Optimize a model with 1 rows, 12 columns and 12 nonzeros (Min)
Model fingerprint: 0xbba408a7
Model has 12 linear objective coefficients and an objective constant of -1.6845772754259993e+01
Model has 66 quadratic objective terms
Variable types: 0 continuous, 12 integer (12 binary)
Coefficient statistics:
  Matrix range     [1e+00, 1e+00]
  Objective range  [4e+00, 7e+00]
  QObjective range [1e-01, 4e+00]
  Bounds range     [1e+00, 1e+00]
  RHS range        [6e+00, 6e+00]
Found heuristic solution: objective 1.3407236
Variable types: 0 continuous, 78 integer (78 binary)

Root relaxation: objective -1.692490e+01, 6 iterations, 0.00 seconds (0.00 work units)

    Nodes    |    Current Node    |     Objective Bounds      |     Work
 Expl Unexpl |  Obj  Depth IntInf | Incumbent    BestBd   Gap | It/Node Time

     0     0  -16.92490    0   12    1.34072  -16.92490  1362%     -    0s
H    0     0                      -2.8628362  -16.92490   491%     -    0s
     0     0   -6.20608    0   23   -2.86284   -6.20608   117%     -    0s
     0     0   -4.74877    0   43   -2.86284   -4.74877  65.9%     -    0s
     0     0   -4.48762    0   37   -2.86284   -4.48762  56.8%     -    0s
     0     0   -4.42638    0   31   -2.86284   -4.42638  54.6%     -    0s

Cutting planes:
  Gomory: 2
  Cover: 8
  MIR: 24
  StrongCG: 1
  Zero half: 2
  RLT: 12
  BQP: 2

Explored 1 nodes (191 simplex iterations) in 0.02 seconds (0.01 work units)
Thread count was 8 (of 96 available processors)

Solution count 2: -2.86284 1.34072 
No other solutions better than -2.86284

Optimal solution found (tolerance 1.00e-06)
Best objective -2.862836174460e+00, best bound -2.862836174460e+00, gap 0.0000%

User-callback calls 83, time in user-callback 0.00 sec
