
Gurobi 13.0.0 (linux64) logging started Tue Mar 31 15:12:46 2026

Set parameter LogFile to value "logs/N=16_layers=2_presolve_off/N=16/seed=5/n_qaoa_layers=2/precond_pen=0.800.log"
Set parameter MIPGap to value 1e-06
Set parameter Threads to value 8
Set parameter Presolve to value 0
Gurobi Optimizer version 13.0.0 build v13.0.0rc1 (linux64 - "Oracle Linux Server 9.7")

CPU model: AMD EPYC 7643 48-Core Processor, instruction set [SSE2|AVX|AVX2]
Thread count: 48 physical cores, 96 logical processors, using up to 8 threads

Non-default parameters:
MIPGap  1e-06
Presolve  0
Threads  8

Optimize a model with 1 rows, 16 columns and 16 nonzeros (Min)
Model fingerprint: 0xdba83dc5
Model has 16 linear objective coefficients and an objective constant of 6.4438070646179968e+00
Model has 120 quadratic objective terms
Variable types: 0 continuous, 16 integer (16 binary)
Coefficient statistics:
  Matrix range     [1e+00, 1e+00]
  Objective range  [1e+00, 2e+00]
  QObjective range [2e-02, 2e+00]
  Bounds range     [1e+00, 1e+00]
  RHS range        [8e+00, 8e+00]
Found heuristic solution: objective 0.7616857
Variable types: 0 continuous, 136 integer (136 binary)

Root relaxation: objective -1.152417e+01, 39 iterations, 0.00 seconds (0.00 work units)

    Nodes    |    Current Node    |     Objective Bounds      |     Work
 Expl Unexpl |  Obj  Depth IntInf | Incumbent    BestBd   Gap | It/Node Time

     0     0  -11.52417    0   16    0.76169  -11.52417  1613%     -    0s
H    0     0                      -1.8308696  -11.52417   529%     -    0s
H    0     0                      -1.8919379  -11.52417   509%     -    0s
H    0     0                      -5.9542880  -11.52417  93.5%     -    0s
     0     0   -6.19582    0   57   -5.95429   -6.19582  4.06%     -    0s
     0     0     cutoff    0        -5.95429   -5.95429  0.00%     -    0s

Cutting planes:
  Gomory: 1
  MIR: 44
  Zero half: 29
  RLT: 38
  BQP: 148

Explored 1 nodes (208 simplex iterations) in 0.01 seconds (0.01 work units)
Thread count was 8 (of 96 available processors)

Solution count 4: -5.95429 -1.89194 -1.83087 0.761686 
No other solutions better than -5.95429

Optimal solution found (tolerance 1.00e-06)
Best objective -5.954287996718e+00, best bound -5.954287996718e+00, gap 0.0000%

User-callback calls 71, time in user-callback 0.00 sec
