
Gurobi 13.0.0 (linux64) logging started Tue Mar 31 15:12:46 2026

Set parameter LogFile to value "logs/N=16_layers=2_presolve_off/N=16/seed=5/n_qaoa_layers=2/precond_pen=0.200.log"
Set parameter MIPGap to value 1e-06
Set parameter Threads to value 8
Set parameter Presolve to value 0
Gurobi Optimizer version 13.0.0 build v13.0.0rc1 (linux64 - "Oracle Linux Server 9.7")

CPU model: AMD EPYC 7643 48-Core Processor, instruction set [SSE2|AVX|AVX2]
Thread count: 48 physical cores, 96 logical processors, using up to 8 threads

Non-default parameters:
MIPGap  1e-06
Presolve  0
Threads  8

Optimize a model with 1 rows, 16 columns and 16 nonzeros (Min)
Model fingerprint: 0xdc22a4f1
Model has 16 linear objective coefficients and an objective constant of -1.6526035502301003e+01
Model has 120 quadratic objective terms
Variable types: 0 continuous, 16 integer (16 binary)
Coefficient statistics:
  Matrix range     [1e+00, 1e+00]
  Objective range  [1e+00, 7e+00]
  QObjective range [5e-02, 5e+00]
  Bounds range     [1e+00, 1e+00]
  RHS range        [8e+00, 8e+00]
Found heuristic solution: objective 4.0735841
Variable types: 0 continuous, 136 integer (136 binary)

Root relaxation: objective -2.735780e+01, 17 iterations, 0.00 seconds (0.00 work units)

    Nodes    |    Current Node    |     Objective Bounds      |     Work
 Expl Unexpl |  Obj  Depth IntInf | Incumbent    BestBd   Gap | It/Node Time

     0     0  -27.35780    0   16    4.07358  -27.35780   772%     -    0s
H    0     0                      -2.1574124  -27.35780  1168%     -    0s
H    0     0                      -3.0441439  -27.35780   799%     -    0s
H    0     0                     -14.7710029  -27.35780  85.2%     -    0s
     0     0  -15.68140    0   63  -14.77100  -15.68140  6.16%     -    0s
     0     0  -14.77100    0   64  -14.77100  -14.77100  0.00%     -    0s

Cutting planes:
  Gomory: 1
  MIR: 19
  Zero half: 11
  RLT: 23
  BQP: 59

Explored 1 nodes (224 simplex iterations) in 0.02 seconds (0.01 work units)
Thread count was 8 (of 96 available processors)

Solution count 4: -14.771 -3.04414 -2.15741 4.07358 
No other solutions better than -14.771

Optimal solution found (tolerance 1.00e-06)
Best objective -1.477100291171e+01, best bound -1.477100291171e+01, gap 0.0000%

User-callback calls 74, time in user-callback 0.00 sec
