
Gurobi 13.0.0 (linux64) logging started Sun May  3 10:58:25 2026

Set parameter LogFile to value "logs/N=16_layers=2_presolve_on/N=16/seed=0/quantum_layers=2/precond_pen=0.700.log"
Set parameter MIPGap to value 1e-06
Set parameter Threads to value 8
Gurobi Optimizer version 13.0.0 build v13.0.0rc1 (linux64 - "Oracle Linux Server 9.7")

CPU model: AMD EPYC 7643 48-Core Processor, instruction set [SSE2|AVX|AVX2]
Thread count: 48 physical cores, 96 logical processors, using up to 8 threads

Non-default parameters:
MIPGap  1e-06
Threads  8

Optimize a model with 1 rows, 16 columns and 16 nonzeros (Min)
Model fingerprint: 0xfbe27f7a
Model has 16 linear objective coefficients and an objective constant of 6.1531600178840007e+00
Model has 120 quadratic objective terms
Variable types: 0 continuous, 16 integer (16 binary)
Coefficient statistics:
  Matrix range     [1e+00, 1e+00]
  Objective range  [1e+00, 2e+00]
  QObjective range [2e-02, 3e+00]
  Bounds range     [1e+00, 1e+00]
  RHS range        [8e+00, 8e+00]
Found heuristic solution: objective 1.5904054
Presolve time: 0.00s
Presolved: 121 rows, 136 columns, 376 nonzeros
Variable types: 0 continuous, 136 integer (136 binary)

Root relaxation: objective -1.502692e+01, 34 iterations, 0.00 seconds (0.00 work units)

    Nodes    |    Current Node    |     Objective Bounds      |     Work
 Expl Unexpl |  Obj  Depth IntInf | Incumbent    BestBd   Gap | It/Node Time

     0     0  -15.02692    0   16    1.59041  -15.02692  1045%     -    0s
H    0     0                      -2.3408664  -15.02692   542%     -    0s
H    0     0                      -6.1662072  -15.02692   144%     -    0s
H    0     0                     -11.0056539  -15.02692  36.5%     -    0s

Cutting planes:
  Gomory: 1
  MIR: 53
  Zero half: 25
  RLT: 32
  BQP: 123

Explored 1 nodes (34 simplex iterations) in 0.01 seconds (0.00 work units)
Thread count was 8 (of 96 available processors)

Solution count 4: -11.0057 -6.16621 -2.34087 1.59041 
No other solutions better than -11.0057

Optimal solution found (tolerance 1.00e-06)
Best objective -1.100565389524e+01, best bound -1.100565389524e+01, gap 0.0000%

User-callback calls 161, time in user-callback 0.00 sec
