
Gurobi 13.0.0 (linux64) logging started Sun May  3 10:58:25 2026

Set parameter LogFile to value "logs/N=16_layers=2_presolve_on/N=16/seed=0/quantum_layers=2/precond_pen=0.600.log"
Set parameter MIPGap to value 1e-06
Set parameter Threads to value 8
Gurobi Optimizer version 13.0.0 build v13.0.0rc1 (linux64 - "Oracle Linux Server 9.7")

CPU model: AMD EPYC 7643 48-Core Processor, instruction set [SSE2|AVX|AVX2]
Thread count: 48 physical cores, 96 logical processors, using up to 8 threads

Non-default parameters:
MIPGap  1e-06
Threads  8

Optimize a model with 1 rows, 16 columns and 16 nonzeros (Min)
Model fingerprint: 0x992f8e2c
Model has 16 linear objective coefficients and an objective constant of 5.943833544908
Model has 120 quadratic objective terms
Variable types: 0 continuous, 16 integer (16 binary)
Coefficient statistics:
  Matrix range     [1e+00, 1e+00]
  Objective range  [1e+00, 2e+00]
  QObjective range [1e-03, 3e+00]
  Bounds range     [1e+00, 1e+00]
  RHS range        [8e+00, 8e+00]
Found heuristic solution: objective 2.1022765
Presolve time: 0.00s
Presolved: 121 rows, 136 columns, 376 nonzeros
Variable types: 0 continuous, 136 integer (136 binary)

Root relaxation: objective -1.858238e+01, 27 iterations, 0.00 seconds (0.00 work units)

    Nodes    |    Current Node    |     Objective Bounds      |     Work
 Expl Unexpl |  Obj  Depth IntInf | Incumbent    BestBd   Gap | It/Node Time

     0     0  -18.58238    0   16    2.10228  -18.58238   984%     -    0s
H    0     0                       1.1928382  -18.58238  1658%     -    0s
H    0     0                       0.9967256  -18.58238  1964%     -    0s
H    0     0                      -0.7644433  -18.58238  2331%     -    0s
H    0     0                     -14.2557958  -18.58238  30.3%     -    0s

Cutting planes:
  Gomory: 1
  MIR: 25
  Zero half: 25
  RLT: 35
  BQP: 141

Explored 1 nodes (27 simplex iterations) in 0.01 seconds (0.01 work units)
Thread count was 8 (of 96 available processors)

Solution count 5: -14.2558 -0.764443 0.996726 ... 2.10228
No other solutions better than -14.2558

Optimal solution found (tolerance 1.00e-06)
Best objective -1.425579575099e+01, best bound -1.425579575099e+01, gap 0.0000%

User-callback calls 162, time in user-callback 0.00 sec
