
Gurobi 13.0.0 (linux64) logging started Sun May  3 11:06:38 2026

Set parameter LogFile to value "logs/N=12_layers=2_presolve_on/N=12/seed=49/quantum_layers=2/precond_pen=0.500.log"
Set parameter MIPGap to value 1e-06
Set parameter Threads to value 8
Gurobi Optimizer version 13.0.0 build v13.0.0rc1 (linux64 - "Oracle Linux Server 9.7")

CPU model: AMD EPYC 7643 48-Core Processor, instruction set [SSE2|AVX|AVX2]
Thread count: 48 physical cores, 96 logical processors, using up to 8 threads

Non-default parameters:
MIPGap  1e-06
Threads  8

Optimize a model with 1 rows, 12 columns and 12 nonzeros (Min)
Model fingerprint: 0xd846cf4e
Model has 12 linear objective coefficients and an objective constant of 4.406242918106
Model has 66 quadratic objective terms
Variable types: 0 continuous, 12 integer (12 binary)
Coefficient statistics:
  Matrix range     [1e+00, 1e+00]
  Objective range  [1e+00, 2e+00]
  QObjective range [2e-02, 4e+00]
  Bounds range     [1e+00, 1e+00]
  RHS range        [6e+00, 6e+00]
Found heuristic solution: objective 1.0582724
Presolve time: 0.00s
Presolved: 67 rows, 78 columns, 210 nonzeros
Variable types: 0 continuous, 78 integer (78 binary)

Root relaxation: objective -1.144443e+01, 13 iterations, 0.00 seconds (0.00 work units)

    Nodes    |    Current Node    |     Objective Bounds      |     Work
 Expl Unexpl |  Obj  Depth IntInf | Incumbent    BestBd   Gap | It/Node Time

     0     0  -11.44443    0   12    1.05827  -11.44443  1181%     -    0s
H    0     0                      -0.8779560  -11.44443  1204%     -    0s
H    0     0                      -1.5641381  -11.44443   632%     -    0s
H    0     0                      -6.2681416  -11.44443  82.6%     -    0s
     0     0   -6.26814    0   34   -6.26814   -6.26814  0.00%     -    0s

Cutting planes:
  Gomory: 1
  MIR: 22
  Zero half: 17
  RLT: 15
  BQP: 57

Explored 1 nodes (96 simplex iterations) in 0.01 seconds (0.00 work units)
Thread count was 8 (of 96 available processors)

Solution count 4: -6.26814 -1.56414 -0.877956 1.05827 
No other solutions better than -6.26814

Optimal solution found (tolerance 1.00e-06)
Best objective -6.268141553390e+00, best bound -6.268141553390e+00, gap 0.0000%

User-callback calls 164, time in user-callback 0.00 sec
