
Gurobi 13.0.0 (linux64) logging started Sun May  3 11:06:38 2026

Set parameter LogFile to value "logs/N=12_layers=2_presolve_on/N=12/seed=49/quantum_layers=2/precond_pen=0.600.log"
Set parameter MIPGap to value 1e-06
Set parameter Threads to value 8
Gurobi Optimizer version 13.0.0 build v13.0.0rc1 (linux64 - "Oracle Linux Server 9.7")

CPU model: AMD EPYC 7643 48-Core Processor, instruction set [SSE2|AVX|AVX2]
Thread count: 48 physical cores, 96 logical processors, using up to 8 threads

Non-default parameters:
MIPGap  1e-06
Threads  8

Optimize a model with 1 rows, 12 columns and 12 nonzeros (Min)
Model fingerprint: 0xeb98c157
Model has 12 linear objective coefficients and an objective constant of 4.4704209244379989e+00
Model has 66 quadratic objective terms
Variable types: 0 continuous, 12 integer (12 binary)
Coefficient statistics:
  Matrix range     [1e+00, 1e+00]
  Objective range  [1e+00, 2e+00]
  QObjective range [8e-02, 3e+00]
  Bounds range     [1e+00, 1e+00]
  RHS range        [6e+00, 6e+00]
Found heuristic solution: objective 0.8381174
Presolve time: 0.00s
Presolved: 67 rows, 78 columns, 210 nonzeros
Variable types: 0 continuous, 78 integer (78 binary)

Root relaxation: objective -9.897640e+00, 13 iterations, 0.00 seconds (0.00 work units)

    Nodes    |    Current Node    |     Objective Bounds      |     Work
 Expl Unexpl |  Obj  Depth IntInf | Incumbent    BestBd   Gap | It/Node Time

     0     0   -9.89764    0   12    0.83812   -9.89764  1281%     -    0s
H    0     0                      -0.6861528   -9.89764  1342%     -    0s
H    0     0                      -1.4132171   -9.89764   600%     -    0s
H    0     0                      -5.1252344   -9.89764  93.1%     -    0s
     0     0   -5.12523    0   38   -5.12523   -5.12523  0.00%     -    0s

Cutting planes:
  MIR: 22
  Zero half: 17
  RLT: 15
  BQP: 57

Explored 1 nodes (107 simplex iterations) in 0.01 seconds (0.00 work units)
Thread count was 8 (of 96 available processors)

Solution count 4: -5.12523 -1.41322 -0.686153 0.838117 
No other solutions better than -5.12523

Optimal solution found (tolerance 1.00e-06)
Best objective -5.125234447030e+00, best bound -5.125234447030e+00, gap 0.0000%

User-callback calls 163, time in user-callback 0.00 sec
