
Gurobi 13.0.0 (linux64) logging started Sun Mar 22 16:50:42 2026

Set parameter LogFile to value "logs/N=12_presolve_on/N=12/seed=48/n_qaoa_layers=1/precond_pen=0.200.log"
Set parameter MIPGap to value 1e-06
Set parameter Threads to value 8
Gurobi Optimizer version 13.0.0 build v13.0.0rc1 (linux64 - "Oracle Linux Server 9.7")

CPU model: AMD EPYC 7643 48-Core Processor, instruction set [SSE2|AVX|AVX2]
Thread count: 48 physical cores, 96 logical processors, using up to 8 threads

Non-default parameters:
MIPGap  1e-06
Threads  8

Optimize a model with 1 rows, 12 columns and 12 nonzeros (Min)
Model fingerprint: 0xd355c4c5
Model has 12 linear objective coefficients and an objective constant of -4.98791401546
Model has 66 quadratic objective terms
Variable types: 0 continuous, 12 integer (12 binary)
Coefficient statistics:
  Matrix range     [1e+00, 1e+00]
  Objective range  [7e-02, 4e+00]
  QObjective range [3e-02, 3e+00]
  Bounds range     [1e+00, 1e+00]
  RHS range        [6e+00, 6e+00]
Found heuristic solution: objective 0.0838941
Presolve time: 0.00s
Presolved: 67 rows, 78 columns, 210 nonzeros
Variable types: 0 continuous, 78 integer (78 binary)

Root relaxation: objective -1.034912e+01, 15 iterations, 0.00 seconds (0.00 work units)

    Nodes    |    Current Node    |     Objective Bounds      |     Work
 Expl Unexpl |  Obj  Depth IntInf | Incumbent    BestBd   Gap | It/Node Time

     0     0  -10.34912    0   12    0.08389  -10.34912      -     -    0s
H    0     0                      -3.2490232  -10.34912   219%     -    0s
H    0     0                      -3.6538574  -10.34912   183%     -    0s
     0     0   -3.86928    0   50   -3.65386   -3.86928  5.90%     -    0s

Cutting planes:
  Gomory: 5
  Dual implied bound: 3
  MIR: 12
  Zero half: 11
  RLT: 16
  BQP: 33

Explored 1 nodes (143 simplex iterations) in 0.01 seconds (0.01 work units)
Thread count was 8 (of 96 available processors)

Solution count 3: -3.65386 -3.24902 0.0838941 
No other solutions better than -3.65386

Optimal solution found (tolerance 1.00e-06)
Best objective -3.653857432308e+00, best bound -3.653857432308e+00, gap 0.0000%

User-callback calls 167, time in user-callback 0.00 sec
