
Gurobi 13.0.0 (linux64) logging started Sun Mar 22 16:50:42 2026

Set parameter LogFile to value "logs/N=12_presolve_on/N=12/seed=48/n_qaoa_layers=1/precond_pen=0.100.log"
Set parameter MIPGap to value 1e-06
Set parameter Threads to value 8
Gurobi Optimizer version 13.0.0 build v13.0.0rc1 (linux64 - "Oracle Linux Server 9.7")

CPU model: AMD EPYC 7643 48-Core Processor, instruction set [SSE2|AVX|AVX2]
Thread count: 48 physical cores, 96 logical processors, using up to 8 threads

Non-default parameters:
MIPGap  1e-06
Threads  8

Optimize a model with 1 rows, 12 columns and 12 nonzeros (Min)
Model fingerprint: 0xad69bd74
Model has 12 linear objective coefficients and an objective constant of -1.7148907733933996e+01
Model has 66 quadratic objective terms
Variable types: 0 continuous, 12 integer (12 binary)
Coefficient statistics:
  Matrix range     [1e+00, 1e+00]
  Objective range  [4e+00, 7e+00]
  QObjective range [2e-01, 4e+00]
  Bounds range     [1e+00, 1e+00]
  RHS range        [6e+00, 6e+00]
Found heuristic solution: objective 1.2785106
Presolve time: 0.00s
Presolved: 67 rows, 78 columns, 210 nonzeros
Variable types: 0 continuous, 78 integer (78 binary)

Root relaxation: objective -1.714891e+01, 8 iterations, 0.00 seconds (0.00 work units)

    Nodes    |    Current Node    |     Objective Bounds      |     Work
 Expl Unexpl |  Obj  Depth IntInf | Incumbent    BestBd   Gap | It/Node Time

     0     0  -17.14891    0   12    1.27851  -17.14891  1441%     -    0s
H    0     0                      -1.3577721  -17.14891  1163%     -    0s
     0     0   -5.95244    0   21   -1.35777   -5.95244   338%     -    0s
     0     0   -5.95244    0   22   -1.35777   -5.95244   338%     -    0s
     0     0   -4.27589    0   46   -1.35777   -4.27589   215%     -    0s
     0     0   -4.01735    0   46   -1.35777   -4.01735   196%     -    0s
     0     0   -2.98689    0   64   -1.35777   -2.98689   120%     -    0s
     0     0   -2.96927    0   64   -1.35777   -2.96927   119%     -    0s
     0     2   -2.87695    0   64   -1.35777   -2.87695   112%     -    0s

Cutting planes:
  Gomory: 3
  Cover: 8
  Dual implied bound: 4
  MIR: 16
  RLT: 10

Explored 34 nodes (848 simplex iterations) in 0.04 seconds (0.02 work units)
Thread count was 8 (of 96 available processors)

Solution count 2: -1.35777 1.27851 
No other solutions better than -1.35777

Optimal solution found (tolerance 1.00e-06)
Best objective -1.357772141528e+00, best bound -1.357772141528e+00, gap 0.0000%

User-callback calls 265, time in user-callback 0.00 sec
