
Gurobi 13.0.0 (linux64) logging started Tue Mar 31 15:05:18 2026

Set parameter LogFile to value "logs/N=12_layers=2_presolve_off/N=12/seed=15/n_qaoa_layers=2/baseline.log"
Set parameter MIPGap to value 1e-06
Set parameter Threads to value 8
Set parameter Presolve to value 0
Gurobi Optimizer version 13.0.0 build v13.0.0rc1 (linux64 - "Oracle Linux Server 9.7")

CPU model: AMD EPYC 7643 48-Core Processor, instruction set [SSE2|AVX|AVX2]
Thread count: 48 physical cores, 96 logical processors, using up to 8 threads

Non-default parameters:
MIPGap  1e-06
Presolve  0
Threads  8

Optimize a model with 1 rows, 12 columns and 12 nonzeros (Min)
Model fingerprint: 0xf9ad093d
Model has 12 linear objective coefficients and an objective constant of -3.0120905769592810e-12
Model has 66 quadratic objective terms
Variable types: 0 continuous, 12 integer (12 binary)
Coefficient statistics:
  Matrix range     [1e+00, 1e+00]
  Objective range  [8e+00, 2e+01]
  QObjective range [1e-01, 8e+00]
  Bounds range     [1e+00, 1e+00]
  RHS range        [6e+00, 6e+00]
Found heuristic solution: objective 35.5337911
Variable types: 0 continuous, 78 integer (78 binary)

Root relaxation: objective -3.013867e-12, 6 iterations, 0.00 seconds (0.00 work units)

    Nodes    |    Current Node    |     Objective Bounds      |     Work
 Expl Unexpl |  Obj  Depth IntInf | Incumbent    BestBd   Gap | It/Node Time

     0     0   -0.00000    0   12   35.53379   -0.00000   100%     -    0s
H    0     0                      31.5130719   -0.00000   100%     -    0s
     0     0   19.12734    0   12   31.51307   19.12734  39.3%     -    0s
     0     0   19.22038    0   19   31.51307   19.22038  39.0%     -    0s
     0     0   19.22038    0   13   31.51307   19.22038  39.0%     -    0s
     0     0   24.21903    0   29   31.51307   24.21903  23.1%     -    0s
     0     0   24.98279    0   26   31.51307   24.98279  20.7%     -    0s
     0     0   25.25986    0   28   31.51307   25.25986  19.8%     -    0s
     0     0   31.51307    0   54   31.51307   31.51307  0.00%     -    0s

Cutting planes:
  Gomory: 1
  Cover: 9
  MIR: 28
  StrongCG: 4
  Mod-K: 3
  RLT: 14

Explored 1 nodes (225 simplex iterations) in 0.03 seconds (0.01 work units)
Thread count was 8 (of 96 available processors)

Solution count 2: 31.5131 35.5338 

Optimal solution found (tolerance 1.00e-06)
Best objective 3.151307187357e+01, best bound 3.151307187357e+01, gap 0.0000%

User-callback calls 95, time in user-callback 0.00 sec
