
Gurobi 13.0.0 (linux64) logging started Tue Mar 31 15:12:31 2026

Set parameter LogFile to value "logs/N=16_layers=2_presolve_on/N=16/seed=6/n_qaoa_layers=2/precond_pen=0.200.log"
Set parameter MIPGap to value 1e-06
Set parameter Threads to value 8
Gurobi Optimizer version 13.0.0 build v13.0.0rc1 (linux64 - "Oracle Linux Server 9.7")

CPU model: AMD EPYC 7643 48-Core Processor, instruction set [SSE2|AVX|AVX2]
Thread count: 48 physical cores, 96 logical processors, using up to 8 threads

Non-default parameters:
MIPGap  1e-06
Threads  8

Optimize a model with 1 rows, 16 columns and 16 nonzeros (Min)
Model fingerprint: 0xc61d5528
Model has 16 linear objective coefficients and an objective constant of -2.5582173421244008e+01
Model has 120 quadratic objective terms
Variable types: 0 continuous, 16 integer (16 binary)
Coefficient statistics:
  Matrix range     [1e+00, 1e+00]
  Objective range  [3e+00, 9e+00]
  QObjective range [3e-02, 5e+00]
  Bounds range     [1e+00, 1e+00]
  RHS range        [8e+00, 8e+00]
Found heuristic solution: objective 2.7003310
Presolve time: 0.00s
Presolved: 121 rows, 136 columns, 376 nonzeros
Variable types: 0 continuous, 136 integer (136 binary)

Root relaxation: objective -2.763948e+01, 6 iterations, 0.00 seconds (0.00 work units)

    Nodes    |    Current Node    |     Objective Bounds      |     Work
 Expl Unexpl |  Obj  Depth IntInf | Incumbent    BestBd   Gap | It/Node Time

     0     0  -27.63948    0   16    2.70033  -27.63948  1124%     -    0s
H    0     0                       1.0376098  -27.63948  2764%     -    0s
H    0     0                      -0.5476443  -27.63948  4947%     -    0s
H    0     0                      -6.7362649  -27.63948   310%     -    0s
     0     0  -16.18975    0   36   -6.73626  -16.18975   140%     -    0s
     0     0  -12.31202    0   79   -6.73626  -12.31202  82.8%     -    0s
     0     0  -12.27293    0   79   -6.73626  -12.27293  82.2%     -    0s
     0     2  -12.18979    0   79   -6.73626  -12.18979  81.0%     -    0s

Cutting planes:
  Gomory: 2
  Dual implied bound: 21
  MIR: 12
  Zero half: 2
  RLT: 18
  BQP: 25

Explored 40 nodes (1684 simplex iterations) in 0.05 seconds (0.04 work units)
Thread count was 8 (of 96 available processors)

Solution count 4: -6.73626 -0.547644 1.03761 2.70033 
No other solutions better than -6.73626

Optimal solution found (tolerance 1.00e-06)
Best objective -6.736264937870e+00, best bound -6.736264937870e+00, gap 0.0000%

User-callback calls 275, time in user-callback 0.00 sec
