
Gurobi 13.0.0 (linux64) logging started Tue Mar 31 15:12:31 2026

Set parameter LogFile to value "logs/N=16_layers=2_presolve_on/N=16/seed=6/n_qaoa_layers=2/precond_pen=0.600.log"
Set parameter MIPGap to value 1e-06
Set parameter Threads to value 8
Gurobi Optimizer version 13.0.0 build v13.0.0rc1 (linux64 - "Oracle Linux Server 9.7")

CPU model: AMD EPYC 7643 48-Core Processor, instruction set [SSE2|AVX|AVX2]
Thread count: 48 physical cores, 96 logical processors, using up to 8 threads

Non-default parameters:
MIPGap  1e-06
Threads  8

Optimize a model with 1 rows, 16 columns and 16 nonzeros (Min)
Model fingerprint: 0xa6183356
Model has 16 linear objective coefficients and an objective constant of 6.1254131227769975e+00
Model has 120 quadratic objective terms
Variable types: 0 continuous, 16 integer (16 binary)
Coefficient statistics:
  Matrix range     [1e+00, 1e+00]
  Objective range  [1e+00, 2e+00]
  QObjective range [4e-02, 3e+00]
  Bounds range     [1e+00, 1e+00]
  RHS range        [8e+00, 8e+00]
Found heuristic solution: objective 0.3982048
Presolve time: 0.00s
Presolved: 121 rows, 136 columns, 376 nonzeros
Variable types: 0 continuous, 136 integer (136 binary)

Root relaxation: objective -1.526102e+01, 30 iterations, 0.00 seconds (0.00 work units)

    Nodes    |    Current Node    |     Objective Bounds      |     Work
 Expl Unexpl |  Obj  Depth IntInf | Incumbent    BestBd   Gap | It/Node Time

     0     0  -15.26102    0   16    0.39820  -15.26102  3932%     -    0s
H    0     0                      -1.1569684  -15.26102  1219%     -    0s
H    0     0                      -1.7529554  -15.26102   771%     -    0s
H    0     0                      -6.5976875  -15.26102   131%     -    0s
     0     0   -7.24195    0   64   -6.59769   -7.24195  9.76%     -    0s
H    0     0                      -7.0362678   -7.24195  2.92%     -    0s

Cutting planes:
  Gomory: 9
  MIR: 91
  StrongCG: 1
  Zero half: 24
  RLT: 30
  BQP: 145

Explored 1 nodes (272 simplex iterations) in 0.03 seconds (0.02 work units)
Thread count was 8 (of 96 available processors)

Solution count 5: -7.03627 -6.59769 -1.75296 ... 0.398205
No other solutions better than -7.03627

Optimal solution found (tolerance 1.00e-06)
Best objective -7.036267771093e+00, best bound -7.036267771093e+00, gap 0.0000%

User-callback calls 173, time in user-callback 0.00 sec
