
Gurobi 13.0.0 (linux64) logging started Sun May  3 11:09:00 2026

Set parameter LogFile to value "logs/N=12_layers=3_presolve_off/N=12/seed=39/quantum_layers=3/precond_pen=0.800.log"
Set parameter MIPGap to value 1e-06
Set parameter Threads to value 8
Set parameter Presolve to value 0
Gurobi Optimizer version 13.0.0 build v13.0.0rc1 (linux64 - "Oracle Linux Server 9.7")

CPU model: AMD EPYC 7643 48-Core Processor, instruction set [SSE2|AVX|AVX2]
Thread count: 48 physical cores, 96 logical processors, using up to 8 threads

Non-default parameters:
MIPGap  1e-06
Presolve  0
Threads  8

Optimize a model with 1 rows, 12 columns and 12 nonzeros (Min)
Model fingerprint: 0x9a8eb8d8
Model has 12 linear objective coefficients and an objective constant of 5.1816972807670005e+00
Model has 66 quadratic objective terms
Variable types: 0 continuous, 12 integer (12 binary)
Coefficient statistics:
  Matrix range     [1e+00, 1e+00]
  Objective range  [1e+00, 2e+00]
  QObjective range [5e-02, 3e+00]
  Bounds range     [1e+00, 1e+00]
  RHS range        [6e+00, 6e+00]
Found heuristic solution: objective 1.9386393
Variable types: 0 continuous, 78 integer (78 binary)

Root relaxation: objective -9.171908e+00, 15 iterations, 0.00 seconds (0.00 work units)

    Nodes    |    Current Node    |     Objective Bounds      |     Work
 Expl Unexpl |  Obj  Depth IntInf | Incumbent    BestBd   Gap | It/Node Time

     0     0   -9.17191    0   12    1.93864   -9.17191   573%     -    0s
H    0     0                      -1.5148277   -9.17191   505%     -    0s
H    0     0                      -5.0199671   -9.17191  82.7%     -    0s
     0     0   -5.52796    0   34   -5.01997   -5.52796  10.1%     -    0s

Cutting planes:
  Gomory: 5
  MIR: 54
  Flow cover: 4
  Zero half: 6
  RLT: 10
  BQP: 31

Explored 1 nodes (77 simplex iterations) in 0.01 seconds (0.01 work units)
Thread count was 8 (of 96 available processors)

Solution count 3: -5.01997 -1.51483 1.93864 
No other solutions better than -5.01997

Optimal solution found (tolerance 1.00e-06)
Best objective -5.019967110477e+00, best bound -5.019967110477e+00, gap 0.0000%

User-callback calls 71, time in user-callback 0.00 sec
