
Gurobi 13.0.0 (linux64) logging started Sun May  3 11:09:00 2026

Set parameter LogFile to value "logs/N=12_layers=3_presolve_off/N=12/seed=39/quantum_layers=3/precond_pen=0.600.log"
Set parameter MIPGap to value 1e-06
Set parameter Threads to value 8
Set parameter Presolve to value 0
Gurobi Optimizer version 13.0.0 build v13.0.0rc1 (linux64 - "Oracle Linux Server 9.7")

CPU model: AMD EPYC 7643 48-Core Processor, instruction set [SSE2|AVX|AVX2]
Thread count: 48 physical cores, 96 logical processors, using up to 8 threads

Non-default parameters:
MIPGap  1e-06
Presolve  0
Threads  8

Optimize a model with 1 rows, 12 columns and 12 nonzeros (Min)
Model fingerprint: 0x49ea3e0e
Model has 12 linear objective coefficients and an objective constant of 4.7216631862740011e+00
Model has 66 quadratic objective terms
Variable types: 0 continuous, 12 integer (12 binary)
Coefficient statistics:
  Matrix range     [1e+00, 1e+00]
  Objective range  [1e+00, 2e+00]
  QObjective range [5e-02, 4e+00]
  Bounds range     [1e+00, 1e+00]
  RHS range        [6e+00, 6e+00]
Found heuristic solution: objective 3.0410378
Variable types: 0 continuous, 78 integer (78 binary)

Root relaxation: objective -1.320663e+01, 17 iterations, 0.00 seconds (0.00 work units)

    Nodes    |    Current Node    |     Objective Bounds      |     Work
 Expl Unexpl |  Obj  Depth IntInf | Incumbent    BestBd   Gap | It/Node Time

     0     0  -13.20663    0   12    3.04104  -13.20663   534%     -    0s
H    0     0                       0.0588366  -13.20663      -     -    0s
H    0     0                      -0.6022289  -13.20663  2093%     -    0s
H    0     0                      -1.5006584  -13.20663   780%     -    0s
H    0     0                      -8.3419808  -13.20663  58.3%     -    0s

Cutting planes:
  Gomory: 1
  MIR: 23
  Zero half: 12
  RLT: 13
  BQP: 55

Explored 1 nodes (17 simplex iterations) in 0.01 seconds (0.00 work units)
Thread count was 8 (of 96 available processors)

Solution count 5: -8.34198 -1.50066 -0.602229 ... 3.04104
No other solutions better than -8.34198

Optimal solution found (tolerance 1.00e-06)
Best objective -8.341980835124e+00, best bound -8.341980835124e+00, gap 0.0000%

User-callback calls 66, time in user-callback 0.00 sec
