
Gurobi 13.0.0 (linux64) logging started Sun May  3 10:58:26 2026

Set parameter LogFile to value "logs/N=16_layers=2_presolve_on/N=16/seed=3/quantum_layers=2/precond_pen=0.800.log"
Set parameter MIPGap to value 1e-06
Set parameter Threads to value 8
Gurobi Optimizer version 13.0.0 build v13.0.0rc1 (linux64 - "Oracle Linux Server 9.7")

CPU model: AMD EPYC 7643 48-Core Processor, instruction set [SSE2|AVX|AVX2]
Thread count: 48 physical cores, 96 logical processors, using up to 8 threads

Non-default parameters:
MIPGap  1e-06
Threads  8

Optimize a model with 1 rows, 16 columns and 16 nonzeros (Min)
Model fingerprint: 0xbc21dd53
Model has 16 linear objective coefficients and an objective constant of 6.5737414032569994e+00
Model has 120 quadratic objective terms
Variable types: 0 continuous, 16 integer (16 binary)
Coefficient statistics:
  Matrix range     [1e+00, 1e+00]
  Objective range  [2e+00, 2e+00]
  QObjective range [8e-03, 2e+00]
  Bounds range     [1e+00, 1e+00]
  RHS range        [8e+00, 8e+00]
Found heuristic solution: objective 0.0160877
Presolve time: 0.00s
Presolved: 121 rows, 136 columns, 376 nonzeros
Variable types: 0 continuous, 136 integer (136 binary)

Root relaxation: objective -9.484087e+00, 40 iterations, 0.00 seconds (0.00 work units)

    Nodes    |    Current Node    |     Objective Bounds      |     Work
 Expl Unexpl |  Obj  Depth IntInf | Incumbent    BestBd   Gap | It/Node Time

     0     0   -9.48409    0   16    0.01609   -9.48409      -     -    0s
H    0     0                      -2.2949562   -9.48409   313%     -    0s
H    0     0                      -3.4758377   -9.48409   173%     -    0s
H    0     0                      -3.8445893   -9.48409   147%     -    0s
H    0     0                      -3.9737083   -3.97371  0.00%     -    0s
     0     0          -    0        -3.97371   -3.97371  0.00%     -    0s

Cutting planes:
  MIR: 44
  Zero half: 24
  RLT: 38
  BQP: 187

Explored 1 nodes (252 simplex iterations) in 0.02 seconds (0.01 work units)
Thread count was 8 (of 96 available processors)

Solution count 5: -3.97371 -3.84459 -3.47584 ... 0.0160877
No other solutions better than -3.97371

Optimal solution found (tolerance 1.00e-06)
Best objective -3.973708259635e+00, best bound -3.973708259635e+00, gap 0.0000%

User-callback calls 166, time in user-callback 0.00 sec
