
Gurobi 13.0.0 (linux64) logging started Tue Mar 31 15:12:52 2026

Set parameter LogFile to value "logs/N=16_layers=2_presolve_off/N=16/seed=26/n_qaoa_layers=2/baseline.log"
Set parameter MIPGap to value 1e-06
Set parameter Threads to value 8
Set parameter Presolve to value 0
Gurobi Optimizer version 13.0.0 build v13.0.0rc1 (linux64 - "Oracle Linux Server 9.7")

CPU model: AMD EPYC 7643 48-Core Processor, instruction set [SSE2|AVX|AVX2]
Thread count: 48 physical cores, 96 logical processors, using up to 8 threads

Non-default parameters:
MIPGap  1e-06
Presolve  0
Threads  8

Optimize a model with 1 rows, 16 columns and 16 nonzeros (Min)
Model fingerprint: 0x70b65ff1
Model has 16 linear objective coefficients and an objective constant of 4.9870663154649719e-12
Model has 120 quadratic objective terms
Variable types: 0 continuous, 16 integer (16 binary)
Coefficient statistics:
  Matrix range     [1e+00, 1e+00]
  Objective range  [1e+01, 2e+01]
  QObjective range [1e-02, 8e+00]
  Bounds range     [1e+00, 1e+00]
  RHS range        [8e+00, 8e+00]
Found heuristic solution: objective 65.8337656
Variable types: 0 continuous, 136 integer (136 binary)

Root relaxation: objective 4.985290e-12, 9 iterations, 0.00 seconds (0.00 work units)

    Nodes    |    Current Node    |     Objective Bounds      |     Work
 Expl Unexpl |  Obj  Depth IntInf | Incumbent    BestBd   Gap | It/Node Time

     0     0    0.00000    0   16   65.83377    0.00000   100%     -    0s
H    0     0                      62.7159074    0.00000   100%     -    0s
H    0     0                      51.0743811    0.00000   100%     -    0s
     0     0   24.60179    0   24   51.07438   24.60179  51.8%     -    0s
     0     0   25.12061    0   30   51.07438   25.12061  50.8%     -    0s
     0     0   30.64994    0   37   51.07438   30.64994  40.0%     -    0s
     0     0   30.64994    0   37   51.07438   30.64994  40.0%     -    0s
     0     2   30.64994    0   37   51.07438   30.64994  40.0%     -    0s

Cutting planes:
  Gomory: 1
  MIR: 15
  StrongCG: 1
  RLT: 10

Explored 420 nodes (9048 simplex iterations) in 0.07 seconds (0.07 work units)
Thread count was 8 (of 96 available processors)

Solution count 3: 51.0744 62.7159 65.8338 

Optimal solution found (tolerance 1.00e-06)
Best objective 5.107438107428e+01, best bound 5.107438107428e+01, gap 0.0000%

User-callback calls 945, time in user-callback 0.00 sec
