
Gurobi 13.0.0 (linux64) logging started Tue Mar 31 15:12:52 2026

Set parameter LogFile to value "logs/N=16_layers=2_presolve_off/N=16/seed=26/n_qaoa_layers=2/precond_pen=0.600.log"
Set parameter MIPGap to value 1e-06
Set parameter Threads to value 8
Set parameter Presolve to value 0
Gurobi Optimizer version 13.0.0 build v13.0.0rc1 (linux64 - "Oracle Linux Server 9.7")

CPU model: AMD EPYC 7643 48-Core Processor, instruction set [SSE2|AVX|AVX2]
Thread count: 48 physical cores, 96 logical processors, using up to 8 threads

Non-default parameters:
MIPGap  1e-06
Presolve  0
Threads  8

Optimize a model with 1 rows, 16 columns and 16 nonzeros (Min)
Model fingerprint: 0x59fa30ac
Model has 16 linear objective coefficients and an objective constant of 6.0746187013560027e+00
Model has 120 quadratic objective terms
Variable types: 0 continuous, 16 integer (16 binary)
Coefficient statistics:
  Matrix range     [1e+00, 1e+00]
  Objective range  [1e+00, 2e+00]
  QObjective range [2e-02, 3e+00]
  Bounds range     [1e+00, 1e+00]
  RHS range        [8e+00, 8e+00]
Found heuristic solution: objective 0.4623596
Variable types: 0 continuous, 136 integer (136 binary)

Root relaxation: objective -1.615031e+01, 27 iterations, 0.00 seconds (0.00 work units)

    Nodes    |    Current Node    |     Objective Bounds      |     Work
 Expl Unexpl |  Obj  Depth IntInf | Incumbent    BestBd   Gap | It/Node Time

     0     0  -16.15031    0   16    0.46236  -16.15031  3593%     -    0s
H    0     0                      -8.7472255  -16.15031  84.6%     -    0s
H    0     0                      -9.5535323  -16.15031  69.1%     -    0s
     0     0   -9.55353    0   52   -9.55353   -9.55353  0.00%     -    0s

Cutting planes:
  Gomory: 1
  MIR: 44
  Zero half: 26
  RLT: 30
  BQP: 138

Explored 1 nodes (218 simplex iterations) in 0.01 seconds (0.01 work units)
Thread count was 8 (of 96 available processors)

Solution count 3: -9.55353 -8.74723 0.46236 
No other solutions better than -9.55353

Optimal solution found (tolerance 1.00e-06)
Best objective -9.553532341610e+00, best bound -9.553532341610e+00, gap 0.0000%

User-callback calls 69, time in user-callback 0.00 sec
