
Gurobi 13.0.0 (linux64) logging started Sun May  3 11:04:23 2026

Set parameter LogFile to value "logs/N=12_layers=1_presolve_on/N=12/seed=43/quantum_layers=1/baseline.log"
Set parameter MIPGap to value 1e-06
Set parameter Threads to value 8
Gurobi Optimizer version 13.0.0 build v13.0.0rc1 (linux64 - "Oracle Linux Server 9.7")

CPU model: AMD EPYC 7643 48-Core Processor, instruction set [SSE2|AVX|AVX2]
Thread count: 48 physical cores, 96 logical processors, using up to 8 threads

Non-default parameters:
MIPGap  1e-06
Threads  8

Optimize a model with 1 rows, 12 columns and 12 nonzeros (Min)
Model fingerprint: 0x27497ef1
Model has 12 linear objective coefficients and an objective constant of 4.0015768476564517e-12
Model has 66 quadratic objective terms
Variable types: 0 continuous, 12 integer (12 binary)
Coefficient statistics:
  Matrix range     [1e+00, 1e+00]
  Objective range  [7e+00, 1e+01]
  QObjective range [3e-02, 8e+00]
  Bounds range     [1e+00, 1e+00]
  RHS range        [6e+00, 6e+00]
Found heuristic solution: objective 29.8493986
Presolve time: 0.00s
Presolved: 67 rows, 78 columns, 210 nonzeros
Variable types: 0 continuous, 78 integer (78 binary)

Root relaxation: objective 3.999800e-12, 8 iterations, 0.00 seconds (0.00 work units)

    Nodes    |    Current Node    |     Objective Bounds      |     Work
 Expl Unexpl |  Obj  Depth IntInf | Incumbent    BestBd   Gap | It/Node Time

     0     0    0.00000    0   12   29.84940    0.00000   100%     -    0s
H    0     0                      27.2411642    0.00000   100%     -    0s
H    0     0                      24.1337526    0.00000   100%     -    0s
     0     0   17.60761    0   18   24.13375   17.60761  27.0%     -    0s
     0     0   17.90566    0   20   24.13375   17.90566  25.8%     -    0s
     0     0   18.45717    0   19   24.13375   18.45717  23.5%     -    0s
     0     0   24.13375    0   41   24.13375   24.13375  0.00%     -    0s

Cutting planes:
  Gomory: 5
  Cover: 1
  Dual implied bound: 18
  MIR: 20
  StrongCG: 4
  Mod-K: 1
  RLT: 8

Explored 1 nodes (155 simplex iterations) in 0.02 seconds (0.01 work units)
Thread count was 8 (of 96 available processors)

Solution count 3: 24.1338 27.2412 29.8494 

Optimal solution found (tolerance 1.00e-06)
Best objective 2.413375264323e+01, best bound 2.413375264323e+01, gap 0.0000%

User-callback calls 176, time in user-callback 0.00 sec
