
Gurobi 13.0.0 (linux64) logging started Sun May  3 11:06:39 2026

Set parameter LogFile to value "logs/N=12_layers=2_presolve_off/N=12/seed=14/quantum_layers=2/precond_pen=0.400.log"
Set parameter MIPGap to value 1e-06
Set parameter Threads to value 8
Set parameter Presolve to value 0
Gurobi Optimizer version 13.0.0 build v13.0.0rc1 (linux64 - "Oracle Linux Server 9.7")

CPU model: AMD EPYC 7643 48-Core Processor, instruction set [SSE2|AVX|AVX2]
Thread count: 48 physical cores, 96 logical processors, using up to 8 threads

Non-default parameters:
MIPGap  1e-06
Presolve  0
Threads  8

Optimize a model with 1 rows, 12 columns and 12 nonzeros (Min)
Model fingerprint: 0x419aa938
Model has 12 linear objective coefficients and an objective constant of 3.3397549739890011e+00
Model has 66 quadratic objective terms
Variable types: 0 continuous, 12 integer (12 binary)
Coefficient statistics:
  Matrix range     [1e+00, 1e+00]
  Objective range  [9e-02, 3e+00]
  QObjective range [3e-02, 4e+00]
  Bounds range     [1e+00, 1e+00]
  RHS range        [6e+00, 6e+00]
Found heuristic solution: objective -0.9756033
Variable types: 0 continuous, 78 integer (78 binary)

Root relaxation: objective -1.377675e+01, 14 iterations, 0.00 seconds (0.00 work units)

    Nodes    |    Current Node    |     Objective Bounds      |     Work
 Expl Unexpl |  Obj  Depth IntInf | Incumbent    BestBd   Gap | It/Node Time

     0     0  -13.77675    0   12   -0.97560  -13.77675  1312%     -    0s
H    0     0                      -4.6871602  -13.77675   194%     -    0s
H    0     0                      -8.8472753  -13.77675  55.7%     -    0s
H    0     0                     -10.5903854  -13.77675  30.1%     -    0s

Cutting planes:
  MIR: 17
  Zero half: 12
  RLT: 14
  BQP: 54

Explored 1 nodes (14 simplex iterations) in 0.01 seconds (0.00 work units)
Thread count was 8 (of 96 available processors)

Solution count 4: -10.5904 -8.84728 -4.68716 -0.975603 
No other solutions better than -10.5904

Optimal solution found (tolerance 1.00e-06)
Best objective -1.059038543324e+01, best bound -1.059038543324e+01, gap 0.0000%

User-callback calls 63, time in user-callback 0.00 sec
