
Gurobi 13.0.0 (linux64) logging started Sun May  3 11:08:56 2026

Set parameter LogFile to value "logs/N=12_layers=3_presolve_off/N=12/seed=7/quantum_layers=3/precond_pen=0.300.log"
Set parameter MIPGap to value 1e-06
Set parameter Threads to value 8
Set parameter Presolve to value 0
Gurobi Optimizer version 13.0.0 build v13.0.0rc1 (linux64 - "Oracle Linux Server 9.7")

CPU model: AMD EPYC 7643 48-Core Processor, instruction set [SSE2|AVX|AVX2]
Thread count: 48 physical cores, 96 logical processors, using up to 8 threads

Non-default parameters:
MIPGap  1e-06
Presolve  0
Threads  8

Optimize a model with 1 rows, 12 columns and 12 nonzeros (Min)
Model fingerprint: 0x091df507
Model has 12 linear objective coefficients and an objective constant of 3.0981361368980012e+00
Model has 66 quadratic objective terms
Variable types: 0 continuous, 12 integer (12 binary)
Coefficient statistics:
  Matrix range     [1e+00, 1e+00]
  Objective range  [2e-02, 4e+00]
  QObjective range [7e-03, 6e+00]
  Bounds range     [1e+00, 1e+00]
  RHS range        [6e+00, 6e+00]
Found heuristic solution: objective 2.0933649
Variable types: 0 continuous, 78 integer (78 binary)

Root relaxation: objective -1.791084e+01, 12 iterations, 0.00 seconds (0.00 work units)

    Nodes    |    Current Node    |     Objective Bounds      |     Work
 Expl Unexpl |  Obj  Depth IntInf | Incumbent    BestBd   Gap | It/Node Time

     0     0  -17.91084    0   12    2.09336  -17.91084   956%     -    0s
H    0     0                      -1.4921012  -17.91084  1100%     -    0s
H    0     0                      -2.7495838  -17.91084   551%     -    0s
H    0     0                     -12.2413952  -17.91084  46.3%     -    0s

Cutting planes:
  MIR: 19
  Zero half: 13
  RLT: 17
  BQP: 51

Explored 1 nodes (12 simplex iterations) in 0.01 seconds (0.00 work units)
Thread count was 8 (of 96 available processors)

Solution count 4: -12.2414 -2.74958 -1.4921 2.09336 
No other solutions better than -12.2414

Optimal solution found (tolerance 1.00e-06)
Best objective -1.224139521384e+01, best bound -1.224139521384e+01, gap 0.0000%

User-callback calls 63, time in user-callback 0.00 sec
