
Gurobi 13.0.0 (linux64) logging started Tue Mar 31 15:12:48 2026

Set parameter LogFile to value "logs/N=16_layers=2_presolve_off/N=16/seed=13/n_qaoa_layers=2/baseline.log"
Set parameter MIPGap to value 1e-06
Set parameter Threads to value 8
Set parameter Presolve to value 0
Gurobi Optimizer version 13.0.0 build v13.0.0rc1 (linux64 - "Oracle Linux Server 9.7")

CPU model: AMD EPYC 7643 48-Core Processor, instruction set [SSE2|AVX|AVX2]
Thread count: 48 physical cores, 96 logical processors, using up to 8 threads

Non-default parameters:
MIPGap  1e-06
Presolve  0
Threads  8

Optimize a model with 1 rows, 16 columns and 16 nonzeros (Min)
Model fingerprint: 0x64d9dd72
Model has 16 linear objective coefficients and an objective constant of 3.0033753262159735e-12
Model has 120 quadratic objective terms
Variable types: 0 continuous, 16 integer (16 binary)
Coefficient statistics:
  Matrix range     [1e+00, 1e+00]
  Objective range  [1e+01, 2e+01]
  QObjective range [1e-02, 8e+00]
  Bounds range     [1e+00, 1e+00]
  RHS range        [8e+00, 8e+00]
Found heuristic solution: objective 72.0670393
Variable types: 0 continuous, 136 integer (136 binary)

Root relaxation: objective 2.990941e-12, 8 iterations, 0.00 seconds (0.00 work units)

    Nodes    |    Current Node    |     Objective Bounds      |     Work
 Expl Unexpl |  Obj  Depth IntInf | Incumbent    BestBd   Gap | It/Node Time

     0     0    0.00000    0   16   72.06704    0.00000   100%     -    0s
H    0     0                      69.8382514    0.00000   100%     -    0s
H    0     0                      65.3184100    0.00000   100%     -    0s
H    0     0                      57.0999207    0.00000   100%     -    0s
     0     0   27.72506    0   24   57.09992   27.72506  51.4%     -    0s
     0     0   27.79574    0   31   57.09992   27.79574  51.3%     -    0s
     0     0   36.44053    0   39   57.09992   36.44053  36.2%     -    0s
     0     0   36.44053    0   39   57.09992   36.44053  36.2%     -    0s
     0     2   36.44053    0   39   57.09992   36.44053  36.2%     -    0s

Cutting planes:
  Gomory: 2
  MIR: 14
  StrongCG: 1
  RLT: 12

Explored 236 nodes (6438 simplex iterations) in 0.07 seconds (0.07 work units)
Thread count was 8 (of 96 available processors)

Solution count 4: 57.0999 65.3184 69.8383 72.067 

Optimal solution found (tolerance 1.00e-06)
Best objective 5.709992072540e+01, best bound 5.709992072540e+01, gap 0.0000%

User-callback calls 576, time in user-callback 0.00 sec
