
Gurobi 13.0.0 (linux64) logging started Sun Mar 22 16:50:45 2026

Set parameter LogFile to value "logs/N=12_presolve_off/N=12/seed=15/n_qaoa_layers=1/precond_pen=0.500.log"
Set parameter MIPGap to value 1e-06
Set parameter Threads to value 8
Set parameter Presolve to value 0
Gurobi Optimizer version 13.0.0 build v13.0.0rc1 (linux64 - "Oracle Linux Server 9.7")

CPU model: AMD EPYC 7643 48-Core Processor, instruction set [SSE2|AVX|AVX2]
Thread count: 48 physical cores, 96 logical processors, using up to 8 threads

Non-default parameters:
MIPGap  1e-06
Presolve  0
Threads  8

Optimize a model with 1 rows, 12 columns and 12 nonzeros (Min)
Model fingerprint: 0xab2cb096
Model has 12 linear objective coefficients and an objective constant of 4.5871769476619990e+00
Model has 66 quadratic objective terms
Variable types: 0 continuous, 12 integer (12 binary)
Coefficient statistics:
  Matrix range     [1e+00, 1e+00]
  Objective range  [1e+00, 2e+00]
  QObjective range [2e-02, 2e+00]
  Bounds range     [1e+00, 1e+00]
  RHS range        [6e+00, 6e+00]
Found heuristic solution: objective -1.2654033
Variable types: 0 continuous, 78 integer (78 binary)

Root relaxation: objective -5.850459e+00, 17 iterations, 0.00 seconds (0.00 work units)

    Nodes    |    Current Node    |     Objective Bounds      |     Work
 Expl Unexpl |  Obj  Depth IntInf | Incumbent    BestBd   Gap | It/Node Time

     0     0   -5.85046    0   12   -1.26540   -5.85046   362%     -    0s
H    0     0                      -1.4728025   -5.85046   297%     -    0s
H    0     0                      -1.6517097   -5.85046   254%     -    0s
H    0     0                      -2.5751487   -5.85046   127%     -    0s
     0     0     cutoff    0        -2.57515   -2.57515  0.00%     -    0s

Cutting planes:
  Gomory: 2
  MIR: 27
  Zero half: 10
  RLT: 23
  BQP: 64

Explored 1 nodes (114 simplex iterations) in 0.01 seconds (0.00 work units)
Thread count was 8 (of 96 available processors)

Solution count 4: -2.57515 -1.65171 -1.4728 -1.2654 
No other solutions better than -2.57515

Optimal solution found (tolerance 1.00e-06)
Best objective -2.575148699444e+00, best bound -2.575148699444e+00, gap 0.0000%

User-callback calls 69, time in user-callback 0.00 sec
