
Gurobi 13.0.0 (linux64) logging started Sun May  3 11:04:31 2026

Set parameter LogFile to value "logs/N=12_layers=1_presolve_off/N=12/seed=36/quantum_layers=1/precond_pen=0.100.log"
Set parameter MIPGap to value 1e-06
Set parameter Threads to value 8
Set parameter Presolve to value 0
Gurobi Optimizer version 13.0.0 build v13.0.0rc1 (linux64 - "Oracle Linux Server 9.7")

CPU model: AMD EPYC 7643 48-Core Processor, instruction set [SSE2|AVX|AVX2]
Thread count: 48 physical cores, 96 logical processors, using up to 8 threads

Non-default parameters:
MIPGap  1e-06
Presolve  0
Threads  8

Optimize a model with 1 rows, 12 columns and 12 nonzeros (Min)
Model fingerprint: 0x74eef091
Model has 12 linear objective coefficients and an objective constant of -16.580782884237
Model has 66 quadratic objective terms
Variable types: 0 continuous, 12 integer (12 binary)
Coefficient statistics:
  Matrix range     [1e+00, 1e+00]
  Objective range  [3e+00, 7e+00]
  QObjective range [1e-01, 5e+00]
  Bounds range     [1e+00, 1e+00]
  RHS range        [6e+00, 6e+00]
Found heuristic solution: objective 1.6119220
Variable types: 0 continuous, 78 integer (78 binary)

Root relaxation: objective -1.660710e+01, 4 iterations, 0.00 seconds (0.00 work units)

    Nodes    |    Current Node    |     Objective Bounds      |     Work
 Expl Unexpl |  Obj  Depth IntInf | Incumbent    BestBd   Gap | It/Node Time

     0     0  -16.60710    0   12    1.61192  -16.60710  1130%     -    0s
H    0     0                      -3.2997235  -16.60710   403%     -    0s
     0     0   -7.12340    0   16   -3.29972   -7.12340   116%     -    0s
     0     0   -6.83394    0   16   -3.29972   -6.83394   107%     -    0s
     0     0   -5.62616    0   27   -3.29972   -5.62616  70.5%     -    0s
     0     0   -5.33969    0   40   -3.29972   -5.33969  61.8%     -    0s
     0     0   -5.29792    0   41   -3.29972   -5.29792  60.6%     -    0s
     0     0   -3.29972    0   53   -3.29972   -3.29972  0.00%     -    0s

Cutting planes:
  Gomory: 7
  Cover: 5
  MIR: 17
  StrongCG: 3
  Mod-K: 1
  RLT: 11
  BQP: 2

Explored 1 nodes (195 simplex iterations) in 0.02 seconds (0.01 work units)
Thread count was 8 (of 96 available processors)

Solution count 2: -3.29972 1.61192 
No other solutions better than -3.29972

Optimal solution found (tolerance 1.00e-06)
Best objective -3.299723481817e+00, best bound -3.299723481817e+00, gap 0.0000%

User-callback calls 91, time in user-callback 0.00 sec
