
Gurobi 13.0.0 (linux64) logging started Sun May  3 10:58:30 2026

Set parameter LogFile to value "logs/N=16_layers=2_presolve_on/N=16/seed=19/quantum_layers=2/precond_pen=0.400.log"
Set parameter MIPGap to value 1e-06
Set parameter Threads to value 8
Gurobi Optimizer version 13.0.0 build v13.0.0rc1 (linux64 - "Oracle Linux Server 9.7")

CPU model: AMD EPYC 7643 48-Core Processor, instruction set [SSE2|AVX|AVX2]
Thread count: 48 physical cores, 96 logical processors, using up to 8 threads

Non-default parameters:
MIPGap  1e-06
Threads  8

Optimize a model with 1 rows, 16 columns and 16 nonzeros (Min)
Model fingerprint: 0x8823c5ae
Model has 16 linear objective coefficients and an objective constant of 5.726560365857
Model has 120 quadratic objective terms
Variable types: 0 continuous, 16 integer (16 binary)
Coefficient statistics:
  Matrix range     [1e+00, 1e+00]
  Objective range  [9e-01, 2e+00]
  QObjective range [1e-02, 4e+00]
  Bounds range     [1e+00, 1e+00]
  RHS range        [8e+00, 8e+00]
Found heuristic solution: objective 3.4570761
Presolve time: 0.00s
Presolved: 121 rows, 136 columns, 376 nonzeros
Variable types: 0 continuous, 136 integer (136 binary)

Root relaxation: objective -2.288841e+01, 24 iterations, 0.00 seconds (0.00 work units)

    Nodes    |    Current Node    |     Objective Bounds      |     Work
 Expl Unexpl |  Obj  Depth IntInf | Incumbent    BestBd   Gap | It/Node Time

     0     0  -22.88841    0   16    3.45708  -22.88841   762%     -    0s
H    0     0                     -14.0321034  -22.88841  63.1%     -    0s
H    0     0                     -15.1398869  -22.88841  51.2%     -    0s
     0     0  -15.13989    0   49  -15.13989  -15.13989  0.00%     -    0s

Cutting planes:
  Gomory: 2
  MIR: 28
  Zero half: 28
  RLT: 35
  BQP: 136

Explored 1 nodes (131 simplex iterations) in 0.01 seconds (0.01 work units)
Thread count was 8 (of 96 available processors)

Solution count 3: -15.1399 -14.0321 3.45708 
No other solutions better than -15.1399

Optimal solution found (tolerance 1.00e-06)
Best objective -1.513988693920e+01, best bound -1.513988693920e+01, gap 0.0000%

User-callback calls 162, time in user-callback 0.00 sec
