
Gurobi 13.0.0 (linux64) logging started Sun May  3 10:58:31 2026

Set parameter LogFile to value "logs/N=16_layers=2_presolve_on/N=16/seed=19/quantum_layers=2/precond_pen=0.500.log"
Set parameter MIPGap to value 1e-06
Set parameter Threads to value 8
Gurobi Optimizer version 13.0.0 build v13.0.0rc1 (linux64 - "Oracle Linux Server 9.7")

CPU model: AMD EPYC 7643 48-Core Processor, instruction set [SSE2|AVX|AVX2]
Thread count: 48 physical cores, 96 logical processors, using up to 8 threads

Non-default parameters:
MIPGap  1e-06
Threads  8

Optimize a model with 1 rows, 16 columns and 16 nonzeros (Min)
Model fingerprint: 0x70498046
Model has 16 linear objective coefficients and an objective constant of 5.9015840288620032e+00
Model has 120 quadratic objective terms
Variable types: 0 continuous, 16 integer (16 binary)
Coefficient statistics:
  Matrix range     [1e+00, 1e+00]
  Objective range  [1e+00, 2e+00]
  QObjective range [8e-04, 4e+00]
  Bounds range     [1e+00, 1e+00]
  RHS range        [8e+00, 8e+00]
Found heuristic solution: objective 2.7832235
Presolve time: 0.00s
Presolved: 121 rows, 136 columns, 376 nonzeros
Variable types: 0 continuous, 136 integer (136 binary)

Root relaxation: objective -1.861618e+01, 18 iterations, 0.00 seconds (0.00 work units)

    Nodes    |    Current Node    |     Objective Bounds      |     Work
 Expl Unexpl |  Obj  Depth IntInf | Incumbent    BestBd   Gap | It/Node Time

     0     0  -18.61618    0   16    2.78322  -18.61618   769%     -    0s
H    0     0                       0.8216589  -18.61618  2366%     -    0s
H    0     0                       0.2094581  -18.61618  8988%     -    0s
H    0     0                      -1.5464197  -18.61618  1104%     -    0s
H    0     0                     -11.6659287  -18.61618  59.6%     -    0s
     0     0  -11.66593    0   64  -11.66593  -11.66593  0.00%     -    0s

Cutting planes:
  Gomory: 1
  MIR: 29
  Zero half: 27
  RLT: 40
  BQP: 138

Explored 1 nodes (154 simplex iterations) in 0.01 seconds (0.01 work units)
Thread count was 8 (of 96 available processors)

Solution count 5: -11.6659 -1.54642 0.209458 ... 2.78322
No other solutions better than -11.6659

Optimal solution found (tolerance 1.00e-06)
Best objective -1.166592874409e+01, best bound -1.166592874409e+01, gap 0.0000%

User-callback calls 166, time in user-callback 0.00 sec
