
Gurobi 13.0.0 (linux64) logging started Sun May  3 10:58:55 2026

Set parameter LogFile to value "logs/N=16_layers=2_presolve_off/N=16/seed=49/quantum_layers=2/precond_pen=0.800.log"
Set parameter MIPGap to value 1e-06
Set parameter Threads to value 8
Set parameter Presolve to value 0
Gurobi Optimizer version 13.0.0 build v13.0.0rc1 (linux64 - "Oracle Linux Server 9.7")

CPU model: AMD EPYC 7643 48-Core Processor, instruction set [SSE2|AVX|AVX2]
Thread count: 48 physical cores, 96 logical processors, using up to 8 threads

Non-default parameters:
MIPGap  1e-06
Presolve  0
Threads  8

Optimize a model with 1 rows, 16 columns and 16 nonzeros (Min)
Model fingerprint: 0x82a1ebff
Model has 16 linear objective coefficients and an objective constant of 6.489583938604
Model has 120 quadratic objective terms
Variable types: 0 continuous, 16 integer (16 binary)
Coefficient statistics:
  Matrix range     [1e+00, 1e+00]
  Objective range  [1e+00, 2e+00]
  QObjective range [5e-03, 2e+00]
  Bounds range     [1e+00, 1e+00]
  RHS range        [8e+00, 8e+00]
Found heuristic solution: objective 1.7243590
Variable types: 0 continuous, 136 integer (136 binary)

Root relaxation: objective -1.059044e+01, 46 iterations, 0.00 seconds (0.00 work units)

    Nodes    |    Current Node    |     Objective Bounds      |     Work
 Expl Unexpl |  Obj  Depth IntInf | Incumbent    BestBd   Gap | It/Node Time

     0     0  -10.59044    0   16    1.72436  -10.59044   714%     -    0s
H    0     0                      -1.3231542  -10.59044   700%     -    0s
H    0     0                      -1.8237017  -10.59044   481%     -    0s
H    0     0                      -5.0113076  -10.59044   111%     -    0s
     0     0   -5.22993    0   67   -5.01131   -5.22993  4.36%     -    0s
     0     0   -5.01131    0   70   -5.01131   -5.01131  0.00%     -    0s

Cutting planes:
  Gomory: 1
  MIR: 48
  Zero half: 20
  RLT: 25
  BQP: 123

Explored 1 nodes (326 simplex iterations) in 0.02 seconds (0.01 work units)
Thread count was 8 (of 96 available processors)

Solution count 4: -5.01131 -1.8237 -1.32315 1.72436 
No other solutions better than -5.01131

Optimal solution found (tolerance 1.00e-06)
Best objective -5.011307569964e+00, best bound -5.011307569964e+00, gap 0.0000%

User-callback calls 75, time in user-callback 0.00 sec
