
Gurobi 13.0.0 (linux64) logging started Tue Mar 31 15:06:58 2026

Set parameter LogFile to value "logs/N=12_layers=3_presolve_off/N=12/seed=34/n_qaoa_layers=3/baseline.log"
Set parameter MIPGap to value 1e-06
Set parameter Threads to value 8
Set parameter Presolve to value 0
Gurobi Optimizer version 13.0.0 build v13.0.0rc1 (linux64 - "Oracle Linux Server 9.7")

CPU model: AMD EPYC 7643 48-Core Processor, instruction set [SSE2|AVX|AVX2]
Thread count: 48 physical cores, 96 logical processors, using up to 8 threads

Non-default parameters:
MIPGap  1e-06
Presolve  0
Threads  8

Optimize a model with 1 rows, 12 columns and 12 nonzeros (Min)
Model fingerprint: 0xe617638d
Model has 12 linear objective coefficients and an objective constant of -1.0078049506034858e-12
Model has 66 quadratic objective terms
Variable types: 0 continuous, 12 integer (12 binary)
Coefficient statistics:
  Matrix range     [1e+00, 1e+00]
  Objective range  [8e+00, 1e+01]
  QObjective range [3e-02, 8e+00]
  Bounds range     [1e+00, 1e+00]
  RHS range        [6e+00, 6e+00]
Found heuristic solution: objective 39.1354961
Variable types: 0 continuous, 78 integer (78 binary)

Root relaxation: objective -1.006917e-12, 10 iterations, 0.00 seconds (0.00 work units)

    Nodes    |    Current Node    |     Objective Bounds      |     Work
 Expl Unexpl |  Obj  Depth IntInf | Incumbent    BestBd   Gap | It/Node Time

     0     0   -0.00000    0   12   39.13550   -0.00000   100%     -    0s
H    0     0                      36.5453083   -0.00000   100%     -    0s
H    0     0                      35.9851026   -0.00000   100%     -    0s
H    0     0                      30.3846253   -0.00000   100%     -    0s
     0     0   18.91706    0   16   30.38463   18.91706  37.7%     -    0s
     0     0   19.98378    0   21   30.38463   19.98378  34.2%     -    0s
     0     0   24.38509    0   37   30.38463   24.38509  19.7%     -    0s
     0     0   25.04422    0   39   30.38463   25.04422  17.6%     -    0s
     0     0   26.96976    0   44   30.38463   26.96976  11.2%     -    0s
     0     0   26.98676    0   44   30.38463   26.98676  11.2%     -    0s
     0     2   26.98676    0   44   30.38463   26.98676  11.2%     -    0s

Cutting planes:
  Gomory: 2
  Cover: 1
  MIR: 15
  StrongCG: 2
  RLT: 8

Explored 78 nodes (1568 simplex iterations) in 0.04 seconds (0.02 work units)
Thread count was 8 (of 96 available processors)

Solution count 4: 30.3846 35.9851 36.5453 39.1355 

Optimal solution found (tolerance 1.00e-06)
Best objective 3.038462525185e+01, best bound 3.038462525185e+01, gap 0.0000%

User-callback calls 259, time in user-callback 0.00 sec

Gurobi 13.0.0 (linux64) logging started Tue Mar 31 15:10:57 2026

Set parameter LogFile to value "logs/N=12_layers=3_presolve_off/N=12/seed=34/n_qaoa_layers=3/baseline.log"
Set parameter MIPGap to value 1e-06
Set parameter Threads to value 8
Set parameter Presolve to value 0
Gurobi Optimizer version 13.0.0 build v13.0.0rc1 (linux64 - "Oracle Linux Server 9.7")

CPU model: AMD EPYC 7643 48-Core Processor, instruction set [SSE2|AVX|AVX2]
Thread count: 48 physical cores, 96 logical processors, using up to 8 threads

Non-default parameters:
MIPGap  1e-06
Presolve  0
Threads  8

Optimize a model with 1 rows, 12 columns and 12 nonzeros (Min)
Model fingerprint: 0xe617638d
Model has 12 linear objective coefficients and an objective constant of -1.0078049506034858e-12
Model has 66 quadratic objective terms
Variable types: 0 continuous, 12 integer (12 binary)
Coefficient statistics:
  Matrix range     [1e+00, 1e+00]
  Objective range  [8e+00, 1e+01]
  QObjective range [3e-02, 8e+00]
  Bounds range     [1e+00, 1e+00]
  RHS range        [6e+00, 6e+00]
Found heuristic solution: objective 39.1354961
Variable types: 0 continuous, 78 integer (78 binary)

Root relaxation: objective -1.006917e-12, 10 iterations, 0.00 seconds (0.00 work units)

    Nodes    |    Current Node    |     Objective Bounds      |     Work
 Expl Unexpl |  Obj  Depth IntInf | Incumbent    BestBd   Gap | It/Node Time

     0     0   -0.00000    0   12   39.13550   -0.00000   100%     -    0s
H    0     0                      36.5453083   -0.00000   100%     -    0s
H    0     0                      35.9851026   -0.00000   100%     -    0s
H    0     0                      30.3846253   -0.00000   100%     -    0s
     0     0   18.91706    0   16   30.38463   18.91706  37.7%     -    0s
     0     0   19.98378    0   21   30.38463   19.98378  34.2%     -    0s
     0     0   24.38509    0   37   30.38463   24.38509  19.7%     -    0s
     0     0   25.04422    0   39   30.38463   25.04422  17.6%     -    0s
     0     0   26.96976    0   44   30.38463   26.96976  11.2%     -    0s
     0     0   26.98676    0   44   30.38463   26.98676  11.2%     -    0s
     0     2   26.98676    0   44   30.38463   26.98676  11.2%     -    0s

Cutting planes:
  Gomory: 2
  Cover: 1
  MIR: 15
  StrongCG: 2
  RLT: 8

Explored 78 nodes (1568 simplex iterations) in 0.04 seconds (0.02 work units)
Thread count was 8 (of 96 available processors)

Solution count 4: 30.3846 35.9851 36.5453 39.1355 

Optimal solution found (tolerance 1.00e-06)
Best objective 3.038462525185e+01, best bound 3.038462525185e+01, gap 0.0000%

User-callback calls 260, time in user-callback 0.00 sec
