
Gurobi 13.0.0 (linux64) logging started Tue Mar 31 15:06:57 2026

Set parameter LogFile to value "logs/N=12_layers=3_presolve_off/N=12/seed=27/n_qaoa_layers=3/precond_pen=0.700.log"
Set parameter MIPGap to value 1e-06
Set parameter Threads to value 8
Set parameter Presolve to value 0
Gurobi Optimizer version 13.0.0 build v13.0.0rc1 (linux64 - "Oracle Linux Server 9.7")

CPU model: AMD EPYC 7643 48-Core Processor, instruction set [SSE2|AVX|AVX2]
Thread count: 48 physical cores, 96 logical processors, using up to 8 threads

Non-default parameters:
MIPGap  1e-06
Presolve  0
Threads  8

Optimize a model with 1 rows, 12 columns and 12 nonzeros (Min)
Model fingerprint: 0x442b28e6
Model has 12 linear objective coefficients and an objective constant of 4.839603220677
Model has 66 quadratic objective terms
Variable types: 0 continuous, 12 integer (12 binary)
Coefficient statistics:
  Matrix range     [1e+00, 1e+00]
  Objective range  [1e+00, 2e+00]
  QObjective range [8e-03, 3e+00]
  Bounds range     [1e+00, 1e+00]
  RHS range        [6e+00, 6e+00]
Found heuristic solution: objective 0.1418637
Variable types: 0 continuous, 78 integer (78 binary)

Root relaxation: objective -1.061648e+01, 12 iterations, 0.00 seconds (0.00 work units)

    Nodes    |    Current Node    |     Objective Bounds      |     Work
 Expl Unexpl |  Obj  Depth IntInf | Incumbent    BestBd   Gap | It/Node Time

     0     0  -10.61648    0   12    0.14186  -10.61648  7584%     -    0s
H    0     0                      -3.7507155  -10.61648   183%     -    0s
H    0     0                      -4.7557952  -10.61648   123%     -    0s
H    0     0                      -4.8574924   -5.49553  13.1%     -    0s
     0     0   -5.16951    0   38   -4.85749   -5.16951  6.42%     -    0s

Cutting planes:
  Gomory: 6
  MIR: 48
  Flow cover: 5
  Zero half: 9
  RLT: 11
  BQP: 49

Explored 1 nodes (92 simplex iterations) in 0.01 seconds (0.01 work units)
Thread count was 8 (of 96 available processors)

Solution count 4: -4.85749 -4.7558 -3.75072 0.141864 
No other solutions better than -4.85749

Optimal solution found (tolerance 1.00e-06)
Best objective -4.857492405693e+00, best bound -4.857492405693e+00, gap 0.0000%

User-callback calls 73, time in user-callback 0.00 sec

Gurobi 13.0.0 (linux64) logging started Tue Mar 31 15:10:56 2026

Set parameter LogFile to value "logs/N=12_layers=3_presolve_off/N=12/seed=27/n_qaoa_layers=3/precond_pen=0.700.log"
Set parameter MIPGap to value 1e-06
Set parameter Threads to value 8
Set parameter Presolve to value 0
Gurobi Optimizer version 13.0.0 build v13.0.0rc1 (linux64 - "Oracle Linux Server 9.7")

CPU model: AMD EPYC 7643 48-Core Processor, instruction set [SSE2|AVX|AVX2]
Thread count: 48 physical cores, 96 logical processors, using up to 8 threads

Non-default parameters:
MIPGap  1e-06
Presolve  0
Threads  8

Optimize a model with 1 rows, 12 columns and 12 nonzeros (Min)
Model fingerprint: 0x442b28e6
Model has 12 linear objective coefficients and an objective constant of 4.839603220677
Model has 66 quadratic objective terms
Variable types: 0 continuous, 12 integer (12 binary)
Coefficient statistics:
  Matrix range     [1e+00, 1e+00]
  Objective range  [1e+00, 2e+00]
  QObjective range [8e-03, 3e+00]
  Bounds range     [1e+00, 1e+00]
  RHS range        [6e+00, 6e+00]
Found heuristic solution: objective 0.1418637
Variable types: 0 continuous, 78 integer (78 binary)

Root relaxation: objective -1.061648e+01, 12 iterations, 0.00 seconds (0.00 work units)

    Nodes    |    Current Node    |     Objective Bounds      |     Work
 Expl Unexpl |  Obj  Depth IntInf | Incumbent    BestBd   Gap | It/Node Time

     0     0  -10.61648    0   12    0.14186  -10.61648  7584%     -    0s
H    0     0                      -3.7507155  -10.61648   183%     -    0s
H    0     0                      -4.7557952  -10.61648   123%     -    0s
H    0     0                      -4.8574924   -5.49553  13.1%     -    0s
     0     0   -5.16951    0   38   -4.85749   -5.16951  6.42%     -    0s

Cutting planes:
  Gomory: 6
  MIR: 48
  Flow cover: 5
  Zero half: 9
  RLT: 11
  BQP: 49

Explored 1 nodes (92 simplex iterations) in 0.01 seconds (0.01 work units)
Thread count was 8 (of 96 available processors)

Solution count 4: -4.85749 -4.7558 -3.75072 0.141864 
No other solutions better than -4.85749

Optimal solution found (tolerance 1.00e-06)
Best objective -4.857492405693e+00, best bound -4.857492405693e+00, gap 0.0000%

User-callback calls 73, time in user-callback 0.00 sec
