
Gurobi 13.0.0 (linux64) logging started Sun May  3 11:04:29 2026

Set parameter LogFile to value "logs/N=12_layers=1_presolve_off/N=12/seed=28/quantum_layers=1/precond_pen=0.700.log"
Set parameter MIPGap to value 1e-06
Set parameter Threads to value 8
Set parameter Presolve to value 0
Gurobi Optimizer version 13.0.0 build v13.0.0rc1 (linux64 - "Oracle Linux Server 9.7")

CPU model: AMD EPYC 7643 48-Core Processor, instruction set [SSE2|AVX|AVX2]
Thread count: 48 physical cores, 96 logical processors, using up to 8 threads

Non-default parameters:
MIPGap  1e-06
Presolve  0
Threads  8

Optimize a model with 1 rows, 12 columns and 12 nonzeros (Min)
Model fingerprint: 0xe5697632
Model has 12 linear objective coefficients and an objective constant of 4.833586813925
Model has 66 quadratic objective terms
Variable types: 0 continuous, 12 integer (12 binary)
Coefficient statistics:
  Matrix range     [1e+00, 1e+00]
  Objective range  [1e+00, 2e+00]
  QObjective range [2e-02, 1e+00]
  Bounds range     [1e+00, 1e+00]
  RHS range        [6e+00, 6e+00]
Found heuristic solution: objective -1.1596895
Variable types: 0 continuous, 78 integer (78 binary)

Root relaxation: objective -4.838637e+00, 22 iterations, 0.00 seconds (0.00 work units)

    Nodes    |    Current Node    |     Objective Bounds      |     Work
 Expl Unexpl |  Obj  Depth IntInf | Incumbent    BestBd   Gap | It/Node Time

     0     0   -4.83864    0   12   -1.15969   -4.83864   317%     -    0s
H    0     0                      -1.4880758   -4.83864   225%     -    0s
H    0     0                      -1.6465460   -4.83864   194%     -    0s
     0     0     cutoff    0        -1.64655   -1.64655  0.00%     -    0s

Cutting planes:
  Gomory: 1
  MIR: 50
  Zero half: 22
  RLT: 25
  BQP: 138

Explored 1 nodes (153 simplex iterations) in 0.01 seconds (0.00 work units)
Thread count was 8 (of 96 available processors)

Solution count 3: -1.64655 -1.48808 -1.15969 
No other solutions better than -1.64655

Optimal solution found (tolerance 1.00e-06)
Best objective -1.646546031259e+00, best bound -1.646546031259e+00, gap 0.0000%

User-callback calls 67, time in user-callback 0.00 sec
