
Gurobi 13.0.0 (linux64) logging started Sun May  3 10:58:36 2026

Set parameter LogFile to value "logs/N=16_layers=2_presolve_on/N=16/seed=37/quantum_layers=2/precond_pen=1.000.log"
Set parameter MIPGap to value 1e-06
Set parameter Threads to value 8
Gurobi Optimizer version 13.0.0 build v13.0.0rc1 (linux64 - "Oracle Linux Server 9.7")

CPU model: AMD EPYC 7643 48-Core Processor, instruction set [SSE2|AVX|AVX2]
Thread count: 48 physical cores, 96 logical processors, using up to 8 threads

Non-default parameters:
MIPGap  1e-06
Threads  8

Optimize a model with 1 rows, 16 columns and 16 nonzeros (Min)
Model fingerprint: 0xf817d430
Model has 16 linear objective coefficients and an objective constant of 7.3024511371559990e+00
Model has 120 quadratic objective terms
Variable types: 0 continuous, 16 integer (16 binary)
Coefficient statistics:
  Matrix range     [1e+00, 1e+00]
  Objective range  [2e+00, 2e+00]
  QObjective range [1e-02, 1e+00]
  Bounds range     [1e+00, 1e+00]
  RHS range        [8e+00, 8e+00]
Found heuristic solution: objective -0.3883862
Presolve time: 0.00s
Presolved: 121 rows, 136 columns, 376 nonzeros
Variable types: 0 continuous, 136 integer (136 binary)

Root relaxation: objective -7.423031e+00, 49 iterations, 0.00 seconds (0.00 work units)

    Nodes    |    Current Node    |     Objective Bounds      |     Work
 Expl Unexpl |  Obj  Depth IntInf | Incumbent    BestBd   Gap | It/Node Time

     0     0   -7.42303    0   16   -0.38839   -7.42303  1811%     -    0s
H    0     0                      -1.2886499   -7.42303   476%     -    0s
H    0     0                      -1.7321804   -7.42303   329%     -    0s
H    0     0                      -1.7529642   -5.58675   219%     -    0s
     0     0   -2.25500    0  109   -1.75296   -2.25500  28.6%     -    0s
H    0     0                      -1.7957104   -2.25500  25.6%     -    0s
H    0     0                      -1.9059328   -2.16558  13.6%     -    0s
     0     0   -2.03500    0  124   -1.90593   -2.03500  6.77%     -    0s
     0     0   -2.02384    0  124   -1.90593   -2.02384  6.19%     -    0s
     0     2   -2.02384    0  124   -1.90593   -2.02384  6.19%     -    0s

Cutting planes:
  Gomory: 1
  Dual implied bound: 4
  MIR: 47
  Zero half: 9
  RLT: 38
  BQP: 189

Explored 12 nodes (1478 simplex iterations) in 0.11 seconds (0.09 work units)
Thread count was 8 (of 96 available processors)

Solution count 6: -1.90593 -1.79571 -1.75296 ... -0.388386
No other solutions better than -1.90593

Optimal solution found (tolerance 1.00e-06)
Best objective -1.905932797442e+00, best bound -1.905932797442e+00, gap 0.0000%

User-callback calls 228, time in user-callback 0.00 sec
