
Gurobi 13.0.0 (linux64) logging started Sun May  3 10:58:29 2026

Set parameter LogFile to value "logs/N=16_layers=2_presolve_on/N=16/seed=14/quantum_layers=2/precond_pen=0.800.log"
Set parameter MIPGap to value 1e-06
Set parameter Threads to value 8
Gurobi Optimizer version 13.0.0 build v13.0.0rc1 (linux64 - "Oracle Linux Server 9.7")

CPU model: AMD EPYC 7643 48-Core Processor, instruction set [SSE2|AVX|AVX2]
Thread count: 48 physical cores, 96 logical processors, using up to 8 threads

Non-default parameters:
MIPGap  1e-06
Threads  8

Optimize a model with 1 rows, 16 columns and 16 nonzeros (Min)
Model fingerprint: 0xb494821b
Model has 16 linear objective coefficients and an objective constant of 6.4848188279209991e+00
Model has 120 quadratic objective terms
Variable types: 0 continuous, 16 integer (16 binary)
Coefficient statistics:
  Matrix range     [1e+00, 1e+00]
  Objective range  [1e+00, 2e+00]
  QObjective range [1e-02, 2e+00]
  Bounds range     [1e+00, 1e+00]
  RHS range        [8e+00, 8e+00]
Found heuristic solution: objective -0.2558539
Presolve time: 0.00s
Presolved: 121 rows, 136 columns, 376 nonzeros
Variable types: 0 continuous, 136 integer (136 binary)

Root relaxation: objective -1.052301e+01, 55 iterations, 0.00 seconds (0.00 work units)

    Nodes    |    Current Node    |     Objective Bounds      |     Work
 Expl Unexpl |  Obj  Depth IntInf | Incumbent    BestBd   Gap | It/Node Time

     0     0  -10.52301    0   16   -0.25585  -10.52301  4013%     -    0s
H    0     0                      -1.5305645  -10.52301   588%     -    0s
H    0     0                      -1.9717118  -10.52301   434%     -    0s
H    0     0                      -4.6628691  -10.52301   126%     -    0s
     0     0   -4.76894    0   61   -4.66287   -4.76894  2.27%     -    0s

Cutting planes:
  Gomory: 8
  Clique: 4
  MIR: 61
  Flow cover: 17
  Zero half: 31
  RLT: 34
  BQP: 171

Explored 1 nodes (283 simplex iterations) in 0.04 seconds (0.02 work units)
Thread count was 8 (of 96 available processors)

Solution count 4: -4.66287 -1.97171 -1.53056 -0.255854 
No other solutions better than -4.66287

Optimal solution found (tolerance 1.00e-06)
Best objective -4.662869060821e+00, best bound -4.662869060821e+00, gap 0.0000%

User-callback calls 174, time in user-callback 0.00 sec
