
Gurobi 13.0.0 (linux64) logging started Sun May  3 10:58:29 2026

Set parameter LogFile to value "logs/N=16_layers=2_presolve_on/N=16/seed=14/quantum_layers=2/precond_pen=0.400.log"
Set parameter MIPGap to value 1e-06
Set parameter Threads to value 8
Gurobi Optimizer version 13.0.0 build v13.0.0rc1 (linux64 - "Oracle Linux Server 9.7")

CPU model: AMD EPYC 7643 48-Core Processor, instruction set [SSE2|AVX|AVX2]
Thread count: 48 physical cores, 96 logical processors, using up to 8 threads

Non-default parameters:
MIPGap  1e-06
Threads  8

Optimize a model with 1 rows, 16 columns and 16 nonzeros (Min)
Model fingerprint: 0xc593103a
Model has 16 linear objective coefficients and an objective constant of 5.3534579658890005e+00
Model has 120 quadratic objective terms
Variable types: 0 continuous, 16 integer (16 binary)
Coefficient statistics:
  Matrix range     [1e+00, 1e+00]
  Objective range  [5e-01, 3e+00]
  QObjective range [2e-02, 4e+00]
  Bounds range     [1e+00, 1e+00]
  RHS range        [8e+00, 8e+00]
Found heuristic solution: objective 0.3951737
Presolve time: 0.00s
Presolved: 121 rows, 136 columns, 376 nonzeros
Variable types: 0 continuous, 136 integer (136 binary)

Root relaxation: objective -2.042145e+01, 36 iterations, 0.00 seconds (0.00 work units)

    Nodes    |    Current Node    |     Objective Bounds      |     Work
 Expl Unexpl |  Obj  Depth IntInf | Incumbent    BestBd   Gap | It/Node Time

     0     0  -20.42145    0   16    0.39517  -20.42145  5268%     -    0s
H    0     0                      -8.0293031  -20.42145   154%     -    0s
H    0     0                     -11.4439546  -20.42145  78.4%     -    0s
     0     0  -11.44395    0   60  -11.44395  -11.44395  0.00%     -    0s

Cutting planes:
  Gomory: 1
  MIR: 38
  Zero half: 26
  RLT: 43
  BQP: 157

Explored 1 nodes (227 simplex iterations) in 0.01 seconds (0.01 work units)
Thread count was 8 (of 96 available processors)

Solution count 3: -11.444 -8.0293 0.395174 
No other solutions better than -11.444

Optimal solution found (tolerance 1.00e-06)
Best objective -1.144395464303e+01, best bound -1.144395464303e+01, gap 0.0000%

User-callback calls 163, time in user-callback 0.00 sec
