
Gurobi 13.0.0 (linux64) logging started Sun May  3 10:54:01 2026

Set parameter LogFile to value "logs/N=16_layers=1_presolve_on/N=16/seed=39/quantum_layers=1/baseline.log"
Set parameter MIPGap to value 1e-06
Set parameter Threads to value 8
Gurobi Optimizer version 13.0.0 build v13.0.0rc1 (linux64 - "Oracle Linux Server 9.7")

CPU model: AMD EPYC 7643 48-Core Processor, instruction set [SSE2|AVX|AVX2]
Thread count: 48 physical cores, 96 logical processors, using up to 8 threads

Non-default parameters:
MIPGap  1e-06
Threads  8

Optimize a model with 1 rows, 16 columns and 16 nonzeros (Min)
Model fingerprint: 0x66bda55d
Model has 16 linear objective coefficients and an objective constant of 2.9989344341174728e-12
Model has 120 quadratic objective terms
Variable types: 0 continuous, 16 integer (16 binary)
Coefficient statistics:
  Matrix range     [1e+00, 1e+00]
  Objective range  [1e+01, 2e+01]
  QObjective range [6e-02, 8e+00]
  Bounds range     [1e+00, 1e+00]
  RHS range        [8e+00, 8e+00]
Found heuristic solution: objective 63.0123604
Presolve time: 0.00s
Presolved: 121 rows, 136 columns, 376 nonzeros
Variable types: 0 continuous, 136 integer (136 binary)

Root relaxation: objective 2.999823e-12, 6 iterations, 0.00 seconds (0.00 work units)

    Nodes    |    Current Node    |     Objective Bounds      |     Work
 Expl Unexpl |  Obj  Depth IntInf | Incumbent    BestBd   Gap | It/Node Time

     0     0    0.00000    0   16   63.01236    0.00000   100%     -    0s
H    0     0                      55.7286961    0.00000   100%     -    0s
H    0     0                      52.7357678    0.00000   100%     -    0s
     0     0   28.51918    0   24   52.73577   28.51918  45.9%     -    0s
     0     0   28.79910    0   29   52.73577   28.79910  45.4%     -    0s
     0     0   36.34911    0   62   52.73577   36.34911  31.1%     -    0s
     0     0   36.71023    0   62   52.73577   36.71023  30.4%     -    0s
     0     2   37.03902    0   62   52.73577   37.03902  29.8%     -    0s

Cutting planes:
  Gomory: 1
  Cover: 1
  Dual implied bound: 26
  MIR: 15
  StrongCG: 1
  Mod-K: 1
  RLT: 14

Explored 132 nodes (4381 simplex iterations) in 0.07 seconds (0.06 work units)
Thread count was 8 (of 96 available processors)

Solution count 3: 52.7358 55.7287 63.0124 

Optimal solution found (tolerance 1.00e-06)
Best objective 5.273576775704e+01, best bound 5.273576775704e+01, gap 0.0000%

User-callback calls 467, time in user-callback 0.00 sec
