
Gurobi 13.0.0 (linux64) logging started Sun Mar 22 16:50:38 2026

Set parameter LogFile to value "logs/N=12_presolve_on/N=12/seed=26/n_qaoa_layers=1/precond_pen=0.500.log"
Set parameter MIPGap to value 1e-06
Set parameter Threads to value 8
Gurobi Optimizer version 13.0.0 build v13.0.0rc1 (linux64 - "Oracle Linux Server 9.7")

CPU model: AMD EPYC 7643 48-Core Processor, instruction set [SSE2|AVX|AVX2]
Thread count: 48 physical cores, 96 logical processors, using up to 8 threads

Non-default parameters:
MIPGap  1e-06
Threads  8

Optimize a model with 1 rows, 12 columns and 12 nonzeros (Min)
Model fingerprint: 0xd6921817
Model has 12 linear objective coefficients and an objective constant of 4.699538332454
Model has 66 quadratic objective terms
Variable types: 0 continuous, 12 integer (12 binary)
Coefficient statistics:
  Matrix range     [1e+00, 1e+00]
  Objective range  [1e+00, 2e+00]
  QObjective range [5e-03, 2e+00]
  Bounds range     [1e+00, 1e+00]
  RHS range        [6e+00, 6e+00]
Found heuristic solution: objective -1.3740122
Presolve time: 0.00s
Presolved: 67 rows, 78 columns, 210 nonzeros
Variable types: 0 continuous, 78 integer (78 binary)

Root relaxation: objective -5.718202e+00, 21 iterations, 0.00 seconds (0.00 work units)

    Nodes    |    Current Node    |     Objective Bounds      |     Work
 Expl Unexpl |  Obj  Depth IntInf | Incumbent    BestBd   Gap | It/Node Time

     0     0   -5.71820    0   12   -1.37401   -5.71820   316%     -    0s
H    0     0                      -1.3856319   -5.71820   313%     -    0s
H    0     0                      -2.4143658   -5.71820   137%     -    0s
     0     0   -2.54317    0   35   -2.41437   -2.54317  5.33%     -    0s

Cutting planes:
  Gomory: 1
  Cover: 1
  Dual implied bound: 1
  MIR: 40
  StrongCG: 2
  Flow cover: 1
  Zero half: 14
  RLT: 16
  BQP: 61

Explored 1 nodes (104 simplex iterations) in 0.02 seconds (0.01 work units)
Thread count was 8 (of 96 available processors)

Solution count 3: -2.41437 -1.38563 -1.37401 
No other solutions better than -2.41437

Optimal solution found (tolerance 1.00e-06)
Best objective -2.414365780284e+00, best bound -2.414365780284e+00, gap 0.0000%

User-callback calls 170, time in user-callback 0.00 sec
