
Gurobi 13.0.0 (linux64) logging started Sun May  3 10:58:33 2026

Set parameter LogFile to value "logs/N=16_layers=2_presolve_on/N=16/seed=26/quantum_layers=2/precond_pen=1.000.log"
Set parameter MIPGap to value 1e-06
Set parameter Threads to value 8
Gurobi Optimizer version 13.0.0 build v13.0.0rc1 (linux64 - "Oracle Linux Server 9.7")

CPU model: AMD EPYC 7643 48-Core Processor, instruction set [SSE2|AVX|AVX2]
Thread count: 48 physical cores, 96 logical processors, using up to 8 threads

Non-default parameters:
MIPGap  1e-06
Threads  8

Optimize a model with 1 rows, 16 columns and 16 nonzeros (Min)
Model fingerprint: 0x48cb53ed
Model has 16 linear objective coefficients and an objective constant of 7.2973594977189986e+00
Model has 120 quadratic objective terms
Variable types: 0 continuous, 16 integer (16 binary)
Coefficient statistics:
  Matrix range     [1e+00, 1e+00]
  Objective range  [2e+00, 2e+00]
  QObjective range [1e-02, 1e+00]
  Bounds range     [1e+00, 1e+00]
  RHS range        [8e+00, 8e+00]
Found heuristic solution: objective -0.1850332
Presolve time: 0.00s
Presolved: 121 rows, 136 columns, 376 nonzeros
Variable types: 0 continuous, 136 integer (136 binary)

Root relaxation: objective -7.368387e+00, 52 iterations, 0.00 seconds (0.00 work units)

    Nodes    |    Current Node    |     Objective Bounds      |     Work
 Expl Unexpl |  Obj  Depth IntInf | Incumbent    BestBd   Gap | It/Node Time

     0     0   -7.36839    0   16   -0.18503   -7.36839  3882%     -    0s
H    0     0                      -0.4812111   -7.36839  1431%     -    0s
H    0     0                      -0.6126408   -7.36839  1103%     -    0s
H    0     0                      -1.3550944   -7.36839   444%     -    0s
H    0     0                      -2.4400856   -7.36839   202%     -    0s
     0     0   -2.44759    0   67   -2.44009   -2.44759  0.31%     -    0s

Cutting planes:
  Gomory: 4
  MIR: 126
  Flow cover: 61
  Zero half: 43
  RLT: 35
  BQP: 273

Explored 1 nodes (379 simplex iterations) in 0.06 seconds (0.04 work units)
Thread count was 8 (of 96 available processors)

Solution count 5: -2.44009 -1.35509 -0.612641 ... -0.185033
No other solutions better than -2.44009

Optimal solution found (tolerance 1.00e-06)
Best objective -2.440085551185e+00, best bound -2.440085551185e+00, gap 0.0000%

User-callback calls 178, time in user-callback 0.00 sec
