
Gurobi 13.0.0 (linux64) logging started Sun May  3 10:54:21 2026

Set parameter LogFile to value "logs/N=16_layers=1_presolve_off/N=16/seed=23/quantum_layers=1/baseline.log"
Set parameter MIPGap to value 1e-06
Set parameter Threads to value 8
Set parameter Presolve to value 0
Gurobi Optimizer version 13.0.0 build v13.0.0rc1 (linux64 - "Oracle Linux Server 9.7")

CPU model: AMD EPYC 7643 48-Core Processor, instruction set [SSE2|AVX|AVX2]
Thread count: 48 physical cores, 96 logical processors, using up to 8 threads

Non-default parameters:
MIPGap  1e-06
Presolve  0
Threads  8

Optimize a model with 1 rows, 16 columns and 16 nonzeros (Min)
Model fingerprint: 0x25ff591e
Model has 16 linear objective coefficients
Model has 120 quadratic objective terms
Variable types: 0 continuous, 16 integer (16 binary)
Coefficient statistics:
  Matrix range     [1e+00, 1e+00]
  Objective range  [1e+01, 2e+01]
  QObjective range [1e-01, 8e+00]
  Bounds range     [1e+00, 1e+00]
  RHS range        [8e+00, 8e+00]
Found heuristic solution: objective 62.4354021
Variable types: 0 continuous, 136 integer (136 binary)

Root relaxation: objective -2.997602e-15, 12 iterations, 0.00 seconds (0.00 work units)

    Nodes    |    Current Node    |     Objective Bounds      |     Work
 Expl Unexpl |  Obj  Depth IntInf | Incumbent    BestBd   Gap | It/Node Time

     0     0   -0.00000    0   16   62.43540   -0.00000   100%     -    0s
H    0     0                      61.4732881   -0.00000   100%     -    0s
H    0     0                      60.6366405   -0.00000   100%     -    0s
H    0     0                      60.1221880   -0.00000   100%     -    0s
H    0     0                      53.5842987   -0.00000   100%     -    0s
     0     0   26.96867    0   16   53.58430   26.96867  49.7%     -    0s
     0     0   27.36434    0   21   53.58430   27.36434  48.9%     -    0s
     0     0   32.46887    0   40   53.58430   32.46887  39.4%     -    0s
     0     0   32.46887    0   40   53.58430   32.46887  39.4%     -    0s
     0     2   32.46887    0   40   53.58430   32.46887  39.4%     -    0s

Cutting planes:
  Gomory: 3
  MIR: 25
  StrongCG: 2
  RLT: 12

Explored 416 nodes (10384 simplex iterations) in 0.08 seconds (0.08 work units)
Thread count was 8 (of 96 available processors)

Solution count 5: 53.5843 60.1222 60.6366 ... 62.4354

Optimal solution found (tolerance 1.00e-06)
Best objective 5.358429874295e+01, best bound 5.358429874295e+01, gap 0.0000%

User-callback calls 948, time in user-callback 0.00 sec
