
Gurobi 13.0.0 (linux64) logging started Tue Mar 31 15:12:48 2026

Set parameter LogFile to value "logs/N=16_layers=2_presolve_off/N=16/seed=11/n_qaoa_layers=2/precond_pen=0.500.log"
Set parameter MIPGap to value 1e-06
Set parameter Threads to value 8
Set parameter Presolve to value 0
Gurobi Optimizer version 13.0.0 build v13.0.0rc1 (linux64 - "Oracle Linux Server 9.7")

CPU model: AMD EPYC 7643 48-Core Processor, instruction set [SSE2|AVX|AVX2]
Thread count: 48 physical cores, 96 logical processors, using up to 8 threads

Non-default parameters:
MIPGap  1e-06
Presolve  0
Threads  8

Optimize a model with 1 rows, 16 columns and 16 nonzeros (Min)
Model fingerprint: 0x4beffbdd
Model has 16 linear objective coefficients and an objective constant of 5.9169511070420029e+00
Model has 120 quadratic objective terms
Variable types: 0 continuous, 16 integer (16 binary)
Coefficient statistics:
  Matrix range     [1e+00, 1e+00]
  Objective range  [1e+00, 2e+00]
  QObjective range [1e-02, 3e+00]
  Bounds range     [1e+00, 1e+00]
  RHS range        [8e+00, 8e+00]
Found heuristic solution: objective -2.0991099
Variable types: 0 continuous, 136 integer (136 binary)

Root relaxation: objective -1.784523e+01, 34 iterations, 0.00 seconds (0.00 work units)

    Nodes    |    Current Node    |     Objective Bounds      |     Work
 Expl Unexpl |  Obj  Depth IntInf | Incumbent    BestBd   Gap | It/Node Time

     0     0  -17.84523    0   16   -2.09911  -17.84523   750%     -    0s
H    0     0                      -3.9063446  -17.84523   357%     -    0s
H    0     0                      -9.6115436  -17.84523  85.7%     -    0s
     0     0  -10.65026    0   52   -9.61154  -10.65026  10.8%     -    0s

Cutting planes:
  Gomory: 4
  MIR: 137
  StrongCG: 9
  Zero half: 13
  RLT: 29
  BQP: 166

Explored 1 nodes (167 simplex iterations) in 0.04 seconds (0.03 work units)
Thread count was 8 (of 96 available processors)

Solution count 3: -9.61154 -3.90634 -2.09911 
No other solutions better than -9.61154

Optimal solution found (tolerance 1.00e-06)
Best objective -9.611543570026e+00, best bound -9.611543570026e+00, gap 0.0000%

User-callback calls 74, time in user-callback 0.00 sec
