
Gurobi 13.0.0 (linux64) logging started Sun Mar 22 16:50:48 2026

Set parameter LogFile to value "logs/N=12_presolve_off/N=12/seed=31/n_qaoa_layers=1/baseline.log"
Set parameter MIPGap to value 1e-06
Set parameter Threads to value 8
Set parameter Presolve to value 0
Gurobi Optimizer version 13.0.0 build v13.0.0rc1 (linux64 - "Oracle Linux Server 9.7")

CPU model: AMD EPYC 7643 48-Core Processor, instruction set [SSE2|AVX|AVX2]
Thread count: 48 physical cores, 96 logical processors, using up to 8 threads

Non-default parameters:
MIPGap  1e-06
Presolve  0
Threads  8

Optimize a model with 1 rows, 12 columns and 12 nonzeros (Min)
Model fingerprint: 0x51a502a7
Model has 12 linear objective coefficients
Model has 66 quadratic objective terms
Variable types: 0 continuous, 12 integer (12 binary)
Coefficient statistics:
  Matrix range     [1e+00, 1e+00]
  Objective range  [8e+00, 1e+01]
  QObjective range [2e-01, 8e+00]
  Bounds range     [1e+00, 1e+00]
  RHS range        [6e+00, 6e+00]
Found heuristic solution: objective 33.0283340
Variable types: 0 continuous, 78 integer (78 binary)

Root relaxation: objective -2.775558e-15, 5 iterations, 0.00 seconds (0.00 work units)

    Nodes    |    Current Node    |     Objective Bounds      |     Work
 Expl Unexpl |  Obj  Depth IntInf | Incumbent    BestBd   Gap | It/Node Time

     0     0   -0.00000    0   12   33.02833   -0.00000   100%     -    0s
H    0     0                      31.3972887   -0.00000   100%     -    0s
     0     0   20.17643    0   12   31.39729   20.17643  35.7%     -    0s
     0     0   20.80794    0   18   31.39729   20.80794  33.7%     -    0s
     0     0   25.24629    0   19   31.39729   25.24629  19.6%     -    0s
     0     0   25.77498    0   46   31.39729   25.77498  17.9%     -    0s
     0     0   25.82972    0   45   31.39729   25.82972  17.7%     -    0s
     0     0   27.29599    0   54   31.39729   27.29599  13.1%     -    0s
     0     0   27.29599    0   54   31.39729   27.29599  13.1%     -    0s
     0     2   27.29599    0   54   31.39729   27.29599  13.1%     -    0s
*   56    23               6      31.0357218   28.80403  7.19%  19.9    0s

Cutting planes:
  Gomory: 2
  Cover: 3
  MIR: 26
  StrongCG: 1
  Mod-K: 2
  RLT: 8

Explored 94 nodes (1733 simplex iterations) in 0.04 seconds (0.02 work units)
Thread count was 8 (of 96 available processors)

Solution count 3: 31.0357 31.3973 33.0283 

Optimal solution found (tolerance 1.00e-06)
Best objective 3.103572184738e+01, best bound 3.103572184738e+01, gap 0.0000%

User-callback calls 295, time in user-callback 0.00 sec
