
Gurobi 13.0.0 (linux64) logging started Sun May  3 10:58:32 2026

Set parameter LogFile to value "logs/N=16_layers=2_presolve_on/N=16/seed=25/quantum_layers=2/precond_pen=0.600.log"
Set parameter MIPGap to value 1e-06
Set parameter Threads to value 8
Gurobi Optimizer version 13.0.0 build v13.0.0rc1 (linux64 - "Oracle Linux Server 9.7")

CPU model: AMD EPYC 7643 48-Core Processor, instruction set [SSE2|AVX|AVX2]
Thread count: 48 physical cores, 96 logical processors, using up to 8 threads

Non-default parameters:
MIPGap  1e-06
Threads  8

Optimize a model with 1 rows, 16 columns and 16 nonzeros (Min)
Model fingerprint: 0x425f368a
Model has 16 linear objective coefficients and an objective constant of 6.1401700399710011e+00
Model has 120 quadratic objective terms
Variable types: 0 continuous, 16 integer (16 binary)
Coefficient statistics:
  Matrix range     [1e+00, 1e+00]
  Objective range  [1e+00, 2e+00]
  QObjective range [6e-03, 3e+00]
  Bounds range     [1e+00, 1e+00]
  RHS range        [8e+00, 8e+00]
Found heuristic solution: objective -3.4264376
Presolve time: 0.00s
Presolved: 121 rows, 136 columns, 376 nonzeros
Variable types: 0 continuous, 136 integer (136 binary)

Root relaxation: objective -1.437788e+01, 20 iterations, 0.00 seconds (0.00 work units)

    Nodes    |    Current Node    |     Objective Bounds      |     Work
 Expl Unexpl |  Obj  Depth IntInf | Incumbent    BestBd   Gap | It/Node Time

     0     0  -14.37788    0   16   -3.42644  -14.37788   320%     -    0s
H    0     0                      -6.0323382  -14.37788   138%     -    0s
H    0     0                      -6.3411992  -14.37788   127%     -    0s
     0     0   -6.83531    0   87   -6.34120   -6.83531  7.79%     -    0s

Cutting planes:
  Gomory: 8
  MIR: 69
  StrongCG: 1
  Flow cover: 5
  Zero half: 39
  RLT: 19
  BQP: 82

Explored 1 nodes (257 simplex iterations) in 0.03 seconds (0.02 work units)
Thread count was 8 (of 96 available processors)

Solution count 3: -6.3412 -6.03234 -3.42644 
No other solutions better than -6.3412

Optimal solution found (tolerance 1.00e-06)
Best objective -6.341199237171e+00, best bound -6.341199237171e+00, gap 0.0000%

User-callback calls 170, time in user-callback 0.00 sec
