
Gurobi 13.0.0 (linux64) logging started Sun May  3 11:04:18 2026

Set parameter LogFile to value "logs/N=12_layers=1_presolve_on/N=12/seed=12/quantum_layers=1/precond_pen=0.100.log"
Set parameter MIPGap to value 1e-06
Set parameter Threads to value 8
Gurobi Optimizer version 13.0.0 build v13.0.0rc1 (linux64 - "Oracle Linux Server 9.7")

CPU model: AMD EPYC 7643 48-Core Processor, instruction set [SSE2|AVX|AVX2]
Thread count: 48 physical cores, 96 logical processors, using up to 8 threads

Non-default parameters:
MIPGap  1e-06
Threads  8

Optimize a model with 1 rows, 12 columns and 12 nonzeros (Min)
Model fingerprint: 0x33001935
Model has 12 linear objective coefficients and an objective constant of -1.8768673079073004e+01
Model has 66 quadratic objective terms
Variable types: 0 continuous, 12 integer (12 binary)
Coefficient statistics:
  Matrix range     [1e+00, 1e+00]
  Objective range  [5e+00, 8e+00]
  QObjective range [4e-02, 4e+00]
  Bounds range     [1e+00, 1e+00]
  RHS range        [6e+00, 6e+00]
Found heuristic solution: objective 1.6572695
Presolve time: 0.00s
Presolved: 67 rows, 78 columns, 210 nonzeros
Variable types: 0 continuous, 78 integer (78 binary)

Root relaxation: objective -1.877985e+01, 5 iterations, 0.00 seconds (0.00 work units)

    Nodes    |    Current Node    |     Objective Bounds      |     Work
 Expl Unexpl |  Obj  Depth IntInf | Incumbent    BestBd   Gap | It/Node Time

     0     0  -18.77985    0   12    1.65727  -18.77985  1233%     -    0s
H    0     0                       1.6443213  -18.77985  1242%     -    0s
H    0     0                      -1.8974474  -18.77985   890%     -    0s
     0     0   -6.11149    0   23   -1.89745   -6.11149   222%     -    0s
     0     0   -3.77306    0   43   -1.89745   -3.77306  98.8%     -    0s
     0     0   -3.65963    0   43   -1.89745   -3.65963  92.9%     -    0s
     0     2   -3.50317    0   43   -1.89745   -3.50317  84.6%     -    0s

Cutting planes:
  Gomory: 1
  Cover: 1
  Dual implied bound: 14
  MIR: 6
  StrongCG: 1
  RLT: 11
  BQP: 1

Explored 14 nodes (398 simplex iterations) in 0.03 seconds (0.01 work units)
Thread count was 8 (of 96 available processors)

Solution count 3: -1.89745 1.64432 1.65727 
No other solutions better than -1.89745

Optimal solution found (tolerance 1.00e-06)
Best objective -1.897447359613e+00, best bound -1.897447359613e+00, gap 0.0000%

User-callback calls 211, time in user-callback 0.00 sec
