
Gurobi 13.0.0 (linux64) logging started Sun May  3 11:08:52 2026

Set parameter LogFile to value "logs/N=12_layers=3_presolve_on/N=12/seed=20/quantum_layers=3/precond_pen=0.300.log"
Set parameter MIPGap to value 1e-06
Set parameter Threads to value 8
Gurobi Optimizer version 13.0.0 build v13.0.0rc1 (linux64 - "Oracle Linux Server 9.7")

CPU model: AMD EPYC 7643 48-Core Processor, instruction set [SSE2|AVX|AVX2]
Thread count: 48 physical cores, 96 logical processors, using up to 8 threads

Non-default parameters:
MIPGap  1e-06
Threads  8

Optimize a model with 1 rows, 12 columns and 12 nonzeros (Min)
Model fingerprint: 0x02ca8dc0
Model has 12 linear objective coefficients and an objective constant of 4.0202556218620025e+00
Model has 66 quadratic objective terms
Variable types: 0 continuous, 12 integer (12 binary)
Coefficient statistics:
  Matrix range     [1e+00, 1e+00]
  Objective range  [8e-02, 3e+00]
  QObjective range [8e-04, 6e+00]
  Bounds range     [1e+00, 1e+00]
  RHS range        [6e+00, 6e+00]
Found heuristic solution: objective 3.8891824
Presolve time: 0.00s
Presolved: 67 rows, 78 columns, 210 nonzeros
Variable types: 0 continuous, 78 integer (78 binary)

Root relaxation: objective -1.943699e+01, 10 iterations, 0.00 seconds (0.00 work units)

    Nodes    |    Current Node    |     Objective Bounds      |     Work
 Expl Unexpl |  Obj  Depth IntInf | Incumbent    BestBd   Gap | It/Node Time

     0     0  -19.43699    0   12    3.88918  -19.43699   600%     -    0s
H    0     0                      -4.9344665  -19.43699   294%     -    0s
H    0     0                      -9.8006972  -19.43699  98.3%     -    0s
H    0     0                     -12.5350542  -19.43699  55.1%     -    0s
H    0     0                     -12.8045185  -19.43699  51.8%     -    0s

Cutting planes:
  Gomory: 1
  MIR: 16
  Zero half: 12
  RLT: 15
  BQP: 53

Explored 1 nodes (10 simplex iterations) in 0.01 seconds (0.00 work units)
Thread count was 8 (of 96 available processors)

Solution count 5: -12.8045 -12.5351 -9.8007 ... 3.88918
No other solutions better than -12.8045

Optimal solution found (tolerance 1.00e-06)
Best objective -1.280451851668e+01, best bound -1.280451851668e+01, gap 0.0000%

User-callback calls 161, time in user-callback 0.00 sec
