
Gurobi 13.0.0 (linux64) logging started Tue Mar 31 15:05:13 2026

Set parameter LogFile to value "logs/N=12_layers=2_presolve_on/N=12/seed=17/n_qaoa_layers=2/precond_pen=0.500.log"
Set parameter MIPGap to value 1e-06
Set parameter Threads to value 8
Gurobi Optimizer version 13.0.0 build v13.0.0rc1 (linux64 - "Oracle Linux Server 9.7")

CPU model: AMD EPYC 7643 48-Core Processor, instruction set [SSE2|AVX|AVX2]
Thread count: 48 physical cores, 96 logical processors, using up to 8 threads

Non-default parameters:
MIPGap  1e-06
Threads  8

Optimize a model with 1 rows, 12 columns and 12 nonzeros (Min)
Model fingerprint: 0x771f7df1
Model has 12 linear objective coefficients and an objective constant of 4.35852956361
Model has 66 quadratic objective terms
Variable types: 0 continuous, 12 integer (12 binary)
Coefficient statistics:
  Matrix range     [1e+00, 1e+00]
  Objective range  [1e+00, 2e+00]
  QObjective range [7e-02, 4e+00]
  Bounds range     [1e+00, 1e+00]
  RHS range        [6e+00, 6e+00]
Found heuristic solution: objective -0.9492467
Presolve time: 0.00s
Presolved: 67 rows, 78 columns, 210 nonzeros
Variable types: 0 continuous, 78 integer (78 binary)

Root relaxation: objective -1.095907e+01, 13 iterations, 0.00 seconds (0.00 work units)

    Nodes    |    Current Node    |     Objective Bounds      |     Work
 Expl Unexpl |  Obj  Depth IntInf | Incumbent    BestBd   Gap | It/Node Time

     0     0  -10.95907    0   12   -0.94925  -10.95907  1055%     -    0s
H    0     0                      -3.5630820  -10.95907   208%     -    0s
H    0     0                      -6.5711653  -10.95907  66.8%     -    0s

Cutting planes:
  MIR: 23
  Zero half: 17
  RLT: 12
  BQP: 57

Explored 1 nodes (13 simplex iterations) in 0.01 seconds (0.00 work units)
Thread count was 8 (of 96 available processors)

Solution count 3: -6.57117 -3.56308 -0.949247 
No other solutions better than -6.57117

Optimal solution found (tolerance 1.00e-06)
Best objective -6.571165259942e+00, best bound -6.571165259942e+00, gap 0.0000%

User-callback calls 156, time in user-callback 0.00 sec
