
Gurobi 13.0.0 (linux64) logging started Sun May  3 10:54:23 2026

Set parameter LogFile to value "logs/N=16_layers=1_presolve_off/N=16/seed=26/quantum_layers=1/precond_pen=0.000.log"
Set parameter MIPGap to value 1e-06
Set parameter Threads to value 8
Set parameter Presolve to value 0
Gurobi Optimizer version 13.0.0 build v13.0.0rc1 (linux64 - "Oracle Linux Server 9.7")

CPU model: AMD EPYC 7643 48-Core Processor, instruction set [SSE2|AVX|AVX2]
Thread count: 48 physical cores, 96 logical processors, using up to 8 threads

Non-default parameters:
MIPGap  1e-06
Presolve  0
Threads  8

Optimize a model with 1 rows, 16 columns and 16 nonzeros (Min)
Model fingerprint: 0x564bd28d
Model has 16 linear objective coefficients and an objective constant of -4.3835383110439992e+01
Model has 120 quadratic objective terms
Variable types: 0 continuous, 16 integer (16 binary)
Coefficient statistics:
  Matrix range     [1e+00, 1e+00]
  Objective range  [1e+01, 1e+01]
  QObjective range [2e+00, 4e+00]
  Bounds range     [1e+00, 1e+00]
  RHS range        [8e+00, 8e+00]
Found heuristic solution: objective 3.3178046
Variable types: 0 continuous, 136 integer (136 binary)

Root relaxation: objective -4.383538e+01, 6 iterations, 0.00 seconds (0.00 work units)

    Nodes    |    Current Node    |     Objective Bounds      |     Work
 Expl Unexpl |  Obj  Depth IntInf | Incumbent    BestBd   Gap | It/Node Time

     0     0  -43.83538    0   16    3.31780  -43.83538  1421%     -    0s
H    0     0                       2.7763676  -43.83538  1679%     -    0s
H    0     0                       2.4535621  -43.83538  1887%     -    0s
H    0     0                       2.4333850  -43.83538  1901%     -    0s
H    0     0                      -1.2333766  -43.83538  3454%     -    0s
     0     0   -6.07367    0   16   -1.23338   -6.07367   392%     -    0s
     0     0   -6.03247    0   20   -1.23338   -6.03247   389%     -    0s
     0     0   -5.17142    0   34   -1.23338   -5.17142   319%     -    0s
     0     0   -5.12596    0   34   -1.23338   -5.12596   316%     -    0s
     0     2   -5.01083    0   34   -1.23338   -5.01083   306%     -    0s

Cutting planes:
  Cover: 1
  MIR: 15
  RLT: 14

Explored 50 nodes (2066 simplex iterations) in 0.05 seconds (0.04 work units)
Thread count was 8 (of 96 available processors)

Solution count 5: -1.23338 2.43339 2.45356 ... 3.3178
No other solutions better than -1.23338

Optimal solution found (tolerance 1.00e-06)
Best objective -1.233376644588e+00, best bound -1.233376644588e+00, gap 0.0000%

User-callback calls 199, time in user-callback 0.00 sec
