
Gurobi 13.0.0 (linux64) logging started Sun May  3 10:54:23 2026

Set parameter LogFile to value "logs/N=16_layers=1_presolve_off/N=16/seed=26/quantum_layers=1/precond_pen=1.000.log"
Set parameter MIPGap to value 1e-06
Set parameter Threads to value 8
Set parameter Presolve to value 0
Gurobi Optimizer version 13.0.0 build v13.0.0rc1 (linux64 - "Oracle Linux Server 9.7")

CPU model: AMD EPYC 7643 48-Core Processor, instruction set [SSE2|AVX|AVX2]
Thread count: 48 physical cores, 96 logical processors, using up to 8 threads

Non-default parameters:
MIPGap  1e-06
Presolve  0
Threads  8

Optimize a model with 1 rows, 16 columns and 16 nonzeros (Min)
Model fingerprint: 0x4b423b03
Model has 16 linear objective coefficients and an objective constant of 6.7704428952629989e+00
Model has 120 quadratic objective terms
Variable types: 0 continuous, 16 integer (16 binary)
Coefficient statistics:
  Matrix range     [1e+00, 1e+00]
  Objective range  [2e+00, 2e+00]
  QObjective range [2e-01, 8e-01]
  Bounds range     [1e+00, 1e+00]
  RHS range        [8e+00, 8e+00]
Found heuristic solution: objective -0.2968638
Variable types: 0 continuous, 136 integer (136 binary)

Root relaxation: objective -6.770443e+00, 45 iterations, 0.00 seconds (0.00 work units)

    Nodes    |    Current Node    |     Objective Bounds      |     Work
 Expl Unexpl |  Obj  Depth IntInf | Incumbent    BestBd   Gap | It/Node Time

     0     0   -6.77044    0   16   -0.29686   -6.77044  2181%     -    0s
H    0     0                      -0.6215790   -6.77044   989%     -    0s
H    0     0                      -1.3593528   -6.77044   398%     -    0s
     0     0   -1.37035    0  117   -1.35935   -1.37035  0.81%     -    0s
     0     0     cutoff    0        -1.35935   -1.35935  0.00%     -    0s

Cutting planes:
  Gomory: 2
  Cover: 16
  MIR: 64
  Zero half: 27
  RLT: 33
  BQP: 267

Explored 1 nodes (1114 simplex iterations) in 0.11 seconds (0.08 work units)
Thread count was 8 (of 96 available processors)

Solution count 3: -1.35935 -0.621579 -0.296864 
No other solutions better than -1.35935

Optimal solution found (tolerance 1.00e-06)
Best objective -1.359352751871e+00, best bound -1.359352751871e+00, gap 0.0000%

User-callback calls 85, time in user-callback 0.00 sec
