
Gurobi 13.0.0 (linux64) logging started Tue Mar 31 15:12:34 2026

Set parameter LogFile to value "logs/N=16_layers=2_presolve_on/N=16/seed=17/n_qaoa_layers=2/precond_pen=0.500.log"
Set parameter MIPGap to value 1e-06
Set parameter Threads to value 8
Gurobi Optimizer version 13.0.0 build v13.0.0rc1 (linux64 - "Oracle Linux Server 9.7")

CPU model: AMD EPYC 7643 48-Core Processor, instruction set [SSE2|AVX|AVX2]
Thread count: 48 physical cores, 96 logical processors, using up to 8 threads

Non-default parameters:
MIPGap  1e-06
Threads  8

Optimize a model with 1 rows, 16 columns and 16 nonzeros (Min)
Model fingerprint: 0x9d1d2786
Model has 16 linear objective coefficients and an objective constant of 5.9214390106069983e+00
Model has 120 quadratic objective terms
Variable types: 0 continuous, 16 integer (16 binary)
Coefficient statistics:
  Matrix range     [1e+00, 1e+00]
  Objective range  [1e+00, 2e+00]
  QObjective range [5e-03, 3e+00]
  Bounds range     [1e+00, 1e+00]
  RHS range        [8e+00, 8e+00]
Found heuristic solution: objective -0.6055411
Presolve time: 0.00s
Presolved: 121 rows, 136 columns, 376 nonzeros
Variable types: 0 continuous, 136 integer (136 binary)

Root relaxation: objective -1.585456e+01, 30 iterations, 0.00 seconds (0.00 work units)

    Nodes    |    Current Node    |     Objective Bounds      |     Work
 Expl Unexpl |  Obj  Depth IntInf | Incumbent    BestBd   Gap | It/Node Time

     0     0  -15.85456    0   16   -0.60554  -15.85456  2518%     -    0s
H    0     0                      -2.8047743  -15.85456   465%     -    0s
H    0     0                      -3.0927636  -15.85456   413%     -    0s
H    0     0                      -6.6708380  -15.85456   138%     -    0s
H    0     0                      -7.0977827  -15.85456   123%     -    0s
     0     0   -8.16442    0   70   -7.09778   -8.16442  15.0%     -    0s
H    0     0                      -7.3336537   -8.16442  11.3%     -    0s

Cutting planes:
  Gomory: 19
  MIR: 132
  StrongCG: 3
  Zero half: 20
  RLT: 19
  BQP: 97

Explored 1 nodes (263 simplex iterations) in 0.03 seconds (0.02 work units)
Thread count was 8 (of 96 available processors)

Solution count 6: -7.33365 -7.09778 -6.67084 ... -0.605541
No other solutions better than -7.33365

Optimal solution found (tolerance 1.00e-06)
Best objective -7.333653725407e+00, best bound -7.333653725407e+00, gap 0.0000%

User-callback calls 177, time in user-callback 0.00 sec
