
Gurobi 13.0.0 (linux64) logging started Sun May  3 10:54:17 2026

Set parameter LogFile to value "logs/N=16_layers=1_presolve_off/N=16/seed=16/quantum_layers=1/precond_pen=0.000.log"
Set parameter MIPGap to value 1e-06
Set parameter Threads to value 8
Set parameter Presolve to value 0
Gurobi Optimizer version 13.0.0 build v13.0.0rc1 (linux64 - "Oracle Linux Server 9.7")

CPU model: AMD EPYC 7643 48-Core Processor, instruction set [SSE2|AVX|AVX2]
Thread count: 48 physical cores, 96 logical processors, using up to 8 threads

Non-default parameters:
MIPGap  1e-06
Presolve  0
Threads  8

Optimize a model with 1 rows, 16 columns and 16 nonzeros (Min)
Model fingerprint: 0xabefbbd6
Model has 16 linear objective coefficients and an objective constant of -44.978724622251
Model has 120 quadratic objective terms
Variable types: 0 continuous, 16 integer (16 binary)
Coefficient statistics:
  Matrix range     [1e+00, 1e+00]
  Objective range  [1e+01, 1e+01]
  QObjective range [2e+00, 4e+00]
  Bounds range     [1e+00, 1e+00]
  RHS range        [8e+00, 8e+00]
Found heuristic solution: objective 3.4943172
Variable types: 0 continuous, 136 integer (136 binary)

Root relaxation: objective -4.497872e+01, 4 iterations, 0.00 seconds (0.00 work units)

    Nodes    |    Current Node    |     Objective Bounds      |     Work
 Expl Unexpl |  Obj  Depth IntInf | Incumbent    BestBd   Gap | It/Node Time

     0     0  -44.97872    0   16    3.49432  -44.97872  1387%     -    0s
H    0     0                       3.4740503  -44.97872  1395%     -    0s
H    0     0                       2.7180040  -44.97872  1755%     -    0s
H    0     0                      -0.2092911  -44.97872      -     -    0s
     0     0   -4.67347    0   16   -0.20929   -4.67347  2133%     -    0s
     0     0   -4.49004    0   23   -0.20929   -4.49004  2045%     -    0s
     0     0   -3.52134    0   28   -0.20929   -3.52134  1583%     -    0s
     0     0   -3.46305    0   28   -0.20929   -3.46305  1555%     -    0s
     0     2   -3.42149    0   28   -0.20929   -3.42149  1535%     -    0s

Cutting planes:
  MIR: 19
  StrongCG: 1
  RLT: 14

Explored 63 nodes (2717 simplex iterations) in 0.05 seconds (0.05 work units)
Thread count was 8 (of 96 available processors)

Solution count 4: -0.209291 2.718 3.47405 3.49432 

Optimal solution found (tolerance 1.00e-06)
Best objective -2.092911324850e-01, best bound -2.092911324850e-01, gap 0.0000%

User-callback calls 224, time in user-callback 0.00 sec
