
Gurobi 13.0.0 (linux64) logging started Sun May  3 11:04:22 2026

Set parameter LogFile to value "logs/N=12_layers=1_presolve_on/N=12/seed=35/quantum_layers=1/precond_pen=0.100.log"
Set parameter MIPGap to value 1e-06
Set parameter Threads to value 8
Gurobi Optimizer version 13.0.0 build v13.0.0rc1 (linux64 - "Oracle Linux Server 9.7")

CPU model: AMD EPYC 7643 48-Core Processor, instruction set [SSE2|AVX|AVX2]
Thread count: 48 physical cores, 96 logical processors, using up to 8 threads

Non-default parameters:
MIPGap  1e-06
Threads  8

Optimize a model with 1 rows, 12 columns and 12 nonzeros (Min)
Model fingerprint: 0x76d40a7b
Model has 12 linear objective coefficients and an objective constant of -1.5317712304013996e+01
Model has 66 quadratic objective terms
Variable types: 0 continuous, 12 integer (12 binary)
Coefficient statistics:
  Matrix range     [1e+00, 1e+00]
  Objective range  [3e+00, 7e+00]
  QObjective range [1e-05, 4e+00]
  Bounds range     [1e+00, 1e+00]
  RHS range        [6e+00, 6e+00]
Found heuristic solution: objective 1.9732379
Presolve time: 0.00s
Presolved: 67 rows, 78 columns, 210 nonzeros
Variable types: 0 continuous, 78 integer (78 binary)

Root relaxation: objective -1.545983e+01, 8 iterations, 0.00 seconds (0.00 work units)

    Nodes    |    Current Node    |     Objective Bounds      |     Work
 Expl Unexpl |  Obj  Depth IntInf | Incumbent    BestBd   Gap | It/Node Time

     0     0  -15.45983    0   12    1.97324  -15.45983   883%     -    0s
H    0     0                       1.9350183  -15.45983   899%     -    0s
H    0     0                       0.1461967  -15.45983      -     -    0s
H    0     0                      -1.4939295  -15.45983   935%     -    0s
     0     0   -6.42002    0   19   -1.49393   -6.42002   330%     -    0s
     0     0   -3.99814    0   37   -1.49393   -3.99814   168%     -    0s
H    0     0                      -2.4887501   -3.99814  60.6%     -    0s
     0     0   -3.72656    0   36   -2.48875   -3.72656  49.7%     -    0s
     0     0   -2.48875    0   62   -2.48875   -2.48875  0.00%     -    0s

Cutting planes:
  Cover: 4
  Dual implied bound: 22
  MIR: 24
  StrongCG: 1
  Zero half: 1
  RLT: 8
  BQP: 2

Explored 1 nodes (176 simplex iterations) in 0.02 seconds (0.01 work units)
Thread count was 8 (of 96 available processors)

Solution count 5: -2.48875 -1.49393 0.146197 ... 1.97324
No other solutions better than -2.48875

Optimal solution found (tolerance 1.00e-06)
Best objective -2.488750068894e+00, best bound -2.488750068894e+00, gap 0.0000%

User-callback calls 184, time in user-callback 0.00 sec
