
Gurobi 13.0.0 (linux64) logging started Sun May  3 11:04:22 2026

Set parameter LogFile to value "logs/N=12_layers=1_presolve_on/N=12/seed=35/quantum_layers=1/precond_pen=0.200.log"
Set parameter MIPGap to value 1e-06
Set parameter Threads to value 8
Gurobi Optimizer version 13.0.0 build v13.0.0rc1 (linux64 - "Oracle Linux Server 9.7")

CPU model: AMD EPYC 7643 48-Core Processor, instruction set [SSE2|AVX|AVX2]
Thread count: 48 physical cores, 96 logical processors, using up to 8 threads

Non-default parameters:
MIPGap  1e-06
Threads  8

Optimize a model with 1 rows, 12 columns and 12 nonzeros (Min)
Model fingerprint: 0x3a0b79c8
Model has 12 linear objective coefficients and an objective constant of -4.0801653258539989e+00
Model has 66 quadratic objective terms
Variable types: 0 continuous, 12 integer (12 binary)
Coefficient statistics:
  Matrix range     [1e+00, 1e+00]
  Objective range  [1e-01, 4e+00]
  QObjective range [2e-02, 4e+00]
  Bounds range     [1e+00, 1e+00]
  RHS range        [6e+00, 6e+00]
Found heuristic solution: objective 1.1183557
Presolve time: 0.00s
Presolved: 67 rows, 78 columns, 210 nonzeros
Variable types: 0 continuous, 78 integer (78 binary)

Root relaxation: objective -1.143030e+01, 9 iterations, 0.00 seconds (0.00 work units)

    Nodes    |    Current Node    |     Objective Bounds      |     Work
 Expl Unexpl |  Obj  Depth IntInf | Incumbent    BestBd   Gap | It/Node Time

     0     0  -11.43030    0   12    1.11836  -11.43030  1122%     -    0s
H    0     0                      -0.2693602  -11.43030  4144%     -    0s
H    0     0                      -1.2520239  -11.43030   813%     -    0s
H    0     0                      -3.5424940  -11.43030   223%     -    0s
H    0     0                      -4.9172054  -11.43030   132%     -    0s
     0     0   -5.67162    0   44   -4.91721   -5.67162  15.3%     -    0s

Cutting planes:
  Gomory: 7
  Cover: 1
  Dual implied bound: 3
  MIR: 17
  StrongCG: 2
  Zero half: 13
  RLT: 11
  BQP: 30

Explored 1 nodes (91 simplex iterations) in 0.01 seconds (0.01 work units)
Thread count was 8 (of 96 available processors)

Solution count 5: -4.91721 -3.54249 -1.25202 ... 1.11836
No other solutions better than -4.91721

Optimal solution found (tolerance 1.00e-06)
Best objective -4.917205386326e+00, best bound -4.917205386326e+00, gap 0.0000%

User-callback calls 171, time in user-callback 0.00 sec
