
Gurobi 13.0.0 (linux64) logging started Sun May  3 11:04:22 2026

Set parameter LogFile to value "logs/N=12_layers=1_presolve_on/N=12/seed=35/quantum_layers=1/precond_pen=0.500.log"
Set parameter MIPGap to value 1e-06
Set parameter Threads to value 8
Gurobi Optimizer version 13.0.0 build v13.0.0rc1 (linux64 - "Oracle Linux Server 9.7")

CPU model: AMD EPYC 7643 48-Core Processor, instruction set [SSE2|AVX|AVX2]
Thread count: 48 physical cores, 96 logical processors, using up to 8 threads

Non-default parameters:
MIPGap  1e-06
Threads  8

Optimize a model with 1 rows, 12 columns and 12 nonzeros (Min)
Model fingerprint: 0xde5434a3
Model has 12 linear objective coefficients and an objective constant of 4.512521222226
Model has 66 quadratic objective terms
Variable types: 0 continuous, 12 integer (12 binary)
Coefficient statistics:
  Matrix range     [1e+00, 1e+00]
  Objective range  [1e+00, 2e+00]
  QObjective range [2e-02, 2e+00]
  Bounds range     [1e+00, 1e+00]
  RHS range        [6e+00, 6e+00]
Found heuristic solution: objective -0.1947608
Presolve time: 0.00s
Presolved: 67 rows, 78 columns, 210 nonzeros
Variable types: 0 continuous, 78 integer (78 binary)

Root relaxation: objective -5.669209e+00, 21 iterations, 0.00 seconds (0.00 work units)

    Nodes    |    Current Node    |     Objective Bounds      |     Work
 Expl Unexpl |  Obj  Depth IntInf | Incumbent    BestBd   Gap | It/Node Time

     0     0   -5.66921    0   12   -0.19476   -5.66921  2811%     -    0s
H    0     0                      -1.0880915   -5.66921   421%     -    0s
H    0     0                      -1.5732039   -5.66921   260%     -    0s
H    0     0                      -2.0812124   -5.66921   172%     -    0s
H    0     0                      -2.4971974   -2.51230  0.60%     -    0s
     0     0   -2.49720    0   36   -2.49720   -2.49720  0.00%     -    0s

Cutting planes:
  Gomory: 1
  MIR: 26
  Zero half: 16
  RLT: 22
  BQP: 67

Explored 1 nodes (115 simplex iterations) in 0.01 seconds (0.00 work units)
Thread count was 8 (of 96 available processors)

Solution count 5: -2.4972 -2.08121 -1.5732 ... -0.194761
No other solutions better than -2.4972

Optimal solution found (tolerance 1.00e-06)
Best objective -2.497197437390e+00, best bound -2.497197437390e+00, gap 0.0000%

User-callback calls 166, time in user-callback 0.00 sec
