
Gurobi 13.0.0 (linux64) logging started Sun May  3 11:06:34 2026

Set parameter LogFile to value "logs/N=12_layers=2_presolve_on/N=12/seed=9/quantum_layers=2/precond_pen=0.700.log"
Set parameter MIPGap to value 1e-06
Set parameter Threads to value 8
Gurobi Optimizer version 13.0.0 build v13.0.0rc1 (linux64 - "Oracle Linux Server 9.7")

CPU model: AMD EPYC 7643 48-Core Processor, instruction set [SSE2|AVX|AVX2]
Thread count: 48 physical cores, 96 logical processors, using up to 8 threads

Non-default parameters:
MIPGap  1e-06
Threads  8

Optimize a model with 1 rows, 12 columns and 12 nonzeros (Min)
Model fingerprint: 0x237953de
Model has 12 linear objective coefficients and an objective constant of 4.5041701369100027e+00
Model has 66 quadratic objective terms
Variable types: 0 continuous, 12 integer (12 binary)
Coefficient statistics:
  Matrix range     [1e+00, 1e+00]
  Objective range  [1e+00, 2e+00]
  QObjective range [2e-02, 3e+00]
  Bounds range     [1e+00, 1e+00]
  RHS range        [6e+00, 6e+00]
Found heuristic solution: objective -0.1787576
Presolve time: 0.00s
Presolved: 67 rows, 78 columns, 210 nonzeros
Variable types: 0 continuous, 78 integer (78 binary)

Root relaxation: objective -8.414230e+00, 12 iterations, 0.00 seconds (0.00 work units)

    Nodes    |    Current Node    |     Objective Bounds      |     Work
 Expl Unexpl |  Obj  Depth IntInf | Incumbent    BestBd   Gap | It/Node Time

     0     0   -8.41423    0   12   -0.17876   -8.41423  4607%     -    0s
H    0     0                      -0.7294739   -8.41423  1053%     -    0s
H    0     0                      -1.7162952   -8.41423   390%     -    0s
H    0     0                      -5.0980501   -8.41423  65.0%     -    0s

Cutting planes:
  Gomory: 2
  MIR: 16
  Zero half: 15
  RLT: 15
  BQP: 49

Explored 1 nodes (12 simplex iterations) in 0.01 seconds (0.00 work units)
Thread count was 8 (of 96 available processors)

Solution count 4: -5.09805 -1.7163 -0.729474 -0.178758 
No other solutions better than -5.09805

Optimal solution found (tolerance 1.00e-06)
Best objective -5.098050144370e+00, best bound -5.098050144370e+00, gap 0.0000%

User-callback calls 159, time in user-callback 0.00 sec
