
Gurobi 13.0.0 (linux64) logging started Sun May  3 11:04:22 2026

Set parameter LogFile to value "logs/N=12_layers=1_presolve_on/N=12/seed=34/quantum_layers=1/precond_pen=0.200.log"
Set parameter MIPGap to value 1e-06
Set parameter Threads to value 8
Gurobi Optimizer version 13.0.0 build v13.0.0rc1 (linux64 - "Oracle Linux Server 9.7")

CPU model: AMD EPYC 7643 48-Core Processor, instruction set [SSE2|AVX|AVX2]
Thread count: 48 physical cores, 96 logical processors, using up to 8 threads

Non-default parameters:
MIPGap  1e-06
Threads  8

Optimize a model with 1 rows, 12 columns and 12 nonzeros (Min)
Model fingerprint: 0x0916e15e
Model has 12 linear objective coefficients and an objective constant of -5.4994698673439979e+00
Model has 66 quadratic objective terms
Variable types: 0 continuous, 12 integer (12 binary)
Coefficient statistics:
  Matrix range     [1e+00, 1e+00]
  Objective range  [6e-01, 3e+00]
  QObjective range [1e-03, 3e+00]
  Bounds range     [1e+00, 1e+00]
  RHS range        [6e+00, 6e+00]
Found heuristic solution: objective 1.4379550
Presolve time: 0.00s
Presolved: 67 rows, 78 columns, 210 nonzeros
Variable types: 0 continuous, 78 integer (78 binary)

Root relaxation: objective -1.065916e+01, 9 iterations, 0.00 seconds (0.00 work units)

    Nodes    |    Current Node    |     Objective Bounds      |     Work
 Expl Unexpl |  Obj  Depth IntInf | Incumbent    BestBd   Gap | It/Node Time

     0     0  -10.65916    0   12    1.43796  -10.65916   841%     -    0s
H    0     0                      -1.3515600  -10.65916   689%     -    0s
H    0     0                      -3.9604264  -10.65916   169%     -    0s
     0     0   -4.55082    0   37   -3.96043   -4.55082  14.9%     -    0s

Cutting planes:
  Gomory: 5
  Dual implied bound: 1
  MIR: 47
  StrongCG: 1
  Zero half: 19
  RLT: 15
  BQP: 39

Explored 1 nodes (94 simplex iterations) in 0.02 seconds (0.01 work units)
Thread count was 8 (of 96 available processors)

Solution count 3: -3.96043 -1.35156 1.43796 
No other solutions better than -3.96043

Optimal solution found (tolerance 1.00e-06)
Best objective -3.960426357730e+00, best bound -3.960426357730e+00, gap 0.0000%

User-callback calls 167, time in user-callback 0.00 sec
