
Gurobi 13.0.0 (linux64) logging started Sun May  3 11:04:22 2026

Set parameter LogFile to value "logs/N=12_layers=1_presolve_on/N=12/seed=34/quantum_layers=1/precond_pen=0.100.log"
Set parameter MIPGap to value 1e-06
Set parameter Threads to value 8
Gurobi Optimizer version 13.0.0 build v13.0.0rc1 (linux64 - "Oracle Linux Server 9.7")

CPU model: AMD EPYC 7643 48-Core Processor, instruction set [SSE2|AVX|AVX2]
Thread count: 48 physical cores, 96 logical processors, using up to 8 threads

Non-default parameters:
MIPGap  1e-06
Threads  8

Optimize a model with 1 rows, 12 columns and 12 nonzeros (Min)
Model fingerprint: 0x2bbadc37
Model has 12 linear objective coefficients and an objective constant of -17.541938881121
Model has 66 quadratic objective terms
Variable types: 0 continuous, 12 integer (12 binary)
Coefficient statistics:
  Matrix range     [1e+00, 1e+00]
  Objective range  [4e+00, 7e+00]
  QObjective range [2e-01, 4e+00]
  Bounds range     [1e+00, 1e+00]
  RHS range        [6e+00, 6e+00]
Found heuristic solution: objective 2.2078291
Presolve time: 0.00s
Presolved: 67 rows, 78 columns, 210 nonzeros
Variable types: 0 continuous, 78 integer (78 binary)

Root relaxation: objective -1.759330e+01, 11 iterations, 0.00 seconds (0.00 work units)

    Nodes    |    Current Node    |     Objective Bounds      |     Work
 Expl Unexpl |  Obj  Depth IntInf | Incumbent    BestBd   Gap | It/Node Time

     0     0  -17.59330    0   12    2.20783  -17.59330   897%     -    0s
H    0     0                       1.1306992  -17.59330  1656%     -    0s
H    0     0                       0.9868391  -17.59330  1883%     -    0s
H    0     0                       0.4143541  -17.59330  4346%     -    0s
H    0     0                      -1.5848599  -17.59330  1010%     -    0s
     0     0   -7.10551    0   19   -1.58486   -7.10551   348%     -    0s
     0     0   -7.04816    0   21   -1.58486   -7.04816   345%     -    0s
     0     0   -4.74256    0   37   -1.58486   -4.74256   199%     -    0s
     0     0   -4.66714    0   37   -1.58486   -4.66714   194%     -    0s
     0     2   -4.38142    0   37   -1.58486   -4.38142   176%     -    0s

Cutting planes:
  Gomory: 2
  Cover: 1
  Dual implied bound: 13
  MIR: 8
  RLT: 9
  BQP: 2

Explored 31 nodes (647 simplex iterations) in 0.03 seconds (0.01 work units)
Thread count was 8 (of 96 available processors)

Solution count 5: -1.58486 0.414354 0.986839 ... 2.20783
No other solutions better than -1.58486

Optimal solution found (tolerance 1.00e-06)
Best objective -1.584859905879e+00, best bound -1.584859905879e+00, gap 0.0000%

User-callback calls 249, time in user-callback 0.00 sec
