
Gurobi 13.0.0 (linux64) logging started Sun May  3 11:06:40 2026

Set parameter LogFile to value "logs/N=12_layers=2_presolve_off/N=12/seed=15/quantum_layers=2/precond_pen=0.600.log"
Set parameter MIPGap to value 1e-06
Set parameter Threads to value 8
Set parameter Presolve to value 0
Gurobi Optimizer version 13.0.0 build v13.0.0rc1 (linux64 - "Oracle Linux Server 9.7")

CPU model: AMD EPYC 7643 48-Core Processor, instruction set [SSE2|AVX|AVX2]
Thread count: 48 physical cores, 96 logical processors, using up to 8 threads

Non-default parameters:
MIPGap  1e-06
Presolve  0
Threads  8

Optimize a model with 1 rows, 12 columns and 12 nonzeros (Min)
Model fingerprint: 0xe646b6a5
Model has 12 linear objective coefficients and an objective constant of 4.4064360183060005e+00
Model has 66 quadratic objective terms
Variable types: 0 continuous, 12 integer (12 binary)
Coefficient statistics:
  Matrix range     [1e+00, 1e+00]
  Objective range  [1e+00, 2e+00]
  QObjective range [8e-02, 3e+00]
  Bounds range     [1e+00, 1e+00]
  RHS range        [6e+00, 6e+00]
Found heuristic solution: objective -2.2565050
Variable types: 0 continuous, 78 integer (78 binary)

Root relaxation: objective -9.753945e+00, 16 iterations, 0.00 seconds (0.00 work units)

    Nodes    |    Current Node    |     Objective Bounds      |     Work
 Expl Unexpl |  Obj  Depth IntInf | Incumbent    BestBd   Gap | It/Node Time

     0     0   -9.75395    0   12   -2.25650   -9.75395   332%     -    0s
H    0     0                      -2.7532689   -9.75395   254%     -    0s
H    0     0                      -5.7346258   -9.75395  70.1%     -    0s
     0     0   -5.73463    0   32   -5.73463   -5.73463  0.00%     -    0s

Cutting planes:
  Gomory: 1
  MIR: 21
  Zero half: 9
  RLT: 15
  BQP: 59

Explored 1 nodes (71 simplex iterations) in 0.01 seconds (0.00 work units)
Thread count was 8 (of 96 available processors)

Solution count 3: -5.73463 -2.75327 -2.2565 
No other solutions better than -5.73463

Optimal solution found (tolerance 1.00e-06)
Best objective -5.734625794318e+00, best bound -5.734625794318e+00, gap 0.0000%

User-callback calls 66, time in user-callback 0.00 sec
