
Gurobi 13.0.0 (linux64) logging started Sun May  3 10:58:49 2026

Set parameter LogFile to value "logs/N=16_layers=2_presolve_off/N=16/seed=32/quantum_layers=2/precond_pen=0.500.log"
Set parameter MIPGap to value 1e-06
Set parameter Threads to value 8
Set parameter Presolve to value 0
Gurobi Optimizer version 13.0.0 build v13.0.0rc1 (linux64 - "Oracle Linux Server 9.7")

CPU model: AMD EPYC 7643 48-Core Processor, instruction set [SSE2|AVX|AVX2]
Thread count: 48 physical cores, 96 logical processors, using up to 8 threads

Non-default parameters:
MIPGap  1e-06
Presolve  0
Threads  8

Optimize a model with 1 rows, 16 columns and 16 nonzeros (Min)
Model fingerprint: 0x61580249
Model has 16 linear objective coefficients and an objective constant of 5.78795257544
Model has 120 quadratic objective terms
Variable types: 0 continuous, 16 integer (16 binary)
Coefficient statistics:
  Matrix range     [1e+00, 1e+00]
  Objective range  [9e-01, 2e+00]
  QObjective range [2e-03, 3e+00]
  Bounds range     [1e+00, 1e+00]
  RHS range        [8e+00, 8e+00]
Found heuristic solution: objective 2.6653330
Variable types: 0 continuous, 136 integer (136 binary)

Root relaxation: objective -1.761854e+01, 19 iterations, 0.00 seconds (0.00 work units)

    Nodes    |    Current Node    |     Objective Bounds      |     Work
 Expl Unexpl |  Obj  Depth IntInf | Incumbent    BestBd   Gap | It/Node Time

     0     0  -17.61854    0   16    2.66533  -17.61854   761%     -    0s
H    0     0                      -2.9554230  -17.61854   496%     -    0s
H    0     0                      -8.9223264  -17.61854  97.5%     -    0s
     0     0   -9.62813    0   60   -8.92233   -9.62813  7.91%     -    0s

Cutting planes:
  Gomory: 9
  MIR: 104
  StrongCG: 1
  Flow cover: 2
  Zero half: 32
  RLT: 28
  BQP: 106

Explored 1 nodes (171 simplex iterations) in 0.03 seconds (0.02 work units)
Thread count was 8 (of 96 available processors)

Solution count 3: -8.92233 -2.95542 2.66533 
No other solutions better than -8.92233

Optimal solution found (tolerance 1.00e-06)
Best objective -8.922326380472e+00, best bound -8.922326380472e+00, gap 0.0000%

User-callback calls 75, time in user-callback 0.00 sec
