
Gurobi 13.0.0 (linux64) logging started Tue Mar 31 15:06:57 2026

Set parameter LogFile to value "logs/N=12_layers=3_presolve_off/N=12/seed=28/n_qaoa_layers=3/precond_pen=0.200.log"
Set parameter MIPGap to value 1e-06
Set parameter Threads to value 8
Set parameter Presolve to value 0
Gurobi Optimizer version 13.0.0 build v13.0.0rc1 (linux64 - "Oracle Linux Server 9.7")

CPU model: AMD EPYC 7643 48-Core Processor, instruction set [SSE2|AVX|AVX2]
Thread count: 48 physical cores, 96 logical processors, using up to 8 threads

Non-default parameters:
MIPGap  1e-06
Presolve  0
Threads  8

Optimize a model with 1 rows, 12 columns and 12 nonzeros (Min)
Model fingerprint: 0xf3e57c32
Model has 12 linear objective coefficients and an objective constant of -3.6990701954375993e+01
Model has 66 quadratic objective terms
Variable types: 0 continuous, 12 integer (12 binary)
Coefficient statistics:
  Matrix range     [1e+00, 1e+00]
  Objective range  [7e+00, 1e+01]
  QObjective range [1e+00, 6e+00]
  Bounds range     [1e+00, 1e+00]
  RHS range        [6e+00, 6e+00]
Found heuristic solution: objective 1.7834475
Variable types: 0 continuous, 78 integer (78 binary)

Root relaxation: objective -3.699070e+01, 6 iterations, 0.00 seconds (0.00 work units)

    Nodes    |    Current Node    |     Objective Bounds      |     Work
 Expl Unexpl |  Obj  Depth IntInf | Incumbent    BestBd   Gap | It/Node Time

     0     0  -36.99070    0   12    1.78345  -36.99070  2174%     -    0s
H    0     0                      -0.8431019  -36.99070  4287%     -    0s
     0     0   -2.86233    0   21   -0.84310   -2.86233   240%     -    0s
     0     0   -2.86233    0   19   -0.84310   -2.86233   240%     -    0s
     0     0   -2.37502    0   32   -0.84310   -2.37502   182%     -    0s
     0     0   -2.29185    0   30   -0.84310   -2.29185   172%     -    0s
     0     0   -1.35840    0   56   -0.84310   -1.35840  61.1%     -    0s
     0     0   -1.35840    0   56   -0.84310   -1.35840  61.1%     -    0s
     0     0   -1.35840    0   56   -0.84310   -1.35840  61.1%     -    0s
     0     2   -1.35840    0   56   -0.84310   -1.35840  61.1%     -    0s

Cutting planes:
  Cover: 2
  MIR: 21
  Mod-K: 2
  RLT: 10

Explored 9 nodes (498 simplex iterations) in 0.04 seconds (0.02 work units)
Thread count was 8 (of 96 available processors)

Solution count 2: -0.843102 1.78345 

Optimal solution found (tolerance 1.00e-06)
Best objective -8.431018504600e-01, best bound -8.431018504600e-01, gap 0.0000%

User-callback calls 119, time in user-callback 0.00 sec

Gurobi 13.0.0 (linux64) logging started Tue Mar 31 15:10:56 2026

Set parameter LogFile to value "logs/N=12_layers=3_presolve_off/N=12/seed=28/n_qaoa_layers=3/precond_pen=0.200.log"
Set parameter MIPGap to value 1e-06
Set parameter Threads to value 8
Set parameter Presolve to value 0
Gurobi Optimizer version 13.0.0 build v13.0.0rc1 (linux64 - "Oracle Linux Server 9.7")

CPU model: AMD EPYC 7643 48-Core Processor, instruction set [SSE2|AVX|AVX2]
Thread count: 48 physical cores, 96 logical processors, using up to 8 threads

Non-default parameters:
MIPGap  1e-06
Presolve  0
Threads  8

Optimize a model with 1 rows, 12 columns and 12 nonzeros (Min)
Model fingerprint: 0xf3e57c32
Model has 12 linear objective coefficients and an objective constant of -3.6990701954375993e+01
Model has 66 quadratic objective terms
Variable types: 0 continuous, 12 integer (12 binary)
Coefficient statistics:
  Matrix range     [1e+00, 1e+00]
  Objective range  [7e+00, 1e+01]
  QObjective range [1e+00, 6e+00]
  Bounds range     [1e+00, 1e+00]
  RHS range        [6e+00, 6e+00]
Found heuristic solution: objective 1.7834475
Variable types: 0 continuous, 78 integer (78 binary)

Root relaxation: objective -3.699070e+01, 6 iterations, 0.00 seconds (0.00 work units)

    Nodes    |    Current Node    |     Objective Bounds      |     Work
 Expl Unexpl |  Obj  Depth IntInf | Incumbent    BestBd   Gap | It/Node Time

     0     0  -36.99070    0   12    1.78345  -36.99070  2174%     -    0s
H    0     0                      -0.8431019  -36.99070  4287%     -    0s
     0     0   -2.86233    0   21   -0.84310   -2.86233   240%     -    0s
     0     0   -2.86233    0   19   -0.84310   -2.86233   240%     -    0s
     0     0   -2.37502    0   32   -0.84310   -2.37502   182%     -    0s
     0     0   -2.29185    0   30   -0.84310   -2.29185   172%     -    0s
     0     0   -1.35840    0   56   -0.84310   -1.35840  61.1%     -    0s
     0     0   -1.35840    0   56   -0.84310   -1.35840  61.1%     -    0s
     0     0   -1.35840    0   56   -0.84310   -1.35840  61.1%     -    0s
     0     2   -1.35840    0   56   -0.84310   -1.35840  61.1%     -    0s

Cutting planes:
  Cover: 2
  MIR: 21
  Mod-K: 2
  RLT: 10

Explored 9 nodes (498 simplex iterations) in 0.04 seconds (0.02 work units)
Thread count was 8 (of 96 available processors)

Solution count 2: -0.843102 1.78345 

Optimal solution found (tolerance 1.00e-06)
Best objective -8.431018504600e-01, best bound -8.431018504600e-01, gap 0.0000%

User-callback calls 117, time in user-callback 0.00 sec
