
Gurobi 13.0.0 (linux64) logging started Tue Mar 31 15:06:57 2026

Set parameter LogFile to value "logs/N=12_layers=3_presolve_off/N=12/seed=28/n_qaoa_layers=3/precond_pen=0.500.log"
Set parameter MIPGap to value 1e-06
Set parameter Threads to value 8
Set parameter Presolve to value 0
Gurobi Optimizer version 13.0.0 build v13.0.0rc1 (linux64 - "Oracle Linux Server 9.7")

CPU model: AMD EPYC 7643 48-Core Processor, instruction set [SSE2|AVX|AVX2]
Thread count: 48 physical cores, 96 logical processors, using up to 8 threads

Non-default parameters:
MIPGap  1e-06
Presolve  0
Threads  8

Optimize a model with 1 rows, 12 columns and 12 nonzeros (Min)
Model fingerprint: 0x1a5a4639
Model has 12 linear objective coefficients and an objective constant of 4.69591542154
Model has 66 quadratic objective terms
Variable types: 0 continuous, 12 integer (12 binary)
Coefficient statistics:
  Matrix range     [1e+00, 1e+00]
  Objective range  [8e-01, 3e+00]
  QObjective range [2e-02, 5e+00]
  Bounds range     [1e+00, 1e+00]
  RHS range        [6e+00, 6e+00]
Found heuristic solution: objective -5.1815710
Variable types: 0 continuous, 78 integer (78 binary)

Root relaxation: objective -1.470943e+01, 12 iterations, 0.00 seconds (0.00 work units)

    Nodes    |    Current Node    |     Objective Bounds      |     Work
 Expl Unexpl |  Obj  Depth IntInf | Incumbent    BestBd   Gap | It/Node Time

     0     0  -14.70943    0   12   -5.18157  -14.70943   184%     -    0s
H    0     0                      -9.6639939  -14.70943  52.2%     -    0s

Cutting planes:
  Gomory: 1
  MIR: 22
  Zero half: 15
  RLT: 8
  BQP: 46

Explored 1 nodes (12 simplex iterations) in 0.01 seconds (0.00 work units)
Thread count was 8 (of 96 available processors)

Solution count 2: -9.66399 -5.18157 
No other solutions better than -9.66399

Optimal solution found (tolerance 1.00e-06)
Best objective -9.663993912696e+00, best bound -9.663993912696e+00, gap 0.0000%

User-callback calls 60, time in user-callback 0.00 sec

Gurobi 13.0.0 (linux64) logging started Tue Mar 31 15:10:56 2026

Set parameter LogFile to value "logs/N=12_layers=3_presolve_off/N=12/seed=28/n_qaoa_layers=3/precond_pen=0.500.log"
Set parameter MIPGap to value 1e-06
Set parameter Threads to value 8
Set parameter Presolve to value 0
Gurobi Optimizer version 13.0.0 build v13.0.0rc1 (linux64 - "Oracle Linux Server 9.7")

CPU model: AMD EPYC 7643 48-Core Processor, instruction set [SSE2|AVX|AVX2]
Thread count: 48 physical cores, 96 logical processors, using up to 8 threads

Non-default parameters:
MIPGap  1e-06
Presolve  0
Threads  8

Optimize a model with 1 rows, 12 columns and 12 nonzeros (Min)
Model fingerprint: 0x1a5a4639
Model has 12 linear objective coefficients and an objective constant of 4.69591542154
Model has 66 quadratic objective terms
Variable types: 0 continuous, 12 integer (12 binary)
Coefficient statistics:
  Matrix range     [1e+00, 1e+00]
  Objective range  [8e-01, 3e+00]
  QObjective range [2e-02, 5e+00]
  Bounds range     [1e+00, 1e+00]
  RHS range        [6e+00, 6e+00]
Found heuristic solution: objective -5.1815710
Variable types: 0 continuous, 78 integer (78 binary)

Root relaxation: objective -1.470943e+01, 12 iterations, 0.00 seconds (0.00 work units)

    Nodes    |    Current Node    |     Objective Bounds      |     Work
 Expl Unexpl |  Obj  Depth IntInf | Incumbent    BestBd   Gap | It/Node Time

     0     0  -14.70943    0   12   -5.18157  -14.70943   184%     -    0s
H    0     0                      -9.6639939  -14.70943  52.2%     -    0s

Cutting planes:
  Gomory: 1
  MIR: 22
  Zero half: 15
  RLT: 8
  BQP: 46

Explored 1 nodes (12 simplex iterations) in 0.01 seconds (0.00 work units)
Thread count was 8 (of 96 available processors)

Solution count 2: -9.66399 -5.18157 
No other solutions better than -9.66399

Optimal solution found (tolerance 1.00e-06)
Best objective -9.663993912696e+00, best bound -9.663993912696e+00, gap 0.0000%

User-callback calls 60, time in user-callback 0.00 sec
