
Gurobi 13.0.0 (linux64) logging started Tue Mar 31 15:06:55 2026

Set parameter LogFile to value "logs/N=12_layers=3_presolve_off/N=12/seed=10/n_qaoa_layers=3/precond_pen=0.200.log"
Set parameter MIPGap to value 1e-06
Set parameter Threads to value 8
Set parameter Presolve to value 0
Gurobi Optimizer version 13.0.0 build v13.0.0rc1 (linux64 - "Oracle Linux Server 9.7")

CPU model: AMD EPYC 7643 48-Core Processor, instruction set [SSE2|AVX|AVX2]
Thread count: 48 physical cores, 96 logical processors, using up to 8 threads

Non-default parameters:
MIPGap  1e-06
Presolve  0
Threads  8

Optimize a model with 1 rows, 12 columns and 12 nonzeros (Min)
Model fingerprint: 0x410e2a41
Model has 12 linear objective coefficients and an objective constant of -2.4917147810316997e+01
Model has 66 quadratic objective terms
Variable types: 0 continuous, 12 integer (12 binary)
Coefficient statistics:
  Matrix range     [1e+00, 1e+00]
  Objective range  [3e+00, 1e+01]
  QObjective range [4e-01, 7e+00]
  Bounds range     [1e+00, 1e+00]
  RHS range        [6e+00, 6e+00]
Found heuristic solution: objective 1.2842119
Variable types: 0 continuous, 78 integer (78 binary)

Root relaxation: objective -2.551660e+01, 8 iterations, 0.00 seconds (0.00 work units)

    Nodes    |    Current Node    |     Objective Bounds      |     Work
 Expl Unexpl |  Obj  Depth IntInf | Incumbent    BestBd   Gap | It/Node Time

     0     0  -25.51660    0   12    1.28421  -25.51660  2087%     -    0s
H    0     0                      -5.3791695  -25.51660   374%     -    0s
     0     0   -8.62808    0   23   -5.37917   -8.62808  60.4%     -    0s
     0     0   -8.13912    0   27   -5.37917   -8.13912  51.3%     -    0s
     0     0   -8.13333    0   27   -5.37917   -8.13333  51.2%     -    0s
     0     0   -6.15468    0   41   -5.37917   -6.15468  14.4%     -    0s
     0     0   -5.81618    0   41   -5.37917   -5.81618  8.12%     -    0s
     0     2   -5.81618    0   41   -5.37917   -5.81618  8.12%     -    0s

Cutting planes:
  Gomory: 3
  MIR: 13
  Zero half: 2
  RLT: 9
  BQP: 3

Explored 10 nodes (375 simplex iterations) in 0.02 seconds (0.01 work units)
Thread count was 8 (of 96 available processors)

Solution count 2: -5.37917 1.28421 
No other solutions better than -5.37917

Optimal solution found (tolerance 1.00e-06)
Best objective -5.379169532797e+00, best bound -5.379169532797e+00, gap 0.0000%

User-callback calls 110, time in user-callback 0.00 sec

Gurobi 13.0.0 (linux64) logging started Tue Mar 31 15:10:54 2026

Set parameter LogFile to value "logs/N=12_layers=3_presolve_off/N=12/seed=10/n_qaoa_layers=3/precond_pen=0.200.log"
Set parameter MIPGap to value 1e-06
Set parameter Threads to value 8
Set parameter Presolve to value 0
Gurobi Optimizer version 13.0.0 build v13.0.0rc1 (linux64 - "Oracle Linux Server 9.7")

CPU model: AMD EPYC 7643 48-Core Processor, instruction set [SSE2|AVX|AVX2]
Thread count: 48 physical cores, 96 logical processors, using up to 8 threads

Non-default parameters:
MIPGap  1e-06
Presolve  0
Threads  8

Optimize a model with 1 rows, 12 columns and 12 nonzeros (Min)
Model fingerprint: 0x410e2a41
Model has 12 linear objective coefficients and an objective constant of -2.4917147810316997e+01
Model has 66 quadratic objective terms
Variable types: 0 continuous, 12 integer (12 binary)
Coefficient statistics:
  Matrix range     [1e+00, 1e+00]
  Objective range  [3e+00, 1e+01]
  QObjective range [4e-01, 7e+00]
  Bounds range     [1e+00, 1e+00]
  RHS range        [6e+00, 6e+00]
Found heuristic solution: objective 1.2842119
Variable types: 0 continuous, 78 integer (78 binary)

Root relaxation: objective -2.551660e+01, 8 iterations, 0.00 seconds (0.00 work units)

    Nodes    |    Current Node    |     Objective Bounds      |     Work
 Expl Unexpl |  Obj  Depth IntInf | Incumbent    BestBd   Gap | It/Node Time

     0     0  -25.51660    0   12    1.28421  -25.51660  2087%     -    0s
H    0     0                      -5.3791695  -25.51660   374%     -    0s
     0     0   -8.62808    0   23   -5.37917   -8.62808  60.4%     -    0s
     0     0   -8.13912    0   27   -5.37917   -8.13912  51.3%     -    0s
     0     0   -8.13333    0   27   -5.37917   -8.13333  51.2%     -    0s
     0     0   -6.15468    0   41   -5.37917   -6.15468  14.4%     -    0s
     0     0   -5.81618    0   41   -5.37917   -5.81618  8.12%     -    0s
     0     2   -5.81618    0   41   -5.37917   -5.81618  8.12%     -    0s

Cutting planes:
  Gomory: 3
  MIR: 13
  Zero half: 2
  RLT: 9
  BQP: 3

Explored 10 nodes (375 simplex iterations) in 0.02 seconds (0.01 work units)
Thread count was 8 (of 96 available processors)

Solution count 2: -5.37917 1.28421 
No other solutions better than -5.37917

Optimal solution found (tolerance 1.00e-06)
Best objective -5.379169532797e+00, best bound -5.379169532797e+00, gap 0.0000%

User-callback calls 111, time in user-callback 0.00 sec
