
Gurobi 13.0.0 (linux64) logging started Tue Mar 31 15:06:55 2026

Set parameter LogFile to value "logs/N=12_layers=3_presolve_off/N=12/seed=10/n_qaoa_layers=3/precond_pen=0.300.log"
Set parameter MIPGap to value 1e-06
Set parameter Threads to value 8
Set parameter Presolve to value 0
Gurobi Optimizer version 13.0.0 build v13.0.0rc1 (linux64 - "Oracle Linux Server 9.7")

CPU model: AMD EPYC 7643 48-Core Processor, instruction set [SSE2|AVX|AVX2]
Thread count: 48 physical cores, 96 logical processors, using up to 8 threads

Non-default parameters:
MIPGap  1e-06
Presolve  0
Threads  8

Optimize a model with 1 rows, 12 columns and 12 nonzeros (Min)
Model fingerprint: 0x7cb7a37a
Model has 12 linear objective coefficients and an objective constant of 3.3290035676039995e+00
Model has 66 quadratic objective terms
Variable types: 0 continuous, 12 integer (12 binary)
Coefficient statistics:
  Matrix range     [1e+00, 1e+00]
  Objective range  [4e-02, 3e+00]
  QObjective range [3e-02, 6e+00]
  Bounds range     [1e+00, 1e+00]
  RHS range        [6e+00, 6e+00]
Found heuristic solution: objective -4.4825517
Variable types: 0 continuous, 78 integer (78 binary)

Root relaxation: objective -2.075082e+01, 8 iterations, 0.00 seconds (0.00 work units)

    Nodes    |    Current Node    |     Objective Bounds      |     Work
 Expl Unexpl |  Obj  Depth IntInf | Incumbent    BestBd   Gap | It/Node Time

     0     0  -20.75082    0   12   -4.48255  -20.75082   363%     -    0s
H    0     0                     -11.6176190  -20.75082  78.6%     -    0s
H    0     0                     -17.7792097  -20.75082  16.7%     -    0s

Cutting planes:
  MIR: 15
  Zero half: 3
  RLT: 15
  BQP: 33

Explored 1 nodes (8 simplex iterations) in 0.00 seconds (0.00 work units)
Thread count was 8 (of 96 available processors)

Solution count 3: -17.7792 -11.6176 -4.48255 
No other solutions better than -17.7792

Optimal solution found (tolerance 1.00e-06)
Best objective -1.777920966952e+01, best bound -1.777920966952e+01, gap 0.0000%

User-callback calls 61, time in user-callback 0.00 sec

Gurobi 13.0.0 (linux64) logging started Tue Mar 31 15:10:54 2026

Set parameter LogFile to value "logs/N=12_layers=3_presolve_off/N=12/seed=10/n_qaoa_layers=3/precond_pen=0.300.log"
Set parameter MIPGap to value 1e-06
Set parameter Threads to value 8
Set parameter Presolve to value 0
Gurobi Optimizer version 13.0.0 build v13.0.0rc1 (linux64 - "Oracle Linux Server 9.7")

CPU model: AMD EPYC 7643 48-Core Processor, instruction set [SSE2|AVX|AVX2]
Thread count: 48 physical cores, 96 logical processors, using up to 8 threads

Non-default parameters:
MIPGap  1e-06
Presolve  0
Threads  8

Optimize a model with 1 rows, 12 columns and 12 nonzeros (Min)
Model fingerprint: 0x7cb7a37a
Model has 12 linear objective coefficients and an objective constant of 3.3290035676039995e+00
Model has 66 quadratic objective terms
Variable types: 0 continuous, 12 integer (12 binary)
Coefficient statistics:
  Matrix range     [1e+00, 1e+00]
  Objective range  [4e-02, 3e+00]
  QObjective range [3e-02, 6e+00]
  Bounds range     [1e+00, 1e+00]
  RHS range        [6e+00, 6e+00]
Found heuristic solution: objective -4.4825517
Variable types: 0 continuous, 78 integer (78 binary)

Root relaxation: objective -2.075082e+01, 8 iterations, 0.00 seconds (0.00 work units)

    Nodes    |    Current Node    |     Objective Bounds      |     Work
 Expl Unexpl |  Obj  Depth IntInf | Incumbent    BestBd   Gap | It/Node Time

     0     0  -20.75082    0   12   -4.48255  -20.75082   363%     -    0s
H    0     0                     -11.6176190  -20.75082  78.6%     -    0s
H    0     0                     -17.7792097  -20.75082  16.7%     -    0s

Cutting planes:
  MIR: 15
  Zero half: 3
  RLT: 15
  BQP: 33

Explored 1 nodes (8 simplex iterations) in 0.00 seconds (0.00 work units)
Thread count was 8 (of 96 available processors)

Solution count 3: -17.7792 -11.6176 -4.48255 
No other solutions better than -17.7792

Optimal solution found (tolerance 1.00e-06)
Best objective -1.777920966952e+01, best bound -1.777920966952e+01, gap 0.0000%

User-callback calls 61, time in user-callback 0.00 sec
