
Gurobi 13.0.0 (linux64) logging started Sun May  3 11:08:58 2026

Set parameter LogFile to value "logs/N=12_layers=3_presolve_off/N=12/seed=23/quantum_layers=3/baseline.log"
Set parameter MIPGap to value 1e-06
Set parameter Threads to value 8
Set parameter Presolve to value 0
Gurobi Optimizer version 13.0.0 build v13.0.0rc1 (linux64 - "Oracle Linux Server 9.7")

CPU model: AMD EPYC 7643 48-Core Processor, instruction set [SSE2|AVX|AVX2]
Thread count: 48 physical cores, 96 logical processors, using up to 8 threads

Non-default parameters:
MIPGap  1e-06
Presolve  0
Threads  8

Optimize a model with 1 rows, 12 columns and 12 nonzeros (Min)
Model fingerprint: 0x3104a918
Model has 12 linear objective coefficients and an objective constant of -1.0018930129973569e-12
Model has 66 quadratic objective terms
Variable types: 0 continuous, 12 integer (12 binary)
Coefficient statistics:
  Matrix range     [1e+00, 1e+00]
  Objective range  [9e+00, 1e+01]
  QObjective range [1e-01, 8e+00]
  Bounds range     [1e+00, 1e+00]
  RHS range        [6e+00, 6e+00]
Found heuristic solution: objective 36.9968048
Variable types: 0 continuous, 78 integer (78 binary)

Root relaxation: objective -1.002781e-12, 10 iterations, 0.00 seconds (0.00 work units)

    Nodes    |    Current Node    |     Objective Bounds      |     Work
 Expl Unexpl |  Obj  Depth IntInf | Incumbent    BestBd   Gap | It/Node Time

     0     0   -0.00000    0   12   36.99680   -0.00000   100%     -    0s
H    0     0                      29.2673128   -0.00000   100%     -    0s
     0     0   18.14372    0   16   29.26731   18.14372  38.0%     -    0s
     0     0   18.14388    0   18   29.26731   18.14388  38.0%     -    0s
     0     0   18.78250    0   19   29.26731   18.78250  35.8%     -    0s
     0     0   23.35736    0   31   29.26731   23.35736  20.2%     -    0s
     0     0   24.01311    0   32   29.26731   24.01311  18.0%     -    0s
     0     0   24.29023    0   42   29.26731   24.29023  17.0%     -    0s
     0     0   25.85575    0   57   29.26731   25.85575  11.7%     -    0s
     0     0   25.91495    0   57   29.26731   25.91495  11.5%     -    0s
     0     2   25.91495    0   57   29.26731   25.91495  11.5%     -    0s

Cutting planes:
  Gomory: 3
  Cover: 1
  MIR: 14
  StrongCG: 2
  RLT: 6

Explored 55 nodes (1319 simplex iterations) in 0.04 seconds (0.02 work units)
Thread count was 8 (of 96 available processors)

Solution count 2: 29.2673 36.9968 

Optimal solution found (tolerance 1.00e-06)
Best objective 2.926731282966e+01, best bound 2.926731282966e+01, gap 0.0000%

User-callback calls 217, time in user-callback 0.00 sec
