
Gurobi 13.0.0 (linux64) logging started Sun May  3 11:08:58 2026

Set parameter LogFile to value "logs/N=12_layers=3_presolve_off/N=12/seed=23/quantum_layers=3/precond_pen=1.000.log"
Set parameter MIPGap to value 1e-06
Set parameter Threads to value 8
Set parameter Presolve to value 0
Gurobi Optimizer version 13.0.0 build v13.0.0rc1 (linux64 - "Oracle Linux Server 9.7")

CPU model: AMD EPYC 7643 48-Core Processor, instruction set [SSE2|AVX|AVX2]
Thread count: 48 physical cores, 96 logical processors, using up to 8 threads

Non-default parameters:
MIPGap  1e-06
Presolve  0
Threads  8

Optimize a model with 1 rows, 12 columns and 12 nonzeros (Min)
Model fingerprint: 0x5ebdba4a
Model has 12 linear objective coefficients and an objective constant of 5.4152607489339992e+00
Model has 66 quadratic objective terms
Variable types: 0 continuous, 12 integer (12 binary)
Coefficient statistics:
  Matrix range     [1e+00, 1e+00]
  Objective range  [2e+00, 2e+00]
  QObjective range [2e-02, 2e+00]
  Bounds range     [1e+00, 1e+00]
  RHS range        [6e+00, 6e+00]
Found heuristic solution: objective -0.4923661
Variable types: 0 continuous, 78 integer (78 binary)

Root relaxation: objective -7.230418e+00, 20 iterations, 0.00 seconds (0.00 work units)

    Nodes    |    Current Node    |     Objective Bounds      |     Work
 Expl Unexpl |  Obj  Depth IntInf | Incumbent    BestBd   Gap | It/Node Time

     0     0   -7.23042    0   12   -0.49237   -7.23042  1369%     -    0s
H    0     0                      -1.2634416   -7.23042   472%     -    0s
H    0     0                      -4.6118200   -7.23042  56.8%     -    0s

Cutting planes:
  MIR: 27
  Zero half: 14
  RLT: 15
  BQP: 67

Explored 1 nodes (20 simplex iterations) in 0.01 seconds (0.00 work units)
Thread count was 8 (of 96 available processors)

Solution count 3: -4.61182 -1.26344 -0.492366 
No other solutions better than -4.61182

Optimal solution found (tolerance 1.00e-06)
Best objective -4.611820011112e+00, best bound -4.611820011112e+00, gap 0.0000%

User-callback calls 61, time in user-callback 0.00 sec
