
Gurobi 13.0.0 (linux64) logging started Sun May  3 11:04:32 2026

Set parameter LogFile to value "logs/N=12_layers=1_presolve_off/N=12/seed=42/quantum_layers=1/precond_pen=0.100.log"
Set parameter MIPGap to value 1e-06
Set parameter Threads to value 8
Set parameter Presolve to value 0
Gurobi Optimizer version 13.0.0 build v13.0.0rc1 (linux64 - "Oracle Linux Server 9.7")

CPU model: AMD EPYC 7643 48-Core Processor, instruction set [SSE2|AVX|AVX2]
Thread count: 48 physical cores, 96 logical processors, using up to 8 threads

Non-default parameters:
MIPGap  1e-06
Presolve  0
Threads  8

Optimize a model with 1 rows, 12 columns and 12 nonzeros (Min)
Model fingerprint: 0x69bfffb6
Model has 12 linear objective coefficients and an objective constant of -1.9656287903580004e+01
Model has 66 quadratic objective terms
Variable types: 0 continuous, 12 integer (12 binary)
Coefficient statistics:
  Matrix range     [1e+00, 1e+00]
  Objective range  [4e+00, 8e+00]
  QObjective range [6e-01, 4e+00]
  Bounds range     [1e+00, 1e+00]
  RHS range        [6e+00, 6e+00]
Found heuristic solution: objective 0.1169629
Variable types: 0 continuous, 78 integer (78 binary)

Root relaxation: objective -1.965629e+01, 5 iterations, 0.00 seconds (0.00 work units)

    Nodes    |    Current Node    |     Objective Bounds      |     Work
 Expl Unexpl |  Obj  Depth IntInf | Incumbent    BestBd   Gap | It/Node Time

     0     0  -19.65629    0   12    0.11696  -19.65629      -     -    0s
H    0     0                      -0.6175788  -19.65629  3083%     -    0s
     0     0   -5.10778    0   12   -0.61758   -5.10778   727%     -    0s
     0     0   -4.18821    0   20   -0.61758   -4.18821   578%     -    0s
     0     0   -4.07287    0   40   -0.61758   -4.07287   559%     -    0s
     0     0   -3.17323    0   55   -0.61758   -3.17323   414%     -    0s
     0     0   -3.17323    0   55   -0.61758   -3.17323   414%     -    0s
     0     2   -3.17323    0   55   -0.61758   -3.17323   414%     -    0s

Cutting planes:
  Gomory: 1
  Cover: 2
  MIR: 15
  StrongCG: 3
  RLT: 9

Explored 37 nodes (1092 simplex iterations) in 0.04 seconds (0.02 work units)
Thread count was 8 (of 96 available processors)

Solution count 2: -0.617579 0.116963 

Optimal solution found (tolerance 1.00e-06)
Best objective -6.175788372260e-01, best bound -6.175788372260e-01, gap 0.0000%

User-callback calls 172, time in user-callback 0.00 sec
