
Gurobi 13.0.0 (linux64) logging started Sun May  3 11:08:55 2026

Set parameter LogFile to value "logs/N=12_layers=3_presolve_on/N=12/seed=47/quantum_layers=3/precond_pen=0.300.log"
Set parameter MIPGap to value 1e-06
Set parameter Threads to value 8
Gurobi Optimizer version 13.0.0 build v13.0.0rc1 (linux64 - "Oracle Linux Server 9.7")

CPU model: AMD EPYC 7643 48-Core Processor, instruction set [SSE2|AVX|AVX2]
Thread count: 48 physical cores, 96 logical processors, using up to 8 threads

Non-default parameters:
MIPGap  1e-06
Threads  8

Optimize a model with 1 rows, 12 columns and 12 nonzeros (Min)
Model fingerprint: 0xb8439948
Model has 12 linear objective coefficients and an objective constant of 3.3161860441129991e+00
Model has 66 quadratic objective terms
Variable types: 0 continuous, 12 integer (12 binary)
Coefficient statistics:
  Matrix range     [1e+00, 1e+00]
  Objective range  [1e-01, 2e+00]
  QObjective range [3e-02, 6e+00]
  Bounds range     [1e+00, 1e+00]
  RHS range        [6e+00, 6e+00]
Found heuristic solution: objective -0.9392888
Presolve time: 0.00s
Presolved: 67 rows, 78 columns, 210 nonzeros
Variable types: 0 continuous, 78 integer (78 binary)

Root relaxation: objective -2.320870e+01, 6 iterations, 0.00 seconds (0.00 work units)

    Nodes    |    Current Node    |     Objective Bounds      |     Work
 Expl Unexpl |  Obj  Depth IntInf | Incumbent    BestBd   Gap | It/Node Time

     0     0  -23.20870    0   12   -0.93929  -23.20870  2371%     -    0s
H    0     0                     -16.5133243  -23.20870  40.5%     -    0s
H    0     0                     -20.6452535  -23.20870  12.4%     -    0s

Cutting planes:
  MIR: 6
  Zero half: 2
  RLT: 10
  BQP: 30

Explored 1 nodes (6 simplex iterations) in 0.01 seconds (0.00 work units)
Thread count was 8 (of 96 available processors)

Solution count 3: -20.6453 -16.5133 -0.939289 
No other solutions better than -20.6453

Optimal solution found (tolerance 1.00e-06)
Best objective -2.064525350071e+01, best bound -2.064525350071e+01, gap 0.0000%

User-callback calls 156, time in user-callback 0.00 sec
