
Gurobi 13.0.0 (linux64) logging started Tue Mar 31 15:06:57 2026

Set parameter LogFile to value "logs/N=12_layers=3_presolve_off/N=12/seed=30/n_qaoa_layers=3/baseline.log"
Set parameter MIPGap to value 1e-06
Set parameter Threads to value 8
Set parameter Presolve to value 0
Gurobi Optimizer version 13.0.0 build v13.0.0rc1 (linux64 - "Oracle Linux Server 9.7")

CPU model: AMD EPYC 7643 48-Core Processor, instruction set [SSE2|AVX|AVX2]
Thread count: 48 physical cores, 96 logical processors, using up to 8 threads

Non-default parameters:
MIPGap  1e-06
Presolve  0
Threads  8

Optimize a model with 1 rows, 12 columns and 12 nonzeros (Min)
Model fingerprint: 0xdf5a3c90
Model has 12 linear objective coefficients
Model has 66 quadratic objective terms
Variable types: 0 continuous, 12 integer (12 binary)
Coefficient statistics:
  Matrix range     [1e+00, 1e+00]
  Objective range  [8e+00, 2e+01]
  QObjective range [7e-01, 8e+00]
  Bounds range     [1e+00, 1e+00]
  RHS range        [6e+00, 6e+00]
Found heuristic solution: objective 36.6122946
Variable types: 0 continuous, 78 integer (78 binary)

Root relaxation: objective -8.160139e-15, 12 iterations, 0.00 seconds (0.00 work units)

    Nodes    |    Current Node    |     Objective Bounds      |     Work
 Expl Unexpl |  Obj  Depth IntInf | Incumbent    BestBd   Gap | It/Node Time

     0     0   -0.00000    0   12   36.61229   -0.00000   100%     -    0s
H    0     0                      34.3817554   -0.00000   100%     -    0s
H    0     0                      31.6221951   -0.00000   100%     -    0s
H    0     0                      29.5526138   -0.00000   100%     -    0s
     0     0   17.18932    0   20   29.55261   17.18932  41.8%     -    0s
     0     0   17.43518    0   19   29.55261   17.43518  41.0%     -    0s
     0     0   22.95297    0   35   29.55261   22.95297  22.3%     -    0s
     0     0   24.28870    0   38   29.55261   24.28870  17.8%     -    0s
     0     0   24.31474    0   42   29.55261   24.31474  17.7%     -    0s
     0     0   26.61760    0   59   29.55261   26.61760  9.93%     -    0s
     0     0   26.62839    0   59   29.55261   26.62839  9.89%     -    0s
     0     2   26.62839    0   59   29.55261   26.62839  9.89%     -    0s

Cutting planes:
  Gomory: 3
  Cover: 2
  MIR: 19
  RLT: 9

Explored 66 nodes (1379 simplex iterations) in 0.04 seconds (0.02 work units)
Thread count was 8 (of 96 available processors)

Solution count 4: 29.5526 31.6222 34.3818 36.6123 

Optimal solution found (tolerance 1.00e-06)
Best objective 2.955261378249e+01, best bound 2.955261378249e+01, gap 0.0000%

User-callback calls 240, time in user-callback 0.00 sec

Gurobi 13.0.0 (linux64) logging started Tue Mar 31 15:10:56 2026

Set parameter LogFile to value "logs/N=12_layers=3_presolve_off/N=12/seed=30/n_qaoa_layers=3/baseline.log"
Set parameter MIPGap to value 1e-06
Set parameter Threads to value 8
Set parameter Presolve to value 0
Gurobi Optimizer version 13.0.0 build v13.0.0rc1 (linux64 - "Oracle Linux Server 9.7")

CPU model: AMD EPYC 7643 48-Core Processor, instruction set [SSE2|AVX|AVX2]
Thread count: 48 physical cores, 96 logical processors, using up to 8 threads

Non-default parameters:
MIPGap  1e-06
Presolve  0
Threads  8

Optimize a model with 1 rows, 12 columns and 12 nonzeros (Min)
Model fingerprint: 0xdf5a3c90
Model has 12 linear objective coefficients
Model has 66 quadratic objective terms
Variable types: 0 continuous, 12 integer (12 binary)
Coefficient statistics:
  Matrix range     [1e+00, 1e+00]
  Objective range  [8e+00, 2e+01]
  QObjective range [7e-01, 8e+00]
  Bounds range     [1e+00, 1e+00]
  RHS range        [6e+00, 6e+00]
Found heuristic solution: objective 36.6122946
Variable types: 0 continuous, 78 integer (78 binary)

Root relaxation: objective -8.160139e-15, 12 iterations, 0.00 seconds (0.00 work units)

    Nodes    |    Current Node    |     Objective Bounds      |     Work
 Expl Unexpl |  Obj  Depth IntInf | Incumbent    BestBd   Gap | It/Node Time

     0     0   -0.00000    0   12   36.61229   -0.00000   100%     -    0s
H    0     0                      34.3817554   -0.00000   100%     -    0s
H    0     0                      31.6221951   -0.00000   100%     -    0s
H    0     0                      29.5526138   -0.00000   100%     -    0s
     0     0   17.18932    0   20   29.55261   17.18932  41.8%     -    0s
     0     0   17.43518    0   19   29.55261   17.43518  41.0%     -    0s
     0     0   22.95297    0   35   29.55261   22.95297  22.3%     -    0s
     0     0   24.28870    0   38   29.55261   24.28870  17.8%     -    0s
     0     0   24.31474    0   42   29.55261   24.31474  17.7%     -    0s
     0     0   26.61760    0   59   29.55261   26.61760  9.93%     -    0s
     0     0   26.62839    0   59   29.55261   26.62839  9.89%     -    0s
     0     2   26.62839    0   59   29.55261   26.62839  9.89%     -    0s

Cutting planes:
  Gomory: 3
  Cover: 2
  MIR: 19
  RLT: 9

Explored 66 nodes (1379 simplex iterations) in 0.04 seconds (0.02 work units)
Thread count was 8 (of 96 available processors)

Solution count 4: 29.5526 31.6222 34.3818 36.6123 

Optimal solution found (tolerance 1.00e-06)
Best objective 2.955261378249e+01, best bound 2.955261378249e+01, gap 0.0000%

User-callback calls 239, time in user-callback 0.00 sec
