
Gurobi 13.0.0 (linux64) logging started Tue Mar 31 15:06:57 2026

Set parameter LogFile to value "logs/N=12_layers=3_presolve_off/N=12/seed=30/n_qaoa_layers=3/precond_pen=0.200.log"
Set parameter MIPGap to value 1e-06
Set parameter Threads to value 8
Set parameter Presolve to value 0
Gurobi Optimizer version 13.0.0 build v13.0.0rc1 (linux64 - "Oracle Linux Server 9.7")

CPU model: AMD EPYC 7643 48-Core Processor, instruction set [SSE2|AVX|AVX2]
Thread count: 48 physical cores, 96 logical processors, using up to 8 threads

Non-default parameters:
MIPGap  1e-06
Presolve  0
Threads  8

Optimize a model with 1 rows, 12 columns and 12 nonzeros (Min)
Model fingerprint: 0xd86a680c
Model has 12 linear objective coefficients and an objective constant of -1.7632614511811003e+01
Model has 66 quadratic objective terms
Variable types: 0 continuous, 12 integer (12 binary)
Coefficient statistics:
  Matrix range     [1e+00, 1e+00]
  Objective range  [3e+00, 1e+01]
  QObjective range [1e-01, 7e+00]
  Bounds range     [1e+00, 1e+00]
  RHS range        [6e+00, 6e+00]
Found heuristic solution: objective 3.3004530
Variable types: 0 continuous, 78 integer (78 binary)

Root relaxation: objective -2.953560e+01, 6 iterations, 0.00 seconds (0.00 work units)

    Nodes    |    Current Node    |     Objective Bounds      |     Work
 Expl Unexpl |  Obj  Depth IntInf | Incumbent    BestBd   Gap | It/Node Time

     0     0  -29.53560    0   12    3.30045  -29.53560   995%     -    0s
H    0     0                      -3.8778631  -29.53560   662%     -    0s
H    0     0                      -4.1245015  -29.53560   616%     -    0s
H    0     0                      -8.8311813  -29.53560   234%     -    0s
     0     0  -10.78131    0   38   -8.83118  -10.78131  22.1%     -    0s
     0     0   -8.83118    0   37   -8.83118   -8.83118  0.00%     -    0s

Cutting planes:
  MIR: 6
  Zero half: 1
  RLT: 9
  BQP: 4

Explored 1 nodes (131 simplex iterations) in 0.01 seconds (0.00 work units)
Thread count was 8 (of 96 available processors)

Solution count 4: -8.83118 -4.1245 -3.87786 3.30045 
No other solutions better than -8.83118

Optimal solution found (tolerance 1.00e-06)
Best objective -8.831181278895e+00, best bound -8.831181278895e+00, gap 0.0000%

User-callback calls 72, time in user-callback 0.00 sec

Gurobi 13.0.0 (linux64) logging started Tue Mar 31 15:10:56 2026

Set parameter LogFile to value "logs/N=12_layers=3_presolve_off/N=12/seed=30/n_qaoa_layers=3/precond_pen=0.200.log"
Set parameter MIPGap to value 1e-06
Set parameter Threads to value 8
Set parameter Presolve to value 0
Gurobi Optimizer version 13.0.0 build v13.0.0rc1 (linux64 - "Oracle Linux Server 9.7")

CPU model: AMD EPYC 7643 48-Core Processor, instruction set [SSE2|AVX|AVX2]
Thread count: 48 physical cores, 96 logical processors, using up to 8 threads

Non-default parameters:
MIPGap  1e-06
Presolve  0
Threads  8

Optimize a model with 1 rows, 12 columns and 12 nonzeros (Min)
Model fingerprint: 0xd86a680c
Model has 12 linear objective coefficients and an objective constant of -1.7632614511811003e+01
Model has 66 quadratic objective terms
Variable types: 0 continuous, 12 integer (12 binary)
Coefficient statistics:
  Matrix range     [1e+00, 1e+00]
  Objective range  [3e+00, 1e+01]
  QObjective range [1e-01, 7e+00]
  Bounds range     [1e+00, 1e+00]
  RHS range        [6e+00, 6e+00]
Found heuristic solution: objective 3.3004530
Variable types: 0 continuous, 78 integer (78 binary)

Root relaxation: objective -2.953560e+01, 6 iterations, 0.00 seconds (0.00 work units)

    Nodes    |    Current Node    |     Objective Bounds      |     Work
 Expl Unexpl |  Obj  Depth IntInf | Incumbent    BestBd   Gap | It/Node Time

     0     0  -29.53560    0   12    3.30045  -29.53560   995%     -    0s
H    0     0                      -3.8778631  -29.53560   662%     -    0s
H    0     0                      -4.1245015  -29.53560   616%     -    0s
H    0     0                      -8.8311813  -29.53560   234%     -    0s
     0     0  -10.78131    0   38   -8.83118  -10.78131  22.1%     -    0s
     0     0   -8.83118    0   37   -8.83118   -8.83118  0.00%     -    0s

Cutting planes:
  MIR: 6
  Zero half: 1
  RLT: 9
  BQP: 4

Explored 1 nodes (131 simplex iterations) in 0.01 seconds (0.00 work units)
Thread count was 8 (of 96 available processors)

Solution count 4: -8.83118 -4.1245 -3.87786 3.30045 
No other solutions better than -8.83118

Optimal solution found (tolerance 1.00e-06)
Best objective -8.831181278895e+00, best bound -8.831181278895e+00, gap 0.0000%

User-callback calls 72, time in user-callback 0.00 sec
