
Gurobi 13.0.0 (linux64) logging started Tue Mar 31 15:12:37 2026

Set parameter LogFile to value "logs/N=16_layers=2_presolve_on/N=16/seed=24/n_qaoa_layers=2/precond_pen=0.600.log"
Set parameter MIPGap to value 1e-06
Set parameter Threads to value 8
Gurobi Optimizer version 13.0.0 build v13.0.0rc1 (linux64 - "Oracle Linux Server 9.7")

CPU model: AMD EPYC 7643 48-Core Processor, instruction set [SSE2|AVX|AVX2]
Thread count: 48 physical cores, 96 logical processors, using up to 8 threads

Non-default parameters:
MIPGap  1e-06
Threads  8

Optimize a model with 1 rows, 16 columns and 16 nonzeros (Min)
Model fingerprint: 0xffcbb5ea
Model has 16 linear objective coefficients and an objective constant of 6.1955003930419990e+00
Model has 120 quadratic objective terms
Variable types: 0 continuous, 16 integer (16 binary)
Coefficient statistics:
  Matrix range     [1e+00, 1e+00]
  Objective range  [1e+00, 2e+00]
  QObjective range [7e-03, 3e+00]
  Bounds range     [1e+00, 1e+00]
  RHS range        [8e+00, 8e+00]
Found heuristic solution: objective -0.8650075
Presolve time: 0.00s
Presolved: 121 rows, 136 columns, 376 nonzeros
Variable types: 0 continuous, 136 integer (136 binary)

Root relaxation: objective -1.442076e+01, 41 iterations, 0.00 seconds (0.00 work units)

    Nodes    |    Current Node    |     Objective Bounds      |     Work
 Expl Unexpl |  Obj  Depth IntInf | Incumbent    BestBd   Gap | It/Node Time

     0     0  -14.42076    0   16   -0.86501  -14.42076  1567%     -    0s
H    0     0                      -0.9452645  -14.42076  1426%     -    0s
H    0     0                      -5.7134427  -14.42076   152%     -    0s
H    0     0                      -5.7606733  -14.42076   150%     -    0s
H    0     0                      -6.0634350   -6.57127  8.38%     -    0s
     0     0   -6.57127    0   83   -6.06343   -6.57127  8.38%     -    0s

Cutting planes:
  Gomory: 13
  MIR: 80
  StrongCG: 4
  Flow cover: 1
  Zero half: 9
  RLT: 17
  BQP: 91

Explored 1 nodes (318 simplex iterations) in 0.03 seconds (0.02 work units)
Thread count was 8 (of 96 available processors)

Solution count 5: -6.06343 -5.76067 -5.71344 ... -0.865007
No other solutions better than -6.06343

Optimal solution found (tolerance 1.00e-06)
Best objective -6.063434992046e+00, best bound -6.063434992046e+00, gap 0.0000%

User-callback calls 173, time in user-callback 0.00 sec
