
Gurobi 13.0.0 (linux64) logging started Tue Mar 31 15:12:37 2026

Set parameter LogFile to value "logs/N=16_layers=2_presolve_on/N=16/seed=24/n_qaoa_layers=2/precond_pen=0.400.log"
Set parameter MIPGap to value 1e-06
Set parameter Threads to value 8
Gurobi Optimizer version 13.0.0 build v13.0.0rc1 (linux64 - "Oracle Linux Server 9.7")

CPU model: AMD EPYC 7643 48-Core Processor, instruction set [SSE2|AVX|AVX2]
Thread count: 48 physical cores, 96 logical processors, using up to 8 threads

Non-default parameters:
MIPGap  1e-06
Threads  8

Optimize a model with 1 rows, 16 columns and 16 nonzeros (Min)
Model fingerprint: 0xd08ce6b7
Model has 16 linear objective coefficients and an objective constant of 5.7229323019950016e+00
Model has 120 quadratic objective terms
Variable types: 0 continuous, 16 integer (16 binary)
Coefficient statistics:
  Matrix range     [1e+00, 1e+00]
  Objective range  [8e-01, 2e+00]
  QObjective range [2e-02, 4e+00]
  Bounds range     [1e+00, 1e+00]
  RHS range        [8e+00, 8e+00]
Found heuristic solution: objective -1.1126282
Presolve time: 0.00s
Presolved: 121 rows, 136 columns, 376 nonzeros
Variable types: 0 continuous, 136 integer (136 binary)

Root relaxation: objective -2.098787e+01, 16 iterations, 0.00 seconds (0.00 work units)

    Nodes    |    Current Node    |     Objective Bounds      |     Work
 Expl Unexpl |  Obj  Depth IntInf | Incumbent    BestBd   Gap | It/Node Time

     0     0  -20.98787    0   16   -1.11263  -20.98787  1786%     -    0s
H    0     0                      -1.2326409  -20.98787  1603%     -    0s
H    0     0                      -6.0007489  -20.98787   250%     -    0s
H    0     0                      -9.8882385  -20.98787   112%     -    0s
     0     0  -10.90069    0   89   -9.88824  -10.90069  10.2%     -    0s

Cutting planes:
  Gomory: 11
  MIR: 19
  Zero half: 16
  RLT: 15
  BQP: 80

Explored 1 nodes (254 simplex iterations) in 0.02 seconds (0.02 work units)
Thread count was 8 (of 96 available processors)

Solution count 4: -9.88824 -6.00075 -1.23264 -1.11263 
No other solutions better than -9.88824

Optimal solution found (tolerance 1.00e-06)
Best objective -9.888238526425e+00, best bound -9.888238526425e+00, gap 0.0000%

User-callback calls 170, time in user-callback 0.00 sec
