
Gurobi 13.0.0 (linux64) logging started Tue Mar 31 15:12:37 2026

Set parameter LogFile to value "logs/N=16_layers=2_presolve_on/N=16/seed=24/n_qaoa_layers=2/precond_pen=0.800.log"
Set parameter MIPGap to value 1e-06
Set parameter Threads to value 8
Gurobi Optimizer version 13.0.0 build v13.0.0rc1 (linux64 - "Oracle Linux Server 9.7")

CPU model: AMD EPYC 7643 48-Core Processor, instruction set [SSE2|AVX|AVX2]
Thread count: 48 physical cores, 96 logical processors, using up to 8 threads

Non-default parameters:
MIPGap  1e-06
Threads  8

Optimize a model with 1 rows, 16 columns and 16 nonzeros (Min)
Model fingerprint: 0xe7a8d76e
Model has 16 linear objective coefficients and an objective constant of 6.5735430948400024e+00
Model has 120 quadratic objective terms
Variable types: 0 continuous, 16 integer (16 binary)
Coefficient statistics:
  Matrix range     [1e+00, 1e+00]
  Objective range  [1e+00, 2e+00]
  QObjective range [4e-03, 2e+00]
  Bounds range     [1e+00, 1e+00]
  RHS range        [8e+00, 8e+00]
Found heuristic solution: objective -0.7051376
Presolve time: 0.00s
Presolved: 121 rows, 136 columns, 376 nonzeros
Variable types: 0 continuous, 136 integer (136 binary)

Root relaxation: objective -9.898187e+00, 37 iterations, 0.00 seconds (0.00 work units)

    Nodes    |    Current Node    |     Objective Bounds      |     Work
 Expl Unexpl |  Obj  Depth IntInf | Incumbent    BestBd   Gap | It/Node Time

     0     0   -9.89819    0   16   -0.70514   -9.89819  1304%     -    0s
H    0     0                      -1.4588610   -9.89819   578%     -    0s
H    0     0                      -2.5161593   -9.89819   293%     -    0s
H    0     0                      -3.4339584   -9.89819   188%     -    0s
H    0     0                      -3.6595781   -9.89819   170%     -    0s
H    0     0                      -3.6794785   -7.53219   105%     -    0s
     0     0   -4.07423    0   85   -3.67948   -4.07423  10.7%     -    0s
H    0     0                      -3.8332034   -3.85802  0.65%     -    0s
     0     0   -3.83320    0  114   -3.83320   -3.83320  0.00%     -    0s

Cutting planes:
  Gomory: 16
  MIR: 54
  Zero half: 13
  RLT: 22
  BQP: 95

Explored 1 nodes (441 simplex iterations) in 0.03 seconds (0.03 work units)
Thread count was 8 (of 96 available processors)

Solution count 7: -3.8332 -3.67948 -3.65958 ... -0.705138
No other solutions better than -3.8332

Optimal solution found (tolerance 1.00e-06)
Best objective -3.833203360884e+00, best bound -3.833203360884e+00, gap 0.0000%

User-callback calls 181, time in user-callback 0.00 sec
