
Gurobi 13.0.0 (linux64) logging started Sun May  3 10:58:37 2026

Set parameter LogFile to value "logs/N=16_layers=2_presolve_on/N=16/seed=42/quantum_layers=2/precond_pen=0.400.log"
Set parameter MIPGap to value 1e-06
Set parameter Threads to value 8
Gurobi Optimizer version 13.0.0 build v13.0.0rc1 (linux64 - "Oracle Linux Server 9.7")

CPU model: AMD EPYC 7643 48-Core Processor, instruction set [SSE2|AVX|AVX2]
Thread count: 48 physical cores, 96 logical processors, using up to 8 threads

Non-default parameters:
MIPGap  1e-06
Threads  8

Optimize a model with 1 rows, 16 columns and 16 nonzeros (Min)
Model fingerprint: 0xb42c36b4
Model has 16 linear objective coefficients and an objective constant of 5.5359933834889983e+00
Model has 120 quadratic objective terms
Variable types: 0 continuous, 16 integer (16 binary)
Coefficient statistics:
  Matrix range     [1e+00, 1e+00]
  Objective range  [5e-01, 2e+00]
  QObjective range [3e-02, 4e+00]
  Bounds range     [1e+00, 1e+00]
  RHS range        [8e+00, 8e+00]
Found heuristic solution: objective -5.9108563
Presolve time: 0.00s
Presolved: 121 rows, 136 columns, 376 nonzeros
Variable types: 0 continuous, 136 integer (136 binary)

Root relaxation: objective -2.215049e+01, 17 iterations, 0.00 seconds (0.00 work units)

    Nodes    |    Current Node    |     Objective Bounds      |     Work
 Expl Unexpl |  Obj  Depth IntInf | Incumbent    BestBd   Gap | It/Node Time

     0     0  -22.15049    0   16   -5.91086  -22.15049   275%     -    0s
H    0     0                     -10.4456302  -22.15049   112%     -    0s
H    0     0                     -11.4443179  -22.15049  93.6%     -    0s
     0     0  -13.27139    0   58  -11.44432  -13.27139  16.0%     -    0s

Cutting planes:
  Gomory: 12
  MIR: 84
  StrongCG: 1
  Zero half: 34
  RLT: 24
  BQP: 103

Explored 1 nodes (162 simplex iterations) in 0.03 seconds (0.02 work units)
Thread count was 8 (of 96 available processors)

Solution count 3: -11.4443 -10.4456 -5.91086 
No other solutions better than -11.4443

Optimal solution found (tolerance 1.00e-06)
Best objective -1.144431789481e+01, best bound -1.144431789481e+01, gap 0.0000%

User-callback calls 168, time in user-callback 0.00 sec
