
Gurobi 13.0.0 (linux64) logging started Sun May  3 10:58:37 2026

Set parameter LogFile to value "logs/N=16_layers=2_presolve_on/N=16/seed=42/quantum_layers=2/precond_pen=0.200.log"
Set parameter MIPGap to value 1e-06
Set parameter Threads to value 8
Gurobi Optimizer version 13.0.0 build v13.0.0rc1 (linux64 - "Oracle Linux Server 9.7")

CPU model: AMD EPYC 7643 48-Core Processor, instruction set [SSE2|AVX|AVX2]
Thread count: 48 physical cores, 96 logical processors, using up to 8 threads

Non-default parameters:
MIPGap  1e-06
Threads  8

Optimize a model with 1 rows, 16 columns and 16 nonzeros (Min)
Model fingerprint: 0x44bd57ca
Model has 16 linear objective coefficients and an objective constant of -1.5467137713567995e+01
Model has 120 quadratic objective terms
Variable types: 0 continuous, 16 integer (16 binary)
Coefficient statistics:
  Matrix range     [1e+00, 1e+00]
  Objective range  [3e-01, 8e+00]
  QObjective range [2e-03, 5e+00]
  Bounds range     [1e+00, 1e+00]
  RHS range        [8e+00, 8e+00]
Found heuristic solution: objective -3.8079273
Presolve time: 0.00s
Presolved: 121 rows, 136 columns, 376 nonzeros
Variable types: 0 continuous, 136 integer (136 binary)

Root relaxation: objective -2.777354e+01, 25 iterations, 0.00 seconds (0.00 work units)

    Nodes    |    Current Node    |     Objective Bounds      |     Work
 Expl Unexpl |  Obj  Depth IntInf | Incumbent    BestBd   Gap | It/Node Time

     0     0  -27.77354    0   16   -3.80793  -27.77354   629%     -    0s
H    0     0                     -10.5493875  -27.77354   163%     -    0s
H    0     0                     -11.7538795  -27.77354   136%     -    0s
     0     0  -16.50122    0   65  -11.75388  -16.50122  40.4%     -    0s
     0     0  -11.75388    0   87  -11.75388  -11.75388  0.00%     -    0s

Cutting planes:
  Gomory: 12
  Dual implied bound: 9
  MIR: 56
  Zero half: 18
  RLT: 26
  BQP: 59

Explored 1 nodes (326 simplex iterations) in 0.03 seconds (0.02 work units)
Thread count was 8 (of 96 available processors)

Solution count 3: -11.7539 -10.5494 -3.80793 
No other solutions better than -11.7539

Optimal solution found (tolerance 1.00e-06)
Best objective -1.175387951866e+01, best bound -1.175387951866e+01, gap 0.0000%

User-callback calls 175, time in user-callback 0.00 sec
