
Gurobi 13.0.0 (linux64) logging started Sun May  3 10:58:41 2026

Set parameter LogFile to value "logs/N=16_layers=2_presolve_off/N=16/seed=4/quantum_layers=2/baseline.log"
Set parameter MIPGap to value 1e-06
Set parameter Threads to value 8
Set parameter Presolve to value 0
Gurobi Optimizer version 13.0.0 build v13.0.0rc1 (linux64 - "Oracle Linux Server 9.7")

CPU model: AMD EPYC 7643 48-Core Processor, instruction set [SSE2|AVX|AVX2]
Thread count: 48 physical cores, 96 logical processors, using up to 8 threads

Non-default parameters:
MIPGap  1e-06
Presolve  0
Threads  8

Optimize a model with 1 rows, 16 columns and 16 nonzeros (Min)
Model fingerprint: 0xf548cc75
Model has 16 linear objective coefficients and an objective constant of 9.9809049913801573e-13
Model has 120 quadratic objective terms
Variable types: 0 continuous, 16 integer (16 binary)
Coefficient statistics:
  Matrix range     [1e+00, 1e+00]
  Objective range  [1e+01, 2e+01]
  QObjective range [7e-02, 8e+00]
  Bounds range     [1e+00, 1e+00]
  RHS range        [8e+00, 8e+00]
Found heuristic solution: objective 68.7627304
Variable types: 0 continuous, 136 integer (136 binary)

Root relaxation: objective 9.980905e-13, 9 iterations, 0.00 seconds (0.00 work units)

    Nodes    |    Current Node    |     Objective Bounds      |     Work
 Expl Unexpl |  Obj  Depth IntInf | Incumbent    BestBd   Gap | It/Node Time

     0     0    0.00000    0   16   68.76273    0.00000   100%     -    0s
H    0     0                      64.9377415    0.00000   100%     -    0s
H    0     0                      64.7557711    0.00000   100%     -    0s
H    0     0                      55.1226353    0.00000   100%     -    0s
     0     0   27.76529    0   16   55.12264   27.76529  49.6%     -    0s
     0     0   28.86994    0   30   55.12264   28.86994  47.6%     -    0s
     0     0   28.97775    0   29   55.12264   28.97775  47.4%     -    0s
     0     0   36.18728    0   57   55.12264   36.18728  34.4%     -    0s
     0     0   36.27078    0   57   55.12264   36.27078  34.2%     -    0s
     0     2   36.52783    0   57   55.12264   36.52783  33.7%     -    0s

Cutting planes:
  Gomory: 4
  Cover: 1
  MIR: 18
  RLT: 12

Explored 287 nodes (8123 simplex iterations) in 0.08 seconds (0.07 work units)
Thread count was 8 (of 96 available processors)

Solution count 4: 55.1226 64.7558 64.9377 68.7627 

Optimal solution found (tolerance 1.00e-06)
Best objective 5.512263528921e+01, best bound 5.512263528921e+01, gap 0.0000%

User-callback calls 688, time in user-callback 0.00 sec
