
Gurobi 13.0.0 (linux64) logging started Sun May  3 11:06:38 2026

Set parameter LogFile to value "logs/N=12_layers=2_presolve_on/N=12/seed=46/quantum_layers=2/precond_pen=1.000.log"
Set parameter MIPGap to value 1e-06
Set parameter Threads to value 8
Gurobi Optimizer version 13.0.0 build v13.0.0rc1 (linux64 - "Oracle Linux Server 9.7")

CPU model: AMD EPYC 7643 48-Core Processor, instruction set [SSE2|AVX|AVX2]
Thread count: 48 physical cores, 96 logical processors, using up to 8 threads

Non-default parameters:
MIPGap  1e-06
Threads  8

Optimize a model with 1 rows, 12 columns and 12 nonzeros (Min)
Model fingerprint: 0x2bcc3394
Model has 12 linear objective coefficients and an objective constant of 5.3873858650510007e+00
Model has 66 quadratic objective terms
Variable types: 0 continuous, 12 integer (12 binary)
Coefficient statistics:
  Matrix range     [1e+00, 1e+00]
  Objective range  [2e+00, 2e+00]
  QObjective range [6e-03, 1e+00]
  Bounds range     [1e+00, 1e+00]
  RHS range        [6e+00, 6e+00]
Found heuristic solution: objective -0.6071605
Presolve time: 0.00s
Presolved: 67 rows, 78 columns, 210 nonzeros
Variable types: 0 continuous, 78 integer (78 binary)

Root relaxation: objective -5.388891e+00, 31 iterations, 0.00 seconds (0.00 work units)

    Nodes    |    Current Node    |     Objective Bounds      |     Work
 Expl Unexpl |  Obj  Depth IntInf | Incumbent    BestBd   Gap | It/Node Time

     0     0   -5.38889    0   12   -0.60716   -5.38889   788%     -    0s
H    0     0                      -1.4186195   -5.38889   280%     -    0s
H    0     0                      -1.7692516   -5.38889   205%     -    0s
     0     0     cutoff    0        -1.76925   -1.76925  0.00%     -    0s

Cutting planes:
  Gomory: 1
  MIR: 43
  Zero half: 24
  RLT: 25
  BQP: 144

Explored 1 nodes (218 simplex iterations) in 0.01 seconds (0.01 work units)
Thread count was 8 (of 96 available processors)

Solution count 3: -1.76925 -1.41862 -0.60716 
No other solutions better than -1.76925

Optimal solution found (tolerance 1.00e-06)
Best objective -1.769251584035e+00, best bound -1.769251584035e+00, gap 0.0000%

User-callback calls 161, time in user-callback 0.00 sec
