
Gurobi 13.0.0 (linux64) logging started Sun May  3 11:04:19 2026

Set parameter LogFile to value "logs/N=12_layers=1_presolve_on/N=12/seed=20/quantum_layers=1/precond_pen=0.500.log"
Set parameter MIPGap to value 1e-06
Set parameter Threads to value 8
Gurobi Optimizer version 13.0.0 build v13.0.0rc1 (linux64 - "Oracle Linux Server 9.7")

CPU model: AMD EPYC 7643 48-Core Processor, instruction set [SSE2|AVX|AVX2]
Thread count: 48 physical cores, 96 logical processors, using up to 8 threads

Non-default parameters:
MIPGap  1e-06
Threads  8

Optimize a model with 1 rows, 12 columns and 12 nonzeros (Min)
Model fingerprint: 0x5b9833ea
Model has 12 linear objective coefficients and an objective constant of 4.7297222328090012e+00
Model has 66 quadratic objective terms
Variable types: 0 continuous, 12 integer (12 binary)
Coefficient statistics:
  Matrix range     [1e+00, 1e+00]
  Objective range  [1e+00, 2e+00]
  QObjective range [4e-02, 1e+00]
  Bounds range     [1e+00, 1e+00]
  RHS range        [6e+00, 6e+00]
Found heuristic solution: objective 0.3200074
Presolve time: 0.00s
Presolved: 67 rows, 78 columns, 210 nonzeros
Variable types: 0 continuous, 78 integer (78 binary)

Root relaxation: objective -5.534851e+00, 15 iterations, 0.00 seconds (0.00 work units)

    Nodes    |    Current Node    |     Objective Bounds      |     Work
 Expl Unexpl |  Obj  Depth IntInf | Incumbent    BestBd   Gap | It/Node Time

     0     0   -5.53485    0   12    0.32001   -5.53485  1830%     -    0s
H    0     0                      -1.2063170   -5.53485   359%     -    0s
H    0     0                      -1.3481939   -5.53485   311%     -    0s
H    0     0                      -1.4369340   -5.53485   285%     -    0s
H    0     0                      -2.2107016   -5.53485   150%     -    0s
     0     0     cutoff    0        -2.21070   -2.21070  0.00%     -    0s

Cutting planes:
  Gomory: 1
  MIR: 27
  Zero half: 20
  RLT: 27
  BQP: 84

Explored 1 nodes (150 simplex iterations) in 0.01 seconds (0.00 work units)
Thread count was 8 (of 96 available processors)

Solution count 5: -2.2107 -1.43693 -1.34819 ... 0.320007
No other solutions better than -2.2107

Optimal solution found (tolerance 1.00e-06)
Best objective -2.210701551501e+00, best bound -2.210701551501e+00, gap 0.0000%

User-callback calls 166, time in user-callback 0.00 sec
