
Gurobi 13.0.0 (linux64) logging started Sun May  3 11:08:57 2026

Set parameter LogFile to value "logs/N=12_layers=3_presolve_off/N=12/seed=9/quantum_layers=3/precond_pen=1.000.log"
Set parameter MIPGap to value 1e-06
Set parameter Threads to value 8
Set parameter Presolve to value 0
Gurobi Optimizer version 13.0.0 build v13.0.0rc1 (linux64 - "Oracle Linux Server 9.7")

CPU model: AMD EPYC 7643 48-Core Processor, instruction set [SSE2|AVX|AVX2]
Thread count: 48 physical cores, 96 logical processors, using up to 8 threads

Non-default parameters:
MIPGap  1e-06
Presolve  0
Threads  8

Optimize a model with 1 rows, 12 columns and 12 nonzeros (Min)
Model fingerprint: 0xea041a15
Model has 12 linear objective coefficients and an objective constant of 5.357159069457
Model has 66 quadratic objective terms
Variable types: 0 continuous, 12 integer (12 binary)
Coefficient statistics:
  Matrix range     [1e+00, 1e+00]
  Objective range  [2e+00, 2e+00]
  QObjective range [4e-02, 2e+00]
  Bounds range     [1e+00, 1e+00]
  RHS range        [6e+00, 6e+00]
Found heuristic solution: objective -0.3507879
Variable types: 0 continuous, 78 integer (78 binary)

Root relaxation: objective -7.213615e+00, 15 iterations, 0.00 seconds (0.00 work units)

    Nodes    |    Current Node    |     Objective Bounds      |     Work
 Expl Unexpl |  Obj  Depth IntInf | Incumbent    BestBd   Gap | It/Node Time

     0     0   -7.21362    0   12   -0.35079   -7.21362  1956%     -    0s
H    0     0                      -2.7238388   -7.21362   165%     -    0s
H    0     0                      -4.0610689   -7.21362  77.6%     -    0s

Cutting planes:
  Gomory: 1
  MIR: 17
  Zero half: 17
  RLT: 15
  BQP: 64

Explored 1 nodes (15 simplex iterations) in 0.01 seconds (0.00 work units)
Thread count was 8 (of 96 available processors)

Solution count 3: -4.06107 -2.72384 -0.350788 
No other solutions better than -4.06107

Optimal solution found (tolerance 1.00e-06)
Best objective -4.061068902561e+00, best bound -4.061068902561e+00, gap 0.0000%

User-callback calls 62, time in user-callback 0.00 sec
