
Gurobi 13.0.0 (linux64) logging started Tue Mar 31 15:12:52 2026

Set parameter LogFile to value "logs/N=16_layers=2_presolve_off/N=16/seed=24/n_qaoa_layers=2/precond_pen=0.700.log"
Set parameter MIPGap to value 1e-06
Set parameter Threads to value 8
Set parameter Presolve to value 0
Gurobi Optimizer version 13.0.0 build v13.0.0rc1 (linux64 - "Oracle Linux Server 9.7")

CPU model: AMD EPYC 7643 48-Core Processor, instruction set [SSE2|AVX|AVX2]
Thread count: 48 physical cores, 96 logical processors, using up to 8 threads

Non-default parameters:
MIPGap  1e-06
Presolve  0
Threads  8

Optimize a model with 1 rows, 16 columns and 16 nonzeros (Min)
Model fingerprint: 0xf7a4b16b
Model has 16 linear objective coefficients and an objective constant of 6.4044666728850013e+00
Model has 120 quadratic objective terms
Variable types: 0 continuous, 16 integer (16 binary)
Coefficient statistics:
  Matrix range     [1e+00, 1e+00]
  Objective range  [1e+00, 2e+00]
  QObjective range [1e-02, 2e+00]
  Bounds range     [1e+00, 1e+00]
  RHS range        [8e+00, 8e+00]
Found heuristic solution: objective -0.7734029
Variable types: 0 continuous, 136 integer (136 binary)

Root relaxation: objective -1.185624e+01, 47 iterations, 0.00 seconds (0.00 work units)

    Nodes    |    Current Node    |     Objective Bounds      |     Work
 Expl Unexpl |  Obj  Depth IntInf | Incumbent    BestBd   Gap | It/Node Time

     0     0  -11.85624    0   16   -0.77340  -11.85624  1433%     -    0s
H    0     0                      -0.7918025  -11.85624  1397%     -    0s
H    0     0                      -1.7684622  -11.85624   570%     -    0s
H    0     0                      -1.9908544  -11.85624   496%     -    0s
H    0     0                      -4.3968115  -11.85624   170%     -    0s
     0     0   -5.09164    0   84   -4.39681   -5.09164  15.8%     -    0s
H    0     0                      -4.5586086   -5.09164  11.7%     -    0s
H    0     0                      -4.7734882   -5.09164  6.66%     -    0s
     0     0   -4.77349    0  116   -4.77349   -4.77349  0.00%     -    0s

Cutting planes:
  Gomory: 4
  MIR: 38
  StrongCG: 1
  Zero half: 8
  RLT: 20
  BQP: 91

Explored 1 nodes (365 simplex iterations) in 0.03 seconds (0.02 work units)
Thread count was 8 (of 96 available processors)

Solution count 7: -4.77349 -4.55861 -4.39681 ... -0.773403
No other solutions better than -4.77349

Optimal solution found (tolerance 1.00e-06)
Best objective -4.773488157713e+00, best bound -4.773488157713e+00, gap 0.0000%

User-callback calls 88, time in user-callback 0.00 sec
