
Gurobi 13.0.0 (linux64) logging started Sun May  3 10:54:18 2026

Set parameter LogFile to value "logs/N=16_layers=1_presolve_off/N=16/seed=18/quantum_layers=1/precond_pen=0.500.log"
Set parameter MIPGap to value 1e-06
Set parameter Threads to value 8
Set parameter Presolve to value 0
Gurobi Optimizer version 13.0.0 build v13.0.0rc1 (linux64 - "Oracle Linux Server 9.7")

CPU model: AMD EPYC 7643 48-Core Processor, instruction set [SSE2|AVX|AVX2]
Thread count: 48 physical cores, 96 logical processors, using up to 8 threads

Non-default parameters:
MIPGap  1e-06
Presolve  0
Threads  8

Optimize a model with 1 rows, 16 columns and 16 nonzeros (Min)
Model fingerprint: 0x4468479d
Model has 16 linear objective coefficients and an objective constant of 6.3647366910690035e+00
Model has 120 quadratic objective terms
Variable types: 0 continuous, 16 integer (16 binary)
Coefficient statistics:
  Matrix range     [1e+00, 1e+00]
  Objective range  [1e+00, 2e+00]
  QObjective range [8e-03, 1e+00]
  Bounds range     [1e+00, 1e+00]
  RHS range        [8e+00, 8e+00]
Found heuristic solution: objective -1.4435838
Variable types: 0 continuous, 136 integer (136 binary)

Root relaxation: objective -8.089048e+00, 49 iterations, 0.00 seconds (0.00 work units)

    Nodes    |    Current Node    |     Objective Bounds      |     Work
 Expl Unexpl |  Obj  Depth IntInf | Incumbent    BestBd   Gap | It/Node Time

     0     0   -8.08905    0   16   -1.44358   -8.08905   460%     -    0s
H    0     0                      -1.7192619   -8.08905   370%     -    0s
H    0     0                      -3.2338210   -8.08905   150%     -    0s
     0     0   -3.25616    0   71   -3.23382   -3.25616  0.69%     -    0s
     0     0     cutoff    0        -3.23382   -3.23382  0.00%     -    0s

Cutting planes:
  Gomory: 1
  MIR: 59
  Zero half: 30
  RLT: 47
  BQP: 206

Explored 1 nodes (327 simplex iterations) in 0.02 seconds (0.01 work units)
Thread count was 8 (of 96 available processors)

Solution count 3: -3.23382 -1.71926 -1.44358 
No other solutions better than -3.23382

Optimal solution found (tolerance 1.00e-06)
Best objective -3.233821008143e+00, best bound -3.233821008143e+00, gap 0.0000%

User-callback calls 71, time in user-callback 0.00 sec
