
Gurobi 13.0.0 (linux64) logging started Sun May  3 10:53:50 2026

Set parameter LogFile to value "logs/N=16_layers=1_presolve_on/N=16/seed=21/quantum_layers=1/precond_pen=1.000.log"
Set parameter MIPGap to value 1e-06
Set parameter Threads to value 8
Gurobi Optimizer version 13.0.0 build v13.0.0rc1 (linux64 - "Oracle Linux Server 9.7")

CPU model: AMD EPYC 7643 48-Core Processor, instruction set [SSE2|AVX|AVX2]
Thread count: 48 physical cores, 96 logical processors, using up to 8 threads

Non-default parameters:
MIPGap  1e-06
Threads  8

Optimize a model with 1 rows, 16 columns and 16 nonzeros (Min)
Model fingerprint: 0x953ebf1c
Model has 16 linear objective coefficients and an objective constant of 6.772891103159
Model has 120 quadratic objective terms
Variable types: 0 continuous, 16 integer (16 binary)
Coefficient statistics:
  Matrix range     [1e+00, 1e+00]
  Objective range  [2e+00, 2e+00]
  QObjective range [2e-01, 8e-01]
  Bounds range     [1e+00, 1e+00]
  RHS range        [8e+00, 8e+00]
Found heuristic solution: objective -0.6640736
Presolve time: 0.00s
Presolved: 121 rows, 136 columns, 376 nonzeros
Variable types: 0 continuous, 136 integer (136 binary)

Root relaxation: objective -6.772891e+00, 32 iterations, 0.00 seconds (0.00 work units)

    Nodes    |    Current Node    |     Objective Bounds      |     Work
 Expl Unexpl |  Obj  Depth IntInf | Incumbent    BestBd   Gap | It/Node Time

     0     0   -6.77289    0   16   -0.66407   -6.77289   920%     -    0s
H    0     0                      -0.8232676   -6.77289   723%     -    0s
H    0     0                      -1.1217147   -6.77289   504%     -    0s
     0     0   -1.37177    0  116   -1.12171   -1.37177  22.3%     -    0s
     0     0   -1.28250    0  111   -1.12171   -1.28250  14.3%     -    0s
     0     0   -1.28250    0  111   -1.12171   -1.28250  14.3%     -    0s
     0     0   -1.28250    0  111   -1.12171   -1.28250  14.3%     -    0s
H    0     0                      -1.1672871   -1.28250  9.87%     -    0s
     0     2   -1.28250    0  111   -1.16729   -1.28250  9.87%     -    0s
*    5     4               2      -1.1696901   -1.22969  5.13%   100    0s

Cutting planes:
  Gomory: 2
  Dual implied bound: 7
  MIR: 50
  StrongCG: 6
  Zero half: 10
  RLT: 25
  BQP: 217

Explored 13 nodes (1565 simplex iterations) in 0.13 seconds (0.11 work units)
Thread count was 8 (of 96 available processors)

Solution count 5: -1.16969 -1.16729 -1.12171 ... -0.664074
No other solutions better than -1.16969

Optimal solution found (tolerance 1.00e-06)
Best objective -1.169690120687e+00, best bound -1.169690120687e+00, gap 0.0000%

User-callback calls 233, time in user-callback 0.00 sec
