
Gurobi 13.0.0 (linux64) logging started Sun Mar 22 16:50:45 2026

Set parameter LogFile to value "logs/N=12_presolve_off/N=12/seed=11/n_qaoa_layers=1/precond_pen=0.500.log"
Set parameter MIPGap to value 1e-06
Set parameter Threads to value 8
Set parameter Presolve to value 0
Gurobi Optimizer version 13.0.0 build v13.0.0rc1 (linux64 - "Oracle Linux Server 9.7")

CPU model: AMD EPYC 7643 48-Core Processor, instruction set [SSE2|AVX|AVX2]
Thread count: 48 physical cores, 96 logical processors, using up to 8 threads

Non-default parameters:
MIPGap  1e-06
Presolve  0
Threads  8

Optimize a model with 1 rows, 12 columns and 12 nonzeros (Min)
Model fingerprint: 0x51d1db05
Model has 12 linear objective coefficients and an objective constant of 4.7123231262640006e+00
Model has 66 quadratic objective terms
Variable types: 0 continuous, 12 integer (12 binary)
Coefficient statistics:
  Matrix range     [1e+00, 1e+00]
  Objective range  [1e+00, 2e+00]
  QObjective range [3e-02, 1e+00]
  Bounds range     [1e+00, 1e+00]
  RHS range        [6e+00, 6e+00]
Found heuristic solution: objective 0.5320053
Variable types: 0 continuous, 78 integer (78 binary)

Root relaxation: objective -5.643106e+00, 15 iterations, 0.00 seconds (0.00 work units)

    Nodes    |    Current Node    |     Objective Bounds      |     Work
 Expl Unexpl |  Obj  Depth IntInf | Incumbent    BestBd   Gap | It/Node Time

     0     0   -5.64311    0   12    0.53201   -5.64311  1161%     -    0s
H    0     0                      -0.3941488   -5.64311  1332%     -    0s
H    0     0                      -0.6689119   -5.64311   744%     -    0s
H    0     0                      -0.8822385   -5.64311   540%     -    0s
H    0     0                      -1.8436468   -5.64311   206%     -    0s
H    0     0                      -1.9315980   -1.99257  3.16%     -    0s
     0     0   -1.99257    0   63   -1.93160   -1.99257  3.16%     -    0s

Cutting planes:
  Gomory: 3
  MIR: 28
  Zero half: 4
  RLT: 20
  BQP: 51

Explored 1 nodes (192 simplex iterations) in 0.02 seconds (0.01 work units)
Thread count was 8 (of 96 available processors)

Solution count 6: -1.9316 -1.84365 -0.882239 ... 0.532005
No other solutions better than -1.9316

Optimal solution found (tolerance 1.00e-06)
Best objective -1.931598038228e+00, best bound -1.931598038228e+00, gap 0.0000%

User-callback calls 77, time in user-callback 0.00 sec
