
Gurobi 13.0.0 (linux64) logging started Tue Mar 31 15:28:17 2026

Set parameter LogFile to value "logs/N=24_layers=3_presolve_off/N=24/seed=15/n_qaoa_layers=3/baseline.log"
Set parameter MIPGap to value 1e-06
Set parameter Threads to value 8
Set parameter Presolve to value 0
Gurobi Optimizer version 13.0.0 build v13.0.0rc1 (linux64 - "Oracle Linux Server 9.7")

CPU model: AMD EPYC 7643 48-Core Processor, instruction set [SSE2|AVX|AVX2]
Thread count: 48 physical cores, 96 logical processors, using up to 8 threads

Non-default parameters:
MIPGap  1e-06
Presolve  0
Threads  8

Optimize a model with 1 rows, 24 columns and 24 nonzeros (Min)
Model fingerprint: 0x5c634a5b
Model has 24 linear objective coefficients and an objective constant of -3.8995473516934e-12
Model has 276 quadratic objective terms
Variable types: 0 continuous, 24 integer (24 binary)
Coefficient statistics:
  Matrix range     [1e+00, 1e+00]
  Objective range  [2e+01, 3e+01]
  QObjective range [7e-02, 8e+00]
  Bounds range     [1e+00, 1e+00]
  RHS range        [1e+01, 1e+01]
Found heuristic solution: objective 152.8492709
Variable types: 0 continuous, 300 integer (300 binary)

Root relaxation: objective -3.901324e-12, 14 iterations, 0.00 seconds (0.00 work units)

    Nodes    |    Current Node    |     Objective Bounds      |     Work
 Expl Unexpl |  Obj  Depth IntInf | Incumbent    BestBd   Gap | It/Node Time

     0     0   -0.00000    0   24  152.84927   -0.00000   100%     -    0s
H    0     0                     149.1990433   -0.00000   100%     -    0s
H    0     0                     148.2770488   -0.00000   100%     -    0s
H    0     0                     133.5833711   -0.00000   100%     -    0s
     0     0   63.16509    0   24  133.58337   63.16509  52.7%     -    0s
     0     0   64.08188    0   35  133.58337   64.08188  52.0%     -    0s
     0     0   74.99287    0   65  133.58337   74.99287  43.9%     -    0s
     0     0   75.22461    0   65  133.58337   75.22461  43.7%     -    0s
     0     2   75.83200    0   65  133.58337   75.83200  43.2%     -    0s
* 1222   505              17     132.9408318  110.33853  17.0%  55.9    0s

Cutting planes:
  Gomory: 1
  MIR: 36
  StrongCG: 1
  RLT: 21

Explored 9902 nodes (408561 simplex iterations) in 1.68 seconds (2.88 work units)
Thread count was 8 (of 96 available processors)

Solution count 5: 132.941 133.583 148.277 ... 152.849

Optimal solution found (tolerance 1.00e-06)
Best objective 1.329408317571e+02, best bound 1.329408317571e+02, gap 0.0000%

User-callback calls 20131, time in user-callback 0.01 sec
