
Gurobi 13.0.0 (linux64) logging started Tue Mar 31 15:28:18 2026

Set parameter LogFile to value "logs/N=24_layers=3_presolve_off/N=24/seed=15/n_qaoa_layers=3/precond_pen=0.200.log"
Set parameter MIPGap to value 1e-06
Set parameter Threads to value 8
Set parameter Presolve to value 0
Gurobi Optimizer version 13.0.0 build v13.0.0rc1 (linux64 - "Oracle Linux Server 9.7")

CPU model: AMD EPYC 7643 48-Core Processor, instruction set [SSE2|AVX|AVX2]
Thread count: 48 physical cores, 96 logical processors, using up to 8 threads

Non-default parameters:
MIPGap  1e-06
Presolve  0
Threads  8

Optimize a model with 1 rows, 24 columns and 24 nonzeros (Min)
Model fingerprint: 0x43a613c9
Model has 24 linear objective coefficients and an objective constant of -1.1042426723957404e+02
Model has 276 quadratic objective terms
Variable types: 0 continuous, 24 integer (24 binary)
Coefficient statistics:
  Matrix range     [1e+00, 1e+00]
  Objective range  [3e+00, 2e+01]
  QObjective range [1e-02, 5e+00]
  Bounds range     [1e+00, 1e+00]
  RHS range        [1e+01, 1e+01]
Found heuristic solution: objective 4.9616889
Variable types: 0 continuous, 300 integer (300 binary)

Root relaxation: objective -1.116277e+02, 18 iterations, 0.00 seconds (0.00 work units)

    Nodes    |    Current Node    |     Objective Bounds      |     Work
 Expl Unexpl |  Obj  Depth IntInf | Incumbent    BestBd   Gap | It/Node Time

     0     0 -111.62775    0   24    4.96169 -111.62775  2350%     -    0s
H    0     0                       4.1947015 -111.62775  2761%     -    0s
H    0     0                      -9.3871422 -111.62775  1089%     -    0s
     0     0  -32.98438    0   41   -9.38714  -32.98438   251%     -    0s
     0     0  -29.98076    0   81   -9.38714  -29.98076   219%     -    0s
     0     0  -29.98076    0   81   -9.38714  -29.98076   219%     -    0s
     0     2  -29.98076    0   81   -9.38714  -29.98076   219%     -    0s

Cutting planes:
  Gomory: 3
  MIR: 54
  Zero half: 10
  RLT: 22
  BQP: 13

Explored 5193 nodes (230686 simplex iterations) in 1.09 seconds (1.93 work units)
Thread count was 8 (of 96 available processors)

Solution count 3: -9.38714 4.1947 4.96169 
No other solutions better than -9.38714

Optimal solution found (tolerance 1.00e-06)
Best objective -9.387142245074e+00, best bound -9.387142245074e+00, gap 0.0000%

User-callback calls 10706, time in user-callback 0.00 sec
