
Gurobi 13.0.0 (linux64) logging started Tue Mar 31 15:28:20 2026

Set parameter LogFile to value "logs/N=24_layers=3_presolve_off/N=24/seed=15/n_qaoa_layers=3/precond_pen=0.700.log"
Set parameter MIPGap to value 1e-06
Set parameter Threads to value 8
Set parameter Presolve to value 0
Gurobi Optimizer version 13.0.0 build v13.0.0rc1 (linux64 - "Oracle Linux Server 9.7")

CPU model: AMD EPYC 7643 48-Core Processor, instruction set [SSE2|AVX|AVX2]
Thread count: 48 physical cores, 96 logical processors, using up to 8 threads

Non-default parameters:
MIPGap  1e-06
Presolve  0
Threads  8

Optimize a model with 1 rows, 24 columns and 24 nonzeros (Min)
Model fingerprint: 0x9192fdfe
Model has 24 linear objective coefficients and an objective constant of 9.4773899082369955e+00
Model has 276 quadratic objective terms
Variable types: 0 continuous, 24 integer (24 binary)
Coefficient statistics:
  Matrix range     [1e+00, 1e+00]
  Objective range  [1e+00, 2e+00]
  QObjective range [1e-02, 3e+00]
  Bounds range     [1e+00, 1e+00]
  RHS range        [1e+01, 1e+01]
Found heuristic solution: objective -0.7464928
Variable types: 0 continuous, 300 integer (300 binary)

Root relaxation: objective -3.140053e+01, 45 iterations, 0.00 seconds (0.00 work units)

    Nodes    |    Current Node    |     Objective Bounds      |     Work
 Expl Unexpl |  Obj  Depth IntInf | Incumbent    BestBd   Gap | It/Node Time

     0     0  -31.40053    0   24   -0.74649  -31.40053  4106%     -    0s
H    0     0                      -6.3201527  -31.40053   397%     -    0s
H    0     0                     -15.4419843  -31.40053   103%     -    0s
     0     0  -15.57564    0  156  -15.44198  -15.57564  0.87%     -    0s
     0     0     cutoff    0       -15.44198  -15.44198  0.00%     -    0s

Cutting planes:
  Gomory: 3
  MIR: 100
  Zero half: 64
  RLT: 84
  BQP: 699

Explored 1 nodes (721 simplex iterations) in 0.06 seconds (0.06 work units)
Thread count was 8 (of 96 available processors)

Solution count 3: -15.442 -6.32015 -0.746493 
No other solutions better than -15.442

Optimal solution found (tolerance 1.00e-06)
Best objective -1.544198425324e+01, best bound -1.544198425324e+01, gap 0.0000%

User-callback calls 74, time in user-callback 0.00 sec
