
Gurobi 13.0.0 (linux64) logging started Tue Mar 31 15:28:19 2026

Set parameter LogFile to value "logs/N=24_layers=3_presolve_off/N=24/seed=15/n_qaoa_layers=3/precond_pen=0.300.log"
Set parameter MIPGap to value 1e-06
Set parameter Threads to value 8
Set parameter Presolve to value 0
Gurobi Optimizer version 13.0.0 build v13.0.0rc1 (linux64 - "Oracle Linux Server 9.7")

CPU model: AMD EPYC 7643 48-Core Processor, instruction set [SSE2|AVX|AVX2]
Thread count: 48 physical cores, 96 logical processors, using up to 8 threads

Non-default parameters:
MIPGap  1e-06
Presolve  0
Threads  8

Optimize a model with 1 rows, 24 columns and 24 nonzeros (Min)
Model fingerprint: 0xe10f3a33
Model has 24 linear objective coefficients and an objective constant of 5.9015148174650056e+00
Model has 276 quadratic objective terms
Variable types: 0 continuous, 24 integer (24 binary)
Coefficient statistics:
  Matrix range     [1e+00, 1e+00]
  Objective range  [4e-02, 4e+00]
  QObjective range [2e-02, 6e+00]
  Bounds range     [1e+00, 1e+00]
  RHS range        [1e+01, 1e+01]
Found heuristic solution: objective -0.4606440
Variable types: 0 continuous, 300 integer (300 binary)

Root relaxation: objective -5.664169e+01, 15 iterations, 0.00 seconds (0.00 work units)

    Nodes    |    Current Node    |     Objective Bounds      |     Work
 Expl Unexpl |  Obj  Depth IntInf | Incumbent    BestBd   Gap | It/Node Time

     0     0  -56.64169    0   24   -0.46064  -56.64169      -     -    0s
H    0     0                      -5.6329554  -56.64169   906%     -    0s
H    0     0                      -6.9513013  -56.64169   715%     -    0s
H    0     0                      -7.0233954  -56.64169   706%     -    0s
H    0     0                     -36.0241358  -56.64169  57.2%     -    0s
     0     0  -38.87253    0  138  -36.02414  -38.87253  7.91%     -    0s

Cutting planes:
  Gomory: 9
  MIR: 222
  StrongCG: 5
  Zero half: 32
  RLT: 48
  BQP: 321

Explored 1 nodes (451 simplex iterations) in 0.08 seconds (0.07 work units)
Thread count was 8 (of 96 available processors)

Solution count 5: -36.0241 -7.0234 -6.9513 ... -0.460644
No other solutions better than -36.0241

Optimal solution found (tolerance 1.00e-06)
Best objective -3.602413575284e+01, best bound -3.602413575284e+01, gap 0.0000%

User-callback calls 87, time in user-callback 0.00 sec
