
Gurobi 13.0.0 (linux64) logging started Tue Mar 31 15:28:19 2026

Set parameter LogFile to value "logs/N=24_layers=3_presolve_off/N=24/seed=15/n_qaoa_layers=3/precond_pen=0.400.log"
Set parameter MIPGap to value 1e-06
Set parameter Threads to value 8
Set parameter Presolve to value 0
Gurobi Optimizer version 13.0.0 build v13.0.0rc1 (linux64 - "Oracle Linux Server 9.7")

CPU model: AMD EPYC 7643 48-Core Processor, instruction set [SSE2|AVX|AVX2]
Thread count: 48 physical cores, 96 logical processors, using up to 8 threads

Non-default parameters:
MIPGap  1e-06
Presolve  0
Threads  8

Optimize a model with 1 rows, 24 columns and 24 nonzeros (Min)
Model fingerprint: 0x6805028c
Model has 24 linear objective coefficients and an objective constant of 9.5033902457399986e+00
Model has 276 quadratic objective terms
Variable types: 0 continuous, 24 integer (24 binary)
Coefficient statistics:
  Matrix range     [1e+00, 1e+00]
  Objective range  [8e-01, 3e+00]
  QObjective range [7e-03, 5e+00]
  Bounds range     [1e+00, 1e+00]
  RHS range        [1e+01, 1e+01]
Found heuristic solution: objective -0.7600237
Variable types: 0 continuous, 300 integer (300 binary)

Root relaxation: objective -4.576250e+01, 45 iterations, 0.00 seconds (0.00 work units)

    Nodes    |    Current Node    |     Objective Bounds      |     Work
 Expl Unexpl |  Obj  Depth IntInf | Incumbent    BestBd   Gap | It/Node Time

     0     0  -45.76250    0   24   -0.76002  -45.76250  5921%     -    0s
H    0     0                      -6.7572389  -45.76250   577%     -    0s
H    0     0                      -8.7372053  -45.76250   424%     -    0s
H    0     0                      -9.9389186  -45.76250   360%     -    0s
H    0     0                     -27.1534246  -45.76250  68.5%     -    0s
     0     0  -28.88120    0  114  -27.15342  -28.88120  6.36%     -    0s

Cutting planes:
  Gomory: 4
  MIR: 221
  StrongCG: 67
  Flow cover: 1
  Zero half: 55
  RLT: 60
  BQP: 450

Explored 1 nodes (531 simplex iterations) in 0.12 seconds (0.10 work units)
Thread count was 8 (of 96 available processors)

Solution count 5: -27.1534 -9.93892 -8.73721 ... -0.760024
No other solutions better than -27.1534

Optimal solution found (tolerance 1.00e-06)
Best objective -2.715342457698e+01, best bound -2.715342457698e+01, gap 0.0000%

User-callback calls 89, time in user-callback 0.00 sec
