
Gurobi 13.0.0 (linux64) logging started Sun May  3 10:58:41 2026

Set parameter LogFile to value "logs/N=16_layers=2_presolve_off/N=16/seed=3/quantum_layers=2/precond_pen=0.200.log"
Set parameter MIPGap to value 1e-06
Set parameter Threads to value 8
Set parameter Presolve to value 0
Gurobi Optimizer version 13.0.0 build v13.0.0rc1 (linux64 - "Oracle Linux Server 9.7")

CPU model: AMD EPYC 7643 48-Core Processor, instruction set [SSE2|AVX|AVX2]
Thread count: 48 physical cores, 96 logical processors, using up to 8 threads

Non-default parameters:
MIPGap  1e-06
Presolve  0
Threads  8

Optimize a model with 1 rows, 16 columns and 16 nonzeros (Min)
Model fingerprint: 0x98319501
Model has 16 linear objective coefficients and an objective constant of -2.0013690007156018e+01
Model has 120 quadratic objective terms
Variable types: 0 continuous, 16 integer (16 binary)
Coefficient statistics:
  Matrix range     [1e+00, 1e+00]
  Objective range  [3e-01, 8e+00]
  QObjective range [2e-01, 5e+00]
  Bounds range     [1e+00, 1e+00]
  RHS range        [8e+00, 8e+00]
Found heuristic solution: objective 2.8979886
Variable types: 0 continuous, 136 integer (136 binary)

Root relaxation: objective -2.889495e+01, 9 iterations, 0.00 seconds (0.00 work units)

    Nodes    |    Current Node    |     Objective Bounds      |     Work
 Expl Unexpl |  Obj  Depth IntInf | Incumbent    BestBd   Gap | It/Node Time

     0     0  -28.89495    0   16    2.89799  -28.89495  1097%     -    0s
H    0     0                       1.5637411  -28.89495  1948%     -    0s
H    0     0                       0.5224182  -28.89495  5631%     -    0s
H    0     0                      -7.5987653  -28.89495   280%     -    0s
     0     0  -15.86974    0   75   -7.59877  -15.86974   109%     -    0s
     0     0  -13.09803    0   78   -7.59877  -13.09803  72.4%     -    0s
     0     0  -13.09803    0   78   -7.59877  -13.09803  72.4%     -    0s
     0     2  -13.09803    0   78   -7.59877  -13.09803  72.4%     -    0s

Cutting planes:
  Gomory: 6
  MIR: 13
  StrongCG: 1
  Zero half: 7
  RLT: 25
  BQP: 21

Explored 70 nodes (2727 simplex iterations) in 0.06 seconds (0.05 work units)
Thread count was 8 (of 96 available processors)

Solution count 4: -7.59877 0.522418 1.56374 2.89799 
No other solutions better than -7.59877

Optimal solution found (tolerance 1.00e-06)
Best objective -7.598765315564e+00, best bound -7.598765315564e+00, gap 0.0000%

User-callback calls 240, time in user-callback 0.00 sec
