
Gurobi 13.0.0 (linux64) logging started Sun May  3 10:58:41 2026

Set parameter LogFile to value "logs/N=16_layers=2_presolve_off/N=16/seed=3/quantum_layers=2/precond_pen=0.400.log"
Set parameter MIPGap to value 1e-06
Set parameter Threads to value 8
Set parameter Presolve to value 0
Gurobi Optimizer version 13.0.0 build v13.0.0rc1 (linux64 - "Oracle Linux Server 9.7")

CPU model: AMD EPYC 7643 48-Core Processor, instruction set [SSE2|AVX|AVX2]
Thread count: 48 physical cores, 96 logical processors, using up to 8 threads

Non-default parameters:
MIPGap  1e-06
Presolve  0
Threads  8

Optimize a model with 1 rows, 16 columns and 16 nonzeros (Min)
Model fingerprint: 0xc1e5dbd2
Model has 16 linear objective coefficients and an objective constant of 5.7371940944009978e+00
Model has 120 quadratic objective terms
Variable types: 0 continuous, 16 integer (16 binary)
Coefficient statistics:
  Matrix range     [1e+00, 1e+00]
  Objective range  [8e-01, 2e+00]
  QObjective range [5e-03, 4e+00]
  Bounds range     [1e+00, 1e+00]
  RHS range        [8e+00, 8e+00]
Found heuristic solution: objective 0.9150623
Variable types: 0 continuous, 136 integer (136 binary)

Root relaxation: objective -1.960500e+01, 18 iterations, 0.00 seconds (0.00 work units)

    Nodes    |    Current Node    |     Objective Bounds      |     Work
 Expl Unexpl |  Obj  Depth IntInf | Incumbent    BestBd   Gap | It/Node Time

     0     0  -19.60500    0   16    0.91506  -19.60500  2242%     -    0s
H    0     0                      -3.0012049  -19.60500   553%     -    0s
H    0     0                      -3.3339723  -19.60500   488%     -    0s
H    0     0                      -9.9381650  -19.60500  97.3%     -    0s
     0     0  -10.32741    0   86   -9.93816  -10.32741  3.92%     -    0s
     0     0  -10.07417    0   82   -9.93816  -10.07417  1.37%     -    0s
     0     0  -10.05360    0   84   -9.93816  -10.05360  1.16%     -    0s
     0     0  -10.05302    0   73   -9.93816  -10.05302  1.16%     -    0s

Cutting planes:
  Gomory: 11
  MIR: 50
  StrongCG: 1
  Flow cover: 13
  Zero half: 27
  RLT: 20
  BQP: 93

Explored 1 nodes (305 simplex iterations) in 0.02 seconds (0.02 work units)
Thread count was 8 (of 96 available processors)

Solution count 4: -9.93816 -3.33397 -3.0012 0.915062 
No other solutions better than -9.93816

Optimal solution found (tolerance 1.00e-06)
Best objective -9.938164966843e+00, best bound -9.938164966843e+00, gap 0.0000%

User-callback calls 80, time in user-callback 0.00 sec
