
Gurobi 13.0.0 (linux64) logging started Sun May  3 11:08:58 2026

Set parameter LogFile to value "logs/N=12_layers=3_presolve_off/N=12/seed=19/quantum_layers=3/precond_pen=0.800.log"
Set parameter MIPGap to value 1e-06
Set parameter Threads to value 8
Set parameter Presolve to value 0
Gurobi Optimizer version 13.0.0 build v13.0.0rc1 (linux64 - "Oracle Linux Server 9.7")

CPU model: AMD EPYC 7643 48-Core Processor, instruction set [SSE2|AVX|AVX2]
Thread count: 48 physical cores, 96 logical processors, using up to 8 threads

Non-default parameters:
MIPGap  1e-06
Presolve  0
Threads  8

Optimize a model with 1 rows, 12 columns and 12 nonzeros (Min)
Model fingerprint: 0x4d2ac3bc
Model has 12 linear objective coefficients and an objective constant of 5.206810015753
Model has 66 quadratic objective terms
Variable types: 0 continuous, 12 integer (12 binary)
Coefficient statistics:
  Matrix range     [1e+00, 1e+00]
  Objective range  [2e+00, 2e+00]
  QObjective range [5e-02, 3e+00]
  Bounds range     [1e+00, 1e+00]
  RHS range        [6e+00, 6e+00]
Found heuristic solution: objective 1.3025446
Variable types: 0 continuous, 78 integer (78 binary)

Root relaxation: objective -9.440863e+00, 22 iterations, 0.00 seconds (0.00 work units)

    Nodes    |    Current Node    |     Objective Bounds      |     Work
 Expl Unexpl |  Obj  Depth IntInf | Incumbent    BestBd   Gap | It/Node Time

     0     0   -9.44086    0   12    1.30254   -9.44086   825%     -    0s
H    0     0                      -2.9491185   -9.44086   220%     -    0s
H    0     0                      -3.3969618   -9.44086   178%     -    0s
H    0     0                      -5.1431587   -9.44086  83.6%     -    0s
     0     0   -5.14316    0   34   -5.14316   -5.14316  0.00%     -    0s

Cutting planes:
  Gomory: 1
  MIR: 22
  Zero half: 12
  RLT: 16
  BQP: 59

Explored 1 nodes (99 simplex iterations) in 0.01 seconds (0.00 work units)
Thread count was 8 (of 96 available processors)

Solution count 4: -5.14316 -3.39696 -2.94912 1.30254 
No other solutions better than -5.14316

Optimal solution found (tolerance 1.00e-06)
Best objective -5.143158716087e+00, best bound -5.143158716087e+00, gap 0.0000%

User-callback calls 69, time in user-callback 0.00 sec
