
Gurobi 13.0.0 (linux64) logging started Sun May  3 11:08:56 2026

Set parameter LogFile to value "logs/N=12_layers=3_presolve_off/N=12/seed=5/quantum_layers=3/precond_pen=0.600.log"
Set parameter MIPGap to value 1e-06
Set parameter Threads to value 8
Set parameter Presolve to value 0
Gurobi Optimizer version 13.0.0 build v13.0.0rc1 (linux64 - "Oracle Linux Server 9.7")

CPU model: AMD EPYC 7643 48-Core Processor, instruction set [SSE2|AVX|AVX2]
Thread count: 48 physical cores, 96 logical processors, using up to 8 threads

Non-default parameters:
MIPGap  1e-06
Presolve  0
Threads  8

Optimize a model with 1 rows, 12 columns and 12 nonzeros (Min)
Model fingerprint: 0x9500278c
Model has 12 linear objective coefficients and an objective constant of 4.839965825399
Model has 66 quadratic objective terms
Variable types: 0 continuous, 12 integer (12 binary)
Coefficient statistics:
  Matrix range     [1e+00, 1e+00]
  Objective range  [1e+00, 2e+00]
  QObjective range [5e-02, 4e+00]
  Bounds range     [1e+00, 1e+00]
  RHS range        [6e+00, 6e+00]
Found heuristic solution: objective -0.7108468
Variable types: 0 continuous, 78 integer (78 binary)

Root relaxation: objective -1.075222e+01, 14 iterations, 0.00 seconds (0.00 work units)

    Nodes    |    Current Node    |     Objective Bounds      |     Work
 Expl Unexpl |  Obj  Depth IntInf | Incumbent    BestBd   Gap | It/Node Time

     0     0  -10.75222    0   12   -0.71085  -10.75222  1413%     -    0s
H    0     0                      -4.4013001  -10.75222   144%     -    0s
H    0     0                      -5.9356027  -10.75222  81.1%     -    0s
     0     0   -5.93560    0   35   -5.93560   -5.93560  0.00%     -    0s

Cutting planes:
  Gomory: 1
  MIR: 21
  Zero half: 13
  RLT: 14
  BQP: 61

Explored 1 nodes (101 simplex iterations) in 0.01 seconds (0.00 work units)
Thread count was 8 (of 96 available processors)

Solution count 3: -5.9356 -4.4013 -0.710847 
No other solutions better than -5.9356

Optimal solution found (tolerance 1.00e-06)
Best objective -5.935602712203e+00, best bound -5.935602712203e+00, gap 0.0000%

User-callback calls 67, time in user-callback 0.00 sec
