
Gurobi 13.0.0 (linux64) logging started Sun May  3 11:08:55 2026

Set parameter LogFile to value "logs/N=12_layers=3_presolve_on/N=12/seed=45/quantum_layers=3/precond_pen=0.700.log"
Set parameter MIPGap to value 1e-06
Set parameter Threads to value 8
Gurobi Optimizer version 13.0.0 build v13.0.0rc1 (linux64 - "Oracle Linux Server 9.7")

CPU model: AMD EPYC 7643 48-Core Processor, instruction set [SSE2|AVX|AVX2]
Thread count: 48 physical cores, 96 logical processors, using up to 8 threads

Non-default parameters:
MIPGap  1e-06
Threads  8

Optimize a model with 1 rows, 12 columns and 12 nonzeros (Min)
Model fingerprint: 0xd949a943
Model has 12 linear objective coefficients and an objective constant of 4.8813216626250018e+00
Model has 66 quadratic objective terms
Variable types: 0 continuous, 12 integer (12 binary)
Coefficient statistics:
  Matrix range     [1e+00, 1e+00]
  Objective range  [1e+00, 2e+00]
  QObjective range [5e-02, 4e+00]
  Bounds range     [1e+00, 1e+00]
  RHS range        [6e+00, 6e+00]
Found heuristic solution: objective -0.8366772
Presolve time: 0.00s
Presolved: 67 rows, 78 columns, 210 nonzeros
Variable types: 0 continuous, 78 integer (78 binary)

Root relaxation: objective -1.028064e+01, 15 iterations, 0.00 seconds (0.00 work units)

    Nodes    |    Current Node    |     Objective Bounds      |     Work
 Expl Unexpl |  Obj  Depth IntInf | Incumbent    BestBd   Gap | It/Node Time

     0     0  -10.28064    0   12   -0.83668  -10.28064  1129%     -    0s
H    0     0                      -3.1945323  -10.28064   222%     -    0s
H    0     0                      -3.3638876  -10.28064   206%     -    0s
H    0     0                      -5.4090342  -10.28064  90.1%     -    0s
     0     0   -5.40903    0   33   -5.40903   -5.40903  0.00%     -    0s

Cutting planes:
  Gomory: 1
  MIR: 27
  Zero half: 12
  RLT: 14
  BQP: 50

Explored 1 nodes (87 simplex iterations) in 0.01 seconds (0.00 work units)
Thread count was 8 (of 96 available processors)

Solution count 4: -5.40903 -3.36389 -3.19453 -0.836677 
No other solutions better than -5.40903

Optimal solution found (tolerance 1.00e-06)
Best objective -5.409034156905e+00, best bound -5.409034156905e+00, gap 0.0000%

User-callback calls 164, time in user-callback 0.00 sec
