
Gurobi 13.0.0 (linux64) logging started Tue Mar 31 15:12:54 2026

Set parameter LogFile to value "logs/N=16_layers=2_presolve_off/N=16/seed=31/n_qaoa_layers=2/precond_pen=0.200.log"
Set parameter MIPGap to value 1e-06
Set parameter Threads to value 8
Set parameter Presolve to value 0
Gurobi Optimizer version 13.0.0 build v13.0.0rc1 (linux64 - "Oracle Linux Server 9.7")

CPU model: AMD EPYC 7643 48-Core Processor, instruction set [SSE2|AVX|AVX2]
Thread count: 48 physical cores, 96 logical processors, using up to 8 threads

Non-default parameters:
MIPGap  1e-06
Presolve  0
Threads  8

Optimize a model with 1 rows, 16 columns and 16 nonzeros (Min)
Model fingerprint: 0x25dbc74b
Model has 16 linear objective coefficients and an objective constant of -1.6677381146023993e+01
Model has 120 quadratic objective terms
Variable types: 0 continuous, 16 integer (16 binary)
Coefficient statistics:
  Matrix range     [1e+00, 1e+00]
  Objective range  [1e-01, 8e+00]
  QObjective range [4e-02, 5e+00]
  Bounds range     [1e+00, 1e+00]
  RHS range        [8e+00, 8e+00]
Found heuristic solution: objective 3.1559005
Variable types: 0 continuous, 136 integer (136 binary)

Root relaxation: objective -2.405451e+01, 17 iterations, 0.00 seconds (0.00 work units)

    Nodes    |    Current Node    |     Objective Bounds      |     Work
 Expl Unexpl |  Obj  Depth IntInf | Incumbent    BestBd   Gap | It/Node Time

     0     0  -24.05451    0   16    3.15590  -24.05451   862%     -    0s
H    0     0                      -3.3541717  -24.05451   617%     -    0s
H    0     0                      -6.7759237  -24.05451   255%     -    0s
     0     0  -12.39433    0   65   -6.77592  -12.39433  82.9%     -    0s
     0     0  -12.17502    0   80   -6.77592  -12.17502  79.7%     -    0s
     0     0  -10.43928    0   56   -6.77592  -10.43928  54.1%     -    0s
     0     0  -10.36001    0   83   -6.77592  -10.36001  52.9%     -    0s
     0     0   -6.77592    0  112   -6.77592   -6.77592  0.00%     -    0s

Cutting planes:
  Gomory: 11
  Cover: 3
  MIR: 42
  StrongCG: 3
  Zero half: 35
  RLT: 26
  BQP: 45

Explored 1 nodes (527 simplex iterations) in 0.05 seconds (0.04 work units)
Thread count was 8 (of 96 available processors)

Solution count 3: -6.77592 -3.35417 3.1559 
No other solutions better than -6.77592

Optimal solution found (tolerance 1.00e-06)
Best objective -6.775923748270e+00, best bound -6.775923748270e+00, gap 0.0000%

User-callback calls 99, time in user-callback 0.00 sec
