
Gurobi 13.0.0 (linux64) logging started Sun May  3 10:54:10 2026

Set parameter LogFile to value "logs/N=16_layers=1_presolve_off/N=16/seed=4/quantum_layers=1/precond_pen=0.000.log"
Set parameter MIPGap to value 1e-06
Set parameter Threads to value 8
Set parameter Presolve to value 0
Gurobi Optimizer version 13.0.0 build v13.0.0rc1 (linux64 - "Oracle Linux Server 9.7")

CPU model: AMD EPYC 7643 48-Core Processor, instruction set [SSE2|AVX|AVX2]
Thread count: 48 physical cores, 96 logical processors, using up to 8 threads

Non-default parameters:
MIPGap  1e-06
Presolve  0
Threads  8

Optimize a model with 1 rows, 16 columns and 16 nonzeros (Min)
Model fingerprint: 0x95f72d8c
Model has 16 linear objective coefficients and an objective constant of -4.5867985390302032e+01
Model has 120 quadratic objective terms
Variable types: 0 continuous, 16 integer (16 binary)
Coefficient statistics:
  Matrix range     [1e+00, 1e+00]
  Objective range  [1e+01, 1e+01]
  QObjective range [2e+00, 4e+00]
  Bounds range     [1e+00, 1e+00]
  RHS range        [8e+00, 8e+00]
Found heuristic solution: objective 3.2020059
Variable types: 0 continuous, 136 integer (136 binary)

Root relaxation: objective -4.586799e+01, 7 iterations, 0.00 seconds (0.00 work units)

    Nodes    |    Current Node    |     Objective Bounds      |     Work
 Expl Unexpl |  Obj  Depth IntInf | Incumbent    BestBd   Gap | It/Node Time

     0     0  -45.86799    0   16    3.20201  -45.86799  1532%     -    0s
H    0     0                       2.7677269  -45.86799  1757%     -    0s
H    0     0                       2.6904805  -45.86799  1805%     -    0s
H    0     0                      -0.6299112  -45.86799  7182%     -    0s
     0     0   -4.66479    0   16   -0.62991   -4.66479   641%     -    0s
     0     0   -4.61211    0   24   -0.62991   -4.61211   632%     -    0s
     0     0   -3.54927    0   48   -0.62991   -3.54927   463%     -    0s
     0     0   -3.54596    0   48   -0.62991   -3.54596   463%     -    0s
     0     2   -3.53020    0   48   -0.62991   -3.53020   460%     -    0s

Cutting planes:
  Gomory: 1
  MIR: 18
  StrongCG: 1
  Mod-K: 1
  RLT: 14

Explored 42 nodes (1827 simplex iterations) in 0.05 seconds (0.04 work units)
Thread count was 8 (of 96 available processors)

Solution count 4: -0.629911 2.69048 2.76773 3.20201 

Optimal solution found (tolerance 1.00e-06)
Best objective -6.299111783280e-01, best bound -6.299111783280e-01, gap 0.0000%

User-callback calls 184, time in user-callback 0.00 sec
