
Gurobi 13.0.0 (linux64) logging started Tue Mar 31 15:12:51 2026

Set parameter LogFile to value "logs/N=16_layers=2_presolve_off/N=16/seed=21/n_qaoa_layers=2/baseline.log"
Set parameter MIPGap to value 1e-06
Set parameter Threads to value 8
Set parameter Presolve to value 0
Gurobi Optimizer version 13.0.0 build v13.0.0rc1 (linux64 - "Oracle Linux Server 9.7")

CPU model: AMD EPYC 7643 48-Core Processor, instruction set [SSE2|AVX|AVX2]
Thread count: 48 physical cores, 96 logical processors, using up to 8 threads

Non-default parameters:
MIPGap  1e-06
Presolve  0
Threads  8

Optimize a model with 1 rows, 16 columns and 16 nonzeros (Min)
Model fingerprint: 0x6dfd6b4c
Model has 16 linear objective coefficients
Model has 120 quadratic objective terms
Variable types: 0 continuous, 16 integer (16 binary)
Coefficient statistics:
  Matrix range     [1e+00, 1e+00]
  Objective range  [1e+01, 2e+01]
  QObjective range [2e-03, 8e+00]
  Bounds range     [1e+00, 1e+00]
  RHS range        [8e+00, 8e+00]
Found heuristic solution: objective 60.3287496
Variable types: 0 continuous, 136 integer (136 binary)

Root relaxation: objective 1.376677e-14, 7 iterations, 0.00 seconds (0.00 work units)

    Nodes    |    Current Node    |     Objective Bounds      |     Work
 Expl Unexpl |  Obj  Depth IntInf | Incumbent    BestBd   Gap | It/Node Time

     0     0    0.00000    0   16   60.32875    0.00000   100%     -    0s
H    0     0                      59.9299915    0.00000   100%     -    0s
H    0     0                      59.9268520    0.00000   100%     -    0s
H    0     0                      54.0681541    0.00000   100%     -    0s
H    0     0                      53.4199591   23.10874  56.7%     -    0s
     0     0   25.00644    0   21   53.41996   25.00644  53.2%     -    0s
     0     0   25.36128    0   21   53.41996   25.36128  52.5%     -    0s
     0     0   25.47547    0   27   53.41996   25.47547  52.3%     -    0s
     0     0   31.60921    0   57   53.41996   31.60921  40.8%     -    0s
     0     0   31.60921    0   57   53.41996   31.60921  40.8%     -    0s
     0     2   31.60921    0   57   53.41996   31.60921  40.8%     -    0s
*  409   112              11      53.3469397   44.51424  16.6%  22.0    0s

Cutting planes:
  Gomory: 2
  Cover: 1
  MIR: 23
  RLT: 8

Explored 890 nodes (16968 simplex iterations) in 0.10 seconds (0.10 work units)
Thread count was 8 (of 96 available processors)

Solution count 6: 53.3469 53.42 54.0682 ... 60.3287

Optimal solution found (tolerance 1.00e-06)
Best objective 5.334693970559e+01, best bound 5.334693970559e+01, gap 0.0000%

User-callback calls 1908, time in user-callback 0.00 sec
