
Gurobi 13.0.0 (linux64) logging started Tue Mar 31 15:12:51 2026

Set parameter LogFile to value "logs/N=16_layers=2_presolve_off/N=16/seed=21/n_qaoa_layers=2/precond_pen=0.700.log"
Set parameter MIPGap to value 1e-06
Set parameter Threads to value 8
Set parameter Presolve to value 0
Gurobi Optimizer version 13.0.0 build v13.0.0rc1 (linux64 - "Oracle Linux Server 9.7")

CPU model: AMD EPYC 7643 48-Core Processor, instruction set [SSE2|AVX|AVX2]
Thread count: 48 physical cores, 96 logical processors, using up to 8 threads

Non-default parameters:
MIPGap  1e-06
Presolve  0
Threads  8

Optimize a model with 1 rows, 16 columns and 16 nonzeros (Min)
Model fingerprint: 0xa41156c6
Model has 16 linear objective coefficients and an objective constant of 6.3310685921180037e+00
Model has 120 quadratic objective terms
Variable types: 0 continuous, 16 integer (16 binary)
Coefficient statistics:
  Matrix range     [1e+00, 1e+00]
  Objective range  [1e+00, 2e+00]
  QObjective range [8e-03, 2e+00]
  Bounds range     [1e+00, 1e+00]
  RHS range        [8e+00, 8e+00]
Found heuristic solution: objective -1.3752659
Variable types: 0 continuous, 136 integer (136 binary)

Root relaxation: objective -1.216944e+01, 17 iterations, 0.00 seconds (0.00 work units)

    Nodes    |    Current Node    |     Objective Bounds      |     Work
 Expl Unexpl |  Obj  Depth IntInf | Incumbent    BestBd   Gap | It/Node Time

     0     0  -12.16944    0   16   -1.37527  -12.16944   785%     -    0s
H    0     0                      -2.0633551  -12.16944   490%     -    0s
H    0     0                      -4.8697815  -12.16944   150%     -    0s
H    0     0                      -4.9399984   -9.18739  86.0%     -    0s
     0     0   -5.49680    0   81   -4.94000   -5.49680  11.3%     -    0s
H    0     0                      -5.0475256   -5.25631  4.14%     -    0s
     0     0   -5.04753    0   82   -5.04753   -5.04753  0.00%     -    0s

Cutting planes:
  Gomory: 5
  MIR: 94
  StrongCG: 1
  Zero half: 21
  RLT: 20
  BQP: 108

Explored 1 nodes (328 simplex iterations) in 0.03 seconds (0.02 work units)
Thread count was 8 (of 96 available processors)

Solution count 5: -5.04753 -4.94 -4.86978 ... -1.37527
No other solutions better than -5.04753

Optimal solution found (tolerance 1.00e-06)
Best objective -5.047525577404e+00, best bound -5.047525577404e+00, gap 0.0000%

User-callback calls 83, time in user-callback 0.00 sec
