
Gurobi 13.0.0 (linux64) logging started Sun May  3 10:54:34 2026

Set parameter LogFile to value "logs/N=16_layers=1_presolve_off/N=16/seed=44/quantum_layers=1/precond_pen=0.500.log"
Set parameter MIPGap to value 1e-06
Set parameter Threads to value 8
Set parameter Presolve to value 0
Gurobi Optimizer version 13.0.0 build v13.0.0rc1 (linux64 - "Oracle Linux Server 9.7")

CPU model: AMD EPYC 7643 48-Core Processor, instruction set [SSE2|AVX|AVX2]
Thread count: 48 physical cores, 96 logical processors, using up to 8 threads

Non-default parameters:
MIPGap  1e-06
Presolve  0
Threads  8

Optimize a model with 1 rows, 16 columns and 16 nonzeros (Min)
Model fingerprint: 0x060eb10e
Model has 16 linear objective coefficients and an objective constant of 6.3327330819819991e+00
Model has 120 quadratic objective terms
Variable types: 0 continuous, 16 integer (16 binary)
Coefficient statistics:
  Matrix range     [1e+00, 1e+00]
  Objective range  [1e+00, 2e+00]
  QObjective range [1e-02, 2e+00]
  Bounds range     [1e+00, 1e+00]
  RHS range        [8e+00, 8e+00]
Found heuristic solution: objective -0.1333536
Variable types: 0 continuous, 136 integer (136 binary)

Root relaxation: objective -8.247587e+00, 38 iterations, 0.00 seconds (0.00 work units)

    Nodes    |    Current Node    |     Objective Bounds      |     Work
 Expl Unexpl |  Obj  Depth IntInf | Incumbent    BestBd   Gap | It/Node Time

     0     0   -8.24759    0   16   -0.13335   -8.24759  6085%     -    0s
H    0     0                      -2.3697271   -8.24759   248%     -    0s
H    0     0                      -3.6991807   -8.24759   123%     -    0s
     0     0   -3.93519    0   54   -3.69918   -3.93519  6.38%     -    0s
H    0     0                      -3.7696601   -3.93519  4.39%     -    0s

Cutting planes:
  Gomory: 11
  Cover: 2
  MIR: 41
  Zero half: 23
  RLT: 32
  BQP: 170

Explored 1 nodes (294 simplex iterations) in 0.03 seconds (0.02 work units)
Thread count was 8 (of 96 available processors)

Solution count 4: -3.76966 -3.69918 -2.36973 -0.133354 
No other solutions better than -3.76966

Optimal solution found (tolerance 1.00e-06)
Best objective -3.769660090548e+00, best bound -3.769660090548e+00, gap 0.0000%

User-callback calls 78, time in user-callback 0.00 sec
