
Gurobi 13.0.0 (linux64) logging started Tue Mar 31 15:12:56 2026

Set parameter LogFile to value "logs/N=16_layers=2_presolve_off/N=16/seed=37/n_qaoa_layers=2/precond_pen=0.600.log"
Set parameter MIPGap to value 1e-06
Set parameter Threads to value 8
Set parameter Presolve to value 0
Gurobi Optimizer version 13.0.0 build v13.0.0rc1 (linux64 - "Oracle Linux Server 9.7")

CPU model: AMD EPYC 7643 48-Core Processor, instruction set [SSE2|AVX|AVX2]
Thread count: 48 physical cores, 96 logical processors, using up to 8 threads

Non-default parameters:
MIPGap  1e-06
Presolve  0
Threads  8

Optimize a model with 1 rows, 16 columns and 16 nonzeros (Min)
Model fingerprint: 0xea7c94be
Model has 16 linear objective coefficients and an objective constant of 6.1843052495109987e+00
Model has 120 quadratic objective terms
Variable types: 0 continuous, 16 integer (16 binary)
Coefficient statistics:
  Matrix range     [1e+00, 1e+00]
  Objective range  [1e+00, 2e+00]
  QObjective range [1e-02, 2e+00]
  Bounds range     [1e+00, 1e+00]
  RHS range        [8e+00, 8e+00]
Found heuristic solution: objective 0.0119419
Variable types: 0 continuous, 136 integer (136 binary)

Root relaxation: objective -1.384337e+01, 21 iterations, 0.00 seconds (0.00 work units)

    Nodes    |    Current Node    |     Objective Bounds      |     Work
 Expl Unexpl |  Obj  Depth IntInf | Incumbent    BestBd   Gap | It/Node Time

     0     0  -13.84337    0   16    0.01194  -13.84337      -     -    0s
H    0     0                      -2.1125588  -13.84337   555%     -    0s
H    0     0                      -2.5167292  -13.84337   450%     -    0s
H    0     0                      -3.8854236  -13.84337   256%     -    0s
H    0     0                      -5.2782898  -13.84337   162%     -    0s
H    0     0                      -5.7732769  -10.57498  83.2%     -    0s
     0     0   -6.07986    0   98   -5.77328   -6.07986  5.31%     -    0s
     0     0   -5.93829    0   73   -5.77328   -5.93829  2.86%     -    0s
     0     0   -5.83032    0   73   -5.77328   -5.83032  0.99%     -    0s

Cutting planes:
  Gomory: 24
  Clique: 3
  MIR: 52
  Flow cover: 13
  Zero half: 30
  RLT: 13
  BQP: 71

Explored 1 nodes (315 simplex iterations) in 0.04 seconds (0.03 work units)
Thread count was 8 (of 96 available processors)

Solution count 6: -5.77328 -5.27829 -3.88542 ... 0.0119419
No other solutions better than -5.77328

Optimal solution found (tolerance 1.00e-06)
Best objective -5.773276949789e+00, best bound -5.773276949789e+00, gap 0.0000%

User-callback calls 93, time in user-callback 0.00 sec
