
Gurobi 13.0.0 (linux64) logging started Tue Mar 31 15:12:56 2026

Set parameter LogFile to value "logs/N=16_layers=2_presolve_off/N=16/seed=37/n_qaoa_layers=2/precond_pen=0.400.log"
Set parameter MIPGap to value 1e-06
Set parameter Threads to value 8
Set parameter Presolve to value 0
Gurobi Optimizer version 13.0.0 build v13.0.0rc1 (linux64 - "Oracle Linux Server 9.7")

CPU model: AMD EPYC 7643 48-Core Processor, instruction set [SSE2|AVX|AVX2]
Thread count: 48 physical cores, 96 logical processors, using up to 8 threads

Non-default parameters:
MIPGap  1e-06
Presolve  0
Threads  8

Optimize a model with 1 rows, 16 columns and 16 nonzeros (Min)
Model fingerprint: 0xd8c0eef8
Model has 16 linear objective coefficients and an objective constant of 5.7800921283119973e+00
Model has 120 quadratic objective terms
Variable types: 0 continuous, 16 integer (16 binary)
Coefficient statistics:
  Matrix range     [1e+00, 1e+00]
  Objective range  [8e-01, 2e+00]
  QObjective range [9e-03, 3e+00]
  Bounds range     [1e+00, 1e+00]
  RHS range        [8e+00, 8e+00]
Found heuristic solution: objective 0.2468615
Variable types: 0 continuous, 136 integer (136 binary)

Root relaxation: objective -1.893086e+01, 22 iterations, 0.00 seconds (0.00 work units)

    Nodes    |    Current Node    |     Objective Bounds      |     Work
 Expl Unexpl |  Obj  Depth IntInf | Incumbent    BestBd   Gap | It/Node Time

     0     0  -18.93086    0   16    0.24686  -18.93086  7769%     -    0s
H    0     0                      -0.0692246  -18.93086      -     -    0s
H    0     0                      -1.2129603  -18.93086  1461%     -    0s
H    0     0                      -8.1889835  -18.93086   131%     -    0s
     0     0   -9.90212    0   66   -8.18898   -9.90212  20.9%     -    0s
H    0     0                      -8.6911968   -9.90212  13.9%     -    0s

Cutting planes:
  Gomory: 12
  MIR: 86
  StrongCG: 6
  Zero half: 35
  RLT: 20
  BQP: 105

Explored 1 nodes (242 simplex iterations) in 0.03 seconds (0.02 work units)
Thread count was 8 (of 96 available processors)

Solution count 5: -8.6912 -8.18898 -1.21296 ... 0.246861
No other solutions better than -8.6912

Optimal solution found (tolerance 1.00e-06)
Best objective -8.691196764366e+00, best bound -8.691196764366e+00, gap 0.0000%

User-callback calls 77, time in user-callback 0.00 sec
