
Gurobi 13.0.0 (linux64) logging started Sun May  3 11:04:24 2026

Set parameter LogFile to value "logs/N=12_layers=1_presolve_on/N=12/seed=47/quantum_layers=1/precond_pen=0.400.log"
Set parameter MIPGap to value 1e-06
Set parameter Threads to value 8
Gurobi Optimizer version 13.0.0 build v13.0.0rc1 (linux64 - "Oracle Linux Server 9.7")

CPU model: AMD EPYC 7643 48-Core Processor, instruction set [SSE2|AVX|AVX2]
Thread count: 48 physical cores, 96 logical processors, using up to 8 threads

Non-default parameters:
MIPGap  1e-06
Threads  8

Optimize a model with 1 rows, 12 columns and 12 nonzeros (Min)
Model fingerprint: 0xbb0ee536
Model has 12 linear objective coefficients and an objective constant of 3.9195449335379986e+00
Model has 66 quadratic objective terms
Variable types: 0 continuous, 12 integer (12 binary)
Coefficient statistics:
  Matrix range     [1e+00, 1e+00]
  Objective range  [7e-01, 2e+00]
  QObjective range [1e-02, 3e+00]
  Bounds range     [1e+00, 1e+00]
  RHS range        [6e+00, 6e+00]
Found heuristic solution: objective 0.3718252
Presolve time: 0.00s
Presolved: 67 rows, 78 columns, 210 nonzeros
Variable types: 0 continuous, 78 integer (78 binary)

Root relaxation: objective -8.160540e+00, 15 iterations, 0.00 seconds (0.00 work units)

    Nodes    |    Current Node    |     Objective Bounds      |     Work
 Expl Unexpl |  Obj  Depth IntInf | Incumbent    BestBd   Gap | It/Node Time

     0     0   -8.16054    0   12    0.37183   -8.16054  2295%     -    0s
H    0     0                      -1.2990942   -8.16054   528%     -    0s
H    0     0                      -1.6920337   -8.16054   382%     -    0s
H    0     0                      -3.6998587   -8.16054   121%     -    0s
H    0     0                      -4.3414801   -8.16054  88.0%     -    0s
     0     0   -4.34148    0   34   -4.34148   -4.34148  0.00%     -    0s

Cutting planes:
  Gomory: 1
  MIR: 26
  Zero half: 12
  RLT: 20
  BQP: 60

Explored 1 nodes (92 simplex iterations) in 0.01 seconds (0.00 work units)
Thread count was 8 (of 96 available processors)

Solution count 5: -4.34148 -3.69986 -1.69203 ... 0.371825
No other solutions better than -4.34148

Optimal solution found (tolerance 1.00e-06)
Best objective -4.341480102000e+00, best bound -4.341480102000e+00, gap 0.0000%

User-callback calls 165, time in user-callback 0.00 sec
