
Gurobi 13.0.0 (linux64) logging started Sun May  3 10:54:03 2026

Set parameter LogFile to value "logs/N=16_layers=1_presolve_on/N=16/seed=41/quantum_layers=1/precond_pen=1.000.log"
Set parameter MIPGap to value 1e-06
Set parameter Threads to value 8
Gurobi Optimizer version 13.0.0 build v13.0.0rc1 (linux64 - "Oracle Linux Server 9.7")

CPU model: AMD EPYC 7643 48-Core Processor, instruction set [SSE2|AVX|AVX2]
Thread count: 48 physical cores, 96 logical processors, using up to 8 threads

Non-default parameters:
MIPGap  1e-06
Threads  8

Optimize a model with 1 rows, 16 columns and 16 nonzeros (Min)
Model fingerprint: 0x9b3573df
Model has 16 linear objective coefficients and an objective constant of 6.76928156389
Model has 120 quadratic objective terms
Variable types: 0 continuous, 16 integer (16 binary)
Coefficient statistics:
  Matrix range     [1e+00, 1e+00]
  Objective range  [2e+00, 2e+00]
  QObjective range [2e-01, 7e-01]
  Bounds range     [1e+00, 1e+00]
  RHS range        [8e+00, 8e+00]
Found heuristic solution: objective -0.5291345
Presolve time: 0.00s
Presolved: 121 rows, 136 columns, 376 nonzeros
Variable types: 0 continuous, 136 integer (136 binary)

Root relaxation: objective -6.769282e+00, 36 iterations, 0.00 seconds (0.00 work units)

    Nodes    |    Current Node    |     Objective Bounds      |     Work
 Expl Unexpl |  Obj  Depth IntInf | Incumbent    BestBd   Gap | It/Node Time

     0     0   -6.76928    0   16   -0.52913   -6.76928  1179%     -    0s
H    0     0                      -0.6025214   -6.76928  1023%     -    0s
H    0     0                      -1.2483790   -6.76928   442%     -    0s
     0     0   -1.29888    0  117   -1.24838   -1.29888  4.05%     -    0s
     0     0   -1.26847    0  119   -1.24838   -1.26847  1.61%     -    0s
     0     0   -1.26847    0  119   -1.24838   -1.26847  1.61%     -    0s
     0     0   -1.26847    0  119   -1.24838   -1.26847  1.61%     -    0s
     0     2   -1.26847    0  119   -1.24838   -1.26847  1.61%     -    0s

Cutting planes:
  Gomory: 2
  Cover: 3
  Dual implied bound: 2
  MIR: 53
  Zero half: 11
  RLT: 33
  BQP: 184

Explored 3 nodes (1321 simplex iterations) in 0.15 seconds (0.11 work units)
Thread count was 8 (of 96 available processors)

Solution count 3: -1.24838 -0.602521 -0.529134 
No other solutions better than -1.24838

Optimal solution found (tolerance 1.00e-06)
Best objective -1.248378996580e+00, best bound -1.248378996580e+00, gap 0.0000%

User-callback calls 209, time in user-callback 0.00 sec
