
Gurobi 13.0.0 (linux64) logging started Tue Mar 31 15:05:19 2026

Set parameter LogFile to value "logs/N=12_layers=2_presolve_off/N=12/seed=33/n_qaoa_layers=2/precond_pen=0.900.log"
Set parameter MIPGap to value 1e-06
Set parameter Threads to value 8
Set parameter Presolve to value 0
Gurobi Optimizer version 13.0.0 build v13.0.0rc1 (linux64 - "Oracle Linux Server 9.7")

CPU model: AMD EPYC 7643 48-Core Processor, instruction set [SSE2|AVX|AVX2]
Thread count: 48 physical cores, 96 logical processors, using up to 8 threads

Non-default parameters:
MIPGap  1e-06
Presolve  0
Threads  8

Optimize a model with 1 rows, 12 columns and 12 nonzeros (Min)
Model fingerprint: 0xea666562
Model has 12 linear objective coefficients and an objective constant of 5.3730964192959991e+00
Model has 66 quadratic objective terms
Variable types: 0 continuous, 12 integer (12 binary)
Coefficient statistics:
  Matrix range     [1e+00, 1e+00]
  Objective range  [2e+00, 2e+00]
  QObjective range [1e-02, 1e+00]
  Bounds range     [1e+00, 1e+00]
  RHS range        [6e+00, 6e+00]
Found heuristic solution: objective -0.5393802
Variable types: 0 continuous, 78 integer (78 binary)

Root relaxation: objective -5.473163e+00, 27 iterations, 0.00 seconds (0.00 work units)

    Nodes    |    Current Node    |     Objective Bounds      |     Work
 Expl Unexpl |  Obj  Depth IntInf | Incumbent    BestBd   Gap | It/Node Time

     0     0   -5.47316    0   12   -0.53938   -5.47316   915%     -    0s
H    0     0                      -0.5582702   -5.47316   880%     -    0s
H    0     0                      -0.7810237   -5.47316   601%     -    0s
H    0     0                      -1.5771592   -5.47316   247%     -    0s
H    0     0                      -1.7912861   -5.47316   206%     -    0s
     0     0     cutoff    0        -1.79129   -1.79129  0.00%     -    0s

Cutting planes:
  MIR: 51
  Zero half: 22
  RLT: 24
  BQP: 114

Explored 1 nodes (163 simplex iterations) in 0.01 seconds (0.00 work units)
Thread count was 8 (of 96 available processors)

Solution count 5: -1.79129 -1.57716 -0.781024 ... -0.53938
No other solutions better than -1.79129

Optimal solution found (tolerance 1.00e-06)
Best objective -1.791286080336e+00, best bound -1.791286080336e+00, gap 0.0000%

User-callback calls 69, time in user-callback 0.00 sec
