
Gurobi 13.0.0 (linux64) logging started Tue Mar 31 15:06:54 2026

Set parameter LogFile to value "logs/N=12_layers=3_presolve_on/N=12/seed=48/n_qaoa_layers=3/baseline.log"
Set parameter MIPGap to value 1e-06
Set parameter Threads to value 8
Gurobi Optimizer version 13.0.0 build v13.0.0rc1 (linux64 - "Oracle Linux Server 9.7")

CPU model: AMD EPYC 7643 48-Core Processor, instruction set [SSE2|AVX|AVX2]
Thread count: 48 physical cores, 96 logical processors, using up to 8 threads

Non-default parameters:
MIPGap  1e-06
Threads  8

Optimize a model with 1 rows, 12 columns and 12 nonzeros (Min)
Model fingerprint: 0x4f91a548
Model has 12 linear objective coefficients
Model has 66 quadratic objective terms
Variable types: 0 continuous, 12 integer (12 binary)
Coefficient statistics:
  Matrix range     [1e+00, 1e+00]
  Objective range  [8e+00, 2e+01]
  QObjective range [9e-02, 8e+00]
  Bounds range     [1e+00, 1e+00]
  RHS range        [6e+00, 6e+00]
Found heuristic solution: objective 33.9065543
Presolve time: 0.00s
Presolved: 67 rows, 78 columns, 210 nonzeros
Variable types: 0 continuous, 78 integer (78 binary)

Root relaxation: objective 4.597017e-15, 11 iterations, 0.00 seconds (0.00 work units)

    Nodes    |    Current Node    |     Objective Bounds      |     Work
 Expl Unexpl |  Obj  Depth IntInf | Incumbent    BestBd   Gap | It/Node Time

     0     0    0.00000    0   12   33.90655    0.00000   100%     -    0s
H    0     0                      29.3529812    0.00000   100%     -    0s
     0     0   17.86633    0   16   29.35298   17.86633  39.1%     -    0s
     0     0   19.35917    0   17   29.35298   19.35917  34.0%     -    0s
     0     0   24.03176    0   43   29.35298   24.03176  18.1%     -    0s
     0     0   24.03313    0   43   29.35298   24.03313  18.1%     -    0s
     0     2   24.03313    0   43   29.35298   24.03313  18.1%     -    0s

Cutting planes:
  Gomory: 3
  Cover: 1
  Dual implied bound: 13
  MIR: 8
  RLT: 8

Explored 82 nodes (1386 simplex iterations) in 0.03 seconds (0.02 work units)
Thread count was 8 (of 96 available processors)

Solution count 2: 29.353 33.9066 

Optimal solution found (tolerance 1.00e-06)
Best objective 2.935298120639e+01, best bound 2.935298120639e+01, gap 0.0000%

User-callback calls 348, time in user-callback 0.00 sec

Gurobi 13.0.0 (linux64) logging started Tue Mar 31 15:10:53 2026

Set parameter LogFile to value "logs/N=12_layers=3_presolve_on/N=12/seed=48/n_qaoa_layers=3/baseline.log"
Set parameter MIPGap to value 1e-06
Set parameter Threads to value 8
Gurobi Optimizer version 13.0.0 build v13.0.0rc1 (linux64 - "Oracle Linux Server 9.7")

CPU model: AMD EPYC 7643 48-Core Processor, instruction set [SSE2|AVX|AVX2]
Thread count: 48 physical cores, 96 logical processors, using up to 8 threads

Non-default parameters:
MIPGap  1e-06
Threads  8

Optimize a model with 1 rows, 12 columns and 12 nonzeros (Min)
Model fingerprint: 0x4f91a548
Model has 12 linear objective coefficients
Model has 66 quadratic objective terms
Variable types: 0 continuous, 12 integer (12 binary)
Coefficient statistics:
  Matrix range     [1e+00, 1e+00]
  Objective range  [8e+00, 2e+01]
  QObjective range [9e-02, 8e+00]
  Bounds range     [1e+00, 1e+00]
  RHS range        [6e+00, 6e+00]
Found heuristic solution: objective 33.9065543
Presolve time: 0.00s
Presolved: 67 rows, 78 columns, 210 nonzeros
Variable types: 0 continuous, 78 integer (78 binary)

Root relaxation: objective 4.597017e-15, 11 iterations, 0.00 seconds (0.00 work units)

    Nodes    |    Current Node    |     Objective Bounds      |     Work
 Expl Unexpl |  Obj  Depth IntInf | Incumbent    BestBd   Gap | It/Node Time

     0     0    0.00000    0   12   33.90655    0.00000   100%     -    0s
H    0     0                      29.3529812    0.00000   100%     -    0s
     0     0   17.86633    0   16   29.35298   17.86633  39.1%     -    0s
     0     0   19.35917    0   17   29.35298   19.35917  34.0%     -    0s
     0     0   24.03176    0   43   29.35298   24.03176  18.1%     -    0s
     0     0   24.03313    0   43   29.35298   24.03313  18.1%     -    0s
     0     2   24.03313    0   43   29.35298   24.03313  18.1%     -    0s

Cutting planes:
  Gomory: 3
  Cover: 1
  Dual implied bound: 13
  MIR: 8
  RLT: 8

Explored 82 nodes (1386 simplex iterations) in 0.03 seconds (0.02 work units)
Thread count was 8 (of 96 available processors)

Solution count 2: 29.353 33.9066 

Optimal solution found (tolerance 1.00e-06)
Best objective 2.935298120639e+01, best bound 2.935298120639e+01, gap 0.0000%

User-callback calls 348, time in user-callback 0.00 sec
