
Gurobi 13.0.0 (linux64) logging started Sun May  3 10:53:51 2026

Set parameter LogFile to value "logs/N=16_layers=1_presolve_on/N=16/seed=22/quantum_layers=1/precond_pen=0.400.log"
Set parameter MIPGap to value 1e-06
Set parameter Threads to value 8
Gurobi Optimizer version 13.0.0 build v13.0.0rc1 (linux64 - "Oracle Linux Server 9.7")

CPU model: AMD EPYC 7643 48-Core Processor, instruction set [SSE2|AVX|AVX2]
Thread count: 48 physical cores, 96 logical processors, using up to 8 threads

Non-default parameters:
MIPGap  1e-06
Threads  8

Optimize a model with 1 rows, 16 columns and 16 nonzeros (Min)
Model fingerprint: 0xb66182a1
Model has 16 linear objective coefficients and an objective constant of 5.3706176269779995e+00
Model has 120 quadratic objective terms
Variable types: 0 continuous, 16 integer (16 binary)
Coefficient statistics:
  Matrix range     [1e+00, 1e+00]
  Objective range  [6e-01, 2e+00]
  QObjective range [8e-03, 2e+00]
  Bounds range     [1e+00, 1e+00]
  RHS range        [8e+00, 8e+00]
Found heuristic solution: objective -1.0190842
Presolve time: 0.00s
Presolved: 121 rows, 136 columns, 376 nonzeros
Variable types: 0 continuous, 136 integer (136 binary)

Root relaxation: objective -1.087038e+01, 47 iterations, 0.00 seconds (0.00 work units)

    Nodes    |    Current Node    |     Objective Bounds      |     Work
 Expl Unexpl |  Obj  Depth IntInf | Incumbent    BestBd   Gap | It/Node Time

     0     0  -10.87038    0   16   -1.01908  -10.87038   967%     -    0s
H    0     0                      -1.4310748  -10.87038   660%     -    0s
H    0     0                      -3.7058952  -10.87038   193%     -    0s
H    0     0                      -5.4400863  -10.87038   100%     -    0s
     0     0     cutoff    0        -5.44009   -5.44009  0.00%     -    0s

Cutting planes:
  Gomory: 2
  MIR: 38
  Zero half: 25
  RLT: 34
  BQP: 184

Explored 1 nodes (252 simplex iterations) in 0.02 seconds (0.01 work units)
Thread count was 8 (of 96 available processors)

Solution count 4: -5.44009 -3.7059 -1.43107 -1.01908 
No other solutions better than -5.44009

Optimal solution found (tolerance 1.00e-06)
Best objective -5.440086339786e+00, best bound -5.440086339786e+00, gap 0.0000%

User-callback calls 165, time in user-callback 0.00 sec
