
Gurobi 13.0.0 (linux64) logging started Sun May  3 10:53:51 2026

Set parameter LogFile to value "logs/N=16_layers=1_presolve_on/N=16/seed=22/quantum_layers=1/precond_pen=0.800.log"
Set parameter MIPGap to value 1e-06
Set parameter Threads to value 8
Gurobi Optimizer version 13.0.0 build v13.0.0rc1 (linux64 - "Oracle Linux Server 9.7")

CPU model: AMD EPYC 7643 48-Core Processor, instruction set [SSE2|AVX|AVX2]
Thread count: 48 physical cores, 96 logical processors, using up to 8 threads

Non-default parameters:
MIPGap  1e-06
Threads  8

Optimize a model with 1 rows, 16 columns and 16 nonzeros (Min)
Model fingerprint: 0x4ecbe3d9
Model has 16 linear objective coefficients and an objective constant of 6.7311353191880006e+00
Model has 120 quadratic objective terms
Variable types: 0 continuous, 16 integer (16 binary)
Coefficient statistics:
  Matrix range     [1e+00, 1e+00]
  Objective range  [1e+00, 2e+00]
  QObjective range [5e-02, 8e-01]
  Bounds range     [1e+00, 1e+00]
  RHS range        [8e+00, 8e+00]
Found heuristic solution: objective -0.6339538
Presolve time: 0.00s
Presolved: 121 rows, 136 columns, 376 nonzeros
Variable types: 0 continuous, 136 integer (136 binary)

Root relaxation: objective -6.731135e+00, 67 iterations, 0.00 seconds (0.00 work units)

    Nodes    |    Current Node    |     Objective Bounds      |     Work
 Expl Unexpl |  Obj  Depth IntInf | Incumbent    BestBd   Gap | It/Node Time

     0     0   -6.73114    0   16   -0.63395   -6.73114   962%     -    0s
H    0     0                      -0.6781599   -6.73114   893%     -    0s
H    0     0                      -1.0811738   -6.73114   523%     -    0s
H    0     0                      -1.5920984   -6.73114   323%     -    0s
     0     0   -1.61903    0  105   -1.59210   -1.61903  1.69%     -    0s

Cutting planes:
  Gomory: 6
  Dual implied bound: 7
  MIR: 95
  Zero half: 20
  RLT: 34
  BQP: 272

Explored 1 nodes (822 simplex iterations) in 0.10 seconds (0.07 work units)
Thread count was 8 (of 96 available processors)

Solution count 4: -1.5921 -1.08117 -0.67816 -0.633954 
No other solutions better than -1.5921

Optimal solution found (tolerance 1.00e-06)
Best objective -1.592098425684e+00, best bound -1.592098425684e+00, gap 0.0000%

User-callback calls 177, time in user-callback 0.00 sec
