
Gurobi 13.0.0 (linux64) logging started Sun May  3 10:53:51 2026

Set parameter LogFile to value "logs/N=16_layers=1_presolve_on/N=16/seed=22/quantum_layers=1/precond_pen=0.700.log"
Set parameter MIPGap to value 1e-06
Set parameter Threads to value 8
Gurobi Optimizer version 13.0.0 build v13.0.0rc1 (linux64 - "Oracle Linux Server 9.7")

CPU model: AMD EPYC 7643 48-Core Processor, instruction set [SSE2|AVX|AVX2]
Thread count: 48 physical cores, 96 logical processors, using up to 8 threads

Non-default parameters:
MIPGap  1e-06
Threads  8

Optimize a model with 1 rows, 16 columns and 16 nonzeros (Min)
Model fingerprint: 0xc1fe27b7
Model has 16 linear objective coefficients and an objective constant of 6.6918934724480037e+00
Model has 120 quadratic objective terms
Variable types: 0 continuous, 16 integer (16 binary)
Coefficient statistics:
  Matrix range     [1e+00, 1e+00]
  Objective range  [1e+00, 2e+00]
  QObjective range [1e-02, 9e-01]
  Bounds range     [1e+00, 1e+00]
  RHS range        [8e+00, 8e+00]
Found heuristic solution: objective -0.6750344
Presolve time: 0.00s
Presolved: 121 rows, 136 columns, 376 nonzeros
Variable types: 0 continuous, 136 integer (136 binary)

Root relaxation: objective -6.708082e+00, 56 iterations, 0.00 seconds (0.00 work units)

    Nodes    |    Current Node    |     Objective Bounds      |     Work
 Expl Unexpl |  Obj  Depth IntInf | Incumbent    BestBd   Gap | It/Node Time

     0     0   -6.70808    0   16   -0.67503   -6.70808   894%     -    0s
H    0     0                      -0.7002538   -6.70808   858%     -    0s
H    0     0                      -1.8743099   -6.70808   258%     -    0s
     0     0   -1.87435    0   71   -1.87431   -1.87435  0.00%     -    0s
     0     0     cutoff    0        -1.87431   -1.87431  0.00%     -    0s

Cutting planes:
  Gomory: 1
  MIR: 65
  Zero half: 36
  RLT: 36
  BQP: 317

Explored 1 nodes (637 simplex iterations) in 0.06 seconds (0.04 work units)
Thread count was 8 (of 96 available processors)

Solution count 3: -1.87431 -0.700254 -0.675034 
No other solutions better than -1.87431

Optimal solution found (tolerance 1.00e-06)
Best objective -1.874309907586e+00, best bound -1.874309907586e+00, gap 0.0000%

User-callback calls 169, time in user-callback 0.00 sec
