
Gurobi 13.0.0 (linux64) logging started Sun May  3 11:04:16 2026

Set parameter LogFile to value "logs/N=12_layers=1_presolve_on/N=12/seed=1/quantum_layers=1/precond_pen=0.600.log"
Set parameter MIPGap to value 1e-06
Set parameter Threads to value 8
Gurobi Optimizer version 13.0.0 build v13.0.0rc1 (linux64 - "Oracle Linux Server 9.7")

CPU model: AMD EPYC 7643 48-Core Processor, instruction set [SSE2|AVX|AVX2]
Thread count: 48 physical cores, 96 logical processors, using up to 8 threads

Non-default parameters:
MIPGap  1e-06
Threads  8

Optimize a model with 1 rows, 12 columns and 12 nonzeros (Min)
Model fingerprint: 0xb294404d
Model has 12 linear objective coefficients and an objective constant of 4.7622085954850011e+00
Model has 66 quadratic objective terms
Variable types: 0 continuous, 12 integer (12 binary)
Coefficient statistics:
  Matrix range     [1e+00, 1e+00]
  Objective range  [1e+00, 2e+00]
  QObjective range [2e-02, 1e+00]
  Bounds range     [1e+00, 1e+00]
  RHS range        [6e+00, 6e+00]
Found heuristic solution: objective -0.3846637
Presolve time: 0.00s
Presolved: 67 rows, 78 columns, 210 nonzeros
Variable types: 0 continuous, 78 integer (78 binary)

Root relaxation: objective -4.905996e+00, 21 iterations, 0.00 seconds (0.00 work units)

    Nodes    |    Current Node    |     Objective Bounds      |     Work
 Expl Unexpl |  Obj  Depth IntInf | Incumbent    BestBd   Gap | It/Node Time

     0     0   -4.90600    0   12   -0.38466   -4.90600  1175%     -    0s
H    0     0                      -0.8716199   -4.90600   463%     -    0s
H    0     0                      -0.9207968   -4.90600   433%     -    0s
H    0     0                      -1.0092618   -4.90600   386%     -    0s
H    0     0                      -1.9265791   -4.90600   155%     -    0s
     0     0   -1.92658    0   38   -1.92658   -1.92658  0.00%     -    0s

Cutting planes:
  Gomory: 1
  MIR: 34
  Zero half: 23
  RLT: 24
  BQP: 109

Explored 1 nodes (118 simplex iterations) in 0.01 seconds (0.00 work units)
Thread count was 8 (of 96 available processors)

Solution count 5: -1.92658 -1.00926 -0.920797 ... -0.384664
No other solutions better than -1.92658

Optimal solution found (tolerance 1.00e-06)
Best objective -1.926579095053e+00, best bound -1.926579095053e+00, gap 0.0000%

User-callback calls 166, time in user-callback 0.00 sec
