
Gurobi 13.0.0 (linux64) logging started Sun May  3 11:08:50 2026

Set parameter LogFile to value "logs/N=12_layers=3_presolve_on/N=12/seed=1/quantum_layers=3/precond_pen=0.500.log"
Set parameter MIPGap to value 1e-06
Set parameter Threads to value 8
Gurobi Optimizer version 13.0.0 build v13.0.0rc1 (linux64 - "Oracle Linux Server 9.7")

CPU model: AMD EPYC 7643 48-Core Processor, instruction set [SSE2|AVX|AVX2]
Thread count: 48 physical cores, 96 logical processors, using up to 8 threads

Non-default parameters:
MIPGap  1e-06
Threads  8

Optimize a model with 1 rows, 12 columns and 12 nonzeros (Min)
Model fingerprint: 0x37221ff0
Model has 12 linear objective coefficients and an objective constant of 4.5691730657419987e+00
Model has 66 quadratic objective terms
Variable types: 0 continuous, 12 integer (12 binary)
Coefficient statistics:
  Matrix range     [1e+00, 1e+00]
  Objective range  [6e-01, 2e+00]
  QObjective range [3e-02, 5e+00]
  Bounds range     [1e+00, 1e+00]
  RHS range        [6e+00, 6e+00]
Found heuristic solution: objective -1.1384515
Presolve time: 0.00s
Presolved: 67 rows, 78 columns, 210 nonzeros
Variable types: 0 continuous, 78 integer (78 binary)

Root relaxation: objective -1.556341e+01, 11 iterations, 0.00 seconds (0.00 work units)

    Nodes    |    Current Node    |     Objective Bounds      |     Work
 Expl Unexpl |  Obj  Depth IntInf | Incumbent    BestBd   Gap | It/Node Time

     0     0  -15.56341    0   12   -1.13845  -15.56341  1267%     -    0s
H    0     0                      -2.8822538  -15.56341   440%     -    0s
H    0     0                      -3.7850874  -15.56341   311%     -    0s
H    0     0                      -5.8179078  -15.56341   168%     -    0s
H    0     0                     -11.6472846  -15.56341  33.6%     -    0s

Cutting planes:
  Gomory: 1
  MIR: 10
  Zero half: 5
  RLT: 11
  BQP: 40

Explored 1 nodes (11 simplex iterations) in 0.01 seconds (0.00 work units)
Thread count was 8 (of 96 available processors)

Solution count 5: -11.6473 -5.81791 -3.78509 ... -1.13845
No other solutions better than -11.6473

Optimal solution found (tolerance 1.00e-06)
Best objective -1.164728458702e+01, best bound -1.164728458702e+01, gap 0.0000%

User-callback calls 161, time in user-callback 0.00 sec
