
Gurobi 13.0.0 (linux64) logging started Tue Mar 31 15:05:14 2026

Set parameter LogFile to value "logs/N=12_layers=2_presolve_on/N=12/seed=28/n_qaoa_layers=2/precond_pen=0.500.log"
Set parameter MIPGap to value 1e-06
Set parameter Threads to value 8
Gurobi Optimizer version 13.0.0 build v13.0.0rc1 (linux64 - "Oracle Linux Server 9.7")

CPU model: AMD EPYC 7643 48-Core Processor, instruction set [SSE2|AVX|AVX2]
Thread count: 48 physical cores, 96 logical processors, using up to 8 threads

Non-default parameters:
MIPGap  1e-06
Threads  8

Optimize a model with 1 rows, 12 columns and 12 nonzeros (Min)
Model fingerprint: 0xbc8c46b8
Model has 12 linear objective coefficients and an objective constant of 4.2667532641190018e+00
Model has 66 quadratic objective terms
Variable types: 0 continuous, 12 integer (12 binary)
Coefficient statistics:
  Matrix range     [1e+00, 1e+00]
  Objective range  [7e-01, 2e+00]
  QObjective range [9e-03, 4e+00]
  Bounds range     [1e+00, 1e+00]
  RHS range        [6e+00, 6e+00]
Found heuristic solution: objective -3.9476930
Presolve time: 0.00s
Presolved: 67 rows, 78 columns, 210 nonzeros
Variable types: 0 continuous, 78 integer (78 binary)

Root relaxation: objective -1.166199e+01, 13 iterations, 0.00 seconds (0.00 work units)

    Nodes    |    Current Node    |     Objective Bounds      |     Work
 Expl Unexpl |  Obj  Depth IntInf | Incumbent    BestBd   Gap | It/Node Time

     0     0  -11.66199    0   12   -3.94769  -11.66199   195%     -    0s
H    0     0                      -6.5864714  -11.66199  77.1%     -    0s
     0     0   -6.58647    0   36   -6.58647   -6.58647  0.00%     -    0s

Cutting planes:
  Gomory: 1
  MIR: 13
  Zero half: 22
  RLT: 16
  BQP: 54

Explored 1 nodes (70 simplex iterations) in 0.01 seconds (0.00 work units)
Thread count was 8 (of 96 available processors)

Solution count 2: -6.58647 -3.94769 
No other solutions better than -6.58647

Optimal solution found (tolerance 1.00e-06)
Best objective -6.586471414659e+00, best bound -6.586471414659e+00, gap 0.0000%

User-callback calls 159, time in user-callback 0.00 sec
