
Gurobi 13.0.0 (linux64) logging started Tue Mar 31 15:12:38 2026

Set parameter LogFile to value "logs/N=16_layers=2_presolve_on/N=16/seed=28/n_qaoa_layers=2/baseline.log"
Set parameter MIPGap to value 1e-06
Set parameter Threads to value 8
Gurobi Optimizer version 13.0.0 build v13.0.0rc1 (linux64 - "Oracle Linux Server 9.7")

CPU model: AMD EPYC 7643 48-Core Processor, instruction set [SSE2|AVX|AVX2]
Thread count: 48 physical cores, 96 logical processors, using up to 8 threads

Non-default parameters:
MIPGap  1e-06
Threads  8

Optimize a model with 1 rows, 16 columns and 16 nonzeros (Min)
Model fingerprint: 0x812a5e82
Model has 16 linear objective coefficients
Model has 120 quadratic objective terms
Variable types: 0 continuous, 16 integer (16 binary)
Coefficient statistics:
  Matrix range     [1e+00, 1e+00]
  Objective range  [1e+01, 2e+01]
  QObjective range [1e-01, 8e+00]
  Bounds range     [1e+00, 1e+00]
  RHS range        [8e+00, 8e+00]
Found heuristic solution: objective 72.0920768
Presolve time: 0.00s
Presolved: 121 rows, 136 columns, 376 nonzeros
Variable types: 0 continuous, 136 integer (136 binary)

Root relaxation: objective 1.360023e-15, 8 iterations, 0.00 seconds (0.00 work units)

    Nodes    |    Current Node    |     Objective Bounds      |     Work
 Expl Unexpl |  Obj  Depth IntInf | Incumbent    BestBd   Gap | It/Node Time

     0     0    0.00000    0   16   72.09208    0.00000   100%     -    0s
H    0     0                      70.0462898    0.00000   100%     -    0s
H    0     0                      59.1019293    0.00000   100%     -    0s
     0     0   28.23132    0   19   59.10193   28.23132  52.2%     -    0s
     0     0   28.84610    0   23   59.10193   28.84610  51.2%     -    0s
     0     0   41.95942    0   66   59.10193   41.95942  29.0%     -    0s
     0     0   43.71774    0   69   59.10193   43.71774  26.0%     -    0s
     0     0   44.08260    0   71   59.10193   44.08260  25.4%     -    0s
     0     0   48.05371    0   95   59.10193   48.05371  18.7%     -    0s
     0     0   48.06568    0   95   59.10193   48.06568  18.7%     -    0s
     0     2   48.09328    0   95   59.10193   48.09328  18.6%     -    0s

Cutting planes:
  Gomory: 1
  Cover: 25
  Dual implied bound: 33
  MIR: 36
  Mod-K: 1
  RLT: 16

Explored 73 nodes (3277 simplex iterations) in 0.10 seconds (0.09 work units)
Thread count was 8 (of 96 available processors)

Solution count 3: 59.1019 70.0463 72.0921 

Optimal solution found (tolerance 1.00e-06)
Best objective 5.910192928332e+01, best bound 5.910192928332e+01, gap 0.0000%

User-callback calls 367, time in user-callback 0.00 sec
