
Gurobi 13.0.0 (linux64) logging started Tue Mar 31 15:05:14 2026

Set parameter LogFile to value "logs/N=12_layers=2_presolve_on/N=12/seed=26/n_qaoa_layers=2/precond_pen=0.700.log"
Set parameter MIPGap to value 1e-06
Set parameter Threads to value 8
Gurobi Optimizer version 13.0.0 build v13.0.0rc1 (linux64 - "Oracle Linux Server 9.7")

CPU model: AMD EPYC 7643 48-Core Processor, instruction set [SSE2|AVX|AVX2]
Thread count: 48 physical cores, 96 logical processors, using up to 8 threads

Non-default parameters:
MIPGap  1e-06
Threads  8

Optimize a model with 1 rows, 12 columns and 12 nonzeros (Min)
Model fingerprint: 0xfbf61bd3
Model has 12 linear objective coefficients and an objective constant of 4.581034006428
Model has 66 quadratic objective terms
Variable types: 0 continuous, 12 integer (12 binary)
Coefficient statistics:
  Matrix range     [1e+00, 1e+00]
  Objective range  [1e+00, 2e+00]
  QObjective range [8e-02, 3e+00]
  Bounds range     [1e+00, 1e+00]
  RHS range        [6e+00, 6e+00]
Found heuristic solution: objective -2.0566676
Presolve time: 0.00s
Presolved: 67 rows, 78 columns, 210 nonzeros
Variable types: 0 continuous, 78 integer (78 binary)

Root relaxation: objective -8.173442e+00, 19 iterations, 0.00 seconds (0.00 work units)

    Nodes    |    Current Node    |     Objective Bounds      |     Work
 Expl Unexpl |  Obj  Depth IntInf | Incumbent    BestBd   Gap | It/Node Time

     0     0   -8.17344    0   12   -2.05667   -8.17344   297%     -    0s
H    0     0                      -2.9922460   -8.17344   173%     -    0s
H    0     0                      -4.1961010   -8.17344  94.8%     -    0s
     0     0   -4.19610    0   34   -4.19610   -4.19610  0.00%     -    0s

Cutting planes:
  Gomory: 1
  MIR: 20
  Zero half: 10
  RLT: 16
  BQP: 66

Explored 1 nodes (99 simplex iterations) in 0.01 seconds (0.00 work units)
Thread count was 8 (of 96 available processors)

Solution count 3: -4.1961 -2.99225 -2.05667 
No other solutions better than -4.1961

Optimal solution found (tolerance 1.00e-06)
Best objective -4.196100958388e+00, best bound -4.196100958388e+00, gap 0.0000%

User-callback calls 162, time in user-callback 0.00 sec
