
Gurobi 13.0.0 (linux64) logging started Sun Mar 22 16:50:49 2026

Set parameter LogFile to value "logs/N=12_presolve_off/N=12/seed=35/n_qaoa_layers=1/precond_pen=0.400.log"
Set parameter MIPGap to value 1e-06
Set parameter Threads to value 8
Set parameter Presolve to value 0
Gurobi Optimizer version 13.0.0 build v13.0.0rc1 (linux64 - "Oracle Linux Server 9.7")

CPU model: AMD EPYC 7643 48-Core Processor, instruction set [SSE2|AVX|AVX2]
Thread count: 48 physical cores, 96 logical processors, using up to 8 threads

Non-default parameters:
MIPGap  1e-06
Presolve  0
Threads  8

Optimize a model with 1 rows, 12 columns and 12 nonzeros (Min)
Model fingerprint: 0xaaff5590
Model has 12 linear objective coefficients and an objective constant of 3.86131638032
Model has 66 quadratic objective terms
Variable types: 0 continuous, 12 integer (12 binary)
Coefficient statistics:
  Matrix range     [1e+00, 1e+00]
  Objective range  [3e-01, 2e+00]
  QObjective range [3e-02, 2e+00]
  Bounds range     [1e+00, 1e+00]
  RHS range        [6e+00, 6e+00]
Found heuristic solution: objective 0.0394867
Variable types: 0 continuous, 78 integer (78 binary)

Root relaxation: objective -7.724136e+00, 12 iterations, 0.00 seconds (0.00 work units)

    Nodes    |    Current Node    |     Objective Bounds      |     Work
 Expl Unexpl |  Obj  Depth IntInf | Incumbent    BestBd   Gap | It/Node Time

     0     0   -7.72414    0   12    0.03949   -7.72414      -     -    0s
H    0     0                      -2.3891968   -7.72414   223%     -    0s
H    0     0                      -3.7464519   -7.72414   106%     -    0s
     0     0   -3.74645    0   35   -3.74645   -3.74645  0.00%     -    0s

Cutting planes:
  Gomory: 1
  MIR: 23
  Zero half: 15
  RLT: 19
  BQP: 64

Explored 1 nodes (95 simplex iterations) in 0.01 seconds (0.00 work units)
Thread count was 8 (of 96 available processors)

Solution count 3: -3.74645 -2.3892 0.0394867 
No other solutions better than -3.74645

Optimal solution found (tolerance 1.00e-06)
Best objective -3.746451946734e+00, best bound -3.746451946734e+00, gap 0.0000%

User-callback calls 67, time in user-callback 0.00 sec
