
Gurobi 13.0.0 (linux64) logging started Sun May  3 10:54:28 2026

Set parameter LogFile to value "logs/N=16_layers=1_presolve_off/N=16/seed=34/quantum_layers=1/baseline.log"
Set parameter MIPGap to value 1e-06
Set parameter Threads to value 8
Set parameter Presolve to value 0
Gurobi Optimizer version 13.0.0 build v13.0.0rc1 (linux64 - "Oracle Linux Server 9.7")

CPU model: AMD EPYC 7643 48-Core Processor, instruction set [SSE2|AVX|AVX2]
Thread count: 48 physical cores, 96 logical processors, using up to 8 threads

Non-default parameters:
MIPGap  1e-06
Presolve  0
Threads  8

Optimize a model with 1 rows, 16 columns and 16 nonzeros (Min)
Model fingerprint: 0xda7fcc3c
Model has 16 linear objective coefficients and an objective constant of -1.9799925587982159e-12
Model has 120 quadratic objective terms
Variable types: 0 continuous, 16 integer (16 binary)
Coefficient statistics:
  Matrix range     [1e+00, 1e+00]
  Objective range  [1e+01, 2e+01]
  QObjective range [3e-02, 8e+00]
  Bounds range     [1e+00, 1e+00]
  RHS range        [8e+00, 8e+00]
Found heuristic solution: objective 67.8271440
Variable types: 0 continuous, 136 integer (136 binary)

Root relaxation: objective -1.982657e-12, 8 iterations, 0.00 seconds (0.00 work units)

    Nodes    |    Current Node    |     Objective Bounds      |     Work
 Expl Unexpl |  Obj  Depth IntInf | Incumbent    BestBd   Gap | It/Node Time

     0     0   -0.00000    0   16   67.82714   -0.00000   100%     -    0s
H    0     0                      66.2936642   -0.00000   100%     -    0s
H    0     0                      57.6606758   -0.00000   100%     -    0s
H    0     0                      55.6420431   24.70131  55.6%     -    0s
     0     0   25.97642    0   16   55.64204   25.97642  53.3%     -    0s
     0     0   27.35429    0   21   55.64204   27.35429  50.8%     -    0s
     0     0   32.73717    0   40   55.64204   32.73717  41.2%     -    0s
     0     0   32.89786    0   40   55.64204   32.89786  40.9%     -    0s
     0     2   32.89786    0   40   55.64204   32.89786  40.9%     -    0s

Cutting planes:
  Gomory: 2
  MIR: 17
  StrongCG: 1
  RLT: 12

Explored 461 nodes (10383 simplex iterations) in 0.08 seconds (0.08 work units)
Thread count was 8 (of 96 available processors)

Solution count 4: 55.642 57.6607 66.2937 67.8271 

Optimal solution found (tolerance 1.00e-06)
Best objective 5.564204311779e+01, best bound 5.564204311779e+01, gap 0.0000%

User-callback calls 1031, time in user-callback 0.00 sec
