
Gurobi 13.0.0 (linux64) logging started Sun May  3 10:54:28 2026

Set parameter LogFile to value "logs/N=16_layers=1_presolve_off/N=16/seed=34/quantum_layers=1/precond_pen=1.000.log"
Set parameter MIPGap to value 1e-06
Set parameter Threads to value 8
Set parameter Presolve to value 0
Gurobi Optimizer version 13.0.0 build v13.0.0rc1 (linux64 - "Oracle Linux Server 9.7")

CPU model: AMD EPYC 7643 48-Core Processor, instruction set [SSE2|AVX|AVX2]
Thread count: 48 physical cores, 96 logical processors, using up to 8 threads

Non-default parameters:
MIPGap  1e-06
Presolve  0
Threads  8

Optimize a model with 1 rows, 16 columns and 16 nonzeros (Min)
Model fingerprint: 0xc88b433e
Model has 16 linear objective coefficients and an objective constant of 6.7674989846450035e+00
Model has 120 quadratic objective terms
Variable types: 0 continuous, 16 integer (16 binary)
Coefficient statistics:
  Matrix range     [1e+00, 1e+00]
  Objective range  [2e+00, 2e+00]
  QObjective range [1e-01, 8e-01]
  Bounds range     [1e+00, 1e+00]
  RHS range        [8e+00, 8e+00]
Found heuristic solution: objective -0.3881205
Variable types: 0 continuous, 136 integer (136 binary)

Root relaxation: objective -6.767499e+00, 46 iterations, 0.00 seconds (0.00 work units)

    Nodes    |    Current Node    |     Objective Bounds      |     Work
 Expl Unexpl |  Obj  Depth IntInf | Incumbent    BestBd   Gap | It/Node Time

     0     0   -6.76750    0   16   -0.38812   -6.76750  1644%     -    0s
H    0     0                      -0.6728236   -6.76750   906%     -    0s
H    0     0                      -1.2138783   -6.76750   458%     -    0s
H    0     0                      -1.2810544   -5.00430   291%     -    0s
     0     0   -1.41131    0  116   -1.28105   -1.41131  10.2%     -    0s
     0     0   -1.28105    0  124   -1.28105   -1.28105  0.00%     -    0s

Cutting planes:
  Gomory: 8
  MIR: 89
  StrongCG: 1
  Zero half: 6
  RLT: 38
  BQP: 250

Explored 1 nodes (1260 simplex iterations) in 0.13 seconds (0.09 work units)
Thread count was 8 (of 96 available processors)

Solution count 4: -1.28105 -1.21388 -0.672824 -0.38812 
No other solutions better than -1.28105

Optimal solution found (tolerance 1.00e-06)
Best objective -1.281054440829e+00, best bound -1.281054440829e+00, gap 0.0000%

User-callback calls 88, time in user-callback 0.00 sec
