
Gurobi 13.0.0 (linux64) logging started Sun May  3 10:54:28 2026

Set parameter LogFile to value "logs/N=16_layers=1_presolve_off/N=16/seed=34/quantum_layers=1/precond_pen=0.200.log"
Set parameter MIPGap to value 1e-06
Set parameter Threads to value 8
Set parameter Presolve to value 0
Gurobi Optimizer version 13.0.0 build v13.0.0rc1 (linux64 - "Oracle Linux Server 9.7")

CPU model: AMD EPYC 7643 48-Core Processor, instruction set [SSE2|AVX|AVX2]
Thread count: 48 physical cores, 96 logical processors, using up to 8 threads

Non-default parameters:
MIPGap  1e-06
Presolve  0
Threads  8

Optimize a model with 1 rows, 16 columns and 16 nonzeros (Min)
Model fingerprint: 0x460bcf1f
Model has 16 linear objective coefficients and an objective constant of -10.536016856007
Model has 120 quadratic objective terms
Variable types: 0 continuous, 16 integer (16 binary)
Coefficient statistics:
  Matrix range     [1e+00, 1e+00]
  Objective range  [4e-01, 5e+00]
  QObjective range [1e-03, 3e+00]
  Bounds range     [1e+00, 1e+00]
  RHS range        [8e+00, 8e+00]
Found heuristic solution: objective 0.7437160
Variable types: 0 continuous, 136 integer (136 binary)

Root relaxation: objective -1.734159e+01, 10 iterations, 0.00 seconds (0.00 work units)

    Nodes    |    Current Node    |     Objective Bounds      |     Work
 Expl Unexpl |  Obj  Depth IntInf | Incumbent    BestBd   Gap | It/Node Time

     0     0  -17.34159    0   16    0.74372  -17.34159  2432%     -    0s
H    0     0                      -1.4017520  -17.34159  1137%     -    0s
H    0     0                      -1.8455373  -17.34159   840%     -    0s
H    0     0                      -6.1043192  -17.34159   184%     -    0s
     0     0   -9.02527    0   53   -6.10432   -9.02527  47.9%     -    0s
     0     0   -6.10432    0  110   -6.10432   -6.10432  0.00%     -    0s

Cutting planes:
  Gomory: 12
  Cover: 2
  MIR: 61
  StrongCG: 3
  Zero half: 18
  Mod-K: 1
  RLT: 26
  BQP: 103

Explored 1 nodes (381 simplex iterations) in 0.04 seconds (0.03 work units)
Thread count was 8 (of 96 available processors)

Solution count 4: -6.10432 -1.84554 -1.40175 0.743716 
No other solutions better than -6.10432

Optimal solution found (tolerance 1.00e-06)
Best objective -6.104319175781e+00, best bound -6.104319175781e+00, gap 0.0000%

User-callback calls 84, time in user-callback 0.00 sec
