
Gurobi 13.0.0 (linux64) logging started Sun May  3 10:54:28 2026

Set parameter LogFile to value "logs/N=16_layers=1_presolve_off/N=16/seed=34/quantum_layers=1/precond_pen=0.500.log"
Set parameter MIPGap to value 1e-06
Set parameter Threads to value 8
Set parameter Presolve to value 0
Gurobi Optimizer version 13.0.0 build v13.0.0rc1 (linux64 - "Oracle Linux Server 9.7")

CPU model: AMD EPYC 7643 48-Core Processor, instruction set [SSE2|AVX|AVX2]
Thread count: 48 physical cores, 96 logical processors, using up to 8 threads

Non-default parameters:
MIPGap  1e-06
Presolve  0
Threads  8

Optimize a model with 1 rows, 16 columns and 16 nonzeros (Min)
Model fingerprint: 0x805a52e6
Model has 16 linear objective coefficients and an objective constant of 6.2914802366969989e+00
Model has 120 quadratic objective terms
Variable types: 0 continuous, 16 integer (16 binary)
Coefficient statistics:
  Matrix range     [1e+00, 1e+00]
  Objective range  [1e+00, 2e+00]
  QObjective range [9e-04, 2e+00]
  Bounds range     [1e+00, 1e+00]
  RHS range        [8e+00, 8e+00]
Found heuristic solution: objective -0.1751610
Variable types: 0 continuous, 136 integer (136 binary)

Root relaxation: objective -8.363056e+00, 36 iterations, 0.00 seconds (0.00 work units)

    Nodes    |    Current Node    |     Objective Bounds      |     Work
 Expl Unexpl |  Obj  Depth IntInf | Incumbent    BestBd   Gap | It/Node Time

     0     0   -8.36306    0   16   -0.17516   -8.36306  4674%     -    0s
H    0     0                      -0.4011542   -8.36306  1985%     -    0s
H    0     0                      -3.1745157   -8.36306   163%     -    0s
H    0     0                      -3.3567292   -8.36306   149%     -    0s
     0     0   -3.43805    0   65   -3.35673   -3.43805  2.42%     -    0s
     0     0     cutoff    0        -3.35673   -3.35673  0.00%     -    0s

Cutting planes:
  Gomory: 2
  MIR: 53
  Zero half: 23
  RLT: 39
  BQP: 213

Explored 1 nodes (372 simplex iterations) in 0.02 seconds (0.01 work units)
Thread count was 8 (of 96 available processors)

Solution count 4: -3.35673 -3.17452 -0.401154 -0.175161 
No other solutions better than -3.35673

Optimal solution found (tolerance 1.00e-06)
Best objective -3.356729163935e+00, best bound -3.356729163935e+00, gap 0.0000%

User-callback calls 73, time in user-callback 0.00 sec
