
Gurobi 13.0.0 (linux64) logging started Sun May  3 10:58:44 2026

Set parameter LogFile to value "logs/N=16_layers=2_presolve_off/N=16/seed=13/quantum_layers=2/precond_pen=1.000.log"
Set parameter MIPGap to value 1e-06
Set parameter Threads to value 8
Set parameter Presolve to value 0
Gurobi Optimizer version 13.0.0 build v13.0.0rc1 (linux64 - "Oracle Linux Server 9.7")

CPU model: AMD EPYC 7643 48-Core Processor, instruction set [SSE2|AVX|AVX2]
Thread count: 48 physical cores, 96 logical processors, using up to 8 threads

Non-default parameters:
MIPGap  1e-06
Presolve  0
Threads  8

Optimize a model with 1 rows, 16 columns and 16 nonzeros (Min)
Model fingerprint: 0xfa459749
Model has 16 linear objective coefficients and an objective constant of 7.28734441352
Model has 120 quadratic objective terms
Variable types: 0 continuous, 16 integer (16 binary)
Coefficient statistics:
  Matrix range     [1e+00, 1e+00]
  Objective range  [2e+00, 2e+00]
  QObjective range [6e-04, 1e+00]
  Bounds range     [1e+00, 1e+00]
  RHS range        [8e+00, 8e+00]
Found heuristic solution: objective -0.2116416
Variable types: 0 continuous, 136 integer (136 binary)

Root relaxation: objective -7.323153e+00, 41 iterations, 0.00 seconds (0.00 work units)

    Nodes    |    Current Node    |     Objective Bounds      |     Work
 Expl Unexpl |  Obj  Depth IntInf | Incumbent    BestBd   Gap | It/Node Time

     0     0   -7.32315    0   16   -0.21164   -7.32315  3360%     -    0s
H    0     0                      -2.4468483   -7.32315   199%     -    0s
H    0     0                      -2.6644061   -7.32315   175%     -    0s
     0     0   -2.66534    0   70   -2.66441   -2.66534  0.04%     -    0s
     0     0     cutoff    0        -2.66441   -2.66441  0.00%     -    0s

Cutting planes:
  Gomory: 2
  MIR: 94
  Zero half: 40
  RLT: 39
  BQP: 345

Explored 1 nodes (312 simplex iterations) in 0.03 seconds (0.02 work units)
Thread count was 8 (of 96 available processors)

Solution count 3: -2.66441 -2.44685 -0.211642 
No other solutions better than -2.66441

Optimal solution found (tolerance 1.00e-06)
Best objective -2.664406095650e+00, best bound -2.664406095650e+00, gap 0.0000%

User-callback calls 70, time in user-callback 0.00 sec
