
Gurobi 13.0.0 (linux64) logging started Sun May  3 10:58:44 2026

Set parameter LogFile to value "logs/N=16_layers=2_presolve_off/N=16/seed=13/quantum_layers=2/precond_pen=0.400.log"
Set parameter MIPGap to value 1e-06
Set parameter Threads to value 8
Set parameter Presolve to value 0
Gurobi Optimizer version 13.0.0 build v13.0.0rc1 (linux64 - "Oracle Linux Server 9.7")

CPU model: AMD EPYC 7643 48-Core Processor, instruction set [SSE2|AVX|AVX2]
Thread count: 48 physical cores, 96 logical processors, using up to 8 threads

Non-default parameters:
MIPGap  1e-06
Presolve  0
Threads  8

Optimize a model with 1 rows, 16 columns and 16 nonzeros (Min)
Model fingerprint: 0x8f220df9
Model has 16 linear objective coefficients and an objective constant of 5.6852394557220016e+00
Model has 120 quadratic objective terms
Variable types: 0 continuous, 16 integer (16 binary)
Coefficient statistics:
  Matrix range     [1e+00, 1e+00]
  Objective range  [1e+00, 2e+00]
  QObjective range [7e-02, 5e+00]
  Bounds range     [1e+00, 1e+00]
  RHS range        [8e+00, 8e+00]
Found heuristic solution: objective 1.4748024
Variable types: 0 continuous, 136 integer (136 binary)

Root relaxation: objective -2.576472e+01, 9 iterations, 0.00 seconds (0.00 work units)

    Nodes    |    Current Node    |     Objective Bounds      |     Work
 Expl Unexpl |  Obj  Depth IntInf | Incumbent    BestBd   Gap | It/Node Time

     0     0  -25.76472    0   16    1.47480  -25.76472  1847%     -    0s
H    0     0                      -8.9422180  -25.76472   188%     -    0s
H    0     0                     -17.9818814  -25.76472  43.3%     -    0s

Cutting planes:
  Gomory: 1
  MIR: 37
  Zero half: 28
  RLT: 30
  BQP: 134

Explored 1 nodes (9 simplex iterations) in 0.01 seconds (0.00 work units)
Thread count was 8 (of 96 available processors)

Solution count 3: -17.9819 -8.94222 1.4748 
No other solutions better than -17.9819

Optimal solution found (tolerance 1.00e-06)
Best objective -1.798188137755e+01, best bound -1.798188137755e+01, gap 0.0000%

User-callback calls 63, time in user-callback 0.00 sec
