
Gurobi 13.0.0 (linux64) logging started Sun May  3 10:58:44 2026

Set parameter LogFile to value "logs/N=16_layers=2_presolve_off/N=16/seed=13/quantum_layers=2/precond_pen=0.200.log"
Set parameter MIPGap to value 1e-06
Set parameter Threads to value 8
Set parameter Presolve to value 0
Gurobi Optimizer version 13.0.0 build v13.0.0rc1 (linux64 - "Oracle Linux Server 9.7")

CPU model: AMD EPYC 7643 48-Core Processor, instruction set [SSE2|AVX|AVX2]
Thread count: 48 physical cores, 96 logical processors, using up to 8 threads

Non-default parameters:
MIPGap  1e-06
Presolve  0
Threads  8

Optimize a model with 1 rows, 16 columns and 16 nonzeros (Min)
Model fingerprint: 0xc3b7a103
Model has 16 linear objective coefficients and an objective constant of -3.0601594404876998e+01
Model has 120 quadratic objective terms
Variable types: 0 continuous, 16 integer (16 binary)
Coefficient statistics:
  Matrix range     [1e+00, 1e+00]
  Objective range  [2e+00, 1e+01]
  QObjective range [1e-02, 6e+00]
  Bounds range     [1e+00, 1e+00]
  RHS range        [8e+00, 8e+00]
Found heuristic solution: objective 2.7710566
Variable types: 0 continuous, 136 integer (136 binary)

Root relaxation: objective -3.216363e+01, 17 iterations, 0.00 seconds (0.00 work units)

    Nodes    |    Current Node    |     Objective Bounds      |     Work
 Expl Unexpl |  Obj  Depth IntInf | Incumbent    BestBd   Gap | It/Node Time

     0     0  -32.16363    0   16    2.77106  -32.16363  1261%     -    0s
H    0     0                     -12.6240196  -32.16363   155%     -    0s
     0     0  -17.98211    0   45  -12.62402  -17.98211  42.4%     -    0s
     0     0  -17.88060    0   42  -12.62402  -17.88060  41.6%     -    0s
     0     0  -12.62402    0   64  -12.62402  -12.62402  0.00%     -    0s

Cutting planes:
  Gomory: 9
  Cover: 1
  MIR: 33
  StrongCG: 1
  Zero half: 6
  Mod-K: 1
  RLT: 24
  BQP: 40

Explored 1 nodes (287 simplex iterations) in 0.03 seconds (0.02 work units)
Thread count was 8 (of 96 available processors)

Solution count 2: -12.624 2.77106 
No other solutions better than -12.624

Optimal solution found (tolerance 1.00e-06)
Best objective -1.262401960152e+01, best bound -1.262401960152e+01, gap 0.0000%

User-callback calls 82, time in user-callback 0.00 sec
