
Gurobi 13.0.0 (linux64) logging started Sun May  3 11:04:20 2026

Set parameter LogFile to value "logs/N=12_layers=1_presolve_on/N=12/seed=24/quantum_layers=1/precond_pen=0.500.log"
Set parameter MIPGap to value 1e-06
Set parameter Threads to value 8
Gurobi Optimizer version 13.0.0 build v13.0.0rc1 (linux64 - "Oracle Linux Server 9.7")

CPU model: AMD EPYC 7643 48-Core Processor, instruction set [SSE2|AVX|AVX2]
Thread count: 48 physical cores, 96 logical processors, using up to 8 threads

Non-default parameters:
MIPGap  1e-06
Threads  8

Optimize a model with 1 rows, 12 columns and 12 nonzeros (Min)
Model fingerprint: 0xc82de8bd
Model has 12 linear objective coefficients and an objective constant of 4.7369345536899994e+00
Model has 66 quadratic objective terms
Variable types: 0 continuous, 12 integer (12 binary)
Coefficient statistics:
  Matrix range     [1e+00, 1e+00]
  Objective range  [1e+00, 2e+00]
  QObjective range [3e-03, 2e+00]
  Bounds range     [1e+00, 1e+00]
  RHS range        [6e+00, 6e+00]
Found heuristic solution: objective -1.0888334
Presolve time: 0.00s
Presolved: 67 rows, 78 columns, 210 nonzeros
Variable types: 0 continuous, 78 integer (78 binary)

Root relaxation: objective -5.557561e+00, 18 iterations, 0.00 seconds (0.00 work units)

    Nodes    |    Current Node    |     Objective Bounds      |     Work
 Expl Unexpl |  Obj  Depth IntInf | Incumbent    BestBd   Gap | It/Node Time

     0     0   -5.55756    0   12   -1.08883   -5.55756   410%     -    0s
H    0     0                      -1.2582617   -5.55756   342%     -    0s
H    0     0                      -1.3600560   -5.55756   309%     -    0s
H    0     0                      -3.0054984   -5.55756  84.9%     -    0s

Cutting planes:
  Gomory: 1
  MIR: 17
  Zero half: 15
  RLT: 19
  BQP: 78

Explored 1 nodes (18 simplex iterations) in 0.01 seconds (0.00 work units)
Thread count was 8 (of 96 available processors)

Solution count 4: -3.0055 -1.36006 -1.25826 -1.08883 
No other solutions better than -3.0055

Optimal solution found (tolerance 1.00e-06)
Best objective -3.005498412512e+00, best bound -3.005498412512e+00, gap 0.0000%

User-callback calls 159, time in user-callback 0.00 sec
