
Gurobi 13.0.0 (linux64) logging started Sun May  3 10:53:49 2026

Set parameter LogFile to value "logs/N=16_layers=1_presolve_on/N=16/seed=19/quantum_layers=1/precond_pen=0.000.log"
Set parameter MIPGap to value 1e-06
Set parameter Threads to value 8
Gurobi Optimizer version 13.0.0 build v13.0.0rc1 (linux64 - "Oracle Linux Server 9.7")

CPU model: AMD EPYC 7643 48-Core Processor, instruction set [SSE2|AVX|AVX2]
Thread count: 48 physical cores, 96 logical processors, using up to 8 threads

Non-default parameters:
MIPGap  1e-06
Threads  8

Optimize a model with 1 rows, 16 columns and 16 nonzeros (Min)
Model fingerprint: 0x0cdb3348
Model has 16 linear objective coefficients and an objective constant of -4.3361191312915992e+01
Model has 120 quadratic objective terms
Variable types: 0 continuous, 16 integer (16 binary)
Coefficient statistics:
  Matrix range     [1e+00, 1e+00]
  Objective range  [9e+00, 1e+01]
  QObjective range [1e+00, 4e+00]
  Bounds range     [1e+00, 1e+00]
  RHS range        [8e+00, 8e+00]
Found heuristic solution: objective 3.8878617
Presolve time: 0.00s
Presolved: 121 rows, 136 columns, 376 nonzeros
Variable types: 0 continuous, 136 integer (136 binary)

Root relaxation: objective -4.336119e+01, 7 iterations, 0.00 seconds (0.00 work units)

    Nodes    |    Current Node    |     Objective Bounds      |     Work
 Expl Unexpl |  Obj  Depth IntInf | Incumbent    BestBd   Gap | It/Node Time

     0     0  -43.36119    0   16    3.88786  -43.36119  1215%     -    0s
H    0     0                       3.0000393  -43.36119  1545%     -    0s
H    0     0                       2.4989211  -43.36119  1835%     -    0s
H    0     0                      -0.8461491  -43.36119  5025%     -    0s
     0     0   -6.28126    0   29   -0.84615   -6.28126   642%     -    0s
     0     0   -3.54827    0   68   -0.84615   -3.54827   319%     -    0s
     0     0   -3.52802    0   68   -0.84615   -3.52802   317%     -    0s
     0     2   -3.44704    0   68   -0.84615   -3.44704   307%     -    0s

Cutting planes:
  Dual implied bound: 25
  MIR: 16
  RLT: 14

Explored 33 nodes (1528 simplex iterations) in 0.06 seconds (0.05 work units)
Thread count was 8 (of 96 available processors)

Solution count 4: -0.846149 2.49892 3.00004 3.88786 

Optimal solution found (tolerance 1.00e-06)
Best objective -8.461490864920e-01, best bound -8.461490864920e-01, gap 0.0000%

User-callback calls 258, time in user-callback 0.00 sec
