
Gurobi 13.0.0 (linux64) logging started Sun May  3 10:58:28 2026

Set parameter LogFile to value "logs/N=16_layers=2_presolve_on/N=16/seed=12/quantum_layers=2/precond_pen=0.200.log"
Set parameter MIPGap to value 1e-06
Set parameter Threads to value 8
Gurobi Optimizer version 13.0.0 build v13.0.0rc1 (linux64 - "Oracle Linux Server 9.7")

CPU model: AMD EPYC 7643 48-Core Processor, instruction set [SSE2|AVX|AVX2]
Thread count: 48 physical cores, 96 logical processors, using up to 8 threads

Non-default parameters:
MIPGap  1e-06
Threads  8

Optimize a model with 1 rows, 16 columns and 16 nonzeros (Min)
Model fingerprint: 0xae2c90c4
Model has 16 linear objective coefficients and an objective constant of -2.2038049304325991e+01
Model has 120 quadratic objective terms
Variable types: 0 continuous, 16 integer (16 binary)
Coefficient statistics:
  Matrix range     [1e+00, 1e+00]
  Objective range  [1e+00, 9e+00]
  QObjective range [7e-03, 5e+00]
  Bounds range     [1e+00, 1e+00]
  RHS range        [8e+00, 8e+00]
Found heuristic solution: objective 3.7953087
Presolve time: 0.00s
Presolved: 121 rows, 136 columns, 376 nonzeros
Variable types: 0 continuous, 136 integer (136 binary)

Root relaxation: objective -2.857599e+01, 7 iterations, 0.00 seconds (0.00 work units)

    Nodes    |    Current Node    |     Objective Bounds      |     Work
 Expl Unexpl |  Obj  Depth IntInf | Incumbent    BestBd   Gap | It/Node Time

     0     0  -28.57599    0   16    3.79531  -28.57599   853%     -    0s
H    0     0                       3.7942379  -28.57599   853%     -    0s
H    0     0                       3.1425608  -28.57599  1009%     -    0s
H    0     0                       1.5966962  -28.57599  1890%     -    0s
H    0     0                      -9.9729968  -28.57599   187%     -    0s
     0     0  -16.30459    0   45   -9.97300  -16.30459  63.5%     -    0s
     0     0   -9.97300    0   70   -9.97300   -9.97300  0.00%     -    0s

Cutting planes:
  Gomory: 4
  Cover: 2
  Dual implied bound: 15
  MIR: 54
  StrongCG: 2
  Zero half: 10
  RLT: 26
  BQP: 47

Explored 1 nodes (241 simplex iterations) in 0.03 seconds (0.02 work units)
Thread count was 8 (of 96 available processors)

Solution count 5: -9.973 1.5967 3.14256 ... 3.79531
No other solutions better than -9.973

Optimal solution found (tolerance 1.00e-06)
Best objective -9.972996801476e+00, best bound -9.972996801476e+00, gap 0.0000%

User-callback calls 178, time in user-callback 0.00 sec
