
Gurobi 13.0.0 (linux64) logging started Sun Mar 22 16:50:37 2026

Set parameter LogFile to value "logs/N=12_presolve_on/N=12/seed=20/n_qaoa_layers=1/precond_pen=0.100.log"
Set parameter MIPGap to value 1e-06
Set parameter Threads to value 8
Gurobi Optimizer version 13.0.0 build v13.0.0rc1 (linux64 - "Oracle Linux Server 9.7")

CPU model: AMD EPYC 7643 48-Core Processor, instruction set [SSE2|AVX|AVX2]
Thread count: 48 physical cores, 96 logical processors, using up to 8 threads

Non-default parameters:
MIPGap  1e-06
Threads  8

Optimize a model with 1 rows, 12 columns and 12 nonzeros (Min)
Model fingerprint: 0xd55b7e29
Model has 12 linear objective coefficients and an objective constant of -1.4880968748291997e+01
Model has 66 quadratic objective terms
Variable types: 0 continuous, 12 integer (12 binary)
Coefficient statistics:
  Matrix range     [1e+00, 1e+00]
  Objective range  [3e+00, 7e+00]
  QObjective range [3e-02, 5e+00]
  Bounds range     [1e+00, 1e+00]
  RHS range        [6e+00, 6e+00]
Found heuristic solution: objective 3.1133390
Presolve time: 0.00s
Presolved: 67 rows, 78 columns, 210 nonzeros
Variable types: 0 continuous, 78 integer (78 binary)

Root relaxation: objective -1.510552e+01, 9 iterations, 0.00 seconds (0.00 work units)

    Nodes    |    Current Node    |     Objective Bounds      |     Work
 Expl Unexpl |  Obj  Depth IntInf | Incumbent    BestBd   Gap | It/Node Time

     0     0  -15.10552    0   12    3.11334  -15.10552   585%     -    0s
H    0     0                       2.2733869  -15.10552   764%     -    0s
H    0     0                       1.9362397  -15.10552   880%     -    0s
H    0     0                      -2.9342480  -15.10552   415%     -    0s
     0     0   -6.71143    0   23   -2.93425   -6.71143   129%     -    0s
     0     0   -3.35132    0   41   -2.93425   -3.35132  14.2%     -    0s
     0     0   -3.20209    0   41   -2.93425   -3.20209  9.13%     -    0s
     0     2   -3.20209    0   41   -2.93425   -3.20209  9.13%     -    0s

Cutting planes:
  Gomory: 2
  Cover: 1
  Dual implied bound: 13
  MIR: 9
  StrongCG: 1
  Zero half: 1
  RLT: 10
  BQP: 2

Explored 16 nodes (546 simplex iterations) in 0.03 seconds (0.02 work units)
Thread count was 8 (of 96 available processors)

Solution count 4: -2.93425 1.93624 2.27339 3.11334 
No other solutions better than -2.93425

Optimal solution found (tolerance 1.00e-06)
Best objective -2.934248012142e+00, best bound -2.934248012142e+00, gap 0.0000%

User-callback calls 219, time in user-callback 0.00 sec
