
Gurobi 13.0.0 (linux64) logging started Sun Mar 22 16:50:37 2026

Set parameter LogFile to value "logs/N=12_presolve_on/N=12/seed=20/n_qaoa_layers=1/precond_pen=0.600.log"
Set parameter MIPGap to value 1e-06
Set parameter Threads to value 8
Gurobi Optimizer version 13.0.0 build v13.0.0rc1 (linux64 - "Oracle Linux Server 9.7")

CPU model: AMD EPYC 7643 48-Core Processor, instruction set [SSE2|AVX|AVX2]
Thread count: 48 physical cores, 96 logical processors, using up to 8 threads

Non-default parameters:
MIPGap  1e-06
Threads  8

Optimize a model with 1 rows, 12 columns and 12 nonzeros (Min)
Model fingerprint: 0x861b215a
Model has 12 linear objective coefficients and an objective constant of 4.8407751149729981e+00
Model has 66 quadratic objective terms
Variable types: 0 continuous, 12 integer (12 binary)
Coefficient statistics:
  Matrix range     [1e+00, 1e+00]
  Objective range  [1e+00, 2e+00]
  QObjective range [7e-04, 1e+00]
  Bounds range     [1e+00, 1e+00]
  RHS range        [6e+00, 6e+00]
Found heuristic solution: objective 0.1024399
Presolve time: 0.00s
Presolved: 67 rows, 78 columns, 210 nonzeros
Variable types: 0 continuous, 78 integer (78 binary)

Root relaxation: objective -5.013946e+00, 14 iterations, 0.00 seconds (0.00 work units)

    Nodes    |    Current Node    |     Objective Bounds      |     Work
 Expl Unexpl |  Obj  Depth IntInf | Incumbent    BestBd   Gap | It/Node Time

     0     0   -5.01395    0   12    0.10244   -5.01395  4995%     -    0s
H    0     0                      -0.7546166   -5.01395   564%     -    0s
H    0     0                      -1.0900801   -5.01395   360%     -    0s
H    0     0                      -1.7093060   -5.01395   193%     -    0s
     0     0     cutoff    0        -1.70931   -1.70931  0.00%     -    0s

Cutting planes:
  Gomory: 1
  MIR: 37
  Zero half: 23
  RLT: 25
  BQP: 104

Explored 1 nodes (180 simplex iterations) in 0.01 seconds (0.01 work units)
Thread count was 8 (of 96 available processors)

Solution count 4: -1.70931 -1.09008 -0.754617 0.10244 
No other solutions better than -1.70931

Optimal solution found (tolerance 1.00e-06)
Best objective -1.709305973439e+00, best bound -1.709305973439e+00, gap 0.0000%

User-callback calls 164, time in user-callback 0.00 sec
