
Gurobi 13.0.0 (linux64) logging started Sun Mar 22 16:50:37 2026

Set parameter LogFile to value "logs/N=12_presolve_on/N=12/seed=20/n_qaoa_layers=1/precond_pen=0.200.log"
Set parameter MIPGap to value 1e-06
Set parameter Threads to value 8
Gurobi Optimizer version 13.0.0 build v13.0.0rc1 (linux64 - "Oracle Linux Server 9.7")

CPU model: AMD EPYC 7643 48-Core Processor, instruction set [SSE2|AVX|AVX2]
Thread count: 48 physical cores, 96 logical processors, using up to 8 threads

Non-default parameters:
MIPGap  1e-06
Threads  8

Optimize a model with 1 rows, 12 columns and 12 nonzeros (Min)
Model fingerprint: 0xa82b1eb6
Model has 12 linear objective coefficients and an objective constant of -1.834148880041
Model has 66 quadratic objective terms
Variable types: 0 continuous, 12 integer (12 binary)
Coefficient statistics:
  Matrix range     [1e+00, 1e+00]
  Objective range  [3e-01, 3e+00]
  QObjective range [3e-02, 4e+00]
  Bounds range     [1e+00, 1e+00]
  RHS range        [6e+00, 6e+00]
Found heuristic solution: objective 2.5488289
Presolve time: 0.00s
Presolved: 67 rows, 78 columns, 210 nonzeros
Variable types: 0 continuous, 78 integer (78 binary)

Root relaxation: objective -1.109471e+01, 10 iterations, 0.00 seconds (0.00 work units)

    Nodes    |    Current Node    |     Objective Bounds      |     Work
 Expl Unexpl |  Obj  Depth IntInf | Incumbent    BestBd   Gap | It/Node Time

     0     0  -11.09471    0   12    2.54883  -11.09471   535%     -    0s
H    0     0                      -2.9696373  -11.09471   274%     -    0s
H    0     0                      -3.7594920  -11.09471   195%     -    0s
H    0     0                      -5.7230958  -11.09471  93.9%     -    0s
     0     0   -5.72310    0   51   -5.72310   -5.72310  0.00%     -    0s

Cutting planes:
  Gomory: 1
  MIR: 16
  Zero half: 11
  RLT: 20
  BQP: 60

Explored 1 nodes (130 simplex iterations) in 0.01 seconds (0.00 work units)
Thread count was 8 (of 96 available processors)

Solution count 4: -5.7231 -3.75949 -2.96964 2.54883 
No other solutions better than -5.7231

Optimal solution found (tolerance 1.00e-06)
Best objective -5.723095845913e+00, best bound -5.723095845913e+00, gap 0.0000%

User-callback calls 164, time in user-callback 0.00 sec
