
Gurobi 13.0.0 (linux64) logging started Sun May  3 11:06:36 2026

Set parameter LogFile to value "logs/N=12_layers=2_presolve_on/N=12/seed=33/quantum_layers=2/precond_pen=0.600.log"
Set parameter MIPGap to value 1e-06
Set parameter Threads to value 8
Gurobi Optimizer version 13.0.0 build v13.0.0rc1 (linux64 - "Oracle Linux Server 9.7")

CPU model: AMD EPYC 7643 48-Core Processor, instruction set [SSE2|AVX|AVX2]
Thread count: 48 physical cores, 96 logical processors, using up to 8 threads

Non-default parameters:
MIPGap  1e-06
Threads  8

Optimize a model with 1 rows, 12 columns and 12 nonzeros (Min)
Model fingerprint: 0x7bf5ddf4
Model has 12 linear objective coefficients and an objective constant of 4.4648636218750015e+00
Model has 66 quadratic objective terms
Variable types: 0 continuous, 12 integer (12 binary)
Coefficient statistics:
  Matrix range     [1e+00, 1e+00]
  Objective range  [1e+00, 2e+00]
  QObjective range [6e-02, 3e+00]
  Bounds range     [1e+00, 1e+00]
  RHS range        [6e+00, 6e+00]
Found heuristic solution: objective -0.6148299
Presolve time: 0.00s
Presolved: 67 rows, 78 columns, 210 nonzeros
Variable types: 0 continuous, 78 integer (78 binary)

Root relaxation: objective -8.819781e+00, 16 iterations, 0.00 seconds (0.00 work units)

    Nodes    |    Current Node    |     Objective Bounds      |     Work
 Expl Unexpl |  Obj  Depth IntInf | Incumbent    BestBd   Gap | It/Node Time

     0     0   -8.81978    0   12   -0.61483   -8.81978  1335%     -    0s
H    0     0                      -1.5458280   -8.81978   471%     -    0s
H    0     0                      -2.5773908   -8.81978   242%     -    0s
H    0     0                      -2.9264865   -8.81978   201%     -    0s
H    0     0                      -4.5990052   -8.81978  91.8%     -    0s
     0     0   -4.86811    0   36   -4.59901   -4.86811  5.85%     -    0s

Cutting planes:
  Gomory: 15
  MIR: 83
  Flow cover: 5
  Zero half: 10
  RLT: 11
  BQP: 44

Explored 1 nodes (88 simplex iterations) in 0.02 seconds (0.01 work units)
Thread count was 8 (of 96 available processors)

Solution count 5: -4.59901 -2.92649 -2.57739 ... -0.61483
No other solutions better than -4.59901

Optimal solution found (tolerance 1.00e-06)
Best objective -4.599005242153e+00, best bound -4.599005242153e+00, gap 0.0000%

User-callback calls 170, time in user-callback 0.00 sec
