
Gurobi 13.0.0 (linux64) logging started Sun May  3 11:08:53 2026

Set parameter LogFile to value "logs/N=12_layers=3_presolve_on/N=12/seed=30/quantum_layers=3/precond_pen=0.800.log"
Set parameter MIPGap to value 1e-06
Set parameter Threads to value 8
Gurobi Optimizer version 13.0.0 build v13.0.0rc1 (linux64 - "Oracle Linux Server 9.7")

CPU model: AMD EPYC 7643 48-Core Processor, instruction set [SSE2|AVX|AVX2]
Thread count: 48 physical cores, 96 logical processors, using up to 8 threads

Non-default parameters:
MIPGap  1e-06
Threads  8

Optimize a model with 1 rows, 12 columns and 12 nonzeros (Min)
Model fingerprint: 0xb9790437
Model has 12 linear objective coefficients and an objective constant of 5.1899129585630028e+00
Model has 66 quadratic objective terms
Variable types: 0 continuous, 12 integer (12 binary)
Coefficient statistics:
  Matrix range     [1e+00, 1e+00]
  Objective range  [1e+00, 2e+00]
  QObjective range [2e-03, 3e+00]
  Bounds range     [1e+00, 1e+00]
  RHS range        [6e+00, 6e+00]
Found heuristic solution: objective -0.1731142
Presolve time: 0.00s
Presolved: 67 rows, 78 columns, 210 nonzeros
Variable types: 0 continuous, 78 integer (78 binary)

Root relaxation: objective -8.816105e+00, 20 iterations, 0.00 seconds (0.00 work units)

    Nodes    |    Current Node    |     Objective Bounds      |     Work
 Expl Unexpl |  Obj  Depth IntInf | Incumbent    BestBd   Gap | It/Node Time

     0     0   -8.81610    0   12   -0.17311   -8.81610  4993%     -    0s
H    0     0                      -3.3121663   -8.81610   166%     -    0s
H    0     0                      -3.9141347   -8.81610   125%     -    0s
H    0     0                      -5.5948051   -8.81610  57.6%     -    0s

Cutting planes:
  Gomory: 1
  MIR: 19
  Zero half: 20
  RLT: 19
  BQP: 67

Explored 1 nodes (20 simplex iterations) in 0.01 seconds (0.00 work units)
Thread count was 8 (of 96 available processors)

Solution count 4: -5.59481 -3.91413 -3.31217 -0.173114 
No other solutions better than -5.59481

Optimal solution found (tolerance 1.00e-06)
Best objective -5.594805052939e+00, best bound -5.594805052939e+00, gap 0.0000%

User-callback calls 159, time in user-callback 0.00 sec
