
Gurobi 13.0.0 (linux64) logging started Sun May  3 11:08:53 2026

Set parameter LogFile to value "logs/N=12_layers=3_presolve_on/N=12/seed=30/quantum_layers=3/precond_pen=1.000.log"
Set parameter MIPGap to value 1e-06
Set parameter Threads to value 8
Gurobi Optimizer version 13.0.0 build v13.0.0rc1 (linux64 - "Oracle Linux Server 9.7")

CPU model: AMD EPYC 7643 48-Core Processor, instruction set [SSE2|AVX|AVX2]
Thread count: 48 physical cores, 96 logical processors, using up to 8 threads

Non-default parameters:
MIPGap  1e-06
Threads  8

Optimize a model with 1 rows, 12 columns and 12 nonzeros (Min)
Model fingerprint: 0xaa6edbc9
Model has 12 linear objective coefficients and an objective constant of 5.6170463716749985e+00
Model has 66 quadratic objective terms
Variable types: 0 continuous, 12 integer (12 binary)
Coefficient statistics:
  Matrix range     [1e+00, 1e+00]
  Objective range  [2e+00, 2e+00]
  QObjective range [2e-02, 2e+00]
  Bounds range     [1e+00, 1e+00]
  RHS range        [6e+00, 6e+00]
Found heuristic solution: objective -0.4119611
Presolve time: 0.00s
Presolved: 67 rows, 78 columns, 210 nonzeros
Variable types: 0 continuous, 78 integer (78 binary)

Root relaxation: objective -6.255959e+00, 33 iterations, 0.00 seconds (0.00 work units)

    Nodes    |    Current Node    |     Objective Bounds      |     Work
 Expl Unexpl |  Obj  Depth IntInf | Incumbent    BestBd   Gap | It/Node Time

     0     0   -6.25596    0   12   -0.41196   -6.25596  1419%     -    0s
H    0     0                      -1.3294033   -6.25596   371%     -    0s
H    0     0                      -1.3798866   -6.25596   353%     -    0s
H    0     0                      -3.0138274   -6.25596   108%     -    0s
     0     0   -3.01383    0   38   -3.01383   -3.01383  0.00%     -    0s

Cutting planes:
  Gomory: 2
  MIR: 22
  Zero half: 20
  RLT: 21
  BQP: 94

Explored 1 nodes (117 simplex iterations) in 0.01 seconds (0.00 work units)
Thread count was 8 (of 96 available processors)

Solution count 4: -3.01383 -1.37989 -1.3294 -0.411961 
No other solutions better than -3.01383

Optimal solution found (tolerance 1.00e-06)
Best objective -3.013827356743e+00, best bound -3.013827356743e+00, gap 0.0000%

User-callback calls 164, time in user-callback 0.00 sec
