
Gurobi 13.0.0 (linux64) logging started Sun May  3 11:08:53 2026

Set parameter LogFile to value "logs/N=12_layers=3_presolve_on/N=12/seed=30/quantum_layers=3/precond_pen=0.300.log"
Set parameter MIPGap to value 1e-06
Set parameter Threads to value 8
Gurobi Optimizer version 13.0.0 build v13.0.0rc1 (linux64 - "Oracle Linux Server 9.7")

CPU model: AMD EPYC 7643 48-Core Processor, instruction set [SSE2|AVX|AVX2]
Thread count: 48 physical cores, 96 logical processors, using up to 8 threads

Non-default parameters:
MIPGap  1e-06
Threads  8

Optimize a model with 1 rows, 12 columns and 12 nonzeros (Min)
Model fingerprint: 0x92fb5058
Model has 12 linear objective coefficients and an objective constant of 2.5000364032210025e+00
Model has 66 quadratic objective terms
Variable types: 0 continuous, 12 integer (12 binary)
Coefficient statistics:
  Matrix range     [1e+00, 1e+00]
  Objective range  [1e-03, 5e+00]
  QObjective range [8e-02, 6e+00]
  Bounds range     [1e+00, 1e+00]
  RHS range        [6e+00, 6e+00]
Found heuristic solution: objective 1.6945554
Presolve time: 0.00s
Presolved: 67 rows, 78 columns, 210 nonzeros
Variable types: 0 continuous, 78 integer (78 binary)

Root relaxation: objective -2.813847e+01, 4 iterations, 0.00 seconds (0.00 work units)

    Nodes    |    Current Node    |     Objective Bounds      |     Work
 Expl Unexpl |  Obj  Depth IntInf | Incumbent    BestBd   Gap | It/Node Time

     0     0  -28.13847    0   12    1.69456  -28.13847  1761%     -    0s
H    0     0                     -16.7758194  -28.13847  67.7%     -    0s
H    0     0                     -23.4341493  -28.13847  20.1%     -    0s

Cutting planes:
  MIR: 3
  Zero half: 3
  RLT: 11
  BQP: 11

Explored 1 nodes (4 simplex iterations) in 0.01 seconds (0.00 work units)
Thread count was 8 (of 96 available processors)

Solution count 3: -23.4341 -16.7758 1.69456 
No other solutions better than -23.4341

Optimal solution found (tolerance 1.00e-06)
Best objective -2.343414927536e+01, best bound -2.343414927536e+01, gap 0.0000%

User-callback calls 155, time in user-callback 0.00 sec
