
Gurobi 13.0.0 (linux64) logging started Tue Mar 31 15:12:30 2026

Set parameter LogFile to value "logs/N=16_layers=2_presolve_on/N=16/seed=3/n_qaoa_layers=2/precond_pen=1.000.log"
Set parameter MIPGap to value 1e-06
Set parameter Threads to value 8
Gurobi Optimizer version 13.0.0 build v13.0.0rc1 (linux64 - "Oracle Linux Server 9.7")

CPU model: AMD EPYC 7643 48-Core Processor, instruction set [SSE2|AVX|AVX2]
Thread count: 48 physical cores, 96 logical processors, using up to 8 threads

Non-default parameters:
MIPGap  1e-06
Threads  8

Optimize a model with 1 rows, 16 columns and 16 nonzeros (Min)
Model fingerprint: 0xe913b32e
Model has 16 linear objective coefficients and an objective constant of 7.3170586690810007e+00
Model has 120 quadratic objective terms
Variable types: 0 continuous, 16 integer (16 binary)
Coefficient statistics:
  Matrix range     [1e+00, 1e+00]
  Objective range  [2e+00, 2e+00]
  QObjective range [2e-03, 1e+00]
  Bounds range     [1e+00, 1e+00]
  RHS range        [8e+00, 8e+00]
Found heuristic solution: objective -0.3250628
Presolve time: 0.00s
Presolved: 121 rows, 136 columns, 376 nonzeros
Variable types: 0 continuous, 136 integer (136 binary)

Root relaxation: objective -7.328022e+00, 52 iterations, 0.00 seconds (0.00 work units)

    Nodes    |    Current Node    |     Objective Bounds      |     Work
 Expl Unexpl |  Obj  Depth IntInf | Incumbent    BestBd   Gap | It/Node Time

     0     0   -7.32802    0   16   -0.32506   -7.32802  2154%     -    0s
H    0     0                      -0.5860806   -7.32802  1150%     -    0s
H    0     0                      -1.6952703   -7.32802   332%     -    0s
H    0     0                      -1.8698289   -5.45296   192%     -    0s
H    0     0                      -1.9308491   -2.21874  14.9%     -    0s
     0     0   -2.17868    0  102   -1.93085   -2.17868  12.8%     -    0s

Cutting planes:
  Gomory: 7
  Dual implied bound: 9
  MIR: 81
  Zero half: 14
  RLT: 34
  BQP: 274

Explored 1 nodes (704 simplex iterations) in 0.08 seconds (0.05 work units)
Thread count was 8 (of 96 available processors)

Solution count 5: -1.93085 -1.86983 -1.69527 ... -0.325063
No other solutions better than -1.93085

Optimal solution found (tolerance 1.00e-06)
Best objective -1.930849050311e+00, best bound -1.930849050311e+00, gap 0.0000%

User-callback calls 179, time in user-callback 0.00 sec
