
Gurobi 13.0.0 (linux64) logging started Tue Mar 31 15:12:30 2026

Set parameter LogFile to value "logs/N=16_layers=2_presolve_on/N=16/seed=3/n_qaoa_layers=2/precond_pen=0.400.log"
Set parameter MIPGap to value 1e-06
Set parameter Threads to value 8
Gurobi Optimizer version 13.0.0 build v13.0.0rc1 (linux64 - "Oracle Linux Server 9.7")

CPU model: AMD EPYC 7643 48-Core Processor, instruction set [SSE2|AVX|AVX2]
Thread count: 48 physical cores, 96 logical processors, using up to 8 threads

Non-default parameters:
MIPGap  1e-06
Threads  8

Optimize a model with 1 rows, 16 columns and 16 nonzeros (Min)
Model fingerprint: 0xc1e5dbd2
Model has 16 linear objective coefficients and an objective constant of 5.7371940944009978e+00
Model has 120 quadratic objective terms
Variable types: 0 continuous, 16 integer (16 binary)
Coefficient statistics:
  Matrix range     [1e+00, 1e+00]
  Objective range  [8e-01, 2e+00]
  QObjective range [5e-03, 4e+00]
  Bounds range     [1e+00, 1e+00]
  RHS range        [8e+00, 8e+00]
Found heuristic solution: objective 0.9150623
Presolve time: 0.00s
Presolved: 121 rows, 136 columns, 376 nonzeros
Variable types: 0 continuous, 136 integer (136 binary)

Root relaxation: objective -1.960500e+01, 18 iterations, 0.00 seconds (0.00 work units)

    Nodes    |    Current Node    |     Objective Bounds      |     Work
 Expl Unexpl |  Obj  Depth IntInf | Incumbent    BestBd   Gap | It/Node Time

     0     0  -19.60500    0   16    0.91506  -19.60500  2242%     -    0s
H    0     0                      -3.0012049  -19.60500   553%     -    0s
H    0     0                      -3.3339723  -19.60500   488%     -    0s
H    0     0                      -9.9381650  -19.60500  97.3%     -    0s
     0     0  -10.32741    0   86   -9.93816  -10.32741  3.92%     -    0s
     0     0  -10.21059    0   62   -9.93816  -10.21059  2.74%     -    0s
     0     0  -10.20250    0   80   -9.93816  -10.20250  2.66%     -    0s
     0     0  -10.20000    0   77   -9.93816  -10.20000  2.63%     -    0s
     0     0     cutoff    0        -9.93816   -9.93816  0.00%     -    0s

Cutting planes:
  Gomory: 22
  MIR: 67
  StrongCG: 2
  Flow cover: 16
  Zero half: 40
  RLT: 17
  BQP: 80

Explored 1 nodes (307 simplex iterations) in 0.03 seconds (0.02 work units)
Thread count was 8 (of 96 available processors)

Solution count 4: -9.93816 -3.33397 -3.0012 0.915062 
No other solutions better than -9.93816

Optimal solution found (tolerance 1.00e-06)
Best objective -9.938164966843e+00, best bound -9.938164966843e+00, gap 0.0000%

User-callback calls 179, time in user-callback 0.00 sec
