
Gurobi 13.0.0 (linux64) logging started Sun May  3 10:58:48 2026

Set parameter LogFile to value "logs/N=16_layers=2_presolve_off/N=16/seed=28/quantum_layers=2/baseline.log"
Set parameter MIPGap to value 1e-06
Set parameter Threads to value 8
Set parameter Presolve to value 0
Gurobi Optimizer version 13.0.0 build v13.0.0rc1 (linux64 - "Oracle Linux Server 9.7")

CPU model: AMD EPYC 7643 48-Core Processor, instruction set [SSE2|AVX|AVX2]
Thread count: 48 physical cores, 96 logical processors, using up to 8 threads

Non-default parameters:
MIPGap  1e-06
Presolve  0
Threads  8

Optimize a model with 1 rows, 16 columns and 16 nonzeros (Min)
Model fingerprint: 0x812a5e82
Model has 16 linear objective coefficients
Model has 120 quadratic objective terms
Variable types: 0 continuous, 16 integer (16 binary)
Coefficient statistics:
  Matrix range     [1e+00, 1e+00]
  Objective range  [1e+01, 2e+01]
  QObjective range [1e-01, 8e+00]
  Bounds range     [1e+00, 1e+00]
  RHS range        [8e+00, 8e+00]
Found heuristic solution: objective 72.0920768
Variable types: 0 continuous, 136 integer (136 binary)

Root relaxation: objective 1.360023e-15, 8 iterations, 0.00 seconds (0.00 work units)

    Nodes    |    Current Node    |     Objective Bounds      |     Work
 Expl Unexpl |  Obj  Depth IntInf | Incumbent    BestBd   Gap | It/Node Time

     0     0    0.00000    0   16   72.09208    0.00000   100%     -    0s
H    0     0                      70.0462898    0.00000   100%     -    0s
H    0     0                      59.1019293    0.00000   100%     -    0s
     0     0   27.31916    0   19   59.10193   27.31916  53.8%     -    0s
     0     0   28.02961    0   23   59.10193   28.02961  52.6%     -    0s
     0     0   35.46331    0   42   59.10193   35.46331  40.0%     -    0s
     0     0   35.59973    0   42   59.10193   35.59973  39.8%     -    0s
     0     2   35.66698    0   42   59.10193   35.66698  39.7%     -    0s

Cutting planes:
  Gomory: 1
  MIR: 17
  RLT: 11

Explored 475 nodes (10308 simplex iterations) in 0.08 seconds (0.08 work units)
Thread count was 8 (of 96 available processors)

Solution count 3: 59.1019 70.0463 72.0921 

Optimal solution found (tolerance 1.00e-06)
Best objective 5.910192928332e+01, best bound 5.910192928332e+01, gap 0.0000%

User-callback calls 1058, time in user-callback 0.00 sec
