
Gurobi 13.0.0 (linux64) logging started Sun May  3 10:58:48 2026

Set parameter LogFile to value "logs/N=16_layers=2_presolve_off/N=16/seed=28/quantum_layers=2/precond_pen=0.200.log"
Set parameter MIPGap to value 1e-06
Set parameter Threads to value 8
Set parameter Presolve to value 0
Gurobi Optimizer version 13.0.0 build v13.0.0rc1 (linux64 - "Oracle Linux Server 9.7")

CPU model: AMD EPYC 7643 48-Core Processor, instruction set [SSE2|AVX|AVX2]
Thread count: 48 physical cores, 96 logical processors, using up to 8 threads

Non-default parameters:
MIPGap  1e-06
Presolve  0
Threads  8

Optimize a model with 1 rows, 16 columns and 16 nonzeros (Min)
Model fingerprint: 0x718bfde0
Model has 16 linear objective coefficients and an objective constant of -31.790302873364
Model has 120 quadratic objective terms
Variable types: 0 continuous, 16 integer (16 binary)
Coefficient statistics:
  Matrix range     [1e+00, 1e+00]
  Objective range  [2e+00, 1e+01]
  QObjective range [1e-02, 5e+00]
  Bounds range     [1e+00, 1e+00]
  RHS range        [8e+00, 8e+00]
Found heuristic solution: objective 3.4118609
Variable types: 0 continuous, 136 integer (136 binary)

Root relaxation: objective -3.497197e+01, 6 iterations, 0.00 seconds (0.00 work units)

    Nodes    |    Current Node    |     Objective Bounds      |     Work
 Expl Unexpl |  Obj  Depth IntInf | Incumbent    BestBd   Gap | It/Node Time

     0     0  -34.97197    0   16    3.41186  -34.97197  1125%     -    0s
H    0     0                       0.9081215  -34.97197  3951%     -    0s
H    0     0                       0.8382631  -34.97197  4272%     -    0s
H    0     0                      -0.0582079  -34.97197      -     -    0s
H    0     0                      -9.0588267  -34.97197   286%     -    0s
     0     0  -15.15268    0   48   -9.05883  -15.15268  67.3%     -    0s
     0     0  -15.14684    0   44   -9.05883  -15.14684  67.2%     -    0s
     0     0  -13.50836    0   66   -9.05883  -13.50836  49.1%     -    0s
     0     0  -13.50836    0   66   -9.05883  -13.50836  49.1%     -    0s
     0     2  -13.50836    0   66   -9.05883  -13.50836  49.1%     -    0s

Cutting planes:
  Gomory: 5
  Cover: 1
  MIR: 13
  Zero half: 9
  RLT: 11
  BQP: 13

Explored 34 nodes (1304 simplex iterations) in 0.05 seconds (0.04 work units)
Thread count was 8 (of 96 available processors)

Solution count 5: -9.05883 -0.0582079 0.838263 ... 3.41186
No other solutions better than -9.05883

Optimal solution found (tolerance 1.00e-06)
Best objective -9.058826731302e+00, best bound -9.058826731302e+00, gap 0.0000%

User-callback calls 170, time in user-callback 0.00 sec
