
Gurobi 13.0.0 (linux64) logging started Sun May  3 10:58:48 2026

Set parameter LogFile to value "logs/N=16_layers=2_presolve_off/N=16/seed=28/quantum_layers=2/precond_pen=0.700.log"
Set parameter MIPGap to value 1e-06
Set parameter Threads to value 8
Set parameter Presolve to value 0
Gurobi Optimizer version 13.0.0 build v13.0.0rc1 (linux64 - "Oracle Linux Server 9.7")

CPU model: AMD EPYC 7643 48-Core Processor, instruction set [SSE2|AVX|AVX2]
Thread count: 48 physical cores, 96 logical processors, using up to 8 threads

Non-default parameters:
MIPGap  1e-06
Presolve  0
Threads  8

Optimize a model with 1 rows, 16 columns and 16 nonzeros (Min)
Model fingerprint: 0xb3ade8c3
Model has 16 linear objective coefficients and an objective constant of 6.2472608441219979e+00
Model has 120 quadratic objective terms
Variable types: 0 continuous, 16 integer (16 binary)
Coefficient statistics:
  Matrix range     [1e+00, 1e+00]
  Objective range  [1e+00, 2e+00]
  QObjective range [1e-03, 3e+00]
  Bounds range     [1e+00, 1e+00]
  RHS range        [8e+00, 8e+00]
Found heuristic solution: objective 0.3142587
Variable types: 0 continuous, 136 integer (136 binary)

Root relaxation: objective -1.284846e+01, 35 iterations, 0.00 seconds (0.00 work units)

    Nodes    |    Current Node    |     Objective Bounds      |     Work
 Expl Unexpl |  Obj  Depth IntInf | Incumbent    BestBd   Gap | It/Node Time

     0     0  -12.84846    0   16    0.31426  -12.84846  4188%     -    0s
H    0     0                      -0.8235339  -12.84846  1460%     -    0s
H    0     0                      -1.5159505  -12.84846   748%     -    0s
H    0     0                      -1.7763688  -12.84846   623%     -    0s
H    0     0                      -6.7834184  -12.84846  89.4%     -    0s
     0     0   -6.78342    0   70   -6.78342   -6.78342  0.00%     -    0s

Cutting planes:
  Gomory: 2
  MIR: 51
  Zero half: 27
  RLT: 40
  BQP: 158

Explored 1 nodes (254 simplex iterations) in 0.01 seconds (0.01 work units)
Thread count was 8 (of 96 available processors)

Solution count 5: -6.78342 -1.77637 -1.51595 ... 0.314259
No other solutions better than -6.78342

Optimal solution found (tolerance 1.00e-06)
Best objective -6.783418427246e+00, best bound -6.783418427246e+00, gap 0.0000%

User-callback calls 72, time in user-callback 0.00 sec
