
Gurobi 13.0.0 (linux64) logging started Tue Mar 31 15:12:58 2026

Set parameter LogFile to value "logs/N=16_layers=2_presolve_off/N=16/seed=44/n_qaoa_layers=2/baseline.log"
Set parameter MIPGap to value 1e-06
Set parameter Threads to value 8
Set parameter Presolve to value 0
Gurobi Optimizer version 13.0.0 build v13.0.0rc1 (linux64 - "Oracle Linux Server 9.7")

CPU model: AMD EPYC 7643 48-Core Processor, instruction set [SSE2|AVX|AVX2]
Thread count: 48 physical cores, 96 logical processors, using up to 8 threads

Non-default parameters:
MIPGap  1e-06
Presolve  0
Threads  8

Optimize a model with 1 rows, 16 columns and 16 nonzeros (Min)
Model fingerprint: 0xebfdeaeb
Model has 16 linear objective coefficients and an objective constant of 2.0172752357439094e-12
Model has 120 quadratic objective terms
Variable types: 0 continuous, 16 integer (16 binary)
Coefficient statistics:
  Matrix range     [1e+00, 1e+00]
  Objective range  [1e+01, 2e+01]
  QObjective range [2e-01, 8e+00]
  Bounds range     [1e+00, 1e+00]
  RHS range        [8e+00, 8e+00]
Found heuristic solution: objective 66.9783063
Variable types: 0 continuous, 136 integer (136 binary)

Root relaxation: objective 2.020828e-12, 9 iterations, 0.00 seconds (0.00 work units)

    Nodes    |    Current Node    |     Objective Bounds      |     Work
 Expl Unexpl |  Obj  Depth IntInf | Incumbent    BestBd   Gap | It/Node Time

     0     0    0.00000    0   16   66.97831    0.00000   100%     -    0s
H    0     0                      65.6643161    0.00000   100%     -    0s
H    0     0                      53.2917864    0.00000   100%     -    0s
H    0     0                      53.1502206   25.10867  52.8%     -    0s
     0     0   25.97019    0   21   53.15022   25.97019  51.1%     -    0s
     0     0   26.14488    0   23   53.15022   26.14488  50.8%     -    0s
     0     0   33.59327    0   43   53.15022   33.59327  36.8%     -    0s
     0     0   33.65683    0   43   53.15022   33.65683  36.7%     -    0s
     0     2   33.74011    0   43   53.15022   33.74011  36.5%     -    0s

Cutting planes:
  Gomory: 3
  MIR: 19
  RLT: 10

Explored 236 nodes (6468 simplex iterations) in 0.06 seconds (0.06 work units)
Thread count was 8 (of 96 available processors)

Solution count 4: 53.1502 53.2918 65.6643 66.9783 

Optimal solution found (tolerance 1.00e-06)
Best objective 5.315022057514e+01, best bound 5.315022057514e+01, gap 0.0000%

User-callback calls 575, time in user-callback 0.00 sec
