
Gurobi 13.0.0 (linux64) logging started Tue Mar 31 15:05:17 2026

Set parameter LogFile to value "logs/N=12_layers=2_presolve_off/N=12/seed=4/n_qaoa_layers=2/precond_pen=0.500.log"
Set parameter MIPGap to value 1e-06
Set parameter Threads to value 8
Set parameter Presolve to value 0
Gurobi Optimizer version 13.0.0 build v13.0.0rc1 (linux64 - "Oracle Linux Server 9.7")

CPU model: AMD EPYC 7643 48-Core Processor, instruction set [SSE2|AVX|AVX2]
Thread count: 48 physical cores, 96 logical processors, using up to 8 threads

Non-default parameters:
MIPGap  1e-06
Presolve  0
Threads  8

Optimize a model with 1 rows, 12 columns and 12 nonzeros (Min)
Model fingerprint: 0x3b8de2d4
Model has 12 linear objective coefficients and an objective constant of 4.29393722787
Model has 66 quadratic objective terms
Variable types: 0 continuous, 12 integer (12 binary)
Coefficient statistics:
  Matrix range     [1e+00, 1e+00]
  Objective range  [9e-01, 2e+00]
  QObjective range [8e-02, 4e+00]
  Bounds range     [1e+00, 1e+00]
  RHS range        [6e+00, 6e+00]
Found heuristic solution: objective -0.5570155
Variable types: 0 continuous, 78 integer (78 binary)

Root relaxation: objective -1.406171e+01, 15 iterations, 0.00 seconds (0.00 work units)

    Nodes    |    Current Node    |     Objective Bounds      |     Work
 Expl Unexpl |  Obj  Depth IntInf | Incumbent    BestBd   Gap | It/Node Time

     0     0  -14.06171    0   12   -0.55702  -14.06171  2424%     -    0s
H    0     0                      -2.0906890  -14.06171   573%     -    0s
H    0     0                      -3.3894522  -14.06171   315%     -    0s
H    0     0                      -5.2508620  -14.06171   168%     -    0s
H    0     0                      -8.8591898  -14.06171  58.7%     -    0s

Cutting planes:
  Gomory: 1
  MIR: 18
  Zero half: 16
  RLT: 14
  BQP: 54

Explored 1 nodes (15 simplex iterations) in 0.01 seconds (0.00 work units)
Thread count was 8 (of 96 available processors)

Solution count 5: -8.85919 -5.25086 -3.38945 ... -0.557016
No other solutions better than -8.85919

Optimal solution found (tolerance 1.00e-06)
Best objective -8.859189756980e+00, best bound -8.859189756980e+00, gap 0.0000%

User-callback calls 66, time in user-callback 0.00 sec
