
Gurobi 13.0.0 (linux64) logging started Sun May  3 10:54:29 2026

Set parameter LogFile to value "logs/N=16_layers=1_presolve_off/N=16/seed=36/quantum_layers=1/precond_pen=1.000.log"
Set parameter MIPGap to value 1e-06
Set parameter Threads to value 8
Set parameter Presolve to value 0
Gurobi Optimizer version 13.0.0 build v13.0.0rc1 (linux64 - "Oracle Linux Server 9.7")

CPU model: AMD EPYC 7643 48-Core Processor, instruction set [SSE2|AVX|AVX2]
Thread count: 48 physical cores, 96 logical processors, using up to 8 threads

Non-default parameters:
MIPGap  1e-06
Presolve  0
Threads  8

Optimize a model with 1 rows, 16 columns and 16 nonzeros (Min)
Model fingerprint: 0x15268220
Model has 16 linear objective coefficients and an objective constant of 6.7699374458030013e+00
Model has 120 quadratic objective terms
Variable types: 0 continuous, 16 integer (16 binary)
Coefficient statistics:
  Matrix range     [1e+00, 1e+00]
  Objective range  [1e+00, 2e+00]
  QObjective range [2e-01, 7e-01]
  Bounds range     [1e+00, 1e+00]
  RHS range        [8e+00, 8e+00]
Found heuristic solution: objective -0.4448503
Variable types: 0 continuous, 136 integer (136 binary)

Root relaxation: objective -6.769937e+00, 39 iterations, 0.00 seconds (0.00 work units)

    Nodes    |    Current Node    |     Objective Bounds      |     Work
 Expl Unexpl |  Obj  Depth IntInf | Incumbent    BestBd   Gap | It/Node Time

     0     0   -6.76994    0   16   -0.44485   -6.76994  1422%     -    0s
H    0     0                      -0.5033304   -6.76994  1245%     -    0s
H    0     0                      -1.2334694   -6.76994   449%     -    0s
     0     0   -1.36879    0  115   -1.23347   -1.36879  11.0%     -    0s
     0     0   -1.26877    0  128   -1.23347   -1.26877  2.86%     -    0s
     0     0   -1.26877    0  128   -1.23347   -1.26877  2.86%     -    0s
     0     0   -1.26877    0  128   -1.23347   -1.26877  2.86%     -    0s
     0     2   -1.26877    0  127   -1.23347   -1.26877  2.86%     -    0s

Cutting planes:
  Gomory: 3
  MIR: 48
  Zero half: 11
  RLT: 30
  BQP: 155

Explored 7 nodes (1440 simplex iterations) in 0.16 seconds (0.13 work units)
Thread count was 8 (of 96 available processors)

Solution count 3: -1.23347 -0.50333 -0.44485 
No other solutions better than -1.23347

Optimal solution found (tolerance 1.00e-06)
Best objective -1.233469383769e+00, best bound -1.233469383769e+00, gap 0.0000%

User-callback calls 125, time in user-callback 0.00 sec
