
Gurobi 13.0.0 (linux64) logging started Sun May  3 10:53:40 2026

Set parameter LogFile to value "logs/N=16_layers=1_presolve_on/N=16/seed=4/quantum_layers=1/precond_pen=0.200.log"
Set parameter MIPGap to value 1e-06
Set parameter Threads to value 8
Gurobi Optimizer version 13.0.0 build v13.0.0rc1 (linux64 - "Oracle Linux Server 9.7")

CPU model: AMD EPYC 7643 48-Core Processor, instruction set [SSE2|AVX|AVX2]
Thread count: 48 physical cores, 96 logical processors, using up to 8 threads

Non-default parameters:
MIPGap  1e-06
Threads  8

Optimize a model with 1 rows, 16 columns and 16 nonzeros (Min)
Model fingerprint: 0x66a81cb3
Model has 16 linear objective coefficients and an objective constant of -12.237576063259
Model has 120 quadratic objective terms
Variable types: 0 continuous, 16 integer (16 binary)
Coefficient statistics:
  Matrix range     [1e+00, 1e+00]
  Objective range  [1e-01, 5e+00]
  QObjective range [1e-04, 3e+00]
  Bounds range     [1e+00, 1e+00]
  RHS range        [8e+00, 8e+00]
Found heuristic solution: objective 1.1245357
Presolve time: 0.00s
Presolved: 121 rows, 136 columns, 376 nonzeros
Variable types: 0 continuous, 136 integer (136 binary)

Root relaxation: objective -1.802320e+01, 20 iterations, 0.00 seconds (0.00 work units)

    Nodes    |    Current Node    |     Objective Bounds      |     Work
 Expl Unexpl |  Obj  Depth IntInf | Incumbent    BestBd   Gap | It/Node Time

     0     0  -18.02320    0   16    1.12454  -18.02320  1703%     -    0s
H    0     0                      -0.1742972  -18.02320      -     -    0s
H    0     0                      -0.2514902  -18.02320  7067%     -    0s
H    0     0                      -5.3739219  -18.02320   235%     -    0s
     0     0  -10.11093    0   61   -5.37392  -10.11093  88.1%     -    0s
H    0     0                      -7.9061138   -8.57391  8.45%     -    0s
     0     0   -7.90611    0   77   -7.90611   -7.90611  0.00%     -    0s

Cutting planes:
  Gomory: 7
  Cover: 3
  Dual implied bound: 12
  MIR: 54
  StrongCG: 5
  Zero half: 18
  RLT: 23
  BQP: 70

Explored 1 nodes (297 simplex iterations) in 0.03 seconds (0.02 work units)
Thread count was 8 (of 96 available processors)

Solution count 5: -7.90611 -5.37392 -0.25149 ... 1.12454
No other solutions better than -7.90611

Optimal solution found (tolerance 1.00e-06)
Best objective -7.906113838653e+00, best bound -7.906113838653e+00, gap 0.0000%

User-callback calls 180, time in user-callback 0.00 sec
