
Gurobi 13.0.0 (linux64) logging started Sun May  3 10:53:40 2026

Set parameter LogFile to value "logs/N=16_layers=1_presolve_on/N=16/seed=4/quantum_layers=1/precond_pen=0.400.log"
Set parameter MIPGap to value 1e-06
Set parameter Threads to value 8
Gurobi Optimizer version 13.0.0 build v13.0.0rc1 (linux64 - "Oracle Linux Server 9.7")

CPU model: AMD EPYC 7643 48-Core Processor, instruction set [SSE2|AVX|AVX2]
Thread count: 48 physical cores, 96 logical processors, using up to 8 threads

Non-default parameters:
MIPGap  1e-06
Threads  8

Optimize a model with 1 rows, 16 columns and 16 nonzeros (Min)
Model fingerprint: 0x3ba9a1bb
Model has 16 linear objective coefficients and an objective constant of 5.3049851879090024e+00
Model has 120 quadratic objective terms
Variable types: 0 continuous, 16 integer (16 binary)
Coefficient statistics:
  Matrix range     [1e+00, 1e+00]
  Objective range  [6e-01, 2e+00]
  QObjective range [1e-03, 2e+00]
  Bounds range     [1e+00, 1e+00]
  RHS range        [8e+00, 8e+00]
Found heuristic solution: objective 0.2646314
Presolve time: 0.00s
Presolved: 121 rows, 136 columns, 376 nonzeros
Variable types: 0 continuous, 136 integer (136 binary)

Root relaxation: objective -1.203169e+01, 25 iterations, 0.00 seconds (0.00 work units)

    Nodes    |    Current Node    |     Objective Bounds      |     Work
 Expl Unexpl |  Obj  Depth IntInf | Incumbent    BestBd   Gap | It/Node Time

     0     0  -12.03169    0   16    0.26463  -12.03169  4647%     -    0s
H    0     0                      -1.5717959  -12.03169   665%     -    0s
H    0     0                      -1.6207591  -12.03169   642%     -    0s
H    0     0                      -1.7723031  -12.03169   579%     -    0s
H    0     0                      -6.5702871  -12.03169  83.1%     -    0s
     0     0   -6.57029    0   56   -6.57029   -6.57029  0.00%     -    0s

Cutting planes:
  Gomory: 1
  MIR: 38
  Zero half: 23
  RLT: 35
  BQP: 172

Explored 1 nodes (191 simplex iterations) in 0.01 seconds (0.01 work units)
Thread count was 8 (of 96 available processors)

Solution count 5: -6.57029 -1.7723 -1.62076 ... 0.264631
No other solutions better than -6.57029

Optimal solution found (tolerance 1.00e-06)
Best objective -6.570287087463e+00, best bound -6.570287087463e+00, gap 0.0000%

User-callback calls 167, time in user-callback 0.00 sec
