
Gurobi 13.0.0 (linux64) logging started Tue Mar 31 15:12:55 2026

Set parameter LogFile to value "logs/N=16_layers=2_presolve_off/N=16/seed=36/n_qaoa_layers=2/precond_pen=0.700.log"
Set parameter MIPGap to value 1e-06
Set parameter Threads to value 8
Set parameter Presolve to value 0
Gurobi Optimizer version 13.0.0 build v13.0.0rc1 (linux64 - "Oracle Linux Server 9.7")

CPU model: AMD EPYC 7643 48-Core Processor, instruction set [SSE2|AVX|AVX2]
Thread count: 48 physical cores, 96 logical processors, using up to 8 threads

Non-default parameters:
MIPGap  1e-06
Presolve  0
Threads  8

Optimize a model with 1 rows, 16 columns and 16 nonzeros (Min)
Model fingerprint: 0x1e7212bf
Model has 16 linear objective coefficients and an objective constant of 6.4235592192260018e+00
Model has 120 quadratic objective terms
Variable types: 0 continuous, 16 integer (16 binary)
Coefficient statistics:
  Matrix range     [1e+00, 1e+00]
  Objective range  [1e+00, 2e+00]
  QObjective range [3e-02, 2e+00]
  Bounds range     [1e+00, 1e+00]
  RHS range        [8e+00, 8e+00]
Found heuristic solution: objective -0.2130251
Variable types: 0 continuous, 136 integer (136 binary)

Root relaxation: objective -1.116367e+01, 19 iterations, 0.00 seconds (0.00 work units)

    Nodes    |    Current Node    |     Objective Bounds      |     Work
 Expl Unexpl |  Obj  Depth IntInf | Incumbent    BestBd   Gap | It/Node Time

     0     0  -11.16367    0   16   -0.21303  -11.16367  5141%     -    0s
H    0     0                      -3.6750764  -11.16367   204%     -    0s
H    0     0                      -5.4971590  -11.16367   103%     -    0s
     0     0     cutoff    0        -5.49716   -5.49716  0.00%     -    0s

Cutting planes:
  Gomory: 1
  MIR: 57
  Zero half: 29
  RLT: 37
  BQP: 190

Explored 1 nodes (202 simplex iterations) in 0.01 seconds (0.01 work units)
Thread count was 8 (of 96 available processors)

Solution count 3: -5.49716 -3.67508 -0.213025 
No other solutions better than -5.49716

Optimal solution found (tolerance 1.00e-06)
Best objective -5.497158961740e+00, best bound -5.497158961740e+00, gap 0.0000%

User-callback calls 68, time in user-callback 0.00 sec
