
Gurobi 13.0.0 (linux64) logging started Sun May  3 10:54:36 2026

Set parameter LogFile to value "logs/N=16_layers=1_presolve_off/N=16/seed=46/quantum_layers=1/precond_pen=0.800.log"
Set parameter MIPGap to value 1e-06
Set parameter Threads to value 8
Set parameter Presolve to value 0
Gurobi Optimizer version 13.0.0 build v13.0.0rc1 (linux64 - "Oracle Linux Server 9.7")

CPU model: AMD EPYC 7643 48-Core Processor, instruction set [SSE2|AVX|AVX2]
Thread count: 48 physical cores, 96 logical processors, using up to 8 threads

Non-default parameters:
MIPGap  1e-06
Presolve  0
Threads  8

Optimize a model with 1 rows, 16 columns and 16 nonzeros (Min)
Model fingerprint: 0x82d0f813
Model has 16 linear objective coefficients and an objective constant of 6.7553668607789978e+00
Model has 120 quadratic objective terms
Variable types: 0 continuous, 16 integer (16 binary)
Coefficient statistics:
  Matrix range     [1e+00, 1e+00]
  Objective range  [2e+00, 2e+00]
  QObjective range [7e-02, 8e-01]
  Bounds range     [1e+00, 1e+00]
  RHS range        [8e+00, 8e+00]
Found heuristic solution: objective -0.3762551
Variable types: 0 continuous, 136 integer (136 binary)

Root relaxation: objective -6.755367e+00, 34 iterations, 0.00 seconds (0.00 work units)

    Nodes    |    Current Node    |     Objective Bounds      |     Work
 Expl Unexpl |  Obj  Depth IntInf | Incumbent    BestBd   Gap | It/Node Time

     0     0   -6.75537    0   16   -0.37626   -6.75537  1695%     -    0s
H    0     0                      -1.0713007   -6.75537   531%     -    0s
H    0     0                      -1.0817865   -6.75537   524%     -    0s
H    0     0                      -1.3464558   -6.75537   402%     -    0s
H    0     0                      -1.3979984   -6.75537   383%     -    0s
     0     0   -1.68520    0  116   -1.39800   -1.68520  20.5%     -    0s
     0     0   -1.56181    0  129   -1.39800   -1.56181  11.7%     -    0s
     0     0   -1.56181    0  129   -1.39800   -1.56181  11.7%     -    0s
     0     0   -1.56181    0  124   -1.39800   -1.56181  11.7%     -    0s
     0     2   -1.56181    0  124   -1.39800   -1.56181  11.7%     -    0s

Cutting planes:
  Gomory: 2
  MIR: 57
  Zero half: 13
  RLT: 31
  BQP: 190

Explored 15 nodes (1579 simplex iterations) in 0.13 seconds (0.11 work units)
Thread count was 8 (of 96 available processors)

Solution count 5: -1.398 -1.34646 -1.08179 ... -0.376255
No other solutions better than -1.398

Optimal solution found (tolerance 1.00e-06)
Best objective -1.397998363057e+00, best bound -1.397998363057e+00, gap 0.0000%

User-callback calls 145, time in user-callback 0.00 sec
