
Gurobi 13.0.0 (linux64) logging started Sun May  3 10:54:36 2026

Set parameter LogFile to value "logs/N=16_layers=1_presolve_off/N=16/seed=46/quantum_layers=1/precond_pen=1.000.log"
Set parameter MIPGap to value 1e-06
Set parameter Threads to value 8
Set parameter Presolve to value 0
Gurobi Optimizer version 13.0.0 build v13.0.0rc1 (linux64 - "Oracle Linux Server 9.7")

CPU model: AMD EPYC 7643 48-Core Processor, instruction set [SSE2|AVX|AVX2]
Thread count: 48 physical cores, 96 logical processors, using up to 8 threads

Non-default parameters:
MIPGap  1e-06
Presolve  0
Threads  8

Optimize a model with 1 rows, 16 columns and 16 nonzeros (Min)
Model fingerprint: 0x7f3bae1c
Model has 16 linear objective coefficients and an objective constant of 6.7754543227359987e+00
Model has 120 quadratic objective terms
Variable types: 0 continuous, 16 integer (16 binary)
Coefficient statistics:
  Matrix range     [1e+00, 1e+00]
  Objective range  [2e+00, 2e+00]
  QObjective range [2e-01, 7e-01]
  Bounds range     [1e+00, 1e+00]
  RHS range        [8e+00, 8e+00]
Found heuristic solution: objective -0.3990432
Variable types: 0 continuous, 136 integer (136 binary)

Root relaxation: objective -6.775454e+00, 25 iterations, 0.00 seconds (0.00 work units)

    Nodes    |    Current Node    |     Objective Bounds      |     Work
 Expl Unexpl |  Obj  Depth IntInf | Incumbent    BestBd   Gap | It/Node Time

     0     0   -6.77545    0   16   -0.39904   -6.77545  1598%     -    0s
H    0     0                      -0.7369749   -6.77545   819%     -    0s
H    0     0                      -1.1026526   -6.77545   514%     -    0s
H    0     0                      -1.1389050   -1.33289  17.0%     -    0s
     0     0   -1.33289    0  109   -1.13890   -1.33289  17.0%     -    0s
     0     0   -1.16636    0  125   -1.13890   -1.16636  2.41%     -    0s
     0     0   -1.16298    0  125   -1.13890   -1.16298  2.11%     -    0s
     0     2   -1.16298    0  125   -1.13890   -1.16298  2.11%     -    0s

Cutting planes:
  Gomory: 2
  MIR: 43
  Zero half: 11
  RLT: 30
  BQP: 164

Explored 11 nodes (2097 simplex iterations) in 0.20 seconds (0.15 work units)
Thread count was 8 (of 96 available processors)

Solution count 4: -1.1389 -1.10265 -0.736975 -0.399043 
No other solutions better than -1.1389

Optimal solution found (tolerance 1.00e-06)
Best objective -1.138904991908e+00, best bound -1.138904991908e+00, gap 0.0000%

User-callback calls 135, time in user-callback 0.00 sec
