
Gurobi 13.0.0 (linux64) logging started Sun May  3 11:04:20 2026

Set parameter LogFile to value "logs/N=12_layers=1_presolve_on/N=12/seed=22/quantum_layers=1/precond_pen=0.200.log"
Set parameter MIPGap to value 1e-06
Set parameter Threads to value 8
Gurobi Optimizer version 13.0.0 build v13.0.0rc1 (linux64 - "Oracle Linux Server 9.7")

CPU model: AMD EPYC 7643 48-Core Processor, instruction set [SSE2|AVX|AVX2]
Thread count: 48 physical cores, 96 logical processors, using up to 8 threads

Non-default parameters:
MIPGap  1e-06
Threads  8

Optimize a model with 1 rows, 12 columns and 12 nonzeros (Min)
Model fingerprint: 0xdb9eb19f
Model has 12 linear objective coefficients and an objective constant of -7.612382311772
Model has 66 quadratic objective terms
Variable types: 0 continuous, 12 integer (12 binary)
Coefficient statistics:
  Matrix range     [1e+00, 1e+00]
  Objective range  [2e-01, 5e+00]
  QObjective range [7e-03, 3e+00]
  Bounds range     [1e+00, 1e+00]
  RHS range        [6e+00, 6e+00]
Found heuristic solution: objective 2.8447637
Presolve time: 0.00s
Presolved: 67 rows, 78 columns, 210 nonzeros
Variable types: 0 continuous, 78 integer (78 binary)

Root relaxation: objective -1.207676e+01, 6 iterations, 0.00 seconds (0.00 work units)

    Nodes    |    Current Node    |     Objective Bounds      |     Work
 Expl Unexpl |  Obj  Depth IntInf | Incumbent    BestBd   Gap | It/Node Time

     0     0  -12.07676    0   12    2.84476  -12.07676   525%     -    0s
H    0     0                       0.4096462  -12.07676  3048%     -    0s
H    0     0                      -3.0416112  -12.07676   297%     -    0s
     0     0   -5.29588    0   34   -3.04161   -5.29588  74.1%     -    0s
H    0     0                      -3.3659952   -3.97916  18.2%     -    0s
H    0     0                      -3.8184373   -3.97916  4.21%     -    0s
     0     0   -3.81844    0   59   -3.81844   -3.81844  0.00%     -    0s

Cutting planes:
  Gomory: 4
  Cover: 2
  Dual implied bound: 5
  MIR: 12
  Zero half: 14
  RLT: 16
  BQP: 27

Explored 1 nodes (156 simplex iterations) in 0.01 seconds (0.01 work units)
Thread count was 8 (of 96 available processors)

Solution count 5: -3.81844 -3.366 -3.04161 ... 2.84476
No other solutions better than -3.81844

Optimal solution found (tolerance 1.00e-06)
Best objective -3.818437347596e+00, best bound -3.818437347596e+00, gap 0.0000%

User-callback calls 175, time in user-callback 0.00 sec
