
Gurobi 13.0.0 (linux64) logging started Sun May  3 11:04:19 2026

Set parameter LogFile to value "logs/N=12_layers=1_presolve_on/N=12/seed=22/quantum_layers=1/precond_pen=0.100.log"
Set parameter MIPGap to value 1e-06
Set parameter Threads to value 8
Gurobi Optimizer version 13.0.0 build v13.0.0rc1 (linux64 - "Oracle Linux Server 9.7")

CPU model: AMD EPYC 7643 48-Core Processor, instruction set [SSE2|AVX|AVX2]
Thread count: 48 physical cores, 96 logical processors, using up to 8 threads

Non-default parameters:
MIPGap  1e-06
Threads  8

Optimize a model with 1 rows, 12 columns and 12 nonzeros (Min)
Model fingerprint: 0x8868108e
Model has 12 linear objective coefficients and an objective constant of -1.9829544825996994e+01
Model has 66 quadratic objective terms
Variable types: 0 continuous, 12 integer (12 binary)
Coefficient statistics:
  Matrix range     [1e+00, 1e+00]
  Objective range  [5e+00, 8e+00]
  QObjective range [6e-01, 4e+00]
  Bounds range     [1e+00, 1e+00]
  RHS range        [6e+00, 6e+00]
Found heuristic solution: objective 3.1981642
Presolve time: 0.00s
Presolved: 67 rows, 78 columns, 210 nonzeros
Variable types: 0 continuous, 78 integer (78 binary)

Root relaxation: objective -1.982954e+01, 6 iterations, 0.00 seconds (0.00 work units)

    Nodes    |    Current Node    |     Objective Bounds      |     Work
 Expl Unexpl |  Obj  Depth IntInf | Incumbent    BestBd   Gap | It/Node Time

     0     0  -19.82954    0   12    3.19816  -19.82954   720%     -    0s
H    0     0                       2.4514825  -19.82954   909%     -    0s
H    0     0                      -0.6252816  -19.82954  3071%     -    0s
H    0     0                      -1.1233027   -9.08359   709%     -    0s
     0     0   -5.25805    0   17   -1.12330   -5.25805   368%     -    0s
     0     0   -5.25805    0   17   -1.12330   -5.25805   368%     -    0s
     0     0   -3.19813    0   42   -1.12330   -3.19813   185%     -    0s
     0     0   -3.11134    0   42   -1.12330   -3.11134   177%     -    0s
     0     2   -3.05150    0   42   -1.12330   -3.05150   172%     -    0s

Cutting planes:
  Gomory: 2
  Dual implied bound: 15
  MIR: 11
  StrongCG: 1
  RLT: 8

Explored 31 nodes (679 simplex iterations) in 0.03 seconds (0.02 work units)
Thread count was 8 (of 96 available processors)

Solution count 4: -1.1233 -0.625282 2.45148 3.19816 
No other solutions better than -1.1233

Optimal solution found (tolerance 1.00e-06)
Best objective -1.123302741017e+00, best bound -1.123302741017e+00, gap 0.0000%

User-callback calls 246, time in user-callback 0.00 sec
