
Gurobi 13.0.0 (linux64) logging started Sun May  3 11:04:20 2026

Set parameter LogFile to value "logs/N=12_layers=1_presolve_on/N=12/seed=22/quantum_layers=1/precond_pen=0.700.log"
Set parameter MIPGap to value 1e-06
Set parameter Threads to value 8
Gurobi Optimizer version 13.0.0 build v13.0.0rc1 (linux64 - "Oracle Linux Server 9.7")

CPU model: AMD EPYC 7643 48-Core Processor, instruction set [SSE2|AVX|AVX2]
Thread count: 48 physical cores, 96 logical processors, using up to 8 threads

Non-default parameters:
MIPGap  1e-06
Threads  8

Optimize a model with 1 rows, 12 columns and 12 nonzeros (Min)
Model fingerprint: 0x35963de4
Model has 12 linear objective coefficients and an objective constant of 4.8460009922929990e+00
Model has 66 quadratic objective terms
Variable types: 0 continuous, 12 integer (12 binary)
Coefficient statistics:
  Matrix range     [1e+00, 1e+00]
  Objective range  [1e+00, 2e+00]
  QObjective range [3e-02, 1e+00]
  Bounds range     [1e+00, 1e+00]
  RHS range        [6e+00, 6e+00]
Found heuristic solution: objective 0.1930828
Presolve time: 0.00s
Presolved: 67 rows, 78 columns, 210 nonzeros
Variable types: 0 continuous, 78 integer (78 binary)

Root relaxation: objective -4.846001e+00, 16 iterations, 0.00 seconds (0.00 work units)

    Nodes    |    Current Node    |     Objective Bounds      |     Work
 Expl Unexpl |  Obj  Depth IntInf | Incumbent    BestBd   Gap | It/Node Time

     0     0   -4.84600    0   12    0.19308   -4.84600  2610%     -    0s
H    0     0                      -0.0416754   -4.84600      -     -    0s
H    0     0                      -1.0391322   -4.84600   366%     -    0s
H    0     0                      -1.2675694   -4.84600   282%     -    0s
H    0     0                      -1.4338858   -3.13276   118%     -    0s
     0     0     cutoff    0        -1.43389   -1.43389  0.00%     -    0s

Cutting planes:
  Gomory: 1
  MIR: 55
  Zero half: 31
  RLT: 26
  BQP: 140

Explored 1 nodes (225 simplex iterations) in 0.01 seconds (0.01 work units)
Thread count was 8 (of 96 available processors)

Solution count 5: -1.43389 -1.26757 -1.03913 ... 0.193083
No other solutions better than -1.43389

Optimal solution found (tolerance 1.00e-06)
Best objective -1.433885760943e+00, best bound -1.433885760943e+00, gap 0.0000%

User-callback calls 165, time in user-callback 0.00 sec
