
Gurobi 13.0.0 (linux64) logging started Sun Mar 22 16:50:49 2026

Set parameter LogFile to value "logs/N=12_presolve_off/N=12/seed=34/n_qaoa_layers=1/precond_pen=0.600.log"
Set parameter MIPGap to value 1e-06
Set parameter Threads to value 8
Set parameter Presolve to value 0
Gurobi Optimizer version 13.0.0 build v13.0.0rc1 (linux64 - "Oracle Linux Server 9.7")

CPU model: AMD EPYC 7643 48-Core Processor, instruction set [SSE2|AVX|AVX2]
Thread count: 48 physical cores, 96 logical processors, using up to 8 threads

Non-default parameters:
MIPGap  1e-06
Presolve  0
Threads  8

Optimize a model with 1 rows, 12 columns and 12 nonzeros (Min)
Model fingerprint: 0x8d7729fb
Model has 12 linear objective coefficients and an objective constant of 4.8101882657379988e+00
Model has 66 quadratic objective terms
Variable types: 0 continuous, 12 integer (12 binary)
Coefficient statistics:
  Matrix range     [1e+00, 1e+00]
  Objective range  [1e+00, 2e+00]
  QObjective range [1e-03, 2e+00]
  Bounds range     [1e+00, 1e+00]
  RHS range        [6e+00, 6e+00]
Found heuristic solution: objective 0.0711819
Variable types: 0 continuous, 78 integer (78 binary)

Root relaxation: objective -5.020484e+00, 18 iterations, 0.00 seconds (0.00 work units)

    Nodes    |    Current Node    |     Objective Bounds      |     Work
 Expl Unexpl |  Obj  Depth IntInf | Incumbent    BestBd   Gap | It/Node Time

     0     0   -5.02048    0   12    0.07118   -5.02048  7153%     -    0s
H    0     0                      -0.5412290   -5.02048   828%     -    0s
H    0     0                      -0.5652805   -5.02048   788%     -    0s
H    0     0                      -1.4025742   -5.02048   258%     -    0s
H    0     0                      -1.8045467   -5.02048   178%     -    0s
     0     0   -1.80455    0   40   -1.80455   -1.80455  0.00%     -    0s

Cutting planes:
  Gomory: 1
  MIR: 27
  Zero half: 13
  RLT: 22
  BQP: 100

Explored 1 nodes (161 simplex iterations) in 0.01 seconds (0.00 work units)
Thread count was 8 (of 96 available processors)

Solution count 5: -1.80455 -1.40257 -0.56528 ... 0.0711819
No other solutions better than -1.80455

Optimal solution found (tolerance 1.00e-06)
Best objective -1.804546655294e+00, best bound -1.804546655294e+00, gap 0.0000%

User-callback calls 72, time in user-callback 0.00 sec
