
Gurobi 13.0.0 (linux64) logging started Sun May  3 11:04:29 2026

Set parameter LogFile to value "logs/N=12_layers=1_presolve_off/N=12/seed=25/quantum_layers=1/precond_pen=0.100.log"
Set parameter MIPGap to value 1e-06
Set parameter Threads to value 8
Set parameter Presolve to value 0
Gurobi Optimizer version 13.0.0 build v13.0.0rc1 (linux64 - "Oracle Linux Server 9.7")

CPU model: AMD EPYC 7643 48-Core Processor, instruction set [SSE2|AVX|AVX2]
Thread count: 48 physical cores, 96 logical processors, using up to 8 threads

Non-default parameters:
MIPGap  1e-06
Presolve  0
Threads  8

Optimize a model with 1 rows, 12 columns and 12 nonzeros (Min)
Model fingerprint: 0x5eae393a
Model has 12 linear objective coefficients and an objective constant of -14.106544118878
Model has 66 quadratic objective terms
Variable types: 0 continuous, 12 integer (12 binary)
Coefficient statistics:
  Matrix range     [1e+00, 1e+00]
  Objective range  [3e+00, 7e+00]
  QObjective range [1e-02, 5e+00]
  Bounds range     [1e+00, 1e+00]
  RHS range        [6e+00, 6e+00]
Found heuristic solution: objective 1.9066635
Variable types: 0 continuous, 78 integer (78 binary)

Root relaxation: objective -1.451356e+01, 9 iterations, 0.00 seconds (0.00 work units)

    Nodes    |    Current Node    |     Objective Bounds      |     Work
 Expl Unexpl |  Obj  Depth IntInf | Incumbent    BestBd   Gap | It/Node Time

     0     0  -14.51356    0   12    1.90666  -14.51356   861%     -    0s
H    0     0                       0.8769746  -14.51356  1755%     -    0s
H    0     0                      -0.1822402  -14.51356  7864%     -    0s
H    0     0                      -3.4917735  -14.51356   316%     -    0s
     0     0   -6.08906    0   20   -3.49177   -6.08906  74.4%     -    0s
     0     0   -3.49177    0   31   -3.49177   -3.49177  0.00%     -    0s

Cutting planes:
  Gomory: 6
  Cover: 1
  MIR: 16
  StrongCG: 1
  Zero half: 1
  Mod-K: 1
  RLT: 8
  BQP: 4

Explored 1 nodes (113 simplex iterations) in 0.01 seconds (0.01 work units)
Thread count was 8 (of 96 available processors)

Solution count 4: -3.49177 -0.18224 0.876975 1.90666 
No other solutions better than -3.49177

Optimal solution found (tolerance 1.00e-06)
Best objective -3.491773450762e+00, best bound -3.491773450762e+00, gap 0.0000%

User-callback calls 77, time in user-callback 0.00 sec
