
Gurobi 13.0.0 (linux64) logging started Sun May  3 11:04:29 2026

Set parameter LogFile to value "logs/N=12_layers=1_presolve_off/N=12/seed=25/quantum_layers=1/precond_pen=0.200.log"
Set parameter MIPGap to value 1e-06
Set parameter Threads to value 8
Set parameter Presolve to value 0
Gurobi Optimizer version 13.0.0 build v13.0.0rc1 (linux64 - "Oracle Linux Server 9.7")

CPU model: AMD EPYC 7643 48-Core Processor, instruction set [SSE2|AVX|AVX2]
Thread count: 48 physical cores, 96 logical processors, using up to 8 threads

Non-default parameters:
MIPGap  1e-06
Presolve  0
Threads  8

Optimize a model with 1 rows, 12 columns and 12 nonzeros (Min)
Model fingerprint: 0x0f5bd04a
Model has 12 linear objective coefficients and an objective constant of -1.8080482421219997e+00
Model has 66 quadratic objective terms
Variable types: 0 continuous, 12 integer (12 binary)
Coefficient statistics:
  Matrix range     [1e+00, 1e+00]
  Objective range  [5e-01, 3e+00]
  QObjective range [3e-02, 4e+00]
  Bounds range     [1e+00, 1e+00]
  RHS range        [6e+00, 6e+00]
Found heuristic solution: objective 0.9598401
Variable types: 0 continuous, 78 integer (78 binary)

Root relaxation: objective -1.162719e+01, 11 iterations, 0.00 seconds (0.00 work units)

    Nodes    |    Current Node    |     Objective Bounds      |     Work
 Expl Unexpl |  Obj  Depth IntInf | Incumbent    BestBd   Gap | It/Node Time

     0     0  -11.62719    0   12    0.95984  -11.62719  1311%     -    0s
H    0     0                       0.4310109  -11.62719  2798%     -    0s
H    0     0                      -1.8524278  -11.62719   528%     -    0s
H    0     0                      -6.1067184  -11.62719  90.4%     -    0s
     0     0   -6.10672    0   35   -6.10672   -6.10672  0.00%     -    0s

Cutting planes:
  Gomory: 1
  MIR: 27
  Zero half: 19
  RLT: 17
  BQP: 54

Explored 1 nodes (103 simplex iterations) in 0.01 seconds (0.00 work units)
Thread count was 8 (of 96 available processors)

Solution count 4: -6.10672 -1.85243 0.431011 0.95984 
No other solutions better than -6.10672

Optimal solution found (tolerance 1.00e-06)
Best objective -6.106718443532e+00, best bound -6.106718443532e+00, gap 0.0000%

User-callback calls 69, time in user-callback 0.00 sec
