
Gurobi 13.0.0 (linux64) logging started Sun May  3 10:53:55 2026

Set parameter LogFile to value "logs/N=16_layers=1_presolve_on/N=16/seed=30/quantum_layers=1/precond_pen=0.700.log"
Set parameter MIPGap to value 1e-06
Set parameter Threads to value 8
Gurobi Optimizer version 13.0.0 build v13.0.0rc1 (linux64 - "Oracle Linux Server 9.7")

CPU model: AMD EPYC 7643 48-Core Processor, instruction set [SSE2|AVX|AVX2]
Thread count: 48 physical cores, 96 logical processors, using up to 8 threads

Non-default parameters:
MIPGap  1e-06
Threads  8

Optimize a model with 1 rows, 16 columns and 16 nonzeros (Min)
Model fingerprint: 0x37fb7a20
Model has 16 linear objective coefficients and an objective constant of 6.7177589284649990e+00
Model has 120 quadratic objective terms
Variable types: 0 continuous, 16 integer (16 binary)
Coefficient statistics:
  Matrix range     [1e+00, 1e+00]
  Objective range  [1e+00, 2e+00]
  QObjective range [3e-03, 1e+00]
  Bounds range     [1e+00, 1e+00]
  RHS range        [8e+00, 8e+00]
Found heuristic solution: objective -0.1680741
Presolve time: 0.00s
Presolved: 121 rows, 136 columns, 376 nonzeros
Variable types: 0 continuous, 136 integer (136 binary)

Root relaxation: objective -6.722241e+00, 34 iterations, 0.00 seconds (0.00 work units)

    Nodes    |    Current Node    |     Objective Bounds      |     Work
 Expl Unexpl |  Obj  Depth IntInf | Incumbent    BestBd   Gap | It/Node Time

     0     0   -6.72224    0   16   -0.16807   -6.72224  3900%     -    0s
H    0     0                      -0.6221682   -6.72224   980%     -    0s
H    0     0                      -0.7423515   -6.72224   806%     -    0s
H    0     0                      -0.8593222   -6.72224   682%     -    0s
H    0     0                      -1.8918290   -6.72224   255%     -    0s
     0     0   -2.02115    0  110   -1.89183   -2.02115  6.84%     -    0s

Cutting planes:
  Gomory: 5
  Dual implied bound: 9
  MIR: 89
  Zero half: 20
  RLT: 27
  BQP: 257

Explored 1 nodes (513 simplex iterations) in 0.07 seconds (0.04 work units)
Thread count was 8 (of 96 available processors)

Solution count 5: -1.89183 -0.859322 -0.742352 ... -0.168074
No other solutions better than -1.89183

Optimal solution found (tolerance 1.00e-06)
Best objective -1.891829001023e+00, best bound -1.891829001023e+00, gap 0.0000%

User-callback calls 179, time in user-callback 0.00 sec
