
Gurobi 13.0.0 (linux64) logging started Sun May  3 10:53:55 2026

Set parameter LogFile to value "logs/N=16_layers=1_presolve_on/N=16/seed=30/quantum_layers=1/precond_pen=0.800.log"
Set parameter MIPGap to value 1e-06
Set parameter Threads to value 8
Gurobi Optimizer version 13.0.0 build v13.0.0rc1 (linux64 - "Oracle Linux Server 9.7")

CPU model: AMD EPYC 7643 48-Core Processor, instruction set [SSE2|AVX|AVX2]
Thread count: 48 physical cores, 96 logical processors, using up to 8 threads

Non-default parameters:
MIPGap  1e-06
Threads  8

Optimize a model with 1 rows, 16 columns and 16 nonzeros (Min)
Model fingerprint: 0xf3324f58
Model has 16 linear objective coefficients and an objective constant of 6.7490015792329965e+00
Model has 120 quadratic objective terms
Variable types: 0 continuous, 16 integer (16 binary)
Coefficient statistics:
  Matrix range     [1e+00, 1e+00]
  Objective range  [1e+00, 2e+00]
  QObjective range [7e-02, 9e-01]
  Bounds range     [1e+00, 1e+00]
  RHS range        [8e+00, 8e+00]
Found heuristic solution: objective -0.2261855
Presolve time: 0.00s
Presolved: 121 rows, 136 columns, 376 nonzeros
Variable types: 0 continuous, 136 integer (136 binary)

Root relaxation: objective -6.749002e+00, 35 iterations, 0.00 seconds (0.00 work units)

    Nodes    |    Current Node    |     Objective Bounds      |     Work
 Expl Unexpl |  Obj  Depth IntInf | Incumbent    BestBd   Gap | It/Node Time

     0     0   -6.74900    0   16   -0.22619   -6.74900  2884%     -    0s
H    0     0                      -0.5432275   -6.74900  1142%     -    0s
H    0     0                      -0.5515077   -6.74900  1124%     -    0s
H    0     0                      -0.8154962   -6.74900   728%     -    0s
H    0     0                      -1.6029952   -6.74900   321%     -    0s
     0     0   -1.70923    0  110   -1.60300   -1.70923  6.63%     -    0s
     0     0   -1.60300    0  129   -1.60300   -1.60300  0.00%     -    0s

Cutting planes:
  Gomory: 5
  Dual implied bound: 8
  MIR: 81
  StrongCG: 1
  Zero half: 26
  RLT: 34
  BQP: 253

Explored 1 nodes (1056 simplex iterations) in 0.10 seconds (0.07 work units)
Thread count was 8 (of 96 available processors)

Solution count 5: -1.603 -0.815496 -0.551508 ... -0.226186
No other solutions better than -1.603

Optimal solution found (tolerance 1.00e-06)
Best objective -1.602995150183e+00, best bound -1.602995150183e+00, gap 0.0000%

User-callback calls 185, time in user-callback 0.00 sec
