
Gurobi 13.0.0 (linux64) logging started Sun Mar 22 16:50:34 2026

Set parameter LogFile to value "logs/N=12_presolve_on/N=12/seed=0/n_qaoa_layers=1/precond_pen=1.000.log"
Set parameter MIPGap to value 1e-06
Set parameter Threads to value 8
Gurobi Optimizer version 13.0.0 build v13.0.0rc1 (linux64 - "Oracle Linux Server 9.7")

CPU model: AMD EPYC 7643 48-Core Processor, instruction set [SSE2|AVX|AVX2]
Thread count: 48 physical cores, 96 logical processors, using up to 8 threads

Non-default parameters:
MIPGap  1e-06
Threads  8

Optimize a model with 1 rows, 12 columns and 12 nonzeros (Min)
Model fingerprint: 0xac247055
Model has 12 linear objective coefficients and an objective constant of 4.9183373530889982e+00
Model has 66 quadratic objective terms
Variable types: 0 continuous, 12 integer (12 binary)
Coefficient statistics:
  Matrix range     [1e+00, 1e+00]
  Objective range  [1e+00, 2e+00]
  QObjective range [2e-01, 1e+00]
  Bounds range     [1e+00, 1e+00]
  RHS range        [6e+00, 6e+00]
Found heuristic solution: objective 0.0073216
Presolve time: 0.00s
Presolved: 67 rows, 78 columns, 210 nonzeros
Variable types: 0 continuous, 78 integer (78 binary)

Root relaxation: objective -4.918337e+00, 18 iterations, 0.00 seconds (0.00 work units)

    Nodes    |    Current Node    |     Objective Bounds      |     Work
 Expl Unexpl |  Obj  Depth IntInf | Incumbent    BestBd   Gap | It/Node Time

     0     0   -4.91834    0   12    0.00732   -4.91834      -     -    0s
H    0     0                      -0.7329474   -4.91834   571%     -    0s
H    0     0                      -0.9120825   -4.91834   439%     -    0s
H    0     0                      -1.0481452   -4.91834   369%     -    0s
     0     0   -1.05859    0   63   -1.04815   -1.05859  1.00%     -    0s

Cutting planes:
  Gomory: 3
  Cover: 11
  MIR: 46
  Zero half: 7
  RLT: 22
  BQP: 125

Explored 1 nodes (327 simplex iterations) in 0.03 seconds (0.02 work units)
Thread count was 8 (of 96 available processors)

Solution count 4: -1.04815 -0.912083 -0.732947 0.0073216 
No other solutions better than -1.04815

Optimal solution found (tolerance 1.00e-06)
Best objective -1.048145242707e+00, best bound -1.048145242707e+00, gap 0.0000%

User-callback calls 170, time in user-callback 0.00 sec
