
Gurobi 13.0.0 (linux64) logging started Sun May  3 10:58:45 2026

Set parameter LogFile to value "logs/N=16_layers=2_presolve_off/N=16/seed=16/quantum_layers=2/precond_pen=1.000.log"
Set parameter MIPGap to value 1e-06
Set parameter Threads to value 8
Set parameter Presolve to value 0
Gurobi Optimizer version 13.0.0 build v13.0.0rc1 (linux64 - "Oracle Linux Server 9.7")

CPU model: AMD EPYC 7643 48-Core Processor, instruction set [SSE2|AVX|AVX2]
Thread count: 48 physical cores, 96 logical processors, using up to 8 threads

Non-default parameters:
MIPGap  1e-06
Presolve  0
Threads  8

Optimize a model with 1 rows, 16 columns and 16 nonzeros (Min)
Model fingerprint: 0xf1f847b8
Model has 16 linear objective coefficients and an objective constant of 7.302654095269
Model has 120 quadratic objective terms
Variable types: 0 continuous, 16 integer (16 binary)
Coefficient statistics:
  Matrix range     [1e+00, 1e+00]
  Objective range  [2e+00, 2e+00]
  QObjective range [5e-03, 1e+00]
  Bounds range     [1e+00, 1e+00]
  RHS range        [8e+00, 8e+00]
Found heuristic solution: objective -0.4576268
Variable types: 0 continuous, 136 integer (136 binary)

Root relaxation: objective -7.345056e+00, 36 iterations, 0.00 seconds (0.00 work units)

    Nodes    |    Current Node    |     Objective Bounds      |     Work
 Expl Unexpl |  Obj  Depth IntInf | Incumbent    BestBd   Gap | It/Node Time

     0     0   -7.34506    0   16   -0.45763   -7.34506  1505%     -    0s
H    0     0                      -0.4960631   -7.34506  1381%     -    0s
H    0     0                      -1.0119800   -7.34506   626%     -    0s
H    0     0                      -2.1937765   -7.34506   235%     -    0s
     0     0   -2.23009    0  103   -2.19378   -2.23009  1.66%     -    0s
     0     0   -2.22967    0   90   -2.19378   -2.22967  1.64%     -    0s

Cutting planes:
  Gomory: 3
  Cover: 4
  MIR: 67
  Zero half: 9
  RLT: 28
  BQP: 244

Explored 1 nodes (465 simplex iterations) in 0.06 seconds (0.04 work units)
Thread count was 8 (of 96 available processors)

Solution count 4: -2.19378 -1.01198 -0.496063 -0.457627 
No other solutions better than -2.19378

Optimal solution found (tolerance 1.00e-06)
Best objective -2.193776525833e+00, best bound -2.193776525833e+00, gap 0.0000%

User-callback calls 84, time in user-callback 0.00 sec
