
Gurobi 13.0.0 (linux64) logging started Sun May  3 10:58:45 2026

Set parameter LogFile to value "logs/N=16_layers=2_presolve_off/N=16/seed=16/quantum_layers=2/precond_pen=0.800.log"
Set parameter MIPGap to value 1e-06
Set parameter Threads to value 8
Set parameter Presolve to value 0
Gurobi Optimizer version 13.0.0 build v13.0.0rc1 (linux64 - "Oracle Linux Server 9.7")

CPU model: AMD EPYC 7643 48-Core Processor, instruction set [SSE2|AVX|AVX2]
Thread count: 48 physical cores, 96 logical processors, using up to 8 threads

Non-default parameters:
MIPGap  1e-06
Presolve  0
Threads  8

Optimize a model with 1 rows, 16 columns and 16 nonzeros (Min)
Model fingerprint: 0x46a2d7ee
Model has 16 linear objective coefficients and an objective constant of 6.5359308483349983e+00
Model has 120 quadratic objective terms
Variable types: 0 continuous, 16 integer (16 binary)
Coefficient statistics:
  Matrix range     [1e+00, 1e+00]
  Objective range  [1e+00, 2e+00]
  QObjective range [9e-03, 2e+00]
  Bounds range     [1e+00, 1e+00]
  RHS range        [8e+00, 8e+00]
Found heuristic solution: objective -0.1813652
Variable types: 0 continuous, 136 integer (136 binary)

Root relaxation: objective -9.953515e+00, 34 iterations, 0.00 seconds (0.00 work units)

    Nodes    |    Current Node    |     Objective Bounds      |     Work
 Expl Unexpl |  Obj  Depth IntInf | Incumbent    BestBd   Gap | It/Node Time

     0     0   -9.95352    0   16   -0.18137   -9.95352  5388%     -    0s
H    0     0                      -1.9496537   -9.95352   411%     -    0s
H    0     0                      -2.0810989   -9.95352   378%     -    0s
H    0     0                      -4.8978328   -9.95352   103%     -    0s
     0     0   -5.13350    0   54   -4.89783   -5.13350  4.81%     -    0s

Cutting planes:
  Gomory: 10
  MIR: 134
  StrongCG: 7
  Flow cover: 62
  Zero half: 11
  RLT: 33
  BQP: 168

Explored 1 nodes (230 simplex iterations) in 0.04 seconds (0.03 work units)
Thread count was 8 (of 96 available processors)

Solution count 4: -4.89783 -2.0811 -1.94965 -0.181365 
No other solutions better than -4.89783

Optimal solution found (tolerance 1.00e-06)
Best objective -4.897832770175e+00, best bound -4.897832770175e+00, gap 0.0000%

User-callback calls 79, time in user-callback 0.00 sec
