
Gurobi 13.0.0 (linux64) logging started Sun May  3 11:09:01 2026

Set parameter LogFile to value "logs/N=12_layers=3_presolve_off/N=12/seed=48/quantum_layers=3/precond_pen=0.700.log"
Set parameter MIPGap to value 1e-06
Set parameter Threads to value 8
Set parameter Presolve to value 0
Gurobi Optimizer version 13.0.0 build v13.0.0rc1 (linux64 - "Oracle Linux Server 9.7")

CPU model: AMD EPYC 7643 48-Core Processor, instruction set [SSE2|AVX|AVX2]
Thread count: 48 physical cores, 96 logical processors, using up to 8 threads

Non-default parameters:
MIPGap  1e-06
Presolve  0
Threads  8

Optimize a model with 1 rows, 12 columns and 12 nonzeros (Min)
Model fingerprint: 0xfc5c45f8
Model has 12 linear objective coefficients and an objective constant of 4.9188051961039987e+00
Model has 66 quadratic objective terms
Variable types: 0 continuous, 12 integer (12 binary)
Coefficient statistics:
  Matrix range     [1e+00, 1e+00]
  Objective range  [1e+00, 2e+00]
  QObjective range [5e-02, 4e+00]
  Bounds range     [1e+00, 1e+00]
  RHS range        [6e+00, 6e+00]
Found heuristic solution: objective -1.2056303
Variable types: 0 continuous, 78 integer (78 binary)

Root relaxation: objective -1.014875e+01, 15 iterations, 0.00 seconds (0.00 work units)

    Nodes    |    Current Node    |     Objective Bounds      |     Work
 Expl Unexpl |  Obj  Depth IntInf | Incumbent    BestBd   Gap | It/Node Time

     0     0  -10.14875    0   12   -1.20563  -10.14875   742%     -    0s
H    0     0                      -5.0697635  -10.14875   100%     -    0s
H    0     0                      -5.5521690  -10.14875  82.8%     -    0s
     0     0   -5.55217    0   35   -5.55217   -5.55217  0.00%     -    0s

Cutting planes:
  MIR: 19
  Zero half: 11
  RLT: 13
  BQP: 67

Explored 1 nodes (84 simplex iterations) in 0.01 seconds (0.00 work units)
Thread count was 8 (of 96 available processors)

Solution count 3: -5.55217 -5.06976 -1.20563 
No other solutions better than -5.55217

Optimal solution found (tolerance 1.00e-06)
Best objective -5.552168972862e+00, best bound -5.552168972862e+00, gap 0.0000%

User-callback calls 65, time in user-callback 0.00 sec
