
Gurobi 13.0.0 (linux64) logging started Sun May  3 11:09:01 2026

Set parameter LogFile to value "logs/N=12_layers=3_presolve_off/N=12/seed=48/quantum_layers=3/precond_pen=0.200.log"
Set parameter MIPGap to value 1e-06
Set parameter Threads to value 8
Set parameter Presolve to value 0
Gurobi Optimizer version 13.0.0 build v13.0.0rc1 (linux64 - "Oracle Linux Server 9.7")

CPU model: AMD EPYC 7643 48-Core Processor, instruction set [SSE2|AVX|AVX2]
Thread count: 48 physical cores, 96 logical processors, using up to 8 threads

Non-default parameters:
MIPGap  1e-06
Presolve  0
Threads  8

Optimize a model with 1 rows, 12 columns and 12 nonzeros (Min)
Model fingerprint: 0x89dc1617
Model has 12 linear objective coefficients and an objective constant of -1.4323896751026002e+01
Model has 66 quadratic objective terms
Variable types: 0 continuous, 12 integer (12 binary)
Coefficient statistics:
  Matrix range     [1e+00, 1e+00]
  Objective range  [2e-01, 8e+00]
  QObjective range [3e-02, 6e+00]
  Bounds range     [1e+00, 1e+00]
  RHS range        [6e+00, 6e+00]
Found heuristic solution: objective 2.0200614
Variable types: 0 continuous, 78 integer (78 binary)

Root relaxation: objective -2.003750e+01, 12 iterations, 0.00 seconds (0.00 work units)

    Nodes    |    Current Node    |     Objective Bounds      |     Work
 Expl Unexpl |  Obj  Depth IntInf | Incumbent    BestBd   Gap | It/Node Time

     0     0  -20.03750    0   12    2.02006  -20.03750  1092%     -    0s
H    0     0                       0.0029610  -20.03750      -     -    0s
H    0     0                      -4.8201778  -20.03750   316%     -    0s
H    0     0                      -7.3156185  -20.03750   174%     -    0s
     0     0  -10.35952    0   31   -7.31562  -10.35952  41.6%     -    0s

Cutting planes:
  Gomory: 4
  Cover: 2
  MIR: 25
  Zero half: 10
  RLT: 13
  BQP: 19

Explored 1 nodes (93 simplex iterations) in 0.01 seconds (0.01 work units)
Thread count was 8 (of 96 available processors)

Solution count 4: -7.31562 -4.82018 0.00296095 2.02006 
No other solutions better than -7.31562

Optimal solution found (tolerance 1.00e-06)
Best objective -7.315618528000e+00, best bound -7.315618528000e+00, gap 0.0000%

User-callback calls 73, time in user-callback 0.00 sec
