
Gurobi 13.0.0 (linux64) logging started Sun May  3 10:58:34 2026

Set parameter LogFile to value "logs/N=16_layers=2_presolve_on/N=16/seed=31/quantum_layers=2/precond_pen=0.200.log"
Set parameter MIPGap to value 1e-06
Set parameter Threads to value 8
Gurobi Optimizer version 13.0.0 build v13.0.0rc1 (linux64 - "Oracle Linux Server 9.7")

CPU model: AMD EPYC 7643 48-Core Processor, instruction set [SSE2|AVX|AVX2]
Thread count: 48 physical cores, 96 logical processors, using up to 8 threads

Non-default parameters:
MIPGap  1e-06
Threads  8

Optimize a model with 1 rows, 16 columns and 16 nonzeros (Min)
Model fingerprint: 0x25dbc74b
Model has 16 linear objective coefficients and an objective constant of -1.6677381146023993e+01
Model has 120 quadratic objective terms
Variable types: 0 continuous, 16 integer (16 binary)
Coefficient statistics:
  Matrix range     [1e+00, 1e+00]
  Objective range  [1e-01, 8e+00]
  QObjective range [4e-02, 5e+00]
  Bounds range     [1e+00, 1e+00]
  RHS range        [8e+00, 8e+00]
Found heuristic solution: objective 3.1559005
Presolve time: 0.00s
Presolved: 121 rows, 136 columns, 376 nonzeros
Variable types: 0 continuous, 136 integer (136 binary)

Root relaxation: objective -2.405451e+01, 17 iterations, 0.00 seconds (0.00 work units)

    Nodes    |    Current Node    |     Objective Bounds      |     Work
 Expl Unexpl |  Obj  Depth IntInf | Incumbent    BestBd   Gap | It/Node Time

     0     0  -24.05451    0   16    3.15590  -24.05451   862%     -    0s
H    0     0                      -3.3541717  -24.05451   617%     -    0s
H    0     0                      -6.7759237  -24.05451   255%     -    0s
     0     0  -11.73736    0   62   -6.77592  -11.73736  73.2%     -    0s
     0     0  -11.48616    0   75   -6.77592  -11.48616  69.5%     -    0s
     0     0   -9.01199    0   97   -6.77592   -9.01199  33.0%     -    0s
     0     0   -8.99554    0   97   -6.77592   -8.99554  32.8%     -    0s
     0     2   -8.99554    0   97   -6.77592   -8.99554  32.8%     -    0s

Cutting planes:
  Gomory: 3
  Dual implied bound: 6
  MIR: 14
  Zero half: 8
  RLT: 22
  BQP: 27

Explored 48 nodes (1951 simplex iterations) in 0.06 seconds (0.05 work units)
Thread count was 8 (of 96 available processors)

Solution count 3: -6.77592 -3.35417 3.1559 
No other solutions better than -6.77592

Optimal solution found (tolerance 1.00e-06)
Best objective -6.775923748270e+00, best bound -6.775923748270e+00, gap 0.0000%

User-callback calls 296, time in user-callback 0.00 sec
