
Gurobi 13.0.0 (linux64) logging started Sun May  3 10:58:34 2026

Set parameter LogFile to value "logs/N=16_layers=2_presolve_on/N=16/seed=31/quantum_layers=2/precond_pen=0.500.log"
Set parameter MIPGap to value 1e-06
Set parameter Threads to value 8
Gurobi Optimizer version 13.0.0 build v13.0.0rc1 (linux64 - "Oracle Linux Server 9.7")

CPU model: AMD EPYC 7643 48-Core Processor, instruction set [SSE2|AVX|AVX2]
Thread count: 48 physical cores, 96 logical processors, using up to 8 threads

Non-default parameters:
MIPGap  1e-06
Threads  8

Optimize a model with 1 rows, 16 columns and 16 nonzeros (Min)
Model fingerprint: 0x8212c5b2
Model has 16 linear objective coefficients and an objective constant of 5.9435097323819983e+00
Model has 120 quadratic objective terms
Variable types: 0 continuous, 16 integer (16 binary)
Coefficient statistics:
  Matrix range     [1e+00, 1e+00]
  Objective range  [1e+00, 2e+00]
  QObjective range [9e-04, 3e+00]
  Bounds range     [1e+00, 1e+00]
  RHS range        [8e+00, 8e+00]
Found heuristic solution: objective 2.4108179
Presolve time: 0.00s
Presolved: 121 rows, 136 columns, 376 nonzeros
Variable types: 0 continuous, 136 integer (136 binary)

Root relaxation: objective -1.651956e+01, 30 iterations, 0.00 seconds (0.00 work units)

    Nodes    |    Current Node    |     Objective Bounds      |     Work
 Expl Unexpl |  Obj  Depth IntInf | Incumbent    BestBd   Gap | It/Node Time

     0     0  -16.51956    0   16    2.41082  -16.51956   785%     -    0s
H    0     0                      -1.6217681  -16.51956   919%     -    0s
H    0     0                      -1.6245604  -16.51956   917%     -    0s
H    0     0                      -3.0462650  -16.51956   442%     -    0s
H    0     0                      -6.9343215  -16.51956   138%     -    0s
H    0     0                      -7.2384097  -12.56108  73.5%     -    0s
     0     0   -7.65603    0  110   -7.23841   -7.65603  5.77%     -    0s

Cutting planes:
  Gomory: 9
  MIR: 30
  StrongCG: 1
  Flow cover: 3
  Zero half: 20
  RLT: 9
  BQP: 70

Explored 1 nodes (326 simplex iterations) in 0.03 seconds (0.02 work units)
Thread count was 8 (of 96 available processors)

Solution count 6: -7.23841 -6.93432 -3.04627 ... 2.41082
No other solutions better than -7.23841

Optimal solution found (tolerance 1.00e-06)
Best objective -7.238409669308e+00, best bound -7.238409669308e+00, gap 0.0000%

User-callback calls 177, time in user-callback 0.00 sec
