
Gurobi 13.0.0 (linux64) logging started Sun May  3 11:08:53 2026

Set parameter LogFile to value "logs/N=12_layers=3_presolve_on/N=12/seed=23/quantum_layers=3/precond_pen=0.500.log"
Set parameter MIPGap to value 1e-06
Set parameter Threads to value 8
Gurobi Optimizer version 13.0.0 build v13.0.0rc1 (linux64 - "Oracle Linux Server 9.7")

CPU model: AMD EPYC 7643 48-Core Processor, instruction set [SSE2|AVX|AVX2]
Thread count: 48 physical cores, 96 logical processors, using up to 8 threads

Non-default parameters:
MIPGap  1e-06
Threads  8

Optimize a model with 1 rows, 12 columns and 12 nonzeros (Min)
Model fingerprint: 0x23b8e1af
Model has 12 linear objective coefficients and an objective constant of 4.6549720205400016e+00
Model has 66 quadratic objective terms
Variable types: 0 continuous, 12 integer (12 binary)
Coefficient statistics:
  Matrix range     [1e+00, 1e+00]
  Objective range  [8e-01, 2e+00]
  QObjective range [1e-01, 6e+00]
  Bounds range     [1e+00, 1e+00]
  RHS range        [6e+00, 6e+00]
Found heuristic solution: objective 0.4150647
Presolve time: 0.00s
Presolved: 67 rows, 78 columns, 210 nonzeros
Variable types: 0 continuous, 78 integer (78 binary)

Root relaxation: objective -1.894867e+01, 15 iterations, 0.00 seconds (0.00 work units)

    Nodes    |    Current Node    |     Objective Bounds      |     Work
 Expl Unexpl |  Obj  Depth IntInf | Incumbent    BestBd   Gap | It/Node Time

     0     0  -18.94867    0   12    0.41506  -18.94867  4665%     -    0s
H    0     0                      -8.6789331  -18.94867   118%     -    0s
H    0     0                     -15.6432546  -18.94867  21.1%     -    0s

Cutting planes:
  Gomory: 1
  MIR: 13
  Zero half: 9
  RLT: 13
  BQP: 31

Explored 1 nodes (15 simplex iterations) in 0.01 seconds (0.00 work units)
Thread count was 8 (of 96 available processors)

Solution count 3: -15.6433 -8.67893 0.415065 
No other solutions better than -15.6433

Optimal solution found (tolerance 1.00e-06)
Best objective -1.564325462382e+01, best bound -1.564325462382e+01, gap 0.0000%

User-callback calls 157, time in user-callback 0.00 sec
