
Gurobi 13.0.0 (linux64) logging started Sun May  3 11:04:24 2026

Set parameter LogFile to value "logs/N=12_layers=1_presolve_off/N=12/seed=0/quantum_layers=1/baseline.log"
Set parameter MIPGap to value 1e-06
Set parameter Threads to value 8
Set parameter Presolve to value 0
Gurobi Optimizer version 13.0.0 build v13.0.0rc1 (linux64 - "Oracle Linux Server 9.7")

CPU model: AMD EPYC 7643 48-Core Processor, instruction set [SSE2|AVX|AVX2]
Thread count: 48 physical cores, 96 logical processors, using up to 8 threads

Non-default parameters:
MIPGap  1e-06
Presolve  0
Threads  8

Optimize a model with 1 rows, 12 columns and 12 nonzeros (Min)
Model fingerprint: 0x4614ad23
Model has 12 linear objective coefficients
Model has 66 quadratic objective terms
Variable types: 0 continuous, 12 integer (12 binary)
Coefficient statistics:
  Matrix range     [1e+00, 1e+00]
  Objective range  [9e+00, 1e+01]
  QObjective range [2e-02, 8e+00]
  Bounds range     [1e+00, 1e+00]
  RHS range        [6e+00, 6e+00]
Found heuristic solution: objective 40.5489369
Variable types: 0 continuous, 78 integer (78 binary)

Root relaxation: objective 2.442491e-15, 8 iterations, 0.00 seconds (0.00 work units)

    Nodes    |    Current Node    |     Objective Bounds      |     Work
 Expl Unexpl |  Obj  Depth IntInf | Incumbent    BestBd   Gap | It/Node Time

     0     0    0.00000    0   12   40.54894    0.00000   100%     -    0s
H    0     0                      39.6738911    0.00000   100%     -    0s
H    0     0                      29.5711929    0.00000   100%     -    0s
H    0     0                      29.1407142    0.00000   100%     -    0s
     0     0   18.73045    0   16   29.14071   18.73045  35.7%     -    0s
     0     0   19.48793    0   17   29.14071   19.48793  33.1%     -    0s
     0     0   22.49212    0   42   29.14071   22.49212  22.8%     -    0s
     0     0   22.50087    0   42   29.14071   22.50087  22.8%     -    0s
     0     2   22.50087    0   42   29.14071   22.50087  22.8%     -    0s

Cutting planes:
  Gomory: 3
  Cover: 1
  MIR: 19
  StrongCG: 2
  RLT: 7

Explored 138 nodes (2051 simplex iterations) in 0.03 seconds (0.02 work units)
Thread count was 8 (of 96 available processors)

Solution count 4: 29.1407 29.5712 39.6739 40.5489 

Optimal solution found (tolerance 1.00e-06)
Best objective 2.914071424971e+01, best bound 2.914071424971e+01, gap 0.0000%

User-callback calls 370, time in user-callback 0.00 sec
