
Gurobi 13.0.0 (linux64) logging started Sun May  3 11:04:25 2026

Set parameter LogFile to value "logs/N=12_layers=1_presolve_off/N=12/seed=0/quantum_layers=1/precond_pen=0.800.log"
Set parameter MIPGap to value 1e-06
Set parameter Threads to value 8
Set parameter Presolve to value 0
Gurobi Optimizer version 13.0.0 build v13.0.0rc1 (linux64 - "Oracle Linux Server 9.7")

CPU model: AMD EPYC 7643 48-Core Processor, instruction set [SSE2|AVX|AVX2]
Thread count: 48 physical cores, 96 logical processors, using up to 8 threads

Non-default parameters:
MIPGap  1e-06
Presolve  0
Threads  8

Optimize a model with 1 rows, 12 columns and 12 nonzeros (Min)
Model fingerprint: 0x932d69b5
Model has 12 linear objective coefficients and an objective constant of 4.899702191844
Model has 66 quadratic objective terms
Variable types: 0 continuous, 12 integer (12 binary)
Coefficient statistics:
  Matrix range     [1e+00, 1e+00]
  Objective range  [1e+00, 2e+00]
  QObjective range [1e-01, 1e+00]
  Bounds range     [1e+00, 1e+00]
  RHS range        [6e+00, 6e+00]
Found heuristic solution: objective 0.1768395
Variable types: 0 continuous, 78 integer (78 binary)

Root relaxation: objective -4.899702e+00, 18 iterations, 0.00 seconds (0.00 work units)

    Nodes    |    Current Node    |     Objective Bounds      |     Work
 Expl Unexpl |  Obj  Depth IntInf | Incumbent    BestBd   Gap | It/Node Time

     0     0   -4.89970    0   12    0.17684   -4.89970  2871%     -    0s
H    0     0                      -0.4026635   -4.89970  1117%     -    0s
H    0     0                      -0.4699536   -4.89970   943%     -    0s
H    0     0                      -0.8949320   -4.89970   447%     -    0s
H    0     0                      -1.2814715   -4.89970   282%     -    0s
     0     0   -1.28151    0   68   -1.28147   -1.28151  0.00%     -    0s
     0     0     cutoff    0        -1.28147   -1.28147  0.00%     -    0s

Cutting planes:
  Gomory: 6
  Cover: 15
  MIR: 112
  Zero half: 6
  RLT: 20
  BQP: 107

Explored 1 nodes (309 simplex iterations) in 0.03 seconds (0.01 work units)
Thread count was 8 (of 96 available processors)

Solution count 5: -1.28147 -0.894932 -0.469954 ... 0.176839
No other solutions better than -1.28147

Optimal solution found (tolerance 1.00e-06)
Best objective -1.281471514546e+00, best bound -1.281471514546e+00, gap 0.0000%

User-callback calls 81, time in user-callback 0.00 sec
