
Gurobi 13.0.0 (linux64) logging started Sun May  3 11:04:25 2026

Set parameter LogFile to value "logs/N=12_layers=1_presolve_off/N=12/seed=0/quantum_layers=1/precond_pen=0.300.log"
Set parameter MIPGap to value 1e-06
Set parameter Threads to value 8
Set parameter Presolve to value 0
Gurobi Optimizer version 13.0.0 build v13.0.0rc1 (linux64 - "Oracle Linux Server 9.7")

CPU model: AMD EPYC 7643 48-Core Processor, instruction set [SSE2|AVX|AVX2]
Thread count: 48 physical cores, 96 logical processors, using up to 8 threads

Non-default parameters:
MIPGap  1e-06
Presolve  0
Threads  8

Optimize a model with 1 rows, 12 columns and 12 nonzeros (Min)
Model fingerprint: 0x1df5b8d2
Model has 12 linear objective coefficients and an objective constant of 3.419150102828
Model has 66 quadratic objective terms
Variable types: 0 continuous, 12 integer (12 binary)
Coefficient statistics:
  Matrix range     [1e+00, 1e+00]
  Objective range  [2e-01, 2e+00]
  QObjective range [2e-02, 4e+00]
  Bounds range     [1e+00, 1e+00]
  RHS range        [6e+00, 6e+00]
Found heuristic solution: objective 2.2989309
Variable types: 0 continuous, 78 integer (78 binary)

Root relaxation: objective -1.118907e+01, 17 iterations, 0.00 seconds (0.00 work units)

    Nodes    |    Current Node    |     Objective Bounds      |     Work
 Expl Unexpl |  Obj  Depth IntInf | Incumbent    BestBd   Gap | It/Node Time

     0     0  -11.18907    0   12    2.29893  -11.18907   587%     -    0s
H    0     0                      -0.5916358  -11.18907  1791%     -    0s
H    0     0                      -3.9567105  -11.18907   183%     -    0s
H    0     0                      -5.7426912  -11.18907  94.8%     -    0s
     0     0   -5.74269    0   44   -5.74269   -5.74269  0.00%     -    0s

Cutting planes:
  Gomory: 1
  MIR: 24
  Zero half: 16
  RLT: 16
  BQP: 54

Explored 1 nodes (92 simplex iterations) in 0.01 seconds (0.00 work units)
Thread count was 8 (of 96 available processors)

Solution count 4: -5.74269 -3.95671 -0.591636 2.29893 
No other solutions better than -5.74269

Optimal solution found (tolerance 1.00e-06)
Best objective -5.742691156532e+00, best bound -5.742691156532e+00, gap 0.0000%

User-callback calls 69, time in user-callback 0.00 sec
