
Gurobi 13.0.0 (linux64) logging started Sun May  3 11:04:25 2026

Set parameter LogFile to value "logs/N=12_layers=1_presolve_off/N=12/seed=0/quantum_layers=1/precond_pen=0.200.log"
Set parameter MIPGap to value 1e-06
Set parameter Threads to value 8
Set parameter Presolve to value 0
Gurobi Optimizer version 13.0.0 build v13.0.0rc1 (linux64 - "Oracle Linux Server 9.7")

CPU model: AMD EPYC 7643 48-Core Processor, instruction set [SSE2|AVX|AVX2]
Thread count: 48 physical cores, 96 logical processors, using up to 8 threads

Non-default parameters:
MIPGap  1e-06
Presolve  0
Threads  8

Optimize a model with 1 rows, 12 columns and 12 nonzeros (Min)
Model fingerprint: 0x8534720d
Model has 12 linear objective coefficients and an objective constant of -4.4567554817090009e+00
Model has 66 quadratic objective terms
Variable types: 0 continuous, 12 integer (12 binary)
Coefficient statistics:
  Matrix range     [1e+00, 1e+00]
  Objective range  [3e-01, 3e+00]
  QObjective range [3e-02, 3e+00]
  Bounds range     [1e+00, 1e+00]
  RHS range        [6e+00, 6e+00]
Found heuristic solution: objective 2.5825882
Variable types: 0 continuous, 78 integer (78 binary)

Root relaxation: objective -1.069412e+01, 4 iterations, 0.00 seconds (0.00 work units)

    Nodes    |    Current Node    |     Objective Bounds      |     Work
 Expl Unexpl |  Obj  Depth IntInf | Incumbent    BestBd   Gap | It/Node Time

     0     0  -10.69412    0   12    2.58259  -10.69412   514%     -    0s
H    0     0                      -1.5827892  -10.69412   576%     -    0s
H    0     0                      -4.2469368  -10.69412   152%     -    0s
     0     0   -5.38361    0   43   -4.24694   -5.38361  26.8%     -    0s

Cutting planes:
  Gomory: 4
  Cover: 1
  MIR: 26
  Zero half: 4
  RLT: 11
  BQP: 33

Explored 1 nodes (93 simplex iterations) in 0.01 seconds (0.01 work units)
Thread count was 8 (of 96 available processors)

Solution count 3: -4.24694 -1.58279 2.58259 
No other solutions better than -4.24694

Optimal solution found (tolerance 1.00e-06)
Best objective -4.246936801667e+00, best bound -4.246936801667e+00, gap 0.0000%

User-callback calls 71, time in user-callback 0.00 sec
