
Gurobi 13.0.0 (linux64) logging started Tue Mar 31 15:12:56 2026

Set parameter LogFile to value "logs/N=16_layers=2_presolve_off/N=16/seed=39/n_qaoa_layers=2/baseline.log"
Set parameter MIPGap to value 1e-06
Set parameter Threads to value 8
Set parameter Presolve to value 0
Gurobi Optimizer version 13.0.0 build v13.0.0rc1 (linux64 - "Oracle Linux Server 9.7")

CPU model: AMD EPYC 7643 48-Core Processor, instruction set [SSE2|AVX|AVX2]
Thread count: 48 physical cores, 96 logical processors, using up to 8 threads

Non-default parameters:
MIPGap  1e-06
Presolve  0
Threads  8

Optimize a model with 1 rows, 16 columns and 16 nonzeros (Min)
Model fingerprint: 0x66bda55d
Model has 16 linear objective coefficients and an objective constant of 2.9989344341174728e-12
Model has 120 quadratic objective terms
Variable types: 0 continuous, 16 integer (16 binary)
Coefficient statistics:
  Matrix range     [1e+00, 1e+00]
  Objective range  [1e+01, 2e+01]
  QObjective range [6e-02, 8e+00]
  Bounds range     [1e+00, 1e+00]
  RHS range        [8e+00, 8e+00]
Found heuristic solution: objective 63.0123604
Variable types: 0 continuous, 136 integer (136 binary)

Root relaxation: objective 2.999823e-12, 6 iterations, 0.00 seconds (0.00 work units)

    Nodes    |    Current Node    |     Objective Bounds      |     Work
 Expl Unexpl |  Obj  Depth IntInf | Incumbent    BestBd   Gap | It/Node Time

     0     0    0.00000    0   16   63.01236    0.00000   100%     -    0s
H    0     0                      55.7286961    0.00000   100%     -    0s
H    0     0                      52.7357678   23.63100  55.2%     -    0s
     0     0   25.57714    0   26   52.73577   25.57714  51.5%     -    0s
     0     0   27.10749    0   25   52.73577   27.10749  48.6%     -    0s
     0     0   31.36617    0   47   52.73577   31.36617  40.5%     -    0s
     0     0   31.36617    0   47   52.73577   31.36617  40.5%     -    0s
     0     2   31.36617    0   47   52.73577   31.36617  40.5%     -    0s

Cutting planes:
  Gomory: 3
  MIR: 19
  RLT: 12

Explored 457 nodes (10809 simplex iterations) in 0.08 seconds (0.08 work units)
Thread count was 8 (of 96 available processors)

Solution count 3: 52.7358 55.7287 63.0124 

Optimal solution found (tolerance 1.00e-06)
Best objective 5.273576775704e+01, best bound 5.273576775704e+01, gap 0.0000%

User-callback calls 1021, time in user-callback 0.00 sec
