
Gurobi 13.0.0 (linux64) logging started Sun May  3 11:04:21 2026

Set parameter LogFile to value "logs/N=12_layers=1_presolve_on/N=12/seed=30/quantum_layers=1/baseline.log"
Set parameter MIPGap to value 1e-06
Set parameter Threads to value 8
Gurobi Optimizer version 13.0.0 build v13.0.0rc1 (linux64 - "Oracle Linux Server 9.7")

CPU model: AMD EPYC 7643 48-Core Processor, instruction set [SSE2|AVX|AVX2]
Thread count: 48 physical cores, 96 logical processors, using up to 8 threads

Non-default parameters:
MIPGap  1e-06
Threads  8

Optimize a model with 1 rows, 12 columns and 12 nonzeros (Min)
Model fingerprint: 0xdf5a3c90
Model has 12 linear objective coefficients
Model has 66 quadratic objective terms
Variable types: 0 continuous, 12 integer (12 binary)
Coefficient statistics:
  Matrix range     [1e+00, 1e+00]
  Objective range  [8e+00, 2e+01]
  QObjective range [7e-01, 8e+00]
  Bounds range     [1e+00, 1e+00]
  RHS range        [6e+00, 6e+00]
Found heuristic solution: objective 36.6122946
Presolve time: 0.00s
Presolved: 67 rows, 78 columns, 210 nonzeros
Variable types: 0 continuous, 78 integer (78 binary)

Root relaxation: objective -8.160139e-15, 12 iterations, 0.00 seconds (0.00 work units)

    Nodes    |    Current Node    |     Objective Bounds      |     Work
 Expl Unexpl |  Obj  Depth IntInf | Incumbent    BestBd   Gap | It/Node Time

     0     0   -0.00000    0   12   36.61229   -0.00000   100%     -    0s
H    0     0                      34.3817554   -0.00000   100%     -    0s
H    0     0                      32.9927108   -0.00000   100%     -    0s
H    0     0                      29.5526138   -0.00000   100%     -    0s
     0     0   17.33722    0   20   29.55261   17.33722  41.3%     -    0s
     0     0   18.72883    0   19   29.55261   18.72883  36.6%     -    0s
     0     0   23.14152    0   47   29.55261   23.14152  21.7%     -    0s
     0     0   23.49951    0   47   29.55261   23.49951  20.5%     -    0s
     0     2   23.49951    0   47   29.55261   23.49951  20.5%     -    0s

Cutting planes:
  Gomory: 2
  Dual implied bound: 13
  MIR: 7
  RLT: 9

Explored 43 nodes (839 simplex iterations) in 0.03 seconds (0.02 work units)
Thread count was 8 (of 96 available processors)

Solution count 4: 29.5526 32.9927 34.3818 36.6123 

Optimal solution found (tolerance 1.00e-06)
Best objective 2.955261378249e+01, best bound 2.955261378249e+01, gap 0.0000%

User-callback calls 271, time in user-callback 0.00 sec
