
Gurobi 13.0.0 (linux64) logging started Sun Mar 22 16:50:51 2026

Set parameter LogFile to value "logs/N=12_presolve_off/N=12/seed=46/n_qaoa_layers=1/baseline.log"
Set parameter MIPGap to value 1e-06
Set parameter Threads to value 8
Set parameter Presolve to value 0
Gurobi Optimizer version 13.0.0 build v13.0.0rc1 (linux64 - "Oracle Linux Server 9.7")

CPU model: AMD EPYC 7643 48-Core Processor, instruction set [SSE2|AVX|AVX2]
Thread count: 48 physical cores, 96 logical processors, using up to 8 threads

Non-default parameters:
MIPGap  1e-06
Presolve  0
Threads  8

Optimize a model with 1 rows, 12 columns and 12 nonzeros (Min)
Model fingerprint: 0x9fb719b2
Model has 12 linear objective coefficients
Model has 66 quadratic objective terms
Variable types: 0 continuous, 12 integer (12 binary)
Coefficient statistics:
  Matrix range     [1e+00, 1e+00]
  Objective range  [6e+00, 1e+01]
  QObjective range [6e-02, 8e+00]
  Bounds range     [1e+00, 1e+00]
  RHS range        [6e+00, 6e+00]
Found heuristic solution: objective 34.4461668
Variable types: 0 continuous, 78 integer (78 binary)

Root relaxation: objective 1.720846e-15, 6 iterations, 0.00 seconds (0.00 work units)

    Nodes    |    Current Node    |     Objective Bounds      |     Work
 Expl Unexpl |  Obj  Depth IntInf | Incumbent    BestBd   Gap | It/Node Time

     0     0    0.00000    0   12   34.44617    0.00000   100%     -    0s
H    0     0                      33.5402503    0.00000   100%     -    0s
H    0     0                      33.3116553    0.00000   100%     -    0s
H    0     0                      28.3888299    0.00000   100%     -    0s
     0     0   18.92281    0   12   28.38883   18.92281  33.3%     -    0s
     0     0   19.26523    0   15   28.38883   19.26523  32.1%     -    0s
     0     0   23.40202    0   38   28.38883   23.40202  17.6%     -    0s
     0     0   23.64936    0   39   28.38883   23.64936  16.7%     -    0s
     0     0   27.40329    0   61   28.38883   27.40329  3.47%     -    0s
     0     0   27.45544    0   61   28.38883   27.45544  3.29%     -    0s
     0     2   27.45544    0   61   28.38883   27.45544  3.29%     -    0s

Cutting planes:
  Cover: 2
  MIR: 22
  RLT: 8

Explored 57 nodes (1323 simplex iterations) in 0.04 seconds (0.02 work units)
Thread count was 8 (of 96 available processors)

Solution count 4: 28.3888 33.3117 33.5403 34.4462 

Optimal solution found (tolerance 1.00e-06)
Best objective 2.838882987288e+01, best bound 2.838882987288e+01, gap 0.0000%

User-callback calls 216, time in user-callback 0.00 sec
