
Gurobi 13.0.0 (linux64) logging started Sun May  3 10:58:26 2026

Set parameter LogFile to value "logs/N=16_layers=2_presolve_on/N=16/seed=5/quantum_layers=2/precond_pen=0.600.log"
Set parameter MIPGap to value 1e-06
Set parameter Threads to value 8
Gurobi Optimizer version 13.0.0 build v13.0.0rc1 (linux64 - "Oracle Linux Server 9.7")

CPU model: AMD EPYC 7643 48-Core Processor, instruction set [SSE2|AVX|AVX2]
Thread count: 48 physical cores, 96 logical processors, using up to 8 threads

Non-default parameters:
MIPGap  1e-06
Threads  8

Optimize a model with 1 rows, 16 columns and 16 nonzeros (Min)
Model fingerprint: 0x15a149cd
Model has 16 linear objective coefficients and an objective constant of 6.0222882533970008e+00
Model has 120 quadratic objective terms
Variable types: 0 continuous, 16 integer (16 binary)
Coefficient statistics:
  Matrix range     [1e+00, 1e+00]
  Objective range  [1e+00, 2e+00]
  QObjective range [3e-02, 4e+00]
  Bounds range     [1e+00, 1e+00]
  RHS range        [8e+00, 8e+00]
Found heuristic solution: objective 1.6053225
Presolve time: 0.00s
Presolved: 121 rows, 136 columns, 376 nonzeros
Variable types: 0 continuous, 136 integer (136 binary)

Root relaxation: objective -1.672269e+01, 33 iterations, 0.00 seconds (0.00 work units)

    Nodes    |    Current Node    |     Objective Bounds      |     Work
 Expl Unexpl |  Obj  Depth IntInf | Incumbent    BestBd   Gap | It/Node Time

     0     0  -16.72269    0   16    1.60532  -16.72269  1142%     -    0s
H    0     0                      -8.8430103  -16.72269  89.1%     -    0s
H    0     0                      -9.5506973  -16.72269  75.1%     -    0s
     0     0  -10.09453    0   54   -9.55070  -10.09453  5.69%     -    0s

Cutting planes:
  Gomory: 12
  Clique: 3
  MIR: 126
  StrongCG: 6
  Flow cover: 20
  Zero half: 16
  RLT: 24
  BQP: 127

Explored 1 nodes (167 simplex iterations) in 0.03 seconds (0.02 work units)
Thread count was 8 (of 96 available processors)

Solution count 3: -9.5507 -8.84301 1.60532 
No other solutions better than -9.5507

Optimal solution found (tolerance 1.00e-06)
Best objective -9.550697278959e+00, best bound -9.550697278959e+00, gap 0.0000%

User-callback calls 170, time in user-callback 0.00 sec
