
Gurobi 13.0.0 (linux64) logging started Tue Mar 31 15:12:53 2026

Set parameter LogFile to value "logs/N=16_layers=2_presolve_off/N=16/seed=30/n_qaoa_layers=2/precond_pen=0.400.log"
Set parameter MIPGap to value 1e-06
Set parameter Threads to value 8
Set parameter Presolve to value 0
Gurobi Optimizer version 13.0.0 build v13.0.0rc1 (linux64 - "Oracle Linux Server 9.7")

CPU model: AMD EPYC 7643 48-Core Processor, instruction set [SSE2|AVX|AVX2]
Thread count: 48 physical cores, 96 logical processors, using up to 8 threads

Non-default parameters:
MIPGap  1e-06
Presolve  0
Threads  8

Optimize a model with 1 rows, 16 columns and 16 nonzeros (Min)
Model fingerprint: 0x981d6055
Model has 16 linear objective coefficients and an objective constant of 5.5842683312460029e+00
Model has 120 quadratic objective terms
Variable types: 0 continuous, 16 integer (16 binary)
Coefficient statistics:
  Matrix range     [1e+00, 1e+00]
  Objective range  [5e-01, 2e+00]
  QObjective range [3e-03, 3e+00]
  Bounds range     [1e+00, 1e+00]
  RHS range        [8e+00, 8e+00]
Found heuristic solution: objective 2.3060364
Variable types: 0 continuous, 136 integer (136 binary)

Root relaxation: objective -2.133422e+01, 16 iterations, 0.00 seconds (0.00 work units)

    Nodes    |    Current Node    |     Objective Bounds      |     Work
 Expl Unexpl |  Obj  Depth IntInf | Incumbent    BestBd   Gap | It/Node Time

     0     0  -21.33422    0   16    2.30604  -21.33422  1025%     -    0s
H    0     0                       1.0685955  -21.33422  2096%     -    0s
H    0     0                      -0.4909725  -21.33422  4245%     -    0s
H    0     0                      -2.4964395  -21.33422   755%     -    0s
H    0     0                     -14.3109415  -21.33422  49.1%     -    0s
     0     0     cutoff    0       -14.31094  -14.31094  0.00%     -    0s

Cutting planes:
  Gomory: 1
  MIR: 41
  Zero half: 25
  RLT: 28
  BQP: 143

Explored 1 nodes (129 simplex iterations) in 0.01 seconds (0.01 work units)
Thread count was 8 (of 96 available processors)

Solution count 5: -14.3109 -2.49644 -0.490973 ... 2.30604
No other solutions better than -14.3109

Optimal solution found (tolerance 1.00e-06)
Best objective -1.431094154129e+01, best bound -1.431094154129e+01, gap 0.0000%

User-callback calls 71, time in user-callback 0.00 sec
