
Gurobi 13.0.0 (linux64) logging started Tue Mar 31 15:12:53 2026

Set parameter LogFile to value "logs/N=16_layers=2_presolve_off/N=16/seed=30/n_qaoa_layers=2/precond_pen=0.200.log"
Set parameter MIPGap to value 1e-06
Set parameter Threads to value 8
Set parameter Presolve to value 0
Gurobi Optimizer version 13.0.0 build v13.0.0rc1 (linux64 - "Oracle Linux Server 9.7")

CPU model: AMD EPYC 7643 48-Core Processor, instruction set [SSE2|AVX|AVX2]
Thread count: 48 physical cores, 96 logical processors, using up to 8 threads

Non-default parameters:
MIPGap  1e-06
Presolve  0
Threads  8

Optimize a model with 1 rows, 16 columns and 16 nonzeros (Min)
Model fingerprint: 0x8bcc0c08
Model has 16 linear objective coefficients and an objective constant of -2.3842642497638995e+01
Model has 120 quadratic objective terms
Variable types: 0 continuous, 16 integer (16 binary)
Coefficient statistics:
  Matrix range     [1e+00, 1e+00]
  Objective range  [2e+00, 9e+00]
  QObjective range [9e-03, 5e+00]
  Bounds range     [1e+00, 1e+00]
  RHS range        [8e+00, 8e+00]
Found heuristic solution: objective 3.7710113
Variable types: 0 continuous, 136 integer (136 binary)

Root relaxation: objective -3.106537e+01, 10 iterations, 0.00 seconds (0.00 work units)

    Nodes    |    Current Node    |     Objective Bounds      |     Work
 Expl Unexpl |  Obj  Depth IntInf | Incumbent    BestBd   Gap | It/Node Time

     0     0  -31.06537    0   16    3.77101  -31.06537   924%     -    0s
H    0     0                       3.6386527  -31.06537   954%     -    0s
H    0     0                       0.1431551  -31.06537      -     -    0s
H    0     0                     -12.0499849  -31.06537   158%     -    0s
     0     0  -18.69626    0   36  -12.04998  -18.69626  55.2%     -    0s
     0     0  -15.13776    0   63  -12.04998  -15.13776  25.6%     -    0s
     0     0  -15.13776    0   63  -12.04998  -15.13776  25.6%     -    0s
     0     2  -15.13776    0   63  -12.04998  -15.13776  25.6%     -    0s

Cutting planes:
  Gomory: 3
  Cover: 4
  MIR: 10
  Zero half: 8
  RLT: 13
  BQP: 15

Explored 60 nodes (1761 simplex iterations) in 0.04 seconds (0.04 work units)
Thread count was 8 (of 96 available processors)

Solution count 4: -12.05 0.143155 3.63865 3.77101 
No other solutions better than -12.05

Optimal solution found (tolerance 1.00e-06)
Best objective -1.204998490466e+01, best bound -1.204998490466e+01, gap 0.0000%

User-callback calls 221, time in user-callback 0.00 sec
