
Gurobi 13.0.0 (linux64) logging started Tue Mar 31 15:12:54 2026

Set parameter LogFile to value "logs/N=16_layers=2_presolve_off/N=16/seed=30/n_qaoa_layers=2/precond_pen=0.800.log"
Set parameter MIPGap to value 1e-06
Set parameter Threads to value 8
Set parameter Presolve to value 0
Gurobi Optimizer version 13.0.0 build v13.0.0rc1 (linux64 - "Oracle Linux Server 9.7")

CPU model: AMD EPYC 7643 48-Core Processor, instruction set [SSE2|AVX|AVX2]
Thread count: 48 physical cores, 96 logical processors, using up to 8 threads

Non-default parameters:
MIPGap  1e-06
Presolve  0
Threads  8

Optimize a model with 1 rows, 16 columns and 16 nonzeros (Min)
Model fingerprint: 0x358b29bf
Model has 16 linear objective coefficients and an objective constant of 6.5502697125830007e+00
Model has 120 quadratic objective terms
Variable types: 0 continuous, 16 integer (16 binary)
Coefficient statistics:
  Matrix range     [1e+00, 1e+00]
  Objective range  [1e+00, 2e+00]
  QObjective range [3e-02, 2e+00]
  Bounds range     [1e+00, 1e+00]
  RHS range        [8e+00, 8e+00]
Found heuristic solution: objective 0.4603524
Variable types: 0 continuous, 136 integer (136 binary)

Root relaxation: objective -1.031042e+01, 21 iterations, 0.00 seconds (0.00 work units)

    Nodes    |    Current Node    |     Objective Bounds      |     Work
 Expl Unexpl |  Obj  Depth IntInf | Incumbent    BestBd   Gap | It/Node Time

     0     0  -10.31042    0   16    0.46035  -10.31042  2340%     -    0s
H    0     0                      -0.3672738  -10.31042  2707%     -    0s
H    0     0                      -0.9940437  -10.31042   937%     -    0s
H    0     0                      -4.9391767  -10.31042   109%     -    0s
     0     0     cutoff    0        -4.93918   -4.93918  0.00%     -    0s

Cutting planes:
  Gomory: 1
  MIR: 45
  Zero half: 30
  RLT: 35
  BQP: 169

Explored 1 nodes (215 simplex iterations) in 0.01 seconds (0.01 work units)
Thread count was 8 (of 96 available processors)

Solution count 4: -4.93918 -0.994044 -0.367274 0.460352 
No other solutions better than -4.93918

Optimal solution found (tolerance 1.00e-06)
Best objective -4.939176671353e+00, best bound -4.939176671353e+00, gap 0.0000%

User-callback calls 71, time in user-callback 0.00 sec
