
Gurobi 13.0.0 (linux64) logging started Sun May  3 10:58:33 2026

Set parameter LogFile to value "logs/N=16_layers=2_presolve_on/N=16/seed=29/quantum_layers=2/precond_pen=0.600.log"
Set parameter MIPGap to value 1e-06
Set parameter Threads to value 8
Gurobi Optimizer version 13.0.0 build v13.0.0rc1 (linux64 - "Oracle Linux Server 9.7")

CPU model: AMD EPYC 7643 48-Core Processor, instruction set [SSE2|AVX|AVX2]
Thread count: 48 physical cores, 96 logical processors, using up to 8 threads

Non-default parameters:
MIPGap  1e-06
Threads  8

Optimize a model with 1 rows, 16 columns and 16 nonzeros (Min)
Model fingerprint: 0xb44444e4
Model has 16 linear objective coefficients and an objective constant of 6.10803432885
Model has 120 quadratic objective terms
Variable types: 0 continuous, 16 integer (16 binary)
Coefficient statistics:
  Matrix range     [1e+00, 1e+00]
  Objective range  [1e+00, 2e+00]
  QObjective range [6e-03, 3e+00]
  Bounds range     [1e+00, 1e+00]
  RHS range        [8e+00, 8e+00]
Found heuristic solution: objective -2.3139601
Presolve time: 0.00s
Presolved: 121 rows, 136 columns, 376 nonzeros
Variable types: 0 continuous, 136 integer (136 binary)

Root relaxation: objective -1.436404e+01, 15 iterations, 0.00 seconds (0.00 work units)

    Nodes    |    Current Node    |     Objective Bounds      |     Work
 Expl Unexpl |  Obj  Depth IntInf | Incumbent    BestBd   Gap | It/Node Time

     0     0  -14.36404    0   16   -2.31396  -14.36404   521%     -    0s
H    0     0                      -7.3154742  -14.36404  96.4%     -    0s
     0     0     cutoff    0        -7.31547   -7.31547  0.00%     -    0s

Cutting planes:
  Gomory: 1
  MIR: 47
  Zero half: 21
  RLT: 38
  BQP: 167

Explored 1 nodes (212 simplex iterations) in 0.01 seconds (0.01 work units)
Thread count was 8 (of 96 available processors)

Solution count 2: -7.31547 -2.31396 
No other solutions better than -7.31547

Optimal solution found (tolerance 1.00e-06)
Best objective -7.315474163968e+00, best bound -7.315474163968e+00, gap 0.0000%

User-callback calls 161, time in user-callback 0.00 sec
