
Gurobi 13.0.0 (linux64) logging started Sun May  3 10:58:33 2026

Set parameter LogFile to value "logs/N=16_layers=2_presolve_on/N=16/seed=29/quantum_layers=2/precond_pen=0.200.log"
Set parameter MIPGap to value 1e-06
Set parameter Threads to value 8
Gurobi Optimizer version 13.0.0 build v13.0.0rc1 (linux64 - "Oracle Linux Server 9.7")

CPU model: AMD EPYC 7643 48-Core Processor, instruction set [SSE2|AVX|AVX2]
Thread count: 48 physical cores, 96 logical processors, using up to 8 threads

Non-default parameters:
MIPGap  1e-06
Threads  8

Optimize a model with 1 rows, 16 columns and 16 nonzeros (Min)
Model fingerprint: 0x11f6567c
Model has 16 linear objective coefficients and an objective constant of -1.2823725042084005e+01
Model has 120 quadratic objective terms
Variable types: 0 continuous, 16 integer (16 binary)
Coefficient statistics:
  Matrix range     [1e+00, 1e+00]
  Objective range  [4e-02, 7e+00]
  QObjective range [1e-02, 5e+00]
  Bounds range     [1e+00, 1e+00]
  RHS range        [8e+00, 8e+00]
Found heuristic solution: objective -1.9158261
Presolve time: 0.00s
Presolved: 121 rows, 136 columns, 376 nonzeros
Variable types: 0 continuous, 136 integer (136 binary)

Root relaxation: objective -2.599653e+01, 22 iterations, 0.00 seconds (0.00 work units)

    Nodes    |    Current Node    |     Objective Bounds      |     Work
 Expl Unexpl |  Obj  Depth IntInf | Incumbent    BestBd   Gap | It/Node Time

     0     0  -25.99653    0   16   -1.91583  -25.99653  1257%     -    0s
H    0     0                      -5.7541828  -25.99653   352%     -    0s
H    0     0                     -10.7351101  -25.99653   142%     -    0s
     0     0  -17.31503    0   51  -10.73511  -17.31503  61.3%     -    0s
     0     0  -10.73511    0   87  -10.73511  -10.73511  0.00%     -    0s

Cutting planes:
  Gomory: 7
  Cover: 1
  Dual implied bound: 9
  MIR: 33
  Zero half: 18
  RLT: 23
  BQP: 49

Explored 1 nodes (284 simplex iterations) in 0.03 seconds (0.02 work units)
Thread count was 8 (of 96 available processors)

Solution count 3: -10.7351 -5.75418 -1.91583 
No other solutions better than -10.7351

Optimal solution found (tolerance 1.00e-06)
Best objective -1.073511014663e+01, best bound -1.073511014663e+01, gap 0.0000%

User-callback calls 173, time in user-callback 0.00 sec
