
Gurobi 13.0.0 (linux64) logging started Sun May  3 11:04:32 2026

Set parameter LogFile to value "logs/N=12_layers=1_presolve_off/N=12/seed=41/quantum_layers=1/precond_pen=0.500.log"
Set parameter MIPGap to value 1e-06
Set parameter Threads to value 8
Set parameter Presolve to value 0
Gurobi Optimizer version 13.0.0 build v13.0.0rc1 (linux64 - "Oracle Linux Server 9.7")

CPU model: AMD EPYC 7643 48-Core Processor, instruction set [SSE2|AVX|AVX2]
Thread count: 48 physical cores, 96 logical processors, using up to 8 threads

Non-default parameters:
MIPGap  1e-06
Presolve  0
Threads  8

Optimize a model with 1 rows, 12 columns and 12 nonzeros (Min)
Model fingerprint: 0x61bff26c
Model has 12 linear objective coefficients and an objective constant of 4.5183979479210006e+00
Model has 66 quadratic objective terms
Variable types: 0 continuous, 12 integer (12 binary)
Coefficient statistics:
  Matrix range     [1e+00, 1e+00]
  Objective range  [1e+00, 2e+00]
  QObjective range [4e-03, 2e+00]
  Bounds range     [1e+00, 1e+00]
  RHS range        [6e+00, 6e+00]
Found heuristic solution: objective -0.3793563
Variable types: 0 continuous, 78 integer (78 binary)

Root relaxation: objective -6.088993e+00, 20 iterations, 0.00 seconds (0.00 work units)

    Nodes    |    Current Node    |     Objective Bounds      |     Work
 Expl Unexpl |  Obj  Depth IntInf | Incumbent    BestBd   Gap | It/Node Time

     0     0   -6.08899    0   12   -0.37936   -6.08899  1505%     -    0s
H    0     0                      -0.9278943   -6.08899   556%     -    0s
H    0     0                      -1.8995572   -6.08899   221%     -    0s
H    0     0                      -2.8672203   -6.08899   112%     -    0s
     0     0   -2.86722    0   33   -2.86722   -2.86722  0.00%     -    0s

Cutting planes:
  MIR: 18
  Zero half: 14
  RLT: 14
  BQP: 61

Explored 1 nodes (118 simplex iterations) in 0.01 seconds (0.00 work units)
Thread count was 8 (of 96 available processors)

Solution count 4: -2.86722 -1.89956 -0.927894 -0.379356 
No other solutions better than -2.86722

Optimal solution found (tolerance 1.00e-06)
Best objective -2.867220329393e+00, best bound -2.867220329393e+00, gap 0.0000%

User-callback calls 68, time in user-callback 0.00 sec
