
Gurobi 13.0.0 (linux64) logging started Sun May  3 10:53:44 2026

Set parameter LogFile to value "logs/N=16_layers=1_presolve_on/N=16/seed=11/quantum_layers=1/precond_pen=0.600.log"
Set parameter MIPGap to value 1e-06
Set parameter Threads to value 8
Gurobi Optimizer version 13.0.0 build v13.0.0rc1 (linux64 - "Oracle Linux Server 9.7")

CPU model: AMD EPYC 7643 48-Core Processor, instruction set [SSE2|AVX|AVX2]
Thread count: 48 physical cores, 96 logical processors, using up to 8 threads

Non-default parameters:
MIPGap  1e-06
Threads  8

Optimize a model with 1 rows, 16 columns and 16 nonzeros (Min)
Model fingerprint: 0xb057134d
Model has 16 linear objective coefficients and an objective constant of 6.6432676325079978e+00
Model has 120 quadratic objective terms
Variable types: 0 continuous, 16 integer (16 binary)
Coefficient statistics:
  Matrix range     [1e+00, 1e+00]
  Objective range  [1e+00, 2e+00]
  QObjective range [6e-03, 1e+00]
  Bounds range     [1e+00, 1e+00]
  RHS range        [8e+00, 8e+00]
Found heuristic solution: objective -1.0735742
Presolve time: 0.00s
Presolved: 121 rows, 136 columns, 376 nonzeros
Variable types: 0 continuous, 136 integer (136 binary)

Root relaxation: objective -7.093344e+00, 43 iterations, 0.00 seconds (0.00 work units)

    Nodes    |    Current Node    |     Objective Bounds      |     Work
 Expl Unexpl |  Obj  Depth IntInf | Incumbent    BestBd   Gap | It/Node Time

     0     0   -7.09334    0   16   -1.07357   -7.09334   561%     -    0s
H    0     0                      -1.1711220   -7.09334   506%     -    0s
H    0     0                      -2.3103878   -7.09334   207%     -    0s
     0     0   -2.33377    0  122   -2.31039   -2.33377  1.01%     -    0s

Cutting planes:
  Gomory: 3
  Dual implied bound: 3
  MIR: 46
  Zero half: 19
  RLT: 49
  BQP: 195

Explored 1 nodes (514 simplex iterations) in 0.06 seconds (0.04 work units)
Thread count was 8 (of 96 available processors)

Solution count 3: -2.31039 -1.17112 -1.07357 
No other solutions better than -2.31039

Optimal solution found (tolerance 1.00e-06)
Best objective -2.310387830182e+00, best bound -2.310387830182e+00, gap 0.0000%

User-callback calls 174, time in user-callback 0.00 sec
