
Gurobi 13.0.0 (linux64) logging started Sun May  3 10:53:44 2026

Set parameter LogFile to value "logs/N=16_layers=1_presolve_on/N=16/seed=11/quantum_layers=1/precond_pen=0.000.log"
Set parameter MIPGap to value 1e-06
Set parameter Threads to value 8
Gurobi Optimizer version 13.0.0 build v13.0.0rc1 (linux64 - "Oracle Linux Server 9.7")

CPU model: AMD EPYC 7643 48-Core Processor, instruction set [SSE2|AVX|AVX2]
Thread count: 48 physical cores, 96 logical processors, using up to 8 threads

Non-default parameters:
MIPGap  1e-06
Threads  8

Optimize a model with 1 rows, 16 columns and 16 nonzeros (Min)
Model fingerprint: 0x9faddcb5
Model has 16 linear objective coefficients and an objective constant of -39.516800666043
Model has 120 quadratic objective terms
Variable types: 0 continuous, 16 integer (16 binary)
Coefficient statistics:
  Matrix range     [1e+00, 1e+00]
  Objective range  [9e+00, 1e+01]
  QObjective range [1e+00, 4e+00]
  Bounds range     [1e+00, 1e+00]
  RHS range        [8e+00, 8e+00]
Found heuristic solution: objective 2.1547810
Presolve time: 0.00s
Presolved: 121 rows, 136 columns, 376 nonzeros
Variable types: 0 continuous, 136 integer (136 binary)

Root relaxation: objective -3.951680e+01, 9 iterations, 0.00 seconds (0.00 work units)

    Nodes    |    Current Node    |     Objective Bounds      |     Work
 Expl Unexpl |  Obj  Depth IntInf | Incumbent    BestBd   Gap | It/Node Time

     0     0  -39.51680    0   16    2.15478  -39.51680  1934%     -    0s
H    0     0                       1.8050821  -39.51680  2289%     -    0s
H    0     0                      -1.4597047  -39.51680  2607%     -    0s
     0     0   -6.98998    0   16   -1.45970   -6.98998   379%     -    0s
     0     0   -4.80945    0   64   -1.45970   -4.80945   229%     -    0s
     0     0   -4.72760    0   64   -1.45970   -4.72760   224%     -    0s
     0     2   -4.67577    0   64   -1.45970   -4.67577   220%     -    0s

Cutting planes:
  Dual implied bound: 28
  MIR: 11
  RLT: 14

Explored 33 nodes (1332 simplex iterations) in 0.05 seconds (0.04 work units)
Thread count was 8 (of 96 available processors)

Solution count 3: -1.4597 1.80508 2.15478 
No other solutions better than -1.4597

Optimal solution found (tolerance 1.00e-06)
Best objective -1.459704682403e+00, best bound -1.459704682403e+00, gap 0.0000%

User-callback calls 255, time in user-callback 0.00 sec
