
Gurobi 13.0.0 (linux64) logging started Sun May  3 10:53:44 2026

Set parameter LogFile to value "logs/N=16_layers=1_presolve_on/N=16/seed=11/quantum_layers=1/precond_pen=0.800.log"
Set parameter MIPGap to value 1e-06
Set parameter Threads to value 8
Gurobi Optimizer version 13.0.0 build v13.0.0rc1 (linux64 - "Oracle Linux Server 9.7")

CPU model: AMD EPYC 7643 48-Core Processor, instruction set [SSE2|AVX|AVX2]
Thread count: 48 physical cores, 96 logical processors, using up to 8 threads

Non-default parameters:
MIPGap  1e-06
Threads  8

Optimize a model with 1 rows, 16 columns and 16 nonzeros (Min)
Model fingerprint: 0x66960b64
Model has 16 linear objective coefficients and an objective constant of 6.7459499090320021e+00
Model has 120 quadratic objective terms
Variable types: 0 continuous, 16 integer (16 binary)
Coefficient statistics:
  Matrix range     [1e+00, 1e+00]
  Objective range  [2e+00, 2e+00]
  QObjective range [3e-03, 8e-01]
  Bounds range     [1e+00, 1e+00]
  RHS range        [8e+00, 8e+00]
Found heuristic solution: objective -0.8531962
Presolve time: 0.00s
Presolved: 121 rows, 136 columns, 376 nonzeros
Variable types: 0 continuous, 136 integer (136 binary)

Root relaxation: objective -6.745950e+00, 46 iterations, 0.00 seconds (0.00 work units)

    Nodes    |    Current Node    |     Objective Bounds      |     Work
 Expl Unexpl |  Obj  Depth IntInf | Incumbent    BestBd   Gap | It/Node Time

     0     0   -6.74595    0   16   -0.85320   -6.74595   691%     -    0s
H    0     0                      -1.3796201   -6.74595   389%     -    0s
H    0     0                      -1.6115676   -4.96721   208%     -    0s
     0     0   -1.85163    0  124   -1.61157   -1.85163  14.9%     -    0s

Cutting planes:
  Gomory: 2
  Dual implied bound: 9
  MIR: 67
  StrongCG: 2
  Zero half: 19
  RLT: 34
  BQP: 258

Explored 1 nodes (762 simplex iterations) in 0.09 seconds (0.06 work units)
Thread count was 8 (of 96 available processors)

Solution count 3: -1.61157 -1.37962 -0.853196 
No other solutions better than -1.61157

Optimal solution found (tolerance 1.00e-06)
Best objective -1.611567590848e+00, best bound -1.611567590848e+00, gap 0.0000%

User-callback calls 177, time in user-callback 0.00 sec
