
Gurobi 13.0.0 (linux64) logging started Sun May  3 11:08:57 2026

Set parameter LogFile to value "logs/N=12_layers=3_presolve_off/N=12/seed=16/quantum_layers=3/precond_pen=0.500.log"
Set parameter MIPGap to value 1e-06
Set parameter Threads to value 8
Set parameter Presolve to value 0
Gurobi Optimizer version 13.0.0 build v13.0.0rc1 (linux64 - "Oracle Linux Server 9.7")

CPU model: AMD EPYC 7643 48-Core Processor, instruction set [SSE2|AVX|AVX2]
Thread count: 48 physical cores, 96 logical processors, using up to 8 threads

Non-default parameters:
MIPGap  1e-06
Presolve  0
Threads  8

Optimize a model with 1 rows, 12 columns and 12 nonzeros (Min)
Model fingerprint: 0x7e24a60e
Model has 12 linear objective coefficients and an objective constant of 4.7015200885770012e+00
Model has 66 quadratic objective terms
Variable types: 0 continuous, 12 integer (12 binary)
Coefficient statistics:
  Matrix range     [1e+00, 1e+00]
  Objective range  [9e-01, 2e+00]
  QObjective range [2e-02, 5e+00]
  Bounds range     [1e+00, 1e+00]
  RHS range        [6e+00, 6e+00]
Found heuristic solution: objective -0.7639311
Variable types: 0 continuous, 78 integer (78 binary)

Root relaxation: objective -1.320886e+01, 14 iterations, 0.00 seconds (0.00 work units)

    Nodes    |    Current Node    |     Objective Bounds      |     Work
 Expl Unexpl |  Obj  Depth IntInf | Incumbent    BestBd   Gap | It/Node Time

     0     0  -13.20886    0   12   -0.76393  -13.20886  1629%     -    0s
H    0     0                      -6.4111843  -13.20886   106%     -    0s
H    0     0                      -7.6229059  -13.20886  73.3%     -    0s
H    0     0                      -8.6669446  -13.20886  52.4%     -    0s

Cutting planes:
  MIR: 24
  Zero half: 14
  RLT: 15
  BQP: 64

Explored 1 nodes (14 simplex iterations) in 0.01 seconds (0.00 work units)
Thread count was 8 (of 96 available processors)

Solution count 4: -8.66694 -7.62291 -6.41118 -0.763931 
No other solutions better than -8.66694

Optimal solution found (tolerance 1.00e-06)
Best objective -8.666944617341e+00, best bound -8.666944617341e+00, gap 0.0000%

User-callback calls 63, time in user-callback 0.00 sec
