
Gurobi 13.0.0 (linux64) logging started Tue Mar 31 15:05:16 2026

Set parameter LogFile to value "logs/N=12_layers=2_presolve_on/N=12/seed=45/n_qaoa_layers=2/precond_pen=0.400.log"
Set parameter MIPGap to value 1e-06
Set parameter Threads to value 8
Gurobi Optimizer version 13.0.0 build v13.0.0rc1 (linux64 - "Oracle Linux Server 9.7")

CPU model: AMD EPYC 7643 48-Core Processor, instruction set [SSE2|AVX|AVX2]
Thread count: 48 physical cores, 96 logical processors, using up to 8 threads

Non-default parameters:
MIPGap  1e-06
Threads  8

Optimize a model with 1 rows, 12 columns and 12 nonzeros (Min)
Model fingerprint: 0x54de27ac
Model has 12 linear objective coefficients and an objective constant of 3.5073798500980002e+00
Model has 66 quadratic objective terms
Variable types: 0 continuous, 12 integer (12 binary)
Coefficient statistics:
  Matrix range     [1e+00, 1e+00]
  Objective range  [2e-01, 3e+00]
  QObjective range [6e-02, 5e+00]
  Bounds range     [1e+00, 1e+00]
  RHS range        [6e+00, 6e+00]
Found heuristic solution: objective -0.5848530
Presolve time: 0.00s
Presolved: 67 rows, 78 columns, 210 nonzeros
Variable types: 0 continuous, 78 integer (78 binary)

Root relaxation: objective -1.266213e+01, 11 iterations, 0.00 seconds (0.00 work units)

    Nodes    |    Current Node    |     Objective Bounds      |     Work
 Expl Unexpl |  Obj  Depth IntInf | Incumbent    BestBd   Gap | It/Node Time

     0     0  -12.66213    0   12   -0.58485  -12.66213  2065%     -    0s
H    0     0                      -3.0121619  -12.66213   320%     -    0s
H    0     0                      -5.0535147  -12.66213   151%     -    0s
H    0     0                      -7.4722480  -12.66213  69.5%     -    0s
     0     0     cutoff    0        -7.47225   -7.47225  0.00%     -    0s

Cutting planes:
  Gomory: 2
  MIR: 16
  Zero half: 11
  RLT: 14
  BQP: 56

Explored 1 nodes (78 simplex iterations) in 0.01 seconds (0.00 work units)
Thread count was 8 (of 96 available processors)

Solution count 4: -7.47225 -5.05351 -3.01216 -0.584853 
No other solutions better than -7.47225

Optimal solution found (tolerance 1.00e-06)
Best objective -7.472248040928e+00, best bound -7.472248040928e+00, gap 0.0000%

User-callback calls 163, time in user-callback 0.00 sec
