
Gurobi 13.0.0 (linux64) logging started Sun May  3 11:08:51 2026

Set parameter LogFile to value "logs/N=12_layers=3_presolve_on/N=12/seed=7/quantum_layers=3/precond_pen=0.500.log"
Set parameter MIPGap to value 1e-06
Set parameter Threads to value 8
Gurobi Optimizer version 13.0.0 build v13.0.0rc1 (linux64 - "Oracle Linux Server 9.7")

CPU model: AMD EPYC 7643 48-Core Processor, instruction set [SSE2|AVX|AVX2]
Thread count: 48 physical cores, 96 logical processors, using up to 8 threads

Non-default parameters:
MIPGap  1e-06
Threads  8

Optimize a model with 1 rows, 12 columns and 12 nonzeros (Min)
Model fingerprint: 0xe30ed2dd
Model has 12 linear objective coefficients and an objective constant of 4.571239846697
Model has 66 quadratic objective terms
Variable types: 0 continuous, 12 integer (12 binary)
Coefficient statistics:
  Matrix range     [1e+00, 1e+00]
  Objective range  [8e-01, 2e+00]
  QObjective range [9e-03, 4e+00]
  Bounds range     [1e+00, 1e+00]
  RHS range        [6e+00, 6e+00]
Found heuristic solution: objective 1.3104980
Presolve time: 0.00s
Presolved: 67 rows, 78 columns, 210 nonzeros
Variable types: 0 continuous, 78 integer (78 binary)

Root relaxation: objective -1.362079e+01, 9 iterations, 0.00 seconds (0.00 work units)

    Nodes    |    Current Node    |     Objective Bounds      |     Work
 Expl Unexpl |  Obj  Depth IntInf | Incumbent    BestBd   Gap | It/Node Time

     0     0  -13.62079    0   12    1.31050  -13.62079  1139%     -    0s
H    0     0                      -0.3400794  -13.62079  3905%     -    0s
H    0     0                      -1.3565936  -13.62079   904%     -    0s
H    0     0                      -1.8776320  -13.62079   625%     -    0s
H    0     0                      -8.0524492  -13.62079  69.2%     -    0s

Cutting planes:
  MIR: 19
  Zero half: 13
  RLT: 15
  BQP: 60

Explored 1 nodes (9 simplex iterations) in 0.01 seconds (0.00 work units)
Thread count was 8 (of 96 available processors)

Solution count 5: -8.05245 -1.87763 -1.35659 ... 1.3105
No other solutions better than -8.05245

Optimal solution found (tolerance 1.00e-06)
Best objective -8.052449155609e+00, best bound -8.052449155609e+00, gap 0.0000%

User-callback calls 160, time in user-callback 0.00 sec
