
Gurobi 13.0.0 (linux64) logging started Sun May  3 10:58:53 2026

Set parameter LogFile to value "logs/N=16_layers=2_presolve_off/N=16/seed=46/quantum_layers=2/baseline.log"
Set parameter MIPGap to value 1e-06
Set parameter Threads to value 8
Set parameter Presolve to value 0
Gurobi Optimizer version 13.0.0 build v13.0.0rc1 (linux64 - "Oracle Linux Server 9.7")

CPU model: AMD EPYC 7643 48-Core Processor, instruction set [SSE2|AVX|AVX2]
Thread count: 48 physical cores, 96 logical processors, using up to 8 threads

Non-default parameters:
MIPGap  1e-06
Presolve  0
Threads  8

Optimize a model with 1 rows, 16 columns and 16 nonzeros (Min)
Model fingerprint: 0x04b3e068
Model has 16 linear objective coefficients
Model has 120 quadratic objective terms
Variable types: 0 continuous, 16 integer (16 binary)
Coefficient statistics:
  Matrix range     [1e+00, 1e+00]
  Objective range  [1e+01, 2e+01]
  QObjective range [6e-02, 8e+00]
  Bounds range     [1e+00, 1e+00]
  RHS range        [8e+00, 8e+00]
Found heuristic solution: objective 61.6732913
Variable types: 0 continuous, 136 integer (136 binary)

Root relaxation: objective 5.551115e-16, 6 iterations, 0.00 seconds (0.00 work units)

    Nodes    |    Current Node    |     Objective Bounds      |     Work
 Expl Unexpl |  Obj  Depth IntInf | Incumbent    BestBd   Gap | It/Node Time

     0     0    0.00000    0   16   61.67329    0.00000   100%     -    0s
H    0     0                      58.7164721    0.00000   100%     -    0s
H    0     0                      51.6570394    0.00000   100%     -    0s
     0     0   24.48108    0   22   51.65704   24.48108  52.6%     -    0s
     0     0   24.48108    0   26   51.65704   24.48108  52.6%     -    0s
     0     0   24.49261    0   27   51.65704   24.49261  52.6%     -    0s
     0     0   31.17389    0   42   51.65704   31.17389  39.7%     -    0s
     0     0   31.17389    0   42   51.65704   31.17389  39.7%     -    0s
     0     2   31.17389    0   42   51.65704   31.17389  39.7%     -    0s
*  133    88              11      51.1910630   38.17852  25.4%  35.9    0s

Cutting planes:
  Gomory: 6
  Cover: 4
  MIR: 64
  StrongCG: 5
  RLT: 14

Explored 735 nodes (17158 simplex iterations) in 0.10 seconds (0.12 work units)
Thread count was 8 (of 96 available processors)

Solution count 4: 51.1911 51.657 58.7165 61.6733 

Optimal solution found (tolerance 1.00e-06)
Best objective 5.119106295310e+01, best bound 5.119106295310e+01, gap 0.0000%

User-callback calls 1592, time in user-callback 0.00 sec
