
Gurobi 13.0.0 (linux64) logging started Sun May  3 10:58:54 2026

Set parameter LogFile to value "logs/N=16_layers=2_presolve_off/N=16/seed=46/quantum_layers=2/precond_pen=0.600.log"
Set parameter MIPGap to value 1e-06
Set parameter Threads to value 8
Set parameter Presolve to value 0
Gurobi Optimizer version 13.0.0 build v13.0.0rc1 (linux64 - "Oracle Linux Server 9.7")

CPU model: AMD EPYC 7643 48-Core Processor, instruction set [SSE2|AVX|AVX2]
Thread count: 48 physical cores, 96 logical processors, using up to 8 threads

Non-default parameters:
MIPGap  1e-06
Presolve  0
Threads  8

Optimize a model with 1 rows, 16 columns and 16 nonzeros (Min)
Model fingerprint: 0x994e44a0
Model has 16 linear objective coefficients and an objective constant of 6.2277954957489987e+00
Model has 120 quadratic objective terms
Variable types: 0 continuous, 16 integer (16 binary)
Coefficient statistics:
  Matrix range     [1e+00, 1e+00]
  Objective range  [1e+00, 2e+00]
  QObjective range [8e-03, 2e+00]
  Bounds range     [1e+00, 1e+00]
  RHS range        [8e+00, 8e+00]
Found heuristic solution: objective 0.1281526
Variable types: 0 continuous, 136 integer (136 binary)

Root relaxation: objective -1.311697e+01, 34 iterations, 0.00 seconds (0.00 work units)

    Nodes    |    Current Node    |     Objective Bounds      |     Work
 Expl Unexpl |  Obj  Depth IntInf | Incumbent    BestBd   Gap | It/Node Time

     0     0  -13.11697    0   16    0.12815  -13.11697      -     -    0s
H    0     0                      -5.3240411  -13.11697   146%     -    0s
H    0     0                      -5.4859419  -13.11697   139%     -    0s
H    0     0                      -6.0629410  -13.11697   116%     -    0s
     0     0   -6.34502    0   82   -6.06294   -6.34502  4.65%     -    0s
     0     0   -6.32001    0   60   -6.06294   -6.32001  4.24%     -    0s

Cutting planes:
  Gomory: 17
  MIR: 101
  StrongCG: 2
  Flow cover: 11
  Zero half: 32
  RLT: 23
  BQP: 146

Explored 1 nodes (273 simplex iterations) in 0.03 seconds (0.02 work units)
Thread count was 8 (of 96 available processors)

Solution count 4: -6.06294 -5.48594 -5.32404 0.128153 
No other solutions better than -6.06294

Optimal solution found (tolerance 1.00e-06)
Best objective -6.062941007435e+00, best bound -6.062941007435e+00, gap 0.0000%

User-callback calls 79, time in user-callback 0.00 sec
