
Gurobi 13.0.0 (linux64) logging started Sun May  3 10:58:26 2026

Set parameter LogFile to value "logs/N=16_layers=2_presolve_on/N=16/seed=6/quantum_layers=2/baseline.log"
Set parameter MIPGap to value 1e-06
Set parameter Threads to value 8
Gurobi Optimizer version 13.0.0 build v13.0.0rc1 (linux64 - "Oracle Linux Server 9.7")

CPU model: AMD EPYC 7643 48-Core Processor, instruction set [SSE2|AVX|AVX2]
Thread count: 48 physical cores, 96 logical processors, using up to 8 threads

Non-default parameters:
MIPGap  1e-06
Threads  8

Optimize a model with 1 rows, 16 columns and 16 nonzeros (Min)
Model fingerprint: 0x9cd7c21e
Model has 16 linear objective coefficients and an objective constant of 3.9995784462121264e-12
Model has 120 quadratic objective terms
Variable types: 0 continuous, 16 integer (16 binary)
Coefficient statistics:
  Matrix range     [1e+00, 1e+00]
  Objective range  [1e+01, 2e+01]
  QObjective range [4e-02, 8e+00]
  Bounds range     [1e+00, 1e+00]
  RHS range        [8e+00, 8e+00]
Found heuristic solution: objective 69.6277069
Presolve time: 0.00s
Presolved: 121 rows, 136 columns, 376 nonzeros
Variable types: 0 continuous, 136 integer (136 binary)

Root relaxation: objective 4.008460e-12, 6 iterations, 0.00 seconds (0.00 work units)

    Nodes    |    Current Node    |     Objective Bounds      |     Work
 Expl Unexpl |  Obj  Depth IntInf | Incumbent    BestBd   Gap | It/Node Time

     0     0    0.00000    0   16   69.62771    0.00000   100%     -    0s
H    0     0                      58.7705171    0.00000   100%     -    0s
     0     0   25.56706    0   28   58.77052   25.56706  56.5%     -    0s
     0     0   26.93894    0   26   58.77052   26.93894  54.2%     -    0s
     0     0   37.96567    0   75   58.77052   37.96567  35.4%     -    0s
     0     0   38.02465    0   75   58.77052   38.02465  35.3%     -    0s
     0     2   38.13447    0   75   58.77052   38.13447  35.1%     -    0s
H   32    34                      58.0477867   48.83794  15.9%  47.0    0s
H   93    30                      57.7288344   48.83794  15.4%  33.5    0s

Cutting planes:
  Gomory: 2
  Dual implied bound: 24
  MIR: 15
  RLT: 12

Explored 198 nodes (5949 simplex iterations) in 0.07 seconds (0.07 work units)
Thread count was 8 (of 96 available processors)

Solution count 4: 57.7288 58.0478 58.7705 69.6277 

Optimal solution found (tolerance 1.00e-06)
Best objective 5.772883444012e+01, best bound 5.772883444012e+01, gap 0.0000%

User-callback calls 601, time in user-callback 0.00 sec
