
Gurobi 13.0.0 (linux64) logging started Sun Mar 22 16:50:35 2026

Set parameter LogFile to value "logs/N=12_presolve_on/N=12/seed=5/n_qaoa_layers=1/baseline.log"
Set parameter MIPGap to value 1e-06
Set parameter Threads to value 8
Gurobi Optimizer version 13.0.0 build v13.0.0rc1 (linux64 - "Oracle Linux Server 9.7")

CPU model: AMD EPYC 7643 48-Core Processor, instruction set [SSE2|AVX|AVX2]
Thread count: 48 physical cores, 96 logical processors, using up to 8 threads

Non-default parameters:
MIPGap  1e-06
Threads  8

Optimize a model with 1 rows, 12 columns and 12 nonzeros (Min)
Model fingerprint: 0xc887b286
Model has 12 linear objective coefficients and an objective constant of -1.0071943279399420e-12
Model has 66 quadratic objective terms
Variable types: 0 continuous, 12 integer (12 binary)
Coefficient statistics:
  Matrix range     [1e+00, 1e+00]
  Objective range  [7e+00, 1e+01]
  QObjective range [1e-02, 8e+00]
  Bounds range     [1e+00, 1e+00]
  RHS range        [6e+00, 6e+00]
Found heuristic solution: objective 34.5964400
Presolve time: 0.00s
Presolved: 67 rows, 78 columns, 210 nonzeros
Variable types: 0 continuous, 78 integer (78 binary)

Root relaxation: objective -1.006306e-12, 9 iterations, 0.00 seconds (0.00 work units)

    Nodes    |    Current Node    |     Objective Bounds      |     Work
 Expl Unexpl |  Obj  Depth IntInf | Incumbent    BestBd   Gap | It/Node Time

     0     0   -0.00000    0   12   34.59644   -0.00000   100%     -    0s
H    0     0                      34.1583127   -0.00000   100%     -    0s
H    0     0                      33.8867829   -0.00000   100%     -    0s
H    0     0                      30.5391141   -0.00000   100%     -    0s
     0     0   19.29690    0   15   30.53911   19.29690  36.8%     -    0s
     0     0   19.52567    0   19   30.53911   19.52567  36.1%     -    0s
     0     0   22.84635    0   42   30.53911   22.84635  25.2%     -    0s
     0     0   23.14008    0   42   30.53911   23.14008  24.2%     -    0s
     0     2   23.14008    0   42   30.53911   23.14008  24.2%     -    0s

Cutting planes:
  Gomory: 3
  Dual implied bound: 15
  MIR: 10
  RLT: 7

Explored 54 nodes (1059 simplex iterations) in 0.03 seconds (0.02 work units)
Thread count was 8 (of 96 available processors)

Solution count 4: 30.5391 33.8868 34.1583 34.5964 

Optimal solution found (tolerance 1.00e-06)
Best objective 3.053911413017e+01, best bound 3.053911413017e+01, gap 0.0000%

User-callback calls 294, time in user-callback 0.00 sec
