
Gurobi 13.0.0 (linux64) logging started Sun Mar 22 16:50:35 2026

Set parameter LogFile to value "logs/N=12_presolve_on/N=12/seed=5/n_qaoa_layers=1/precond_pen=1.000.log"
Set parameter MIPGap to value 1e-06
Set parameter Threads to value 8
Gurobi Optimizer version 13.0.0 build v13.0.0rc1 (linux64 - "Oracle Linux Server 9.7")

CPU model: AMD EPYC 7643 48-Core Processor, instruction set [SSE2|AVX|AVX2]
Thread count: 48 physical cores, 96 logical processors, using up to 8 threads

Non-default parameters:
MIPGap  1e-06
Threads  8

Optimize a model with 1 rows, 12 columns and 12 nonzeros (Min)
Model fingerprint: 0x4dcec309
Model has 12 linear objective coefficients and an objective constant of 4.9037182026269992e+00
Model has 66 quadratic objective terms
Variable types: 0 continuous, 12 integer (12 binary)
Coefficient statistics:
  Matrix range     [1e+00, 1e+00]
  Objective range  [1e+00, 2e+00]
  QObjective range [3e-01, 1e+00]
  Bounds range     [1e+00, 1e+00]
  RHS range        [6e+00, 6e+00]
Found heuristic solution: objective -0.5588103
Presolve time: 0.00s
Presolved: 67 rows, 78 columns, 210 nonzeros
Variable types: 0 continuous, 78 integer (78 binary)

Root relaxation: objective -4.903718e+00, 16 iterations, 0.00 seconds (0.00 work units)

    Nodes    |    Current Node    |     Objective Bounds      |     Work
 Expl Unexpl |  Obj  Depth IntInf | Incumbent    BestBd   Gap | It/Node Time

     0     0   -4.90372    0   12   -0.55881   -4.90372   778%     -    0s
H    0     0                      -0.5869291   -4.90372   735%     -    0s
H    0     0                      -0.9471204   -4.90372   418%     -    0s
     0     0   -0.94712    0   59   -0.94712   -0.94712  0.00%     -    0s

Cutting planes:
  Gomory: 1
  MIR: 45
  Zero half: 25
  RLT: 25
  BQP: 152

Explored 1 nodes (431 simplex iterations) in 0.03 seconds (0.01 work units)
Thread count was 8 (of 96 available processors)

Solution count 3: -0.94712 -0.586929 -0.55881 

Optimal solution found (tolerance 1.00e-06)
Best objective -9.471204439850e-01, best bound -9.471204439850e-01, gap 0.0000%

User-callback calls 162, time in user-callback 0.00 sec
