
Gurobi 13.0.0 (linux64) logging started Sun May  3 10:58:39 2026

Set parameter LogFile to value "logs/N=16_layers=2_presolve_on/N=16/seed=49/quantum_layers=2/baseline.log"
Set parameter MIPGap to value 1e-06
Set parameter Threads to value 8
Gurobi Optimizer version 13.0.0 build v13.0.0rc1 (linux64 - "Oracle Linux Server 9.7")

CPU model: AMD EPYC 7643 48-Core Processor, instruction set [SSE2|AVX|AVX2]
Thread count: 48 physical cores, 96 logical processors, using up to 8 threads

Non-default parameters:
MIPGap  1e-06
Threads  8

Optimize a model with 1 rows, 16 columns and 16 nonzeros (Min)
Model fingerprint: 0x176030ff
Model has 16 linear objective coefficients and an objective constant of -9.8399066672527624e-13
Model has 120 quadratic objective terms
Variable types: 0 continuous, 16 integer (16 binary)
Coefficient statistics:
  Matrix range     [1e+00, 1e+00]
  Objective range  [1e+01, 2e+01]
  QObjective range [1e-01, 8e+00]
  Bounds range     [1e+00, 1e+00]
  RHS range        [8e+00, 8e+00]
Found heuristic solution: objective 71.4637721
Presolve time: 0.00s
Presolved: 121 rows, 136 columns, 376 nonzeros
Variable types: 0 continuous, 136 integer (136 binary)

Root relaxation: objective -9.786616e-13, 17 iterations, 0.00 seconds (0.00 work units)

    Nodes    |    Current Node    |     Objective Bounds      |     Work
 Expl Unexpl |  Obj  Depth IntInf | Incumbent    BestBd   Gap | It/Node Time

     0     0   -0.00000    0   16   71.46377   -0.00000   100%     -    0s
H    0     0                      69.4039771   -0.00000   100%     -    0s
H    0     0                      68.5521958   -0.00000   100%     -    0s
H    0     0                      68.1779033   -0.00000   100%     -    0s
H    0     0                      52.9320686   -0.00000   100%     -    0s
     0     0   28.74127    0   33   52.93207   28.74127  45.7%     -    0s
     0     0   31.74204    0   25   52.93207   31.74204  40.0%     -    0s
     0     0   35.21248    0   64   52.93207   35.21248  33.5%     -    0s
     0     0   35.24112    0   64   52.93207   35.24112  33.4%     -    0s
     0     2   35.45308    0   64   52.93207   35.45308  33.0%     -    0s

Cutting planes:
  Gomory: 3
  Cover: 1
  Dual implied bound: 28
  MIR: 10
  RLT: 11

Explored 142 nodes (3775 simplex iterations) in 0.06 seconds (0.06 work units)
Thread count was 8 (of 96 available processors)

Solution count 5: 52.9321 68.1779 68.5522 ... 71.4638

Optimal solution found (tolerance 1.00e-06)
Best objective 5.293206856061e+01, best bound 5.293206856061e+01, gap 0.0000%

User-callback calls 487, time in user-callback 0.00 sec
