
Gurobi 13.0.0 (linux64) logging started Sun May  3 10:58:40 2026

Set parameter LogFile to value "logs/N=16_layers=2_presolve_on/N=16/seed=49/quantum_layers=2/precond_pen=1.000.log"
Set parameter MIPGap to value 1e-06
Set parameter Threads to value 8
Gurobi Optimizer version 13.0.0 build v13.0.0rc1 (linux64 - "Oracle Linux Server 9.7")

CPU model: AMD EPYC 7643 48-Core Processor, instruction set [SSE2|AVX|AVX2]
Thread count: 48 physical cores, 96 logical processors, using up to 8 threads

Non-default parameters:
MIPGap  1e-06
Threads  8

Optimize a model with 1 rows, 16 columns and 16 nonzeros (Min)
Model fingerprint: 0x19831eeb
Model has 16 linear objective coefficients and an objective constant of 7.2892789357759975e+00
Model has 120 quadratic objective terms
Variable types: 0 continuous, 16 integer (16 binary)
Coefficient statistics:
  Matrix range     [1e+00, 1e+00]
  Objective range  [2e+00, 2e+00]
  QObjective range [1e-03, 1e+00]
  Bounds range     [1e+00, 1e+00]
  RHS range        [8e+00, 8e+00]
Found heuristic solution: objective 0.5191517
Presolve time: 0.00s
Presolved: 121 rows, 136 columns, 376 nonzeros
Variable types: 0 continuous, 136 integer (136 binary)

Root relaxation: objective -7.402633e+00, 45 iterations, 0.00 seconds (0.00 work units)

    Nodes    |    Current Node    |     Objective Bounds      |     Work
 Expl Unexpl |  Obj  Depth IntInf | Incumbent    BestBd   Gap | It/Node Time

     0     0   -7.40263    0   16    0.51915   -7.40263  1526%     -    0s
H    0     0                      -0.8981065   -7.40263   724%     -    0s
H    0     0                      -1.3995534   -7.40263   429%     -    0s
H    0     0                      -2.2276151   -7.40263   232%     -    0s
     0     0   -2.27102    0  102   -2.22762   -2.27102  1.95%     -    0s

Cutting planes:
  Gomory: 4
  Dual implied bound: 5
  MIR: 44
  StrongCG: 1
  Zero half: 16
  RLT: 38
  BQP: 229

Explored 1 nodes (539 simplex iterations) in 0.06 seconds (0.04 work units)
Thread count was 8 (of 96 available processors)

Solution count 4: -2.22762 -1.39955 -0.898106 0.519152 
No other solutions better than -2.22762

Optimal solution found (tolerance 1.00e-06)
Best objective -2.227615077392e+00, best bound -2.227615077392e+00, gap 0.0000%

User-callback calls 177, time in user-callback 0.00 sec
