
Gurobi 13.0.0 (linux64) logging started Sun May  3 10:58:40 2026

Set parameter LogFile to value "logs/N=16_layers=2_presolve_on/N=16/seed=49/quantum_layers=2/precond_pen=0.600.log"
Set parameter MIPGap to value 1e-06
Set parameter Threads to value 8
Gurobi Optimizer version 13.0.0 build v13.0.0rc1 (linux64 - "Oracle Linux Server 9.7")

CPU model: AMD EPYC 7643 48-Core Processor, instruction set [SSE2|AVX|AVX2]
Thread count: 48 physical cores, 96 logical processors, using up to 8 threads

Non-default parameters:
MIPGap  1e-06
Threads  8

Optimize a model with 1 rows, 16 columns and 16 nonzeros (Min)
Model fingerprint: 0x535b45a0
Model has 16 linear objective coefficients and an objective constant of 6.0527300161720028e+00
Model has 120 quadratic objective terms
Variable types: 0 continuous, 16 integer (16 binary)
Coefficient statistics:
  Matrix range     [1e+00, 1e+00]
  Objective range  [1e+00, 2e+00]
  QObjective range [9e-05, 3e+00]
  Bounds range     [1e+00, 1e+00]
  RHS range        [8e+00, 8e+00]
Found heuristic solution: objective 2.6109865
Presolve time: 0.00s
Presolved: 121 rows, 136 columns, 376 nonzeros
Variable types: 0 continuous, 136 integer (136 binary)

Root relaxation: objective -1.501572e+01, 41 iterations, 0.00 seconds (0.00 work units)

    Nodes    |    Current Node    |     Objective Bounds      |     Work
 Expl Unexpl |  Obj  Depth IntInf | Incumbent    BestBd   Gap | It/Node Time

     0     0  -15.01572    0   16    2.61099  -15.01572   675%     -    0s
H    0     0                      -1.1893639  -15.01572  1163%     -    0s
H    0     0                      -1.9389533  -15.01572   674%     -    0s
H    0     0                      -8.0631471  -15.01572  86.2%     -    0s
     0     0   -8.06315    0   55   -8.06315   -8.06315  0.00%     -    0s

Cutting planes:
  Gomory: 2
  MIR: 31
  Zero half: 32
  RLT: 41
  BQP: 156

Explored 1 nodes (216 simplex iterations) in 0.01 seconds (0.01 work units)
Thread count was 8 (of 96 available processors)

Solution count 4: -8.06315 -1.93895 -1.18936 2.61099 
No other solutions better than -8.06315

Optimal solution found (tolerance 1.00e-06)
Best objective -8.063147082760e+00, best bound -8.063147082760e+00, gap 0.0000%

User-callback calls 165, time in user-callback 0.00 sec
