
Gurobi 13.0.0 (linux64) logging started Sun May  3 11:08:59 2026

Set parameter LogFile to value "logs/N=12_layers=3_presolve_off/N=12/seed=33/quantum_layers=3/precond_pen=0.500.log"
Set parameter MIPGap to value 1e-06
Set parameter Threads to value 8
Set parameter Presolve to value 0
Gurobi Optimizer version 13.0.0 build v13.0.0rc1 (linux64 - "Oracle Linux Server 9.7")

CPU model: AMD EPYC 7643 48-Core Processor, instruction set [SSE2|AVX|AVX2]
Thread count: 48 physical cores, 96 logical processors, using up to 8 threads

Non-default parameters:
MIPGap  1e-06
Presolve  0
Threads  8

Optimize a model with 1 rows, 12 columns and 12 nonzeros (Min)
Model fingerprint: 0x34e1e3f1
Model has 12 linear objective coefficients and an objective constant of 4.7753758641860014e+00
Model has 66 quadratic objective terms
Variable types: 0 continuous, 12 integer (12 binary)
Coefficient statistics:
  Matrix range     [1e+00, 1e+00]
  Objective range  [1e+00, 2e+00]
  QObjective range [1e-02, 4e+00]
  Bounds range     [1e+00, 1e+00]
  RHS range        [6e+00, 6e+00]
Found heuristic solution: objective -1.0274982
Variable types: 0 continuous, 78 integer (78 binary)

Root relaxation: objective -1.303931e+01, 16 iterations, 0.00 seconds (0.00 work units)

    Nodes    |    Current Node    |     Objective Bounds      |     Work
 Expl Unexpl |  Obj  Depth IntInf | Incumbent    BestBd   Gap | It/Node Time

     0     0  -13.03931    0   12   -1.02750  -13.03931  1169%     -    0s
H    0     0                      -1.8747626  -13.03931   596%     -    0s
H    0     0                      -8.1175277  -13.03931  60.6%     -    0s

Cutting planes:
  Gomory: 1
  MIR: 23
  Zero half: 15
  RLT: 16
  BQP: 56

Explored 1 nodes (16 simplex iterations) in 0.01 seconds (0.00 work units)
Thread count was 8 (of 96 available processors)

Solution count 3: -8.11753 -1.87476 -1.0275 
No other solutions better than -8.11753

Optimal solution found (tolerance 1.00e-06)
Best objective -8.117527656334e+00, best bound -8.117527656334e+00, gap 0.0000%

User-callback calls 62, time in user-callback 0.00 sec
