
Gurobi 13.0.0 (linux64) logging started Sun May  3 11:08:59 2026

Set parameter LogFile to value "logs/N=12_layers=3_presolve_off/N=12/seed=33/quantum_layers=3/precond_pen=0.200.log"
Set parameter MIPGap to value 1e-06
Set parameter Threads to value 8
Set parameter Presolve to value 0
Gurobi Optimizer version 13.0.0 build v13.0.0rc1 (linux64 - "Oracle Linux Server 9.7")

CPU model: AMD EPYC 7643 48-Core Processor, instruction set [SSE2|AVX|AVX2]
Thread count: 48 physical cores, 96 logical processors, using up to 8 threads

Non-default parameters:
MIPGap  1e-06
Presolve  0
Threads  8

Optimize a model with 1 rows, 12 columns and 12 nonzeros (Min)
Model fingerprint: 0x8fdba0f6
Model has 12 linear objective coefficients and an objective constant of -1.5214940169323004e+01
Model has 66 quadratic objective terms
Variable types: 0 continuous, 12 integer (12 binary)
Coefficient statistics:
  Matrix range     [1e+00, 1e+00]
  Objective range  [1e+00, 8e+00]
  QObjective range [9e-03, 6e+00]
  Bounds range     [1e+00, 1e+00]
  RHS range        [6e+00, 6e+00]
Found heuristic solution: objective 1.7219374
Variable types: 0 continuous, 78 integer (78 binary)

Root relaxation: objective -2.358226e+01, 7 iterations, 0.00 seconds (0.00 work units)

    Nodes    |    Current Node    |     Objective Bounds      |     Work
 Expl Unexpl |  Obj  Depth IntInf | Incumbent    BestBd   Gap | It/Node Time

     0     0  -23.58226    0   12    1.72194  -23.58226  1470%     -    0s
H    0     0                       0.0282284  -23.58226      -     -    0s
H    0     0                      -6.6431435  -23.58226   255%     -    0s
     0     0  -13.07239    0   27   -6.64314  -13.07239  96.8%     -    0s
     0     0   -7.22729    0   44   -6.64314   -7.22729  8.79%     -    0s
     0     0   -7.20278    0   44   -6.64314   -7.20278  8.42%     -    0s
     0     2   -7.20278    0   44   -6.64314   -7.20278  8.42%     -    0s

Cutting planes:
  Gomory: 2
  MIR: 14
  StrongCG: 1
  Zero half: 2
  RLT: 9
  BQP: 1

Explored 19 nodes (613 simplex iterations) in 0.02 seconds (0.01 work units)
Thread count was 8 (of 96 available processors)

Solution count 3: -6.64314 0.0282284 1.72194 
No other solutions better than -6.64314

Optimal solution found (tolerance 1.00e-06)
Best objective -6.643143536749e+00, best bound -6.643143536749e+00, gap 0.0000%

User-callback calls 123, time in user-callback 0.00 sec
