
Gurobi 13.0.0 (linux64) logging started Sun May  3 11:06:34 2026

Set parameter LogFile to value "logs/N=12_layers=2_presolve_on/N=12/seed=11/quantum_layers=2/precond_pen=0.500.log"
Set parameter MIPGap to value 1e-06
Set parameter Threads to value 8
Gurobi Optimizer version 13.0.0 build v13.0.0rc1 (linux64 - "Oracle Linux Server 9.7")

CPU model: AMD EPYC 7643 48-Core Processor, instruction set [SSE2|AVX|AVX2]
Thread count: 48 physical cores, 96 logical processors, using up to 8 threads

Non-default parameters:
MIPGap  1e-06
Threads  8

Optimize a model with 1 rows, 12 columns and 12 nonzeros (Min)
Model fingerprint: 0x77e53683
Model has 12 linear objective coefficients and an objective constant of 4.3658221691510013e+00
Model has 66 quadratic objective terms
Variable types: 0 continuous, 12 integer (12 binary)
Coefficient statistics:
  Matrix range     [1e+00, 1e+00]
  Objective range  [1e+00, 2e+00]
  QObjective range [4e-03, 3e+00]
  Bounds range     [1e+00, 1e+00]
  RHS range        [6e+00, 6e+00]
Found heuristic solution: objective 1.8914884
Presolve time: 0.00s
Presolved: 67 rows, 78 columns, 210 nonzeros
Variable types: 0 continuous, 78 integer (78 binary)

Root relaxation: objective -1.021944e+01, 12 iterations, 0.00 seconds (0.00 work units)

    Nodes    |    Current Node    |     Objective Bounds      |     Work
 Expl Unexpl |  Obj  Depth IntInf | Incumbent    BestBd   Gap | It/Node Time

     0     0  -10.21944    0   12    1.89149  -10.21944   640%     -    0s
H    0     0                       0.5974455  -10.21944  1811%     -    0s
H    0     0                       0.5131646  -10.21944  2091%     -    0s
H    0     0                       0.0692352  -10.21944      -     -    0s
H    0     0                      -3.5979758  -10.21944   184%     -    0s
H    0     0                      -4.2756047  -10.21944   139%     -    0s
H    0     0                      -4.6592332   -6.35920  36.5%     -    0s
     0     0   -4.65923    0   38   -4.65923   -4.65923  0.00%     -    0s

Cutting planes:
  Gomory: 1
  MIR: 18
  Zero half: 12
  RLT: 21
  BQP: 72

Explored 1 nodes (109 simplex iterations) in 0.01 seconds (0.00 work units)
Thread count was 8 (of 96 available processors)

Solution count 7: -4.65923 -4.2756 -3.59798 ... 1.89149
No other solutions better than -4.65923

Optimal solution found (tolerance 1.00e-06)
Best objective -4.659233157565e+00, best bound -4.659233157565e+00, gap 0.0000%

User-callback calls 169, time in user-callback 0.00 sec
