
Gurobi 13.0.0 (linux64) logging started Sun May  3 10:58:28 2026

Set parameter LogFile to value "logs/N=16_layers=2_presolve_on/N=16/seed=11/quantum_layers=2/precond_pen=0.600.log"
Set parameter MIPGap to value 1e-06
Set parameter Threads to value 8
Gurobi Optimizer version 13.0.0 build v13.0.0rc1 (linux64 - "Oracle Linux Server 9.7")

CPU model: AMD EPYC 7643 48-Core Processor, instruction set [SSE2|AVX|AVX2]
Thread count: 48 physical cores, 96 logical processors, using up to 8 threads

Non-default parameters:
MIPGap  1e-06
Threads  8

Optimize a model with 1 rows, 16 columns and 16 nonzeros (Min)
Model fingerprint: 0x8a0482e5
Model has 16 linear objective coefficients and an objective constant of 6.12301752134
Model has 120 quadratic objective terms
Variable types: 0 continuous, 16 integer (16 binary)
Coefficient statistics:
  Matrix range     [1e+00, 1e+00]
  Objective range  [1e+00, 2e+00]
  QObjective range [7e-03, 2e+00]
  Bounds range     [1e+00, 1e+00]
  RHS range        [8e+00, 8e+00]
Found heuristic solution: objective -1.9849866
Presolve time: 0.00s
Presolved: 121 rows, 136 columns, 376 nonzeros
Variable types: 0 continuous, 136 integer (136 binary)

Root relaxation: objective -1.508950e+01, 30 iterations, 0.00 seconds (0.00 work units)

    Nodes    |    Current Node    |     Objective Bounds      |     Work
 Expl Unexpl |  Obj  Depth IntInf | Incumbent    BestBd   Gap | It/Node Time

     0     0  -15.08950    0   16   -1.98499  -15.08950   660%     -    0s
H    0     0                      -4.2127227  -15.08950   258%     -    0s
H    0     0                      -7.6164027  -15.08950  98.1%     -    0s
     0     0   -8.37364    0   53   -7.61640   -8.37364  9.94%     -    0s

Cutting planes:
  Gomory: 18
  MIR: 202
  StrongCG: 10
  Zero half: 26
  RLT: 33
  BQP: 164

Explored 1 nodes (203 simplex iterations) in 0.04 seconds (0.03 work units)
Thread count was 8 (of 96 available processors)

Solution count 3: -7.6164 -4.21272 -1.98499 
No other solutions better than -7.6164

Optimal solution found (tolerance 1.00e-06)
Best objective -7.616402741994e+00, best bound -7.616402741994e+00, gap 0.0000%

User-callback calls 170, time in user-callback 0.00 sec
