
Gurobi 13.0.0 (linux64) logging started Sun May  3 11:01:51 2026

Set parameter LogFile to value "logs/N=16_layers=3_presolve_off/N=16/seed=11/quantum_layers=3/precond_pen=0.300.log"
Set parameter MIPGap to value 1e-06
Set parameter Threads to value 8
Set parameter Presolve to value 0
Gurobi Optimizer version 13.0.0 build v13.0.0rc1 (linux64 - "Oracle Linux Server 9.7")

CPU model: AMD EPYC 7643 48-Core Processor, instruction set [SSE2|AVX|AVX2]
Thread count: 48 physical cores, 96 logical processors, using up to 8 threads

Non-default parameters:
MIPGap  1e-06
Presolve  0
Threads  8

Optimize a model with 1 rows, 16 columns and 16 nonzeros (Min)
Model fingerprint: 0x39040db8
Model has 16 linear objective coefficients and an objective constant of 5.92321039131
Model has 120 quadratic objective terms
Variable types: 0 continuous, 16 integer (16 binary)
Coefficient statistics:
  Matrix range     [1e+00, 1e+00]
  Objective range  [9e-01, 2e+00]
  QObjective range [3e-03, 5e+00]
  Bounds range     [1e+00, 1e+00]
  RHS range        [8e+00, 8e+00]
Found heuristic solution: objective -1.1028911
Variable types: 0 continuous, 136 integer (136 binary)

Root relaxation: objective -3.325270e+01, 18 iterations, 0.00 seconds (0.00 work units)

    Nodes    |    Current Node    |     Objective Bounds      |     Work
 Expl Unexpl |  Obj  Depth IntInf | Incumbent    BestBd   Gap | It/Node Time

     0     0  -33.25270    0   16   -1.10289  -33.25270  2915%     -    0s
H    0     0                      -3.5277825  -33.25270   843%     -    0s
H    0     0                      -3.5871202  -33.25270   827%     -    0s
H    0     0                      -8.1470500  -33.25270   308%     -    0s
H    0     0                     -24.2451650  -33.25270  37.2%     -    0s

Cutting planes:
  MIR: 26
  Zero half: 19
  RLT: 31
  BQP: 102

Explored 1 nodes (18 simplex iterations) in 0.01 seconds (0.00 work units)
Thread count was 8 (of 96 available processors)

Solution count 5: -24.2452 -8.14705 -3.58712 ... -1.10289
No other solutions better than -24.2452

Optimal solution found (tolerance 1.00e-06)
Best objective -2.424516495988e+01, best bound -2.424516495988e+01, gap 0.0000%

User-callback calls 67, time in user-callback 0.00 sec
