
Gurobi 13.0.0 (linux64) logging started Tue Mar 31 15:06:59 2026

Set parameter LogFile to value "logs/N=12_layers=3_presolve_off/N=12/seed=49/n_qaoa_layers=3/baseline.log"
Set parameter MIPGap to value 1e-06
Set parameter Threads to value 8
Set parameter Presolve to value 0
Gurobi Optimizer version 13.0.0 build v13.0.0rc1 (linux64 - "Oracle Linux Server 9.7")

CPU model: AMD EPYC 7643 48-Core Processor, instruction set [SSE2|AVX|AVX2]
Thread count: 48 physical cores, 96 logical processors, using up to 8 threads

Non-default parameters:
MIPGap  1e-06
Presolve  0
Threads  8

Optimize a model with 1 rows, 12 columns and 12 nonzeros (Min)
Model fingerprint: 0x166edfdb
Model has 12 linear objective coefficients and an objective constant of -2.9983238114539290e-12
Model has 66 quadratic objective terms
Variable types: 0 continuous, 12 integer (12 binary)
Coefficient statistics:
  Matrix range     [1e+00, 1e+00]
  Objective range  [9e+00, 1e+01]
  QObjective range [1e-01, 8e+00]
  Bounds range     [1e+00, 1e+00]
  RHS range        [6e+00, 6e+00]
Found heuristic solution: objective 38.2881116
Variable types: 0 continuous, 78 integer (78 binary)

Root relaxation: objective -3.000100e-12, 4 iterations, 0.00 seconds (0.00 work units)

    Nodes    |    Current Node    |     Objective Bounds      |     Work
 Expl Unexpl |  Obj  Depth IntInf | Incumbent    BestBd   Gap | It/Node Time

     0     0   -0.00000    0   12   38.28811   -0.00000   100%     -    0s
H    0     0                      37.6921906   -0.00000   100%     -    0s
H    0     0                      29.8291682   -0.00000   100%     -    0s
     0     0   17.27168    0   17   29.82917   17.27168  42.1%     -    0s
     0     0   17.41144    0   19   29.82917   17.41144  41.6%     -    0s
     0     0   23.88241    0   30   29.82917   23.88241  19.9%     -    0s
     0     0   24.01322    0   30   29.82917   24.01322  19.5%     -    0s
     0     2   24.01322    0   30   29.82917   24.01322  19.5%     -    0s

Cutting planes:
  Gomory: 1
  MIR: 14
  StrongCG: 3
  RLT: 8

Explored 211 nodes (2799 simplex iterations) in 0.03 seconds (0.02 work units)
Thread count was 8 (of 96 available processors)

Solution count 3: 29.8292 37.6922 38.2881 

Optimal solution found (tolerance 1.00e-06)
Best objective 2.982916816120e+01, best bound 2.982916816120e+01, gap 0.0000%

User-callback calls 513, time in user-callback 0.00 sec

Gurobi 13.0.0 (linux64) logging started Tue Mar 31 15:10:58 2026

Set parameter LogFile to value "logs/N=12_layers=3_presolve_off/N=12/seed=49/n_qaoa_layers=3/baseline.log"
Set parameter MIPGap to value 1e-06
Set parameter Threads to value 8
Set parameter Presolve to value 0
Gurobi Optimizer version 13.0.0 build v13.0.0rc1 (linux64 - "Oracle Linux Server 9.7")

CPU model: AMD EPYC 7643 48-Core Processor, instruction set [SSE2|AVX|AVX2]
Thread count: 48 physical cores, 96 logical processors, using up to 8 threads

Non-default parameters:
MIPGap  1e-06
Presolve  0
Threads  8

Optimize a model with 1 rows, 12 columns and 12 nonzeros (Min)
Model fingerprint: 0x166edfdb
Model has 12 linear objective coefficients and an objective constant of -2.9983238114539290e-12
Model has 66 quadratic objective terms
Variable types: 0 continuous, 12 integer (12 binary)
Coefficient statistics:
  Matrix range     [1e+00, 1e+00]
  Objective range  [9e+00, 1e+01]
  QObjective range [1e-01, 8e+00]
  Bounds range     [1e+00, 1e+00]
  RHS range        [6e+00, 6e+00]
Found heuristic solution: objective 38.2881116
Variable types: 0 continuous, 78 integer (78 binary)

Root relaxation: objective -3.000100e-12, 4 iterations, 0.00 seconds (0.00 work units)

    Nodes    |    Current Node    |     Objective Bounds      |     Work
 Expl Unexpl |  Obj  Depth IntInf | Incumbent    BestBd   Gap | It/Node Time

     0     0   -0.00000    0   12   38.28811   -0.00000   100%     -    0s
H    0     0                      37.6921906   -0.00000   100%     -    0s
H    0     0                      29.8291682   -0.00000   100%     -    0s
     0     0   17.27168    0   17   29.82917   17.27168  42.1%     -    0s
     0     0   17.41144    0   19   29.82917   17.41144  41.6%     -    0s
     0     0   23.88241    0   30   29.82917   23.88241  19.9%     -    0s
     0     0   24.01322    0   30   29.82917   24.01322  19.5%     -    0s
     0     2   24.01322    0   30   29.82917   24.01322  19.5%     -    0s

Cutting planes:
  Gomory: 1
  MIR: 14
  StrongCG: 3
  RLT: 8

Explored 211 nodes (2799 simplex iterations) in 0.03 seconds (0.02 work units)
Thread count was 8 (of 96 available processors)

Solution count 3: 29.8292 37.6922 38.2881 

Optimal solution found (tolerance 1.00e-06)
Best objective 2.982916816120e+01, best bound 2.982916816120e+01, gap 0.0000%

User-callback calls 513, time in user-callback 0.00 sec
