
Gurobi 13.0.0 (linux64) logging started Tue Mar 31 15:06:59 2026

Set parameter LogFile to value "logs/N=12_layers=3_presolve_off/N=12/seed=49/n_qaoa_layers=3/precond_pen=0.800.log"
Set parameter MIPGap to value 1e-06
Set parameter Threads to value 8
Set parameter Presolve to value 0
Gurobi Optimizer version 13.0.0 build v13.0.0rc1 (linux64 - "Oracle Linux Server 9.7")

CPU model: AMD EPYC 7643 48-Core Processor, instruction set [SSE2|AVX|AVX2]
Thread count: 48 physical cores, 96 logical processors, using up to 8 threads

Non-default parameters:
MIPGap  1e-06
Presolve  0
Threads  8

Optimize a model with 1 rows, 12 columns and 12 nonzeros (Min)
Model fingerprint: 0xc20699c7
Model has 12 linear objective coefficients and an objective constant of 5.144634048822
Model has 66 quadratic objective terms
Variable types: 0 continuous, 12 integer (12 binary)
Coefficient statistics:
  Matrix range     [1e+00, 1e+00]
  Objective range  [2e+00, 2e+00]
  QObjective range [1e-02, 3e+00]
  Bounds range     [1e+00, 1e+00]
  RHS range        [6e+00, 6e+00]
Found heuristic solution: objective 0.6829691
Variable types: 0 continuous, 78 integer (78 binary)

Root relaxation: objective -9.436364e+00, 15 iterations, 0.00 seconds (0.00 work units)

    Nodes    |    Current Node    |     Objective Bounds      |     Work
 Expl Unexpl |  Obj  Depth IntInf | Incumbent    BestBd   Gap | It/Node Time

     0     0   -9.43636    0   12    0.68297   -9.43636  1482%     -    0s
H    0     0                      -2.0764191   -9.43636   354%     -    0s
H    0     0                      -2.6669297   -9.43636   254%     -    0s
H    0     0                      -4.7519914   -9.43636  98.6%     -    0s
     0     0   -4.75199    0   36   -4.75199   -4.75199  0.00%     -    0s

Cutting planes:
  Gomory: 2
  MIR: 27
  Zero half: 15
  RLT: 13
  BQP: 54

Explored 1 nodes (136 simplex iterations) in 0.01 seconds (0.00 work units)
Thread count was 8 (of 96 available processors)

Solution count 4: -4.75199 -2.66693 -2.07642 0.682969 
No other solutions better than -4.75199

Optimal solution found (tolerance 1.00e-06)
Best objective -4.751991367892e+00, best bound -4.751991367892e+00, gap 0.0000%

User-callback calls 69, time in user-callback 0.00 sec

Gurobi 13.0.0 (linux64) logging started Tue Mar 31 15:10:58 2026

Set parameter LogFile to value "logs/N=12_layers=3_presolve_off/N=12/seed=49/n_qaoa_layers=3/precond_pen=0.800.log"
Set parameter MIPGap to value 1e-06
Set parameter Threads to value 8
Set parameter Presolve to value 0
Gurobi Optimizer version 13.0.0 build v13.0.0rc1 (linux64 - "Oracle Linux Server 9.7")

CPU model: AMD EPYC 7643 48-Core Processor, instruction set [SSE2|AVX|AVX2]
Thread count: 48 physical cores, 96 logical processors, using up to 8 threads

Non-default parameters:
MIPGap  1e-06
Presolve  0
Threads  8

Optimize a model with 1 rows, 12 columns and 12 nonzeros (Min)
Model fingerprint: 0xc20699c7
Model has 12 linear objective coefficients and an objective constant of 5.144634048822
Model has 66 quadratic objective terms
Variable types: 0 continuous, 12 integer (12 binary)
Coefficient statistics:
  Matrix range     [1e+00, 1e+00]
  Objective range  [2e+00, 2e+00]
  QObjective range [1e-02, 3e+00]
  Bounds range     [1e+00, 1e+00]
  RHS range        [6e+00, 6e+00]
Found heuristic solution: objective 0.6829691
Variable types: 0 continuous, 78 integer (78 binary)

Root relaxation: objective -9.436364e+00, 15 iterations, 0.00 seconds (0.00 work units)

    Nodes    |    Current Node    |     Objective Bounds      |     Work
 Expl Unexpl |  Obj  Depth IntInf | Incumbent    BestBd   Gap | It/Node Time

     0     0   -9.43636    0   12    0.68297   -9.43636  1482%     -    0s
H    0     0                      -2.0764191   -9.43636   354%     -    0s
H    0     0                      -2.6669297   -9.43636   254%     -    0s
H    0     0                      -4.7519914   -9.43636  98.6%     -    0s
     0     0   -4.75199    0   36   -4.75199   -4.75199  0.00%     -    0s

Cutting planes:
  Gomory: 2
  MIR: 27
  Zero half: 15
  RLT: 13
  BQP: 54

Explored 1 nodes (136 simplex iterations) in 0.01 seconds (0.00 work units)
Thread count was 8 (of 96 available processors)

Solution count 4: -4.75199 -2.66693 -2.07642 0.682969 
No other solutions better than -4.75199

Optimal solution found (tolerance 1.00e-06)
Best objective -4.751991367892e+00, best bound -4.751991367892e+00, gap 0.0000%

User-callback calls 69, time in user-callback 0.00 sec
