
Gurobi 13.0.0 (linux64) logging started Sun May  3 11:04:18 2026

Set parameter LogFile to value "logs/N=12_layers=1_presolve_on/N=12/seed=16/quantum_layers=1/precond_pen=0.100.log"
Set parameter MIPGap to value 1e-06
Set parameter Threads to value 8
Gurobi Optimizer version 13.0.0 build v13.0.0rc1 (linux64 - "Oracle Linux Server 9.7")

CPU model: AMD EPYC 7643 48-Core Processor, instruction set [SSE2|AVX|AVX2]
Thread count: 48 physical cores, 96 logical processors, using up to 8 threads

Non-default parameters:
MIPGap  1e-06
Threads  8

Optimize a model with 1 rows, 12 columns and 12 nonzeros (Min)
Model fingerprint: 0x9a3f1d8a
Model has 12 linear objective coefficients and an objective constant of -1.8452676695258003e+01
Model has 66 quadratic objective terms
Variable types: 0 continuous, 12 integer (12 binary)
Coefficient statistics:
  Matrix range     [1e+00, 1e+00]
  Objective range  [5e+00, 7e+00]
  QObjective range [5e-03, 4e+00]
  Bounds range     [1e+00, 1e+00]
  RHS range        [6e+00, 6e+00]
Found heuristic solution: objective 1.9366615
Presolve time: 0.00s
Presolved: 67 rows, 78 columns, 210 nonzeros
Variable types: 0 continuous, 78 integer (78 binary)

Root relaxation: objective -1.845268e+01, 7 iterations, 0.00 seconds (0.00 work units)

    Nodes    |    Current Node    |     Objective Bounds      |     Work
 Expl Unexpl |  Obj  Depth IntInf | Incumbent    BestBd   Gap | It/Node Time

     0     0  -18.45268    0   12    1.93666  -18.45268  1053%     -    0s
H    0     0                       1.4733273  -18.45268  1352%     -    0s
H    0     0                      -1.1209920  -18.45268  1546%     -    0s
     0     0   -5.44157    0   18   -1.12099   -5.44157   385%     -    0s
     0     0   -5.44157    0   20   -1.12099   -5.44157   385%     -    0s
     0     0   -3.28997    0   42   -1.12099   -3.28997   193%     -    0s
     0     0   -3.27343    0   42   -1.12099   -3.27343   192%     -    0s
     0     2   -3.08362    0   42   -1.12099   -3.08362   175%     -    0s

Cutting planes:
  Gomory: 2
  Dual implied bound: 13
  MIR: 11
  StrongCG: 1
  RLT: 9

Explored 33 nodes (809 simplex iterations) in 0.03 seconds (0.02 work units)
Thread count was 8 (of 96 available processors)

Solution count 3: -1.12099 1.47333 1.93666 
No other solutions better than -1.12099

Optimal solution found (tolerance 1.00e-06)
Best objective -1.120992017250e+00, best bound -1.120992017250e+00, gap 0.0000%

User-callback calls 251, time in user-callback 0.00 sec
