
Gurobi 13.0.0 (linux64) logging started Sun May  3 11:08:57 2026

Set parameter LogFile to value "logs/N=12_layers=3_presolve_off/N=12/seed=17/quantum_layers=3/precond_pen=0.200.log"
Set parameter MIPGap to value 1e-06
Set parameter Threads to value 8
Set parameter Presolve to value 0
Gurobi Optimizer version 13.0.0 build v13.0.0rc1 (linux64 - "Oracle Linux Server 9.7")

CPU model: AMD EPYC 7643 48-Core Processor, instruction set [SSE2|AVX|AVX2]
Thread count: 48 physical cores, 96 logical processors, using up to 8 threads

Non-default parameters:
MIPGap  1e-06
Presolve  0
Threads  8

Optimize a model with 1 rows, 12 columns and 12 nonzeros (Min)
Model fingerprint: 0x18cc8ef7
Model has 12 linear objective coefficients and an objective constant of -1.4833371742929997e+00
Model has 66 quadratic objective terms
Variable types: 0 continuous, 12 integer (12 binary)
Coefficient statistics:
  Matrix range     [1e+00, 1e+00]
  Objective range  [2e-01, 3e+00]
  QObjective range [5e-03, 6e+00]
  Bounds range     [1e+00, 1e+00]
  RHS range        [6e+00, 6e+00]
Found heuristic solution: objective -0.5020805
Variable types: 0 continuous, 78 integer (78 binary)

Root relaxation: objective -1.946332e+01, 11 iterations, 0.00 seconds (0.00 work units)

    Nodes    |    Current Node    |     Objective Bounds      |     Work
 Expl Unexpl |  Obj  Depth IntInf | Incumbent    BestBd   Gap | It/Node Time

     0     0  -19.46332    0   12   -0.50208  -19.46332  3777%     -    0s
H    0     0                      -6.3447308  -19.46332   207%     -    0s
H    0     0                     -16.0334152  -19.46332  21.4%     -    0s

Cutting planes:
  Gomory: 1
  MIR: 20
  Zero half: 7
  RLT: 16
  BQP: 32

Explored 1 nodes (11 simplex iterations) in 0.01 seconds (0.00 work units)
Thread count was 8 (of 96 available processors)

Solution count 3: -16.0334 -6.34473 -0.502081 
No other solutions better than -16.0334

Optimal solution found (tolerance 1.00e-06)
Best objective -1.603341522689e+01, best bound -1.603341522689e+01, gap 0.0000%

User-callback calls 62, time in user-callback 0.00 sec
