
Gurobi 13.0.0 (linux64) logging started Sun May  3 10:58:44 2026

Set parameter LogFile to value "logs/N=16_layers=2_presolve_off/N=16/seed=14/quantum_layers=2/baseline.log"
Set parameter MIPGap to value 1e-06
Set parameter Threads to value 8
Set parameter Presolve to value 0
Gurobi Optimizer version 13.0.0 build v13.0.0rc1 (linux64 - "Oracle Linux Server 9.7")

CPU model: AMD EPYC 7643 48-Core Processor, instruction set [SSE2|AVX|AVX2]
Thread count: 48 physical cores, 96 logical processors, using up to 8 threads

Non-default parameters:
MIPGap  1e-06
Presolve  0
Threads  8

Optimize a model with 1 rows, 16 columns and 16 nonzeros (Min)
Model fingerprint: 0xa62db527
Model has 16 linear objective coefficients and an objective constant of -4.9831250237275526e-12
Model has 120 quadratic objective terms
Variable types: 0 continuous, 16 integer (16 binary)
Coefficient statistics:
  Matrix range     [1e+00, 1e+00]
  Objective range  [1e+01, 2e+01]
  QObjective range [4e-02, 8e+00]
  Bounds range     [1e+00, 1e+00]
  RHS range        [8e+00, 8e+00]
Found heuristic solution: objective 64.3450219
Variable types: 0 continuous, 136 integer (136 binary)

Root relaxation: objective -4.982237e-12, 29 iterations, 0.00 seconds (0.00 work units)

    Nodes    |    Current Node    |     Objective Bounds      |     Work
 Expl Unexpl |  Obj  Depth IntInf | Incumbent    BestBd   Gap | It/Node Time

     0     0   -0.00000    0   16   64.34502   -0.00000   100%     -    0s
H    0     0                      61.2138414   -0.00000   100%     -    0s
H    0     0                      56.5194212   -0.00000   100%     -    0s
H    0     0                      53.8904945   -0.00000   100%     -    0s
H    0     0                      53.1252329   24.72204  53.5%     -    0s
     0     0   25.28571    0   22   53.12523   25.28571  52.4%     -    0s
     0     0   25.51201    0   23   53.12523   25.51201  52.0%     -    0s
     0     0   25.51201    0   27   53.12523   25.51201  52.0%     -    0s
     0     0   32.48381    0   43   53.12523   32.48381  38.9%     -    0s
     0     0   32.48381    0   43   53.12523   32.48381  38.9%     -    0s
     0     2   32.48381    0   43   53.12523   32.48381  38.9%     -    0s

Cutting planes:
  Gomory: 3
  MIR: 25
  RLT: 11

Explored 522 nodes (12995 simplex iterations) in 0.09 seconds (0.09 work units)
Thread count was 8 (of 96 available processors)

Solution count 5: 53.1252 53.8905 56.5194 ... 64.345

Optimal solution found (tolerance 1.00e-06)
Best objective 5.312523290194e+01, best bound 5.312523290194e+01, gap 0.0000%

User-callback calls 1162, time in user-callback 0.00 sec
