
Gurobi 13.0.0 (linux64) logging started Sun May  3 10:58:44 2026

Set parameter LogFile to value "logs/N=16_layers=2_presolve_off/N=16/seed=14/quantum_layers=2/precond_pen=1.000.log"
Set parameter MIPGap to value 1e-06
Set parameter Threads to value 8
Set parameter Presolve to value 0
Gurobi Optimizer version 13.0.0 build v13.0.0rc1 (linux64 - "Oracle Linux Server 9.7")

CPU model: AMD EPYC 7643 48-Core Processor, instruction set [SSE2|AVX|AVX2]
Thread count: 48 physical cores, 96 logical processors, using up to 8 threads

Non-default parameters:
MIPGap  1e-06
Presolve  0
Threads  8

Optimize a model with 1 rows, 16 columns and 16 nonzeros (Min)
Model fingerprint: 0x16463b97
Model has 16 linear objective coefficients and an objective constant of 7.2829613407950005e+00
Model has 120 quadratic objective terms
Variable types: 0 continuous, 16 integer (16 binary)
Coefficient statistics:
  Matrix range     [1e+00, 1e+00]
  Objective range  [2e+00, 2e+00]
  QObjective range [4e-03, 1e+00]
  Bounds range     [1e+00, 1e+00]
  RHS range        [8e+00, 8e+00]
Found heuristic solution: objective -0.4494662
Variable types: 0 continuous, 136 integer (136 binary)

Root relaxation: objective -7.426921e+00, 71 iterations, 0.00 seconds (0.00 work units)

    Nodes    |    Current Node    |     Objective Bounds      |     Work
 Expl Unexpl |  Obj  Depth IntInf | Incumbent    BestBd   Gap | It/Node Time

     0     0   -7.42692    0   16   -0.44947   -7.42692  1552%     -    0s
H    0     0                      -1.0599577   -7.42692   601%     -    0s
H    0     0                      -2.0468412   -7.42692   263%     -    0s
H    0     0                      -2.1438082   -7.42692   246%     -    0s
H    0     0                      -2.1774373   -2.26622  4.08%     -    0s
     0     0   -2.17744    0  121   -2.17744   -2.17744  0.00%     -    0s

Cutting planes:
  Gomory: 1
  MIR: 90
  Zero half: 28
  RLT: 40
  BQP: 315

Explored 1 nodes (688 simplex iterations) in 0.05 seconds (0.04 work units)
Thread count was 8 (of 96 available processors)

Solution count 5: -2.17744 -2.14381 -2.04684 ... -0.449466
No other solutions better than -2.17744

Optimal solution found (tolerance 1.00e-06)
Best objective -2.177437290863e+00, best bound -2.177437290863e+00, gap 0.0000%

User-callback calls 72, time in user-callback 0.00 sec
