
Gurobi 13.0.0 (linux64) logging started Tue Mar 31 15:12:46 2026

Set parameter LogFile to value "logs/N=16_layers=2_presolve_off/N=16/seed=6/n_qaoa_layers=2/precond_pen=0.700.log"
Set parameter MIPGap to value 1e-06
Set parameter Threads to value 8
Set parameter Presolve to value 0
Gurobi Optimizer version 13.0.0 build v13.0.0rc1 (linux64 - "Oracle Linux Server 9.7")

CPU model: AMD EPYC 7643 48-Core Processor, instruction set [SSE2|AVX|AVX2]
Thread count: 48 physical cores, 96 logical processors, using up to 8 threads

Non-default parameters:
MIPGap  1e-06
Presolve  0
Threads  8

Optimize a model with 1 rows, 16 columns and 16 nonzeros (Min)
Model fingerprint: 0xf5bc043d
Model has 16 linear objective coefficients and an objective constant of 6.308259840204
Model has 120 quadratic objective terms
Variable types: 0 continuous, 16 integer (16 binary)
Coefficient statistics:
  Matrix range     [1e+00, 1e+00]
  Objective range  [1e+00, 2e+00]
  QObjective range [8e-03, 2e+00]
  Bounds range     [1e+00, 1e+00]
  RHS range        [8e+00, 8e+00]
Found heuristic solution: objective 0.2103300
Variable types: 0 continuous, 136 integer (136 binary)

Root relaxation: objective -1.269618e+01, 37 iterations, 0.00 seconds (0.00 work units)

    Nodes    |    Current Node    |     Objective Bounds      |     Work
 Expl Unexpl |  Obj  Depth IntInf | Incumbent    BestBd   Gap | It/Node Time

     0     0  -12.69618    0   16    0.21033  -12.69618  6136%     -    0s
H    0     0                      -1.7245840  -12.69618   636%     -    0s
H    0     0                      -2.0703749  -12.69618   513%     -    0s
H    0     0                      -2.2576712  -12.69618   462%     -    0s
H    0     0                      -5.3386510  -12.69618   138%     -    0s
     0     0   -5.79764    0   63   -5.33865   -5.79764  8.60%     -    0s
H    0     0                      -5.6212726   -5.79764  3.14%     -    0s

Cutting planes:
  Gomory: 8
  MIR: 106
  StrongCG: 5
  Flow cover: 3
  Zero half: 22
  RLT: 25
  BQP: 141

Explored 1 nodes (258 simplex iterations) in 0.03 seconds (0.02 work units)
Thread count was 8 (of 96 available processors)

Solution count 6: -5.62127 -5.33865 -2.25767 ... 0.21033
No other solutions better than -5.62127

Optimal solution found (tolerance 1.00e-06)
Best objective -5.621272573408e+00, best bound -5.621272573408e+00, gap 0.0000%

User-callback calls 82, time in user-callback 0.00 sec
