
Gurobi 13.0.0 (linux64) logging started Tue Mar 31 15:12:46 2026

Set parameter LogFile to value "logs/N=16_layers=2_presolve_off/N=16/seed=6/n_qaoa_layers=2/precond_pen=0.400.log"
Set parameter MIPGap to value 1e-06
Set parameter Threads to value 8
Set parameter Presolve to value 0
Gurobi Optimizer version 13.0.0 build v13.0.0rc1 (linux64 - "Oracle Linux Server 9.7")

CPU model: AMD EPYC 7643 48-Core Processor, instruction set [SSE2|AVX|AVX2]
Thread count: 48 physical cores, 96 logical processors, using up to 8 threads

Non-default parameters:
MIPGap  1e-06
Presolve  0
Threads  8

Optimize a model with 1 rows, 16 columns and 16 nonzeros (Min)
Model fingerprint: 0xbf37c1c2
Model has 16 linear objective coefficients and an objective constant of 5.7720476865130017e+00
Model has 120 quadratic objective terms
Variable types: 0 continuous, 16 integer (16 binary)
Coefficient statistics:
  Matrix range     [1e+00, 1e+00]
  Objective range  [1e+00, 2e+00]
  QObjective range [8e-03, 4e+00]
  Bounds range     [1e+00, 1e+00]
  RHS range        [8e+00, 8e+00]
Found heuristic solution: objective 0.8569445
Variable types: 0 continuous, 136 integer (136 binary)

Root relaxation: objective -2.125353e+01, 34 iterations, 0.00 seconds (0.00 work units)

    Nodes    |    Current Node    |     Objective Bounds      |     Work
 Expl Unexpl |  Obj  Depth IntInf | Incumbent    BestBd   Gap | It/Node Time

     0     0  -21.25353    0   16    0.85694  -21.25353  2580%     -    0s
H    0     0                      -4.8042389  -21.25353   342%     -    0s
H    0     0                      -5.7261896  -21.25353   271%     -    0s
H    0     0                     -10.9098847  -21.25353  94.8%     -    0s
     0     0  -10.96808    0   70  -10.90988  -10.96808  0.53%     -    0s
     0     0     cutoff    0       -10.90988  -10.90988  0.00%     -    0s

Cutting planes:
  Gomory: 2
  MIR: 38
  Zero half: 31
  RLT: 33
  BQP: 159

Explored 1 nodes (284 simplex iterations) in 0.02 seconds (0.01 work units)
Thread count was 8 (of 96 available processors)

Solution count 4: -10.9099 -5.72619 -4.80424 0.856945 
No other solutions better than -10.9099

Optimal solution found (tolerance 1.00e-06)
Best objective -1.090988473253e+01, best bound -1.090988473253e+01, gap 0.0000%

User-callback calls 73, time in user-callback 0.00 sec
