
Gurobi 13.0.0 (linux64) logging started Sun May  3 10:58:54 2026

Set parameter LogFile to value "logs/N=16_layers=2_presolve_off/N=16/seed=47/quantum_layers=2/precond_pen=0.600.log"
Set parameter MIPGap to value 1e-06
Set parameter Threads to value 8
Set parameter Presolve to value 0
Gurobi Optimizer version 13.0.0 build v13.0.0rc1 (linux64 - "Oracle Linux Server 9.7")

CPU model: AMD EPYC 7643 48-Core Processor, instruction set [SSE2|AVX|AVX2]
Thread count: 48 physical cores, 96 logical processors, using up to 8 threads

Non-default parameters:
MIPGap  1e-06
Presolve  0
Threads  8

Optimize a model with 1 rows, 16 columns and 16 nonzeros (Min)
Model fingerprint: 0xb2186441
Model has 16 linear objective coefficients and an objective constant of 6.0202224910970017e+00
Model has 120 quadratic objective terms
Variable types: 0 continuous, 16 integer (16 binary)
Coefficient statistics:
  Matrix range     [1e+00, 1e+00]
  Objective range  [1e+00, 2e+00]
  QObjective range [8e-03, 3e+00]
  Bounds range     [1e+00, 1e+00]
  RHS range        [8e+00, 8e+00]
Found heuristic solution: objective 2.6384220
Variable types: 0 continuous, 136 integer (136 binary)

Root relaxation: objective -1.420652e+01, 24 iterations, 0.00 seconds (0.00 work units)

    Nodes    |    Current Node    |     Objective Bounds      |     Work
 Expl Unexpl |  Obj  Depth IntInf | Incumbent    BestBd   Gap | It/Node Time

     0     0  -14.20652    0   16    2.63842  -14.20652   638%     -    0s
H    0     0                      -0.0345394  -14.20652      -     -    0s
H    0     0                      -0.0910023  -14.20652      -     -    0s
H    0     0                      -2.7846321  -14.20652   410%     -    0s
H    0     0                      -7.5595983  -14.20652  87.9%     -    0s
     0     0   -7.63308    0   72   -7.55960   -7.63308  0.97%     -    0s
     0     0     cutoff    0        -7.55960   -7.55960  0.00%     -    0s

Cutting planes:
  Gomory: 2
  MIR: 44
  Zero half: 26
  RLT: 36
  BQP: 175

Explored 1 nodes (226 simplex iterations) in 0.01 seconds (0.01 work units)
Thread count was 8 (of 96 available processors)

Solution count 5: -7.5596 -2.78463 -0.0910023 ... 2.63842
No other solutions better than -7.5596

Optimal solution found (tolerance 1.00e-06)
Best objective -7.559598304865e+00, best bound -7.559598304865e+00, gap 0.0000%

User-callback calls 73, time in user-callback 0.00 sec
