
Gurobi 13.0.0 (linux64) logging started Sun May  3 11:04:23 2026

Set parameter LogFile to value "logs/N=12_layers=1_presolve_on/N=12/seed=40/quantum_layers=1/precond_pen=0.200.log"
Set parameter MIPGap to value 1e-06
Set parameter Threads to value 8
Gurobi Optimizer version 13.0.0 build v13.0.0rc1 (linux64 - "Oracle Linux Server 9.7")

CPU model: AMD EPYC 7643 48-Core Processor, instruction set [SSE2|AVX|AVX2]
Thread count: 48 physical cores, 96 logical processors, using up to 8 threads

Non-default parameters:
MIPGap  1e-06
Threads  8

Optimize a model with 1 rows, 12 columns and 12 nonzeros (Min)
Model fingerprint: 0x6222857a
Model has 12 linear objective coefficients and an objective constant of -1.811137479488
Model has 66 quadratic objective terms
Variable types: 0 continuous, 12 integer (12 binary)
Coefficient statistics:
  Matrix range     [1e+00, 1e+00]
  Objective range  [1e-01, 2e+00]
  QObjective range [5e-03, 3e+00]
  Bounds range     [1e+00, 1e+00]
  RHS range        [6e+00, 6e+00]
Found heuristic solution: objective -4.0145867
Presolve time: 0.00s
Presolved: 67 rows, 78 columns, 210 nonzeros
Variable types: 0 continuous, 78 integer (78 binary)

Root relaxation: objective -1.012385e+01, 13 iterations, 0.00 seconds (0.00 work units)

    Nodes    |    Current Node    |     Objective Bounds      |     Work
 Expl Unexpl |  Obj  Depth IntInf | Incumbent    BestBd   Gap | It/Node Time

     0     0  -10.12385    0   12   -4.01459  -10.12385   152%     -    0s
H    0     0                      -4.5686376  -10.12385   122%     -    0s
     0     0   -5.24216    0   39   -4.56864   -5.24216  14.7%     -    0s

Cutting planes:
  Gomory: 6
  Dual implied bound: 1
  MIR: 29
  Zero half: 13
  RLT: 10
  BQP: 43

Explored 1 nodes (113 simplex iterations) in 0.01 seconds (0.01 work units)
Thread count was 8 (of 96 available processors)

Solution count 2: -4.56864 -4.01459 
No other solutions better than -4.56864

Optimal solution found (tolerance 1.00e-06)
Best objective -4.568637600240e+00, best bound -4.568637600240e+00, gap 0.0000%

User-callback calls 164, time in user-callback 0.00 sec
