
Gurobi 13.0.0 (linux64) logging started Sun May  3 11:04:23 2026

Set parameter LogFile to value "logs/N=12_layers=1_presolve_on/N=12/seed=40/quantum_layers=1/precond_pen=0.300.log"
Set parameter MIPGap to value 1e-06
Set parameter Threads to value 8
Gurobi Optimizer version 13.0.0 build v13.0.0rc1 (linux64 - "Oracle Linux Server 9.7")

CPU model: AMD EPYC 7643 48-Core Processor, instruction set [SSE2|AVX|AVX2]
Thread count: 48 physical cores, 96 logical processors, using up to 8 threads

Non-default parameters:
MIPGap  1e-06
Threads  8

Optimize a model with 1 rows, 12 columns and 12 nonzeros (Min)
Model fingerprint: 0x83390650
Model has 12 linear objective coefficients and an objective constant of 3.7648171774609982e+00
Model has 66 quadratic objective terms
Variable types: 0 continuous, 12 integer (12 binary)
Coefficient statistics:
  Matrix range     [1e+00, 1e+00]
  Objective range  [6e-01, 2e+00]
  QObjective range [4e-02, 3e+00]
  Bounds range     [1e+00, 1e+00]
  RHS range        [6e+00, 6e+00]
Found heuristic solution: objective -3.9402039
Presolve time: 0.00s
Presolved: 67 rows, 78 columns, 210 nonzeros
Variable types: 0 continuous, 78 integer (78 binary)

Root relaxation: objective -9.304439e+00, 18 iterations, 0.00 seconds (0.00 work units)

    Nodes    |    Current Node    |     Objective Bounds      |     Work
 Expl Unexpl |  Obj  Depth IntInf | Incumbent    BestBd   Gap | It/Node Time

     0     0   -9.30444    0   12   -3.94020   -9.30444   136%     -    0s
H    0     0                      -4.4892714   -9.30444   107%     -    0s
H    0     0                      -4.5574412   -9.30444   104%     -    0s
     0     0   -4.55744    0   35   -4.55744   -4.55744  0.00%     -    0s

Cutting planes:
  Gomory: 1
  MIR: 20
  Zero half: 11
  RLT: 17
  BQP: 63

Explored 1 nodes (120 simplex iterations) in 0.01 seconds (0.00 work units)
Thread count was 8 (of 96 available processors)

Solution count 3: -4.55744 -4.48927 -3.9402 
No other solutions better than -4.55744

Optimal solution found (tolerance 1.00e-06)
Best objective -4.557441156885e+00, best bound -4.557441156885e+00, gap 0.0000%

User-callback calls 162, time in user-callback 0.00 sec
