
Gurobi 13.0.0 (linux64) logging started Tue Mar 31 15:12:51 2026

Set parameter LogFile to value "logs/N=16_layers=2_presolve_off/N=16/seed=20/n_qaoa_layers=2/precond_pen=0.600.log"
Set parameter MIPGap to value 1e-06
Set parameter Threads to value 8
Set parameter Presolve to value 0
Gurobi Optimizer version 13.0.0 build v13.0.0rc1 (linux64 - "Oracle Linux Server 9.7")

CPU model: AMD EPYC 7643 48-Core Processor, instruction set [SSE2|AVX|AVX2]
Thread count: 48 physical cores, 96 logical processors, using up to 8 threads

Non-default parameters:
MIPGap  1e-06
Presolve  0
Threads  8

Optimize a model with 1 rows, 16 columns and 16 nonzeros (Min)
Model fingerprint: 0x18985162
Model has 16 linear objective coefficients and an objective constant of 6.197581574769
Model has 120 quadratic objective terms
Variable types: 0 continuous, 16 integer (16 binary)
Coefficient statistics:
  Matrix range     [1e+00, 1e+00]
  Objective range  [1e+00, 2e+00]
  QObjective range [9e-03, 2e+00]
  Bounds range     [1e+00, 1e+00]
  RHS range        [8e+00, 8e+00]
Found heuristic solution: objective 1.2753717
Variable types: 0 continuous, 136 integer (136 binary)

Root relaxation: objective -1.318808e+01, 50 iterations, 0.00 seconds (0.00 work units)

    Nodes    |    Current Node    |     Objective Bounds      |     Work
 Expl Unexpl |  Obj  Depth IntInf | Incumbent    BestBd   Gap | It/Node Time

     0     0  -13.18808    0   16    1.27537  -13.18808  1134%     -    0s
H    0     0                      -0.0722056  -13.18808      -     -    0s
H    0     0                      -0.2896651  -13.18808  4453%     -    0s
H    0     0                      -1.1561645  -13.18808  1041%     -    0s
H    0     0                      -6.6243988  -13.18808  99.1%     -    0s
     0     0   -6.81520    0   57   -6.62440   -6.81520  2.88%     -    0s
     0     0     cutoff    0        -6.62440   -6.62440  0.00%     -    0s

Cutting planes:
  Gomory: 1
  MIR: 38
  Zero half: 35
  RLT: 35
  BQP: 175

Explored 1 nodes (295 simplex iterations) in 0.02 seconds (0.01 work units)
Thread count was 8 (of 96 available processors)

Solution count 5: -6.6244 -1.15616 -0.289665 ... 1.27537
No other solutions better than -6.6244

Optimal solution found (tolerance 1.00e-06)
Best objective -6.624398784097e+00, best bound -6.624398784097e+00, gap 0.0000%

User-callback calls 73, time in user-callback 0.00 sec
