
Gurobi 13.0.0 (linux64) logging started Tue Mar 31 15:12:51 2026

Set parameter LogFile to value "logs/N=16_layers=2_presolve_off/N=16/seed=20/n_qaoa_layers=2/precond_pen=0.400.log"
Set parameter MIPGap to value 1e-06
Set parameter Threads to value 8
Set parameter Presolve to value 0
Gurobi Optimizer version 13.0.0 build v13.0.0rc1 (linux64 - "Oracle Linux Server 9.7")

CPU model: AMD EPYC 7643 48-Core Processor, instruction set [SSE2|AVX|AVX2]
Thread count: 48 physical cores, 96 logical processors, using up to 8 threads

Non-default parameters:
MIPGap  1e-06
Presolve  0
Threads  8

Optimize a model with 1 rows, 16 columns and 16 nonzeros (Min)
Model fingerprint: 0x1304fc99
Model has 16 linear objective coefficients and an objective constant of 5.5728684873
Model has 120 quadratic objective terms
Variable types: 0 continuous, 16 integer (16 binary)
Coefficient statistics:
  Matrix range     [1e+00, 1e+00]
  Objective range  [4e-01, 2e+00]
  QObjective range [2e-03, 3e+00]
  Bounds range     [1e+00, 1e+00]
  RHS range        [8e+00, 8e+00]
Found heuristic solution: objective 2.1323025
Variable types: 0 continuous, 136 integer (136 binary)

Root relaxation: objective -1.969290e+01, 20 iterations, 0.00 seconds (0.00 work units)

    Nodes    |    Current Node    |     Objective Bounds      |     Work
 Expl Unexpl |  Obj  Depth IntInf | Incumbent    BestBd   Gap | It/Node Time

     0     0  -19.69290    0   16    2.13230  -19.69290  1024%     -    0s
H    0     0                      -0.9228226  -19.69290  2034%     -    0s
H    0     0                     -10.7420506  -19.69290  83.3%     -    0s
H    0     0                     -11.1066481  -15.31973  37.9%     -    0s
     0     0  -11.39114    0   57  -11.10665  -11.39114  2.56%     -    0s

Cutting planes:
  Gomory: 18
  MIR: 102
  StrongCG: 4
  Flow cover: 57
  Zero half: 28
  RLT: 23
  BQP: 101

Explored 1 nodes (214 simplex iterations) in 0.03 seconds (0.02 work units)
Thread count was 8 (of 96 available processors)

Solution count 4: -11.1066 -10.7421 -0.922823 2.1323 
No other solutions better than -11.1066

Optimal solution found (tolerance 1.00e-06)
Best objective -1.110664805323e+01, best bound -1.110664805323e+01, gap 0.0000%

User-callback calls 76, time in user-callback 0.00 sec
