
Gurobi 13.0.0 (linux64) logging started Sun May  3 10:53:52 2026

Set parameter LogFile to value "logs/N=16_layers=1_presolve_on/N=16/seed=24/quantum_layers=1/precond_pen=0.800.log"
Set parameter MIPGap to value 1e-06
Set parameter Threads to value 8
Gurobi Optimizer version 13.0.0 build v13.0.0rc1 (linux64 - "Oracle Linux Server 9.7")

CPU model: AMD EPYC 7643 48-Core Processor, instruction set [SSE2|AVX|AVX2]
Thread count: 48 physical cores, 96 logical processors, using up to 8 threads

Non-default parameters:
MIPGap  1e-06
Threads  8

Optimize a model with 1 rows, 16 columns and 16 nonzeros (Min)
Model fingerprint: 0xad1a751a
Model has 16 linear objective coefficients and an objective constant of 6.762871532869
Model has 120 quadratic objective terms
Variable types: 0 continuous, 16 integer (16 binary)
Coefficient statistics:
  Matrix range     [1e+00, 1e+00]
  Objective range  [2e+00, 2e+00]
  QObjective range [8e-02, 8e-01]
  Bounds range     [1e+00, 1e+00]
  RHS range        [8e+00, 8e+00]
Found heuristic solution: objective -0.5172065
Presolve time: 0.00s
Presolved: 121 rows, 136 columns, 376 nonzeros
Variable types: 0 continuous, 136 integer (136 binary)

Root relaxation: objective -6.762872e+00, 46 iterations, 0.00 seconds (0.00 work units)

    Nodes    |    Current Node    |     Objective Bounds      |     Work
 Expl Unexpl |  Obj  Depth IntInf | Incumbent    BestBd   Gap | It/Node Time

     0     0   -6.76287    0   16   -0.51721   -6.76287  1208%     -    0s
H    0     0                      -0.6365111   -6.76287   962%     -    0s
H    0     0                      -1.2222161   -6.76287   453%     -    0s
H    0     0                      -1.3094766   -5.00879   283%     -    0s
H    0     0                      -1.3414354   -1.58037  17.8%     -    0s
     0     0   -1.58037    0  103   -1.34144   -1.58037  17.8%     -    0s
     0     0   -1.41234    0  128   -1.34144   -1.41234  5.29%     -    0s
     0     0   -1.41042    0  128   -1.34144   -1.41042  5.14%     -    0s
     0     0   -1.41042    0  128   -1.34144   -1.41042  5.14%     -    0s
     0     2   -1.41042    0  118   -1.34144   -1.41042  5.14%     -    0s

Cutting planes:
  Gomory: 1
  Dual implied bound: 4
  MIR: 43
  Zero half: 18
  RLT: 28
  BQP: 176

Explored 15 nodes (2120 simplex iterations) in 0.18 seconds (0.14 work units)
Thread count was 8 (of 96 available processors)

Solution count 5: -1.34144 -1.30948 -1.22222 ... -0.517207
No other solutions better than -1.34144

Optimal solution found (tolerance 1.00e-06)
Best objective -1.341435396869e+00, best bound -1.341435396869e+00, gap 0.0000%

User-callback calls 240, time in user-callback 0.00 sec
