
Gurobi 13.0.0 (linux64) logging started Sun May  3 10:53:52 2026

Set parameter LogFile to value "logs/N=16_layers=1_presolve_on/N=16/seed=24/quantum_layers=1/precond_pen=0.400.log"
Set parameter MIPGap to value 1e-06
Set parameter Threads to value 8
Gurobi Optimizer version 13.0.0 build v13.0.0rc1 (linux64 - "Oracle Linux Server 9.7")

CPU model: AMD EPYC 7643 48-Core Processor, instruction set [SSE2|AVX|AVX2]
Thread count: 48 physical cores, 96 logical processors, using up to 8 threads

Non-default parameters:
MIPGap  1e-06
Threads  8

Optimize a model with 1 rows, 16 columns and 16 nonzeros (Min)
Model fingerprint: 0xcdce5765
Model has 16 linear objective coefficients and an objective constant of 5.7729425899769966e+00
Model has 120 quadratic objective terms
Variable types: 0 continuous, 16 integer (16 binary)
Coefficient statistics:
  Matrix range     [1e+00, 1e+00]
  Objective range  [1e+00, 2e+00]
  QObjective range [1e-02, 2e+00]
  Bounds range     [1e+00, 1e+00]
  RHS range        [8e+00, 8e+00]
Found heuristic solution: objective -0.7074303
Presolve time: 0.00s
Presolved: 121 rows, 136 columns, 376 nonzeros
Variable types: 0 continuous, 136 integer (136 binary)

Root relaxation: objective -1.115922e+01, 45 iterations, 0.00 seconds (0.00 work units)

    Nodes    |    Current Node    |     Objective Bounds      |     Work
 Expl Unexpl |  Obj  Depth IntInf | Incumbent    BestBd   Gap | It/Node Time

     0     0  -11.15922    0   16   -0.70743  -11.15922  1477%     -    0s
H    0     0                      -0.7792315  -11.15922  1332%     -    0s
H    0     0                      -2.8224747  -11.15922   295%     -    0s
H    0     0                      -4.2132812  -11.15922   165%     -    0s
     0     0   -4.49585    0  100   -4.21328   -4.49585  6.71%     -    0s
     0     0   -4.22820    0  122   -4.21328   -4.22820  0.35%     -    0s

Cutting planes:
  Gomory: 3
  MIR: 25
  Zero half: 3
  RLT: 14
  BQP: 75

Explored 1 nodes (493 simplex iterations) in 0.04 seconds (0.03 work units)
Thread count was 8 (of 96 available processors)

Solution count 4: -4.21328 -2.82247 -0.779231 -0.70743 
No other solutions better than -4.21328

Optimal solution found (tolerance 1.00e-06)
Best objective -4.213281220803e+00, best bound -4.213281220803e+00, gap 0.0000%

User-callback calls 178, time in user-callback 0.00 sec
