
Gurobi 13.0.0 (linux64) logging started Sun May  3 10:53:52 2026

Set parameter LogFile to value "logs/N=16_layers=1_presolve_on/N=16/seed=24/quantum_layers=1/precond_pen=1.000.log"
Set parameter MIPGap to value 1e-06
Set parameter Threads to value 8
Gurobi Optimizer version 13.0.0 build v13.0.0rc1 (linux64 - "Oracle Linux Server 9.7")

CPU model: AMD EPYC 7643 48-Core Processor, instruction set [SSE2|AVX|AVX2]
Thread count: 48 physical cores, 96 logical processors, using up to 8 threads

Non-default parameters:
MIPGap  1e-06
Threads  8

Optimize a model with 1 rows, 16 columns and 16 nonzeros (Min)
Model fingerprint: 0xb66b90e0
Model has 16 linear objective coefficients and an objective constant of 6.779896212657
Model has 120 quadratic objective terms
Variable types: 0 continuous, 16 integer (16 binary)
Coefficient statistics:
  Matrix range     [1e+00, 1e+00]
  Objective range  [2e+00, 2e+00]
  QObjective range [2e-01, 7e-01]
  Bounds range     [1e+00, 1e+00]
  RHS range        [8e+00, 8e+00]
Found heuristic solution: objective -0.4987550
Presolve time: 0.00s
Presolved: 121 rows, 136 columns, 376 nonzeros
Variable types: 0 continuous, 136 integer (136 binary)

Root relaxation: objective -6.779896e+00, 54 iterations, 0.00 seconds (0.00 work units)

    Nodes    |    Current Node    |     Objective Bounds      |     Work
 Expl Unexpl |  Obj  Depth IntInf | Incumbent    BestBd   Gap | It/Node Time

     0     0   -6.77990    0   16   -0.49875   -6.77990  1259%     -    0s
H    0     0                      -0.5230969   -6.77990  1196%     -    0s
H    0     0                      -1.0695809   -6.77990   534%     -    0s
H    0     0                      -1.0879696   -5.06095   365%     -    0s
     0     0   -1.27058    0  103   -1.08797   -1.27058  16.8%     -    0s
     0     0   -1.19036    0  125   -1.08797   -1.19036  9.41%     -    0s
     0     0   -1.19036    0  125   -1.08797   -1.19036  9.41%     -    0s
     0     0   -1.19036    0  123   -1.08797   -1.19036  9.41%     -    0s
H    0     0                      -1.0931267   -1.19021  8.88%     -    0s
     0     2   -1.19021    0  123   -1.09313   -1.19021  8.88%     -    0s

Cutting planes:
  Gomory: 2
  Dual implied bound: 4
  MIR: 39
  Zero half: 17
  RLT: 30
  BQP: 151

Explored 17 nodes (2445 simplex iterations) in 0.21 seconds (0.15 work units)
Thread count was 8 (of 96 available processors)

Solution count 5: -1.09313 -1.08797 -1.06958 ... -0.498755
No other solutions better than -1.09313

Optimal solution found (tolerance 1.00e-06)
Best objective -1.093126678865e+00, best bound -1.093126678865e+00, gap 0.0000%

User-callback calls 246, time in user-callback 0.00 sec
