
Gurobi 13.0.0 (linux64) logging started Sun May  3 10:53:51 2026

Set parameter LogFile to value "logs/N=16_layers=1_presolve_on/N=16/seed=24/quantum_layers=1/precond_pen=0.200.log"
Set parameter MIPGap to value 1e-06
Set parameter Threads to value 8
Gurobi Optimizer version 13.0.0 build v13.0.0rc1 (linux64 - "Oracle Linux Server 9.7")

CPU model: AMD EPYC 7643 48-Core Processor, instruction set [SSE2|AVX|AVX2]
Thread count: 48 physical cores, 96 logical processors, using up to 8 threads

Non-default parameters:
MIPGap  1e-06
Threads  8

Optimize a model with 1 rows, 16 columns and 16 nonzeros (Min)
Model fingerprint: 0x1637d7ca
Model has 16 linear objective coefficients and an objective constant of -8.765756018127
Model has 120 quadratic objective terms
Variable types: 0 continuous, 16 integer (16 binary)
Coefficient statistics:
  Matrix range     [1e+00, 1e+00]
  Objective range  [5e-02, 4e+00]
  QObjective range [1e-02, 3e+00]
  Bounds range     [1e+00, 1e+00]
  RHS range        [8e+00, 8e+00]
Found heuristic solution: objective 0.3454230
Presolve time: 0.00s
Presolved: 121 rows, 136 columns, 376 nonzeros
Variable types: 0 continuous, 136 integer (136 binary)

Root relaxation: objective -1.725093e+01, 33 iterations, 0.00 seconds (0.00 work units)

    Nodes    |    Current Node    |     Objective Bounds      |     Work
 Expl Unexpl |  Obj  Depth IntInf | Incumbent    BestBd   Gap | It/Node Time

     0     0  -17.25093    0   16    0.34542  -17.25093  5094%     -    0s
H    0     0                      -2.8132851  -17.25093   513%     -    0s
H    0     0                      -5.2487964  -17.25093   229%     -    0s
H    0     0                      -5.6298640  -17.25093   206%     -    0s
     0     0   -8.35941    0   65   -5.62986   -8.35941  48.5%     -    0s
     0     0   -8.30137    0   93   -5.62986   -8.30137  47.5%     -    0s
     0     0   -7.48772    0  118   -5.62986   -7.48772  33.0%     -    0s
     0     0   -7.48011    0  118   -5.62986   -7.48011  32.9%     -    0s
     0     2   -7.48011    0  118   -5.62986   -7.48011  32.9%     -    0s

Cutting planes:
  Gomory: 4
  Dual implied bound: 7
  MIR: 16
  Zero half: 9
  RLT: 23
  BQP: 49

Explored 40 nodes (1762 simplex iterations) in 0.06 seconds (0.05 work units)
Thread count was 8 (of 96 available processors)

Solution count 4: -5.62986 -5.2488 -2.81329 0.345423 
No other solutions better than -5.62986

Optimal solution found (tolerance 1.00e-06)
Best objective -5.629864045547e+00, best bound -5.629864045547e+00, gap 0.0000%

User-callback calls 283, time in user-callback 0.00 sec
