
Gurobi 13.0.0 (linux64) logging started Sun Mar 22 16:50:44 2026

Set parameter LogFile to value "logs/N=12_presolve_off/N=12/seed=8/n_qaoa_layers=1/precond_pen=0.400.log"
Set parameter MIPGap to value 1e-06
Set parameter Threads to value 8
Set parameter Presolve to value 0
Gurobi Optimizer version 13.0.0 build v13.0.0rc1 (linux64 - "Oracle Linux Server 9.7")

CPU model: AMD EPYC 7643 48-Core Processor, instruction set [SSE2|AVX|AVX2]
Thread count: 48 physical cores, 96 logical processors, using up to 8 threads

Non-default parameters:
MIPGap  1e-06
Presolve  0
Threads  8

Optimize a model with 1 rows, 12 columns and 12 nonzeros (Min)
Model fingerprint: 0xb7762a1b
Model has 12 linear objective coefficients and an objective constant of 4.4785245337760005e+00
Model has 66 quadratic objective terms
Variable types: 0 continuous, 12 integer (12 binary)
Coefficient statistics:
  Matrix range     [1e+00, 1e+00]
  Objective range  [9e-01, 2e+00]
  QObjective range [3e-02, 2e+00]
  Bounds range     [1e+00, 1e+00]
  RHS range        [6e+00, 6e+00]
Found heuristic solution: objective -0.4450705
Variable types: 0 continuous, 78 integer (78 binary)

Root relaxation: objective -6.407121e+00, 15 iterations, 0.00 seconds (0.00 work units)

    Nodes    |    Current Node    |     Objective Bounds      |     Work
 Expl Unexpl |  Obj  Depth IntInf | Incumbent    BestBd   Gap | It/Node Time

     0     0   -6.40712    0   12   -0.44507   -6.40712  1340%     -    0s
H    0     0                      -0.4838147   -6.40712  1224%     -    0s
H    0     0                      -0.4997201   -6.40712  1182%     -    0s
H    0     0                      -1.6683978   -6.40712   284%     -    0s
H    0     0                      -2.1720618   -6.40712   195%     -    0s
H    0     0                      -2.5984648   -2.67586  2.98%     -    0s
     0     0   -2.67586    0   40   -2.59846   -2.67586  2.98%     -    0s
     0     0     cutoff    0        -2.59846   -2.59846  0.00%     -    0s

Cutting planes:
  Gomory: 1
  MIR: 30
  Zero half: 16
  RLT: 16
  BQP: 65

Explored 1 nodes (119 simplex iterations) in 0.01 seconds (0.00 work units)
Thread count was 8 (of 96 available processors)

Solution count 6: -2.59846 -2.17206 -1.6684 ... -0.44507
No other solutions better than -2.59846

Optimal solution found (tolerance 1.00e-06)
Best objective -2.598464756646e+00, best bound -2.598464756646e+00, gap 0.0000%

User-callback calls 74, time in user-callback 0.00 sec
