
Gurobi 13.0.0 (linux64) logging started Sun Mar 22 16:50:44 2026

Set parameter LogFile to value "logs/N=12_presolve_off/N=12/seed=8/n_qaoa_layers=1/precond_pen=0.500.log"
Set parameter MIPGap to value 1e-06
Set parameter Threads to value 8
Set parameter Presolve to value 0
Gurobi Optimizer version 13.0.0 build v13.0.0rc1 (linux64 - "Oracle Linux Server 9.7")

CPU model: AMD EPYC 7643 48-Core Processor, instruction set [SSE2|AVX|AVX2]
Thread count: 48 physical cores, 96 logical processors, using up to 8 threads

Non-default parameters:
MIPGap  1e-06
Presolve  0
Threads  8

Optimize a model with 1 rows, 12 columns and 12 nonzeros (Min)
Model fingerprint: 0x285c046c
Model has 12 linear objective coefficients and an objective constant of 4.768914247607
Model has 66 quadratic objective terms
Variable types: 0 continuous, 12 integer (12 binary)
Coefficient statistics:
  Matrix range     [1e+00, 1e+00]
  Objective range  [1e+00, 2e+00]
  QObjective range [1e-02, 1e+00]
  Bounds range     [1e+00, 1e+00]
  RHS range        [6e+00, 6e+00]
Found heuristic solution: objective -0.4392570
Variable types: 0 continuous, 78 integer (78 binary)

Root relaxation: objective -5.283267e+00, 13 iterations, 0.00 seconds (0.00 work units)

    Nodes    |    Current Node    |     Objective Bounds      |     Work
 Expl Unexpl |  Obj  Depth IntInf | Incumbent    BestBd   Gap | It/Node Time

     0     0   -5.28327    0   12   -0.43926   -5.28327  1103%     -    0s
H    0     0                      -0.7455831   -5.28327   609%     -    0s
H    0     0                      -0.7635076   -5.28327   592%     -    0s
H    0     0                      -1.6850117   -5.28327   214%     -    0s
H    0     0                      -1.7943054   -5.28327   194%     -    0s
     0     0   -1.79564    0   38   -1.79431   -1.79564  0.07%     -    0s

Cutting planes:
  Gomory: 4
  MIR: 65
  Zero half: 12
  RLT: 16
  BQP: 68

Explored 1 nodes (152 simplex iterations) in 0.02 seconds (0.01 work units)
Thread count was 8 (of 96 available processors)

Solution count 5: -1.79431 -1.68501 -0.763508 ... -0.439257
No other solutions better than -1.79431

Optimal solution found (tolerance 1.00e-06)
Best objective -1.794305390833e+00, best bound -1.794305390833e+00, gap 0.0000%

User-callback calls 76, time in user-callback 0.00 sec
