
Gurobi 13.0.0 (linux64) logging started Sun Mar 22 16:50:44 2026

Set parameter LogFile to value "logs/N=12_presolve_off/N=12/seed=8/n_qaoa_layers=1/precond_pen=0.200.log"
Set parameter MIPGap to value 1e-06
Set parameter Threads to value 8
Set parameter Presolve to value 0
Gurobi Optimizer version 13.0.0 build v13.0.0rc1 (linux64 - "Oracle Linux Server 9.7")

CPU model: AMD EPYC 7643 48-Core Processor, instruction set [SSE2|AVX|AVX2]
Thread count: 48 physical cores, 96 logical processors, using up to 8 threads

Non-default parameters:
MIPGap  1e-06
Presolve  0
Threads  8

Optimize a model with 1 rows, 12 columns and 12 nonzeros (Min)
Model fingerprint: 0x88a5d82d
Model has 12 linear objective coefficients and an objective constant of -1.3247069314389999e+00
Model has 66 quadratic objective terms
Variable types: 0 continuous, 12 integer (12 binary)
Coefficient statistics:
  Matrix range     [1e+00, 1e+00]
  Objective range  [6e-01, 3e+00]
  QObjective range [9e-03, 4e+00]
  Bounds range     [1e+00, 1e+00]
  RHS range        [6e+00, 6e+00]
Found heuristic solution: objective 0.1128663
Variable types: 0 continuous, 78 integer (78 binary)

Root relaxation: objective -9.889271e+00, 9 iterations, 0.00 seconds (0.00 work units)

    Nodes    |    Current Node    |     Objective Bounds      |     Work
 Expl Unexpl |  Obj  Depth IntInf | Incumbent    BestBd   Gap | It/Node Time

     0     0   -9.88927    0   12    0.11287   -9.88927  8862%     -    0s
H    0     0                      -0.0482351   -9.88927      -     -    0s
H    0     0                      -4.4517728   -9.88927   122%     -    0s
     0     0   -4.45177    0   43   -4.45177   -4.45177  0.00%     -    0s

Cutting planes:
  Gomory: 2
  MIR: 21
  Zero half: 12
  RLT: 18
  BQP: 65

Explored 1 nodes (93 simplex iterations) in 0.01 seconds (0.00 work units)
Thread count was 8 (of 96 available processors)

Solution count 3: -4.45177 -0.0482351 0.112866 
No other solutions better than -4.45177

Optimal solution found (tolerance 1.00e-06)
Best objective -4.451772814477e+00, best bound -4.451772814477e+00, gap 0.0000%

User-callback calls 66, time in user-callback 0.00 sec
