
Gurobi 13.0.0 (linux64) logging started Sun Mar 22 16:50:43 2026

Set parameter LogFile to value "logs/N=12_presolve_off/N=12/seed=0/n_qaoa_layers=1/precond_pen=0.100.log"
Set parameter MIPGap to value 1e-06
Set parameter Threads to value 8
Set parameter Presolve to value 0
Gurobi Optimizer version 13.0.0 build v13.0.0rc1 (linux64 - "Oracle Linux Server 9.7")

CPU model: AMD EPYC 7643 48-Core Processor, instruction set [SSE2|AVX|AVX2]
Thread count: 48 physical cores, 96 logical processors, using up to 8 threads

Non-default parameters:
MIPGap  1e-06
Presolve  0
Threads  8

Optimize a model with 1 rows, 12 columns and 12 nonzeros (Min)
Model fingerprint: 0x4144fb4d
Model has 12 linear objective coefficients and an objective constant of -1.6744491765325005e+01
Model has 66 quadratic objective terms
Variable types: 0 continuous, 12 integer (12 binary)
Coefficient statistics:
  Matrix range     [1e+00, 1e+00]
  Objective range  [5e+00, 7e+00]
  QObjective range [5e-02, 4e+00]
  Bounds range     [1e+00, 1e+00]
  RHS range        [6e+00, 6e+00]
Found heuristic solution: objective 2.7982646
Variable types: 0 continuous, 78 integer (78 binary)

Root relaxation: objective -1.674449e+01, 6 iterations, 0.00 seconds (0.00 work units)

    Nodes    |    Current Node    |     Objective Bounds      |     Work
 Expl Unexpl |  Obj  Depth IntInf | Incumbent    BestBd   Gap | It/Node Time

     0     0  -16.74449    0   12    2.79826  -16.74449   698%     -    0s
H    0     0                       2.2243948  -16.74449   853%     -    0s
H    0     0                      -1.7372375  -16.74449   864%     -    0s
     0     0   -7.38826    0   22   -1.73724   -7.38826   325%     -    0s
     0     0   -6.31081    0   26   -1.73724   -6.31081   263%     -    0s
     0     0   -6.18409    0   26   -1.73724   -6.18409   256%     -    0s
     0     0   -4.55378    0   47   -1.73724   -4.55378   162%     -    0s
     0     0   -4.32782    0   47   -1.73724   -4.32782   149%     -    0s
     0     2   -4.32782    0   47   -1.73724   -4.32782   149%     -    0s

Cutting planes:
  Gomory: 4
  Cover: 2
  MIR: 11
  RLT: 7

Explored 70 nodes (1201 simplex iterations) in 0.03 seconds (0.02 work units)
Thread count was 8 (of 96 available processors)

Solution count 3: -1.73724 2.22439 2.79826 
No other solutions better than -1.73724

Optimal solution found (tolerance 1.00e-06)
Best objective -1.737237547477e+00, best bound -1.737237547477e+00, gap 0.0000%

User-callback calls 234, time in user-callback 0.00 sec
