
Gurobi 13.0.0 (linux64) logging started Sun May  3 11:04:17 2026

Set parameter LogFile to value "logs/N=12_layers=1_presolve_on/N=12/seed=9/quantum_layers=1/precond_pen=0.300.log"
Set parameter MIPGap to value 1e-06
Set parameter Threads to value 8
Gurobi Optimizer version 13.0.0 build v13.0.0rc1 (linux64 - "Oracle Linux Server 9.7")

CPU model: AMD EPYC 7643 48-Core Processor, instruction set [SSE2|AVX|AVX2]
Thread count: 48 physical cores, 96 logical processors, using up to 8 threads

Non-default parameters:
MIPGap  1e-06
Threads  8

Optimize a model with 1 rows, 12 columns and 12 nonzeros (Min)
Model fingerprint: 0x40286663
Model has 12 linear objective coefficients and an objective constant of 2.4291357362649997e+00
Model has 66 quadratic objective terms
Variable types: 0 continuous, 12 integer (12 binary)
Coefficient statistics:
  Matrix range     [1e+00, 1e+00]
  Objective range  [6e-02, 2e+00]
  QObjective range [1e-02, 3e+00]
  Bounds range     [1e+00, 1e+00]
  RHS range        [6e+00, 6e+00]
Found heuristic solution: objective -0.0200072
Presolve time: 0.00s
Presolved: 67 rows, 78 columns, 210 nonzeros
Variable types: 0 continuous, 78 integer (78 binary)

Root relaxation: objective -1.090394e+01, 10 iterations, 0.00 seconds (0.00 work units)

    Nodes    |    Current Node    |     Objective Bounds      |     Work
 Expl Unexpl |  Obj  Depth IntInf | Incumbent    BestBd   Gap | It/Node Time

     0     0  -10.90394    0   12   -0.02001  -10.90394      -     -    0s
H    0     0                      -1.9622078  -10.90394   456%     -    0s
H    0     0                      -4.1063537  -10.90394   166%     -    0s
H    0     0                      -6.0568858  -10.90394  80.0%     -    0s
     0     0   -6.05689    0   36   -6.05689   -6.05689  0.00%     -    0s

Cutting planes:
  Gomory: 2
  MIR: 26
  Zero half: 21
  RLT: 20
  BQP: 54

Explored 1 nodes (82 simplex iterations) in 0.01 seconds (0.00 work units)
Thread count was 8 (of 96 available processors)

Solution count 4: -6.05689 -4.10635 -1.96221 -0.0200072 
No other solutions better than -6.05689

Optimal solution found (tolerance 1.00e-06)
Best objective -6.056885847109e+00, best bound -6.056885847109e+00, gap 0.0000%

User-callback calls 163, time in user-callback 0.00 sec
