
Gurobi 13.0.0 (linux64) logging started Sun May  3 11:04:17 2026

Set parameter LogFile to value "logs/N=12_layers=1_presolve_on/N=12/seed=9/quantum_layers=1/precond_pen=0.500.log"
Set parameter MIPGap to value 1e-06
Set parameter Threads to value 8
Gurobi Optimizer version 13.0.0 build v13.0.0rc1 (linux64 - "Oracle Linux Server 9.7")

CPU model: AMD EPYC 7643 48-Core Processor, instruction set [SSE2|AVX|AVX2]
Thread count: 48 physical cores, 96 logical processors, using up to 8 threads

Non-default parameters:
MIPGap  1e-06
Threads  8

Optimize a model with 1 rows, 12 columns and 12 nonzeros (Min)
Model fingerprint: 0x1a15a88e
Model has 12 linear objective coefficients and an objective constant of 4.547861455829
Model has 66 quadratic objective terms
Variable types: 0 continuous, 12 integer (12 binary)
Coefficient statistics:
  Matrix range     [1e+00, 1e+00]
  Objective range  [1e+00, 2e+00]
  QObjective range [1e-02, 2e+00]
  Bounds range     [1e+00, 1e+00]
  RHS range        [6e+00, 6e+00]
Found heuristic solution: objective -0.4270161
Presolve time: 0.00s
Presolved: 67 rows, 78 columns, 210 nonzeros
Variable types: 0 continuous, 78 integer (78 binary)

Root relaxation: objective -5.729517e+00, 20 iterations, 0.00 seconds (0.00 work units)

    Nodes    |    Current Node    |     Objective Bounds      |     Work
 Expl Unexpl |  Obj  Depth IntInf | Incumbent    BestBd   Gap | It/Node Time

     0     0   -5.72952    0   12   -0.42702   -5.72952  1242%     -    0s
H    0     0                      -1.1210488   -5.72952   411%     -    0s
H    0     0                      -2.1874755   -5.72952   162%     -    0s
H    0     0                      -2.8404382   -5.72952   102%     -    0s
     0     0   -2.84044    0   43   -2.84044   -2.84044  0.00%     -    0s

Cutting planes:
  Gomory: 1
  MIR: 27
  Zero half: 15
  RLT: 18
  BQP: 65

Explored 1 nodes (103 simplex iterations) in 0.01 seconds (0.00 work units)
Thread count was 8 (of 96 available processors)

Solution count 4: -2.84044 -2.18748 -1.12105 -0.427016 
No other solutions better than -2.84044

Optimal solution found (tolerance 1.00e-06)
Best objective -2.840438226733e+00, best bound -2.840438226733e+00, gap 0.0000%

User-callback calls 163, time in user-callback 0.00 sec
