
Gurobi 13.0.0 (linux64) logging started Tue Mar 31 15:12:30 2026

Set parameter LogFile to value "logs/N=16_layers=2_presolve_on/N=16/seed=1/n_qaoa_layers=2/precond_pen=1.000.log"
Set parameter MIPGap to value 1e-06
Set parameter Threads to value 8
Gurobi Optimizer version 13.0.0 build v13.0.0rc1 (linux64 - "Oracle Linux Server 9.7")

CPU model: AMD EPYC 7643 48-Core Processor, instruction set [SSE2|AVX|AVX2]
Thread count: 48 physical cores, 96 logical processors, using up to 8 threads

Non-default parameters:
MIPGap  1e-06
Threads  8

Optimize a model with 1 rows, 16 columns and 16 nonzeros (Min)
Model fingerprint: 0x3f7a78e7
Model has 16 linear objective coefficients and an objective constant of 7.2969417339680023e+00
Model has 120 quadratic objective terms
Variable types: 0 continuous, 16 integer (16 binary)
Coefficient statistics:
  Matrix range     [1e+00, 1e+00]
  Objective range  [2e+00, 2e+00]
  QObjective range [8e-03, 1e+00]
  Bounds range     [1e+00, 1e+00]
  RHS range        [8e+00, 8e+00]
Found heuristic solution: objective 0.2170671
Presolve time: 0.00s
Presolved: 121 rows, 136 columns, 376 nonzeros
Variable types: 0 continuous, 136 integer (136 binary)

Root relaxation: objective -7.386979e+00, 54 iterations, 0.00 seconds (0.00 work units)

    Nodes    |    Current Node    |     Objective Bounds      |     Work
 Expl Unexpl |  Obj  Depth IntInf | Incumbent    BestBd   Gap | It/Node Time

     0     0   -7.38698    0   16    0.21707   -7.38698  3503%     -    0s
H    0     0                      -0.4200937   -7.38698  1658%     -    0s
H    0     0                      -2.1173512   -7.38698   249%     -    0s
H    0     0                      -2.1246100   -2.18605  2.89%     -    0s
     0     0   -2.12461    0  110   -2.12461   -2.12461  0.00%     -    0s

Cutting planes:
  Gomory: 2
  MIR: 82
  Zero half: 46
  RLT: 40
  BQP: 362

Explored 1 nodes (739 simplex iterations) in 0.05 seconds (0.04 work units)
Thread count was 8 (of 96 available processors)

Solution count 4: -2.12461 -2.11735 -0.420094 0.217067 
No other solutions better than -2.12461

Optimal solution found (tolerance 1.00e-06)
Best objective -2.124609973432e+00, best bound -2.124609973432e+00, gap 0.0000%

User-callback calls 165, time in user-callback 0.00 sec
