
Gurobi 13.0.0 (linux64) logging started Tue Mar 31 15:06:55 2026

Set parameter LogFile to value "logs/N=12_layers=3_presolve_off/N=12/seed=11/n_qaoa_layers=3/precond_pen=0.400.log"
Set parameter MIPGap to value 1e-06
Set parameter Threads to value 8
Set parameter Presolve to value 0
Gurobi Optimizer version 13.0.0 build v13.0.0rc1 (linux64 - "Oracle Linux Server 9.7")

CPU model: AMD EPYC 7643 48-Core Processor, instruction set [SSE2|AVX|AVX2]
Thread count: 48 physical cores, 96 logical processors, using up to 8 threads

Non-default parameters:
MIPGap  1e-06
Presolve  0
Threads  8

Optimize a model with 1 rows, 12 columns and 12 nonzeros (Min)
Model fingerprint: 0xc95c72de
Model has 12 linear objective coefficients and an objective constant of 4.8678955427580011e+00
Model has 66 quadratic objective terms
Variable types: 0 continuous, 12 integer (12 binary)
Coefficient statistics:
  Matrix range     [1e+00, 1e+00]
  Objective range  [1e+00, 2e+00]
  QObjective range [3e-02, 4e+00]
  Bounds range     [1e+00, 1e+00]
  RHS range        [6e+00, 6e+00]
Found heuristic solution: objective 2.5030546
Variable types: 0 continuous, 78 integer (78 binary)

Root relaxation: objective -1.395221e+01, 11 iterations, 0.00 seconds (0.00 work units)

    Nodes    |    Current Node    |     Objective Bounds      |     Work
 Expl Unexpl |  Obj  Depth IntInf | Incumbent    BestBd   Gap | It/Node Time

     0     0  -13.95221    0   12    2.50305  -13.95221   657%     -    0s
H    0     0                      -5.3896371  -13.95221   159%     -    0s
H    0     0                      -5.8530863  -13.95221   138%     -    0s
H    0     0                      -7.3364163  -13.95221  90.2%     -    0s
     0     0     cutoff    0        -7.33642   -7.33642  0.00%     -    0s

Cutting planes:
  MIR: 23
  Zero half: 10
  RLT: 15
  BQP: 51

Explored 1 nodes (101 simplex iterations) in 0.01 seconds (0.00 work units)
Thread count was 8 (of 96 available processors)

Solution count 4: -7.33642 -5.85309 -5.38964 2.50305 
No other solutions better than -7.33642

Optimal solution found (tolerance 1.00e-06)
Best objective -7.336416270230e+00, best bound -7.336416270230e+00, gap 0.0000%

User-callback calls 68, time in user-callback 0.00 sec

Gurobi 13.0.0 (linux64) logging started Tue Mar 31 15:10:54 2026

Set parameter LogFile to value "logs/N=12_layers=3_presolve_off/N=12/seed=11/n_qaoa_layers=3/precond_pen=0.400.log"
Set parameter MIPGap to value 1e-06
Set parameter Threads to value 8
Set parameter Presolve to value 0
Gurobi Optimizer version 13.0.0 build v13.0.0rc1 (linux64 - "Oracle Linux Server 9.7")

CPU model: AMD EPYC 7643 48-Core Processor, instruction set [SSE2|AVX|AVX2]
Thread count: 48 physical cores, 96 logical processors, using up to 8 threads

Non-default parameters:
MIPGap  1e-06
Presolve  0
Threads  8

Optimize a model with 1 rows, 12 columns and 12 nonzeros (Min)
Model fingerprint: 0xc95c72de
Model has 12 linear objective coefficients and an objective constant of 4.8678955427580011e+00
Model has 66 quadratic objective terms
Variable types: 0 continuous, 12 integer (12 binary)
Coefficient statistics:
  Matrix range     [1e+00, 1e+00]
  Objective range  [1e+00, 2e+00]
  QObjective range [3e-02, 4e+00]
  Bounds range     [1e+00, 1e+00]
  RHS range        [6e+00, 6e+00]
Found heuristic solution: objective 2.5030546
Variable types: 0 continuous, 78 integer (78 binary)

Root relaxation: objective -1.395221e+01, 11 iterations, 0.00 seconds (0.00 work units)

    Nodes    |    Current Node    |     Objective Bounds      |     Work
 Expl Unexpl |  Obj  Depth IntInf | Incumbent    BestBd   Gap | It/Node Time

     0     0  -13.95221    0   12    2.50305  -13.95221   657%     -    0s
H    0     0                      -5.3896371  -13.95221   159%     -    0s
H    0     0                      -5.8530863  -13.95221   138%     -    0s
H    0     0                      -7.3364163  -13.95221  90.2%     -    0s
     0     0     cutoff    0        -7.33642   -7.33642  0.00%     -    0s

Cutting planes:
  MIR: 23
  Zero half: 10
  RLT: 15
  BQP: 51

Explored 1 nodes (101 simplex iterations) in 0.01 seconds (0.00 work units)
Thread count was 8 (of 96 available processors)

Solution count 4: -7.33642 -5.85309 -5.38964 2.50305 
No other solutions better than -7.33642

Optimal solution found (tolerance 1.00e-06)
Best objective -7.336416270230e+00, best bound -7.336416270230e+00, gap 0.0000%

User-callback calls 68, time in user-callback 0.00 sec
