
Gurobi 13.0.0 (linux64) logging started Tue Mar 31 15:06:55 2026

Set parameter LogFile to value "logs/N=12_layers=3_presolve_off/N=12/seed=11/n_qaoa_layers=3/precond_pen=0.300.log"
Set parameter MIPGap to value 1e-06
Set parameter Threads to value 8
Set parameter Presolve to value 0
Gurobi Optimizer version 13.0.0 build v13.0.0rc1 (linux64 - "Oracle Linux Server 9.7")

CPU model: AMD EPYC 7643 48-Core Processor, instruction set [SSE2|AVX|AVX2]
Thread count: 48 physical cores, 96 logical processors, using up to 8 threads

Non-default parameters:
MIPGap  1e-06
Presolve  0
Threads  8

Optimize a model with 1 rows, 12 columns and 12 nonzeros (Min)
Model fingerprint: 0x84006a4e
Model has 12 linear objective coefficients and an objective constant of 4.447462426207
Model has 66 quadratic objective terms
Variable types: 0 continuous, 12 integer (12 binary)
Coefficient statistics:
  Matrix range     [1e+00, 1e+00]
  Objective range  [7e-01, 2e+00]
  QObjective range [7e-02, 5e+00]
  Bounds range     [1e+00, 1e+00]
  RHS range        [6e+00, 6e+00]
Found heuristic solution: objective 2.7479107
Variable types: 0 continuous, 78 integer (78 binary)

Root relaxation: objective -1.560522e+01, 12 iterations, 0.00 seconds (0.00 work units)

    Nodes    |    Current Node    |     Objective Bounds      |     Work
 Expl Unexpl |  Obj  Depth IntInf | Incumbent    BestBd   Gap | It/Node Time

     0     0  -15.60522    0   12    2.74791  -15.60522   668%     -    0s
H    0     0                      -1.5203472  -15.60522   926%     -    0s
H    0     0                      -2.0202325  -15.60522   672%     -    0s
H    0     0                      -8.9357536  -15.60522  74.6%     -    0s
     0     0     cutoff    0        -8.93575   -8.93575  0.00%     -    0s

Cutting planes:
  Gomory: 1
  MIR: 23
  Zero half: 10
  RLT: 15
  BQP: 49

Explored 1 nodes (98 simplex iterations) in 0.01 seconds (0.00 work units)
Thread count was 8 (of 96 available processors)

Solution count 4: -8.93575 -2.02023 -1.52035 2.74791 
No other solutions better than -8.93575

Optimal solution found (tolerance 1.00e-06)
Best objective -8.935753556959e+00, best bound -8.935753556959e+00, gap 0.0000%

User-callback calls 68, time in user-callback 0.00 sec

Gurobi 13.0.0 (linux64) logging started Tue Mar 31 15:10:54 2026

Set parameter LogFile to value "logs/N=12_layers=3_presolve_off/N=12/seed=11/n_qaoa_layers=3/precond_pen=0.300.log"
Set parameter MIPGap to value 1e-06
Set parameter Threads to value 8
Set parameter Presolve to value 0
Gurobi Optimizer version 13.0.0 build v13.0.0rc1 (linux64 - "Oracle Linux Server 9.7")

CPU model: AMD EPYC 7643 48-Core Processor, instruction set [SSE2|AVX|AVX2]
Thread count: 48 physical cores, 96 logical processors, using up to 8 threads

Non-default parameters:
MIPGap  1e-06
Presolve  0
Threads  8

Optimize a model with 1 rows, 12 columns and 12 nonzeros (Min)
Model fingerprint: 0x84006a4e
Model has 12 linear objective coefficients and an objective constant of 4.447462426207
Model has 66 quadratic objective terms
Variable types: 0 continuous, 12 integer (12 binary)
Coefficient statistics:
  Matrix range     [1e+00, 1e+00]
  Objective range  [7e-01, 2e+00]
  QObjective range [7e-02, 5e+00]
  Bounds range     [1e+00, 1e+00]
  RHS range        [6e+00, 6e+00]
Found heuristic solution: objective 2.7479107
Variable types: 0 continuous, 78 integer (78 binary)

Root relaxation: objective -1.560522e+01, 12 iterations, 0.00 seconds (0.00 work units)

    Nodes    |    Current Node    |     Objective Bounds      |     Work
 Expl Unexpl |  Obj  Depth IntInf | Incumbent    BestBd   Gap | It/Node Time

     0     0  -15.60522    0   12    2.74791  -15.60522   668%     -    0s
H    0     0                      -1.5203472  -15.60522   926%     -    0s
H    0     0                      -2.0202325  -15.60522   672%     -    0s
H    0     0                      -8.9357536  -15.60522  74.6%     -    0s
     0     0     cutoff    0        -8.93575   -8.93575  0.00%     -    0s

Cutting planes:
  Gomory: 1
  MIR: 23
  Zero half: 10
  RLT: 15
  BQP: 49

Explored 1 nodes (98 simplex iterations) in 0.01 seconds (0.00 work units)
Thread count was 8 (of 96 available processors)

Solution count 4: -8.93575 -2.02023 -1.52035 2.74791 
No other solutions better than -8.93575

Optimal solution found (tolerance 1.00e-06)
Best objective -8.935753556959e+00, best bound -8.935753556959e+00, gap 0.0000%

User-callback calls 68, time in user-callback 0.00 sec
