
Gurobi 13.0.0 (linux64) logging started Tue Mar 31 15:06:55 2026

Set parameter LogFile to value "logs/N=12_layers=3_presolve_off/N=12/seed=11/n_qaoa_layers=3/precond_pen=0.600.log"
Set parameter MIPGap to value 1e-06
Set parameter Threads to value 8
Set parameter Presolve to value 0
Gurobi Optimizer version 13.0.0 build v13.0.0rc1 (linux64 - "Oracle Linux Server 9.7")

CPU model: AMD EPYC 7643 48-Core Processor, instruction set [SSE2|AVX|AVX2]
Thread count: 48 physical cores, 96 logical processors, using up to 8 threads

Non-default parameters:
MIPGap  1e-06
Presolve  0
Threads  8

Optimize a model with 1 rows, 12 columns and 12 nonzeros (Min)
Model fingerprint: 0x7a98b3fc
Model has 12 linear objective coefficients and an objective constant of 4.824997170449
Model has 66 quadratic objective terms
Variable types: 0 continuous, 12 integer (12 binary)
Coefficient statistics:
  Matrix range     [1e+00, 1e+00]
  Objective range  [1e+00, 2e+00]
  QObjective range [1e-03, 3e+00]
  Bounds range     [1e+00, 1e+00]
  RHS range        [6e+00, 6e+00]
Found heuristic solution: objective 2.0563222
Variable types: 0 continuous, 78 integer (78 binary)

Root relaxation: objective -1.142926e+01, 10 iterations, 0.00 seconds (0.00 work units)

    Nodes    |    Current Node    |     Objective Bounds      |     Work
 Expl Unexpl |  Obj  Depth IntInf | Incumbent    BestBd   Gap | It/Node Time

     0     0  -11.42926    0   12    2.05632  -11.42926   656%     -    0s
H    0     0                      -0.7536928  -11.42926  1416%     -    0s
H    0     0                      -0.9199158  -11.42926  1142%     -    0s
H    0     0                      -1.2220096  -11.42926   835%     -    0s
H    0     0                      -4.0681740  -11.42926   181%     -    0s
H    0     0                      -4.5167933   -7.14169  58.1%     -    0s
H    0     0                      -4.9065042   -7.14169  45.6%     -    0s
H    0     0                      -5.3770489   -5.40591  0.54%     -    0s
     0     0   -5.37705    0   37   -5.37705   -5.37705  0.00%     -    0s

Cutting planes:
  Gomory: 1
  MIR: 28
  Zero half: 10
  RLT: 17
  BQP: 60

Explored 1 nodes (109 simplex iterations) in 0.01 seconds (0.00 work units)
Thread count was 8 (of 96 available processors)

Solution count 8: -5.37705 -4.9065 -4.51679 ... 2.05632
No other solutions better than -5.37705

Optimal solution found (tolerance 1.00e-06)
Best objective -5.377048930773e+00, best bound -5.377048930773e+00, gap 0.0000%

User-callback calls 77, time in user-callback 0.00 sec

Gurobi 13.0.0 (linux64) logging started Tue Mar 31 15:10:54 2026

Set parameter LogFile to value "logs/N=12_layers=3_presolve_off/N=12/seed=11/n_qaoa_layers=3/precond_pen=0.600.log"
Set parameter MIPGap to value 1e-06
Set parameter Threads to value 8
Set parameter Presolve to value 0
Gurobi Optimizer version 13.0.0 build v13.0.0rc1 (linux64 - "Oracle Linux Server 9.7")

CPU model: AMD EPYC 7643 48-Core Processor, instruction set [SSE2|AVX|AVX2]
Thread count: 48 physical cores, 96 logical processors, using up to 8 threads

Non-default parameters:
MIPGap  1e-06
Presolve  0
Threads  8

Optimize a model with 1 rows, 12 columns and 12 nonzeros (Min)
Model fingerprint: 0x7a98b3fc
Model has 12 linear objective coefficients and an objective constant of 4.824997170449
Model has 66 quadratic objective terms
Variable types: 0 continuous, 12 integer (12 binary)
Coefficient statistics:
  Matrix range     [1e+00, 1e+00]
  Objective range  [1e+00, 2e+00]
  QObjective range [1e-03, 3e+00]
  Bounds range     [1e+00, 1e+00]
  RHS range        [6e+00, 6e+00]
Found heuristic solution: objective 2.0563222
Variable types: 0 continuous, 78 integer (78 binary)

Root relaxation: objective -1.142926e+01, 10 iterations, 0.00 seconds (0.00 work units)

    Nodes    |    Current Node    |     Objective Bounds      |     Work
 Expl Unexpl |  Obj  Depth IntInf | Incumbent    BestBd   Gap | It/Node Time

     0     0  -11.42926    0   12    2.05632  -11.42926   656%     -    0s
H    0     0                      -0.7536928  -11.42926  1416%     -    0s
H    0     0                      -0.9199158  -11.42926  1142%     -    0s
H    0     0                      -1.2220096  -11.42926   835%     -    0s
H    0     0                      -4.0681740  -11.42926   181%     -    0s
H    0     0                      -4.5167933   -7.14169  58.1%     -    0s
H    0     0                      -4.9065042   -7.14169  45.6%     -    0s
H    0     0                      -5.3770489   -5.40591  0.54%     -    0s
     0     0   -5.37705    0   37   -5.37705   -5.37705  0.00%     -    0s

Cutting planes:
  Gomory: 1
  MIR: 28
  Zero half: 10
  RLT: 17
  BQP: 60

Explored 1 nodes (109 simplex iterations) in 0.01 seconds (0.00 work units)
Thread count was 8 (of 96 available processors)

Solution count 8: -5.37705 -4.9065 -4.51679 ... 2.05632
No other solutions better than -5.37705

Optimal solution found (tolerance 1.00e-06)
Best objective -5.377048930773e+00, best bound -5.377048930773e+00, gap 0.0000%

User-callback calls 77, time in user-callback 0.00 sec
