
Gurobi 13.0.0 (linux64) logging started Sun May  3 10:58:53 2026

Set parameter LogFile to value "logs/N=16_layers=2_presolve_off/N=16/seed=44/quantum_layers=2/precond_pen=0.600.log"
Set parameter MIPGap to value 1e-06
Set parameter Threads to value 8
Set parameter Presolve to value 0
Gurobi Optimizer version 13.0.0 build v13.0.0rc1 (linux64 - "Oracle Linux Server 9.7")

CPU model: AMD EPYC 7643 48-Core Processor, instruction set [SSE2|AVX|AVX2]
Thread count: 48 physical cores, 96 logical processors, using up to 8 threads

Non-default parameters:
MIPGap  1e-06
Presolve  0
Threads  8

Optimize a model with 1 rows, 16 columns and 16 nonzeros (Min)
Model fingerprint: 0xf086bb1a
Model has 16 linear objective coefficients and an objective constant of 6.0388621889499978e+00
Model has 120 quadratic objective terms
Variable types: 0 continuous, 16 integer (16 binary)
Coefficient statistics:
  Matrix range     [1e+00, 1e+00]
  Objective range  [1e+00, 2e+00]
  QObjective range [2e-02, 3e+00]
  Bounds range     [1e+00, 1e+00]
  RHS range        [8e+00, 8e+00]
Found heuristic solution: objective 0.5192304
Variable types: 0 continuous, 136 integer (136 binary)

Root relaxation: objective -1.619019e+01, 28 iterations, 0.00 seconds (0.00 work units)

    Nodes    |    Current Node    |     Objective Bounds      |     Work
 Expl Unexpl |  Obj  Depth IntInf | Incumbent    BestBd   Gap | It/Node Time

     0     0  -16.19019    0   16    0.51923  -16.19019  3218%     -    0s
H    0     0                      -1.0453241  -16.19019  1449%     -    0s
H    0     0                      -1.1711413  -16.19019  1282%     -    0s
H    0     0                      -1.5866549  -16.19019   920%     -    0s
H    0     0                      -9.3947476  -16.19019  72.3%     -    0s
H    0     0                      -9.4029822  -12.61695  34.2%     -    0s
     0     0   -9.40298    0   51   -9.40298   -9.40298  0.00%     -    0s

Cutting planes:
  Gomory: 1
  MIR: 40
  Zero half: 37
  RLT: 34
  BQP: 157

Explored 1 nodes (187 simplex iterations) in 0.01 seconds (0.01 work units)
Thread count was 8 (of 96 available processors)

Solution count 6: -9.40298 -9.39475 -1.58665 ... 0.51923
No other solutions better than -9.40298

Optimal solution found (tolerance 1.00e-06)
Best objective -9.402982158546e+00, best bound -9.402982158546e+00, gap 0.0000%

User-callback calls 74, time in user-callback 0.00 sec
