
Gurobi 13.0.0 (linux64) logging started Sun May  3 10:58:53 2026

Set parameter LogFile to value "logs/N=16_layers=2_presolve_off/N=16/seed=44/quantum_layers=2/precond_pen=0.400.log"
Set parameter MIPGap to value 1e-06
Set parameter Threads to value 8
Set parameter Presolve to value 0
Gurobi Optimizer version 13.0.0 build v13.0.0rc1 (linux64 - "Oracle Linux Server 9.7")

CPU model: AMD EPYC 7643 48-Core Processor, instruction set [SSE2|AVX|AVX2]
Thread count: 48 physical cores, 96 logical processors, using up to 8 threads

Non-default parameters:
MIPGap  1e-06
Presolve  0
Threads  8

Optimize a model with 1 rows, 16 columns and 16 nonzeros (Min)
Model fingerprint: 0x7e47558b
Model has 16 linear objective coefficients and an objective constant of 5.5922636488579958e+00
Model has 120 quadratic objective terms
Variable types: 0 continuous, 16 integer (16 binary)
Coefficient statistics:
  Matrix range     [1e+00, 1e+00]
  Objective range  [6e-01, 2e+00]
  QObjective range [2e-02, 5e+00]
  Bounds range     [1e+00, 1e+00]
  RHS range        [8e+00, 8e+00]
Found heuristic solution: objective 1.4287097
Variable types: 0 continuous, 136 integer (136 binary)

Root relaxation: objective -2.369533e+01, 15 iterations, 0.00 seconds (0.00 work units)

    Nodes    |    Current Node    |     Objective Bounds      |     Work
 Expl Unexpl |  Obj  Depth IntInf | Incumbent    BestBd   Gap | It/Node Time

     0     0  -23.69533    0   16    1.42871  -23.69533  1759%     -    0s
H    0     0                       0.8116426  -23.69533  3019%     -    0s
H    0     0                      -0.3508949  -23.69533  6653%     -    0s
H    0     0                      -0.4418534  -23.69533  5263%     -    0s
H    0     0                     -16.0401068  -23.69533  47.7%     -    0s
     0     0  -16.04011    0   49  -16.04011  -16.04011  0.00%     -    0s

Cutting planes:
  Gomory: 1
  MIR: 35
  Zero half: 31
  RLT: 34
  BQP: 137

Explored 1 nodes (128 simplex iterations) in 0.01 seconds (0.01 work units)
Thread count was 8 (of 96 available processors)

Solution count 5: -16.0401 -0.441853 -0.350895 ... 1.42871
No other solutions better than -16.0401

Optimal solution found (tolerance 1.00e-06)
Best objective -1.604010676830e+01, best bound -1.604010676830e+01, gap 0.0000%

User-callback calls 72, time in user-callback 0.00 sec
