
Gurobi 13.0.0 (linux64) logging started Sun May  3 10:58:53 2026

Set parameter LogFile to value "logs/N=16_layers=2_presolve_off/N=16/seed=44/quantum_layers=2/precond_pen=0.700.log"
Set parameter MIPGap to value 1e-06
Set parameter Threads to value 8
Set parameter Presolve to value 0
Gurobi Optimizer version 13.0.0 build v13.0.0rc1 (linux64 - "Oracle Linux Server 9.7")

CPU model: AMD EPYC 7643 48-Core Processor, instruction set [SSE2|AVX|AVX2]
Thread count: 48 physical cores, 96 logical processors, using up to 8 threads

Non-default parameters:
MIPGap  1e-06
Presolve  0
Threads  8

Optimize a model with 1 rows, 16 columns and 16 nonzeros (Min)
Model fingerprint: 0xfd4f3fcf
Model has 16 linear objective coefficients and an objective constant of 6.2793867517109980e+00
Model has 120 quadratic objective terms
Variable types: 0 continuous, 16 integer (16 binary)
Coefficient statistics:
  Matrix range     [1e+00, 1e+00]
  Objective range  [1e+00, 2e+00]
  QObjective range [2e-02, 3e+00]
  Bounds range     [1e+00, 1e+00]
  RHS range        [8e+00, 8e+00]
Found heuristic solution: objective 0.2681105
Variable types: 0 continuous, 136 integer (136 binary)

Root relaxation: objective -1.322998e+01, 25 iterations, 0.00 seconds (0.00 work units)

    Nodes    |    Current Node    |     Objective Bounds      |     Work
 Expl Unexpl |  Obj  Depth IntInf | Incumbent    BestBd   Gap | It/Node Time

     0     0  -13.22998    0   16    0.26811  -13.22998  5035%     -    0s
H    0     0                      -3.3135120  -13.22998   299%     -    0s
H    0     0                      -7.2534562  -13.22998  82.4%     -    0s
H    0     0                      -7.2847162   -9.71687  33.4%     -    0s
     0     0   -7.36681    0   52   -7.28472   -7.36681  1.13%     -    0s

Cutting planes:
  Gomory: 12
  MIR: 186
  StrongCG: 12
  Zero half: 24
  RLT: 27
  BQP: 145

Explored 1 nodes (205 simplex iterations) in 0.04 seconds (0.03 work units)
Thread count was 8 (of 96 available processors)

Solution count 4: -7.28472 -7.25346 -3.31351 0.268111 
No other solutions better than -7.28472

Optimal solution found (tolerance 1.00e-06)
Best objective -7.284716225287e+00, best bound -7.284716225287e+00, gap 0.0000%

User-callback calls 76, time in user-callback 0.00 sec
