
Gurobi 13.0.0 (linux64) logging started Tue Mar 31 15:12:57 2026

Set parameter LogFile to value "logs/N=16_layers=2_presolve_off/N=16/seed=41/n_qaoa_layers=2/precond_pen=0.800.log"
Set parameter MIPGap to value 1e-06
Set parameter Threads to value 8
Set parameter Presolve to value 0
Gurobi Optimizer version 13.0.0 build v13.0.0rc1 (linux64 - "Oracle Linux Server 9.7")

CPU model: AMD EPYC 7643 48-Core Processor, instruction set [SSE2|AVX|AVX2]
Thread count: 48 physical cores, 96 logical processors, using up to 8 threads

Non-default parameters:
MIPGap  1e-06
Presolve  0
Threads  8

Optimize a model with 1 rows, 16 columns and 16 nonzeros (Min)
Model fingerprint: 0x7d2b6bd2
Model has 16 linear objective coefficients and an objective constant of 6.4695960090049995e+00
Model has 120 quadratic objective terms
Variable types: 0 continuous, 16 integer (16 binary)
Coefficient statistics:
  Matrix range     [1e+00, 1e+00]
  Objective range  [1e+00, 2e+00]
  QObjective range [3e-02, 2e+00]
  Bounds range     [1e+00, 1e+00]
  RHS range        [8e+00, 8e+00]
Found heuristic solution: objective -0.5744966
Variable types: 0 continuous, 136 integer (136 binary)

Root relaxation: objective -1.062488e+01, 23 iterations, 0.00 seconds (0.00 work units)

    Nodes    |    Current Node    |     Objective Bounds      |     Work
 Expl Unexpl |  Obj  Depth IntInf | Incumbent    BestBd   Gap | It/Node Time

     0     0  -10.62488    0   16   -0.57450  -10.62488  1749%     -    0s
H    0     0                      -1.0643545  -10.62488   898%     -    0s
H    0     0                      -1.1911953  -10.62488   792%     -    0s
H    0     0                      -2.0904120  -10.62488   408%     -    0s
H    0     0                      -4.1567817  -10.62488   156%     -    0s
H    0     0                      -4.6965671   -7.49567  59.6%     -    0s
     0     0   -5.03835    0   61   -4.69657   -5.03835  7.28%     -    0s

Cutting planes:
  Gomory: 13
  MIR: 160
  StrongCG: 21
  Flow cover: 12
  Zero half: 18
  RLT: 28
  BQP: 146

Explored 1 nodes (267 simplex iterations) in 0.04 seconds (0.03 work units)
Thread count was 8 (of 96 available processors)

Solution count 6: -4.69657 -4.15678 -2.09041 ... -0.574497
No other solutions better than -4.69657

Optimal solution found (tolerance 1.00e-06)
Best objective -4.696567123809e+00, best bound -4.696567123809e+00, gap 0.0000%

User-callback calls 81, time in user-callback 0.00 sec
