
Gurobi 13.0.0 (linux64) logging started Sun May  3 10:58:54 2026

Set parameter LogFile to value "logs/N=16_layers=2_presolve_off/N=16/seed=48/quantum_layers=2/baseline.log"
Set parameter MIPGap to value 1e-06
Set parameter Threads to value 8
Set parameter Presolve to value 0
Gurobi Optimizer version 13.0.0 build v13.0.0rc1 (linux64 - "Oracle Linux Server 9.7")

CPU model: AMD EPYC 7643 48-Core Processor, instruction set [SSE2|AVX|AVX2]
Thread count: 48 physical cores, 96 logical processors, using up to 8 threads

Non-default parameters:
MIPGap  1e-06
Presolve  0
Threads  8

Optimize a model with 1 rows, 16 columns and 16 nonzeros (Min)
Model fingerprint: 0xb36097c7
Model has 16 linear objective coefficients and an objective constant of 1.9699103459558387e-12
Model has 120 quadratic objective terms
Variable types: 0 continuous, 16 integer (16 binary)
Coefficient statistics:
  Matrix range     [1e+00, 1e+00]
  Objective range  [1e+01, 2e+01]
  QObjective range [9e-02, 8e+00]
  Bounds range     [1e+00, 1e+00]
  RHS range        [8e+00, 8e+00]
Found heuristic solution: objective 61.5563657
Variable types: 0 continuous, 136 integer (136 binary)

Root relaxation: objective 1.966358e-12, 12 iterations, 0.00 seconds (0.00 work units)

    Nodes    |    Current Node    |     Objective Bounds      |     Work
 Expl Unexpl |  Obj  Depth IntInf | Incumbent    BestBd   Gap | It/Node Time

     0     0    0.00000    0   16   61.55637    0.00000   100%     -    0s
H    0     0                      61.0009395    0.00000   100%     -    0s
H    0     0                      57.9099802    0.00000   100%     -    0s
H    0     0                      53.3521612    0.00000   100%     -    0s
H    0     0                      52.8357342    0.00000   100%     -    0s
     0     0   22.93029    0   19   52.83573   22.93029  56.6%     -    0s
     0     0   25.44280    0   22   52.83573   25.44280  51.8%     -    0s
     0     0   30.30711    0   44   52.83573   30.30711  42.6%     -    0s
     0     0   30.30711    0   44   52.83573   30.30711  42.6%     -    0s
     0     2   30.30711    0   44   52.83573   30.30711  42.6%     -    0s

Cutting planes:
  Gomory: 4
  Cover: 1
  MIR: 26
  RLT: 13

Explored 743 nodes (16752 simplex iterations) in 0.10 seconds (0.10 work units)
Thread count was 8 (of 96 available processors)

Solution count 5: 52.8357 53.3522 57.91 ... 61.5564

Optimal solution found (tolerance 1.00e-06)
Best objective 5.283573420341e+01, best bound 5.283573420341e+01, gap 0.0000%

User-callback calls 1604, time in user-callback 0.00 sec
