
Gurobi 13.0.0 (linux64) logging started Sun May  3 10:58:54 2026

Set parameter LogFile to value "logs/N=16_layers=2_presolve_off/N=16/seed=48/quantum_layers=2/precond_pen=0.400.log"
Set parameter MIPGap to value 1e-06
Set parameter Threads to value 8
Set parameter Presolve to value 0
Gurobi Optimizer version 13.0.0 build v13.0.0rc1 (linux64 - "Oracle Linux Server 9.7")

CPU model: AMD EPYC 7643 48-Core Processor, instruction set [SSE2|AVX|AVX2]
Thread count: 48 physical cores, 96 logical processors, using up to 8 threads

Non-default parameters:
MIPGap  1e-06
Presolve  0
Threads  8

Optimize a model with 1 rows, 16 columns and 16 nonzeros (Min)
Model fingerprint: 0x48a9e3e7
Model has 16 linear objective coefficients and an objective constant of 5.679436791887
Model has 120 quadratic objective terms
Variable types: 0 continuous, 16 integer (16 binary)
Coefficient statistics:
  Matrix range     [1e+00, 1e+00]
  Objective range  [9e-01, 2e+00]
  QObjective range [1e-02, 3e+00]
  Bounds range     [1e+00, 1e+00]
  RHS range        [8e+00, 8e+00]
Found heuristic solution: objective -1.7995951
Variable types: 0 continuous, 136 integer (136 binary)

Root relaxation: objective -2.082487e+01, 22 iterations, 0.00 seconds (0.00 work units)

    Nodes    |    Current Node    |     Objective Bounds      |     Work
 Expl Unexpl |  Obj  Depth IntInf | Incumbent    BestBd   Gap | It/Node Time

     0     0  -20.82487    0   16   -1.79960  -20.82487  1057%     -    0s
H    0     0                      -2.0862117  -20.82487   898%     -    0s
H    0     0                      -3.0646177  -20.82487   580%     -    0s
H    0     0                     -11.0295257  -20.82487  88.8%     -    0s
     0     0  -11.02953    0   59  -11.02953  -11.02953  0.00%     -    0s

Cutting planes:
  Gomory: 1
  MIR: 40
  Zero half: 36
  RLT: 34
  BQP: 157

Explored 1 nodes (239 simplex iterations) in 0.01 seconds (0.01 work units)
Thread count was 8 (of 96 available processors)

Solution count 4: -11.0295 -3.06462 -2.08621 -1.7996 
No other solutions better than -11.0295

Optimal solution found (tolerance 1.00e-06)
Best objective -1.102952570664e+01, best bound -1.102952570664e+01, gap 0.0000%

User-callback calls 70, time in user-callback 0.00 sec
