
Gurobi 13.0.0 (linux64) logging started Sun May  3 10:58:54 2026

Set parameter LogFile to value "logs/N=16_layers=2_presolve_off/N=16/seed=48/quantum_layers=2/precond_pen=1.000.log"
Set parameter MIPGap to value 1e-06
Set parameter Threads to value 8
Set parameter Presolve to value 0
Gurobi Optimizer version 13.0.0 build v13.0.0rc1 (linux64 - "Oracle Linux Server 9.7")

CPU model: AMD EPYC 7643 48-Core Processor, instruction set [SSE2|AVX|AVX2]
Thread count: 48 physical cores, 96 logical processors, using up to 8 threads

Non-default parameters:
MIPGap  1e-06
Presolve  0
Threads  8

Optimize a model with 1 rows, 16 columns and 16 nonzeros (Min)
Model fingerprint: 0x940d80b0
Model has 16 linear objective coefficients and an objective constant of 7.2993902741119978e+00
Model has 120 quadratic objective terms
Variable types: 0 continuous, 16 integer (16 binary)
Coefficient statistics:
  Matrix range     [1e+00, 1e+00]
  Objective range  [2e+00, 2e+00]
  QObjective range [1e-02, 1e+00]
  Bounds range     [1e+00, 1e+00]
  RHS range        [8e+00, 8e+00]
Found heuristic solution: objective -0.7771468
Variable types: 0 continuous, 136 integer (136 binary)

Root relaxation: objective -7.413385e+00, 41 iterations, 0.00 seconds (0.00 work units)

    Nodes    |    Current Node    |     Objective Bounds      |     Work
 Expl Unexpl |  Obj  Depth IntInf | Incumbent    BestBd   Gap | It/Node Time

     0     0   -7.41339    0   16   -0.77715   -7.41339   854%     -    0s
H    0     0                      -1.1786875   -7.41339   529%     -    0s
H    0     0                      -1.3215416   -7.41339   461%     -    0s
H    0     0                      -2.0449626   -7.41339   263%     -    0s
H    0     0                      -2.0999000   -7.41339   253%     -    0s
     0     0   -2.31953    0  117   -2.09990   -2.31953  10.5%     -    0s

Cutting planes:
  Gomory: 7
  MIR: 72
  Zero half: 19
  RLT: 35
  BQP: 245

Explored 1 nodes (616 simplex iterations) in 0.07 seconds (0.05 work units)
Thread count was 8 (of 96 available processors)

Solution count 5: -2.0999 -2.04496 -1.32154 ... -0.777147
No other solutions better than -2.0999

Optimal solution found (tolerance 1.00e-06)
Best objective -2.099899986948e+00, best bound -2.099899986948e+00, gap 0.0000%

User-callback calls 82, time in user-callback 0.00 sec
