
Gurobi 13.0.0 (linux64) logging started Tue Mar 31 15:06:55 2026

Set parameter LogFile to value "logs/N=12_layers=3_presolve_off/N=12/seed=8/n_qaoa_layers=3/precond_pen=0.200.log"
Set parameter MIPGap to value 1e-06
Set parameter Threads to value 8
Set parameter Presolve to value 0
Gurobi Optimizer version 13.0.0 build v13.0.0rc1 (linux64 - "Oracle Linux Server 9.7")

CPU model: AMD EPYC 7643 48-Core Processor, instruction set [SSE2|AVX|AVX2]
Thread count: 48 physical cores, 96 logical processors, using up to 8 threads

Non-default parameters:
MIPGap  1e-06
Presolve  0
Threads  8

Optimize a model with 1 rows, 12 columns and 12 nonzeros (Min)
Model fingerprint: 0xd920130d
Model has 12 linear objective coefficients and an objective constant of -2.2542363467690008e+00
Model has 66 quadratic objective terms
Variable types: 0 continuous, 12 integer (12 binary)
Coefficient statistics:
  Matrix range     [1e+00, 1e+00]
  Objective range  [2e-02, 4e+00]
  QObjective range [1e-02, 7e+00]
  Bounds range     [1e+00, 1e+00]
  RHS range        [6e+00, 6e+00]
Found heuristic solution: objective 0.2672448
Variable types: 0 continuous, 78 integer (78 binary)

Root relaxation: objective -1.799686e+01, 12 iterations, 0.00 seconds (0.00 work units)

    Nodes    |    Current Node    |     Objective Bounds      |     Work
 Expl Unexpl |  Obj  Depth IntInf | Incumbent    BestBd   Gap | It/Node Time

     0     0  -17.99686    0   12    0.26724  -17.99686  6834%     -    0s
H    0     0                      -7.1085755  -17.99686   153%     -    0s
H    0     0                     -10.5456914  -17.99686  70.7%     -    0s
     0     0  -10.54569    0   36  -10.54569  -10.54569  0.00%     -    0s

Cutting planes:
  Gomory: 1
  MIR: 16
  Zero half: 15
  RLT: 18
  BQP: 39

Explored 1 nodes (79 simplex iterations) in 0.01 seconds (0.00 work units)
Thread count was 8 (of 96 available processors)

Solution count 3: -10.5457 -7.10858 0.267245 
No other solutions better than -10.5457

Optimal solution found (tolerance 1.00e-06)
Best objective -1.054569137897e+01, best bound -1.054569137897e+01, gap 0.0000%

User-callback calls 66, time in user-callback 0.00 sec

Gurobi 13.0.0 (linux64) logging started Tue Mar 31 15:10:54 2026

Set parameter LogFile to value "logs/N=12_layers=3_presolve_off/N=12/seed=8/n_qaoa_layers=3/precond_pen=0.200.log"
Set parameter MIPGap to value 1e-06
Set parameter Threads to value 8
Set parameter Presolve to value 0
Gurobi Optimizer version 13.0.0 build v13.0.0rc1 (linux64 - "Oracle Linux Server 9.7")

CPU model: AMD EPYC 7643 48-Core Processor, instruction set [SSE2|AVX|AVX2]
Thread count: 48 physical cores, 96 logical processors, using up to 8 threads

Non-default parameters:
MIPGap  1e-06
Presolve  0
Threads  8

Optimize a model with 1 rows, 12 columns and 12 nonzeros (Min)
Model fingerprint: 0xd920130d
Model has 12 linear objective coefficients and an objective constant of -2.2542363467690008e+00
Model has 66 quadratic objective terms
Variable types: 0 continuous, 12 integer (12 binary)
Coefficient statistics:
  Matrix range     [1e+00, 1e+00]
  Objective range  [2e-02, 4e+00]
  QObjective range [1e-02, 7e+00]
  Bounds range     [1e+00, 1e+00]
  RHS range        [6e+00, 6e+00]
Found heuristic solution: objective 0.2672448
Variable types: 0 continuous, 78 integer (78 binary)

Root relaxation: objective -1.799686e+01, 12 iterations, 0.00 seconds (0.00 work units)

    Nodes    |    Current Node    |     Objective Bounds      |     Work
 Expl Unexpl |  Obj  Depth IntInf | Incumbent    BestBd   Gap | It/Node Time

     0     0  -17.99686    0   12    0.26724  -17.99686  6834%     -    0s
H    0     0                      -7.1085755  -17.99686   153%     -    0s
H    0     0                     -10.5456914  -17.99686  70.7%     -    0s
     0     0  -10.54569    0   36  -10.54569  -10.54569  0.00%     -    0s

Cutting planes:
  Gomory: 1
  MIR: 16
  Zero half: 15
  RLT: 18
  BQP: 39

Explored 1 nodes (79 simplex iterations) in 0.01 seconds (0.00 work units)
Thread count was 8 (of 96 available processors)

Solution count 3: -10.5457 -7.10858 0.267245 
No other solutions better than -10.5457

Optimal solution found (tolerance 1.00e-06)
Best objective -1.054569137897e+01, best bound -1.054569137897e+01, gap 0.0000%

User-callback calls 66, time in user-callback 0.00 sec
