
Gurobi 13.0.0 (linux64) logging started Sun May  3 11:08:54 2026

Set parameter LogFile to value "logs/N=12_layers=3_presolve_on/N=12/seed=41/quantum_layers=3/precond_pen=0.200.log"
Set parameter MIPGap to value 1e-06
Set parameter Threads to value 8
Gurobi Optimizer version 13.0.0 build v13.0.0rc1 (linux64 - "Oracle Linux Server 9.7")

CPU model: AMD EPYC 7643 48-Core Processor, instruction set [SSE2|AVX|AVX2]
Thread count: 48 physical cores, 96 logical processors, using up to 8 threads

Non-default parameters:
MIPGap  1e-06
Threads  8

Optimize a model with 1 rows, 12 columns and 12 nonzeros (Min)
Model fingerprint: 0x753d359a
Model has 12 linear objective coefficients and an objective constant of -2.6418683068738986e+01
Model has 66 quadratic objective terms
Variable types: 0 continuous, 12 integer (12 binary)
Coefficient statistics:
  Matrix range     [1e+00, 1e+00]
  Objective range  [1e+00, 1e+01]
  QObjective range [7e-02, 6e+00]
  Bounds range     [1e+00, 1e+00]
  RHS range        [6e+00, 6e+00]
Found heuristic solution: objective 1.8594247
Presolve time: 0.00s
Presolved: 67 rows, 78 columns, 210 nonzeros
Variable types: 0 continuous, 78 integer (78 binary)

Root relaxation: objective -2.902061e+01, 7 iterations, 0.00 seconds (0.00 work units)

    Nodes    |    Current Node    |     Objective Bounds      |     Work
 Expl Unexpl |  Obj  Depth IntInf | Incumbent    BestBd   Gap | It/Node Time

     0     0  -29.02061    0   12    1.85942  -29.02061  1661%     -    0s
H    0     0                       1.4780892  -29.02061  2063%     -    0s
H    0     0                      -3.7118144  -29.02061   682%     -    0s
     0     0  -10.80067    0   30   -3.71181  -10.80067   191%     -    0s
     0     0   -6.55782    0   35   -3.71181   -6.55782  76.7%     -    0s
     0     0   -6.49708    0   35   -3.71181   -6.49708  75.0%     -    0s
     0     2   -6.42281    0   35   -3.71181   -6.42281  73.0%     -    0s

Cutting planes:
  Gomory: 2
  Dual implied bound: 13
  MIR: 6
  RLT: 16
  BQP: 3

Explored 13 nodes (416 simplex iterations) in 0.02 seconds (0.01 work units)
Thread count was 8 (of 96 available processors)

Solution count 3: -3.71181 1.47809 1.85942 
No other solutions better than -3.71181

Optimal solution found (tolerance 1.00e-06)
Best objective -3.711814417443e+00, best bound -3.711814417443e+00, gap 0.0000%

User-callback calls 204, time in user-callback 0.00 sec
