
Gurobi 13.0.0 (linux64) logging started Sun May  3 11:04:18 2026

Set parameter LogFile to value "logs/N=12_layers=1_presolve_on/N=12/seed=11/quantum_layers=1/precond_pen=0.600.log"
Set parameter MIPGap to value 1e-06
Set parameter Threads to value 8
Gurobi Optimizer version 13.0.0 build v13.0.0rc1 (linux64 - "Oracle Linux Server 9.7")

CPU model: AMD EPYC 7643 48-Core Processor, instruction set [SSE2|AVX|AVX2]
Thread count: 48 physical cores, 96 logical processors, using up to 8 threads

Non-default parameters:
MIPGap  1e-06
Threads  8

Optimize a model with 1 rows, 12 columns and 12 nonzeros (Min)
Model fingerprint: 0xd52f7a19
Model has 12 linear objective coefficients and an objective constant of 4.8307044979370017e+00
Model has 66 quadratic objective terms
Variable types: 0 continuous, 12 integer (12 binary)
Coefficient statistics:
  Matrix range     [1e+00, 1e+00]
  Objective range  [1e+00, 2e+00]
  QObjective range [2e-02, 1e+00]
  Bounds range     [1e+00, 1e+00]
  RHS range        [6e+00, 6e+00]
Found heuristic solution: objective 0.2531638
Presolve time: 0.00s
Presolved: 67 rows, 78 columns, 210 nonzeros
Variable types: 0 continuous, 78 integer (78 binary)

Root relaxation: objective -5.071839e+00, 21 iterations, 0.00 seconds (0.00 work units)

    Nodes    |    Current Node    |     Objective Bounds      |     Work
 Expl Unexpl |  Obj  Depth IntInf | Incumbent    BestBd   Gap | It/Node Time

     0     0   -5.07184    0   12    0.25316   -5.07184  2103%     -    0s
H    0     0                      -0.6668911   -5.07184   661%     -    0s
H    0     0                      -0.7577964   -5.07184   569%     -    0s
H    0     0                      -0.8977264   -5.07184   465%     -    0s
H    0     0                      -1.5142736   -5.07184   235%     -    0s
     0     0   -1.64473    0   60   -1.51427   -1.64473  8.62%     -    0s

Cutting planes:
  Gomory: 10
  Dual implied bound: 2
  MIR: 20
  Zero half: 5
  RLT: 19
  BQP: 68

Explored 1 nodes (184 simplex iterations) in 0.02 seconds (0.01 work units)
Thread count was 8 (of 96 available processors)

Solution count 5: -1.51427 -0.897726 -0.757796 ... 0.253164
No other solutions better than -1.51427

Optimal solution found (tolerance 1.00e-06)
Best objective -1.514273557891e+00, best bound -1.514273557891e+00, gap 0.0000%

User-callback calls 171, time in user-callback 0.00 sec
