
Gurobi 13.0.0 (linux64) logging started Sun May  3 10:54:32 2026

Set parameter LogFile to value "logs/N=16_layers=1_presolve_off/N=16/seed=40/quantum_layers=1/precond_pen=0.400.log"
Set parameter MIPGap to value 1e-06
Set parameter Threads to value 8
Set parameter Presolve to value 0
Gurobi Optimizer version 13.0.0 build v13.0.0rc1 (linux64 - "Oracle Linux Server 9.7")

CPU model: AMD EPYC 7643 48-Core Processor, instruction set [SSE2|AVX|AVX2]
Thread count: 48 physical cores, 96 logical processors, using up to 8 threads

Non-default parameters:
MIPGap  1e-06
Presolve  0
Threads  8

Optimize a model with 1 rows, 16 columns and 16 nonzeros (Min)
Model fingerprint: 0x6a95cea7
Model has 16 linear objective coefficients and an objective constant of 5.8241884901380008e+00
Model has 120 quadratic objective terms
Variable types: 0 continuous, 16 integer (16 binary)
Coefficient statistics:
  Matrix range     [1e+00, 1e+00]
  Objective range  [6e-01, 2e+00]
  QObjective range [1e-02, 2e+00]
  Bounds range     [1e+00, 1e+00]
  RHS range        [8e+00, 8e+00]
Found heuristic solution: objective -1.5253036
Variable types: 0 continuous, 136 integer (136 binary)

Root relaxation: objective -9.896241e+00, 31 iterations, 0.00 seconds (0.00 work units)

    Nodes    |    Current Node    |     Objective Bounds      |     Work
 Expl Unexpl |  Obj  Depth IntInf | Incumbent    BestBd   Gap | It/Node Time

     0     0   -9.89624    0   16   -1.52530   -9.89624   549%     -    0s
H    0     0                      -4.0317858   -9.89624   145%     -    0s
H    0     0                      -4.3156779   -9.89624   129%     -    0s
H    0     0                      -4.3315907   -4.71753  8.91%     -    0s
H    0     0                      -4.6216745   -4.71753  2.07%     -    0s
     0     0   -4.71753    0   82   -4.62167   -4.71753  2.07%     -    0s
     0     0     cutoff    0        -4.62167   -4.62167  0.00%     -    0s

Cutting planes:
  Gomory: 2
  MIR: 50
  Zero half: 29
  RLT: 34
  BQP: 203

Explored 1 nodes (322 simplex iterations) in 0.02 seconds (0.01 work units)
Thread count was 8 (of 96 available processors)

Solution count 5: -4.62167 -4.33159 -4.31568 ... -1.5253
No other solutions better than -4.62167

Optimal solution found (tolerance 1.00e-06)
Best objective -4.621674487290e+00, best bound -4.621674487290e+00, gap 0.0000%

User-callback calls 73, time in user-callback 0.00 sec
