
Gurobi 13.0.0 (linux64) logging started Sun Mar 22 16:50:37 2026

Set parameter LogFile to value "logs/N=12_presolve_on/N=12/seed=19/n_qaoa_layers=1/precond_pen=0.200.log"
Set parameter MIPGap to value 1e-06
Set parameter Threads to value 8
Gurobi Optimizer version 13.0.0 build v13.0.0rc1 (linux64 - "Oracle Linux Server 9.7")

CPU model: AMD EPYC 7643 48-Core Processor, instruction set [SSE2|AVX|AVX2]
Thread count: 48 physical cores, 96 logical processors, using up to 8 threads

Non-default parameters:
MIPGap  1e-06
Threads  8

Optimize a model with 1 rows, 12 columns and 12 nonzeros (Min)
Model fingerprint: 0x2c8dbc98
Model has 12 linear objective coefficients and an objective constant of -4.4803960764219992e+00
Model has 66 quadratic objective terms
Variable types: 0 continuous, 12 integer (12 binary)
Coefficient statistics:
  Matrix range     [1e+00, 1e+00]
  Objective range  [2e-01, 3e+00]
  QObjective range [8e-03, 4e+00]
  Bounds range     [1e+00, 1e+00]
  RHS range        [6e+00, 6e+00]
Found heuristic solution: objective 2.1897064
Presolve time: 0.00s
Presolved: 67 rows, 78 columns, 210 nonzeros
Variable types: 0 continuous, 78 integer (78 binary)

Root relaxation: objective -1.096481e+01, 10 iterations, 0.00 seconds (0.00 work units)

    Nodes    |    Current Node    |     Objective Bounds      |     Work
 Expl Unexpl |  Obj  Depth IntInf | Incumbent    BestBd   Gap | It/Node Time

     0     0  -10.96481    0   12    2.18971  -10.96481   601%     -    0s
H    0     0                       0.9515985  -10.96481  1252%     -    0s
H    0     0                      -0.3018079  -10.96481  3533%     -    0s
H    0     0                      -0.5977066  -10.96481  1734%     -    0s
H    0     0                      -3.2190549  -10.96481   241%     -    0s
H    0     0                      -4.6665703  -10.96481   135%     -    0s
     0     0   -5.07557    0   40   -4.66657   -5.07557  8.76%     -    0s

Cutting planes:
  Gomory: 7
  Cover: 1
  Dual implied bound: 1
  MIR: 43
  Flow cover: 3
  Zero half: 8
  RLT: 16
  BQP: 34

Explored 1 nodes (93 simplex iterations) in 0.01 seconds (0.01 work units)
Thread count was 8 (of 96 available processors)

Solution count 6: -4.66657 -3.21905 -0.597707 ... 2.18971
No other solutions better than -4.66657

Optimal solution found (tolerance 1.00e-06)
Best objective -4.666570347042e+00, best bound -4.666570347042e+00, gap 0.0000%

User-callback calls 173, time in user-callback 0.00 sec
