
Gurobi 13.0.0 (linux64) logging started Sun Mar 22 16:50:35 2026

Set parameter LogFile to value "logs/N=12_presolve_on/N=12/seed=4/n_qaoa_layers=1/baseline.log"
Set parameter MIPGap to value 1e-06
Set parameter Threads to value 8
Gurobi Optimizer version 13.0.0 build v13.0.0rc1 (linux64 - "Oracle Linux Server 9.7")

CPU model: AMD EPYC 7643 48-Core Processor, instruction set [SSE2|AVX|AVX2]
Thread count: 48 physical cores, 96 logical processors, using up to 8 threads

Non-default parameters:
MIPGap  1e-06
Threads  8

Optimize a model with 1 rows, 12 columns and 12 nonzeros (Min)
Model fingerprint: 0x0381e021
Model has 12 linear objective coefficients and an objective constant of 1.9941825968317062e-12
Model has 66 quadratic objective terms
Variable types: 0 continuous, 12 integer (12 binary)
Coefficient statistics:
  Matrix range     [1e+00, 1e+00]
  Objective range  [1e+01, 1e+01]
  QObjective range [3e-01, 8e+00]
  Bounds range     [1e+00, 1e+00]
  RHS range        [6e+00, 6e+00]
Found heuristic solution: objective 40.7866441
Presolve time: 0.00s
Presolved: 67 rows, 78 columns, 210 nonzeros
Variable types: 0 continuous, 78 integer (78 binary)

Root relaxation: objective 1.989742e-12, 7 iterations, 0.00 seconds (0.00 work units)

    Nodes    |    Current Node    |     Objective Bounds      |     Work
 Expl Unexpl |  Obj  Depth IntInf | Incumbent    BestBd   Gap | It/Node Time

     0     0    0.00000    0   12   40.78664    0.00000   100%     -    0s
H    0     0                      40.4716487    0.00000   100%     -    0s
H    0     0                      37.4504490    0.00000   100%     -    0s
H    0     0                      34.9022818    0.00000   100%     -    0s
     0     0   20.74084    0   20   34.90228   20.74084  40.6%     -    0s
     0     0   21.48186    0   20   34.90228   21.48186  38.5%     -    0s
     0     0   28.37113    0   43   34.90228   28.37113  18.7%     -    0s
     0     0   28.42205    0   43   34.90228   28.42205  18.6%     -    0s
     0     2   28.42205    0   43   34.90228   28.42205  18.6%     -    0s

Cutting planes:
  Gomory: 3
  Dual implied bound: 11
  MIR: 9
  RLT: 10

Explored 41 nodes (780 simplex iterations) in 0.03 seconds (0.02 work units)
Thread count was 8 (of 96 available processors)

Solution count 4: 34.9023 37.4504 40.4716 40.7866 

Optimal solution found (tolerance 1.00e-06)
Best objective 3.490228182833e+01, best bound 3.490228182833e+01, gap 0.0000%

User-callback calls 266, time in user-callback 0.00 sec
