
Gurobi 13.0.0 (linux64) logging started Sun May  3 10:58:39 2026

Set parameter LogFile to value "logs/N=16_layers=2_presolve_on/N=16/seed=46/quantum_layers=2/precond_pen=0.400.log"
Set parameter MIPGap to value 1e-06
Set parameter Threads to value 8
Gurobi Optimizer version 13.0.0 build v13.0.0rc1 (linux64 - "Oracle Linux Server 9.7")

CPU model: AMD EPYC 7643 48-Core Processor, instruction set [SSE2|AVX|AVX2]
Thread count: 48 physical cores, 96 logical processors, using up to 8 threads

Non-default parameters:
MIPGap  1e-06
Threads  8

Optimize a model with 1 rows, 16 columns and 16 nonzeros (Min)
Model fingerprint: 0xc4dcd7b4
Model has 16 linear objective coefficients and an objective constant of 5.8051570903319965e+00
Model has 120 quadratic objective terms
Variable types: 0 continuous, 16 integer (16 binary)
Coefficient statistics:
  Matrix range     [1e+00, 1e+00]
  Objective range  [9e-01, 2e+00]
  QObjective range [2e-03, 3e+00]
  Bounds range     [1e+00, 1e+00]
  RHS range        [8e+00, 8e+00]
Found heuristic solution: objective 0.5430585
Presolve time: 0.00s
Presolved: 121 rows, 136 columns, 376 nonzeros
Variable types: 0 continuous, 136 integer (136 binary)

Root relaxation: objective -1.889696e+01, 38 iterations, 0.00 seconds (0.00 work units)

    Nodes    |    Current Node    |     Objective Bounds      |     Work
 Expl Unexpl |  Obj  Depth IntInf | Incumbent    BestBd   Gap | It/Node Time

     0     0  -18.89696    0   16    0.54306  -18.89696  3580%     -    0s
H    0     0                      -0.4250092  -18.89696  4346%     -    0s
H    0     0                      -1.1306653  -18.89696  1571%     -    0s
H    0     0                      -8.8996150  -18.89696   112%     -    0s
     0     0  -10.09726    0   61   -8.89962  -10.09726  13.5%     -    0s
H    0     0                      -9.6614629  -10.09726  4.51%     -    0s

Cutting planes:
  Gomory: 12
  MIR: 113
  StrongCG: 16
  Flow cover: 4
  Zero half: 16
  RLT: 22
  BQP: 117

Explored 1 nodes (265 simplex iterations) in 0.03 seconds (0.02 work units)
Thread count was 8 (of 96 available processors)

Solution count 5: -9.66146 -8.89962 -1.13067 ... 0.543059
No other solutions better than -9.66146

Optimal solution found (tolerance 1.00e-06)
Best objective -9.661462852250e+00, best bound -9.661462852250e+00, gap 0.0000%

User-callback calls 174, time in user-callback 0.00 sec
