
Gurobi 13.0.0 (linux64) logging started Sun May  3 10:58:39 2026

Set parameter LogFile to value "logs/N=16_layers=2_presolve_on/N=16/seed=46/quantum_layers=2/precond_pen=0.500.log"
Set parameter MIPGap to value 1e-06
Set parameter Threads to value 8
Gurobi Optimizer version 13.0.0 build v13.0.0rc1 (linux64 - "Oracle Linux Server 9.7")

CPU model: AMD EPYC 7643 48-Core Processor, instruction set [SSE2|AVX|AVX2]
Thread count: 48 physical cores, 96 logical processors, using up to 8 threads

Non-default parameters:
MIPGap  1e-06
Threads  8

Optimize a model with 1 rows, 16 columns and 16 nonzeros (Min)
Model fingerprint: 0xccc5fe99
Model has 16 linear objective coefficients and an objective constant of 6.020800926417
Model has 120 quadratic objective terms
Variable types: 0 continuous, 16 integer (16 binary)
Coefficient statistics:
  Matrix range     [1e+00, 1e+00]
  Objective range  [1e+00, 2e+00]
  QObjective range [2e-04, 3e+00]
  Bounds range     [1e+00, 1e+00]
  RHS range        [8e+00, 8e+00]
Found heuristic solution: objective 0.3163423
Presolve time: 0.00s
Presolved: 121 rows, 136 columns, 376 nonzeros
Variable types: 0 continuous, 136 integer (136 binary)

Root relaxation: objective -1.585514e+01, 39 iterations, 0.00 seconds (0.00 work units)

    Nodes    |    Current Node    |     Objective Bounds      |     Work
 Expl Unexpl |  Obj  Depth IntInf | Incumbent    BestBd   Gap | It/Node Time

     0     0  -15.85514    0   16    0.31634  -15.85514  5112%     -    0s
H    0     0                      -0.1464009  -15.85514      -     -    0s
H    0     0                      -1.1555190  -15.85514  1272%     -    0s
H    0     0                      -7.1326050  -15.85514   122%     -    0s
     0     0   -8.01477    0   98   -7.13260   -8.01477  12.4%     -    0s
H    0     0                      -7.6824708   -8.01477  4.33%     -    0s

Cutting planes:
  Gomory: 18
  MIR: 42
  Flow cover: 2
  Zero half: 15
  RLT: 16
  BQP: 76

Explored 1 nodes (253 simplex iterations) in 0.02 seconds (0.02 work units)
Thread count was 8 (of 96 available processors)

Solution count 5: -7.68247 -7.1326 -1.15552 ... 0.316342
No other solutions better than -7.68247

Optimal solution found (tolerance 1.00e-06)
Best objective -7.682470849273e+00, best bound -7.682470849273e+00, gap 0.0000%

User-callback calls 172, time in user-callback 0.00 sec
