
Gurobi 13.0.0 (linux64) logging started Tue Mar 31 15:05:21 2026

Set parameter LogFile to value "logs/N=12_layers=2_presolve_off/N=12/seed=46/n_qaoa_layers=2/precond_pen=0.400.log"
Set parameter MIPGap to value 1e-06
Set parameter Threads to value 8
Set parameter Presolve to value 0
Gurobi Optimizer version 13.0.0 build v13.0.0rc1 (linux64 - "Oracle Linux Server 9.7")

CPU model: AMD EPYC 7643 48-Core Processor, instruction set [SSE2|AVX|AVX2]
Thread count: 48 physical cores, 96 logical processors, using up to 8 threads

Non-default parameters:
MIPGap  1e-06
Presolve  0
Threads  8

Optimize a model with 1 rows, 12 columns and 12 nonzeros (Min)
Model fingerprint: 0xf18f0f11
Model has 12 linear objective coefficients and an objective constant of 3.8867812533090014e+00
Model has 66 quadratic objective terms
Variable types: 0 continuous, 12 integer (12 binary)
Coefficient statistics:
  Matrix range     [1e+00, 1e+00]
  Objective range  [4e-01, 3e+00]
  QObjective range [9e-03, 5e+00]
  Bounds range     [1e+00, 1e+00]
  RHS range        [6e+00, 6e+00]
Found heuristic solution: objective -1.3449938
Variable types: 0 continuous, 78 integer (78 binary)

Root relaxation: objective -1.359210e+01, 14 iterations, 0.00 seconds (0.00 work units)

    Nodes    |    Current Node    |     Objective Bounds      |     Work
 Expl Unexpl |  Obj  Depth IntInf | Incumbent    BestBd   Gap | It/Node Time

     0     0  -13.59210    0   12   -1.34499  -13.59210   911%     -    0s
H    0     0                      -6.2953094  -13.59210   116%     -    0s
H    0     0                      -8.5027745  -13.59210  59.9%     -    0s

Cutting planes:
  MIR: 26
  Zero half: 8
  RLT: 12
  BQP: 51

Explored 1 nodes (14 simplex iterations) in 0.01 seconds (0.00 work units)
Thread count was 8 (of 96 available processors)

Solution count 3: -8.50277 -6.29531 -1.34499 
No other solutions better than -8.50277

Optimal solution found (tolerance 1.00e-06)
Best objective -8.502774468119e+00, best bound -8.502774468119e+00, gap 0.0000%

User-callback calls 62, time in user-callback 0.00 sec
