
Gurobi 13.0.0 (linux64) logging started Tue Mar 31 15:05:21 2026

Set parameter LogFile to value "logs/N=12_layers=2_presolve_off/N=12/seed=46/n_qaoa_layers=2/precond_pen=0.500.log"
Set parameter MIPGap to value 1e-06
Set parameter Threads to value 8
Set parameter Presolve to value 0
Gurobi Optimizer version 13.0.0 build v13.0.0rc1 (linux64 - "Oracle Linux Server 9.7")

CPU model: AMD EPYC 7643 48-Core Processor, instruction set [SSE2|AVX|AVX2]
Thread count: 48 physical cores, 96 logical processors, using up to 8 threads

Non-default parameters:
MIPGap  1e-06
Presolve  0
Threads  8

Optimize a model with 1 rows, 12 columns and 12 nonzeros (Min)
Model fingerprint: 0xa1bf8adc
Model has 12 linear objective coefficients and an objective constant of 4.187667333097
Model has 66 quadratic objective terms
Variable types: 0 continuous, 12 integer (12 binary)
Coefficient statistics:
  Matrix range     [1e+00, 1e+00]
  Objective range  [8e-01, 2e+00]
  QObjective range [4e-03, 4e+00]
  Bounds range     [1e+00, 1e+00]
  RHS range        [6e+00, 6e+00]
Found heuristic solution: objective -1.0953914
Variable types: 0 continuous, 78 integer (78 binary)

Root relaxation: objective -1.143763e+01, 13 iterations, 0.00 seconds (0.00 work units)

    Nodes    |    Current Node    |     Objective Bounds      |     Work
 Expl Unexpl |  Obj  Depth IntInf | Incumbent    BestBd   Gap | It/Node Time

     0     0  -11.43763    0   12   -1.09539  -11.43763   944%     -    0s
H    0     0                      -4.2143681  -11.43763   171%     -    0s
H    0     0                      -4.6922224  -11.43763   144%     -    0s
H    0     0                      -6.8279192  -11.43763  67.5%     -    0s

Cutting planes:
  Gomory: 1
  MIR: 23
  Zero half: 12
  RLT: 16
  BQP: 55

Explored 1 nodes (13 simplex iterations) in 0.01 seconds (0.00 work units)
Thread count was 8 (of 96 available processors)

Solution count 4: -6.82792 -4.69222 -4.21437 -1.09539 
No other solutions better than -6.82792

Optimal solution found (tolerance 1.00e-06)
Best objective -6.827919154927e+00, best bound -6.827919154927e+00, gap 0.0000%

User-callback calls 64, time in user-callback 0.00 sec
