
Gurobi 13.0.0 (linux64) logging started Sun Mar 22 16:50:39 2026

Set parameter LogFile to value "logs/N=12_presolve_on/N=12/seed=30/n_qaoa_layers=1/precond_pen=0.500.log"
Set parameter MIPGap to value 1e-06
Set parameter Threads to value 8
Gurobi Optimizer version 13.0.0 build v13.0.0rc1 (linux64 - "Oracle Linux Server 9.7")

CPU model: AMD EPYC 7643 48-Core Processor, instruction set [SSE2|AVX|AVX2]
Thread count: 48 physical cores, 96 logical processors, using up to 8 threads

Non-default parameters:
MIPGap  1e-06
Threads  8

Optimize a model with 1 rows, 12 columns and 12 nonzeros (Min)
Model fingerprint: 0xc24d37c4
Model has 12 linear objective coefficients and an objective constant of 4.5845066126959981e+00
Model has 66 quadratic objective terms
Variable types: 0 continuous, 12 integer (12 binary)
Coefficient statistics:
  Matrix range     [1e+00, 1e+00]
  Objective range  [9e-01, 2e+00]
  QObjective range [5e-03, 2e+00]
  Bounds range     [1e+00, 1e+00]
  RHS range        [6e+00, 6e+00]
Found heuristic solution: objective -0.3479615
Presolve time: 0.00s
Presolved: 67 rows, 78 columns, 210 nonzeros
Variable types: 0 continuous, 78 integer (78 binary)

Root relaxation: objective -5.680189e+00, 24 iterations, 0.00 seconds (0.00 work units)

    Nodes    |    Current Node    |     Objective Bounds      |     Work
 Expl Unexpl |  Obj  Depth IntInf | Incumbent    BestBd   Gap | It/Node Time

     0     0   -5.68019    0   12   -0.34796   -5.68019  1532%     -    0s
H    0     0                      -1.1261536   -5.68019   404%     -    0s
H    0     0                      -2.6518709   -5.68019   114%     -    0s
     0     0   -2.65187    0   38   -2.65187   -2.65187  0.00%     -    0s

Cutting planes:
  Gomory: 1
  MIR: 22
  Zero half: 20
  RLT: 20
  BQP: 76

Explored 1 nodes (109 simplex iterations) in 0.01 seconds (0.00 work units)
Thread count was 8 (of 96 available processors)

Solution count 3: -2.65187 -1.12615 -0.347962 
No other solutions better than -2.65187

Optimal solution found (tolerance 1.00e-06)
Best objective -2.651870903844e+00, best bound -2.651870903844e+00, gap 0.0000%

User-callback calls 162, time in user-callback 0.00 sec
