
Gurobi 13.0.0 (linux64) logging started Sun Mar 22 16:50:39 2026

Set parameter LogFile to value "logs/N=12_presolve_on/N=12/seed=30/n_qaoa_layers=1/precond_pen=0.100.log"
Set parameter MIPGap to value 1e-06
Set parameter Threads to value 8
Gurobi Optimizer version 13.0.0 build v13.0.0rc1 (linux64 - "Oracle Linux Server 9.7")

CPU model: AMD EPYC 7643 48-Core Processor, instruction set [SSE2|AVX|AVX2]
Thread count: 48 physical cores, 96 logical processors, using up to 8 threads

Non-default parameters:
MIPGap  1e-06
Threads  8

Optimize a model with 1 rows, 12 columns and 12 nonzeros (Min)
Model fingerprint: 0xb3bd36ff
Model has 12 linear objective coefficients and an objective constant of -18.140174664128
Model has 66 quadratic objective terms
Variable types: 0 continuous, 12 integer (12 binary)
Coefficient statistics:
  Matrix range     [1e+00, 1e+00]
  Objective range  [4e+00, 8e+00]
  QObjective range [3e-01, 4e+00]
  Bounds range     [1e+00, 1e+00]
  RHS range        [6e+00, 6e+00]
Found heuristic solution: objective 1.9644865
Presolve time: 0.00s
Presolved: 67 rows, 78 columns, 210 nonzeros
Variable types: 0 continuous, 78 integer (78 binary)

Root relaxation: objective -1.814017e+01, 9 iterations, 0.00 seconds (0.00 work units)

    Nodes    |    Current Node    |     Objective Bounds      |     Work
 Expl Unexpl |  Obj  Depth IntInf | Incumbent    BestBd   Gap | It/Node Time

     0     0  -18.14017    0   12    1.96449  -18.14017  1023%     -    0s
H    0     0                       0.1692546  -18.14017      -     -    0s
H    0     0                      -0.1910626  -18.14017  9394%     -    0s
H    0     0                      -1.9576423  -18.14017   827%     -    0s
     0     0   -6.03200    0   22   -1.95764   -6.03200   208%     -    0s
     0     0   -6.00243    0   21   -1.95764   -6.00243   207%     -    0s
     0     0   -3.95032    0   43   -1.95764   -3.95032   102%     -    0s
     0     0   -3.92187    0   43   -1.95764   -3.92187   100%     -    0s
     0     2   -3.80407    0   43   -1.95764   -3.80407  94.3%     -    0s

Cutting planes:
  Gomory: 2
  Dual implied bound: 16
  MIR: 5
  RLT: 9

Explored 15 nodes (435 simplex iterations) in 0.03 seconds (0.02 work units)
Thread count was 8 (of 96 available processors)

Solution count 4: -1.95764 -0.191063 0.169255 1.96449 
No other solutions better than -1.95764

Optimal solution found (tolerance 1.00e-06)
Best objective -1.957642340648e+00, best bound -1.957642340648e+00, gap 0.0000%

User-callback calls 217, time in user-callback 0.00 sec
