
Gurobi 13.0.0 (linux64) logging started Sun May  3 11:08:57 2026

Set parameter LogFile to value "logs/N=12_layers=3_presolve_off/N=12/seed=11/quantum_layers=3/precond_pen=0.200.log"
Set parameter MIPGap to value 1e-06
Set parameter Threads to value 8
Set parameter Presolve to value 0
Gurobi Optimizer version 13.0.0 build v13.0.0rc1 (linux64 - "Oracle Linux Server 9.7")

CPU model: AMD EPYC 7643 48-Core Processor, instruction set [SSE2|AVX|AVX2]
Thread count: 48 physical cores, 96 logical processors, using up to 8 threads

Non-default parameters:
MIPGap  1e-06
Presolve  0
Threads  8

Optimize a model with 1 rows, 12 columns and 12 nonzeros (Min)
Model fingerprint: 0x0607f5cd
Model has 12 linear objective coefficients and an objective constant of -1.905720306238
Model has 66 quadratic objective terms
Variable types: 0 continuous, 12 integer (12 binary)
Coefficient statistics:
  Matrix range     [1e+00, 1e+00]
  Objective range  [1e-01, 3e+00]
  QObjective range [5e-02, 5e+00]
  Bounds range     [1e+00, 1e+00]
  RHS range        [6e+00, 6e+00]
Found heuristic solution: objective 3.1496897
Variable types: 0 continuous, 78 integer (78 binary)

Root relaxation: objective -1.547368e+01, 14 iterations, 0.00 seconds (0.00 work units)

    Nodes    |    Current Node    |     Objective Bounds      |     Work
 Expl Unexpl |  Obj  Depth IntInf | Incumbent    BestBd   Gap | It/Node Time

     0     0  -15.47368    0   12    3.14969  -15.47368   591%     -    0s
H    0     0                      -5.1811943  -15.47368   199%     -    0s
H    0     0                      -5.7680955  -15.47368   168%     -    0s
H    0     0                      -7.6382060  -15.47368   103%     -    0s
     0     0   -9.10255    0   29   -7.63821   -9.10255  19.2%     -    0s

Cutting planes:
  Gomory: 10
  Cover: 1
  MIR: 49
  StrongCG: 3
  Zero half: 12
  RLT: 19
  BQP: 41

Explored 1 nodes (75 simplex iterations) in 0.02 seconds (0.01 work units)
Thread count was 8 (of 96 available processors)

Solution count 4: -7.63821 -5.7681 -5.18119 3.14969 
No other solutions better than -7.63821

Optimal solution found (tolerance 1.00e-06)
Best objective -7.638205965574e+00, best bound -7.638205965574e+00, gap 0.0000%

User-callback calls 73, time in user-callback 0.00 sec
