
Gurobi 13.0.0 (linux64) logging started Sun May  3 11:08:54 2026

Set parameter LogFile to value "logs/N=12_layers=3_presolve_on/N=12/seed=32/quantum_layers=3/precond_pen=0.200.log"
Set parameter MIPGap to value 1e-06
Set parameter Threads to value 8
Gurobi Optimizer version 13.0.0 build v13.0.0rc1 (linux64 - "Oracle Linux Server 9.7")

CPU model: AMD EPYC 7643 48-Core Processor, instruction set [SSE2|AVX|AVX2]
Thread count: 48 physical cores, 96 logical processors, using up to 8 threads

Non-default parameters:
MIPGap  1e-06
Threads  8

Optimize a model with 1 rows, 12 columns and 12 nonzeros (Min)
Model fingerprint: 0x76f9e371
Model has 12 linear objective coefficients and an objective constant of -1.9286832315642997e+01
Model has 66 quadratic objective terms
Variable types: 0 continuous, 12 integer (12 binary)
Coefficient statistics:
  Matrix range     [1e+00, 1e+00]
  Objective range  [3e+00, 1e+01]
  QObjective range [1e-01, 6e+00]
  Bounds range     [1e+00, 1e+00]
  RHS range        [6e+00, 6e+00]
Found heuristic solution: objective 3.0150809
Presolve time: 0.00s
Presolved: 67 rows, 78 columns, 210 nonzeros
Variable types: 0 continuous, 78 integer (78 binary)

Root relaxation: objective -2.982576e+01, 9 iterations, 0.00 seconds (0.00 work units)

    Nodes    |    Current Node    |     Objective Bounds      |     Work
 Expl Unexpl |  Obj  Depth IntInf | Incumbent    BestBd   Gap | It/Node Time

     0     0  -29.82576    0   12    3.01508  -29.82576  1089%     -    0s
H    0     0                       0.4757917  -29.82576  6369%     -    0s
H    0     0                      -2.9787670  -29.82576   901%     -    0s
H    0     0                      -4.5124981  -29.82576   561%     -    0s
     0     0  -15.40470    0   42   -4.51250  -15.40470   241%     -    0s
     0     0   -8.40941    0   44   -4.51250   -8.40941  86.4%     -    0s
     0     0   -8.39959    0   44   -4.51250   -8.39959  86.1%     -    0s
     0     2   -8.39959    0   44   -4.51250   -8.39959  86.1%     -    0s

Cutting planes:
  Gomory: 2
  Cover: 2
  Dual implied bound: 7
  MIR: 3
  RLT: 19
  BQP: 1

Explored 61 nodes (1005 simplex iterations) in 0.03 seconds (0.02 work units)
Thread count was 8 (of 96 available processors)

Solution count 4: -4.5125 -2.97877 0.475792 3.01508 
No other solutions better than -4.5125

Optimal solution found (tolerance 1.00e-06)
Best objective -4.512498149429e+00, best bound -4.512498149429e+00, gap 0.0000%

User-callback calls 308, time in user-callback 0.00 sec
