
Gurobi 13.0.0 (linux64) logging started Sun May  3 11:08:54 2026

Set parameter LogFile to value "logs/N=12_layers=3_presolve_on/N=12/seed=32/quantum_layers=3/precond_pen=0.500.log"
Set parameter MIPGap to value 1e-06
Set parameter Threads to value 8
Gurobi Optimizer version 13.0.0 build v13.0.0rc1 (linux64 - "Oracle Linux Server 9.7")

CPU model: AMD EPYC 7643 48-Core Processor, instruction set [SSE2|AVX|AVX2]
Thread count: 48 physical cores, 96 logical processors, using up to 8 threads

Non-default parameters:
MIPGap  1e-06
Threads  8

Optimize a model with 1 rows, 12 columns and 12 nonzeros (Min)
Model fingerprint: 0x85921934
Model has 12 linear objective coefficients and an objective constant of 4.4812186641870015e+00
Model has 66 quadratic objective terms
Variable types: 0 continuous, 12 integer (12 binary)
Coefficient statistics:
  Matrix range     [1e+00, 1e+00]
  Objective range  [5e-01, 3e+00]
  QObjective range [2e-03, 5e+00]
  Bounds range     [1e+00, 1e+00]
  RHS range        [6e+00, 6e+00]
Found heuristic solution: objective 0.3821363
Presolve time: 0.00s
Presolved: 67 rows, 78 columns, 210 nonzeros
Variable types: 0 continuous, 78 integer (78 binary)

Root relaxation: objective -1.541750e+01, 9 iterations, 0.00 seconds (0.00 work units)

    Nodes    |    Current Node    |     Objective Bounds      |     Work
 Expl Unexpl |  Obj  Depth IntInf | Incumbent    BestBd   Gap | It/Node Time

     0     0  -15.41750    0   12    0.38214  -15.41750  4135%     -    0s
H    0     0                      -1.3660428  -15.41750  1029%     -    0s
H    0     0                      -3.2160077  -15.41750   379%     -    0s
H    0     0                      -7.2829420  -15.41750   112%     -    0s
H    0     0                      -8.2688623  -15.41750  86.5%     -    0s
H    0     0                      -9.0611141  -15.41750  70.2%     -    0s

Cutting planes:
  Gomory: 1
  MIR: 17
  Zero half: 16
  RLT: 20
  BQP: 53

Explored 1 nodes (9 simplex iterations) in 0.01 seconds (0.00 work units)
Thread count was 8 (of 96 available processors)

Solution count 6: -9.06111 -8.26886 -7.28294 ... 0.382136
No other solutions better than -9.06111

Optimal solution found (tolerance 1.00e-06)
Best objective -9.061114099567e+00, best bound -9.061114099567e+00, gap 0.0000%

User-callback calls 162, time in user-callback 0.00 sec
