
Gurobi 13.0.0 (linux64) logging started Tue Mar 31 15:05:13 2026

Set parameter LogFile to value "logs/N=12_layers=2_presolve_on/N=12/seed=21/n_qaoa_layers=2/baseline.log"
Set parameter MIPGap to value 1e-06
Set parameter Threads to value 8
Gurobi Optimizer version 13.0.0 build v13.0.0rc1 (linux64 - "Oracle Linux Server 9.7")

CPU model: AMD EPYC 7643 48-Core Processor, instruction set [SSE2|AVX|AVX2]
Thread count: 48 physical cores, 96 logical processors, using up to 8 threads

Non-default parameters:
MIPGap  1e-06
Threads  8

Optimize a model with 1 rows, 12 columns and 12 nonzeros (Min)
Model fingerprint: 0x06b14295
Model has 12 linear objective coefficients and an objective constant of 1.9975965326324285e-12
Model has 66 quadratic objective terms
Variable types: 0 continuous, 12 integer (12 binary)
Coefficient statistics:
  Matrix range     [1e+00, 1e+00]
  Objective range  [7e+00, 1e+01]
  QObjective range [2e-03, 8e+00]
  Bounds range     [1e+00, 1e+00]
  RHS range        [6e+00, 6e+00]
Found heuristic solution: objective 33.8211120
Presolve time: 0.00s
Presolved: 67 rows, 78 columns, 210 nonzeros
Variable types: 0 continuous, 78 integer (78 binary)

Root relaxation: objective 1.998485e-12, 9 iterations, 0.00 seconds (0.00 work units)

    Nodes    |    Current Node    |     Objective Bounds      |     Work
 Expl Unexpl |  Obj  Depth IntInf | Incumbent    BestBd   Gap | It/Node Time

     0     0    0.00000    0   12   33.82111    0.00000   100%     -    0s
H    0     0                      28.5858103    0.00000   100%     -    0s
     0     0   17.25518    0   16   28.58581   17.25518  39.6%     -    0s
     0     0   18.19757    0   19   28.58581   18.19757  36.3%     -    0s
     0     0   21.15456    0   47   28.58581   21.15456  26.0%     -    0s
     0     0   21.22072    0   47   28.58581   21.22072  25.8%     -    0s
     0     2   21.22072    0   47   28.58581   21.22072  25.8%     -    0s
*   37    22               6      28.2972610   26.06310  7.90%  20.0    0s

Cutting planes:
  Gomory: 3
  Cover: 1
  Dual implied bound: 16
  MIR: 10
  StrongCG: 1
  RLT: 7

Explored 89 nodes (1401 simplex iterations) in 0.03 seconds (0.02 work units)
Thread count was 8 (of 96 available processors)

Solution count 3: 28.2973 28.5858 33.8211 

Optimal solution found (tolerance 1.00e-06)
Best objective 2.829726095152e+01, best bound 2.829726095152e+01, gap 0.0000%

User-callback calls 366, time in user-callback 0.00 sec
