
Gurobi 13.0.0 (linux64) logging started Sun Mar 22 16:50:36 2026

Set parameter LogFile to value "logs/N=12_presolve_on/N=12/seed=13/n_qaoa_layers=1/precond_pen=0.100.log"
Set parameter MIPGap to value 1e-06
Set parameter Threads to value 8
Gurobi Optimizer version 13.0.0 build v13.0.0rc1 (linux64 - "Oracle Linux Server 9.7")

CPU model: AMD EPYC 7643 48-Core Processor, instruction set [SSE2|AVX|AVX2]
Thread count: 48 physical cores, 96 logical processors, using up to 8 threads

Non-default parameters:
MIPGap  1e-06
Threads  8

Optimize a model with 1 rows, 12 columns and 12 nonzeros (Min)
Model fingerprint: 0x399847dd
Model has 12 linear objective coefficients and an objective constant of -1.9009306189984002e+01
Model has 66 quadratic objective terms
Variable types: 0 continuous, 12 integer (12 binary)
Coefficient statistics:
  Matrix range     [1e+00, 1e+00]
  Objective range  [4e+00, 8e+00]
  QObjective range [8e-02, 4e+00]
  Bounds range     [1e+00, 1e+00]
  RHS range        [6e+00, 6e+00]
Found heuristic solution: objective 1.8122343
Presolve time: 0.00s
Presolved: 67 rows, 78 columns, 210 nonzeros
Variable types: 0 continuous, 78 integer (78 binary)

Root relaxation: objective -1.903052e+01, 7 iterations, 0.00 seconds (0.00 work units)

    Nodes    |    Current Node    |     Objective Bounds      |     Work
 Expl Unexpl |  Obj  Depth IntInf | Incumbent    BestBd   Gap | It/Node Time

     0     0  -19.03052    0   12    1.81223  -19.03052  1150%     -    0s
H    0     0                       1.6041915  -19.03052  1286%     -    0s
H    0     0                      -2.1907044  -19.03052   769%     -    0s
     0     0   -7.10891    0   22   -2.19070   -7.10891   225%     -    0s
     0     0   -6.75462    0   23   -2.19070   -6.75462   208%     -    0s
     0     0   -4.22349    0   47   -2.19070   -4.22349  92.8%     -    0s
     0     0   -4.20530    0   47   -2.19070   -4.20530  92.0%     -    0s
     0     2   -4.14235    0   47   -2.19070   -4.14235  89.1%     -    0s

Cutting planes:
  Gomory: 2
  Cover: 1
  Dual implied bound: 10
  MIR: 11
  StrongCG: 1
  RLT: 7

Explored 16 nodes (482 simplex iterations) in 0.03 seconds (0.02 work units)
Thread count was 8 (of 96 available processors)

Solution count 3: -2.1907 1.60419 1.81223 
No other solutions better than -2.1907

Optimal solution found (tolerance 1.00e-06)
Best objective -2.190704368620e+00, best bound -2.190704368620e+00, gap 0.0000%

User-callback calls 218, time in user-callback 0.00 sec
