
Gurobi 13.0.0 (linux64) logging started Sun May  3 11:04:22 2026

Set parameter LogFile to value "logs/N=12_layers=1_presolve_on/N=12/seed=36/quantum_layers=1/baseline.log"
Set parameter MIPGap to value 1e-06
Set parameter Threads to value 8
Gurobi Optimizer version 13.0.0 build v13.0.0rc1 (linux64 - "Oracle Linux Server 9.7")

CPU model: AMD EPYC 7643 48-Core Processor, instruction set [SSE2|AVX|AVX2]
Thread count: 48 physical cores, 96 logical processors, using up to 8 threads

Non-default parameters:
MIPGap  1e-06
Threads  8

Optimize a model with 1 rows, 12 columns and 12 nonzeros (Min)
Model fingerprint: 0xbcf42c02
Model has 12 linear objective coefficients and an objective constant of 9.9820152144047825e-13
Model has 66 quadratic objective terms
Variable types: 0 continuous, 12 integer (12 binary)
Coefficient statistics:
  Matrix range     [1e+00, 1e+00]
  Objective range  [6e+00, 1e+01]
  QObjective range [4e-02, 7e+00]
  Bounds range     [1e+00, 1e+00]
  RHS range        [6e+00, 6e+00]
Found heuristic solution: objective 32.4157981
Presolve time: 0.00s
Presolved: 67 rows, 78 columns, 210 nonzeros
Variable types: 0 continuous, 78 integer (78 binary)

Root relaxation: objective 1.000866e-12, 5 iterations, 0.00 seconds (0.00 work units)

    Nodes    |    Current Node    |     Objective Bounds      |     Work
 Expl Unexpl |  Obj  Depth IntInf | Incumbent    BestBd   Gap | It/Node Time

     0     0    0.00000    0   12   32.41580    0.00000   100%     -    0s
H    0     0                      30.8024875    0.00000   100%     -    0s
H    0     0                      25.7526270    0.00000   100%     -    0s
     0     0   18.03139    0   18   25.75263   18.03139  30.0%     -    0s
     0     0   18.91979    0   20   25.75263   18.91979  26.5%     -    0s
     0     0   24.86126    0   47   25.75263   24.86126  3.46%     -    0s
     0     0   25.09776    0   47   25.75263   25.09776  2.54%     -    0s
     0     2   25.09776    0   47   25.75263   25.09776  2.54%     -    0s

Cutting planes:
  Gomory: 2
  Cover: 1
  Dual implied bound: 12
  MIR: 11
  RLT: 8

Explored 10 nodes (405 simplex iterations) in 0.03 seconds (0.02 work units)
Thread count was 8 (of 96 available processors)

Solution count 3: 25.7526 30.8025 32.4158 

Optimal solution found (tolerance 1.00e-06)
Best objective 2.575262703071e+01, best bound 2.575262703071e+01, gap 0.0000%

User-callback calls 203, time in user-callback 0.00 sec
