
Gurobi 13.0.0 (linux64) logging started Sun May  3 11:04:22 2026

Set parameter LogFile to value "logs/N=12_layers=1_presolve_on/N=12/seed=36/quantum_layers=1/precond_pen=0.300.log"
Set parameter MIPGap to value 1e-06
Set parameter Threads to value 8
Gurobi Optimizer version 13.0.0 build v13.0.0rc1 (linux64 - "Oracle Linux Server 9.7")

CPU model: AMD EPYC 7643 48-Core Processor, instruction set [SSE2|AVX|AVX2]
Thread count: 48 physical cores, 96 logical processors, using up to 8 threads

Non-default parameters:
MIPGap  1e-06
Threads  8

Optimize a model with 1 rows, 12 columns and 12 nonzeros (Min)
Model fingerprint: 0x87e72691
Model has 12 linear objective coefficients and an objective constant of 2.712733007204
Model has 66 quadratic objective terms
Variable types: 0 continuous, 12 integer (12 binary)
Coefficient statistics:
  Matrix range     [1e+00, 1e+00]
  Objective range  [8e-02, 2e+00]
  QObjective range [1e-03, 3e+00]
  Bounds range     [1e+00, 1e+00]
  RHS range        [6e+00, 6e+00]
Found heuristic solution: objective -0.5824739
Presolve time: 0.00s
Presolved: 67 rows, 78 columns, 210 nonzeros
Variable types: 0 continuous, 78 integer (78 binary)

Root relaxation: objective -1.076029e+01, 13 iterations, 0.00 seconds (0.00 work units)

    Nodes    |    Current Node    |     Objective Bounds      |     Work
 Expl Unexpl |  Obj  Depth IntInf | Incumbent    BestBd   Gap | It/Node Time

     0     0  -10.76029    0   12   -0.58247  -10.76029  1747%     -    0s
H    0     0                      -2.4141604  -10.76029   346%     -    0s
H    0     0                      -2.6062020  -10.76029   313%     -    0s
H    0     0                      -7.5694077  -10.76029  42.2%     -    0s

Cutting planes:
  Gomory: 2
  MIR: 18
  Zero half: 17
  RLT: 20
  BQP: 57

Explored 1 nodes (13 simplex iterations) in 0.01 seconds (0.00 work units)
Thread count was 8 (of 96 available processors)

Solution count 4: -7.56941 -2.6062 -2.41416 -0.582474 
No other solutions better than -7.56941

Optimal solution found (tolerance 1.00e-06)
Best objective -7.569407746052e+00, best bound -7.569407746052e+00, gap 0.0000%

User-callback calls 159, time in user-callback 0.00 sec
