
Gurobi 13.0.0 (linux64) logging started Tue Mar 31 15:05:18 2026

Set parameter LogFile to value "logs/N=12_layers=2_presolve_off/N=12/seed=19/n_qaoa_layers=2/precond_pen=0.400.log"
Set parameter MIPGap to value 1e-06
Set parameter Threads to value 8
Set parameter Presolve to value 0
Gurobi Optimizer version 13.0.0 build v13.0.0rc1 (linux64 - "Oracle Linux Server 9.7")

CPU model: AMD EPYC 7643 48-Core Processor, instruction set [SSE2|AVX|AVX2]
Thread count: 48 physical cores, 96 logical processors, using up to 8 threads

Non-default parameters:
MIPGap  1e-06
Presolve  0
Threads  8

Optimize a model with 1 rows, 12 columns and 12 nonzeros (Min)
Model fingerprint: 0x1b2f5b5c
Model has 12 linear objective coefficients and an objective constant of 4.1134832576659992e+00
Model has 66 quadratic objective terms
Variable types: 0 continuous, 12 integer (12 binary)
Coefficient statistics:
  Matrix range     [1e+00, 1e+00]
  Objective range  [9e-01, 2e+00]
  QObjective range [2e-02, 4e+00]
  Bounds range     [1e+00, 1e+00]
  RHS range        [6e+00, 6e+00]
Found heuristic solution: objective 2.2895593
Variable types: 0 continuous, 78 integer (78 binary)

Root relaxation: objective -1.376597e+01, 12 iterations, 0.00 seconds (0.00 work units)

    Nodes    |    Current Node    |     Objective Bounds      |     Work
 Expl Unexpl |  Obj  Depth IntInf | Incumbent    BestBd   Gap | It/Node Time

     0     0  -13.76597    0   12    2.28956  -13.76597   701%     -    0s
H    0     0                      -1.7569569  -13.76597   684%     -    0s
H    0     0                      -1.8619944  -13.76597   639%     -    0s
H    0     0                      -8.3131772  -13.76597  65.6%     -    0s
     0     0   -8.31318    0   31   -8.31318   -8.31318  0.00%     -    0s

Cutting planes:
  MIR: 24
  Zero half: 9
  RLT: 15
  BQP: 41

Explored 1 nodes (76 simplex iterations) in 0.01 seconds (0.00 work units)
Thread count was 8 (of 96 available processors)

Solution count 4: -8.31318 -1.86199 -1.75696 2.28956 
No other solutions better than -8.31318

Optimal solution found (tolerance 1.00e-06)
Best objective -8.313177186928e+00, best bound -8.313177186928e+00, gap 0.0000%

User-callback calls 67, time in user-callback 0.00 sec
