
Gurobi 13.0.0 (linux64) logging started Tue Mar 31 15:05:18 2026

Set parameter LogFile to value "logs/N=12_layers=2_presolve_off/N=12/seed=16/n_qaoa_layers=2/precond_pen=0.900.log"
Set parameter MIPGap to value 1e-06
Set parameter Threads to value 8
Set parameter Presolve to value 0
Gurobi Optimizer version 13.0.0 build v13.0.0rc1 (linux64 - "Oracle Linux Server 9.7")

CPU model: AMD EPYC 7643 48-Core Processor, instruction set [SSE2|AVX|AVX2]
Thread count: 48 physical cores, 96 logical processors, using up to 8 threads

Non-default parameters:
MIPGap  1e-06
Presolve  0
Threads  8

Optimize a model with 1 rows, 12 columns and 12 nonzeros (Min)
Model fingerprint: 0x0c21e8cc
Model has 12 linear objective coefficients and an objective constant of 5.324308300853
Model has 66 quadratic objective terms
Variable types: 0 continuous, 12 integer (12 binary)
Coefficient statistics:
  Matrix range     [1e+00, 1e+00]
  Objective range  [2e+00, 2e+00]
  QObjective range [1e-02, 2e+00]
  Bounds range     [1e+00, 1e+00]
  RHS range        [6e+00, 6e+00]
Found heuristic solution: objective -0.2989073
Variable types: 0 continuous, 78 integer (78 binary)

Root relaxation: objective -5.458507e+00, 24 iterations, 0.00 seconds (0.00 work units)

    Nodes    |    Current Node    |     Objective Bounds      |     Work
 Expl Unexpl |  Obj  Depth IntInf | Incumbent    BestBd   Gap | It/Node Time

     0     0   -5.45851    0   12   -0.29891   -5.45851  1726%     -    0s
H    0     0                      -0.5389057   -5.45851   913%     -    0s
H    0     0                      -0.6131536   -5.45851   790%     -    0s
H    0     0                      -1.0094311   -5.45851   441%     -    0s
H    0     0                      -2.0325366   -5.45851   169%     -    0s
     0     0   -2.03254    0   39   -2.03254   -2.03254  0.00%     -    0s

Cutting planes:
  MIR: 50
  Zero half: 14
  RLT: 23
  BQP: 104

Explored 1 nodes (146 simplex iterations) in 0.01 seconds (0.00 work units)
Thread count was 8 (of 96 available processors)

Solution count 5: -2.03254 -1.00943 -0.613154 ... -0.298907
No other solutions better than -2.03254

Optimal solution found (tolerance 1.00e-06)
Best objective -2.032536611045e+00, best bound -2.032536611045e+00, gap 0.0000%

User-callback calls 71, time in user-callback 0.00 sec
