
Gurobi 13.0.0 (linux64) logging started Sun May  3 10:53:41 2026

Set parameter LogFile to value "logs/N=16_layers=1_presolve_on/N=16/seed=5/quantum_layers=1/precond_pen=0.200.log"
Set parameter MIPGap to value 1e-06
Set parameter Threads to value 8
Gurobi Optimizer version 13.0.0 build v13.0.0rc1 (linux64 - "Oracle Linux Server 9.7")

CPU model: AMD EPYC 7643 48-Core Processor, instruction set [SSE2|AVX|AVX2]
Thread count: 48 physical cores, 96 logical processors, using up to 8 threads

Non-default parameters:
MIPGap  1e-06
Threads  8

Optimize a model with 1 rows, 16 columns and 16 nonzeros (Min)
Model fingerprint: 0xf67abe0a
Model has 16 linear objective coefficients and an objective constant of -9.4266230441379957e+00
Model has 120 quadratic objective terms
Variable types: 0 continuous, 16 integer (16 binary)
Coefficient statistics:
  Matrix range     [1e+00, 1e+00]
  Objective range  [6e-01, 4e+00]
  QObjective range [3e-03, 3e+00]
  Bounds range     [1e+00, 1e+00]
  RHS range        [8e+00, 8e+00]
Found heuristic solution: objective 2.5339353
Presolve time: 0.00s
Presolved: 121 rows, 136 columns, 376 nonzeros
Variable types: 0 continuous, 136 integer (136 binary)

Root relaxation: objective -1.827742e+01, 16 iterations, 0.00 seconds (0.00 work units)

    Nodes    |    Current Node    |     Objective Bounds      |     Work
 Expl Unexpl |  Obj  Depth IntInf | Incumbent    BestBd   Gap | It/Node Time

     0     0  -18.27742    0   16    2.53394  -18.27742   821%     -    0s
H    0     0                      -2.4420711  -18.27742   648%     -    0s
H    0     0                      -5.1551848  -18.27742   255%     -    0s
H    0     0                      -8.3082079  -18.27742   120%     -    0s
     0     0   -9.73114    0   73   -8.30821   -9.73114  17.1%     -    0s

Cutting planes:
  Gomory: 11
  Dual implied bound: 2
  MIR: 78
  StrongCG: 4
  Zero half: 20
  RLT: 30
  BQP: 78

Explored 1 nodes (223 simplex iterations) in 0.03 seconds (0.02 work units)
Thread count was 8 (of 96 available processors)

Solution count 4: -8.30821 -5.15518 -2.44207 2.53394 
No other solutions better than -8.30821

Optimal solution found (tolerance 1.00e-06)
Best objective -8.308207909814e+00, best bound -8.308207909814e+00, gap 0.0000%

User-callback calls 171, time in user-callback 0.00 sec
