
Gurobi 13.0.0 (linux64) logging started Sun May  3 10:53:41 2026

Set parameter LogFile to value "logs/N=16_layers=1_presolve_on/N=16/seed=5/quantum_layers=1/precond_pen=0.800.log"
Set parameter MIPGap to value 1e-06
Set parameter Threads to value 8
Gurobi Optimizer version 13.0.0 build v13.0.0rc1 (linux64 - "Oracle Linux Server 9.7")

CPU model: AMD EPYC 7643 48-Core Processor, instruction set [SSE2|AVX|AVX2]
Thread count: 48 physical cores, 96 logical processors, using up to 8 threads

Non-default parameters:
MIPGap  1e-06
Threads  8

Optimize a model with 1 rows, 16 columns and 16 nonzeros (Min)
Model fingerprint: 0xb2e7ac7e
Model has 16 linear objective coefficients and an objective constant of 6.7437802840419989e+00
Model has 120 quadratic objective terms
Variable types: 0 continuous, 16 integer (16 binary)
Coefficient statistics:
  Matrix range     [1e+00, 1e+00]
  Objective range  [2e+00, 2e+00]
  QObjective range [3e-02, 9e-01]
  Bounds range     [1e+00, 1e+00]
  RHS range        [8e+00, 8e+00]
Found heuristic solution: objective -0.1611506
Presolve time: 0.00s
Presolved: 121 rows, 136 columns, 376 nonzeros
Variable types: 0 continuous, 136 integer (136 binary)

Root relaxation: objective -6.743780e+00, 25 iterations, 0.00 seconds (0.00 work units)

    Nodes    |    Current Node    |     Objective Bounds      |     Work
 Expl Unexpl |  Obj  Depth IntInf | Incumbent    BestBd   Gap | It/Node Time

     0     0   -6.74378    0   16   -0.16115   -6.74378  4085%     -    0s
H    0     0                      -0.3398894   -6.74378  1884%     -    0s
H    0     0                      -1.7859957   -6.74378   278%     -    0s
     0     0     cutoff    0        -1.78600   -1.78600  0.00%     -    0s

Cutting planes:
  Gomory: 2
  MIR: 95
  Zero half: 47
  RLT: 39
  BQP: 409

Explored 1 nodes (579 simplex iterations) in 0.03 seconds (0.04 work units)
Thread count was 8 (of 96 available processors)

Solution count 3: -1.786 -0.339889 -0.161151 
No other solutions better than -1.786

Optimal solution found (tolerance 1.00e-06)
Best objective -1.785995707384e+00, best bound -1.785995707384e+00, gap 0.0000%

User-callback calls 163, time in user-callback 0.00 sec
