
Gurobi 13.0.0 (linux64) logging started Tue Mar 31 15:05:20 2026

Set parameter LogFile to value "logs/N=12_layers=2_presolve_off/N=12/seed=42/n_qaoa_layers=2/baseline.log"
Set parameter MIPGap to value 1e-06
Set parameter Threads to value 8
Set parameter Presolve to value 0
Gurobi Optimizer version 13.0.0 build v13.0.0rc1 (linux64 - "Oracle Linux Server 9.7")

CPU model: AMD EPYC 7643 48-Core Processor, instruction set [SSE2|AVX|AVX2]
Thread count: 48 physical cores, 96 logical processors, using up to 8 threads

Non-default parameters:
MIPGap  1e-06
Presolve  0
Threads  8

Optimize a model with 1 rows, 12 columns and 12 nonzeros (Min)
Model fingerprint: 0x8659a3e5
Model has 12 linear objective coefficients
Model has 66 quadratic objective terms
Variable types: 0 continuous, 12 integer (12 binary)
Coefficient statistics:
  Matrix range     [1e+00, 1e+00]
  Objective range  [8e+00, 1e+01]
  QObjective range [6e-02, 8e+00]
  Bounds range     [1e+00, 1e+00]
  RHS range        [6e+00, 6e+00]
Found heuristic solution: objective 34.2084696
Variable types: 0 continuous, 78 integer (78 binary)

Root relaxation: objective -6.994405e-15, 7 iterations, 0.00 seconds (0.00 work units)

    Nodes    |    Current Node    |     Objective Bounds      |     Work
 Expl Unexpl |  Obj  Depth IntInf | Incumbent    BestBd   Gap | It/Node Time

     0     0   -0.00000    0   12   34.20847   -0.00000   100%     -    0s
H    0     0                      32.4807905   -0.00000   100%     -    0s
     0     0   20.27664    0   19   32.48079   20.27664  37.6%     -    0s
     0     0   24.85459    0   35   32.48079   24.85459  23.5%     -    0s
     0     0   25.88890    0   31   32.48079   25.88890  20.3%     -    0s
     0     0   25.91014    0   32   32.48079   25.91014  20.2%     -    0s
     0     0   30.56045    0   57   32.48079   30.56045  5.91%     -    0s
     0     0   30.58657    0   57   32.48079   30.58657  5.83%     -    0s
     0     2   30.58657    0   57   32.48079   30.58657  5.83%     -    0s

Cutting planes:
  MIR: 22
  StrongCG: 1
  RLT: 9

Explored 106 nodes (2169 simplex iterations) in 0.05 seconds (0.03 work units)
Thread count was 8 (of 96 available processors)

Solution count 2: 32.4808 34.2085 

Optimal solution found (tolerance 1.00e-06)
Best objective 3.248079053543e+01, best bound 3.248079053543e+01, gap 0.0000%

User-callback calls 316, time in user-callback 0.00 sec
