
Gurobi 13.0.0 (linux64) logging started Tue Mar 31 15:12:37 2026

Set parameter LogFile to value "logs/N=16_layers=2_presolve_on/N=16/seed=26/n_qaoa_layers=2/precond_pen=0.200.log"
Set parameter MIPGap to value 1e-06
Set parameter Threads to value 8
Gurobi Optimizer version 13.0.0 build v13.0.0rc1 (linux64 - "Oracle Linux Server 9.7")

CPU model: AMD EPYC 7643 48-Core Processor, instruction set [SSE2|AVX|AVX2]
Thread count: 48 physical cores, 96 logical processors, using up to 8 threads

Non-default parameters:
MIPGap  1e-06
Threads  8

Optimize a model with 1 rows, 16 columns and 16 nonzeros (Min)
Model fingerprint: 0x2e243956
Model has 16 linear objective coefficients and an objective constant of -1.5482989635037997e+01
Model has 120 quadratic objective terms
Variable types: 0 continuous, 16 integer (16 binary)
Coefficient statistics:
  Matrix range     [1e+00, 1e+00]
  Objective range  [1e-01, 7e+00]
  QObjective range [8e-04, 6e+00]
  Bounds range     [1e+00, 1e+00]
  RHS range        [8e+00, 8e+00]
Found heuristic solution: objective 2.3661651
Presolve time: 0.00s
Presolved: 121 rows, 136 columns, 376 nonzeros
Variable types: 0 continuous, 136 integer (136 binary)

Root relaxation: objective -2.813814e+01, 18 iterations, 0.00 seconds (0.00 work units)

    Nodes    |    Current Node    |     Objective Bounds      |     Work
 Expl Unexpl |  Obj  Depth IntInf | Incumbent    BestBd   Gap | It/Node Time

     0     0  -28.13814    0   16    2.36617  -28.13814  1289%     -    0s
H    0     0                     -10.4296248  -28.13814   170%     -    0s
H    0     0                     -16.4342367  -28.13814  71.2%     -    0s
     0     0  -16.43424    0   72  -16.43424  -16.43424  0.00%     -    0s

Cutting planes:
  Gomory: 1
  MIR: 37
  Zero half: 34
  RLT: 38
  BQP: 134

Explored 1 nodes (219 simplex iterations) in 0.02 seconds (0.01 work units)
Thread count was 8 (of 96 available processors)

Solution count 3: -16.4342 -10.4296 2.36617 
No other solutions better than -16.4342

Optimal solution found (tolerance 1.00e-06)
Best objective -1.643423670174e+01, best bound -1.643423670174e+01, gap 0.0000%

User-callback calls 163, time in user-callback 0.00 sec
