
Gurobi 13.0.0 (linux64) logging started Tue Mar 31 15:12:37 2026

Set parameter LogFile to value "logs/N=16_layers=2_presolve_on/N=16/seed=26/n_qaoa_layers=2/precond_pen=0.800.log"
Set parameter MIPGap to value 1e-06
Set parameter Threads to value 8
Gurobi Optimizer version 13.0.0 build v13.0.0rc1 (linux64 - "Oracle Linux Server 9.7")

CPU model: AMD EPYC 7643 48-Core Processor, instruction set [SSE2|AVX|AVX2]
Thread count: 48 physical cores, 96 logical processors, using up to 8 threads

Non-default parameters:
MIPGap  1e-06
Threads  8

Optimize a model with 1 rows, 16 columns and 16 nonzeros (Min)
Model fingerprint: 0x31e635e3
Model has 16 linear objective coefficients and an objective constant of 6.5051624379079991e+00
Model has 120 quadratic objective terms
Variable types: 0 continuous, 16 integer (16 binary)
Coefficient statistics:
  Matrix range     [1e+00, 1e+00]
  Objective range  [1e+00, 2e+00]
  QObjective range [2e-03, 2e+00]
  Bounds range     [1e+00, 1e+00]
  RHS range        [8e+00, 8e+00]
Found heuristic solution: objective 0.1846020
Presolve time: 0.00s
Presolved: 121 rows, 136 columns, 376 nonzeros
Variable types: 0 continuous, 136 integer (136 binary)

Root relaxation: objective -1.087140e+01, 34 iterations, 0.00 seconds (0.00 work units)

    Nodes    |    Current Node    |     Objective Bounds      |     Work
 Expl Unexpl |  Obj  Depth IntInf | Incumbent    BestBd   Gap | It/Node Time

     0     0  -10.87140    0   16    0.18460  -10.87140  5989%     -    0s
H    0     0                      -2.4452548  -10.87140   345%     -    0s
H    0     0                      -4.2051543  -10.87140   159%     -    0s
H    0     0                      -5.7576274  -10.87140  88.8%     -    0s
     0     0   -5.75763    0   53   -5.75763   -5.75763  0.00%     -    0s

Cutting planes:
  Gomory: 1
  MIR: 36
  Zero half: 25
  RLT: 34
  BQP: 156

Explored 1 nodes (225 simplex iterations) in 0.01 seconds (0.01 work units)
Thread count was 8 (of 96 available processors)

Solution count 4: -5.75763 -4.20515 -2.44525 0.184602 
No other solutions better than -5.75763

Optimal solution found (tolerance 1.00e-06)
Best objective -5.757627369974e+00, best bound -5.757627369974e+00, gap 0.0000%

User-callback calls 164, time in user-callback 0.00 sec
