
Gurobi 13.0.0 (linux64) logging started Sun May  3 11:06:36 2026

Set parameter LogFile to value "logs/N=12_layers=2_presolve_on/N=12/seed=35/quantum_layers=2/precond_pen=0.700.log"
Set parameter MIPGap to value 1e-06
Set parameter Threads to value 8
Gurobi Optimizer version 13.0.0 build v13.0.0rc1 (linux64 - "Oracle Linux Server 9.7")

CPU model: AMD EPYC 7643 48-Core Processor, instruction set [SSE2|AVX|AVX2]
Thread count: 48 physical cores, 96 logical processors, using up to 8 threads

Non-default parameters:
MIPGap  1e-06
Threads  8

Optimize a model with 1 rows, 12 columns and 12 nonzeros (Min)
Model fingerprint: 0x7def5fbc
Model has 12 linear objective coefficients and an objective constant of 4.5051383076999993e+00
Model has 66 quadratic objective terms
Variable types: 0 continuous, 12 integer (12 binary)
Coefficient statistics:
  Matrix range     [1e+00, 1e+00]
  Objective range  [1e+00, 2e+00]
  QObjective range [7e-02, 2e+00]
  Bounds range     [1e+00, 1e+00]
  RHS range        [6e+00, 6e+00]
Found heuristic solution: objective 0.1308202
Presolve time: 0.00s
Presolved: 67 rows, 78 columns, 210 nonzeros
Variable types: 0 continuous, 78 integer (78 binary)

Root relaxation: objective -8.161659e+00, 11 iterations, 0.00 seconds (0.00 work units)

    Nodes    |    Current Node    |     Objective Bounds      |     Work
 Expl Unexpl |  Obj  Depth IntInf | Incumbent    BestBd   Gap | It/Node Time

     0     0   -8.16166    0   12    0.13082   -8.16166  6339%     -    0s
H    0     0                      -2.2092245   -8.16166   269%     -    0s
H    0     0                      -2.4542217   -8.16166   233%     -    0s
H    0     0                      -3.5827729   -8.16166   128%     -    0s
H    0     0                      -4.7119354   -8.16166  73.2%     -    0s

Cutting planes:
  Gomory: 1
  MIR: 27
  Zero half: 14
  RLT: 17
  BQP: 49

Explored 1 nodes (11 simplex iterations) in 0.01 seconds (0.00 work units)
Thread count was 8 (of 96 available processors)

Solution count 5: -4.71194 -3.58277 -2.45422 ... 0.13082
No other solutions better than -4.71194

Optimal solution found (tolerance 1.00e-06)
Best objective -4.711935402968e+00, best bound -4.711935402968e+00, gap 0.0000%

User-callback calls 160, time in user-callback 0.00 sec
