
Gurobi 13.0.0 (linux64) logging started Sun May  3 10:53:54 2026

Set parameter LogFile to value "logs/N=16_layers=1_presolve_on/N=16/seed=28/quantum_layers=1/precond_pen=0.400.log"
Set parameter MIPGap to value 1e-06
Set parameter Threads to value 8
Gurobi Optimizer version 13.0.0 build v13.0.0rc1 (linux64 - "Oracle Linux Server 9.7")

CPU model: AMD EPYC 7643 48-Core Processor, instruction set [SSE2|AVX|AVX2]
Thread count: 48 physical cores, 96 logical processors, using up to 8 threads

Non-default parameters:
MIPGap  1e-06
Threads  8

Optimize a model with 1 rows, 16 columns and 16 nonzeros (Min)
Model fingerprint: 0xdc4a9943
Model has 16 linear objective coefficients and an objective constant of 5.0732107744279995e+00
Model has 120 quadratic objective terms
Variable types: 0 continuous, 16 integer (16 binary)
Coefficient statistics:
  Matrix range     [1e+00, 1e+00]
  Objective range  [3e-01, 2e+00]
  QObjective range [6e-03, 3e+00]
  Bounds range     [1e+00, 1e+00]
  RHS range        [8e+00, 8e+00]
Found heuristic solution: objective 0.3697167
Presolve time: 0.00s
Presolved: 121 rows, 136 columns, 376 nonzeros
Variable types: 0 continuous, 136 integer (136 binary)

Root relaxation: objective -1.292684e+01, 23 iterations, 0.00 seconds (0.00 work units)

    Nodes    |    Current Node    |     Objective Bounds      |     Work
 Expl Unexpl |  Obj  Depth IntInf | Incumbent    BestBd   Gap | It/Node Time

     0     0  -12.92684    0   16    0.36972  -12.92684  3596%     -    0s
H    0     0                      -2.4677699  -12.92684   424%     -    0s
H    0     0                      -3.0472357  -12.92684   324%     -    0s
H    0     0                      -6.2441915  -12.92684   107%     -    0s
     0     0   -6.24419    0   90   -6.24419   -6.24419  0.00%     -    0s

Cutting planes:
  Gomory: 1
  MIR: 50
  Zero half: 36
  RLT: 31
  BQP: 168

Explored 1 nodes (301 simplex iterations) in 0.02 seconds (0.01 work units)
Thread count was 8 (of 96 available processors)

Solution count 4: -6.24419 -3.04724 -2.46777 0.369717 
No other solutions better than -6.24419

Optimal solution found (tolerance 1.00e-06)
Best objective -6.244191483542e+00, best bound -6.244191483542e+00, gap 0.0000%

User-callback calls 165, time in user-callback 0.00 sec
