
Gurobi 13.0.0 (linux64) logging started Sun May  3 10:53:54 2026

Set parameter LogFile to value "logs/N=16_layers=1_presolve_on/N=16/seed=28/quantum_layers=1/precond_pen=0.800.log"
Set parameter MIPGap to value 1e-06
Set parameter Threads to value 8
Gurobi Optimizer version 13.0.0 build v13.0.0rc1 (linux64 - "Oracle Linux Server 9.7")

CPU model: AMD EPYC 7643 48-Core Processor, instruction set [SSE2|AVX|AVX2]
Thread count: 48 physical cores, 96 logical processors, using up to 8 threads

Non-default parameters:
MIPGap  1e-06
Threads  8

Optimize a model with 1 rows, 16 columns and 16 nonzeros (Min)
Model fingerprint: 0xf27bda44
Model has 16 linear objective coefficients and an objective constant of 6.7295039439040005e+00
Model has 120 quadratic objective terms
Variable types: 0 continuous, 16 integer (16 binary)
Coefficient statistics:
  Matrix range     [1e+00, 1e+00]
  Objective range  [2e+00, 2e+00]
  QObjective range [1e-01, 1e+00]
  Bounds range     [1e+00, 1e+00]
  RHS range        [8e+00, 8e+00]
Found heuristic solution: objective -0.3350062
Presolve time: 0.00s
Presolved: 121 rows, 136 columns, 376 nonzeros
Variable types: 0 continuous, 136 integer (136 binary)

Root relaxation: objective -6.729504e+00, 32 iterations, 0.00 seconds (0.00 work units)

    Nodes    |    Current Node    |     Objective Bounds      |     Work
 Expl Unexpl |  Obj  Depth IntInf | Incumbent    BestBd   Gap | It/Node Time

     0     0   -6.72950    0   16   -0.33501   -6.72950  1909%     -    0s
H    0     0                      -0.6134213   -6.72950   997%     -    0s
H    0     0                      -1.4508421   -6.72950   364%     -    0s
H    0     0                      -1.6103999   -1.72551  7.15%     -    0s
H    0     0                      -1.7255099   -1.72551  0.00%     -    0s
     0     0          -    0        -1.72551   -1.72551  0.00%     -    0s

Cutting planes:
  Gomory: 2
  MIR: 95
  Zero half: 47
  RLT: 43
  BQP: 405

Explored 1 nodes (490 simplex iterations) in 0.05 seconds (0.03 work units)
Thread count was 8 (of 96 available processors)

Solution count 5: -1.72551 -1.6104 -1.45084 ... -0.335006
No other solutions better than -1.72551

Optimal solution found (tolerance 1.00e-06)
Best objective -1.725509868138e+00, best bound -1.725509868138e+00, gap 0.0000%

User-callback calls 167, time in user-callback 0.00 sec
