
Gurobi 13.0.0 (linux64) logging started Sun May  3 10:53:54 2026

Set parameter LogFile to value "logs/N=16_layers=1_presolve_on/N=16/seed=28/quantum_layers=1/precond_pen=0.000.log"
Set parameter MIPGap to value 1e-06
Set parameter Threads to value 8
Gurobi Optimizer version 13.0.0 build v13.0.0rc1 (linux64 - "Oracle Linux Server 9.7")

CPU model: AMD EPYC 7643 48-Core Processor, instruction set [SSE2|AVX|AVX2]
Thread count: 48 physical cores, 96 logical processors, using up to 8 threads

Non-default parameters:
MIPGap  1e-06
Threads  8

Optimize a model with 1 rows, 16 columns and 16 nonzeros (Min)
Model fingerprint: 0xab03a338
Model has 16 linear objective coefficients and an objective constant of -4.5162031628307993e+01
Model has 120 quadratic objective terms
Variable types: 0 continuous, 16 integer (16 binary)
Coefficient statistics:
  Matrix range     [1e+00, 1e+00]
  Objective range  [1e+01, 1e+01]
  QObjective range [2e+00, 4e+00]
  Bounds range     [1e+00, 1e+00]
  RHS range        [8e+00, 8e+00]
Found heuristic solution: objective 3.4189579
Presolve time: 0.00s
Presolved: 121 rows, 136 columns, 376 nonzeros
Variable types: 0 continuous, 136 integer (136 binary)

Root relaxation: objective -4.516203e+01, 5 iterations, 0.00 seconds (0.00 work units)

    Nodes    |    Current Node    |     Objective Bounds      |     Work
 Expl Unexpl |  Obj  Depth IntInf | Incumbent    BestBd   Gap | It/Node Time

     0     0  -45.16203    0   16    3.41896  -45.16203  1421%     -    0s
H    0     0                       3.2683655  -45.16203  1482%     -    0s
H    0     0                       3.0991294  -45.16203  1557%     -    0s
H    0     0                      -0.2219615  -45.16203      -     -    0s
     0     0   -4.45635    0   16   -0.22196   -4.45635  1908%     -    0s
     0     0   -4.44290    0   24   -0.22196   -4.44290  1902%     -    0s
     0     0   -2.39486    0   64   -0.22196   -2.39486   979%     -    0s
     0     0   -2.37546    0   64   -0.22196   -2.37546   970%     -    0s
     0     2   -2.32368    0   64   -0.22196   -2.32368   947%     -    0s

Cutting planes:
  Gomory: 3
  Dual implied bound: 24
  MIR: 10
  RLT: 14

Explored 24 nodes (1036 simplex iterations) in 0.05 seconds (0.04 work units)
Thread count was 8 (of 96 available processors)

Solution count 4: -0.221961 3.09913 3.26837 3.41896 

Optimal solution found (tolerance 1.00e-06)
Best objective -2.219614960780e-01, best bound -2.219614960780e-01, gap 0.0000%

User-callback calls 241, time in user-callback 0.00 sec
