
Gurobi 13.0.0 (linux64) logging started Sun May  3 10:53:54 2026

Set parameter LogFile to value "logs/N=16_layers=1_presolve_on/N=16/seed=28/quantum_layers=1/precond_pen=0.700.log"
Set parameter MIPGap to value 1e-06
Set parameter Threads to value 8
Gurobi Optimizer version 13.0.0 build v13.0.0rc1 (linux64 - "Oracle Linux Server 9.7")

CPU model: AMD EPYC 7643 48-Core Processor, instruction set [SSE2|AVX|AVX2]
Thread count: 48 physical cores, 96 logical processors, using up to 8 threads

Non-default parameters:
MIPGap  1e-06
Threads  8

Optimize a model with 1 rows, 16 columns and 16 nonzeros (Min)
Model fingerprint: 0x835b780a
Model has 16 linear objective coefficients and an objective constant of 6.6811928323050012e+00
Model has 120 quadratic objective terms
Variable types: 0 continuous, 16 integer (16 binary)
Coefficient statistics:
  Matrix range     [1e+00, 1e+00]
  Objective range  [1e+00, 2e+00]
  QObjective range [1e-02, 1e+00]
  Bounds range     [1e+00, 1e+00]
  RHS range        [8e+00, 8e+00]
Found heuristic solution: objective -0.2969397
Presolve time: 0.00s
Presolved: 121 rows, 136 columns, 376 nonzeros
Variable types: 0 continuous, 136 integer (136 binary)

Root relaxation: objective -6.681193e+00, 44 iterations, 0.00 seconds (0.00 work units)

    Nodes    |    Current Node    |     Objective Bounds      |     Work
 Expl Unexpl |  Obj  Depth IntInf | Incumbent    BestBd   Gap | It/Node Time

     0     0   -6.68119    0   16   -0.29694   -6.68119  2150%     -    0s
H    0     0                      -0.4881417   -6.68119  1269%     -    0s
H    0     0                      -2.0596529   -6.68119   224%     -    0s
     0     0     cutoff    0        -2.05965   -2.05965  0.00%     -    0s

Cutting planes:
  Gomory: 2
  MIR: 95
  Zero half: 47
  RLT: 43
  BQP: 404

Explored 1 nodes (467 simplex iterations) in 0.03 seconds (0.03 work units)
Thread count was 8 (of 96 available processors)

Solution count 3: -2.05965 -0.488142 -0.29694 
No other solutions better than -2.05965

Optimal solution found (tolerance 1.00e-06)
Best objective -2.059652867761e+00, best bound -2.059652867761e+00, gap 0.0000%

User-callback calls 164, time in user-callback 0.00 sec
