
Gurobi 13.0.0 (linux64) logging started Tue Mar 31 15:05:12 2026

Set parameter LogFile to value "logs/N=12_layers=2_presolve_on/N=12/seed=5/n_qaoa_layers=2/precond_pen=0.500.log"
Set parameter MIPGap to value 1e-06
Set parameter Threads to value 8
Gurobi Optimizer version 13.0.0 build v13.0.0rc1 (linux64 - "Oracle Linux Server 9.7")

CPU model: AMD EPYC 7643 48-Core Processor, instruction set [SSE2|AVX|AVX2]
Thread count: 48 physical cores, 96 logical processors, using up to 8 threads

Non-default parameters:
MIPGap  1e-06
Threads  8

Optimize a model with 1 rows, 12 columns and 12 nonzeros (Min)
Model fingerprint: 0x9063eb9c
Model has 12 linear objective coefficients and an objective constant of 4.3249610558800020e+00
Model has 66 quadratic objective terms
Variable types: 0 continuous, 12 integer (12 binary)
Coefficient statistics:
  Matrix range     [1e+00, 1e+00]
  Objective range  [9e-01, 2e+00]
  QObjective range [3e-02, 4e+00]
  Bounds range     [1e+00, 1e+00]
  RHS range        [6e+00, 6e+00]
Found heuristic solution: objective -0.7556752
Presolve time: 0.00s
Presolved: 67 rows, 78 columns, 210 nonzeros
Variable types: 0 continuous, 78 integer (78 binary)

Root relaxation: objective -9.548400e+00, 13 iterations, 0.00 seconds (0.00 work units)

    Nodes    |    Current Node    |     Objective Bounds      |     Work
 Expl Unexpl |  Obj  Depth IntInf | Incumbent    BestBd   Gap | It/Node Time

     0     0   -9.54840    0   12   -0.75568   -9.54840  1164%     -    0s
H    0     0                      -1.5594762   -9.54840   512%     -    0s
H    0     0                      -1.6814782   -9.54840   468%     -    0s
H    0     0                      -1.9771638   -9.54840   383%     -    0s
H    0     0                      -4.9432991   -9.54840  93.2%     -    0s
     0     0   -4.94330    0   37   -4.94330   -4.94330  0.00%     -    0s

Cutting planes:
  Gomory: 1
  MIR: 22
  Zero half: 14
  RLT: 18
  BQP: 71

Explored 1 nodes (109 simplex iterations) in 0.01 seconds (0.00 work units)
Thread count was 8 (of 96 available processors)

Solution count 5: -4.9433 -1.97716 -1.68148 ... -0.755675
No other solutions better than -4.9433

Optimal solution found (tolerance 1.00e-06)
Best objective -4.943299065444e+00, best bound -4.943299065444e+00, gap 0.0000%

User-callback calls 166, time in user-callback 0.00 sec
