
Gurobi 13.0.0 (linux64) logging started Sun May  3 10:54:33 2026

Set parameter LogFile to value "logs/N=16_layers=1_presolve_off/N=16/seed=42/quantum_layers=1/baseline.log"
Set parameter MIPGap to value 1e-06
Set parameter Threads to value 8
Set parameter Presolve to value 0
Gurobi Optimizer version 13.0.0 build v13.0.0rc1 (linux64 - "Oracle Linux Server 9.7")

CPU model: AMD EPYC 7643 48-Core Processor, instruction set [SSE2|AVX|AVX2]
Thread count: 48 physical cores, 96 logical processors, using up to 8 threads

Non-default parameters:
MIPGap  1e-06
Presolve  0
Threads  8

Optimize a model with 1 rows, 16 columns and 16 nonzeros (Min)
Model fingerprint: 0xb213e192
Model has 16 linear objective coefficients
Model has 120 quadratic objective terms
Variable types: 0 continuous, 16 integer (16 binary)
Coefficient statistics:
  Matrix range     [1e+00, 1e+00]
  Objective range  [1e+01, 2e+01]
  QObjective range [6e-02, 8e+00]
  Bounds range     [1e+00, 1e+00]
  RHS range        [8e+00, 8e+00]
Found heuristic solution: objective 57.2810024
Variable types: 0 continuous, 136 integer (136 binary)

Root relaxation: objective 2.375877e-14, 12 iterations, 0.00 seconds (0.00 work units)

    Nodes    |    Current Node    |     Objective Bounds      |     Work
 Expl Unexpl |  Obj  Depth IntInf | Incumbent    BestBd   Gap | It/Node Time

     0     0    0.00000    0   16   57.28100    0.00000   100%     -    0s
H    0     0                      54.3326658    0.00000   100%     -    0s
     0     0   24.74168    0   24   54.33267   24.74168  54.5%     -    0s
     0     0   25.01631    0   25   54.33267   25.01631  54.0%     -    0s
     0     0   31.76690    0   35   54.33267   31.76690  41.5%     -    0s
     0     0   31.80898    0   35   54.33267   31.80898  41.5%     -    0s
     0     2   31.80898    0   35   54.33267   31.80898  41.5%     -    0s
*  128    81              12      54.2068099   43.42348  19.9%  31.0    0s
*  152    83               9      53.5784754   43.42348  19.0%  30.2    0s
*  219    79               9      53.5088814   45.18582  15.6%  27.9    0s

Cutting planes:
  Cover: 4
  MIR: 23
  Mod-K: 1
  RLT: 14

Explored 429 nodes (9852 simplex iterations) in 0.08 seconds (0.07 work units)
Thread count was 8 (of 96 available processors)

Solution count 5: 53.5089 53.5785 54.2068 ... 57.281

Optimal solution found (tolerance 1.00e-06)
Best objective 5.350888140079e+01, best bound 5.350888140079e+01, gap 0.0000%

User-callback calls 975, time in user-callback 0.00 sec
