
Gurobi 13.0.0 (linux64) logging started Sun May  3 10:54:33 2026

Set parameter LogFile to value "logs/N=16_layers=1_presolve_off/N=16/seed=42/quantum_layers=1/precond_pen=0.500.log"
Set parameter MIPGap to value 1e-06
Set parameter Threads to value 8
Set parameter Presolve to value 0
Gurobi Optimizer version 13.0.0 build v13.0.0rc1 (linux64 - "Oracle Linux Server 9.7")

CPU model: AMD EPYC 7643 48-Core Processor, instruction set [SSE2|AVX|AVX2]
Thread count: 48 physical cores, 96 logical processors, using up to 8 threads

Non-default parameters:
MIPGap  1e-06
Presolve  0
Threads  8

Optimize a model with 1 rows, 16 columns and 16 nonzeros (Min)
Model fingerprint: 0x8651c846
Model has 16 linear objective coefficients and an objective constant of 6.4288824968380016e+00
Model has 120 quadratic objective terms
Variable types: 0 continuous, 16 integer (16 binary)
Coefficient statistics:
  Matrix range     [1e+00, 1e+00]
  Objective range  [1e+00, 2e+00]
  QObjective range [2e-03, 1e+00]
  Bounds range     [1e+00, 1e+00]
  RHS range        [8e+00, 8e+00]
Found heuristic solution: objective -1.9991714
Variable types: 0 continuous, 136 integer (136 binary)

Root relaxation: objective -7.778751e+00, 39 iterations, 0.00 seconds (0.00 work units)

    Nodes    |    Current Node    |     Objective Bounds      |     Work
 Expl Unexpl |  Obj  Depth IntInf | Incumbent    BestBd   Gap | It/Node Time

     0     0   -7.77875    0   16   -1.99917   -7.77875   289%     -    0s
H    0     0                      -2.0683319   -7.77875   276%     -    0s
H    0     0                      -2.7766031   -7.77875   180%     -    0s
H    0     0                      -2.9205199   -3.07233  5.20%     -    0s
     0     0   -3.07233    0   87   -2.92052   -3.07233  5.20%     -    0s
     0     0   -2.92052    0  111   -2.92052   -2.92052  0.00%     -    0s

Cutting planes:
  Gomory: 2
  MIR: 23
  Zero half: 21
  RLT: 14
  BQP: 119

Explored 1 nodes (408 simplex iterations) in 0.03 seconds (0.02 work units)
Thread count was 8 (of 96 available processors)

Solution count 4: -2.92052 -2.7766 -2.06833 -1.99917 
No other solutions better than -2.92052

Optimal solution found (tolerance 1.00e-06)
Best objective -2.920519929124e+00, best bound -2.920519929124e+00, gap 0.0000%

User-callback calls 81, time in user-callback 0.00 sec
