
Gurobi 13.0.0 (linux64) logging started Sun May  3 10:54:33 2026

Set parameter LogFile to value "logs/N=16_layers=1_presolve_off/N=16/seed=42/quantum_layers=1/precond_pen=0.200.log"
Set parameter MIPGap to value 1e-06
Set parameter Threads to value 8
Set parameter Presolve to value 0
Gurobi Optimizer version 13.0.0 build v13.0.0rc1 (linux64 - "Oracle Linux Server 9.7")

CPU model: AMD EPYC 7643 48-Core Processor, instruction set [SSE2|AVX|AVX2]
Thread count: 48 physical cores, 96 logical processors, using up to 8 threads

Non-default parameters:
MIPGap  1e-06
Presolve  0
Threads  8

Optimize a model with 1 rows, 16 columns and 16 nonzeros (Min)
Model fingerprint: 0x1c015e42
Model has 16 linear objective coefficients and an objective constant of -8.7706739557879985e+00
Model has 120 quadratic objective terms
Variable types: 0 continuous, 16 integer (16 binary)
Coefficient statistics:
  Matrix range     [1e+00, 1e+00]
  Objective range  [5e-01, 4e+00]
  QObjective range [4e-02, 3e+00]
  Bounds range     [1e+00, 1e+00]
  RHS range        [8e+00, 8e+00]
Found heuristic solution: objective -3.3415028
Variable types: 0 continuous, 136 integer (136 binary)

Root relaxation: objective -1.790957e+01, 26 iterations, 0.00 seconds (0.00 work units)

    Nodes    |    Current Node    |     Objective Bounds      |     Work
 Expl Unexpl |  Obj  Depth IntInf | Incumbent    BestBd   Gap | It/Node Time

     0     0  -17.90957    0   16   -3.34150  -17.90957   436%     -    0s
H    0     0                      -6.6825902  -17.90957   168%     -    0s
     0     0   -9.88516    0   66   -6.68259   -9.88516  47.9%     -    0s
H    0     0                      -6.8405840   -9.88516  44.5%     -    0s
     0     0   -6.84058    0   98   -6.84058   -6.84058  0.00%     -    0s

Cutting planes:
  Gomory: 12
  MIR: 77
  StrongCG: 8
  Zero half: 22
  RLT: 37
  BQP: 104

Explored 1 nodes (357 simplex iterations) in 0.03 seconds (0.03 work units)
Thread count was 8 (of 96 available processors)

Solution count 3: -6.84058 -6.68259 -3.3415 
No other solutions better than -6.84058

Optimal solution found (tolerance 1.00e-06)
Best objective -6.840583950556e+00, best bound -6.840583950556e+00, gap 0.0000%

User-callback calls 79, time in user-callback 0.00 sec
