
Gurobi 13.0.0 (linux64) logging started Sun May  3 10:54:33 2026

Set parameter LogFile to value "logs/N=16_layers=1_presolve_off/N=16/seed=42/quantum_layers=1/precond_pen=0.600.log"
Set parameter MIPGap to value 1e-06
Set parameter Threads to value 8
Set parameter Presolve to value 0
Gurobi Optimizer version 13.0.0 build v13.0.0rc1 (linux64 - "Oracle Linux Server 9.7")

CPU model: AMD EPYC 7643 48-Core Processor, instruction set [SSE2|AVX|AVX2]
Thread count: 48 physical cores, 96 logical processors, using up to 8 threads

Non-default parameters:
MIPGap  1e-06
Presolve  0
Threads  8

Optimize a model with 1 rows, 16 columns and 16 nonzeros (Min)
Model fingerprint: 0xd5b7c5fc
Model has 16 linear objective coefficients and an objective constant of 6.6534678475069988e+00
Model has 120 quadratic objective terms
Variable types: 0 continuous, 16 integer (16 binary)
Coefficient statistics:
  Matrix range     [1e+00, 1e+00]
  Objective range  [1e+00, 2e+00]
  QObjective range [3e-02, 1e+00]
  Bounds range     [1e+00, 1e+00]
  RHS range        [8e+00, 8e+00]
Found heuristic solution: objective -1.5123806
Variable types: 0 continuous, 136 integer (136 binary)

Root relaxation: objective -6.897399e+00, 42 iterations, 0.00 seconds (0.00 work units)

    Nodes    |    Current Node    |     Objective Bounds      |     Work
 Expl Unexpl |  Obj  Depth IntInf | Incumbent    BestBd   Gap | It/Node Time

     0     0   -6.89740    0   16   -1.51238   -6.89740   356%     -    0s
H    0     0                      -1.8840883   -6.89740   266%     -    0s
H    0     0                      -2.0408087   -6.89740   238%     -    0s
H    0     0                      -2.0484731   -2.22396  8.57%     -    0s
     0     0   -2.22396    0  106   -2.04847   -2.22396  8.57%     -    0s
H    0     0                      -2.1278373   -2.22396  4.52%     -    0s
     0     0   -2.12784    0  117   -2.12784   -2.12784  0.00%     -    0s

Cutting planes:
  Gomory: 1
  Cover: 1
  MIR: 56
  Zero half: 21
  RLT: 31
  BQP: 187

Explored 1 nodes (534 simplex iterations) in 0.05 seconds (0.03 work units)
Thread count was 8 (of 96 available processors)

Solution count 5: -2.12784 -2.04847 -2.04081 ... -1.51238
No other solutions better than -2.12784

Optimal solution found (tolerance 1.00e-06)
Best objective -2.127837264211e+00, best bound -2.127837264211e+00, gap 0.0000%

User-callback calls 86, time in user-callback 0.00 sec
