
Gurobi 13.0.0 (linux64) logging started Sun May  3 10:54:20 2026

Set parameter LogFile to value "logs/N=16_layers=1_presolve_off/N=16/seed=21/quantum_layers=1/precond_pen=0.700.log"
Set parameter MIPGap to value 1e-06
Set parameter Threads to value 8
Set parameter Presolve to value 0
Gurobi Optimizer version 13.0.0 build v13.0.0rc1 (linux64 - "Oracle Linux Server 9.7")

CPU model: AMD EPYC 7643 48-Core Processor, instruction set [SSE2|AVX|AVX2]
Thread count: 48 physical cores, 96 logical processors, using up to 8 threads

Non-default parameters:
MIPGap  1e-06
Presolve  0
Threads  8

Optimize a model with 1 rows, 16 columns and 16 nonzeros (Min)
Model fingerprint: 0xa571baac
Model has 16 linear objective coefficients and an objective constant of 6.7145185828949971e+00
Model has 120 quadratic objective terms
Variable types: 0 continuous, 16 integer (16 binary)
Coefficient statistics:
  Matrix range     [1e+00, 1e+00]
  Objective range  [1e+00, 2e+00]
  QObjective range [3e-03, 1e+00]
  Bounds range     [1e+00, 1e+00]
  RHS range        [8e+00, 8e+00]
Found heuristic solution: objective -0.7999079
Variable types: 0 continuous, 136 integer (136 binary)

Root relaxation: objective -6.727173e+00, 49 iterations, 0.00 seconds (0.00 work units)

    Nodes    |    Current Node    |     Objective Bounds      |     Work
 Expl Unexpl |  Obj  Depth IntInf | Incumbent    BestBd   Gap | It/Node Time

     0     0   -6.72717    0   16   -0.79991   -6.72717   741%     -    0s
H    0     0                      -1.0506922   -6.72717   540%     -    0s
H    0     0                      -1.6037816   -6.72717   319%     -    0s
H    0     0                      -1.6811412   -5.05496   201%     -    0s
     0     0   -2.01105    0  104   -1.68114   -2.01105  19.6%     -    0s
H    0     0                      -1.6828164   -2.01105  19.5%     -    0s
     0     0   -1.68282    0  111   -1.68282   -1.68282  0.00%     -    0s

Cutting planes:
  Gomory: 5
  MIR: 75
  Zero half: 14
  RLT: 31
  BQP: 272

Explored 1 nodes (715 simplex iterations) in 0.09 seconds (0.06 work units)
Thread count was 8 (of 96 available processors)

Solution count 5: -1.68282 -1.68114 -1.60378 ... -0.799908
No other solutions better than -1.68282

Optimal solution found (tolerance 1.00e-06)
Best objective -1.682816364121e+00, best bound -1.682816364121e+00, gap 0.0000%

User-callback calls 88, time in user-callback 0.00 sec
