
Gurobi 13.0.0 (linux64) logging started Sun May  3 10:54:20 2026

Set parameter LogFile to value "logs/N=16_layers=1_presolve_off/N=16/seed=21/quantum_layers=1/precond_pen=0.200.log"
Set parameter MIPGap to value 1e-06
Set parameter Threads to value 8
Set parameter Presolve to value 0
Gurobi Optimizer version 13.0.0 build v13.0.0rc1 (linux64 - "Oracle Linux Server 9.7")

CPU model: AMD EPYC 7643 48-Core Processor, instruction set [SSE2|AVX|AVX2]
Thread count: 48 physical cores, 96 logical processors, using up to 8 threads

Non-default parameters:
MIPGap  1e-06
Presolve  0
Threads  8

Optimize a model with 1 rows, 16 columns and 16 nonzeros (Min)
Model fingerprint: 0x24bc51cb
Model has 16 linear objective coefficients and an objective constant of -7.4392284087869989e+00
Model has 120 quadratic objective terms
Variable types: 0 continuous, 16 integer (16 binary)
Coefficient statistics:
  Matrix range     [1e+00, 1e+00]
  Objective range  [2e-01, 4e+00]
  QObjective range [1e-02, 3e+00]
  Bounds range     [1e+00, 1e+00]
  RHS range        [8e+00, 8e+00]
Found heuristic solution: objective -0.7794392
Variable types: 0 continuous, 136 integer (136 binary)

Root relaxation: objective -1.640320e+01, 32 iterations, 0.00 seconds (0.00 work units)

    Nodes    |    Current Node    |     Objective Bounds      |     Work
 Expl Unexpl |  Obj  Depth IntInf | Incumbent    BestBd   Gap | It/Node Time

     0     0  -16.40320    0   16   -0.77944  -16.40320  2004%     -    0s
H    0     0                      -2.1993711  -16.40320   646%     -    0s
H    0     0                      -2.5182063  -16.40320   551%     -    0s
H    0     0                      -2.6357026  -16.40320   522%     -    0s
H    0     0                      -5.4977648  -16.40320   198%     -    0s
     0     0   -7.31840    0  109   -5.49776   -7.31840  33.1%     -    0s
     0     0   -7.00051    0  110   -5.49776   -7.00051  27.3%     -    0s
     0     0   -7.00051    0  110   -5.49776   -7.00051  27.3%     -    0s
     0     2   -7.00051    0  110   -5.49776   -7.00051  27.3%     -    0s

Cutting planes:
  Gomory: 3
  MIR: 19
  Zero half: 13
  RLT: 22
  BQP: 45

Explored 34 nodes (1168 simplex iterations) in 0.05 seconds (0.04 work units)
Thread count was 8 (of 96 available processors)

Solution count 5: -5.49776 -2.6357 -2.51821 ... -0.779439
No other solutions better than -5.49776

Optimal solution found (tolerance 1.00e-06)
Best objective -5.497764785419e+00, best bound -5.497764785419e+00, gap 0.0000%

User-callback calls 173, time in user-callback 0.00 sec
