
Gurobi 13.0.0 (linux64) logging started Sun May  3 10:54:20 2026

Set parameter LogFile to value "logs/N=16_layers=1_presolve_off/N=16/seed=21/quantum_layers=1/precond_pen=0.500.log"
Set parameter MIPGap to value 1e-06
Set parameter Threads to value 8
Set parameter Presolve to value 0
Gurobi Optimizer version 13.0.0 build v13.0.0rc1 (linux64 - "Oracle Linux Server 9.7")

CPU model: AMD EPYC 7643 48-Core Processor, instruction set [SSE2|AVX|AVX2]
Thread count: 48 physical cores, 96 logical processors, using up to 8 threads

Non-default parameters:
MIPGap  1e-06
Presolve  0
Threads  8

Optimize a model with 1 rows, 16 columns and 16 nonzeros (Min)
Model fingerprint: 0x3b72a7c6
Model has 16 linear objective coefficients and an objective constant of 6.3916633386670005e+00
Model has 120 quadratic objective terms
Variable types: 0 continuous, 16 integer (16 binary)
Coefficient statistics:
  Matrix range     [1e+00, 1e+00]
  Objective range  [1e+00, 2e+00]
  QObjective range [1e-02, 2e+00]
  Bounds range     [1e+00, 1e+00]
  RHS range        [8e+00, 8e+00]
Found heuristic solution: objective -1.0459358
Variable types: 0 continuous, 136 integer (136 binary)

Root relaxation: objective -8.020873e+00, 23 iterations, 0.00 seconds (0.00 work units)

    Nodes    |    Current Node    |     Objective Bounds      |     Work
 Expl Unexpl |  Obj  Depth IntInf | Incumbent    BestBd   Gap | It/Node Time

     0     0   -8.02087    0   16   -1.04594   -8.02087   667%     -    0s
H    0     0                      -1.2502305   -8.02087   542%     -    0s
H    0     0                      -2.7621502   -8.02087   190%     -    0s
     0     0   -2.92272    0  104   -2.76215   -2.92272  5.81%     -    0s
     0     0   -2.87932    0  118   -2.76215   -2.87932  4.24%     -    0s
     0     0   -2.87932    0  118   -2.76215   -2.87932  4.24%     -    0s
     0     0   -2.87932    0  118   -2.76215   -2.87932  4.24%     -    0s
     0     2   -2.87932    0  118   -2.76215   -2.87932  4.24%     -    0s
H    4     4                      -2.8024726   -2.84006  1.34%  25.2    0s

Cutting planes:
  Gomory: 2
  MIR: 16
  Zero half: 10
  RLT: 8
  BQP: 74

Explored 11 nodes (662 simplex iterations) in 0.05 seconds (0.04 work units)
Thread count was 8 (of 96 available processors)

Solution count 4: -2.80247 -2.76215 -1.25023 -1.04594 
No other solutions better than -2.80247

Optimal solution found (tolerance 1.00e-06)
Best objective -2.802472553793e+00, best bound -2.802472553793e+00, gap 0.0000%

User-callback calls 123, time in user-callback 0.00 sec
