
Gurobi 13.0.0 (linux64) logging started Sun May  3 10:54:20 2026

Set parameter LogFile to value "logs/N=16_layers=1_presolve_off/N=16/seed=21/quantum_layers=1/precond_pen=0.600.log"
Set parameter MIPGap to value 1e-06
Set parameter Threads to value 8
Set parameter Presolve to value 0
Gurobi Optimizer version 13.0.0 build v13.0.0rc1 (linux64 - "Oracle Linux Server 9.7")

CPU model: AMD EPYC 7643 48-Core Processor, instruction set [SSE2|AVX|AVX2]
Thread count: 48 physical cores, 96 logical processors, using up to 8 threads

Non-default parameters:
MIPGap  1e-06
Presolve  0
Threads  8

Optimize a model with 1 rows, 16 columns and 16 nonzeros (Min)
Model fingerprint: 0xb1cf8d1b
Model has 16 linear objective coefficients and an objective constant of 6.633903204312
Model has 120 quadratic objective terms
Variable types: 0 continuous, 16 integer (16 binary)
Coefficient statistics:
  Matrix range     [1e+00, 1e+00]
  Objective range  [1e+00, 2e+00]
  QObjective range [5e-03, 1e+00]
  Bounds range     [1e+00, 1e+00]
  RHS range        [8e+00, 8e+00]
Found heuristic solution: objective -0.8933210
Variable types: 0 continuous, 136 integer (136 binary)

Root relaxation: objective -6.979769e+00, 54 iterations, 0.00 seconds (0.00 work units)

    Nodes    |    Current Node    |     Objective Bounds      |     Work
 Expl Unexpl |  Obj  Depth IntInf | Incumbent    BestBd   Gap | It/Node Time

     0     0   -6.97977    0   16   -0.89332   -6.97977   681%     -    0s
H    0     0                      -1.0599785   -6.97977   558%     -    0s
H    0     0                      -2.0706980   -6.97977   237%     -    0s
H    0     0                      -2.0709815   -5.06389   145%     -    0s
     0     0   -2.21189    0  112   -2.07098   -2.21189  6.80%     -    0s

Cutting planes:
  Gomory: 4
  MIR: 52
  Zero half: 12
  RLT: 41
  BQP: 236

Explored 1 nodes (590 simplex iterations) in 0.06 seconds (0.04 work units)
Thread count was 8 (of 96 available processors)

Solution count 4: -2.07098 -2.0707 -1.05998 -0.893321 
No other solutions better than -2.07098

Optimal solution found (tolerance 1.00e-06)
Best objective -2.070981470536e+00, best bound -2.070981470536e+00, gap 0.0000%

User-callback calls 80, time in user-callback 0.00 sec
