
Gurobi 13.0.0 (linux64) logging started Sun May  3 10:54:20 2026

Set parameter LogFile to value "logs/N=16_layers=1_presolve_off/N=16/seed=21/quantum_layers=1/precond_pen=0.000.log"
Set parameter MIPGap to value 1e-06
Set parameter Threads to value 8
Set parameter Presolve to value 0
Gurobi Optimizer version 13.0.0 build v13.0.0rc1 (linux64 - "Oracle Linux Server 9.7")

CPU model: AMD EPYC 7643 48-Core Processor, instruction set [SSE2|AVX|AVX2]
Thread count: 48 physical cores, 96 logical processors, using up to 8 threads

Non-default parameters:
MIPGap  1e-06
Presolve  0
Threads  8

Optimize a model with 1 rows, 16 columns and 16 nonzeros (Min)
Model fingerprint: 0x3de2be0d
Model has 16 linear objective coefficients and an objective constant of -4.2492538596970007e+01
Model has 120 quadratic objective terms
Variable types: 0 continuous, 16 integer (16 binary)
Coefficient statistics:
  Matrix range     [1e+00, 1e+00]
  Objective range  [9e+00, 1e+01]
  QObjective range [2e+00, 4e+00]
  Bounds range     [1e+00, 1e+00]
  RHS range        [8e+00, 8e+00]
Found heuristic solution: objective 2.4512352
Variable types: 0 continuous, 136 integer (136 binary)

Root relaxation: objective -4.249254e+01, 6 iterations, 0.00 seconds (0.00 work units)

    Nodes    |    Current Node    |     Objective Bounds      |     Work
 Expl Unexpl |  Obj  Depth IntInf | Incumbent    BestBd   Gap | It/Node Time

     0     0  -42.49254    0   16    2.45124  -42.49254  1834%     -    0s
H    0     0                       2.4410006  -42.49254  1841%     -    0s
H    0     0                       2.0160932  -42.49254  2208%     -    0s
H    0     0                       1.9866991  -42.49254  2239%     -    0s
H    0     0                      -0.0187795  -42.49254      -     -    0s
     0     0   -5.56247    0   16   -0.01878   -5.56247      -     -    0s
     0     0   -5.52110    0   24   -0.01878   -5.52110      -     -    0s
     0     0   -4.24560    0   39   -0.01878   -4.24560      -     -    0s
     0     0   -4.23613    0   39   -0.01878   -4.23613      -     -    0s
     0     2   -4.20914    0   39   -0.01878   -4.20914      -     -    0s

Cutting planes:
  Gomory: 2
  MIR: 17
  Mod-K: 1
  RLT: 14

Explored 229 nodes (6376 simplex iterations) in 0.07 seconds (0.07 work units)
Thread count was 8 (of 96 available processors)

Solution count 5: -0.0187795 1.9867 2.01609 ... 2.45124

Optimal solution found (tolerance 1.00e-06)
Best objective -1.877949079801e-02, best bound -1.877949079801e-02, gap 0.0000%

User-callback calls 567, time in user-callback 0.00 sec
