
Gurobi 13.0.0 (linux64) logging started Sun May  3 10:58:51 2026

Set parameter LogFile to value "logs/N=16_layers=2_presolve_off/N=16/seed=39/quantum_layers=2/precond_pen=0.200.log"
Set parameter MIPGap to value 1e-06
Set parameter Threads to value 8
Set parameter Presolve to value 0
Gurobi Optimizer version 13.0.0 build v13.0.0rc1 (linux64 - "Oracle Linux Server 9.7")

CPU model: AMD EPYC 7643 48-Core Processor, instruction set [SSE2|AVX|AVX2]
Thread count: 48 physical cores, 96 logical processors, using up to 8 threads

Non-default parameters:
MIPGap  1e-06
Presolve  0
Threads  8

Optimize a model with 1 rows, 16 columns and 16 nonzeros (Min)
Model fingerprint: 0x97ddbf05
Model has 16 linear objective coefficients and an objective constant of -1.6593891214948002e+01
Model has 120 quadratic objective terms
Variable types: 0 continuous, 16 integer (16 binary)
Coefficient statistics:
  Matrix range     [1e+00, 1e+00]
  Objective range  [6e-01, 8e+00]
  QObjective range [3e-03, 5e+00]
  Bounds range     [1e+00, 1e+00]
  RHS range        [8e+00, 8e+00]
Found heuristic solution: objective 0.4755804
Variable types: 0 continuous, 136 integer (136 binary)

Root relaxation: objective -2.341280e+01, 7 iterations, 0.00 seconds (0.00 work units)

    Nodes    |    Current Node    |     Objective Bounds      |     Work
 Expl Unexpl |  Obj  Depth IntInf | Incumbent    BestBd   Gap | It/Node Time

     0     0  -23.41280    0   16    0.47558  -23.41280  5023%     -    0s
H    0     0                      -0.0243070  -23.41280      -     -    0s
H    0     0                      -0.2232883  -23.41280      -     -    0s
H    0     0                     -10.8390001  -23.41280   116%     -    0s
     0     0  -12.99774    0   78  -10.83900  -12.99774  19.9%     -    0s

Cutting planes:
  Gomory: 9
  Cover: 1
  MIR: 25
  Zero half: 17
  RLT: 23
  BQP: 46

Explored 1 nodes (209 simplex iterations) in 0.02 seconds (0.02 work units)
Thread count was 8 (of 96 available processors)

Solution count 4: -10.839 -0.223288 -0.024307 0.47558 
No other solutions better than -10.839

Optimal solution found (tolerance 1.00e-06)
Best objective -1.083900014667e+01, best bound -1.083900014667e+01, gap 0.0000%

User-callback calls 76, time in user-callback 0.00 sec
