
Gurobi 13.0.0 (linux64) logging started Tue Mar 31 15:12:45 2026

Set parameter LogFile to value "logs/N=16_layers=2_presolve_off/N=16/seed=3/n_qaoa_layers=2/baseline.log"
Set parameter MIPGap to value 1e-06
Set parameter Threads to value 8
Set parameter Presolve to value 0
Gurobi Optimizer version 13.0.0 build v13.0.0rc1 (linux64 - "Oracle Linux Server 9.7")

CPU model: AMD EPYC 7643 48-Core Processor, instruction set [SSE2|AVX|AVX2]
Thread count: 48 physical cores, 96 logical processors, using up to 8 threads

Non-default parameters:
MIPGap  1e-06
Presolve  0
Threads  8

Optimize a model with 1 rows, 16 columns and 16 nonzeros (Min)
Model fingerprint: 0x164d0302
Model has 16 linear objective coefficients and an objective constant of 5.9885429948280944e-12
Model has 120 quadratic objective terms
Variable types: 0 continuous, 16 integer (16 binary)
Coefficient statistics:
  Matrix range     [1e+00, 1e+00]
  Objective range  [1e+01, 2e+01]
  QObjective range [1e-02, 8e+00]
  Bounds range     [1e+00, 1e+00]
  RHS range        [8e+00, 8e+00]
Found heuristic solution: objective 65.7047558
Variable types: 0 continuous, 136 integer (136 binary)

Root relaxation: objective 5.984990e-12, 10 iterations, 0.00 seconds (0.00 work units)

    Nodes    |    Current Node    |     Objective Bounds      |     Work
 Expl Unexpl |  Obj  Depth IntInf | Incumbent    BestBd   Gap | It/Node Time

     0     0    0.00000    0   16   65.70476    0.00000   100%     -    0s
H    0     0                      64.9794517    0.00000   100%     -    0s
H    0     0                      64.8397040    0.00000   100%     -    0s
H    0     0                      63.1935564    0.00000   100%     -    0s
H    0     0                      56.3682471    0.00000   100%     -    0s
     0     0   24.62750    0   29   56.36825   24.62750  56.3%     -    0s
     0     0   24.64579    0   26   56.36825   24.64579  56.3%     -    0s
     0     0   30.70949    0   52   56.36825   30.70949  45.5%     -    0s
     0     0   30.77422    0   52   56.36825   30.77422  45.4%     -    0s
     0     2   31.17722    0   52   56.36825   31.17722  44.7%     -    0s
*  261   124              10      56.1635978   45.07052  19.8%  25.4    0s
*  474   106              10      54.8290070   49.18770  10.3%  22.4    0s

Cutting planes:
  Gomory: 3
  Cover: 3
  MIR: 47
  StrongCG: 12
  RLT: 13

Explored 702 nodes (13910 simplex iterations) in 0.09 seconds (0.09 work units)
Thread count was 8 (of 96 available processors)

Solution count 7: 54.829 56.1636 56.3682 ... 65.7048

Optimal solution found (tolerance 1.00e-06)
Best objective 5.482900695729e+01, best bound 5.482900695729e+01, gap 0.0000%

User-callback calls 1525, time in user-callback 0.00 sec
