
Gurobi 13.0.0 (linux64) logging started Tue Mar 31 15:12:46 2026

Set parameter LogFile to value "logs/N=16_layers=2_presolve_off/N=16/seed=3/n_qaoa_layers=2/precond_pen=0.700.log"
Set parameter MIPGap to value 1e-06
Set parameter Threads to value 8
Set parameter Presolve to value 0
Gurobi Optimizer version 13.0.0 build v13.0.0rc1 (linux64 - "Oracle Linux Server 9.7")

CPU model: AMD EPYC 7643 48-Core Processor, instruction set [SSE2|AVX|AVX2]
Thread count: 48 physical cores, 96 logical processors, using up to 8 threads

Non-default parameters:
MIPGap  1e-06
Presolve  0
Threads  8

Optimize a model with 1 rows, 16 columns and 16 nonzeros (Min)
Model fingerprint: 0x03e0d444
Model has 16 linear objective coefficients and an objective constant of 6.407014586957
Model has 120 quadratic objective terms
Variable types: 0 continuous, 16 integer (16 binary)
Coefficient statistics:
  Matrix range     [1e+00, 1e+00]
  Objective range  [1e+00, 2e+00]
  QObjective range [8e-04, 2e+00]
  Bounds range     [1e+00, 1e+00]
  RHS range        [8e+00, 8e+00]
Found heuristic solution: objective 0.1673450
Variable types: 0 continuous, 136 integer (136 binary)

Root relaxation: objective -1.108193e+01, 40 iterations, 0.00 seconds (0.00 work units)

    Nodes    |    Current Node    |     Objective Bounds      |     Work
 Expl Unexpl |  Obj  Depth IntInf | Incumbent    BestBd   Gap | It/Node Time

     0     0  -11.08193    0   16    0.16734  -11.08193  6722%     -    0s
H    0     0                      -1.6676236  -11.08193   565%     -    0s
H    0     0                      -4.7750789  -11.08193   132%     -    0s
H    0     0                      -4.9164359   -8.58759  74.7%     -    0s
     0     0 infeasible    0        -4.91644   -4.91644  0.00%     -    0s

Cutting planes:
  Gomory: 1
  MIR: 41
  Zero half: 29
  RLT: 39
  BQP: 180

Explored 1 nodes (284 simplex iterations) in 0.02 seconds (0.01 work units)
Thread count was 8 (of 96 available processors)

Solution count 4: -4.91644 -4.77508 -1.66762 0.167345 
No other solutions better than -4.91644

Optimal solution found (tolerance 1.00e-06)
Best objective -4.916435931333e+00, best bound -4.916435931333e+00, gap 0.0000%

User-callback calls 70, time in user-callback 0.00 sec
