
Gurobi 13.0.0 (linux64) logging started Tue Mar 31 15:12:32 2026

Set parameter LogFile to value "logs/N=16_layers=2_presolve_on/N=16/seed=10/n_qaoa_layers=2/precond_pen=0.500.log"
Set parameter MIPGap to value 1e-06
Set parameter Threads to value 8
Gurobi Optimizer version 13.0.0 build v13.0.0rc1 (linux64 - "Oracle Linux Server 9.7")

CPU model: AMD EPYC 7643 48-Core Processor, instruction set [SSE2|AVX|AVX2]
Thread count: 48 physical cores, 96 logical processors, using up to 8 threads

Non-default parameters:
MIPGap  1e-06
Threads  8

Optimize a model with 1 rows, 16 columns and 16 nonzeros (Min)
Model fingerprint: 0x58372b49
Model has 16 linear objective coefficients and an objective constant of 5.8669361448890021e+00
Model has 120 quadratic objective terms
Variable types: 0 continuous, 16 integer (16 binary)
Coefficient statistics:
  Matrix range     [1e+00, 1e+00]
  Objective range  [1e+00, 2e+00]
  QObjective range [2e-02, 3e+00]
  Bounds range     [1e+00, 1e+00]
  RHS range        [8e+00, 8e+00]
Found heuristic solution: objective 0.9403430
Presolve time: 0.00s
Presolved: 121 rows, 136 columns, 376 nonzeros
Variable types: 0 continuous, 136 integer (136 binary)

Root relaxation: objective -1.711374e+01, 16 iterations, 0.00 seconds (0.00 work units)

    Nodes    |    Current Node    |     Objective Bounds      |     Work
 Expl Unexpl |  Obj  Depth IntInf | Incumbent    BestBd   Gap | It/Node Time

     0     0  -17.11374    0   16    0.94034  -17.11374  1920%     -    0s
H    0     0                      -3.2749755  -17.11374   423%     -    0s
H    0     0                      -4.2217203  -17.11374   305%     -    0s
H    0     0                      -8.6397730  -17.11374  98.1%     -    0s
H    0     0                      -8.8210601  -17.11374  94.0%     -    0s
     0     0   -9.39492    0   57   -8.82106   -9.39492  6.51%     -    0s

Cutting planes:
  Gomory: 2
  MIR: 86
  StrongCG: 4
  Flow cover: 23
  Zero half: 24
  RLT: 27
  BQP: 117

Explored 1 nodes (192 simplex iterations) in 0.03 seconds (0.02 work units)
Thread count was 8 (of 96 available processors)

Solution count 5: -8.82106 -8.63977 -4.22172 ... 0.940343
No other solutions better than -8.82106

Optimal solution found (tolerance 1.00e-06)
Best objective -8.821060145597e+00, best bound -8.821060145597e+00, gap 0.0000%

User-callback calls 174, time in user-callback 0.00 sec
