
Gurobi 13.0.0 (linux64) logging started Tue Mar 31 15:12:32 2026

Set parameter LogFile to value "logs/N=16_layers=2_presolve_on/N=16/seed=10/n_qaoa_layers=2/precond_pen=0.800.log"
Set parameter MIPGap to value 1e-06
Set parameter Threads to value 8
Gurobi Optimizer version 13.0.0 build v13.0.0rc1 (linux64 - "Oracle Linux Server 9.7")

CPU model: AMD EPYC 7643 48-Core Processor, instruction set [SSE2|AVX|AVX2]
Thread count: 48 physical cores, 96 logical processors, using up to 8 threads

Non-default parameters:
MIPGap  1e-06
Threads  8

Optimize a model with 1 rows, 16 columns and 16 nonzeros (Min)
Model fingerprint: 0x4eb394ee
Model has 16 linear objective coefficients and an objective constant of 6.5754743553190007e+00
Model has 120 quadratic objective terms
Variable types: 0 continuous, 16 integer (16 binary)
Coefficient statistics:
  Matrix range     [1e+00, 1e+00]
  Objective range  [1e+00, 2e+00]
  QObjective range [3e-02, 2e+00]
  Bounds range     [1e+00, 1e+00]
  RHS range        [8e+00, 8e+00]
Found heuristic solution: objective 0.2737912
Presolve time: 0.00s
Presolved: 121 rows, 136 columns, 376 nonzeros
Variable types: 0 continuous, 136 integer (136 binary)

Root relaxation: objective -9.817361e+00, 34 iterations, 0.00 seconds (0.00 work units)

    Nodes    |    Current Node    |     Objective Bounds      |     Work
 Expl Unexpl |  Obj  Depth IntInf | Incumbent    BestBd   Gap | It/Node Time

     0     0   -9.81736    0   16    0.27379   -9.81736  3686%     -    0s
H    0     0                      -1.0716006   -9.81736   816%     -    0s
H    0     0                      -1.7027313   -9.81736   477%     -    0s
H    0     0                      -3.4446793   -9.81736   185%     -    0s
H    0     0                      -4.0568501   -9.81736   142%     -    0s
     0     0   -4.27060    0   60   -4.05685   -4.27060  5.27%     -    0s
H    0     0                      -4.2029247   -4.27060  1.61%     -    0s

Cutting planes:
  Gomory: 7
  MIR: 107
  StrongCG: 4
  Flow cover: 13
  Zero half: 20
  RLT: 28
  BQP: 133

Explored 1 nodes (280 simplex iterations) in 0.04 seconds (0.02 work units)
Thread count was 8 (of 96 available processors)

Solution count 6: -4.20292 -4.05685 -3.44468 ... 0.273791
No other solutions better than -4.20292

Optimal solution found (tolerance 1.00e-06)
Best objective -4.202924736881e+00, best bound -4.202924736881e+00, gap 0.0000%

User-callback calls 177, time in user-callback 0.00 sec
