
Gurobi 13.0.0 (linux64) logging started Tue Mar 31 15:12:32 2026

Set parameter LogFile to value "logs/N=16_layers=2_presolve_on/N=16/seed=10/n_qaoa_layers=2/precond_pen=1.000.log"
Set parameter MIPGap to value 1e-06
Set parameter Threads to value 8
Gurobi Optimizer version 13.0.0 build v13.0.0rc1 (linux64 - "Oracle Linux Server 9.7")

CPU model: AMD EPYC 7643 48-Core Processor, instruction set [SSE2|AVX|AVX2]
Thread count: 48 physical cores, 96 logical processors, using up to 8 threads

Non-default parameters:
MIPGap  1e-06
Threads  8

Optimize a model with 1 rows, 16 columns and 16 nonzeros (Min)
Model fingerprint: 0x2c7b4a8a
Model has 16 linear objective coefficients and an objective constant of 7.3156649877540012e+00
Model has 120 quadratic objective terms
Variable types: 0 continuous, 16 integer (16 binary)
Coefficient statistics:
  Matrix range     [1e+00, 1e+00]
  Objective range  [2e+00, 2e+00]
  QObjective range [8e-03, 1e+00]
  Bounds range     [1e+00, 1e+00]
  RHS range        [8e+00, 8e+00]
Found heuristic solution: objective -0.1717971
Presolve time: 0.00s
Presolved: 121 rows, 136 columns, 376 nonzeros
Variable types: 0 continuous, 136 integer (136 binary)

Root relaxation: objective -7.346815e+00, 39 iterations, 0.00 seconds (0.00 work units)

    Nodes    |    Current Node    |     Objective Bounds      |     Work
 Expl Unexpl |  Obj  Depth IntInf | Incumbent    BestBd   Gap | It/Node Time

     0     0   -7.34681    0   16   -0.17180   -7.34681  4176%     -    0s
H    0     0                      -0.7796266   -7.34681   842%     -    0s
H    0     0                      -1.0156640   -7.34681   623%     -    0s
H    0     0                      -1.7056265   -7.34681   331%     -    0s
     0     0   -2.11740    0  117   -1.70563   -2.11740  24.1%     -    0s
H    0     0                      -1.9849037   -2.11740  6.68%     -    0s
     0     0   -1.98490    0  101   -1.98490   -1.98490  0.00%     -    0s

Cutting planes:
  Gomory: 7
  Cover: 2
  Dual implied bound: 8
  MIR: 71
  StrongCG: 1
  Zero half: 26
  RLT: 31
  BQP: 225

Explored 1 nodes (857 simplex iterations) in 0.08 seconds (0.06 work units)
Thread count was 8 (of 96 available processors)

Solution count 5: -1.9849 -1.70563 -1.01566 ... -0.171797
No other solutions better than -1.9849

Optimal solution found (tolerance 1.00e-06)
Best objective -1.984903687654e+00, best bound -1.984903687654e+00, gap 0.0000%

User-callback calls 184, time in user-callback 0.00 sec
