
Gurobi 13.0.0 (linux64) logging started Tue Mar 31 15:12:32 2026

Set parameter LogFile to value "logs/N=16_layers=2_presolve_on/N=16/seed=10/n_qaoa_layers=2/precond_pen=0.700.log"
Set parameter MIPGap to value 1e-06
Set parameter Threads to value 8
Gurobi Optimizer version 13.0.0 build v13.0.0rc1 (linux64 - "Oracle Linux Server 9.7")

CPU model: AMD EPYC 7643 48-Core Processor, instruction set [SSE2|AVX|AVX2]
Thread count: 48 physical cores, 96 logical processors, using up to 8 threads

Non-default parameters:
MIPGap  1e-06
Threads  8

Optimize a model with 1 rows, 16 columns and 16 nonzeros (Min)
Model fingerprint: 0x0a68f87b
Model has 16 linear objective coefficients and an objective constant of 6.3976616923029983e+00
Model has 120 quadratic objective terms
Variable types: 0 continuous, 16 integer (16 binary)
Coefficient statistics:
  Matrix range     [1e+00, 1e+00]
  Objective range  [1e+00, 2e+00]
  QObjective range [4e-02, 2e+00]
  Bounds range     [1e+00, 1e+00]
  RHS range        [8e+00, 8e+00]
Found heuristic solution: objective 0.4616222
Presolve time: 0.00s
Presolved: 121 rows, 136 columns, 376 nonzeros
Variable types: 0 continuous, 136 integer (136 binary)

Root relaxation: objective -1.151793e+01, 29 iterations, 0.00 seconds (0.00 work units)

    Nodes    |    Current Node    |     Objective Bounds      |     Work
 Expl Unexpl |  Obj  Depth IntInf | Incumbent    BestBd   Gap | It/Node Time

     0     0  -11.51793    0   16    0.46162  -11.51793  2595%     -    0s
H    0     0                      -2.3457124  -11.51793   391%     -    0s
H    0     0                      -4.2623750  -11.51793   170%     -    0s
H    0     0                      -5.0961358  -11.51793   126%     -    0s
     0     0   -5.48297    0   59   -5.09614   -5.48297  7.59%     -    0s
H    0     0                      -5.2675419   -5.48297  4.09%     -    0s

Cutting planes:
  Gomory: 11
  MIR: 145
  StrongCG: 2
  Flow cover: 34
  Zero half: 26
  RLT: 23
  BQP: 137

Explored 1 nodes (264 simplex iterations) in 0.03 seconds (0.02 work units)
Thread count was 8 (of 96 available processors)

Solution count 5: -5.26754 -5.09614 -4.26237 ... 0.461622
No other solutions better than -5.26754

Optimal solution found (tolerance 1.00e-06)
Best objective -5.267541922761e+00, best bound -5.267541922761e+00, gap 0.0000%

User-callback calls 175, time in user-callback 0.00 sec
