
Gurobi 13.0.0 (linux64) logging started Tue Mar 31 15:12:53 2026

Set parameter LogFile to value "logs/N=16_layers=2_presolve_off/N=16/seed=27/n_qaoa_layers=2/precond_pen=0.700.log"
Set parameter MIPGap to value 1e-06
Set parameter Threads to value 8
Set parameter Presolve to value 0
Gurobi Optimizer version 13.0.0 build v13.0.0rc1 (linux64 - "Oracle Linux Server 9.7")

CPU model: AMD EPYC 7643 48-Core Processor, instruction set [SSE2|AVX|AVX2]
Thread count: 48 physical cores, 96 logical processors, using up to 8 threads

Non-default parameters:
MIPGap  1e-06
Presolve  0
Threads  8

Optimize a model with 1 rows, 16 columns and 16 nonzeros (Min)
Model fingerprint: 0xc0a8ca0d
Model has 16 linear objective coefficients and an objective constant of 6.269015385193
Model has 120 quadratic objective terms
Variable types: 0 continuous, 16 integer (16 binary)
Coefficient statistics:
  Matrix range     [1e+00, 1e+00]
  Objective range  [1e+00, 2e+00]
  QObjective range [5e-03, 2e+00]
  Bounds range     [1e+00, 1e+00]
  RHS range        [8e+00, 8e+00]
Found heuristic solution: objective 0.8838865
Variable types: 0 continuous, 136 integer (136 binary)

Root relaxation: objective -1.261008e+01, 33 iterations, 0.00 seconds (0.00 work units)

    Nodes    |    Current Node    |     Objective Bounds      |     Work
 Expl Unexpl |  Obj  Depth IntInf | Incumbent    BestBd   Gap | It/Node Time

     0     0  -12.61008    0   16    0.88389  -12.61008  1527%     -    0s
H    0     0                       0.6555439  -12.61008  2024%     -    0s
H    0     0                       0.1373608  -12.61008  9280%     -    0s
H    0     0                      -4.0547830  -12.61008   211%     -    0s
H    0     0                      -5.0788511  -12.61008   148%     -    0s
H    0     0                      -5.8473215   -9.70122  65.9%     -    0s
     0     0   -6.30572    0   57   -5.84732   -6.30572  7.84%     -    0s

Cutting planes:
  Gomory: 7
  MIR: 126
  Flow cover: 9
  Zero half: 20
  RLT: 28
  BQP: 130

Explored 1 nodes (250 simplex iterations) in 0.03 seconds (0.02 work units)
Thread count was 8 (of 96 available processors)

Solution count 6: -5.84732 -5.07885 -4.05478 ... 0.883886
No other solutions better than -5.84732

Optimal solution found (tolerance 1.00e-06)
Best objective -5.847321477945e+00, best bound -5.847321477945e+00, gap 0.0000%

User-callback calls 80, time in user-callback 0.00 sec
