
Gurobi 13.0.0 (linux64) logging started Tue Mar 31 15:12:53 2026

Set parameter LogFile to value "logs/N=16_layers=2_presolve_off/N=16/seed=27/n_qaoa_layers=2/precond_pen=0.600.log"
Set parameter MIPGap to value 1e-06
Set parameter Threads to value 8
Set parameter Presolve to value 0
Gurobi Optimizer version 13.0.0 build v13.0.0rc1 (linux64 - "Oracle Linux Server 9.7")

CPU model: AMD EPYC 7643 48-Core Processor, instruction set [SSE2|AVX|AVX2]
Thread count: 48 physical cores, 96 logical processors, using up to 8 threads

Non-default parameters:
MIPGap  1e-06
Presolve  0
Threads  8

Optimize a model with 1 rows, 16 columns and 16 nonzeros (Min)
Model fingerprint: 0x9c0f5a47
Model has 16 linear objective coefficients and an objective constant of 6.0422314056829984e+00
Model has 120 quadratic objective terms
Variable types: 0 continuous, 16 integer (16 binary)
Coefficient statistics:
  Matrix range     [1e+00, 1e+00]
  Objective range  [1e+00, 2e+00]
  QObjective range [7e-03, 3e+00]
  Bounds range     [1e+00, 1e+00]
  RHS range        [8e+00, 8e+00]
Found heuristic solution: objective 1.3353248
Variable types: 0 continuous, 136 integer (136 binary)

Root relaxation: objective -1.532383e+01, 34 iterations, 0.00 seconds (0.00 work units)

    Nodes    |    Current Node    |     Objective Bounds      |     Work
 Expl Unexpl |  Obj  Depth IntInf | Incumbent    BestBd   Gap | It/Node Time

     0     0  -15.32383    0   16    1.33532  -15.32383  1248%     -    0s
H    0     0                      -0.5061844  -15.32383  2927%     -    0s
H    0     0                      -1.5729109  -15.32383   874%     -    0s
H    0     0                      -7.4785943  -15.32383   105%     -    0s
     0     0   -8.03066    0   57   -7.47859   -8.03066  7.38%     -    0s

Cutting planes:
  Gomory: 13
  Clique: 1
  MIR: 86
  StrongCG: 3
  Flow cover: 8
  Zero half: 26
  RLT: 24
  BQP: 133

Explored 1 nodes (230 simplex iterations) in 0.03 seconds (0.02 work units)
Thread count was 8 (of 96 available processors)

Solution count 4: -7.47859 -1.57291 -0.506184 1.33532 
No other solutions better than -7.47859

Optimal solution found (tolerance 1.00e-06)
Best objective -7.478594279775e+00, best bound -7.478594279775e+00, gap 0.0000%

User-callback calls 78, time in user-callback 0.00 sec
