
Gurobi 13.0.0 (linux64) logging started Sun Mar 22 16:50:44 2026

Set parameter LogFile to value "logs/N=12_presolve_off/N=12/seed=6/n_qaoa_layers=1/precond_pen=0.300.log"
Set parameter MIPGap to value 1e-06
Set parameter Threads to value 8
Set parameter Presolve to value 0
Gurobi Optimizer version 13.0.0 build v13.0.0rc1 (linux64 - "Oracle Linux Server 9.7")

CPU model: AMD EPYC 7643 48-Core Processor, instruction set [SSE2|AVX|AVX2]
Thread count: 48 physical cores, 96 logical processors, using up to 8 threads

Non-default parameters:
MIPGap  1e-06
Presolve  0
Threads  8

Optimize a model with 1 rows, 12 columns and 12 nonzeros (Min)
Model fingerprint: 0xaa0f1598
Model has 12 linear objective coefficients and an objective constant of 3.2598123703850006e+00
Model has 66 quadratic objective terms
Variable types: 0 continuous, 12 integer (12 binary)
Coefficient statistics:
  Matrix range     [1e+00, 1e+00]
  Objective range  [2e-02, 2e+00]
  QObjective range [3e-02, 4e+00]
  Bounds range     [1e+00, 1e+00]
  RHS range        [6e+00, 6e+00]
Found heuristic solution: objective -1.1781257
Variable types: 0 continuous, 78 integer (78 binary)

Root relaxation: objective -1.337592e+01, 11 iterations, 0.00 seconds (0.00 work units)

    Nodes    |    Current Node    |     Objective Bounds      |     Work
 Expl Unexpl |  Obj  Depth IntInf | Incumbent    BestBd   Gap | It/Node Time

     0     0  -13.37592    0   12   -1.17813  -13.37592  1035%     -    0s
H    0     0                      -6.7513306  -13.37592  98.1%     -    0s
H    0     0                     -11.5939563  -13.37592  15.4%     -    0s

Cutting planes:
  MIR: 14
  Zero half: 9
  RLT: 16
  BQP: 39

Explored 1 nodes (11 simplex iterations) in 0.00 seconds (0.00 work units)
Thread count was 8 (of 96 available processors)

Solution count 3: -11.594 -6.75133 -1.17813 
No other solutions better than -11.594

Optimal solution found (tolerance 1.00e-06)
Best objective -1.159395630655e+01, best bound -1.159395630655e+01, gap 0.0000%

User-callback calls 61, time in user-callback 0.00 sec
