
Gurobi 13.0.0 (linux64) logging started Tue Mar 31 15:12:56 2026

Set parameter LogFile to value "logs/N=16_layers=2_presolve_off/N=16/seed=38/n_qaoa_layers=2/precond_pen=0.600.log"
Set parameter MIPGap to value 1e-06
Set parameter Threads to value 8
Set parameter Presolve to value 0
Gurobi Optimizer version 13.0.0 build v13.0.0rc1 (linux64 - "Oracle Linux Server 9.7")

CPU model: AMD EPYC 7643 48-Core Processor, instruction set [SSE2|AVX|AVX2]
Thread count: 48 physical cores, 96 logical processors, using up to 8 threads

Non-default parameters:
MIPGap  1e-06
Presolve  0
Threads  8

Optimize a model with 1 rows, 16 columns and 16 nonzeros (Min)
Model fingerprint: 0xec2d4a88
Model has 16 linear objective coefficients and an objective constant of 6.2126748233929971e+00
Model has 120 quadratic objective terms
Variable types: 0 continuous, 16 integer (16 binary)
Coefficient statistics:
  Matrix range     [1e+00, 1e+00]
  Objective range  [1e+00, 2e+00]
  QObjective range [1e-02, 2e+00]
  Bounds range     [1e+00, 1e+00]
  RHS range        [8e+00, 8e+00]
Found heuristic solution: objective -3.4731127
Variable types: 0 continuous, 136 integer (136 binary)

Root relaxation: objective -1.365428e+01, 42 iterations, 0.00 seconds (0.00 work units)

    Nodes    |    Current Node    |     Objective Bounds      |     Work
 Expl Unexpl |  Obj  Depth IntInf | Incumbent    BestBd   Gap | It/Node Time

     0     0  -13.65428    0   16   -3.47311  -13.65428   293%     -    0s
H    0     0                      -3.8689809  -13.65428   253%     -    0s
H    0     0                      -5.8693856  -13.65428   133%     -    0s
H    0     0                      -6.0370411   -6.68137  10.7%     -    0s
     0     0   -6.68137    0   87   -6.03704   -6.68137  10.7%     -    0s
     0     0   -6.66089    0   84   -6.03704   -6.66089  10.3%     -    0s

Cutting planes:
  Gomory: 13
  MIR: 67
  Flow cover: 1
  Zero half: 21
  RLT: 14
  BQP: 84

Explored 1 nodes (268 simplex iterations) in 0.03 seconds (0.02 work units)
Thread count was 8 (of 96 available processors)

Solution count 4: -6.03704 -5.86939 -3.86898 -3.47311 
No other solutions better than -6.03704

Optimal solution found (tolerance 1.00e-06)
Best objective -6.037041134089e+00, best bound -6.037041134089e+00, gap 0.0000%

User-callback calls 80, time in user-callback 0.00 sec
