
Gurobi 13.0.0 (linux64) logging started Tue Mar 31 15:12:56 2026

Set parameter LogFile to value "logs/N=16_layers=2_presolve_off/N=16/seed=38/n_qaoa_layers=2/precond_pen=0.200.log"
Set parameter MIPGap to value 1e-06
Set parameter Threads to value 8
Set parameter Presolve to value 0
Gurobi Optimizer version 13.0.0 build v13.0.0rc1 (linux64 - "Oracle Linux Server 9.7")

CPU model: AMD EPYC 7643 48-Core Processor, instruction set [SSE2|AVX|AVX2]
Thread count: 48 physical cores, 96 logical processors, using up to 8 threads

Non-default parameters:
MIPGap  1e-06
Presolve  0
Threads  8

Optimize a model with 1 rows, 16 columns and 16 nonzeros (Min)
Model fingerprint: 0xf2887b8d
Model has 16 linear objective coefficients and an objective constant of -6.7067336348870006e+00
Model has 120 quadratic objective terms
Variable types: 0 continuous, 16 integer (16 binary)
Coefficient statistics:
  Matrix range     [1e+00, 1e+00]
  Objective range  [3e-01, 5e+00]
  QObjective range [9e-03, 5e+00]
  Bounds range     [1e+00, 1e+00]
  RHS range        [8e+00, 8e+00]
Found heuristic solution: objective -6.3346080
Variable types: 0 continuous, 136 integer (136 binary)

Root relaxation: objective -2.290398e+01, 12 iterations, 0.00 seconds (0.00 work units)

    Nodes    |    Current Node    |     Objective Bounds      |     Work
 Expl Unexpl |  Obj  Depth IntInf | Incumbent    BestBd   Gap | It/Node Time

     0     0  -22.90398    0   16   -6.33461  -22.90398   262%     -    0s
H    0     0                      -7.0378830  -22.90398   225%     -    0s
H    0     0                      -7.7570144  -22.90398   195%     -    0s
H    0     0                     -11.2766956  -22.90398   103%     -    0s
     0     0  -14.71395    0   58  -11.27670  -14.71395  30.5%     -    0s
H    0     0                     -11.4699946  -14.71395  28.3%     -    0s

Cutting planes:
  Gomory: 3
  MIR: 67
  StrongCG: 1
  Zero half: 10
  RLT: 29
  BQP: 82

Explored 1 nodes (164 simplex iterations) in 0.03 seconds (0.02 work units)
Thread count was 8 (of 96 available processors)

Solution count 5: -11.47 -11.2767 -7.75701 ... -6.33461
No other solutions better than -11.47

Optimal solution found (tolerance 1.00e-06)
Best objective -1.146999455868e+01, best bound -1.146999455868e+01, gap 0.0000%

User-callback calls 79, time in user-callback 0.00 sec
