
Gurobi 13.0.0 (linux64) logging started Tue Mar 31 15:12:40 2026

Set parameter LogFile to value "logs/N=16_layers=2_presolve_on/N=16/seed=34/n_qaoa_layers=2/precond_pen=0.200.log"
Set parameter MIPGap to value 1e-06
Set parameter Threads to value 8
Gurobi Optimizer version 13.0.0 build v13.0.0rc1 (linux64 - "Oracle Linux Server 9.7")

CPU model: AMD EPYC 7643 48-Core Processor, instruction set [SSE2|AVX|AVX2]
Thread count: 48 physical cores, 96 logical processors, using up to 8 threads

Non-default parameters:
MIPGap  1e-06
Threads  8

Optimize a model with 1 rows, 16 columns and 16 nonzeros (Min)
Model fingerprint: 0x99f7b07f
Model has 16 linear objective coefficients and an objective constant of -22.994065664237
Model has 120 quadratic objective terms
Variable types: 0 continuous, 16 integer (16 binary)
Coefficient statistics:
  Matrix range     [1e+00, 1e+00]
  Objective range  [3e-01, 9e+00]
  QObjective range [7e-02, 5e+00]
  Bounds range     [1e+00, 1e+00]
  RHS range        [8e+00, 8e+00]
Found heuristic solution: objective 1.2181764
Presolve time: 0.00s
Presolved: 121 rows, 136 columns, 376 nonzeros
Variable types: 0 continuous, 136 integer (136 binary)

Root relaxation: objective -2.969300e+01, 4 iterations, 0.00 seconds (0.00 work units)

    Nodes    |    Current Node    |     Objective Bounds      |     Work
 Expl Unexpl |  Obj  Depth IntInf | Incumbent    BestBd   Gap | It/Node Time

     0     0  -29.69300    0   16    1.21818  -29.69300  2537%     -    0s
H    0     0                      -0.4287732  -29.69300  6825%     -    0s
H    0     0                      -1.3251707  -29.69300  2141%     -    0s
H    0     0                      -9.5448193  -29.69300   211%     -    0s
     0     0  -16.51559    0   48   -9.54482  -16.51559  73.0%     -    0s
     0     0  -12.45693    0   69   -9.54482  -12.45693  30.5%     -    0s
     0     0  -12.42882    0   69   -9.54482  -12.42882  30.2%     -    0s
     0     2  -12.42882    0   69   -9.54482  -12.42882  30.2%     -    0s

Cutting planes:
  Dual implied bound: 13
  MIR: 19
  StrongCG: 1
  Zero half: 4
  RLT: 18
  BQP: 27

Explored 17 nodes (831 simplex iterations) in 0.05 seconds (0.04 work units)
Thread count was 8 (of 96 available processors)

Solution count 4: -9.54482 -1.32517 -0.428773 1.21818 
No other solutions better than -9.54482

Optimal solution found (tolerance 1.00e-06)
Best objective -9.544819326147e+00, best bound -9.544819326147e+00, gap 0.0000%

User-callback calls 230, time in user-callback 0.00 sec
