
Gurobi 13.0.0 (linux64) logging started Tue Mar 31 15:06:59 2026

Set parameter LogFile to value "logs/N=12_layers=3_presolve_off/N=12/seed=47/n_qaoa_layers=3/precond_pen=0.500.log"
Set parameter MIPGap to value 1e-06
Set parameter Threads to value 8
Set parameter Presolve to value 0
Gurobi Optimizer version 13.0.0 build v13.0.0rc1 (linux64 - "Oracle Linux Server 9.7")

CPU model: AMD EPYC 7643 48-Core Processor, instruction set [SSE2|AVX|AVX2]
Thread count: 48 physical cores, 96 logical processors, using up to 8 threads

Non-default parameters:
MIPGap  1e-06
Presolve  0
Threads  8

Optimize a model with 1 rows, 12 columns and 12 nonzeros (Min)
Model fingerprint: 0x0988109d
Model has 12 linear objective coefficients and an objective constant of 4.7891298952380010e+00
Model has 66 quadratic objective terms
Variable types: 0 continuous, 12 integer (12 binary)
Coefficient statistics:
  Matrix range     [1e+00, 1e+00]
  Objective range  [1e+00, 2e+00]
  QObjective range [1e-01, 5e+00]
  Bounds range     [1e+00, 1e+00]
  RHS range        [6e+00, 6e+00]
Found heuristic solution: objective -0.6837548
Variable types: 0 continuous, 78 integer (78 binary)

Root relaxation: objective -1.511558e+01, 8 iterations, 0.00 seconds (0.00 work units)

    Nodes    |    Current Node    |     Objective Bounds      |     Work
 Expl Unexpl |  Obj  Depth IntInf | Incumbent    BestBd   Gap | It/Node Time

     0     0  -15.11558    0   12   -0.68375  -15.11558  2111%     -    0s
H    0     0                      -3.9828552  -15.11558   280%     -    0s
H    0     0                      -6.4055814  -15.11558   136%     -    0s
H    0     0                     -11.0201544  -15.11558  37.2%     -    0s

Cutting planes:
  Gomory: 1
  MIR: 16
  Zero half: 8
  RLT: 11
  BQP: 40

Explored 1 nodes (8 simplex iterations) in 0.01 seconds (0.00 work units)
Thread count was 8 (of 96 available processors)

Solution count 4: -11.0202 -6.40558 -3.98286 -0.683755 
No other solutions better than -11.0202

Optimal solution found (tolerance 1.00e-06)
Best objective -1.102015438889e+01, best bound -1.102015438889e+01, gap 0.0000%

User-callback calls 64, time in user-callback 0.00 sec

Gurobi 13.0.0 (linux64) logging started Tue Mar 31 15:10:58 2026

Set parameter LogFile to value "logs/N=12_layers=3_presolve_off/N=12/seed=47/n_qaoa_layers=3/precond_pen=0.500.log"
Set parameter MIPGap to value 1e-06
Set parameter Threads to value 8
Set parameter Presolve to value 0
Gurobi Optimizer version 13.0.0 build v13.0.0rc1 (linux64 - "Oracle Linux Server 9.7")

CPU model: AMD EPYC 7643 48-Core Processor, instruction set [SSE2|AVX|AVX2]
Thread count: 48 physical cores, 96 logical processors, using up to 8 threads

Non-default parameters:
MIPGap  1e-06
Presolve  0
Threads  8

Optimize a model with 1 rows, 12 columns and 12 nonzeros (Min)
Model fingerprint: 0x0988109d
Model has 12 linear objective coefficients and an objective constant of 4.7891298952380010e+00
Model has 66 quadratic objective terms
Variable types: 0 continuous, 12 integer (12 binary)
Coefficient statistics:
  Matrix range     [1e+00, 1e+00]
  Objective range  [1e+00, 2e+00]
  QObjective range [1e-01, 5e+00]
  Bounds range     [1e+00, 1e+00]
  RHS range        [6e+00, 6e+00]
Found heuristic solution: objective -0.6837548
Variable types: 0 continuous, 78 integer (78 binary)

Root relaxation: objective -1.511558e+01, 8 iterations, 0.00 seconds (0.00 work units)

    Nodes    |    Current Node    |     Objective Bounds      |     Work
 Expl Unexpl |  Obj  Depth IntInf | Incumbent    BestBd   Gap | It/Node Time

     0     0  -15.11558    0   12   -0.68375  -15.11558  2111%     -    0s
H    0     0                      -3.9828552  -15.11558   280%     -    0s
H    0     0                      -6.4055814  -15.11558   136%     -    0s
H    0     0                     -11.0201544  -15.11558  37.2%     -    0s

Cutting planes:
  Gomory: 1
  MIR: 16
  Zero half: 8
  RLT: 11
  BQP: 40

Explored 1 nodes (8 simplex iterations) in 0.01 seconds (0.00 work units)
Thread count was 8 (of 96 available processors)

Solution count 4: -11.0202 -6.40558 -3.98286 -0.683755 
No other solutions better than -11.0202

Optimal solution found (tolerance 1.00e-06)
Best objective -1.102015438889e+01, best bound -1.102015438889e+01, gap 0.0000%

User-callback calls 64, time in user-callback 0.00 sec
