
Gurobi 13.0.0 (linux64) logging started Sun Mar 22 16:50:35 2026

Set parameter LogFile to value "logs/N=12_presolve_on/N=12/seed=9/n_qaoa_layers=1/precond_pen=0.200.log"
Set parameter MIPGap to value 1e-06
Set parameter Threads to value 8
Gurobi Optimizer version 13.0.0 build v13.0.0rc1 (linux64 - "Oracle Linux Server 9.7")

CPU model: AMD EPYC 7643 48-Core Processor, instruction set [SSE2|AVX|AVX2]
Thread count: 48 physical cores, 96 logical processors, using up to 8 threads

Non-default parameters:
MIPGap  1e-06
Threads  8

Optimize a model with 1 rows, 12 columns and 12 nonzeros (Min)
Model fingerprint: 0xb318486c
Model has 12 linear objective coefficients and an objective constant of -6.7787937550809980e+00
Model has 66 quadratic objective terms
Variable types: 0 continuous, 12 integer (12 binary)
Coefficient statistics:
  Matrix range     [1e+00, 1e+00]
  Objective range  [5e-01, 4e+00]
  QObjective range [4e-03, 3e+00]
  Bounds range     [1e+00, 1e+00]
  RHS range        [6e+00, 6e+00]
Found heuristic solution: objective 1.0097261
Presolve time: 0.00s
Presolved: 67 rows, 78 columns, 210 nonzeros
Variable types: 0 continuous, 78 integer (78 binary)

Root relaxation: objective -1.157889e+01, 7 iterations, 0.00 seconds (0.00 work units)

    Nodes    |    Current Node    |     Objective Bounds      |     Work
 Expl Unexpl |  Obj  Depth IntInf | Incumbent    BestBd   Gap | It/Node Time

     0     0  -11.57889    0   12    1.00973  -11.57889  1247%     -    0s
H    0     0                      -3.9506677  -11.57889   193%     -    0s
H    0     0                      -4.4612797  -11.57889   160%     -    0s
     0     0   -5.04825    0   37   -4.46128   -5.04825  13.2%     -    0s

Cutting planes:
  Gomory: 7
  Cover: 2
  Dual implied bound: 7
  MIR: 35
  Zero half: 9
  RLT: 14
  BQP: 24

Explored 1 nodes (101 simplex iterations) in 0.01 seconds (0.01 work units)
Thread count was 8 (of 96 available processors)

Solution count 3: -4.46128 -3.95067 1.00973 
No other solutions better than -4.46128

Optimal solution found (tolerance 1.00e-06)
Best objective -4.461279749547e+00, best bound -4.461279749547e+00, gap 0.0000%

User-callback calls 167, time in user-callback 0.00 sec
