
Gurobi 13.0.0 (linux64) logging started Sun Mar 22 16:50:35 2026

Set parameter LogFile to value "logs/N=12_presolve_on/N=12/seed=9/n_qaoa_layers=1/precond_pen=0.100.log"
Set parameter MIPGap to value 1e-06
Set parameter Threads to value 8
Gurobi Optimizer version 13.0.0 build v13.0.0rc1 (linux64 - "Oracle Linux Server 9.7")

CPU model: AMD EPYC 7643 48-Core Processor, instruction set [SSE2|AVX|AVX2]
Thread count: 48 physical cores, 96 logical processors, using up to 8 threads

Non-default parameters:
MIPGap  1e-06
Threads  8

Optimize a model with 1 rows, 12 columns and 12 nonzeros (Min)
Model fingerprint: 0x7d459917
Model has 12 linear objective coefficients and an objective constant of -1.8173602003456995e+01
Model has 66 quadratic objective terms
Variable types: 0 continuous, 12 integer (12 binary)
Coefficient statistics:
  Matrix range     [1e+00, 1e+00]
  Objective range  [5e+00, 7e+00]
  QObjective range [1e-01, 4e+00]
  Bounds range     [1e+00, 1e+00]
  RHS range        [6e+00, 6e+00]
Found heuristic solution: objective 1.9825929
Presolve time: 0.00s
Presolved: 67 rows, 78 columns, 210 nonzeros
Variable types: 0 continuous, 78 integer (78 binary)

Root relaxation: objective -1.817360e+01, 7 iterations, 0.00 seconds (0.00 work units)

    Nodes    |    Current Node    |     Objective Bounds      |     Work
 Expl Unexpl |  Obj  Depth IntInf | Incumbent    BestBd   Gap | It/Node Time

     0     0  -18.17360    0   12    1.98259  -18.17360  1017%     -    0s
H    0     0                      -1.8407391  -18.17360   887%     -    0s
     0     0   -6.94716    0   12   -1.84074   -6.94716   277%     -    0s
     0     0   -6.89417    0   15   -1.84074   -6.89417   275%     -    0s
     0     0   -3.96010    0   44   -1.84074   -3.96010   115%     -    0s
     0     0   -3.90208    0   44   -1.84074   -3.90208   112%     -    0s
     0     2   -3.78567    0   44   -1.84074   -3.78567   106%     -    0s

Cutting planes:
  Gomory: 2
  Dual implied bound: 15
  MIR: 9
  Mod-K: 2
  RLT: 9

Explored 22 nodes (461 simplex iterations) in 0.03 seconds (0.02 work units)
Thread count was 8 (of 96 available processors)

Solution count 2: -1.84074 1.98259 
No other solutions better than -1.84074

Optimal solution found (tolerance 1.00e-06)
Best objective -1.840739057343e+00, best bound -1.840739057343e+00, gap 0.0000%

User-callback calls 225, time in user-callback 0.00 sec
