
Gurobi 13.0.0 (linux64) logging started Tue Mar 31 15:12:51 2026

Set parameter LogFile to value "logs/N=16_layers=2_presolve_off/N=16/seed=22/n_qaoa_layers=2/precond_pen=1.000.log"
Set parameter MIPGap to value 1e-06
Set parameter Threads to value 8
Set parameter Presolve to value 0
Gurobi Optimizer version 13.0.0 build v13.0.0rc1 (linux64 - "Oracle Linux Server 9.7")

CPU model: AMD EPYC 7643 48-Core Processor, instruction set [SSE2|AVX|AVX2]
Thread count: 48 physical cores, 96 logical processors, using up to 8 threads

Non-default parameters:
MIPGap  1e-06
Presolve  0
Threads  8

Optimize a model with 1 rows, 16 columns and 16 nonzeros (Min)
Model fingerprint: 0xc4944cf6
Model has 16 linear objective coefficients and an objective constant of 7.3060930617789994e+00
Model has 120 quadratic objective terms
Variable types: 0 continuous, 16 integer (16 binary)
Coefficient statistics:
  Matrix range     [1e+00, 1e+00]
  Objective range  [2e+00, 2e+00]
  QObjective range [1e-03, 1e+00]
  Bounds range     [1e+00, 1e+00]
  RHS range        [8e+00, 8e+00]
Found heuristic solution: objective -0.7399112
Variable types: 0 continuous, 136 integer (136 binary)

Root relaxation: objective -7.352783e+00, 47 iterations, 0.00 seconds (0.00 work units)

    Nodes    |    Current Node    |     Objective Bounds      |     Work
 Expl Unexpl |  Obj  Depth IntInf | Incumbent    BestBd   Gap | It/Node Time

     0     0   -7.35278    0   16   -0.73991   -7.35278   894%     -    0s
H    0     0                      -0.8982132   -7.35278   719%     -    0s
H    0     0                      -1.7865259   -7.35278   312%     -    0s
     0     0   -2.19863    0   71   -1.78653   -2.19863  23.1%     -    0s
H    0     0                      -2.1858311   -2.19863  0.59%     -    0s
     0     0     cutoff    0        -2.18583   -2.18583  0.00%     -    0s

Cutting planes:
  MIR: 76
  Zero half: 35
  RLT: 30
  BQP: 312

Explored 1 nodes (430 simplex iterations) in 0.05 seconds (0.03 work units)
Thread count was 8 (of 96 available processors)

Solution count 4: -2.18583 -1.78653 -0.898213 -0.739911 
No other solutions better than -2.18583

Optimal solution found (tolerance 1.00e-06)
Best objective -2.185831072925e+00, best bound -2.185831072925e+00, gap 0.0000%

User-callback calls 77, time in user-callback 0.00 sec
