
Gurobi 13.0.0 (linux64) logging started Sun May  3 10:54:19 2026

Set parameter LogFile to value "logs/N=16_layers=1_presolve_off/N=16/seed=20/quantum_layers=1/precond_pen=0.400.log"
Set parameter MIPGap to value 1e-06
Set parameter Threads to value 8
Set parameter Presolve to value 0
Gurobi Optimizer version 13.0.0 build v13.0.0rc1 (linux64 - "Oracle Linux Server 9.7")

CPU model: AMD EPYC 7643 48-Core Processor, instruction set [SSE2|AVX|AVX2]
Thread count: 48 physical cores, 96 logical processors, using up to 8 threads

Non-default parameters:
MIPGap  1e-06
Presolve  0
Threads  8

Optimize a model with 1 rows, 16 columns and 16 nonzeros (Min)
Model fingerprint: 0x5fb96876
Model has 16 linear objective coefficients and an objective constant of 5.8271212877179979e+00
Model has 120 quadratic objective terms
Variable types: 0 continuous, 16 integer (16 binary)
Coefficient statistics:
  Matrix range     [1e+00, 1e+00]
  Objective range  [5e-01, 2e+00]
  QObjective range [4e-03, 2e+00]
  Bounds range     [1e+00, 1e+00]
  RHS range        [8e+00, 8e+00]
Found heuristic solution: objective 0.7145555
Variable types: 0 continuous, 136 integer (136 binary)

Root relaxation: objective -9.885318e+00, 35 iterations, 0.00 seconds (0.00 work units)

    Nodes    |    Current Node    |     Objective Bounds      |     Work
 Expl Unexpl |  Obj  Depth IntInf | Incumbent    BestBd   Gap | It/Node Time

     0     0   -9.88532    0   16    0.71456   -9.88532  1483%     -    0s
H    0     0                      -0.0625140   -9.88532      -     -    0s
H    0     0                      -0.0970240   -9.88532      -     -    0s
H    0     0                      -1.6153241   -9.88532   512%     -    0s
H    0     0                      -4.0707331   -9.88532   143%     -    0s
     0     0   -4.25532    0   65   -4.07073   -4.25532  4.53%     -    0s
H    0     0                      -4.2097357   -4.25532  1.08%     -    0s

Cutting planes:
  Gomory: 12
  MIR: 102
  StrongCG: 7
  Flow cover: 8
  Zero half: 27
  RLT: 22
  BQP: 155

Explored 1 nodes (305 simplex iterations) in 0.04 seconds (0.03 work units)
Thread count was 8 (of 96 available processors)

Solution count 6: -4.20974 -4.07073 -1.61532 ... 0.714555
No other solutions better than -4.20974

Optimal solution found (tolerance 1.00e-06)
Best objective -4.209735727444e+00, best bound -4.209735727444e+00, gap 0.0000%

User-callback calls 83, time in user-callback 0.00 sec
