
Gurobi 13.0.0 (linux64) logging started Tue Mar 31 15:05:12 2026

Set parameter LogFile to value "logs/N=12_layers=2_presolve_on/N=12/seed=3/n_qaoa_layers=2/precond_pen=1.000.log"
Set parameter MIPGap to value 1e-06
Set parameter Threads to value 8
Gurobi Optimizer version 13.0.0 build v13.0.0rc1 (linux64 - "Oracle Linux Server 9.7")

CPU model: AMD EPYC 7643 48-Core Processor, instruction set [SSE2|AVX|AVX2]
Thread count: 48 physical cores, 96 logical processors, using up to 8 threads

Non-default parameters:
MIPGap  1e-06
Threads  8

Optimize a model with 1 rows, 12 columns and 12 nonzeros (Min)
Model fingerprint: 0xd6844311
Model has 12 linear objective coefficients and an objective constant of 5.4139764019930006e+00
Model has 66 quadratic objective terms
Variable types: 0 continuous, 12 integer (12 binary)
Coefficient statistics:
  Matrix range     [1e+00, 1e+00]
  Objective range  [2e+00, 2e+00]
  QObjective range [8e-03, 1e+00]
  Bounds range     [1e+00, 1e+00]
  RHS range        [6e+00, 6e+00]
Found heuristic solution: objective -0.1141714
Presolve time: 0.00s
Presolved: 67 rows, 78 columns, 210 nonzeros
Variable types: 0 continuous, 78 integer (78 binary)

Root relaxation: objective -5.419959e+00, 22 iterations, 0.00 seconds (0.00 work units)

    Nodes    |    Current Node    |     Objective Bounds      |     Work
 Expl Unexpl |  Obj  Depth IntInf | Incumbent    BestBd   Gap | It/Node Time

     0     0   -5.41996    0   12   -0.11417   -5.41996  4647%     -    0s
H    0     0                      -0.9178963   -5.41996   490%     -    0s
H    0     0                      -1.4882574   -5.41996   264%     -    0s
H    0     0                      -1.8911174   -5.41996   187%     -    0s
     0     0     cutoff    0        -1.89112   -1.89112  0.00%     -    0s

Cutting planes:
  Gomory: 2
  MIR: 40
  Zero half: 25
  RLT: 25
  BQP: 136

Explored 1 nodes (115 simplex iterations) in 0.01 seconds (0.00 work units)
Thread count was 8 (of 96 available processors)

Solution count 4: -1.89112 -1.48826 -0.917896 -0.114171 
No other solutions better than -1.89112

Optimal solution found (tolerance 1.00e-06)
Best objective -1.891117434075e+00, best bound -1.891117434075e+00, gap 0.0000%

User-callback calls 164, time in user-callback 0.00 sec
