
Gurobi 13.0.0 (linux64) logging started Sun May  3 11:01:49 2026

Set parameter LogFile to value "logs/N=16_layers=3_presolve_off/N=16/seed=0/quantum_layers=3/precond_pen=0.300.log"
Set parameter MIPGap to value 1e-06
Set parameter Threads to value 8
Set parameter Presolve to value 0
Gurobi Optimizer version 13.0.0 build v13.0.0rc1 (linux64 - "Oracle Linux Server 9.7")

CPU model: AMD EPYC 7643 48-Core Processor, instruction set [SSE2|AVX|AVX2]
Thread count: 48 physical cores, 96 logical processors, using up to 8 threads

Non-default parameters:
MIPGap  1e-06
Presolve  0
Threads  8

Optimize a model with 1 rows, 16 columns and 16 nonzeros (Min)
Model fingerprint: 0x13cd636a
Model has 16 linear objective coefficients and an objective constant of 5.6260291506909965e+00
Model has 120 quadratic objective terms
Variable types: 0 continuous, 16 integer (16 binary)
Coefficient statistics:
  Matrix range     [1e+00, 1e+00]
  Objective range  [2e-01, 2e+00]
  QObjective range [2e-01, 6e+00]
  Bounds range     [1e+00, 1e+00]
  RHS range        [8e+00, 8e+00]
Found heuristic solution: objective 3.4494960
Variable types: 0 continuous, 136 integer (136 binary)

Root relaxation: objective -4.833605e+01, 10 iterations, 0.00 seconds (0.00 work units)

    Nodes    |    Current Node    |     Objective Bounds      |     Work
 Expl Unexpl |  Obj  Depth IntInf | Incumbent    BestBd   Gap | It/Node Time

     0     0  -48.33605    0   16    3.44950  -48.33605  1501%     -    0s
H    0     0                     -31.4881932  -48.33605  53.5%     -    0s
H    0     0                     -46.3920228  -48.33605  4.19%     -    0s

Cutting planes:
  Gomory: 1
  MIR: 1
  Zero half: 5
  RLT: 8
  BQP: 34

Explored 1 nodes (10 simplex iterations) in 0.01 seconds (0.00 work units)
Thread count was 8 (of 96 available processors)

Solution count 3: -46.392 -31.4882 3.4495 
No other solutions better than -46.392

Optimal solution found (tolerance 1.00e-06)
Best objective -4.639202281779e+01, best bound -4.639202281779e+01, gap 0.0000%

User-callback calls 62, time in user-callback 0.00 sec
