
Gurobi 13.0.0 (linux64) logging started Sun May  3 11:01:49 2026

Set parameter LogFile to value "logs/N=16_layers=3_presolve_off/N=16/seed=0/quantum_layers=3/precond_pen=0.400.log"
Set parameter MIPGap to value 1e-06
Set parameter Threads to value 8
Set parameter Presolve to value 0
Gurobi Optimizer version 13.0.0 build v13.0.0rc1 (linux64 - "Oracle Linux Server 9.7")

CPU model: AMD EPYC 7643 48-Core Processor, instruction set [SSE2|AVX|AVX2]
Thread count: 48 physical cores, 96 logical processors, using up to 8 threads

Non-default parameters:
MIPGap  1e-06
Presolve  0
Threads  8

Optimize a model with 1 rows, 16 columns and 16 nonzeros (Min)
Model fingerprint: 0x392b7782
Model has 16 linear objective coefficients and an objective constant of 6.108238777932
Model has 120 quadratic objective terms
Variable types: 0 continuous, 16 integer (16 binary)
Coefficient statistics:
  Matrix range     [1e+00, 1e+00]
  Objective range  [8e-01, 2e+00]
  QObjective range [4e-03, 6e+00]
  Bounds range     [1e+00, 1e+00]
  RHS range        [8e+00, 8e+00]
Found heuristic solution: objective 3.5132833
Variable types: 0 continuous, 136 integer (136 binary)

Root relaxation: objective -4.170999e+01, 12 iterations, 0.00 seconds (0.00 work units)

    Nodes    |    Current Node    |     Objective Bounds      |     Work
 Expl Unexpl |  Obj  Depth IntInf | Incumbent    BestBd   Gap | It/Node Time

     0     0  -41.70999    0   16    3.51328  -41.70999  1287%     -    0s
H    0     0                       3.0202782  -41.70999  1481%     -    0s
H    0     0                       2.3135936  -41.70999  1903%     -    0s
H    0     0                       0.9320254  -41.70999  4575%     -    0s
H    0     0                     -39.6946587  -41.70999  5.08%     -    0s

Cutting planes:
  Gomory: 1
  MIR: 8
  Zero half: 13
  RLT: 16
  BQP: 46

Explored 1 nodes (12 simplex iterations) in 0.01 seconds (0.00 work units)
Thread count was 8 (of 96 available processors)

Solution count 5: -39.6947 0.932025 2.31359 ... 3.51328
No other solutions better than -39.6947

Optimal solution found (tolerance 1.00e-06)
Best objective -3.969465870943e+01, best bound -3.969465870943e+01, gap 0.0000%

User-callback calls 66, time in user-callback 0.00 sec
