
Gurobi 13.0.0 (linux64) logging started Tue Mar 31 15:12:59 2026

Set parameter LogFile to value "logs/N=16_layers=2_presolve_off/N=16/seed=48/n_qaoa_layers=2/precond_pen=0.700.log"
Set parameter MIPGap to value 1e-06
Set parameter Threads to value 8
Set parameter Presolve to value 0
Gurobi Optimizer version 13.0.0 build v13.0.0rc1 (linux64 - "Oracle Linux Server 9.7")

CPU model: AMD EPYC 7643 48-Core Processor, instruction set [SSE2|AVX|AVX2]
Thread count: 48 physical cores, 96 logical processors, using up to 8 threads

Non-default parameters:
MIPGap  1e-06
Presolve  0
Threads  8

Optimize a model with 1 rows, 16 columns and 16 nonzeros (Min)
Model fingerprint: 0xebcc191b
Model has 16 linear objective coefficients and an objective constant of 6.343023681587
Model has 120 quadratic objective terms
Variable types: 0 continuous, 16 integer (16 binary)
Coefficient statistics:
  Matrix range     [1e+00, 1e+00]
  Objective range  [1e+00, 2e+00]
  QObjective range [1e-03, 2e+00]
  Bounds range     [1e+00, 1e+00]
  RHS range        [8e+00, 8e+00]
Found heuristic solution: objective -1.1896103
Variable types: 0 continuous, 136 integer (136 binary)

Root relaxation: objective -1.235198e+01, 32 iterations, 0.00 seconds (0.00 work units)

    Nodes    |    Current Node    |     Objective Bounds      |     Work
 Expl Unexpl |  Obj  Depth IntInf | Incumbent    BestBd   Gap | It/Node Time

     0     0  -12.35198    0   16   -1.18961  -12.35198   938%     -    0s
H    0     0                      -5.3893034  -12.35198   129%     -    0s
     0     0   -6.01019    0   58   -5.38930   -6.01019  11.5%     -    0s
H    0     0                      -5.4212662   -6.01019  10.9%     -    0s

Cutting planes:
  Gomory: 10
  MIR: 108
  StrongCG: 8
  Flow cover: 5
  Zero half: 30
  RLT: 32
  BQP: 140

Explored 1 nodes (308 simplex iterations) in 0.04 seconds (0.03 work units)
Thread count was 8 (of 96 available processors)

Solution count 3: -5.42127 -5.3893 -1.18961 
No other solutions better than -5.42127

Optimal solution found (tolerance 1.00e-06)
Best objective -5.421266223989e+00, best bound -5.421266223989e+00, gap 0.0000%

User-callback calls 77, time in user-callback 0.00 sec
