
Gurobi 13.0.0 (linux64) logging started Sun May  3 10:58:51 2026

Set parameter LogFile to value "logs/N=16_layers=2_presolve_off/N=16/seed=37/quantum_layers=2/precond_pen=0.800.log"
Set parameter MIPGap to value 1e-06
Set parameter Threads to value 8
Set parameter Presolve to value 0
Gurobi Optimizer version 13.0.0 build v13.0.0rc1 (linux64 - "Oracle Linux Server 9.7")

CPU model: AMD EPYC 7643 48-Core Processor, instruction set [SSE2|AVX|AVX2]
Thread count: 48 physical cores, 96 logical processors, using up to 8 threads

Non-default parameters:
MIPGap  1e-06
Presolve  0
Threads  8

Optimize a model with 1 rows, 16 columns and 16 nonzeros (Min)
Model fingerprint: 0x301aee67
Model has 16 linear objective coefficients and an objective constant of 6.5406758981739941e+00
Model has 120 quadratic objective terms
Variable types: 0 continuous, 16 integer (16 binary)
Coefficient statistics:
  Matrix range     [1e+00, 1e+00]
  Objective range  [1e+00, 2e+00]
  QObjective range [6e-03, 2e+00]
  Bounds range     [1e+00, 1e+00]
  RHS range        [8e+00, 8e+00]
Found heuristic solution: objective -0.1692570
Variable types: 0 continuous, 136 integer (136 binary)

Root relaxation: objective -9.995331e+00, 23 iterations, 0.00 seconds (0.00 work units)

    Nodes    |    Current Node    |     Objective Bounds      |     Work
 Expl Unexpl |  Obj  Depth IntInf | Incumbent    BestBd   Gap | It/Node Time

     0     0   -9.99533    0   16   -0.16926   -9.99533  5805%     -    0s
H    0     0                      -0.8233724   -9.99533  1114%     -    0s
H    0     0                      -0.9737427   -9.99533   926%     -    0s
H    0     0                      -2.6406747   -9.99533   279%     -    0s
H    0     0                      -3.4739067   -9.99533   188%     -    0s
     0     0   -3.84813    0   59   -3.47391   -3.84813  10.8%     -    0s
H    0     0                      -3.5597549   -3.84813  8.10%     -    0s
H    0     0                      -3.8240612   -3.84813  0.63%     -    0s

Cutting planes:
  Gomory: 10
  MIR: 156
  StrongCG: 8
  Flow cover: 28
  Zero half: 37
  RLT: 36
  BQP: 165

Explored 1 nodes (311 simplex iterations) in 0.04 seconds (0.03 work units)
Thread count was 8 (of 96 available processors)

Solution count 7: -3.82406 -3.55975 -3.47391 ... -0.169257
No other solutions better than -3.82406

Optimal solution found (tolerance 1.00e-06)
Best objective -3.824061193452e+00, best bound -3.824061193452e+00, gap 0.0000%

User-callback calls 86, time in user-callback 0.00 sec
