
Gurobi 13.0.0 (linux64) logging started Tue Mar 31 15:12:31 2026

Set parameter LogFile to value "logs/N=16_layers=2_presolve_on/N=16/seed=8/n_qaoa_layers=2/baseline.log"
Set parameter MIPGap to value 1e-06
Set parameter Threads to value 8
Gurobi Optimizer version 13.0.0 build v13.0.0rc1 (linux64 - "Oracle Linux Server 9.7")

CPU model: AMD EPYC 7643 48-Core Processor, instruction set [SSE2|AVX|AVX2]
Thread count: 48 physical cores, 96 logical processors, using up to 8 threads

Non-default parameters:
MIPGap  1e-06
Threads  8

Optimize a model with 1 rows, 16 columns and 16 nonzeros (Min)
Model fingerprint: 0x7da99272
Model has 16 linear objective coefficients and an objective constant of 7.9828366139622631e-12
Model has 120 quadratic objective terms
Variable types: 0 continuous, 16 integer (16 binary)
Coefficient statistics:
  Matrix range     [1e+00, 1e+00]
  Objective range  [1e+01, 2e+01]
  QObjective range [1e-01, 8e+00]
  Bounds range     [1e+00, 1e+00]
  RHS range        [8e+00, 8e+00]
Found heuristic solution: objective 55.6488697
Presolve time: 0.00s
Presolved: 121 rows, 136 columns, 376 nonzeros
Variable types: 0 continuous, 136 integer (136 binary)

Root relaxation: objective 7.982837e-12, 14 iterations, 0.00 seconds (0.00 work units)

    Nodes    |    Current Node    |     Objective Bounds      |     Work
 Expl Unexpl |  Obj  Depth IntInf | Incumbent    BestBd   Gap | It/Node Time

     0     0    0.00000    0   16   55.64887    0.00000   100%     -    0s
H    0     0                      54.5469239    0.00000   100%     -    0s
H    0     0                      51.4215835    0.00000   100%     -    0s
H    0     0                      49.9066549    0.00000   100%     -    0s
     0     0   24.22647    0   27   49.90665   24.22647  51.5%     -    0s
     0     0   26.05624    0   29   49.90665   26.05624  47.8%     -    0s
     0     0   34.19244    0   71   49.90665   34.19244  31.5%     -    0s
     0     0   34.22105    0   71   49.90665   34.22105  31.4%     -    0s
     0     2   34.25456    0   71   49.90665   34.25456  31.4%     -    0s

Cutting planes:
  Gomory: 2
  Cover: 1
  Dual implied bound: 31
  MIR: 15
  RLT: 13

Explored 178 nodes (5072 simplex iterations) in 0.07 seconds (0.07 work units)
Thread count was 8 (of 96 available processors)

Solution count 4: 49.9067 51.4216 54.5469 55.6489 

Optimal solution found (tolerance 1.00e-06)
Best objective 4.990665485265e+01, best bound 4.990665485265e+01, gap 0.0000%

User-callback calls 562, time in user-callback 0.00 sec
