
Gurobi 13.0.0 (linux64) logging started Sun May  3 10:53:42 2026

Set parameter LogFile to value "logs/N=16_layers=1_presolve_on/N=16/seed=8/quantum_layers=1/precond_pen=0.500.log"
Set parameter MIPGap to value 1e-06
Set parameter Threads to value 8
Gurobi Optimizer version 13.0.0 build v13.0.0rc1 (linux64 - "Oracle Linux Server 9.7")

CPU model: AMD EPYC 7643 48-Core Processor, instruction set [SSE2|AVX|AVX2]
Thread count: 48 physical cores, 96 logical processors, using up to 8 threads

Non-default parameters:
MIPGap  1e-06
Threads  8

Optimize a model with 1 rows, 16 columns and 16 nonzeros (Min)
Model fingerprint: 0x5374e80d
Model has 16 linear objective coefficients and an objective constant of 6.5547267048589992e+00
Model has 120 quadratic objective terms
Variable types: 0 continuous, 16 integer (16 binary)
Coefficient statistics:
  Matrix range     [1e+00, 1e+00]
  Objective range  [1e+00, 2e+00]
  QObjective range [1e-03, 1e+00]
  Bounds range     [1e+00, 1e+00]
  RHS range        [8e+00, 8e+00]
Found heuristic solution: objective -1.4431223
Presolve time: 0.00s
Presolved: 121 rows, 136 columns, 376 nonzeros
Variable types: 0 continuous, 136 integer (136 binary)

Root relaxation: objective -7.867527e+00, 39 iterations, 0.00 seconds (0.00 work units)

    Nodes    |    Current Node    |     Objective Bounds      |     Work
 Expl Unexpl |  Obj  Depth IntInf | Incumbent    BestBd   Gap | It/Node Time

     0     0   -7.86753    0   16   -1.44312   -7.86753   445%     -    0s
H    0     0                      -1.6392833   -7.86753   380%     -    0s
H    0     0                      -1.9228146   -7.86753   309%     -    0s
H    0     0                      -2.4175392   -7.86753   225%     -    0s
H    0     0                      -2.7524162   -7.86753   186%     -    0s
     0     0   -2.88760    0   65   -2.75242   -2.88760  4.91%     -    0s

Cutting planes:
  Gomory: 5
  Cover: 1
  Dual implied bound: 1
  MIR: 97
  Flow cover: 1
  Zero half: 22
  RLT: 29
  BQP: 187

Explored 1 nodes (338 simplex iterations) in 0.05 seconds (0.03 work units)
Thread count was 8 (of 96 available processors)

Solution count 5: -2.75242 -2.41754 -1.92281 ... -1.44312
No other solutions better than -2.75242

Optimal solution found (tolerance 1.00e-06)
Best objective -2.752416198877e+00, best bound -2.752416198877e+00, gap 0.0000%

User-callback calls 176, time in user-callback 0.00 sec
