
Gurobi 13.0.0 (linux64) logging started Sun May  3 10:53:42 2026

Set parameter LogFile to value "logs/N=16_layers=1_presolve_on/N=16/seed=8/quantum_layers=1/precond_pen=0.200.log"
Set parameter MIPGap to value 1e-06
Set parameter Threads to value 8
Gurobi Optimizer version 13.0.0 build v13.0.0rc1 (linux64 - "Oracle Linux Server 9.7")

CPU model: AMD EPYC 7643 48-Core Processor, instruction set [SSE2|AVX|AVX2]
Thread count: 48 physical cores, 96 logical processors, using up to 8 threads

Non-default parameters:
MIPGap  1e-06
Threads  8

Optimize a model with 1 rows, 16 columns and 16 nonzeros (Min)
Model fingerprint: 0x1ba25a8f
Model has 16 linear objective coefficients and an objective constant of -5.495418044509
Model has 120 quadratic objective terms
Variable types: 0 continuous, 16 integer (16 binary)
Coefficient statistics:
  Matrix range     [1e+00, 1e+00]
  Objective range  [3e-01, 3e+00]
  QObjective range [2e-03, 3e+00]
  Bounds range     [1e+00, 1e+00]
  RHS range        [8e+00, 8e+00]
Found heuristic solution: objective -2.8760738
Presolve time: 0.00s
Presolved: 121 rows, 136 columns, 376 nonzeros
Variable types: 0 continuous, 136 integer (136 binary)

Root relaxation: objective -1.541885e+01, 27 iterations, 0.00 seconds (0.00 work units)

    Nodes    |    Current Node    |     Objective Bounds      |     Work
 Expl Unexpl |  Obj  Depth IntInf | Incumbent    BestBd   Gap | It/Node Time

     0     0  -15.41885    0   16   -2.87607  -15.41885   436%     -    0s
H    0     0                      -3.9734848  -15.41885   288%     -    0s
H    0     0                      -6.1689520  -15.41885   150%     -    0s
H    0     0                      -7.2901327  -15.41885   112%     -    0s
     0     0   -8.53380    0   66   -7.29013   -8.53380  17.1%     -    0s

Cutting planes:
  Gomory: 12
  Cover: 1
  Dual implied bound: 2
  MIR: 100
  StrongCG: 1
  Zero half: 28
  RLT: 25
  BQP: 92

Explored 1 nodes (221 simplex iterations) in 0.03 seconds (0.02 work units)
Thread count was 8 (of 96 available processors)

Solution count 4: -7.29013 -6.16895 -3.97348 -2.87607 
No other solutions better than -7.29013

Optimal solution found (tolerance 1.00e-06)
Best objective -7.290132697851e+00, best bound -7.290132697851e+00, gap 0.0000%

User-callback calls 172, time in user-callback 0.00 sec
