
Gurobi 13.0.0 (linux64) logging started Tue Mar 31 15:06:53 2026

Set parameter LogFile to value "logs/N=12_layers=3_presolve_on/N=12/seed=41/n_qaoa_layers=3/baseline.log"
Set parameter MIPGap to value 1e-06
Set parameter Threads to value 8
Gurobi Optimizer version 13.0.0 build v13.0.0rc1 (linux64 - "Oracle Linux Server 9.7")

CPU model: AMD EPYC 7643 48-Core Processor, instruction set [SSE2|AVX|AVX2]
Thread count: 48 physical cores, 96 logical processors, using up to 8 threads

Non-default parameters:
MIPGap  1e-06
Threads  8

Optimize a model with 1 rows, 12 columns and 12 nonzeros (Min)
Model fingerprint: 0x9b33d9b0
Model has 12 linear objective coefficients and an objective constant of 4.0026870706810769e-12
Model has 66 quadratic objective terms
Variable types: 0 continuous, 12 integer (12 binary)
Coefficient statistics:
  Matrix range     [1e+00, 1e+00]
  Objective range  [9e+00, 1e+01]
  QObjective range [3e-01, 8e+00]
  Bounds range     [1e+00, 1e+00]
  RHS range        [6e+00, 6e+00]
Found heuristic solution: objective 39.6682518
Presolve time: 0.00s
Presolved: 67 rows, 78 columns, 210 nonzeros
Variable types: 0 continuous, 78 integer (78 binary)

Root relaxation: objective 3.998246e-12, 9 iterations, 0.00 seconds (0.00 work units)

    Nodes    |    Current Node    |     Objective Bounds      |     Work
 Expl Unexpl |  Obj  Depth IntInf | Incumbent    BestBd   Gap | It/Node Time

     0     0    0.00000    0   12   39.66825    0.00000   100%     -    0s
H    0     0                      38.4582831    0.00000   100%     -    0s
H    0     0                      32.9918628    0.00000   100%     -    0s
     0     0   19.15548    0   12   32.99186   19.15548  41.9%     -    0s
     0     0   19.36191    0   18   32.99186   19.36191  41.3%     -    0s
     0     0   24.73285    0   47   32.99186   24.73285  25.0%     -    0s
     0     0   25.19395    0   47   32.99186   25.19395  23.6%     -    0s
     0     2   25.19395    0   47   32.99186   25.19395  23.6%     -    0s

Cutting planes:
  Dual implied bound: 14
  MIR: 10
  RLT: 8

Explored 53 nodes (1084 simplex iterations) in 0.03 seconds (0.02 work units)
Thread count was 8 (of 96 available processors)

Solution count 3: 32.9919 38.4583 39.6683 

Optimal solution found (tolerance 1.00e-06)
Best objective 3.299186281362e+01, best bound 3.299186281362e+01, gap 0.0000%

User-callback calls 288, time in user-callback 0.00 sec

Gurobi 13.0.0 (linux64) logging started Tue Mar 31 15:10:52 2026

Set parameter LogFile to value "logs/N=12_layers=3_presolve_on/N=12/seed=41/n_qaoa_layers=3/baseline.log"
Set parameter MIPGap to value 1e-06
Set parameter Threads to value 8
Gurobi Optimizer version 13.0.0 build v13.0.0rc1 (linux64 - "Oracle Linux Server 9.7")

CPU model: AMD EPYC 7643 48-Core Processor, instruction set [SSE2|AVX|AVX2]
Thread count: 48 physical cores, 96 logical processors, using up to 8 threads

Non-default parameters:
MIPGap  1e-06
Threads  8

Optimize a model with 1 rows, 12 columns and 12 nonzeros (Min)
Model fingerprint: 0x9b33d9b0
Model has 12 linear objective coefficients and an objective constant of 4.0026870706810769e-12
Model has 66 quadratic objective terms
Variable types: 0 continuous, 12 integer (12 binary)
Coefficient statistics:
  Matrix range     [1e+00, 1e+00]
  Objective range  [9e+00, 1e+01]
  QObjective range [3e-01, 8e+00]
  Bounds range     [1e+00, 1e+00]
  RHS range        [6e+00, 6e+00]
Found heuristic solution: objective 39.6682518
Presolve time: 0.00s
Presolved: 67 rows, 78 columns, 210 nonzeros
Variable types: 0 continuous, 78 integer (78 binary)

Root relaxation: objective 3.998246e-12, 9 iterations, 0.00 seconds (0.00 work units)

    Nodes    |    Current Node    |     Objective Bounds      |     Work
 Expl Unexpl |  Obj  Depth IntInf | Incumbent    BestBd   Gap | It/Node Time

     0     0    0.00000    0   12   39.66825    0.00000   100%     -    0s
H    0     0                      38.4582831    0.00000   100%     -    0s
H    0     0                      32.9918628    0.00000   100%     -    0s
     0     0   19.15548    0   12   32.99186   19.15548  41.9%     -    0s
     0     0   19.36191    0   18   32.99186   19.36191  41.3%     -    0s
     0     0   24.73285    0   47   32.99186   24.73285  25.0%     -    0s
     0     0   25.19395    0   47   32.99186   25.19395  23.6%     -    0s
     0     2   25.19395    0   47   32.99186   25.19395  23.6%     -    0s

Cutting planes:
  Dual implied bound: 14
  MIR: 10
  RLT: 8

Explored 53 nodes (1084 simplex iterations) in 0.03 seconds (0.02 work units)
Thread count was 8 (of 96 available processors)

Solution count 3: 32.9919 38.4583 39.6683 

Optimal solution found (tolerance 1.00e-06)
Best objective 3.299186281362e+01, best bound 3.299186281362e+01, gap 0.0000%

User-callback calls 288, time in user-callback 0.00 sec
