
Gurobi 13.0.0 (linux64) logging started Tue Mar 31 15:12:41 2026

Set parameter LogFile to value "logs/N=16_layers=2_presolve_on/N=16/seed=37/n_qaoa_layers=2/precond_pen=0.700.log"
Set parameter MIPGap to value 1e-06
Set parameter Threads to value 8
Gurobi Optimizer version 13.0.0 build v13.0.0rc1 (linux64 - "Oracle Linux Server 9.7")

CPU model: AMD EPYC 7643 48-Core Processor, instruction set [SSE2|AVX|AVX2]
Thread count: 48 physical cores, 96 logical processors, using up to 8 threads

Non-default parameters:
MIPGap  1e-06
Threads  8

Optimize a model with 1 rows, 16 columns and 16 nonzeros (Min)
Model fingerprint: 0x72feddac
Model has 16 linear objective coefficients and an objective constant of 6.3775604444299985e+00
Model has 120 quadratic objective terms
Variable types: 0 continuous, 16 integer (16 binary)
Coefficient statistics:
  Matrix range     [1e+00, 1e+00]
  Objective range  [1e+00, 2e+00]
  QObjective range [4e-03, 2e+00]
  Bounds range     [1e+00, 1e+00]
  RHS range        [8e+00, 8e+00]
Found heuristic solution: objective -0.0895376
Presolve time: 0.00s
Presolved: 121 rows, 136 columns, 376 nonzeros
Variable types: 0 continuous, 136 integer (136 binary)

Root relaxation: objective -1.166243e+01, 27 iterations, 0.00 seconds (0.00 work units)

    Nodes    |    Current Node    |     Objective Bounds      |     Work
 Expl Unexpl |  Obj  Depth IntInf | Incumbent    BestBd   Gap | It/Node Time

     0     0  -11.66243    0   16   -0.08954  -11.66243      -     -    0s
H    0     0                      -1.8966629  -11.66243   515%     -    0s
H    0     0                      -2.1104505  -11.66243   453%     -    0s
H    0     0                      -3.1795691  -11.66243   267%     -    0s
H    0     0                      -4.2462883  -11.66243   175%     -    0s
H    0     0                      -4.6657807   -8.69873  86.4%     -    0s
     0     0   -4.75627    0   97   -4.66578   -4.75627  1.94%     -    0s
     0     0   -4.73532    0   59   -4.66578   -4.73532  1.49%     -    0s
     0     0     cutoff    0        -4.66578   -4.66578  0.00%     -    0s

Cutting planes:
  Gomory: 2
  MIR: 50
  Zero half: 30
  RLT: 30
  BQP: 178

Explored 1 nodes (328 simplex iterations) in 0.02 seconds (0.01 work units)
Thread count was 8 (of 96 available processors)

Solution count 6: -4.66578 -4.24629 -3.17957 ... -0.0895376
No other solutions better than -4.66578

Optimal solution found (tolerance 1.00e-06)
Best objective -4.665780656334e+00, best bound -4.665780656334e+00, gap 0.0000%

User-callback calls 171, time in user-callback 0.00 sec
