
Gurobi 13.0.0 (linux64) logging started Tue Mar 31 15:12:40 2026

Set parameter LogFile to value "logs/N=16_layers=2_presolve_on/N=16/seed=37/n_qaoa_layers=2/precond_pen=0.200.log"
Set parameter MIPGap to value 1e-06
Set parameter Threads to value 8
Gurobi Optimizer version 13.0.0 build v13.0.0rc1 (linux64 - "Oracle Linux Server 9.7")

CPU model: AMD EPYC 7643 48-Core Processor, instruction set [SSE2|AVX|AVX2]
Thread count: 48 physical cores, 96 logical processors, using up to 8 threads

Non-default parameters:
MIPGap  1e-06
Threads  8

Optimize a model with 1 rows, 16 columns and 16 nonzeros (Min)
Model fingerprint: 0x2b7bee0a
Model has 16 linear objective coefficients and an objective constant of -8.1005488421229970e+00
Model has 120 quadratic objective terms
Variable types: 0 continuous, 16 integer (16 binary)
Coefficient statistics:
  Matrix range     [1e+00, 1e+00]
  Objective range  [3e-01, 5e+00]
  QObjective range [8e-03, 5e+00]
  Bounds range     [1e+00, 1e+00]
  RHS range        [8e+00, 8e+00]
Found heuristic solution: objective 1.2853654
Presolve time: 0.00s
Presolved: 121 rows, 136 columns, 376 nonzeros
Variable types: 0 continuous, 136 integer (136 binary)

Root relaxation: objective -2.216218e+01, 8 iterations, 0.00 seconds (0.00 work units)

    Nodes    |    Current Node    |     Objective Bounds      |     Work
 Expl Unexpl |  Obj  Depth IntInf | Incumbent    BestBd   Gap | It/Node Time

     0     0  -22.16218    0   16    1.28537  -22.16218  1824%     -    0s
H    0     0                      -1.3229859  -22.16218  1575%     -    0s
H    0     0                      -2.8728705  -22.16218   671%     -    0s
H    0     0                      -9.1681791  -22.16218   142%     -    0s
H    0     0                      -9.3091414  -22.16218   138%     -    0s
     0     0  -12.45062    0   80   -9.30914  -12.45062  33.7%     -    0s

Cutting planes:
  Gomory: 11
  Cover: 2
  Dual implied bound: 5
  MIR: 48
  Zero half: 16
  RLT: 18
  BQP: 83

Explored 1 nodes (250 simplex iterations) in 0.03 seconds (0.02 work units)
Thread count was 8 (of 96 available processors)

Solution count 5: -9.30914 -9.16818 -2.87287 ... 1.28537
No other solutions better than -9.30914

Optimal solution found (tolerance 1.00e-06)
Best objective -9.309141378655e+00, best bound -9.309141378655e+00, gap 0.0000%

User-callback calls 173, time in user-callback 0.00 sec
