
Gurobi 13.0.0 (linux64) logging started Sun May  3 11:06:33 2026

Set parameter LogFile to value "logs/N=12_layers=2_presolve_on/N=12/seed=2/quantum_layers=2/precond_pen=0.600.log"
Set parameter MIPGap to value 1e-06
Set parameter Threads to value 8
Gurobi Optimizer version 13.0.0 build v13.0.0rc1 (linux64 - "Oracle Linux Server 9.7")

CPU model: AMD EPYC 7643 48-Core Processor, instruction set [SSE2|AVX|AVX2]
Thread count: 48 physical cores, 96 logical processors, using up to 8 threads

Non-default parameters:
MIPGap  1e-06
Threads  8

Optimize a model with 1 rows, 12 columns and 12 nonzeros (Min)
Model fingerprint: 0x756ab3f8
Model has 12 linear objective coefficients and an objective constant of 4.4104393325479991e+00
Model has 66 quadratic objective terms
Variable types: 0 continuous, 12 integer (12 binary)
Coefficient statistics:
  Matrix range     [1e+00, 1e+00]
  Objective range  [1e+00, 2e+00]
  QObjective range [6e-02, 3e+00]
  Bounds range     [1e+00, 1e+00]
  RHS range        [6e+00, 6e+00]
Found heuristic solution: objective -0.5240262
Presolve time: 0.00s
Presolved: 67 rows, 78 columns, 210 nonzeros
Variable types: 0 continuous, 78 integer (78 binary)

Root relaxation: objective -1.044078e+01, 10 iterations, 0.00 seconds (0.00 work units)

    Nodes    |    Current Node    |     Objective Bounds      |     Work
 Expl Unexpl |  Obj  Depth IntInf | Incumbent    BestBd   Gap | It/Node Time

     0     0  -10.44078    0   12   -0.52403  -10.44078  1892%     -    0s
H    0     0                      -5.3754137  -10.44078  94.2%     -    0s
H    0     0                      -7.7026077  -10.44078  35.5%     -    0s

Cutting planes:
  MIR: 20
  Zero half: 10
  RLT: 17
  BQP: 54

Explored 1 nodes (10 simplex iterations) in 0.01 seconds (0.00 work units)
Thread count was 8 (of 96 available processors)

Solution count 3: -7.70261 -5.37541 -0.524026 
No other solutions better than -7.70261

Optimal solution found (tolerance 1.00e-06)
Best objective -7.702607719598e+00, best bound -7.702607719598e+00, gap 0.0000%

User-callback calls 156, time in user-callback 0.00 sec
