
Gurobi 13.0.0 (linux64) logging started Sun May  3 11:04:27 2026

Set parameter LogFile to value "logs/N=12_layers=1_presolve_off/N=12/seed=14/quantum_layers=1/precond_pen=0.400.log"
Set parameter MIPGap to value 1e-06
Set parameter Threads to value 8
Set parameter Presolve to value 0
Gurobi Optimizer version 13.0.0 build v13.0.0rc1 (linux64 - "Oracle Linux Server 9.7")

CPU model: AMD EPYC 7643 48-Core Processor, instruction set [SSE2|AVX|AVX2]
Thread count: 48 physical cores, 96 logical processors, using up to 8 threads

Non-default parameters:
MIPGap  1e-06
Presolve  0
Threads  8

Optimize a model with 1 rows, 12 columns and 12 nonzeros (Min)
Model fingerprint: 0xe7d4a020
Model has 12 linear objective coefficients and an objective constant of 3.6183985122699993e+00
Model has 66 quadratic objective terms
Variable types: 0 continuous, 12 integer (12 binary)
Coefficient statistics:
  Matrix range     [1e+00, 1e+00]
  Objective range  [5e-01, 3e+00]
  QObjective range [3e-02, 3e+00]
  Bounds range     [1e+00, 1e+00]
  RHS range        [6e+00, 6e+00]
Found heuristic solution: objective -0.8718922
Variable types: 0 continuous, 78 integer (78 binary)

Root relaxation: objective -7.900143e+00, 15 iterations, 0.00 seconds (0.00 work units)

    Nodes    |    Current Node    |     Objective Bounds      |     Work
 Expl Unexpl |  Obj  Depth IntInf | Incumbent    BestBd   Gap | It/Node Time

     0     0   -7.90014    0   12   -0.87189   -7.90014   806%     -    0s
H    0     0                      -3.2609644   -7.90014   142%     -    0s
H    0     0                      -4.2552236   -7.90014  85.7%     -    0s
H    0     0                      -4.6003218   -7.90014  71.7%     -    0s

Cutting planes:
  Gomory: 1
  MIR: 18
  Zero half: 12
  RLT: 17
  BQP: 67

Explored 1 nodes (15 simplex iterations) in 0.01 seconds (0.00 work units)
Thread count was 8 (of 96 available processors)

Solution count 4: -4.60032 -4.25522 -3.26096 -0.871892 
No other solutions better than -4.60032

Optimal solution found (tolerance 1.00e-06)
Best objective -4.600321776674e+00, best bound -4.600321776674e+00, gap 0.0000%

User-callback calls 64, time in user-callback 0.00 sec
