
Gurobi 13.0.0 (linux64) logging started Sun May  3 11:04:27 2026

Set parameter LogFile to value "logs/N=12_layers=1_presolve_off/N=12/seed=14/quantum_layers=1/precond_pen=0.100.log"
Set parameter MIPGap to value 1e-06
Set parameter Threads to value 8
Set parameter Presolve to value 0
Gurobi Optimizer version 13.0.0 build v13.0.0rc1 (linux64 - "Oracle Linux Server 9.7")

CPU model: AMD EPYC 7643 48-Core Processor, instruction set [SSE2|AVX|AVX2]
Thread count: 48 physical cores, 96 logical processors, using up to 8 threads

Non-default parameters:
MIPGap  1e-06
Presolve  0
Threads  8

Optimize a model with 1 rows, 12 columns and 12 nonzeros (Min)
Model fingerprint: 0x922b5072
Model has 12 linear objective coefficients and an objective constant of -2.0422017460149004e+01
Model has 66 quadratic objective terms
Variable types: 0 continuous, 12 integer (12 binary)
Coefficient statistics:
  Matrix range     [1e+00, 1e+00]
  Objective range  [4e+00, 8e+00]
  QObjective range [4e-02, 5e+00]
  Bounds range     [1e+00, 1e+00]
  RHS range        [6e+00, 6e+00]
Found heuristic solution: objective 1.6184127
Variable types: 0 continuous, 78 integer (78 binary)

Root relaxation: objective -2.042202e+01, 8 iterations, 0.00 seconds (0.00 work units)

    Nodes    |    Current Node    |     Objective Bounds      |     Work
 Expl Unexpl |  Obj  Depth IntInf | Incumbent    BestBd   Gap | It/Node Time

     0     0  -20.42202    0   12    1.61841  -20.42202  1362%     -    0s
H    0     0                      -1.0639142  -20.42202  1820%     -    0s
H    0     0                      -1.5819409  -20.42202  1191%     -    0s
     0     0   -5.19842    0   12   -1.58194   -5.19842   229%     -    0s
     0     0   -5.05079    0   18   -1.58194   -5.05079   219%     -    0s
     0     0   -3.89576    0   39   -1.58194   -3.89576   146%     -    0s
     0     0   -3.67131    0   35   -1.58194   -3.67131   132%     -    0s
     0     0   -3.28778    0   53   -1.58194   -3.28778   108%     -    0s
     0     0   -3.28778    0   53   -1.58194   -3.28778   108%     -    0s
     0     2   -3.28778    0   53   -1.58194   -3.28778   108%     -    0s

Cutting planes:
  Gomory: 1
  Cover: 4
  MIR: 17
  RLT: 9

Explored 15 nodes (542 simplex iterations) in 0.03 seconds (0.02 work units)
Thread count was 8 (of 96 available processors)

Solution count 3: -1.58194 -1.06391 1.61841 
No other solutions better than -1.58194

Optimal solution found (tolerance 1.00e-06)
Best objective -1.581940896491e+00, best bound -1.581940896491e+00, gap 0.0000%

User-callback calls 129, time in user-callback 0.00 sec
