
Gurobi 13.0.0 (linux64) logging started Tue Mar 31 15:06:57 2026

Set parameter LogFile to value "logs/N=12_layers=3_presolve_off/N=12/seed=24/n_qaoa_layers=3/precond_pen=0.700.log"
Set parameter MIPGap to value 1e-06
Set parameter Threads to value 8
Set parameter Presolve to value 0
Gurobi Optimizer version 13.0.0 build v13.0.0rc1 (linux64 - "Oracle Linux Server 9.7")

CPU model: AMD EPYC 7643 48-Core Processor, instruction set [SSE2|AVX|AVX2]
Thread count: 48 physical cores, 96 logical processors, using up to 8 threads

Non-default parameters:
MIPGap  1e-06
Presolve  0
Threads  8

Optimize a model with 1 rows, 12 columns and 12 nonzeros (Min)
Model fingerprint: 0x3f3c242a
Model has 12 linear objective coefficients and an objective constant of 4.5843092998339987e+00
Model has 66 quadratic objective terms
Variable types: 0 continuous, 12 integer (12 binary)
Coefficient statistics:
  Matrix range     [1e+00, 1e+00]
  Objective range  [1e+00, 2e+00]
  QObjective range [4e-02, 4e+00]
  Bounds range     [1e+00, 1e+00]
  RHS range        [6e+00, 6e+00]
Found heuristic solution: objective -1.8530894
Variable types: 0 continuous, 78 integer (78 binary)

Root relaxation: objective -1.246665e+01, 16 iterations, 0.00 seconds (0.00 work units)

    Nodes    |    Current Node    |     Objective Bounds      |     Work
 Expl Unexpl |  Obj  Depth IntInf | Incumbent    BestBd   Gap | It/Node Time

     0     0  -12.46665    0   12   -1.85309  -12.46665   573%     -    0s
H    0     0                      -4.0496927  -12.46665   208%     -    0s
H    0     0                      -9.7734812  -12.46665  27.6%     -    0s

Cutting planes:
  Gomory: 1
  MIR: 23
  Zero half: 16
  RLT: 15
  BQP: 51

Explored 1 nodes (16 simplex iterations) in 0.01 seconds (0.00 work units)
Thread count was 8 (of 96 available processors)

Solution count 3: -9.77348 -4.04969 -1.85309 
No other solutions better than -9.77348

Optimal solution found (tolerance 1.00e-06)
Best objective -9.773481168810e+00, best bound -9.773481168810e+00, gap 0.0000%

User-callback calls 62, time in user-callback 0.00 sec

Gurobi 13.0.0 (linux64) logging started Tue Mar 31 15:10:56 2026

Set parameter LogFile to value "logs/N=12_layers=3_presolve_off/N=12/seed=24/n_qaoa_layers=3/precond_pen=0.700.log"
Set parameter MIPGap to value 1e-06
Set parameter Threads to value 8
Set parameter Presolve to value 0
Gurobi Optimizer version 13.0.0 build v13.0.0rc1 (linux64 - "Oracle Linux Server 9.7")

CPU model: AMD EPYC 7643 48-Core Processor, instruction set [SSE2|AVX|AVX2]
Thread count: 48 physical cores, 96 logical processors, using up to 8 threads

Non-default parameters:
MIPGap  1e-06
Presolve  0
Threads  8

Optimize a model with 1 rows, 12 columns and 12 nonzeros (Min)
Model fingerprint: 0x3f3c242a
Model has 12 linear objective coefficients and an objective constant of 4.5843092998339987e+00
Model has 66 quadratic objective terms
Variable types: 0 continuous, 12 integer (12 binary)
Coefficient statistics:
  Matrix range     [1e+00, 1e+00]
  Objective range  [1e+00, 2e+00]
  QObjective range [4e-02, 4e+00]
  Bounds range     [1e+00, 1e+00]
  RHS range        [6e+00, 6e+00]
Found heuristic solution: objective -1.8530894
Variable types: 0 continuous, 78 integer (78 binary)

Root relaxation: objective -1.246665e+01, 16 iterations, 0.00 seconds (0.00 work units)

    Nodes    |    Current Node    |     Objective Bounds      |     Work
 Expl Unexpl |  Obj  Depth IntInf | Incumbent    BestBd   Gap | It/Node Time

     0     0  -12.46665    0   12   -1.85309  -12.46665   573%     -    0s
H    0     0                      -4.0496927  -12.46665   208%     -    0s
H    0     0                      -9.7734812  -12.46665  27.6%     -    0s

Cutting planes:
  Gomory: 1
  MIR: 23
  Zero half: 16
  RLT: 15
  BQP: 51

Explored 1 nodes (16 simplex iterations) in 0.01 seconds (0.00 work units)
Thread count was 8 (of 96 available processors)

Solution count 3: -9.77348 -4.04969 -1.85309 
No other solutions better than -9.77348

Optimal solution found (tolerance 1.00e-06)
Best objective -9.773481168810e+00, best bound -9.773481168810e+00, gap 0.0000%

User-callback calls 62, time in user-callback 0.00 sec
