
Gurobi 13.0.0 (linux64) logging started Tue Mar 31 15:05:19 2026

Set parameter LogFile to value "logs/N=12_layers=2_presolve_off/N=12/seed=27/n_qaoa_layers=2/precond_pen=0.700.log"
Set parameter MIPGap to value 1e-06
Set parameter Threads to value 8
Set parameter Presolve to value 0
Gurobi Optimizer version 13.0.0 build v13.0.0rc1 (linux64 - "Oracle Linux Server 9.7")

CPU model: AMD EPYC 7643 48-Core Processor, instruction set [SSE2|AVX|AVX2]
Thread count: 48 physical cores, 96 logical processors, using up to 8 threads

Non-default parameters:
MIPGap  1e-06
Presolve  0
Threads  8

Optimize a model with 1 rows, 12 columns and 12 nonzeros (Min)
Model fingerprint: 0x571c4d80
Model has 12 linear objective coefficients and an objective constant of 4.521527262247
Model has 66 quadratic objective terms
Variable types: 0 continuous, 12 integer (12 binary)
Coefficient statistics:
  Matrix range     [1e+00, 1e+00]
  Objective range  [1e+00, 2e+00]
  QObjective range [4e-02, 2e+00]
  Bounds range     [1e+00, 1e+00]
  RHS range        [6e+00, 6e+00]
Found heuristic solution: objective 0.0659961
Variable types: 0 continuous, 78 integer (78 binary)

Root relaxation: objective -8.117616e+00, 13 iterations, 0.00 seconds (0.00 work units)

    Nodes    |    Current Node    |     Objective Bounds      |     Work
 Expl Unexpl |  Obj  Depth IntInf | Incumbent    BestBd   Gap | It/Node Time

     0     0   -8.11762    0   12    0.06600   -8.11762      -     -    0s
H    0     0                      -2.2703916   -8.11762   258%     -    0s
H    0     0                      -3.4617124   -8.11762   134%     -    0s
H    0     0                      -3.5312185   -8.11762   130%     -    0s
     0     0   -4.00102    0   37   -3.53122   -4.00102  13.3%     -    0s

Cutting planes:
  Gomory: 8
  MIR: 52
  Flow cover: 7
  Zero half: 10
  RLT: 11
  BQP: 50

Explored 1 nodes (92 simplex iterations) in 0.01 seconds (0.01 work units)
Thread count was 8 (of 96 available processors)

Solution count 4: -3.53122 -3.46171 -2.27039 0.0659961 
No other solutions better than -3.53122

Optimal solution found (tolerance 1.00e-06)
Best objective -3.531218469629e+00, best bound -3.531218469629e+00, gap 0.0000%

User-callback calls 72, time in user-callback 0.00 sec
