
Gurobi 13.0.0 (linux64) logging started Tue Mar 31 15:05:19 2026

Set parameter LogFile to value "logs/N=12_layers=2_presolve_off/N=12/seed=27/n_qaoa_layers=2/precond_pen=0.600.log"
Set parameter MIPGap to value 1e-06
Set parameter Threads to value 8
Set parameter Presolve to value 0
Gurobi Optimizer version 13.0.0 build v13.0.0rc1 (linux64 - "Oracle Linux Server 9.7")

CPU model: AMD EPYC 7643 48-Core Processor, instruction set [SSE2|AVX|AVX2]
Thread count: 48 physical cores, 96 logical processors, using up to 8 threads

Non-default parameters:
MIPGap  1e-06
Presolve  0
Threads  8

Optimize a model with 1 rows, 12 columns and 12 nonzeros (Min)
Model fingerprint: 0xf290d381
Model has 12 linear objective coefficients and an objective constant of 4.3613401146599990e+00
Model has 66 quadratic objective terms
Variable types: 0 continuous, 12 integer (12 binary)
Coefficient statistics:
  Matrix range     [1e+00, 1e+00]
  Objective range  [1e+00, 2e+00]
  QObjective range [2e-02, 3e+00]
  Bounds range     [1e+00, 1e+00]
  RHS range        [6e+00, 6e+00]
Found heuristic solution: objective 0.1612371
Variable types: 0 continuous, 78 integer (78 binary)

Root relaxation: objective -9.377676e+00, 12 iterations, 0.00 seconds (0.00 work units)

    Nodes    |    Current Node    |     Objective Bounds      |     Work
 Expl Unexpl |  Obj  Depth IntInf | Incumbent    BestBd   Gap | It/Node Time

     0     0   -9.37768    0   12    0.16124   -9.37768  5916%     -    0s
H    0     0                      -1.6453671   -9.37768   470%     -    0s
H    0     0                      -2.0794105   -9.37768   351%     -    0s
H    0     0                      -4.0975546   -9.37768   129%     -    0s
H    0     0                      -4.1755704   -4.82962  15.7%     -    0s
     0     0   -4.34065    0   37   -4.17557   -4.34065  3.95%     -    0s

Cutting planes:
  Gomory: 8
  MIR: 82
  Flow cover: 7
  Zero half: 10
  RLT: 9
  BQP: 52

Explored 1 nodes (106 simplex iterations) in 0.01 seconds (0.01 work units)
Thread count was 8 (of 96 available processors)

Solution count 5: -4.17557 -4.09755 -2.07941 ... 0.161237
No other solutions better than -4.17557

Optimal solution found (tolerance 1.00e-06)
Best objective -4.175570353332e+00, best bound -4.175570353332e+00, gap 0.0000%

User-callback calls 75, time in user-callback 0.00 sec
