
Gurobi 13.0.0 (linux64) logging started Tue Mar 31 15:05:20 2026

Set parameter LogFile to value "logs/N=12_layers=2_presolve_off/N=12/seed=37/n_qaoa_layers=2/precond_pen=0.700.log"
Set parameter MIPGap to value 1e-06
Set parameter Threads to value 8
Set parameter Presolve to value 0
Gurobi Optimizer version 13.0.0 build v13.0.0rc1 (linux64 - "Oracle Linux Server 9.7")

CPU model: AMD EPYC 7643 48-Core Processor, instruction set [SSE2|AVX|AVX2]
Thread count: 48 physical cores, 96 logical processors, using up to 8 threads

Non-default parameters:
MIPGap  1e-06
Presolve  0
Threads  8

Optimize a model with 1 rows, 12 columns and 12 nonzeros (Min)
Model fingerprint: 0xaee54995
Model has 12 linear objective coefficients and an objective constant of 4.5981941759869995e+00
Model has 66 quadratic objective terms
Variable types: 0 continuous, 12 integer (12 binary)
Coefficient statistics:
  Matrix range     [1e+00, 1e+00]
  Objective range  [1e+00, 2e+00]
  QObjective range [5e-02, 2e+00]
  Bounds range     [1e+00, 1e+00]
  RHS range        [6e+00, 6e+00]
Found heuristic solution: objective -1.0334166
Variable types: 0 continuous, 78 integer (78 binary)

Root relaxation: objective -7.512454e+00, 14 iterations, 0.00 seconds (0.00 work units)

    Nodes    |    Current Node    |     Objective Bounds      |     Work
 Expl Unexpl |  Obj  Depth IntInf | Incumbent    BestBd   Gap | It/Node Time

     0     0   -7.51245    0   12   -1.03342   -7.51245   627%     -    0s
H    0     0                      -1.7174486   -7.51245   337%     -    0s
H    0     0                      -2.3817704   -7.51245   215%     -    0s
H    0     0                      -2.6096165   -7.51245   188%     -    0s
H    0     0                      -3.5606043   -7.51245   111%     -    0s
H    0     0                      -3.9439795   -4.37874  11.0%     -    0s
     0     0     cutoff    0        -3.94398   -3.94398  0.00%     -    0s

Cutting planes:
  MIR: 23
  Zero half: 12
  RLT: 15
  BQP: 55

Explored 1 nodes (85 simplex iterations) in 0.01 seconds (0.00 work units)
Thread count was 8 (of 96 available processors)

Solution count 6: -3.94398 -3.5606 -2.60962 ... -1.03342
No other solutions better than -3.94398

Optimal solution found (tolerance 1.00e-06)
Best objective -3.943979467747e+00, best bound -3.943979467747e+00, gap 0.0000%

User-callback calls 70, time in user-callback 0.00 sec
