
Gurobi 13.0.0 (linux64) logging started Tue Mar 31 15:12:35 2026

Set parameter LogFile to value "logs/N=16_layers=2_presolve_on/N=16/seed=18/n_qaoa_layers=2/baseline.log"
Set parameter MIPGap to value 1e-06
Set parameter Threads to value 8
Gurobi Optimizer version 13.0.0 build v13.0.0rc1 (linux64 - "Oracle Linux Server 9.7")

CPU model: AMD EPYC 7643 48-Core Processor, instruction set [SSE2|AVX|AVX2]
Thread count: 48 physical cores, 96 logical processors, using up to 8 threads

Non-default parameters:
MIPGap  1e-06
Threads  8

Optimize a model with 1 rows, 16 columns and 16 nonzeros (Min)
Model fingerprint: 0xab15f5d9
Model has 16 linear objective coefficients and an objective constant of 3.9910297289225127e-12
Model has 120 quadratic objective terms
Variable types: 0 continuous, 16 integer (16 binary)
Coefficient statistics:
  Matrix range     [1e+00, 1e+00]
  Objective range  [1e+01, 2e+01]
  QObjective range [4e-02, 8e+00]
  Bounds range     [1e+00, 1e+00]
  RHS range        [8e+00, 8e+00]
Found heuristic solution: objective 59.6151421
Presolve time: 0.00s
Presolved: 121 rows, 136 columns, 376 nonzeros
Variable types: 0 continuous, 136 integer (136 binary)

Root relaxation: objective 3.999912e-12, 5 iterations, 0.00 seconds (0.00 work units)

    Nodes    |    Current Node    |     Objective Bounds      |     Work
 Expl Unexpl |  Obj  Depth IntInf | Incumbent    BestBd   Gap | It/Node Time

     0     0    0.00000    0   16   59.61514    0.00000   100%     -    0s
H    0     0                      54.9959360    0.00000   100%     -    0s
     0     0   25.32847    0   23   54.99594   25.32847  53.9%     -    0s
     0     0   27.15277    0   26   54.99594   27.15277  50.6%     -    0s
H    0     0                      52.8710430   34.23509  35.2%     -    0s
     0     0   34.23509    0   62   52.87104   34.23509  35.2%     -    0s
     0     0   35.84931    0   62   52.87104   35.84931  32.2%     -    0s
     0     0   36.01364    0   65   52.87104   36.01364  31.9%     -    0s
     0     0   40.50460    0   83   52.87104   40.50460  23.4%     -    0s
     0     0   40.56156    0   83   52.87104   40.56156  23.3%     -    0s
     0     2   40.74020    0   83   52.87104   40.74020  22.9%     -    0s

Cutting planes:
  Gomory: 3
  Cover: 27
  Dual implied bound: 31
  MIR: 25
  StrongCG: 2
  RLT: 14

Explored 170 nodes (6042 simplex iterations) in 0.11 seconds (0.10 work units)
Thread count was 8 (of 96 available processors)

Solution count 3: 52.871 54.9959 59.6151 

Optimal solution found (tolerance 1.00e-06)
Best objective 5.287104298053e+01, best bound 5.287104298053e+01, gap 0.0000%

User-callback calls 563, time in user-callback 0.00 sec
