
Gurobi 13.0.0 (linux64) logging started Sun May  3 11:08:57 2026

Set parameter LogFile to value "logs/N=12_layers=3_presolve_off/N=12/seed=13/quantum_layers=3/baseline.log"
Set parameter MIPGap to value 1e-06
Set parameter Threads to value 8
Set parameter Presolve to value 0
Gurobi Optimizer version 13.0.0 build v13.0.0rc1 (linux64 - "Oracle Linux Server 9.7")

CPU model: AMD EPYC 7643 48-Core Processor, instruction set [SSE2|AVX|AVX2]
Thread count: 48 physical cores, 96 logical processors, using up to 8 threads

Non-default parameters:
MIPGap  1e-06
Presolve  0
Threads  8

Optimize a model with 1 rows, 12 columns and 12 nonzeros (Min)
Model fingerprint: 0xe0dedc4d
Model has 12 linear objective coefficients and an objective constant of 9.89763826453327e-13
Model has 66 quadratic objective terms
Variable types: 0 continuous, 12 integer (12 binary)
Coefficient statistics:
  Matrix range     [1e+00, 1e+00]
  Objective range  [8e+00, 1e+01]
  QObjective range [1e-02, 8e+00]
  Bounds range     [1e+00, 1e+00]
  RHS range        [6e+00, 6e+00]
Found heuristic solution: objective 41.3131821
Variable types: 0 continuous, 78 integer (78 binary)

Root relaxation: objective 9.870993e-13, 7 iterations, 0.00 seconds (0.00 work units)

    Nodes    |    Current Node    |     Objective Bounds      |     Work
 Expl Unexpl |  Obj  Depth IntInf | Incumbent    BestBd   Gap | It/Node Time

     0     0    0.00000    0   12   41.31318    0.00000   100%     -    0s
H    0     0                      35.4448673    0.00000   100%     -    0s
H    0     0                      35.2766886    0.00000   100%     -    0s
H    0     0                      32.0983568    0.00000   100%     -    0s
H    0     0                      31.6196955   18.04569  42.9%     -    0s
     0     0   19.93185    0   32   31.61970   19.93185  37.0%     -    0s
     0     0   20.45311    0   32   31.61970   20.45311  35.3%     -    0s
     0     0   26.14560    0   44   31.61970   26.14560  17.3%     -    0s
     0     0   26.46679    0   44   31.61970   26.46679  16.3%     -    0s
     0     2   26.46679    0   44   31.61970   26.46679  16.3%     -    0s

Cutting planes:
  Gomory: 3
  Cover: 2
  MIR: 11
  RLT: 7

Explored 61 nodes (1217 simplex iterations) in 0.03 seconds (0.02 work units)
Thread count was 8 (of 96 available processors)

Solution count 5: 31.6197 32.0984 35.2767 ... 41.3132

Optimal solution found (tolerance 1.00e-06)
Best objective 3.161969546942e+01, best bound 3.161969546942e+01, gap 0.0000%

User-callback calls 215, time in user-callback 0.00 sec
