
Gurobi 13.0.0 (linux64) logging started Sun May  3 11:08:57 2026

Set parameter LogFile to value "logs/N=12_layers=3_presolve_off/N=12/seed=13/quantum_layers=3/precond_pen=0.400.log"
Set parameter MIPGap to value 1e-06
Set parameter Threads to value 8
Set parameter Presolve to value 0
Gurobi Optimizer version 13.0.0 build v13.0.0rc1 (linux64 - "Oracle Linux Server 9.7")

CPU model: AMD EPYC 7643 48-Core Processor, instruction set [SSE2|AVX|AVX2]
Thread count: 48 physical cores, 96 logical processors, using up to 8 threads

Non-default parameters:
MIPGap  1e-06
Presolve  0
Threads  8

Optimize a model with 1 rows, 12 columns and 12 nonzeros (Min)
Model fingerprint: 0xb25c7464
Model has 12 linear objective coefficients and an objective constant of 3.5758361747810010e+00
Model has 66 quadratic objective terms
Variable types: 0 continuous, 12 integer (12 binary)
Coefficient statistics:
  Matrix range     [1e+00, 1e+00]
  Objective range  [4e-02, 5e+00]
  QObjective range [9e-03, 7e+00]
  Bounds range     [1e+00, 1e+00]
  RHS range        [6e+00, 6e+00]
Found heuristic solution: objective 0.6310752
Variable types: 0 continuous, 78 integer (78 binary)

Root relaxation: objective -2.426955e+01, 8 iterations, 0.00 seconds (0.00 work units)

    Nodes    |    Current Node    |     Objective Bounds      |     Work
 Expl Unexpl |  Obj  Depth IntInf | Incumbent    BestBd   Gap | It/Node Time

     0     0  -24.26955    0   12    0.63108  -24.26955  3946%     -    0s
H    0     0                      -8.4618363  -24.26955   187%     -    0s
H    0     0                      -9.6677251  -24.26955   151%     -    0s
H    0     0                     -12.6852756  -24.26955  91.3%     -    0s
H    0     0                     -19.4019434  -24.26955  25.1%     -    0s

Cutting planes:
  Gomory: 1
  MIR: 18
  Zero half: 13
  RLT: 12
  BQP: 30

Explored 1 nodes (8 simplex iterations) in 0.01 seconds (0.00 work units)
Thread count was 8 (of 96 available processors)

Solution count 5: -19.4019 -12.6853 -9.66773 ... 0.631075
No other solutions better than -19.4019

Optimal solution found (tolerance 1.00e-06)
Best objective -1.940194344897e+01, best bound -1.940194344897e+01, gap 0.0000%

User-callback calls 66, time in user-callback 0.00 sec
