
Gurobi 13.0.0 (linux64) logging started Sun May  3 11:08:57 2026

Set parameter LogFile to value "logs/N=12_layers=3_presolve_off/N=12/seed=13/quantum_layers=3/precond_pen=0.700.log"
Set parameter MIPGap to value 1e-06
Set parameter Threads to value 8
Set parameter Presolve to value 0
Gurobi Optimizer version 13.0.0 build v13.0.0rc1 (linux64 - "Oracle Linux Server 9.7")

CPU model: AMD EPYC 7643 48-Core Processor, instruction set [SSE2|AVX|AVX2]
Thread count: 48 physical cores, 96 logical processors, using up to 8 threads

Non-default parameters:
MIPGap  1e-06
Presolve  0
Threads  8

Optimize a model with 1 rows, 12 columns and 12 nonzeros (Min)
Model fingerprint: 0x7656e039
Model has 12 linear objective coefficients and an objective constant of 4.421986579698
Model has 66 quadratic objective terms
Variable types: 0 continuous, 12 integer (12 binary)
Coefficient statistics:
  Matrix range     [1e+00, 1e+00]
  Objective range  [8e-01, 3e+00]
  QObjective range [9e-02, 5e+00]
  Bounds range     [1e+00, 1e+00]
  RHS range        [6e+00, 6e+00]
Found heuristic solution: objective 0.2579722
Variable types: 0 continuous, 78 integer (78 binary)

Root relaxation: objective -1.441552e+01, 12 iterations, 0.00 seconds (0.00 work units)

    Nodes    |    Current Node    |     Objective Bounds      |     Work
 Expl Unexpl |  Obj  Depth IntInf | Incumbent    BestBd   Gap | It/Node Time

     0     0  -14.41552    0   12    0.25797  -14.41552  5688%     -    0s
H    0     0                      -0.9609904  -14.41552  1400%     -    0s
H    0     0                      -5.1176091  -14.41552   182%     -    0s
H    0     0                      -7.0631982  -14.41552   104%     -    0s
H    0     0                      -9.9223819  -14.41552  45.3%     -    0s

Cutting planes:
  Gomory: 1
  MIR: 20
  Zero half: 13
  RLT: 17
  BQP: 48

Explored 1 nodes (12 simplex iterations) in 0.01 seconds (0.00 work units)
Thread count was 8 (of 96 available processors)

Solution count 5: -9.92238 -7.0632 -5.11761 ... 0.257972
No other solutions better than -9.92238

Optimal solution found (tolerance 1.00e-06)
Best objective -9.922381870042e+00, best bound -9.922381870042e+00, gap 0.0000%

User-callback calls 66, time in user-callback 0.00 sec
