
Gurobi 13.0.0 (linux64) logging started Tue Mar 31 15:06:51 2026

Set parameter LogFile to value "logs/N=12_layers=3_presolve_on/N=12/seed=14/n_qaoa_layers=3/precond_pen=1.000.log"
Set parameter MIPGap to value 1e-06
Set parameter Threads to value 8
Gurobi Optimizer version 13.0.0 build v13.0.0rc1 (linux64 - "Oracle Linux Server 9.7")

CPU model: AMD EPYC 7643 48-Core Processor, instruction set [SSE2|AVX|AVX2]
Thread count: 48 physical cores, 96 logical processors, using up to 8 threads

Non-default parameters:
MIPGap  1e-06
Threads  8

Optimize a model with 1 rows, 12 columns and 12 nonzeros (Min)
Model fingerprint: 0x2a72f6e8
Model has 12 linear objective coefficients and an objective constant of 5.3162747425050014e+00
Model has 66 quadratic objective terms
Variable types: 0 continuous, 12 integer (12 binary)
Coefficient statistics:
  Matrix range     [1e+00, 1e+00]
  Objective range  [2e+00, 2e+00]
  QObjective range [7e-02, 2e+00]
  Bounds range     [1e+00, 1e+00]
  RHS range        [6e+00, 6e+00]
Found heuristic solution: objective -0.9518416
Presolve time: 0.00s
Presolved: 67 rows, 78 columns, 210 nonzeros
Variable types: 0 continuous, 78 integer (78 binary)

Root relaxation: objective -7.391011e+00, 18 iterations, 0.00 seconds (0.00 work units)

    Nodes    |    Current Node    |     Objective Bounds      |     Work
 Expl Unexpl |  Obj  Depth IntInf | Incumbent    BestBd   Gap | It/Node Time

     0     0   -7.39101    0   12   -0.95184   -7.39101   676%     -    0s
H    0     0                      -2.4248984   -7.39101   205%     -    0s
H    0     0                      -4.0861101   -7.39101  80.9%     -    0s
H    0     0                      -4.4785296   -7.39101  65.0%     -    0s

Cutting planes:
  Gomory: 1
  MIR: 28
  Zero half: 13
  RLT: 15
  BQP: 72

Explored 1 nodes (18 simplex iterations) in 0.01 seconds (0.00 work units)
Thread count was 8 (of 96 available processors)

Solution count 4: -4.47853 -4.08611 -2.4249 -0.951842 
No other solutions better than -4.47853

Optimal solution found (tolerance 1.00e-06)
Best objective -4.478529574955e+00, best bound -4.478529574955e+00, gap 0.0000%

User-callback calls 159, time in user-callback 0.00 sec

Gurobi 13.0.0 (linux64) logging started Tue Mar 31 15:10:49 2026

Set parameter LogFile to value "logs/N=12_layers=3_presolve_on/N=12/seed=14/n_qaoa_layers=3/precond_pen=1.000.log"
Set parameter MIPGap to value 1e-06
Set parameter Threads to value 8
Gurobi Optimizer version 13.0.0 build v13.0.0rc1 (linux64 - "Oracle Linux Server 9.7")

CPU model: AMD EPYC 7643 48-Core Processor, instruction set [SSE2|AVX|AVX2]
Thread count: 48 physical cores, 96 logical processors, using up to 8 threads

Non-default parameters:
MIPGap  1e-06
Threads  8

Optimize a model with 1 rows, 12 columns and 12 nonzeros (Min)
Model fingerprint: 0x2a72f6e8
Model has 12 linear objective coefficients and an objective constant of 5.3162747425050014e+00
Model has 66 quadratic objective terms
Variable types: 0 continuous, 12 integer (12 binary)
Coefficient statistics:
  Matrix range     [1e+00, 1e+00]
  Objective range  [2e+00, 2e+00]
  QObjective range [7e-02, 2e+00]
  Bounds range     [1e+00, 1e+00]
  RHS range        [6e+00, 6e+00]
Found heuristic solution: objective -0.9518416
Presolve time: 0.00s
Presolved: 67 rows, 78 columns, 210 nonzeros
Variable types: 0 continuous, 78 integer (78 binary)

Root relaxation: objective -7.391011e+00, 18 iterations, 0.00 seconds (0.00 work units)

    Nodes    |    Current Node    |     Objective Bounds      |     Work
 Expl Unexpl |  Obj  Depth IntInf | Incumbent    BestBd   Gap | It/Node Time

     0     0   -7.39101    0   12   -0.95184   -7.39101   676%     -    0s
H    0     0                      -2.4248984   -7.39101   205%     -    0s
H    0     0                      -4.0861101   -7.39101  80.9%     -    0s
H    0     0                      -4.4785296   -7.39101  65.0%     -    0s

Cutting planes:
  Gomory: 1
  MIR: 28
  Zero half: 13
  RLT: 15
  BQP: 72

Explored 1 nodes (18 simplex iterations) in 0.01 seconds (0.00 work units)
Thread count was 8 (of 96 available processors)

Solution count 4: -4.47853 -4.08611 -2.4249 -0.951842 
No other solutions better than -4.47853

Optimal solution found (tolerance 1.00e-06)
Best objective -4.478529574955e+00, best bound -4.478529574955e+00, gap 0.0000%

User-callback calls 159, time in user-callback 0.00 sec
