
Gurobi 13.0.0 (linux64) logging started Sun Mar 22 16:50:39 2026

Set parameter LogFile to value "logs/N=12_presolve_on/N=12/seed=27/n_qaoa_layers=1/precond_pen=0.400.log"
Set parameter MIPGap to value 1e-06
Set parameter Threads to value 8
Gurobi Optimizer version 13.0.0 build v13.0.0rc1 (linux64 - "Oracle Linux Server 9.7")

CPU model: AMD EPYC 7643 48-Core Processor, instruction set [SSE2|AVX|AVX2]
Thread count: 48 physical cores, 96 logical processors, using up to 8 threads

Non-default parameters:
MIPGap  1e-06
Threads  8

Optimize a model with 1 rows, 12 columns and 12 nonzeros (Min)
Model fingerprint: 0x7988a51d
Model has 12 linear objective coefficients and an objective constant of 4.0725942084329994e+00
Model has 66 quadratic objective terms
Variable types: 0 continuous, 12 integer (12 binary)
Coefficient statistics:
  Matrix range     [1e+00, 1e+00]
  Objective range  [6e-01, 2e+00]
  QObjective range [2e-02, 2e+00]
  Bounds range     [1e+00, 1e+00]
  RHS range        [6e+00, 6e+00]
Found heuristic solution: objective 0.0561057
Presolve time: 0.00s
Presolved: 67 rows, 78 columns, 210 nonzeros
Variable types: 0 continuous, 78 integer (78 binary)

Root relaxation: objective -7.805864e+00, 14 iterations, 0.00 seconds (0.00 work units)

    Nodes    |    Current Node    |     Objective Bounds      |     Work
 Expl Unexpl |  Obj  Depth IntInf | Incumbent    BestBd   Gap | It/Node Time

     0     0   -7.80586    0   12    0.05611   -7.80586      -     -    0s
H    0     0                      -2.8258772   -7.80586   176%     -    0s
H    0     0                      -3.0000138   -7.80586   160%     -    0s
H    0     0                      -3.0722032   -7.80586   154%     -    0s
H    0     0                      -3.1079632   -5.03122  61.9%     -    0s
     0     0   -3.40219    0   36   -3.10796   -3.40219  9.47%     -    0s

Cutting planes:
  Gomory: 10
  MIR: 64
  StrongCG: 7
  Flow cover: 7
  Zero half: 13
  RLT: 16
  BQP: 61

Explored 1 nodes (119 simplex iterations) in 0.02 seconds (0.01 work units)
Thread count was 8 (of 96 available processors)

Solution count 5: -3.10796 -3.0722 -3.00001 ... 0.0561057
No other solutions better than -3.10796

Optimal solution found (tolerance 1.00e-06)
Best objective -3.107963211467e+00, best bound -3.107963211467e+00, gap 0.0000%

User-callback calls 170, time in user-callback 0.00 sec
