
Gurobi 13.0.0 (linux64) logging started Sun May  3 11:04:23 2026

Set parameter LogFile to value "logs/N=12_layers=1_presolve_on/N=12/seed=45/quantum_layers=1/precond_pen=0.100.log"
Set parameter MIPGap to value 1e-06
Set parameter Threads to value 8
Gurobi Optimizer version 13.0.0 build v13.0.0rc1 (linux64 - "Oracle Linux Server 9.7")

CPU model: AMD EPYC 7643 48-Core Processor, instruction set [SSE2|AVX|AVX2]
Thread count: 48 physical cores, 96 logical processors, using up to 8 threads

Non-default parameters:
MIPGap  1e-06
Threads  8

Optimize a model with 1 rows, 12 columns and 12 nonzeros (Min)
Model fingerprint: 0x3cd24e53
Model has 12 linear objective coefficients and an objective constant of -1.8659859036295995e+01
Model has 66 quadratic objective terms
Variable types: 0 continuous, 12 integer (12 binary)
Coefficient statistics:
  Matrix range     [1e+00, 1e+00]
  Objective range  [1e+00, 8e+00]
  QObjective range [1e-01, 4e+00]
  Bounds range     [1e+00, 1e+00]
  RHS range        [6e+00, 6e+00]
Found heuristic solution: objective 1.6286158
Presolve time: 0.00s
Presolved: 67 rows, 78 columns, 210 nonzeros
Variable types: 0 continuous, 78 integer (78 binary)

Root relaxation: objective -1.879378e+01, 9 iterations, 0.00 seconds (0.00 work units)

    Nodes    |    Current Node    |     Objective Bounds      |     Work
 Expl Unexpl |  Obj  Depth IntInf | Incumbent    BestBd   Gap | It/Node Time

     0     0  -18.79378    0   12    1.62862  -18.79378  1254%     -    0s
H    0     0                       1.5006824  -18.79378  1352%     -    0s
H    0     0                      -1.2712588  -18.79378  1378%     -    0s
     0     0   -6.47845    0   24   -1.27126   -6.47845   410%     -    0s
     0     0   -3.37681    0   43   -1.27126   -3.37681   166%     -    0s
     0     0   -3.35236    0   43   -1.27126   -3.35236   164%     -    0s
     0     2   -3.22291    0   43   -1.27126   -3.22291   154%     -    0s

Cutting planes:
  Gomory: 4
  Dual implied bound: 16
  MIR: 3
  RLT: 14

Explored 29 nodes (640 simplex iterations) in 0.02 seconds (0.01 work units)
Thread count was 8 (of 96 available processors)

Solution count 3: -1.27126 1.50068 1.62862 
No other solutions better than -1.27126

Optimal solution found (tolerance 1.00e-06)
Best objective -1.271258764756e+00, best bound -1.271258764756e+00, gap 0.0000%

User-callback calls 239, time in user-callback 0.00 sec
