
Gurobi 13.0.0 (linux64) logging started Sun May  3 11:04:24 2026

Set parameter LogFile to value "logs/N=12_layers=1_presolve_on/N=12/seed=45/quantum_layers=1/precond_pen=0.700.log"
Set parameter MIPGap to value 1e-06
Set parameter Threads to value 8
Gurobi Optimizer version 13.0.0 build v13.0.0rc1 (linux64 - "Oracle Linux Server 9.7")

CPU model: AMD EPYC 7643 48-Core Processor, instruction set [SSE2|AVX|AVX2]
Thread count: 48 physical cores, 96 logical processors, using up to 8 threads

Non-default parameters:
MIPGap  1e-06
Threads  8

Optimize a model with 1 rows, 12 columns and 12 nonzeros (Min)
Model fingerprint: 0xdf110181
Model has 12 linear objective coefficients and an objective constant of 4.8261699661419994e+00
Model has 66 quadratic objective terms
Variable types: 0 continuous, 12 integer (12 binary)
Coefficient statistics:
  Matrix range     [1e+00, 1e+00]
  Objective range  [1e+00, 2e+00]
  QObjective range [3e-02, 1e+00]
  Bounds range     [1e+00, 1e+00]
  RHS range        [6e+00, 6e+00]
Found heuristic solution: objective -0.5747870
Presolve time: 0.00s
Presolved: 67 rows, 78 columns, 210 nonzeros
Variable types: 0 continuous, 78 integer (78 binary)

Root relaxation: objective -4.826170e+00, 24 iterations, 0.00 seconds (0.00 work units)

    Nodes    |    Current Node    |     Objective Bounds      |     Work
 Expl Unexpl |  Obj  Depth IntInf | Incumbent    BestBd   Gap | It/Node Time

     0     0   -4.82617    0   12   -0.57479   -4.82617   740%     -    0s
H    0     0                      -1.2007804   -4.82617   302%     -    0s
H    0     0                      -1.2798869   -4.82617   277%     -    0s
     0     0     cutoff    0        -1.27989   -1.27989  0.00%     -    0s

Cutting planes:
  Gomory: 1
  MIR: 45
  Zero half: 25
  RLT: 26
  BQP: 150

Explored 1 nodes (345 simplex iterations) in 0.01 seconds (0.01 work units)
Thread count was 8 (of 96 available processors)

Solution count 3: -1.27989 -1.20078 -0.574787 
No other solutions better than -1.27989

Optimal solution found (tolerance 1.00e-06)
Best objective -1.279886860314e+00, best bound -1.279886860314e+00, gap 0.0000%

User-callback calls 161, time in user-callback 0.00 sec
