
Gurobi 13.0.0 (linux64) logging started Sun May  3 10:54:08 2026

Set parameter LogFile to value "logs/N=16_layers=1_presolve_off/N=16/seed=0/quantum_layers=1/baseline.log"
Set parameter MIPGap to value 1e-06
Set parameter Threads to value 8
Set parameter Presolve to value 0
Gurobi Optimizer version 13.0.0 build v13.0.0rc1 (linux64 - "Oracle Linux Server 9.7")

CPU model: AMD EPYC 7643 48-Core Processor, instruction set [SSE2|AVX|AVX2]
Thread count: 48 physical cores, 96 logical processors, using up to 8 threads

Non-default parameters:
MIPGap  1e-06
Presolve  0
Threads  8

Optimize a model with 1 rows, 16 columns and 16 nonzeros (Min)
Model fingerprint: 0x5953c928
Model has 16 linear objective coefficients
Model has 120 quadratic objective terms
Variable types: 0 continuous, 16 integer (16 binary)
Coefficient statistics:
  Matrix range     [1e+00, 1e+00]
  Objective range  [1e+01, 2e+01]
  QObjective range [2e-02, 8e+00]
  Bounds range     [1e+00, 1e+00]
  RHS range        [8e+00, 8e+00]
Found heuristic solution: objective 73.0374540
Variable types: 0 continuous, 136 integer (136 binary)

Root relaxation: objective -1.361411e-14, 6 iterations, 0.00 seconds (0.00 work units)

    Nodes    |    Current Node    |     Objective Bounds      |     Work
 Expl Unexpl |  Obj  Depth IntInf | Incumbent    BestBd   Gap | It/Node Time

     0     0   -0.00000    0   16   73.03745   -0.00000   100%     -    0s
H    0     0                      70.5048000   -0.00000   100%     -    0s
H    0     0                      52.1531858   -0.00000   100%     -    0s
     0     0   28.50136    0   19   52.15319   28.50136  45.4%     -    0s
     0     0   28.85445    0   21   52.15319   28.85445  44.7%     -    0s
     0     0   35.58508    0   34   52.15319   35.58508  31.8%     -    0s
     0     0   35.58508    0   34   52.15319   35.58508  31.8%     -    0s
     0     2   35.58508    0   34   52.15319   35.58508  31.8%     -    0s

Cutting planes:
  MIR: 18
  RLT: 10

Explored 168 nodes (5215 simplex iterations) in 0.07 seconds (0.06 work units)
Thread count was 8 (of 96 available processors)

Solution count 3: 52.1532 70.5048 73.0375 

Optimal solution found (tolerance 1.00e-06)
Best objective 5.215318583221e+01, best bound 5.215318583221e+01, gap 0.0000%

User-callback calls 440, time in user-callback 0.00 sec
