
Gurobi 13.0.0 (linux64) logging started Tue Mar 31 15:06:50 2026

Set parameter LogFile to value "logs/N=12_layers=3_presolve_on/N=12/seed=13/n_qaoa_layers=3/precond_pen=0.200.log"
Set parameter MIPGap to value 1e-06
Set parameter Threads to value 8
Gurobi Optimizer version 13.0.0 build v13.0.0rc1 (linux64 - "Oracle Linux Server 9.7")

CPU model: AMD EPYC 7643 48-Core Processor, instruction set [SSE2|AVX|AVX2]
Thread count: 48 physical cores, 96 logical processors, using up to 8 threads

Non-default parameters:
MIPGap  1e-06
Threads  8

Optimize a model with 1 rows, 12 columns and 12 nonzeros (Min)
Model fingerprint: 0x82009ab8
Model has 12 linear objective coefficients and an objective constant of -2.0377623399177004e+01
Model has 66 quadratic objective terms
Variable types: 0 continuous, 12 integer (12 binary)
Coefficient statistics:
  Matrix range     [1e+00, 1e+00]
  Objective range  [2e+00, 1e+01]
  QObjective range [3e-02, 7e+00]
  Bounds range     [1e+00, 1e+00]
  RHS range        [6e+00, 6e+00]
Found heuristic solution: objective 1.1118136
Presolve time: 0.00s
Presolved: 67 rows, 78 columns, 210 nonzeros
Variable types: 0 continuous, 78 integer (78 binary)

Root relaxation: objective -3.314850e+01, 7 iterations, 0.00 seconds (0.00 work units)

    Nodes    |    Current Node    |     Objective Bounds      |     Work
 Expl Unexpl |  Obj  Depth IntInf | Incumbent    BestBd   Gap | It/Node Time

     0     0  -33.14850    0   12    1.11181  -33.14850  3081%     -    0s
H    0     0                       0.0916114  -33.14850      -     -    0s
H    0     0                      -3.9911986  -33.14850   731%     -    0s
H    0     0                      -7.3798870  -33.14850   349%     -    0s
     0     0  -13.50084    0   37   -7.37989  -13.50084  82.9%     -    0s
     0     0  -10.66883    0   40   -7.37989  -10.66883  44.6%     -    0s
     0     0  -10.51457    0   40   -7.37989  -10.51457  42.5%     -    0s
     0     2  -10.49407    0   40   -7.37989  -10.49407  42.2%     -    0s

Cutting planes:
  Gomory: 2
  Dual implied bound: 5
  MIR: 3
  RLT: 17
  BQP: 2

Explored 5 nodes (295 simplex iterations) in 0.02 seconds (0.01 work units)
Thread count was 8 (of 96 available processors)

Solution count 4: -7.37989 -3.9912 0.0916114 1.11181 
No other solutions better than -7.37989

Optimal solution found (tolerance 1.00e-06)
Best objective -7.379887024333e+00, best bound -7.379887024333e+00, gap 0.0000%

User-callback calls 192, time in user-callback 0.00 sec

Gurobi 13.0.0 (linux64) logging started Tue Mar 31 15:10:49 2026

Set parameter LogFile to value "logs/N=12_layers=3_presolve_on/N=12/seed=13/n_qaoa_layers=3/precond_pen=0.200.log"
Set parameter MIPGap to value 1e-06
Set parameter Threads to value 8
Gurobi Optimizer version 13.0.0 build v13.0.0rc1 (linux64 - "Oracle Linux Server 9.7")

CPU model: AMD EPYC 7643 48-Core Processor, instruction set [SSE2|AVX|AVX2]
Thread count: 48 physical cores, 96 logical processors, using up to 8 threads

Non-default parameters:
MIPGap  1e-06
Threads  8

Optimize a model with 1 rows, 12 columns and 12 nonzeros (Min)
Model fingerprint: 0x82009ab8
Model has 12 linear objective coefficients and an objective constant of -2.0377623399177004e+01
Model has 66 quadratic objective terms
Variable types: 0 continuous, 12 integer (12 binary)
Coefficient statistics:
  Matrix range     [1e+00, 1e+00]
  Objective range  [2e+00, 1e+01]
  QObjective range [3e-02, 7e+00]
  Bounds range     [1e+00, 1e+00]
  RHS range        [6e+00, 6e+00]
Found heuristic solution: objective 1.1118136
Presolve time: 0.00s
Presolved: 67 rows, 78 columns, 210 nonzeros
Variable types: 0 continuous, 78 integer (78 binary)

Root relaxation: objective -3.314850e+01, 7 iterations, 0.00 seconds (0.00 work units)

    Nodes    |    Current Node    |     Objective Bounds      |     Work
 Expl Unexpl |  Obj  Depth IntInf | Incumbent    BestBd   Gap | It/Node Time

     0     0  -33.14850    0   12    1.11181  -33.14850  3081%     -    0s
H    0     0                       0.0916114  -33.14850      -     -    0s
H    0     0                      -3.9911986  -33.14850   731%     -    0s
H    0     0                      -7.3798870  -33.14850   349%     -    0s
     0     0  -13.50084    0   37   -7.37989  -13.50084  82.9%     -    0s
     0     0  -10.66883    0   40   -7.37989  -10.66883  44.6%     -    0s
     0     0  -10.51457    0   40   -7.37989  -10.51457  42.5%     -    0s
     0     2  -10.49407    0   40   -7.37989  -10.49407  42.2%     -    0s

Cutting planes:
  Gomory: 2
  Dual implied bound: 5
  MIR: 3
  RLT: 17
  BQP: 2

Explored 5 nodes (295 simplex iterations) in 0.02 seconds (0.01 work units)
Thread count was 8 (of 96 available processors)

Solution count 4: -7.37989 -3.9912 0.0916114 1.11181 
No other solutions better than -7.37989

Optimal solution found (tolerance 1.00e-06)
Best objective -7.379887024333e+00, best bound -7.379887024333e+00, gap 0.0000%

User-callback calls 192, time in user-callback 0.00 sec
