
Gurobi 13.0.0 (linux64) logging started Tue Mar 31 15:06:58 2026

Set parameter LogFile to value "logs/N=12_layers=3_presolve_off/N=12/seed=35/n_qaoa_layers=3/precond_pen=0.800.log"
Set parameter MIPGap to value 1e-06
Set parameter Threads to value 8
Set parameter Presolve to value 0
Gurobi Optimizer version 13.0.0 build v13.0.0rc1 (linux64 - "Oracle Linux Server 9.7")

CPU model: AMD EPYC 7643 48-Core Processor, instruction set [SSE2|AVX|AVX2]
Thread count: 48 physical cores, 96 logical processors, using up to 8 threads

Non-default parameters:
MIPGap  1e-06
Presolve  0
Threads  8

Optimize a model with 1 rows, 12 columns and 12 nonzeros (Min)
Model fingerprint: 0x37f69d0f
Model has 12 linear objective coefficients and an objective constant of 5.0972384296770015e+00
Model has 66 quadratic objective terms
Variable types: 0 continuous, 12 integer (12 binary)
Coefficient statistics:
  Matrix range     [1e+00, 1e+00]
  Objective range  [1e+00, 2e+00]
  QObjective range [8e-02, 3e+00]
  Bounds range     [1e+00, 1e+00]
  RHS range        [6e+00, 6e+00]
Found heuristic solution: objective 0.1461994
Variable types: 0 continuous, 78 integer (78 binary)

Root relaxation: objective -9.309010e+00, 14 iterations, 0.00 seconds (0.00 work units)

    Nodes    |    Current Node    |     Objective Bounds      |     Work
 Expl Unexpl |  Obj  Depth IntInf | Incumbent    BestBd   Gap | It/Node Time

     0     0   -9.30901    0   12    0.14620   -9.30901  6467%     -    0s
H    0     0                      -3.5925778   -9.30901   159%     -    0s
H    0     0                      -5.4844105   -9.30901  69.7%     -    0s

Cutting planes:
  Gomory: 1
  MIR: 20
  Zero half: 13
  RLT: 19
  BQP: 58

Explored 1 nodes (14 simplex iterations) in 0.00 seconds (0.00 work units)
Thread count was 8 (of 96 available processors)

Solution count 3: -5.48441 -3.59258 0.146199 
No other solutions better than -5.48441

Optimal solution found (tolerance 1.00e-06)
Best objective -5.484410467643e+00, best bound -5.484410467643e+00, gap 0.0000%

User-callback calls 62, time in user-callback 0.00 sec

Gurobi 13.0.0 (linux64) logging started Tue Mar 31 15:10:57 2026

Set parameter LogFile to value "logs/N=12_layers=3_presolve_off/N=12/seed=35/n_qaoa_layers=3/precond_pen=0.800.log"
Set parameter MIPGap to value 1e-06
Set parameter Threads to value 8
Set parameter Presolve to value 0
Gurobi Optimizer version 13.0.0 build v13.0.0rc1 (linux64 - "Oracle Linux Server 9.7")

CPU model: AMD EPYC 7643 48-Core Processor, instruction set [SSE2|AVX|AVX2]
Thread count: 48 physical cores, 96 logical processors, using up to 8 threads

Non-default parameters:
MIPGap  1e-06
Presolve  0
Threads  8

Optimize a model with 1 rows, 12 columns and 12 nonzeros (Min)
Model fingerprint: 0x37f69d0f
Model has 12 linear objective coefficients and an objective constant of 5.0972384296770015e+00
Model has 66 quadratic objective terms
Variable types: 0 continuous, 12 integer (12 binary)
Coefficient statistics:
  Matrix range     [1e+00, 1e+00]
  Objective range  [1e+00, 2e+00]
  QObjective range [8e-02, 3e+00]
  Bounds range     [1e+00, 1e+00]
  RHS range        [6e+00, 6e+00]
Found heuristic solution: objective 0.1461994
Variable types: 0 continuous, 78 integer (78 binary)

Root relaxation: objective -9.309010e+00, 14 iterations, 0.00 seconds (0.00 work units)

    Nodes    |    Current Node    |     Objective Bounds      |     Work
 Expl Unexpl |  Obj  Depth IntInf | Incumbent    BestBd   Gap | It/Node Time

     0     0   -9.30901    0   12    0.14620   -9.30901  6467%     -    0s
H    0     0                      -3.5925778   -9.30901   159%     -    0s
H    0     0                      -5.4844105   -9.30901  69.7%     -    0s

Cutting planes:
  Gomory: 1
  MIR: 20
  Zero half: 13
  RLT: 19
  BQP: 58

Explored 1 nodes (14 simplex iterations) in 0.01 seconds (0.00 work units)
Thread count was 8 (of 96 available processors)

Solution count 3: -5.48441 -3.59258 0.146199 
No other solutions better than -5.48441

Optimal solution found (tolerance 1.00e-06)
Best objective -5.484410467643e+00, best bound -5.484410467643e+00, gap 0.0000%

User-callback calls 62, time in user-callback 0.00 sec
