
Gurobi 13.0.0 (linux64) logging started Sun Mar 22 16:50:40 2026

Set parameter LogFile to value "logs/N=12_presolve_on/N=12/seed=38/n_qaoa_layers=1/precond_pen=0.200.log"
Set parameter MIPGap to value 1e-06
Set parameter Threads to value 8
Gurobi Optimizer version 13.0.0 build v13.0.0rc1 (linux64 - "Oracle Linux Server 9.7")

CPU model: AMD EPYC 7643 48-Core Processor, instruction set [SSE2|AVX|AVX2]
Thread count: 48 physical cores, 96 logical processors, using up to 8 threads

Non-default parameters:
MIPGap  1e-06
Threads  8

Optimize a model with 1 rows, 12 columns and 12 nonzeros (Min)
Model fingerprint: 0xf0c40fa3
Model has 12 linear objective coefficients and an objective constant of -3.7101546299120010e+00
Model has 66 quadratic objective terms
Variable types: 0 continuous, 12 integer (12 binary)
Coefficient statistics:
  Matrix range     [1e+00, 1e+00]
  Objective range  [4e-02, 4e+00]
  QObjective range [2e-02, 3e+00]
  Bounds range     [1e+00, 1e+00]
  RHS range        [6e+00, 6e+00]
Found heuristic solution: objective 0.0479735
Presolve time: 0.00s
Presolved: 67 rows, 78 columns, 210 nonzeros
Variable types: 0 continuous, 78 integer (78 binary)

Root relaxation: objective -1.089984e+01, 11 iterations, 0.00 seconds (0.00 work units)

    Nodes    |    Current Node    |     Objective Bounds      |     Work
 Expl Unexpl |  Obj  Depth IntInf | Incumbent    BestBd   Gap | It/Node Time

     0     0  -10.89984    0   12    0.04797  -10.89984      -     -    0s
H    0     0                      -2.9940831  -10.89984   264%     -    0s
H    0     0                      -3.6495012  -10.89984   199%     -    0s
H    0     0                      -5.9884997  -10.89984  82.0%     -    0s

Cutting planes:
  Gomory: 1
  MIR: 17
  Zero half: 24
  RLT: 23
  BQP: 65

Explored 1 nodes (11 simplex iterations) in 0.01 seconds (0.00 work units)
Thread count was 8 (of 96 available processors)

Solution count 4: -5.9885 -3.6495 -2.99408 0.0479735 
No other solutions better than -5.9885

Optimal solution found (tolerance 1.00e-06)
Best objective -5.988499730614e+00, best bound -5.988499730614e+00, gap 0.0000%

User-callback calls 158, time in user-callback 0.00 sec
