
Gurobi 13.0.0 (linux64) logging started Sun Mar 22 16:50:40 2026

Set parameter LogFile to value "logs/N=12_presolve_on/N=12/seed=38/n_qaoa_layers=1/precond_pen=0.300.log"
Set parameter MIPGap to value 1e-06
Set parameter Threads to value 8
Gurobi Optimizer version 13.0.0 build v13.0.0rc1 (linux64 - "Oracle Linux Server 9.7")

CPU model: AMD EPYC 7643 48-Core Processor, instruction set [SSE2|AVX|AVX2]
Thread count: 48 physical cores, 96 logical processors, using up to 8 threads

Non-default parameters:
MIPGap  1e-06
Threads  8

Optimize a model with 1 rows, 12 columns and 12 nonzeros (Min)
Model fingerprint: 0x9a217658
Model has 12 linear objective coefficients and an objective constant of 2.8172970088189997e+00
Model has 66 quadratic objective terms
Variable types: 0 continuous, 12 integer (12 binary)
Coefficient statistics:
  Matrix range     [1e+00, 1e+00]
  Objective range  [4e-02, 2e+00]
  QObjective range [5e-03, 3e+00]
  Bounds range     [1e+00, 1e+00]
  RHS range        [6e+00, 6e+00]
Found heuristic solution: objective -0.9702512
Presolve time: 0.00s
Presolved: 67 rows, 78 columns, 210 nonzeros
Variable types: 0 continuous, 78 integer (78 binary)

Root relaxation: objective -9.671369e+00, 11 iterations, 0.00 seconds (0.00 work units)

    Nodes    |    Current Node    |     Objective Bounds      |     Work
 Expl Unexpl |  Obj  Depth IntInf | Incumbent    BestBd   Gap | It/Node Time

     0     0   -9.67137    0   12   -0.97025   -9.67137   897%     -    0s
H    0     0                      -1.3362633   -9.67137   624%     -    0s
H    0     0                      -2.0544604   -9.67137   371%     -    0s
H    0     0                      -6.0776648   -9.67137  59.1%     -    0s

Cutting planes:
  MIR: 18
  Zero half: 20
  RLT: 17
  BQP: 57

Explored 1 nodes (11 simplex iterations) in 0.01 seconds (0.00 work units)
Thread count was 8 (of 96 available processors)

Solution count 4: -6.07766 -2.05446 -1.33626 -0.970251 
No other solutions better than -6.07766

Optimal solution found (tolerance 1.00e-06)
Best objective -6.077664834629e+00, best bound -6.077664834629e+00, gap 0.0000%

User-callback calls 158, time in user-callback 0.00 sec
