
Gurobi 13.0.0 (linux64) logging started Sun May  3 11:08:53 2026

Set parameter LogFile to value "logs/N=12_layers=3_presolve_on/N=12/seed=28/quantum_layers=3/baseline.log"
Set parameter MIPGap to value 1e-06
Set parameter Threads to value 8
Gurobi Optimizer version 13.0.0 build v13.0.0rc1 (linux64 - "Oracle Linux Server 9.7")

CPU model: AMD EPYC 7643 48-Core Processor, instruction set [SSE2|AVX|AVX2]
Thread count: 48 physical cores, 96 logical processors, using up to 8 threads

Non-default parameters:
MIPGap  1e-06
Threads  8

Optimize a model with 1 rows, 12 columns and 12 nonzeros (Min)
Model fingerprint: 0xba5d2c55
Model has 12 linear objective coefficients and an objective constant of -3.0022651031913483e-12
Model has 66 quadratic objective terms
Variable types: 0 continuous, 12 integer (12 binary)
Coefficient statistics:
  Matrix range     [1e+00, 1e+00]
  Objective range  [1e+01, 2e+01]
  QObjective range [1e-01, 8e+00]
  Bounds range     [1e+00, 1e+00]
  RHS range        [6e+00, 6e+00]
Found heuristic solution: objective 38.2259501
Presolve time: 0.00s
Presolved: 67 rows, 78 columns, 210 nonzeros
Variable types: 0 continuous, 78 integer (78 binary)

Root relaxation: objective -2.999601e-12, 9 iterations, 0.00 seconds (0.00 work units)

    Nodes    |    Current Node    |     Objective Bounds      |     Work
 Expl Unexpl |  Obj  Depth IntInf | Incumbent    BestBd   Gap | It/Node Time

     0     0   -0.00000    0   12   38.22595   -0.00000   100%     -    0s
H    0     0                      37.5176383   -0.00000   100%     -    0s
H    0     0                      37.4265673   -0.00000   100%     -    0s
H    0     0                      37.3196568   20.01225  46.4%     -    0s
H    0     0                      37.1447050   20.01225  46.1%     -    0s
H    0     0                      35.5269141   20.01225  43.7%     -    0s
     0     0   20.66599    0   16   35.52691   20.66599  41.8%     -    0s
     0     0   21.01694    0   24   35.52691   21.01694  40.8%     -    0s
     0     0   27.11958    0   40   35.52691   27.11958  23.7%     -    0s
     0     0   27.13951    0   40   35.52691   27.13951  23.6%     -    0s
     0     2   27.13951    0   40   35.52691   27.13951  23.6%     -    0s

Cutting planes:
  Gomory: 1
  Cover: 2
  Dual implied bound: 11
  MIR: 9
  StrongCG: 1
  RLT: 10

Explored 73 nodes (1221 simplex iterations) in 0.03 seconds (0.02 work units)
Thread count was 8 (of 96 available processors)

Solution count 6: 35.5269 37.1447 37.3197 ... 38.226

Optimal solution found (tolerance 1.00e-06)
Best objective 3.552691409409e+01, best bound 3.552691409409e+01, gap 0.0000%

User-callback calls 337, time in user-callback 0.00 sec
