
Gurobi 13.0.0 (linux64) logging started Sun Mar 22 16:50:39 2026

Set parameter LogFile to value "logs/N=12_presolve_on/N=12/seed=33/n_qaoa_layers=1/baseline.log"
Set parameter MIPGap to value 1e-06
Set parameter Threads to value 8
Gurobi Optimizer version 13.0.0 build v13.0.0rc1 (linux64 - "Oracle Linux Server 9.7")

CPU model: AMD EPYC 7643 48-Core Processor, instruction set [SSE2|AVX|AVX2]
Thread count: 48 physical cores, 96 logical processors, using up to 8 threads

Non-default parameters:
MIPGap  1e-06
Threads  8

Optimize a model with 1 rows, 12 columns and 12 nonzeros (Min)
Model fingerprint: 0x30447ace
Model has 12 linear objective coefficients and an objective constant of -5.9977023347812519e-12
Model has 66 quadratic objective terms
Variable types: 0 continuous, 12 integer (12 binary)
Coefficient statistics:
  Matrix range     [1e+00, 1e+00]
  Objective range  [8e+00, 1e+01]
  QObjective range [1e-01, 8e+00]
  Bounds range     [1e+00, 1e+00]
  RHS range        [6e+00, 6e+00]
Found heuristic solution: objective 35.8853834
Presolve time: 0.00s
Presolved: 67 rows, 78 columns, 210 nonzeros
Variable types: 0 continuous, 78 integer (78 binary)

Root relaxation: objective -5.991485e-12, 5 iterations, 0.00 seconds (0.00 work units)

    Nodes    |    Current Node    |     Objective Bounds      |     Work
 Expl Unexpl |  Obj  Depth IntInf | Incumbent    BestBd   Gap | It/Node Time

     0     0   -0.00000    0   12   35.88538   -0.00000   100%     -    0s
H    0     0                      35.2122362   -0.00000   100%     -    0s
H    0     0                      30.3231343   -0.00000   100%     -    0s
     0     0   18.46950    0   20   30.32313   18.46950  39.1%     -    0s
     0     0   18.46950    0   18   30.32313   18.46950  39.1%     -    0s
     0     0   22.23996    0   45   30.32313   22.23996  26.7%     -    0s
     0     0   22.76132    0   45   30.32313   22.76132  24.9%     -    0s
     0     2   22.76132    0   45   30.32313   22.76132  24.9%     -    0s

Cutting planes:
  Gomory: 2
  Dual implied bound: 15
  MIR: 9
  StrongCG: 1
  Mod-K: 2
  RLT: 9

Explored 79 nodes (1489 simplex iterations) in 0.03 seconds (0.02 work units)
Thread count was 8 (of 96 available processors)

Solution count 3: 30.3231 35.2122 35.8854 

Optimal solution found (tolerance 1.00e-06)
Best objective 3.032313426902e+01, best bound 3.032313426902e+01, gap 0.0000%

User-callback calls 348, time in user-callback 0.00 sec
