
Gurobi 13.0.0 (linux64) logging started Sun May  3 10:54:01 2026

Set parameter LogFile to value "logs/N=16_layers=1_presolve_on/N=16/seed=38/quantum_layers=1/precond_pen=0.800.log"
Set parameter MIPGap to value 1e-06
Set parameter Threads to value 8
Gurobi Optimizer version 13.0.0 build v13.0.0rc1 (linux64 - "Oracle Linux Server 9.7")

CPU model: AMD EPYC 7643 48-Core Processor, instruction set [SSE2|AVX|AVX2]
Thread count: 48 physical cores, 96 logical processors, using up to 8 threads

Non-default parameters:
MIPGap  1e-06
Threads  8

Optimize a model with 1 rows, 16 columns and 16 nonzeros (Min)
Model fingerprint: 0xf59e1975
Model has 16 linear objective coefficients and an objective constant of 6.7528177491130013e+00
Model has 120 quadratic objective terms
Variable types: 0 continuous, 16 integer (16 binary)
Coefficient statistics:
  Matrix range     [1e+00, 1e+00]
  Objective range  [1e+00, 2e+00]
  QObjective range [6e-02, 8e-01]
  Bounds range     [1e+00, 1e+00]
  RHS range        [8e+00, 8e+00]
Found heuristic solution: objective -0.9704023
Presolve time: 0.00s
Presolved: 121 rows, 136 columns, 376 nonzeros
Variable types: 0 continuous, 136 integer (136 binary)

Root relaxation: objective -6.752818e+00, 49 iterations, 0.00 seconds (0.00 work units)

    Nodes    |    Current Node    |     Objective Bounds      |     Work
 Expl Unexpl |  Obj  Depth IntInf | Incumbent    BestBd   Gap | It/Node Time

     0     0   -6.75282    0   16   -0.97040   -6.75282   596%     -    0s
H    0     0                      -1.2325809   -6.75282   448%     -    0s
H    0     0                      -1.3546204   -6.75282   399%     -    0s
H    0     0                      -1.3833771   -6.75282   388%     -    0s
     0     0   -1.73148    0  106   -1.38338   -1.73148  25.2%     -    0s
     0     0   -1.59432    0  125   -1.38338   -1.59432  15.2%     -    0s
     0     0   -1.59432    0  125   -1.38338   -1.59432  15.2%     -    0s
     0     2   -1.59432    0  125   -1.38338   -1.59432  15.2%     -    0s

Cutting planes:
  Dual implied bound: 5
  MIR: 72
  StrongCG: 1
  Zero half: 9
  RLT: 30
  BQP: 197

Explored 14 nodes (1799 simplex iterations) in 0.14 seconds (0.11 work units)
Thread count was 8 (of 96 available processors)

Solution count 4: -1.38338 -1.35462 -1.23258 -0.970402 
No other solutions better than -1.38338

Optimal solution found (tolerance 1.00e-06)
Best objective -1.383377128079e+00, best bound -1.383377128079e+00, gap 0.0000%

User-callback calls 232, time in user-callback 0.00 sec
