
Gurobi 13.0.0 (linux64) logging started Sun May  3 10:58:50 2026

Set parameter LogFile to value "logs/N=16_layers=2_presolve_off/N=16/seed=34/quantum_layers=2/precond_pen=1.000.log"
Set parameter MIPGap to value 1e-06
Set parameter Threads to value 8
Set parameter Presolve to value 0
Gurobi Optimizer version 13.0.0 build v13.0.0rc1 (linux64 - "Oracle Linux Server 9.7")

CPU model: AMD EPYC 7643 48-Core Processor, instruction set [SSE2|AVX|AVX2]
Thread count: 48 physical cores, 96 logical processors, using up to 8 threads

Non-default parameters:
MIPGap  1e-06
Presolve  0
Threads  8

Optimize a model with 1 rows, 16 columns and 16 nonzeros (Min)
Model fingerprint: 0x813625ac
Model has 16 linear objective coefficients and an objective constant of 7.2816568212549990e+00
Model has 120 quadratic objective terms
Variable types: 0 continuous, 16 integer (16 binary)
Coefficient statistics:
  Matrix range     [1e+00, 1e+00]
  Objective range  [2e+00, 2e+00]
  QObjective range [6e-03, 1e+00]
  Bounds range     [1e+00, 1e+00]
  RHS range        [8e+00, 8e+00]
Found heuristic solution: objective -0.3495437
Variable types: 0 continuous, 136 integer (136 binary)

Root relaxation: objective -7.406248e+00, 35 iterations, 0.00 seconds (0.00 work units)

    Nodes    |    Current Node    |     Objective Bounds      |     Work
 Expl Unexpl |  Obj  Depth IntInf | Incumbent    BestBd   Gap | It/Node Time

     0     0   -7.40625    0   16   -0.34954   -7.40625  2019%     -    0s
H    0     0                      -1.0841454   -7.40625   583%     -    0s
H    0     0                      -1.1987833   -7.40625   518%     -    0s
H    0     0                      -1.2860413   -7.40625   476%     -    0s
H    0     0                      -2.1078289   -7.40625   251%     -    0s
H    0     0                      -2.2535515   -5.32590   136%     -    0s
     0     0   -2.26794    0  101   -2.25355   -2.26794  0.64%     -    0s

Cutting planes:
  Gomory: 4
  Cover: 3
  MIR: 55
  Zero half: 16
  RLT: 32
  BQP: 217

Explored 1 nodes (469 simplex iterations) in 0.05 seconds (0.04 work units)
Thread count was 8 (of 96 available processors)

Solution count 6: -2.25355 -2.10783 -1.28604 ... -0.349544
No other solutions better than -2.25355

Optimal solution found (tolerance 1.00e-06)
Best objective -2.253551546133e+00, best bound -2.253551546133e+00, gap 0.0000%

User-callback calls 84, time in user-callback 0.00 sec
