
Gurobi 13.0.0 (linux64) logging started Sun May  3 10:58:50 2026

Set parameter LogFile to value "logs/N=16_layers=2_presolve_off/N=16/seed=34/quantum_layers=2/precond_pen=0.700.log"
Set parameter MIPGap to value 1e-06
Set parameter Threads to value 8
Set parameter Presolve to value 0
Gurobi Optimizer version 13.0.0 build v13.0.0rc1 (linux64 - "Oracle Linux Server 9.7")

CPU model: AMD EPYC 7643 48-Core Processor, instruction set [SSE2|AVX|AVX2]
Thread count: 48 physical cores, 96 logical processors, using up to 8 threads

Non-default parameters:
MIPGap  1e-06
Presolve  0
Threads  8

Optimize a model with 1 rows, 16 columns and 16 nonzeros (Min)
Model fingerprint: 0xf7e36003
Model has 16 linear objective coefficients and an objective constant of 6.2770754284069969e+00
Model has 120 quadratic objective terms
Variable types: 0 continuous, 16 integer (16 binary)
Coefficient statistics:
  Matrix range     [1e+00, 1e+00]
  Objective range  [1e+00, 2e+00]
  QObjective range [8e-03, 3e+00]
  Bounds range     [1e+00, 1e+00]
  RHS range        [8e+00, 8e+00]
Found heuristic solution: objective -0.0506955
Variable types: 0 continuous, 136 integer (136 binary)

Root relaxation: objective -1.217113e+01, 29 iterations, 0.00 seconds (0.00 work units)

    Nodes    |    Current Node    |     Objective Bounds      |     Work
 Expl Unexpl |  Obj  Depth IntInf | Incumbent    BestBd   Gap | It/Node Time

     0     0  -12.17113    0   16   -0.05070  -12.17113      -     -    0s
H    0     0                      -1.6360642  -12.17113   644%     -    0s
H    0     0                      -2.3442285  -12.17113   419%     -    0s
H    0     0                      -2.8120768  -12.17113   333%     -    0s
H    0     0                      -5.6317128  -12.17113   116%     -    0s
H    0     0                      -6.0742859   -9.20780  51.6%     -    0s
     0     0   -6.16804    0   85   -6.07429   -6.16804  1.54%     -    0s
     0     0     cutoff    0        -6.07429   -6.07429  0.00%     -    0s

Cutting planes:
  Gomory: 1
  MIR: 40
  Zero half: 29
  RLT: 38
  BQP: 190

Explored 1 nodes (282 simplex iterations) in 0.02 seconds (0.01 work units)
Thread count was 8 (of 96 available processors)

Solution count 6: -6.07429 -5.63171 -2.81208 ... -0.0506955
No other solutions better than -6.07429

Optimal solution found (tolerance 1.00e-06)
Best objective -6.074285903107e+00, best bound -6.074285903107e+00, gap 0.0000%

User-callback calls 76, time in user-callback 0.00 sec
