
Gurobi 13.0.0 (linux64) logging started Sun May  3 10:58:50 2026

Set parameter LogFile to value "logs/N=16_layers=2_presolve_off/N=16/seed=34/quantum_layers=2/precond_pen=0.400.log"
Set parameter MIPGap to value 1e-06
Set parameter Threads to value 8
Set parameter Presolve to value 0
Gurobi Optimizer version 13.0.0 build v13.0.0rc1 (linux64 - "Oracle Linux Server 9.7")

CPU model: AMD EPYC 7643 48-Core Processor, instruction set [SSE2|AVX|AVX2]
Thread count: 48 physical cores, 96 logical processors, using up to 8 threads

Non-default parameters:
MIPGap  1e-06
Presolve  0
Threads  8

Optimize a model with 1 rows, 16 columns and 16 nonzeros (Min)
Model fingerprint: 0x58fdd70a
Model has 16 linear objective coefficients and an objective constant of 5.2981309454980021e+00
Model has 120 quadratic objective terms
Variable types: 0 continuous, 16 integer (16 binary)
Coefficient statistics:
  Matrix range     [1e+00, 1e+00]
  Objective range  [1e-01, 3e+00]
  QObjective range [8e-02, 4e+00]
  Bounds range     [1e+00, 1e+00]
  RHS range        [8e+00, 8e+00]
Found heuristic solution: objective 0.4433701
Variable types: 0 continuous, 136 integer (136 binary)

Root relaxation: objective -2.114549e+01, 15 iterations, 0.00 seconds (0.00 work units)

    Nodes    |    Current Node    |     Objective Bounds      |     Work
 Expl Unexpl |  Obj  Depth IntInf | Incumbent    BestBd   Gap | It/Node Time

     0     0  -21.14549    0   16    0.44337  -21.14549  4869%     -    0s
H    0     0                      -3.4455269  -21.14549   514%     -    0s
H    0     0                      -3.4536041  -21.14549   512%     -    0s
H    0     0                      -4.4112516  -21.14549   379%     -    0s
H    0     0                     -12.2923281  -21.14549  72.0%     -    0s
     0     0  -13.28309    0   75  -12.29233  -13.28309  8.06%     -    0s

Cutting planes:
  Gomory: 4
  MIR: 54
  StrongCG: 1
  Flow cover: 8
  Zero half: 18
  RLT: 18
  BQP: 96

Explored 1 nodes (180 simplex iterations) in 0.02 seconds (0.01 work units)
Thread count was 8 (of 96 available processors)

Solution count 5: -12.2923 -4.41125 -3.4536 ... 0.44337
No other solutions better than -12.2923

Optimal solution found (tolerance 1.00e-06)
Best objective -1.229232812991e+01, best bound -1.229232812991e+01, gap 0.0000%

User-callback calls 81, time in user-callback 0.00 sec
