
Gurobi 13.0.0 (linux64) logging started Tue Mar 31 15:05:20 2026

Set parameter LogFile to value "logs/N=12_layers=2_presolve_off/N=12/seed=44/n_qaoa_layers=2/precond_pen=0.700.log"
Set parameter MIPGap to value 1e-06
Set parameter Threads to value 8
Set parameter Presolve to value 0
Gurobi Optimizer version 13.0.0 build v13.0.0rc1 (linux64 - "Oracle Linux Server 9.7")

CPU model: AMD EPYC 7643 48-Core Processor, instruction set [SSE2|AVX|AVX2]
Thread count: 48 physical cores, 96 logical processors, using up to 8 threads

Non-default parameters:
MIPGap  1e-06
Presolve  0
Threads  8

Optimize a model with 1 rows, 12 columns and 12 nonzeros (Min)
Model fingerprint: 0x6d4bbd4f
Model has 12 linear objective coefficients and an objective constant of 4.5145670114819989e+00
Model has 66 quadratic objective terms
Variable types: 0 continuous, 12 integer (12 binary)
Coefficient statistics:
  Matrix range     [1e+00, 1e+00]
  Objective range  [1e+00, 2e+00]
  QObjective range [2e-02, 3e+00]
  Bounds range     [1e+00, 1e+00]
  RHS range        [6e+00, 6e+00]
Found heuristic solution: objective 0.9758832
Variable types: 0 continuous, 78 integer (78 binary)

Root relaxation: objective -9.956934e+00, 13 iterations, 0.00 seconds (0.00 work units)

    Nodes    |    Current Node    |     Objective Bounds      |     Work
 Expl Unexpl |  Obj  Depth IntInf | Incumbent    BestBd   Gap | It/Node Time

     0     0   -9.95693    0   12    0.97588   -9.95693  1120%     -    0s
H    0     0                      -0.3979628   -9.95693  2402%     -    0s
H    0     0                      -1.0044154   -9.95693   891%     -    0s
H    0     0                      -1.7989309   -9.95693   453%     -    0s
H    0     0                      -5.2574173   -9.95693  89.4%     -    0s
H    0     0                      -5.3005638   -6.79108  28.1%     -    0s
     0     0   -5.30056    0   44   -5.30056   -5.30056  0.00%     -    0s

Cutting planes:
  Gomory: 2
  MIR: 27
  Zero half: 13
  RLT: 12
  BQP: 50

Explored 1 nodes (98 simplex iterations) in 0.01 seconds (0.00 work units)
Thread count was 8 (of 96 available processors)

Solution count 6: -5.30056 -5.25742 -1.79893 ... 0.975883
No other solutions better than -5.30056

Optimal solution found (tolerance 1.00e-06)
Best objective -5.300563818786e+00, best bound -5.300563818786e+00, gap 0.0000%

User-callback calls 72, time in user-callback 0.00 sec
