
Gurobi 13.0.0 (linux64) logging started Sun Mar 22 16:50:36 2026

Set parameter LogFile to value "logs/N=12_presolve_on/N=12/seed=11/n_qaoa_layers=1/precond_pen=1.000.log"
Set parameter MIPGap to value 1e-06
Set parameter Threads to value 8
Gurobi Optimizer version 13.0.0 build v13.0.0rc1 (linux64 - "Oracle Linux Server 9.7")

CPU model: AMD EPYC 7643 48-Core Processor, instruction set [SSE2|AVX|AVX2]
Thread count: 48 physical cores, 96 logical processors, using up to 8 threads

Non-default parameters:
MIPGap  1e-06
Threads  8

Optimize a model with 1 rows, 12 columns and 12 nonzeros (Min)
Model fingerprint: 0x7eeabc9e
Model has 12 linear objective coefficients and an objective constant of 4.9164793623520007e+00
Model has 66 quadratic objective terms
Variable types: 0 continuous, 12 integer (12 binary)
Coefficient statistics:
  Matrix range     [1e+00, 1e+00]
  Objective range  [2e+00, 2e+00]
  QObjective range [2e-01, 9e-01]
  Bounds range     [1e+00, 1e+00]
  RHS range        [6e+00, 6e+00]
Found heuristic solution: objective -0.1229496
Presolve time: 0.00s
Presolved: 67 rows, 78 columns, 210 nonzeros
Variable types: 0 continuous, 78 integer (78 binary)

Root relaxation: objective -4.916479e+00, 14 iterations, 0.00 seconds (0.00 work units)

    Nodes    |    Current Node    |     Objective Bounds      |     Work
 Expl Unexpl |  Obj  Depth IntInf | Incumbent    BestBd   Gap | It/Node Time

     0     0   -4.91648    0   12   -0.12295   -4.91648  3899%     -    0s
H    0     0                      -0.5121368   -4.91648   860%     -    0s
H    0     0                      -0.9456151   -4.91648   420%     -    0s
     0     0   -1.07757    0   58   -0.94562   -1.07757  14.0%     -    0s

Cutting planes:
  Gomory: 2
  Cover: 3
  Dual implied bound: 5
  MIR: 52
  Zero half: 7
  RLT: 20
  BQP: 105

Explored 1 nodes (308 simplex iterations) in 0.03 seconds (0.02 work units)
Thread count was 8 (of 96 available processors)

Solution count 3: -0.945615 -0.512137 -0.12295 

Optimal solution found (tolerance 1.00e-06)
Best objective -9.456151055460e-01, best bound -9.456151055460e-01, gap 0.0000%

User-callback calls 169, time in user-callback 0.00 sec
