
Gurobi 13.0.0 (linux64) logging started Sun May  3 10:58:29 2026

Set parameter LogFile to value "logs/N=16_layers=2_presolve_on/N=16/seed=16/quantum_layers=2/precond_pen=0.400.log"
Set parameter MIPGap to value 1e-06
Set parameter Threads to value 8
Gurobi Optimizer version 13.0.0 build v13.0.0rc1 (linux64 - "Oracle Linux Server 9.7")

CPU model: AMD EPYC 7643 48-Core Processor, instruction set [SSE2|AVX|AVX2]
Thread count: 48 physical cores, 96 logical processors, using up to 8 threads

Non-default parameters:
MIPGap  1e-06
Threads  8

Optimize a model with 1 rows, 16 columns and 16 nonzeros (Min)
Model fingerprint: 0x2dce4b14
Model has 16 linear objective coefficients and an objective constant of 5.684805538231
Model has 120 quadratic objective terms
Variable types: 0 continuous, 16 integer (16 binary)
Coefficient statistics:
  Matrix range     [1e+00, 1e+00]
  Objective range  [7e-01, 2e+00]
  QObjective range [2e-02, 4e+00]
  Bounds range     [1e+00, 1e+00]
  RHS range        [8e+00, 8e+00]
Found heuristic solution: objective 1.2220420
Presolve time: 0.00s
Presolved: 121 rows, 136 columns, 376 nonzeros
Variable types: 0 continuous, 136 integer (136 binary)

Root relaxation: objective -2.128646e+01, 25 iterations, 0.00 seconds (0.00 work units)

    Nodes    |    Current Node    |     Objective Bounds      |     Work
 Expl Unexpl |  Obj  Depth IntInf | Incumbent    BestBd   Gap | It/Node Time

     0     0  -21.28646    0   16    1.22204  -21.28646  1842%     -    0s
H    0     0                      -0.9993475  -21.28646  2030%     -    0s
H    0     0                      -2.1282898  -21.28646   900%     -    0s
H    0     0                      -9.9473333  -21.28646   114%     -    0s
H    0     0                     -13.8170050  -16.36339  18.4%     -    0s
     0     0  -14.66198    0   43  -13.81700  -14.66198  6.12%     -    0s

Cutting planes:
  Gomory: 10
  Cover: 1
  MIR: 192
  StrongCG: 1
  Flow cover: 109
  Zero half: 25
  RLT: 31
  BQP: 127

Explored 1 nodes (144 simplex iterations) in 0.04 seconds (0.03 work units)
Thread count was 8 (of 96 available processors)

Solution count 5: -13.817 -9.94733 -2.12829 ... 1.22204
No other solutions better than -13.817

Optimal solution found (tolerance 1.00e-06)
Best objective -1.381700497680e+01, best bound -1.381700497680e+01, gap 0.0000%

User-callback calls 174, time in user-callback 0.00 sec
