
Gurobi 13.0.0 (linux64) logging started Tue Mar 31 15:05:17 2026

Set parameter LogFile to value "logs/N=12_layers=2_presolve_off/N=12/seed=5/n_qaoa_layers=2/precond_pen=0.800.log"
Set parameter MIPGap to value 1e-06
Set parameter Threads to value 8
Set parameter Presolve to value 0
Gurobi Optimizer version 13.0.0 build v13.0.0rc1 (linux64 - "Oracle Linux Server 9.7")

CPU model: AMD EPYC 7643 48-Core Processor, instruction set [SSE2|AVX|AVX2]
Thread count: 48 physical cores, 96 logical processors, using up to 8 threads

Non-default parameters:
MIPGap  1e-06
Presolve  0
Threads  8

Optimize a model with 1 rows, 12 columns and 12 nonzeros (Min)
Model fingerprint: 0x6f6f2af9
Model has 12 linear objective coefficients and an objective constant of 5.2752308739730012e+00
Model has 66 quadratic objective terms
Variable types: 0 continuous, 12 integer (12 binary)
Coefficient statistics:
  Matrix range     [1e+00, 1e+00]
  Objective range  [1e+00, 2e+00]
  QObjective range [5e-03, 2e+00]
  Bounds range     [1e+00, 1e+00]
  RHS range        [6e+00, 6e+00]
Found heuristic solution: objective -0.7703511
Variable types: 0 continuous, 78 integer (78 binary)

Root relaxation: objective -5.593231e+00, 23 iterations, 0.00 seconds (0.00 work units)

    Nodes    |    Current Node    |     Objective Bounds      |     Work
 Expl Unexpl |  Obj  Depth IntInf | Incumbent    BestBd   Gap | It/Node Time

     0     0   -5.59323    0   12   -0.77035   -5.59323   626%     -    0s
H    0     0                      -0.9337626   -5.59323   499%     -    0s
H    0     0                      -2.0040049   -5.59323   179%     -    0s
     0     0   -2.04172    0   64   -2.00400   -2.04172  1.88%     -    0s
     0     0   -2.03485    0   64   -2.00400   -2.03485  1.54%     -    0s
     0     0   -2.00400    0   51   -2.00400   -2.00400  0.00%     -    0s

Cutting planes:
  Gomory: 1
  MIR: 21
  Zero half: 3
  RLT: 12
  BQP: 44

Explored 1 nodes (163 simplex iterations) in 0.01 seconds (0.00 work units)
Thread count was 8 (of 96 available processors)

Solution count 3: -2.004 -0.933763 -0.770351 
No other solutions better than -2.004

Optimal solution found (tolerance 1.00e-06)
Best objective -2.004004947917e+00, best bound -2.004004947917e+00, gap 0.0000%

User-callback calls 73, time in user-callback 0.00 sec
