
Gurobi 13.0.0 (linux64) logging started Sun May  3 11:01:51 2026

Set parameter LogFile to value "logs/N=16_layers=3_presolve_off/N=16/seed=13/quantum_layers=3/precond_pen=0.300.log"
Set parameter MIPGap to value 1e-06
Set parameter Threads to value 8
Set parameter Presolve to value 0
Gurobi Optimizer version 13.0.0 build v13.0.0rc1 (linux64 - "Oracle Linux Server 9.7")

CPU model: AMD EPYC 7643 48-Core Processor, instruction set [SSE2|AVX|AVX2]
Thread count: 48 physical cores, 96 logical processors, using up to 8 threads

Non-default parameters:
MIPGap  1e-06
Presolve  0
Threads  8

Optimize a model with 1 rows, 16 columns and 16 nonzeros (Min)
Model fingerprint: 0x6a0b3d54
Model has 16 linear objective coefficients and an objective constant of 5.0819339475289995e+00
Model has 120 quadratic objective terms
Variable types: 0 continuous, 16 integer (16 binary)
Coefficient statistics:
  Matrix range     [1e+00, 1e+00]
  Objective range  [7e-02, 3e+00]
  QObjective range [6e-02, 6e+00]
  Bounds range     [1e+00, 1e+00]
  RHS range        [8e+00, 8e+00]
Found heuristic solution: objective 1.1207219
Variable types: 0 continuous, 136 integer (136 binary)

Root relaxation: objective -4.003813e+01, 10 iterations, 0.00 seconds (0.00 work units)

    Nodes    |    Current Node    |     Objective Bounds      |     Work
 Expl Unexpl |  Obj  Depth IntInf | Incumbent    BestBd   Gap | It/Node Time

     0     0  -40.03813    0   16    1.12072  -40.03813  3673%     -    0s
H    0     0                     -16.8886339  -40.03813   137%     -    0s
H    0     0                     -34.1034958  -40.03813  17.4%     -    0s

Cutting planes:
  MIR: 36
  Zero half: 21
  RLT: 20
  BQP: 91

Explored 1 nodes (10 simplex iterations) in 0.01 seconds (0.00 work units)
Thread count was 8 (of 96 available processors)

Solution count 3: -34.1035 -16.8886 1.12072 
No other solutions better than -34.1035

Optimal solution found (tolerance 1.00e-06)
Best objective -3.410349579524e+01, best bound -3.410349579524e+01, gap 0.0000%

User-callback calls 62, time in user-callback 0.00 sec
