
Gurobi 13.0.0 (linux64) logging started Sun May  3 11:01:51 2026

Set parameter LogFile to value "logs/N=16_layers=3_presolve_off/N=16/seed=13/quantum_layers=3/precond_pen=0.200.log"
Set parameter MIPGap to value 1e-06
Set parameter Threads to value 8
Set parameter Presolve to value 0
Gurobi Optimizer version 13.0.0 build v13.0.0rc1 (linux64 - "Oracle Linux Server 9.7")

CPU model: AMD EPYC 7643 48-Core Processor, instruction set [SSE2|AVX|AVX2]
Thread count: 48 physical cores, 96 logical processors, using up to 8 threads

Non-default parameters:
MIPGap  1e-06
Presolve  0
Threads  8

Optimize a model with 1 rows, 16 columns and 16 nonzeros (Min)
Model fingerprint: 0x332b8e11
Model has 16 linear objective coefficients and an objective constant of -4.7482961860039993e+01
Model has 120 quadratic objective terms
Variable types: 0 continuous, 16 integer (16 binary)
Coefficient statistics:
  Matrix range     [1e+00, 1e+00]
  Objective range  [4e+00, 1e+01]
  QObjective range [3e-02, 6e+00]
  Bounds range     [1e+00, 1e+00]
  RHS range        [8e+00, 8e+00]
Found heuristic solution: objective 3.1781924
Variable types: 0 continuous, 136 integer (136 binary)

Root relaxation: objective -4.761865e+01, 12 iterations, 0.00 seconds (0.00 work units)

    Nodes    |    Current Node    |     Objective Bounds      |     Work
 Expl Unexpl |  Obj  Depth IntInf | Incumbent    BestBd   Gap | It/Node Time

     0     0  -47.61865    0   16    3.17819  -47.61865  1598%     -    0s
H    0     0                       2.9919147  -47.61865  1692%     -    0s
H    0     0                      -2.8723115  -47.61865  1558%     -    0s
H    0     0                     -13.4579158  -47.61865   254%     -    0s
     0     0  -19.74578    0   23  -13.45792  -19.74578  46.7%     -    0s
     0     0  -19.61677    0   24  -13.45792  -19.61677  45.8%     -    0s
     0     0  -17.93614    0   35  -13.45792  -17.93614  33.3%     -    0s
     0     0  -17.93614    0   35  -13.45792  -17.93614  33.3%     -    0s
     0     2  -17.93614    0   35  -13.45792  -17.93614  33.3%     -    0s

Cutting planes:
  Gomory: 1
  MIR: 14
  Zero half: 1
  RLT: 16
  BQP: 2

Explored 12 nodes (663 simplex iterations) in 0.04 seconds (0.03 work units)
Thread count was 8 (of 96 available processors)

Solution count 4: -13.4579 -2.87231 2.99191 3.17819 
No other solutions better than -13.4579

Optimal solution found (tolerance 1.00e-06)
Best objective -1.345791578019e+01, best bound -1.345791578019e+01, gap 0.0000%

User-callback calls 121, time in user-callback 0.00 sec
