
Gurobi 13.0.0 (linux64) logging started Sun May  3 10:58:38 2026

Set parameter LogFile to value "logs/N=16_layers=2_presolve_on/N=16/seed=45/quantum_layers=2/baseline.log"
Set parameter MIPGap to value 1e-06
Set parameter Threads to value 8
Gurobi Optimizer version 13.0.0 build v13.0.0rc1 (linux64 - "Oracle Linux Server 9.7")

CPU model: AMD EPYC 7643 48-Core Processor, instruction set [SSE2|AVX|AVX2]
Thread count: 48 physical cores, 96 logical processors, using up to 8 threads

Non-default parameters:
MIPGap  1e-06
Threads  8

Optimize a model with 1 rows, 16 columns and 16 nonzeros (Min)
Model fingerprint: 0x75aa6584
Model has 16 linear objective coefficients
Model has 120 quadratic objective terms
Variable types: 0 continuous, 16 integer (16 binary)
Coefficient statistics:
  Matrix range     [1e+00, 1e+00]
  Objective range  [1e+01, 2e+01]
  QObjective range [4e-04, 8e+00]
  Bounds range     [1e+00, 1e+00]
  RHS range        [8e+00, 8e+00]
Found heuristic solution: objective 64.1209607
Presolve time: 0.00s
Presolved: 121 rows, 136 columns, 376 nonzeros
Variable types: 0 continuous, 136 integer (136 binary)

Root relaxation: objective 2.553513e-15, 7 iterations, 0.00 seconds (0.00 work units)

    Nodes    |    Current Node    |     Objective Bounds      |     Work
 Expl Unexpl |  Obj  Depth IntInf | Incumbent    BestBd   Gap | It/Node Time

     0     0    0.00000    0   16   64.12096    0.00000   100%     -    0s
H    0     0                      62.7620598    0.00000   100%     -    0s
H    0     0                      62.7067905    0.00000   100%     -    0s
H    0     0                      61.8995313    0.00000   100%     -    0s
H    0     0                      54.0309318    0.00000   100%     -    0s
H    0     0                      53.5075579   24.96727  53.3%     -    0s
     0     0   25.86268    0   23   53.50756   25.86268  51.7%     -    0s
     0     0   28.99389    0   26   53.50756   28.99389  45.8%     -    0s
     0     0   37.32364    0   71   53.50756   37.32364  30.2%     -    0s
     0     0   37.37994    0   71   53.50756   37.37994  30.1%     -    0s
     0     2   38.19081    0   71   53.50756   38.19081  28.6%     -    0s
*  114    50               8      52.9701738   46.30427  12.6%  33.3    0s

Cutting planes:
  Gomory: 5
  Cover: 2
  Dual implied bound: 42
  MIR: 29
  StrongCG: 5
  RLT: 14

Explored 303 nodes (8596 simplex iterations) in 0.09 seconds (0.08 work units)
Thread count was 8 (of 96 available processors)

Solution count 7: 52.9702 53.5076 54.0309 ... 64.121

Optimal solution found (tolerance 1.00e-06)
Best objective 5.297017379546e+01, best bound 5.297017379546e+01, gap 0.0000%

User-callback calls 823, time in user-callback 0.00 sec
