
Gurobi 13.0.0 (linux64) logging started Sun May  3 10:58:42 2026

Set parameter LogFile to value "logs/N=16_layers=2_presolve_off/N=16/seed=8/quantum_layers=2/precond_pen=1.000.log"
Set parameter MIPGap to value 1e-06
Set parameter Threads to value 8
Set parameter Presolve to value 0
Gurobi Optimizer version 13.0.0 build v13.0.0rc1 (linux64 - "Oracle Linux Server 9.7")

CPU model: AMD EPYC 7643 48-Core Processor, instruction set [SSE2|AVX|AVX2]
Thread count: 48 physical cores, 96 logical processors, using up to 8 threads

Non-default parameters:
MIPGap  1e-06
Presolve  0
Threads  8

Optimize a model with 1 rows, 16 columns and 16 nonzeros (Min)
Model fingerprint: 0x6da20890
Model has 16 linear objective coefficients and an objective constant of 7.3296878216059982e+00
Model has 120 quadratic objective terms
Variable types: 0 continuous, 16 integer (16 binary)
Coefficient statistics:
  Matrix range     [1e+00, 1e+00]
  Objective range  [2e+00, 2e+00]
  QObjective range [1e-03, 1e+00]
  Bounds range     [1e+00, 1e+00]
  RHS range        [8e+00, 8e+00]
Found heuristic solution: objective -1.1277123
Variable types: 0 continuous, 136 integer (136 binary)

Root relaxation: objective -7.423443e+00, 45 iterations, 0.00 seconds (0.00 work units)

    Nodes    |    Current Node    |     Objective Bounds      |     Work
 Expl Unexpl |  Obj  Depth IntInf | Incumbent    BestBd   Gap | It/Node Time

     0     0   -7.42344    0   16   -1.12771   -7.42344   558%     -    0s
H    0     0                      -1.1803397   -7.42344   529%     -    0s
H    0     0                      -1.9679187   -7.42344   277%     -    0s
     0     0   -2.17802    0  112   -1.96792   -2.17802  10.7%     -    0s
     0     0   -1.96792    0  121   -1.96792   -1.96792  0.00%     -    0s

Cutting planes:
  Gomory: 8
  MIR: 56
  Zero half: 19
  RLT: 41
  BQP: 223

Explored 1 nodes (672 simplex iterations) in 0.07 seconds (0.05 work units)
Thread count was 8 (of 96 available processors)

Solution count 3: -1.96792 -1.18034 -1.12771 
No other solutions better than -1.96792

Optimal solution found (tolerance 1.00e-06)
Best objective -1.967918746052e+00, best bound -1.967918746052e+00, gap 0.0000%

User-callback calls 83, time in user-callback 0.00 sec
