
Gurobi 13.0.0 (linux64) logging started Sun May  3 11:04:28 2026

Set parameter LogFile to value "logs/N=12_layers=1_presolve_off/N=12/seed=21/quantum_layers=1/precond_pen=1.000.log"
Set parameter MIPGap to value 1e-06
Set parameter Threads to value 8
Set parameter Presolve to value 0
Gurobi Optimizer version 13.0.0 build v13.0.0rc1 (linux64 - "Oracle Linux Server 9.7")

CPU model: AMD EPYC 7643 48-Core Processor, instruction set [SSE2|AVX|AVX2]
Thread count: 48 physical cores, 96 logical processors, using up to 8 threads

Non-default parameters:
MIPGap  1e-06
Presolve  0
Threads  8

Optimize a model with 1 rows, 12 columns and 12 nonzeros (Min)
Model fingerprint: 0x1c47aa40
Model has 12 linear objective coefficients and an objective constant of 4.9151870680290033e+00
Model has 66 quadratic objective terms
Variable types: 0 continuous, 12 integer (12 binary)
Coefficient statistics:
  Matrix range     [1e+00, 1e+00]
  Objective range  [2e+00, 2e+00]
  QObjective range [2e-01, 9e-01]
  Bounds range     [1e+00, 1e+00]
  RHS range        [6e+00, 6e+00]
Found heuristic solution: objective -0.5068185
Variable types: 0 continuous, 78 integer (78 binary)

Root relaxation: objective -4.915187e+00, 17 iterations, 0.00 seconds (0.00 work units)

    Nodes    |    Current Node    |     Objective Bounds      |     Work
 Expl Unexpl |  Obj  Depth IntInf | Incumbent    BestBd   Gap | It/Node Time

     0     0   -4.91519    0   12   -0.50682   -4.91519   870%     -    0s
H    0     0                      -0.5647889   -4.91519   770%     -    0s
H    0     0                      -0.9681304   -4.91519   408%     -    0s
H    0     0                      -0.9805705   -3.37271   244%     -    0s
H    0     0                      -1.0109079   -1.01416  0.32%     -    0s
     0     0   -1.01091    0   60   -1.01091   -1.01091  0.00%     -    0s

Cutting planes:
  Gomory: 2
  MIR: 52
  Zero half: 23
  RLT: 23
  BQP: 148

Explored 1 nodes (582 simplex iterations) in 0.02 seconds (0.02 work units)
Thread count was 8 (of 96 available processors)

Solution count 5: -1.01091 -0.98057 -0.96813 ... -0.506819
No other solutions better than -1.01091

Optimal solution found (tolerance 1.00e-06)
Best objective -1.010907881011e+00, best bound -1.010907881011e+00, gap 0.0000%

User-callback calls 71, time in user-callback 0.00 sec
