
Gurobi 13.0.0 (linux64) logging started Sun May  3 11:04:28 2026

Set parameter LogFile to value "logs/N=12_layers=1_presolve_off/N=12/seed=21/quantum_layers=1/precond_pen=0.400.log"
Set parameter MIPGap to value 1e-06
Set parameter Threads to value 8
Set parameter Presolve to value 0
Gurobi Optimizer version 13.0.0 build v13.0.0rc1 (linux64 - "Oracle Linux Server 9.7")

CPU model: AMD EPYC 7643 48-Core Processor, instruction set [SSE2|AVX|AVX2]
Thread count: 48 physical cores, 96 logical processors, using up to 8 threads

Non-default parameters:
MIPGap  1e-06
Presolve  0
Threads  8

Optimize a model with 1 rows, 12 columns and 12 nonzeros (Min)
Model fingerprint: 0x4b508ffe
Model has 12 linear objective coefficients and an objective constant of 4.1431023813840007e+00
Model has 66 quadratic objective terms
Variable types: 0 continuous, 12 integer (12 binary)
Coefficient statistics:
  Matrix range     [1e+00, 1e+00]
  Objective range  [8e-01, 2e+00]
  QObjective range [9e-03, 2e+00]
  Bounds range     [1e+00, 1e+00]
  RHS range        [6e+00, 6e+00]
Found heuristic solution: objective -0.8385488
Variable types: 0 continuous, 78 integer (78 binary)

Root relaxation: objective -7.555315e+00, 17 iterations, 0.00 seconds (0.00 work units)

    Nodes    |    Current Node    |     Objective Bounds      |     Work
 Expl Unexpl |  Obj  Depth IntInf | Incumbent    BestBd   Gap | It/Node Time

     0     0   -7.55531    0   12   -0.83855   -7.55531   801%     -    0s
H    0     0                      -3.0399269   -7.55531   149%     -    0s
H    0     0                      -3.1680403   -7.55531   138%     -    0s
H    0     0                      -3.2105086   -7.55531   135%     -    0s
H    0     0                      -3.3100156   -5.43884  64.3%     -    0s
     0     0   -3.81324    0   56   -3.31002   -3.81324  15.2%     -    0s

Cutting planes:
  Gomory: 7
  MIR: 23
  StrongCG: 1
  Zero half: 14
  RLT: 9
  BQP: 41

Explored 1 nodes (123 simplex iterations) in 0.01 seconds (0.01 work units)
Thread count was 8 (of 96 available processors)

Solution count 5: -3.31002 -3.21051 -3.16804 ... -0.838549
No other solutions better than -3.31002

Optimal solution found (tolerance 1.00e-06)
Best objective -3.310015574886e+00, best bound -3.310015574886e+00, gap 0.0000%

User-callback calls 74, time in user-callback 0.00 sec
