
Gurobi 13.0.0 (linux64) logging started Tue Mar 31 15:12:38 2026

Set parameter LogFile to value "logs/N=16_layers=2_presolve_on/N=16/seed=30/n_qaoa_layers=2/precond_pen=0.700.log"
Set parameter MIPGap to value 1e-06
Set parameter Threads to value 8
Gurobi Optimizer version 13.0.0 build v13.0.0rc1 (linux64 - "Oracle Linux Server 9.7")

CPU model: AMD EPYC 7643 48-Core Processor, instruction set [SSE2|AVX|AVX2]
Thread count: 48 physical cores, 96 logical processors, using up to 8 threads

Non-default parameters:
MIPGap  1e-06
Threads  8

Optimize a model with 1 rows, 16 columns and 16 nonzeros (Min)
Model fingerprint: 0x98d1eca5
Model has 16 linear objective coefficients and an objective constant of 6.3775176084790024e+00
Model has 120 quadratic objective terms
Variable types: 0 continuous, 16 integer (16 binary)
Coefficient statistics:
  Matrix range     [1e+00, 1e+00]
  Objective range  [1e+00, 2e+00]
  QObjective range [2e-02, 2e+00]
  Bounds range     [1e+00, 1e+00]
  RHS range        [8e+00, 8e+00]
Found heuristic solution: objective 0.7343675
Presolve time: 0.00s
Presolved: 121 rows, 136 columns, 376 nonzeros
Variable types: 0 continuous, 136 integer (136 binary)

Root relaxation: objective -1.207710e+01, 35 iterations, 0.00 seconds (0.00 work units)

    Nodes    |    Current Node    |     Objective Bounds      |     Work
 Expl Unexpl |  Obj  Depth IntInf | Incumbent    BestBd   Gap | It/Node Time

     0     0  -12.07710    0   16    0.73437  -12.07710  1745%     -    0s
H    0     0                      -3.1701795  -12.07710   281%     -    0s
H    0     0                      -3.8528320  -12.07710   213%     -    0s
H    0     0                      -6.2443569  -12.07710  93.4%     -    0s
     0     0     cutoff    0        -6.24436   -6.24436  0.00%     -    0s

Cutting planes:
  Gomory: 1
  MIR: 50
  Zero half: 31
  RLT: 33
  BQP: 168

Explored 1 nodes (222 simplex iterations) in 0.01 seconds (0.01 work units)
Thread count was 8 (of 96 available processors)

Solution count 4: -6.24436 -3.85283 -3.17018 0.734368 
No other solutions better than -6.24436

Optimal solution found (tolerance 1.00e-06)
Best objective -6.244356891851e+00, best bound -6.244356891851e+00, gap 0.0000%

User-callback calls 165, time in user-callback 0.00 sec
