
Gurobi 13.0.0 (linux64) logging started Tue Mar 31 15:12:50 2026

Set parameter LogFile to value "logs/N=16_layers=2_presolve_off/N=16/seed=19/n_qaoa_layers=2/precond_pen=0.800.log"
Set parameter MIPGap to value 1e-06
Set parameter Threads to value 8
Set parameter Presolve to value 0
Gurobi Optimizer version 13.0.0 build v13.0.0rc1 (linux64 - "Oracle Linux Server 9.7")

CPU model: AMD EPYC 7643 48-Core Processor, instruction set [SSE2|AVX|AVX2]
Thread count: 48 physical cores, 96 logical processors, using up to 8 threads

Non-default parameters:
MIPGap  1e-06
Presolve  0
Threads  8

Optimize a model with 1 rows, 16 columns and 16 nonzeros (Min)
Model fingerprint: 0x4bfe85f6
Model has 16 linear objective coefficients and an objective constant of 6.4859175040139991e+00
Model has 120 quadratic objective terms
Variable types: 0 continuous, 16 integer (16 binary)
Coefficient statistics:
  Matrix range     [1e+00, 1e+00]
  Objective range  [1e+00, 2e+00]
  QObjective range [2e-04, 2e+00]
  Bounds range     [1e+00, 1e+00]
  RHS range        [8e+00, 8e+00]
Found heuristic solution: objective 1.1596334
Variable types: 0 continuous, 136 integer (136 binary)

Root relaxation: objective -1.041610e+01, 31 iterations, 0.00 seconds (0.00 work units)

    Nodes    |    Current Node    |     Objective Bounds      |     Work
 Expl Unexpl |  Obj  Depth IntInf | Incumbent    BestBd   Gap | It/Node Time

     0     0  -10.41610    0   16    1.15963  -10.41610   998%     -    0s
H    0     0                      -2.6432494  -10.41610   294%     -    0s
H    0     0                      -5.5683151  -10.41610  87.1%     -    0s
     0     0   -5.85144    0   77   -5.56832   -5.85144  5.08%     -    0s

Cutting planes:
  Gomory: 10
  MIR: 88
  Flow cover: 7
  Zero half: 17
  RLT: 18
  BQP: 86

Explored 1 nodes (200 simplex iterations) in 0.02 seconds (0.01 work units)
Thread count was 8 (of 96 available processors)

Solution count 3: -5.56832 -2.64325 1.15963 
No other solutions better than -5.56832

Optimal solution found (tolerance 1.00e-06)
Best objective -5.568315106412e+00, best bound -5.568315106412e+00, gap 0.0000%

User-callback calls 74, time in user-callback 0.00 sec
