
Gurobi 13.0.0 (linux64) logging started Tue Mar 31 15:06:56 2026

Set parameter LogFile to value "logs/N=12_layers=3_presolve_off/N=12/seed=13/n_qaoa_layers=3/precond_pen=1.000.log"
Set parameter MIPGap to value 1e-06
Set parameter Threads to value 8
Set parameter Presolve to value 0
Gurobi Optimizer version 13.0.0 build v13.0.0rc1 (linux64 - "Oracle Linux Server 9.7")

CPU model: AMD EPYC 7643 48-Core Processor, instruction set [SSE2|AVX|AVX2]
Thread count: 48 physical cores, 96 logical processors, using up to 8 threads

Non-default parameters:
MIPGap  1e-06
Presolve  0
Threads  8

Optimize a model with 1 rows, 12 columns and 12 nonzeros (Min)
Model fingerprint: 0xd50bd4ec
Model has 12 linear objective coefficients and an objective constant of 5.31336922596
Model has 66 quadratic objective terms
Variable types: 0 continuous, 12 integer (12 binary)
Coefficient statistics:
  Matrix range     [1e+00, 1e+00]
  Objective range  [2e+00, 2e+00]
  QObjective range [3e-02, 3e+00]
  Bounds range     [1e+00, 1e+00]
  RHS range        [6e+00, 6e+00]
Found heuristic solution: objective 0.0265099
Variable types: 0 continuous, 78 integer (78 binary)

Root relaxation: objective -7.825911e+00, 18 iterations, 0.00 seconds (0.00 work units)

    Nodes    |    Current Node    |     Objective Bounds      |     Work
 Expl Unexpl |  Obj  Depth IntInf | Incumbent    BestBd   Gap | It/Node Time

     0     0   -7.82591    0   12    0.02651   -7.82591      -     -    0s
H    0     0                      -1.0444702   -7.82591   649%     -    0s
H    0     0                      -2.7156633   -7.82591   188%     -    0s
H    0     0                      -4.7582781   -7.82591  64.5%     -    0s

Cutting planes:
  Gomory: 1
  MIR: 22
  Zero half: 11
  RLT: 19
  BQP: 60

Explored 1 nodes (18 simplex iterations) in 0.01 seconds (0.00 work units)
Thread count was 8 (of 96 available processors)

Solution count 4: -4.75828 -2.71566 -1.04447 0.0265099 
No other solutions better than -4.75828

Optimal solution found (tolerance 1.00e-06)
Best objective -4.758278068980e+00, best bound -4.758278068980e+00, gap 0.0000%

User-callback calls 64, time in user-callback 0.00 sec

Gurobi 13.0.0 (linux64) logging started Tue Mar 31 15:10:54 2026

Set parameter LogFile to value "logs/N=12_layers=3_presolve_off/N=12/seed=13/n_qaoa_layers=3/precond_pen=1.000.log"
Set parameter MIPGap to value 1e-06
Set parameter Threads to value 8
Set parameter Presolve to value 0
Gurobi Optimizer version 13.0.0 build v13.0.0rc1 (linux64 - "Oracle Linux Server 9.7")

CPU model: AMD EPYC 7643 48-Core Processor, instruction set [SSE2|AVX|AVX2]
Thread count: 48 physical cores, 96 logical processors, using up to 8 threads

Non-default parameters:
MIPGap  1e-06
Presolve  0
Threads  8

Optimize a model with 1 rows, 12 columns and 12 nonzeros (Min)
Model fingerprint: 0xd50bd4ec
Model has 12 linear objective coefficients and an objective constant of 5.31336922596
Model has 66 quadratic objective terms
Variable types: 0 continuous, 12 integer (12 binary)
Coefficient statistics:
  Matrix range     [1e+00, 1e+00]
  Objective range  [2e+00, 2e+00]
  QObjective range [3e-02, 3e+00]
  Bounds range     [1e+00, 1e+00]
  RHS range        [6e+00, 6e+00]
Found heuristic solution: objective 0.0265099
Variable types: 0 continuous, 78 integer (78 binary)

Root relaxation: objective -7.825911e+00, 18 iterations, 0.00 seconds (0.00 work units)

    Nodes    |    Current Node    |     Objective Bounds      |     Work
 Expl Unexpl |  Obj  Depth IntInf | Incumbent    BestBd   Gap | It/Node Time

     0     0   -7.82591    0   12    0.02651   -7.82591      -     -    0s
H    0     0                      -1.0444702   -7.82591   649%     -    0s
H    0     0                      -2.7156633   -7.82591   188%     -    0s
H    0     0                      -4.7582781   -7.82591  64.5%     -    0s

Cutting planes:
  Gomory: 1
  MIR: 22
  Zero half: 11
  RLT: 19
  BQP: 60

Explored 1 nodes (18 simplex iterations) in 0.01 seconds (0.00 work units)
Thread count was 8 (of 96 available processors)

Solution count 4: -4.75828 -2.71566 -1.04447 0.0265099 
No other solutions better than -4.75828

Optimal solution found (tolerance 1.00e-06)
Best objective -4.758278068980e+00, best bound -4.758278068980e+00, gap 0.0000%

User-callback calls 64, time in user-callback 0.00 sec
