
Gurobi 13.0.0 (linux64) logging started Sun May  3 10:54:06 2026

Set parameter LogFile to value "logs/N=16_layers=1_presolve_on/N=16/seed=47/quantum_layers=1/baseline.log"
Set parameter MIPGap to value 1e-06
Set parameter Threads to value 8
Gurobi Optimizer version 13.0.0 build v13.0.0rc1 (linux64 - "Oracle Linux Server 9.7")

CPU model: AMD EPYC 7643 48-Core Processor, instruction set [SSE2|AVX|AVX2]
Thread count: 48 physical cores, 96 logical processors, using up to 8 threads

Non-default parameters:
MIPGap  1e-06
Threads  8

Optimize a model with 1 rows, 16 columns and 16 nonzeros (Min)
Model fingerprint: 0xe711c9cb
Model has 16 linear objective coefficients and an objective constant of 2.0091706076641458e-12
Model has 120 quadratic objective terms
Variable types: 0 continuous, 16 integer (16 binary)
Coefficient statistics:
  Matrix range     [1e+00, 1e+00]
  Objective range  [1e+01, 2e+01]
  QObjective range [1e-01, 8e+00]
  Bounds range     [1e+00, 1e+00]
  RHS range        [8e+00, 8e+00]
Found heuristic solution: objective 74.1441590
Presolve time: 0.00s
Presolved: 121 rows, 136 columns, 376 nonzeros
Variable types: 0 continuous, 136 integer (136 binary)

Root relaxation: objective 1.994960e-12, 7 iterations, 0.00 seconds (0.00 work units)

    Nodes    |    Current Node    |     Objective Bounds      |     Work
 Expl Unexpl |  Obj  Depth IntInf | Incumbent    BestBd   Gap | It/Node Time

     0     0    0.00000    0   16   74.14416    0.00000   100%     -    0s
H    0     0                      69.8135169    0.00000   100%     -    0s
H    0     0                      69.3362301    0.00000   100%     -    0s
H    0     0                      61.2796860    0.00000   100%     -    0s
H    0     0                      59.6709849    0.00000   100%     -    0s
     0     0   29.81039    0   20   59.67098   29.81039  50.0%     -    0s
     0     0   30.63482    0   23   59.67098   30.63482  48.7%     -    0s
     0     0   30.63482    0   25   59.67098   30.63482  48.7%     -    0s
     0     0   42.17841    0   67   59.67098   42.17841  29.3%     -    0s
     0     0   42.23271    0   67   59.67098   42.23271  29.2%     -    0s
     0     2   42.60296    0   67   59.67098   42.60296  28.6%     -    0s
*  105    50               8      57.5501055   51.01713  11.4%  26.3    0s

Cutting planes:
  Gomory: 5
  Dual implied bound: 25
  MIR: 34
  StrongCG: 2
  RLT: 12

Explored 259 nodes (5852 simplex iterations) in 0.07 seconds (0.07 work units)
Thread count was 8 (of 96 available processors)

Solution count 6: 57.5501 59.671 61.2797 ... 74.1442

Optimal solution found (tolerance 1.00e-06)
Best objective 5.755010545807e+01, best bound 5.755010545807e+01, gap 0.0000%

User-callback calls 730, time in user-callback 0.00 sec
