
Gurobi 13.0.0 (linux64) logging started Sun May  3 10:54:06 2026

Set parameter LogFile to value "logs/N=16_layers=1_presolve_on/N=16/seed=47/quantum_layers=1/precond_pen=0.600.log"
Set parameter MIPGap to value 1e-06
Set parameter Threads to value 8
Gurobi Optimizer version 13.0.0 build v13.0.0rc1 (linux64 - "Oracle Linux Server 9.7")

CPU model: AMD EPYC 7643 48-Core Processor, instruction set [SSE2|AVX|AVX2]
Thread count: 48 physical cores, 96 logical processors, using up to 8 threads

Non-default parameters:
MIPGap  1e-06
Threads  8

Optimize a model with 1 rows, 16 columns and 16 nonzeros (Min)
Model fingerprint: 0xa66bf29b
Model has 16 linear objective coefficients and an objective constant of 6.5466952546720005e+00
Model has 120 quadratic objective terms
Variable types: 0 continuous, 16 integer (16 binary)
Coefficient statistics:
  Matrix range     [1e+00, 1e+00]
  Objective range  [1e+00, 2e+00]
  QObjective range [3e-03, 1e+00]
  Bounds range     [1e+00, 1e+00]
  RHS range        [8e+00, 8e+00]
Found heuristic solution: objective 0.4846893
Presolve time: 0.00s
Presolved: 121 rows, 136 columns, 376 nonzeros
Variable types: 0 continuous, 136 integer (136 binary)

Root relaxation: objective -6.884841e+00, 28 iterations, 0.00 seconds (0.00 work units)

    Nodes    |    Current Node    |     Objective Bounds      |     Work
 Expl Unexpl |  Obj  Depth IntInf | Incumbent    BestBd   Gap | It/Node Time

     0     0   -6.88484    0   16    0.48469   -6.88484  1520%     -    0s
H    0     0                      -1.1797755   -6.88484   484%     -    0s
H    0     0                      -1.3562472   -6.88484   408%     -    0s
H    0     0                      -1.4909530   -6.88484   362%     -    0s
H    0     0                      -1.9968761   -6.88484   245%     -    0s
H    0     0                      -2.2709791   -6.88484   203%     -    0s
     0     0   -2.39339    0   66   -2.27098   -2.39339  5.39%     -    0s
H    0     0                      -2.3611692   -2.39339  1.36%     -    0s

Cutting planes:
  Gomory: 5
  MIR: 149
  Zero half: 30
  RLT: 29
  BQP: 200

Explored 1 nodes (338 simplex iterations) in 0.05 seconds (0.03 work units)
Thread count was 8 (of 96 available processors)

Solution count 7: -2.36117 -2.27098 -1.99688 ... 0.484689
No other solutions better than -2.36117

Optimal solution found (tolerance 1.00e-06)
Best objective -2.361169216004e+00, best bound -2.361169216004e+00, gap 0.0000%

User-callback calls 179, time in user-callback 0.00 sec
