
Gurobi 13.0.0 (linux64) logging started Sun Mar 22 16:50:38 2026

Set parameter LogFile to value "logs/N=12_presolve_on/N=12/seed=24/n_qaoa_layers=1/precond_pen=0.200.log"
Set parameter MIPGap to value 1e-06
Set parameter Threads to value 8
Gurobi Optimizer version 13.0.0 build v13.0.0rc1 (linux64 - "Oracle Linux Server 9.7")

CPU model: AMD EPYC 7643 48-Core Processor, instruction set [SSE2|AVX|AVX2]
Thread count: 48 physical cores, 96 logical processors, using up to 8 threads

Non-default parameters:
MIPGap  1e-06
Threads  8

Optimize a model with 1 rows, 12 columns and 12 nonzeros (Min)
Model fingerprint: 0xabdb1733
Model has 12 linear objective coefficients and an objective constant of -4.6637034078959987e+00
Model has 66 quadratic objective terms
Variable types: 0 continuous, 12 integer (12 binary)
Coefficient statistics:
  Matrix range     [1e+00, 1e+00]
  Objective range  [1e-01, 3e+00]
  QObjective range [7e-03, 3e+00]
  Bounds range     [1e+00, 1e+00]
  RHS range        [6e+00, 6e+00]
Found heuristic solution: objective -0.8361526
Presolve time: 0.00s
Presolved: 67 rows, 78 columns, 210 nonzeros
Variable types: 0 continuous, 78 integer (78 binary)

Root relaxation: objective -1.034501e+01, 13 iterations, 0.00 seconds (0.00 work units)

    Nodes    |    Current Node    |     Objective Bounds      |     Work
 Expl Unexpl |  Obj  Depth IntInf | Incumbent    BestBd   Gap | It/Node Time

     0     0  -10.34501    0   12   -0.83615  -10.34501  1137%     -    0s
H    0     0                      -3.6289448  -10.34501   185%     -    0s
H    0     0                      -6.3174893  -10.34501  63.8%     -    0s

Cutting planes:
  Gomory: 1
  MIR: 20
  Zero half: 18
  RLT: 17
  BQP: 68

Explored 1 nodes (13 simplex iterations) in 0.01 seconds (0.00 work units)
Thread count was 8 (of 96 available processors)

Solution count 3: -6.31749 -3.62894 -0.836153 
No other solutions better than -6.31749

Optimal solution found (tolerance 1.00e-06)
Best objective -6.317489310312e+00, best bound -6.317489310312e+00, gap 0.0000%

User-callback calls 157, time in user-callback 0.00 sec
