
Gurobi 13.0.0 (linux64) logging started Sun May  3 10:54:14 2026

Set parameter LogFile to value "logs/N=16_layers=1_presolve_off/N=16/seed=10/quantum_layers=1/precond_pen=0.200.log"
Set parameter MIPGap to value 1e-06
Set parameter Threads to value 8
Set parameter Presolve to value 0
Gurobi Optimizer version 13.0.0 build v13.0.0rc1 (linux64 - "Oracle Linux Server 9.7")

CPU model: AMD EPYC 7643 48-Core Processor, instruction set [SSE2|AVX|AVX2]
Thread count: 48 physical cores, 96 logical processors, using up to 8 threads

Non-default parameters:
MIPGap  1e-06
Presolve  0
Threads  8

Optimize a model with 1 rows, 16 columns and 16 nonzeros (Min)
Model fingerprint: 0x28d369f2
Model has 16 linear objective coefficients and an objective constant of -7.8282442179549987e+00
Model has 120 quadratic objective terms
Variable types: 0 continuous, 16 integer (16 binary)
Coefficient statistics:
  Matrix range     [1e+00, 1e+00]
  Objective range  [1e-01, 5e+00]
  QObjective range [1e-02, 3e+00]
  Bounds range     [1e+00, 1e+00]
  RHS range        [8e+00, 8e+00]
Found heuristic solution: objective 1.1927357
Variable types: 0 continuous, 136 integer (136 binary)

Root relaxation: objective -1.715284e+01, 13 iterations, 0.00 seconds (0.00 work units)

    Nodes    |    Current Node    |     Objective Bounds      |     Work
 Expl Unexpl |  Obj  Depth IntInf | Incumbent    BestBd   Gap | It/Node Time

     0     0  -17.15284    0   16    1.19274  -17.15284  1538%     -    0s
H    0     0                      -0.3970501  -17.15284  4220%     -    0s
H    0     0                      -6.8652512  -17.15284   150%     -    0s
     0     0  -10.63790    0   59   -6.86525  -10.63790  55.0%     -    0s
     0     0   -6.86525    0   92   -6.86525   -6.86525  0.00%     -    0s

Cutting planes:
  Gomory: 10
  Cover: 1
  MIR: 47
  StrongCG: 1
  Zero half: 21
  RLT: 30
  BQP: 98

Explored 1 nodes (310 simplex iterations) in 0.03 seconds (0.02 work units)
Thread count was 8 (of 96 available processors)

Solution count 3: -6.86525 -0.39705 1.19274 
No other solutions better than -6.86525

Optimal solution found (tolerance 1.00e-06)
Best objective -6.865251164201e+00, best bound -6.865251164201e+00, gap 0.0000%

User-callback calls 81, time in user-callback 0.00 sec
