
Gurobi 13.0.0 (linux64) logging started Sun May  3 10:54:14 2026

Set parameter LogFile to value "logs/N=16_layers=1_presolve_off/N=16/seed=10/quantum_layers=1/precond_pen=0.000.log"
Set parameter MIPGap to value 1e-06
Set parameter Threads to value 8
Set parameter Presolve to value 0
Gurobi Optimizer version 13.0.0 build v13.0.0rc1 (linux64 - "Oracle Linux Server 9.7")

CPU model: AMD EPYC 7643 48-Core Processor, instruction set [SSE2|AVX|AVX2]
Thread count: 48 physical cores, 96 logical processors, using up to 8 threads

Non-default parameters:
MIPGap  1e-06
Presolve  0
Threads  8

Optimize a model with 1 rows, 16 columns and 16 nonzeros (Min)
Model fingerprint: 0xea633160
Model has 16 linear objective coefficients and an objective constant of -4.4441748404160009e+01
Model has 120 quadratic objective terms
Variable types: 0 continuous, 16 integer (16 binary)
Coefficient statistics:
  Matrix range     [1e+00, 1e+00]
  Objective range  [1e+01, 1e+01]
  QObjective range [2e+00, 4e+00]
  Bounds range     [1e+00, 1e+00]
  RHS range        [8e+00, 8e+00]
Found heuristic solution: objective 3.1713043
Variable types: 0 continuous, 136 integer (136 binary)

Root relaxation: objective -4.444175e+01, 8 iterations, 0.00 seconds (0.00 work units)

    Nodes    |    Current Node    |     Objective Bounds      |     Work
 Expl Unexpl |  Obj  Depth IntInf | Incumbent    BestBd   Gap | It/Node Time

     0     0  -44.44175    0   16    3.17130  -44.44175  1501%     -    0s
H    0     0                       3.0746319  -44.44175  1545%     -    0s
H    0     0                       3.0069385  -44.44175  1578%     -    0s
H    0     0                      -0.0620036  -44.44175      -     -    0s
     0     0   -3.97214    0   16   -0.06200   -3.97214  6306%     -    0s
     0     0   -3.88233    0   24   -0.06200   -3.88233  6161%     -    0s
     0     0   -3.00055    0   45   -0.06200   -3.00055  4739%     -    0s
     0     0   -2.90462    0   45   -0.06200   -2.90462  4585%     -    0s
     0     2   -2.82955    0   45   -0.06200   -2.82955  4464%     -    0s
H   14    16                      -0.1114403   -1.42969  1183%  60.4    0s

Cutting planes:
  Gomory: 1
  MIR: 18
  RLT: 14

Explored 61 nodes (2482 simplex iterations) in 0.05 seconds (0.05 work units)
Thread count was 8 (of 96 available processors)

Solution count 5: -0.11144 -0.0620036 3.00694 ... 3.1713

Optimal solution found (tolerance 1.00e-06)
Best objective -1.114403333440e-01, best bound -1.114403333440e-01, gap 0.0000%

User-callback calls 223, time in user-callback 0.00 sec
