
Gurobi 13.0.0 (linux64) logging started Sun May  3 10:53:38 2026

Set parameter LogFile to value "logs/N=16_layers=1_presolve_on/N=16/seed=1/quantum_layers=1/baseline.log"
Set parameter MIPGap to value 1e-06
Set parameter Threads to value 8
Gurobi Optimizer version 13.0.0 build v13.0.0rc1 (linux64 - "Oracle Linux Server 9.7")

CPU model: AMD EPYC 7643 48-Core Processor, instruction set [SSE2|AVX|AVX2]
Thread count: 48 physical cores, 96 logical processors, using up to 8 threads

Non-default parameters:
MIPGap  1e-06
Threads  8

Optimize a model with 1 rows, 16 columns and 16 nonzeros (Min)
Model fingerprint: 0xffa844c9
Model has 16 linear objective coefficients and an objective constant of 9.8132613146617587e-13
Model has 120 quadratic objective terms
Variable types: 0 continuous, 16 integer (16 binary)
Coefficient statistics:
  Matrix range     [1e+00, 1e+00]
  Objective range  [1e+01, 2e+01]
  QObjective range [5e-02, 8e+00]
  Bounds range     [1e+00, 1e+00]
  RHS range        [8e+00, 8e+00]
Found heuristic solution: objective 70.3949081
Presolve time: 0.00s
Presolved: 121 rows, 136 columns, 376 nonzeros
Variable types: 0 continuous, 136 integer (136 binary)

Root relaxation: objective 9.831025e-13, 10 iterations, 0.00 seconds (0.00 work units)

    Nodes    |    Current Node    |     Objective Bounds      |     Work
 Expl Unexpl |  Obj  Depth IntInf | Incumbent    BestBd   Gap | It/Node Time

     0     0    0.00000    0   16   70.39491    0.00000   100%     -    0s
H    0     0                      69.5196479    0.00000   100%     -    0s
H    0     0                      68.2220527    0.00000   100%     -    0s
H    0     0                      54.5296925    0.00000   100%     -    0s
     0     0   28.50247    0   22   54.52969   28.50247  47.7%     -    0s
     0     0   29.00932    0   27   54.52969   29.00932  46.8%     -    0s
     0     0   29.19833    0   25   54.52969   29.19833  46.5%     -    0s
     0     0   37.26781    0   66   54.52969   37.26781  31.7%     -    0s
     0     0   37.54381    0   66   54.52969   37.54381  31.1%     -    0s
     0     2   37.67708    0   66   54.52969   37.67708  30.9%     -    0s

Cutting planes:
  Gomory: 2
  Dual implied bound: 25
  MIR: 18
  RLT: 10

Explored 287 nodes (7200 simplex iterations) in 0.08 seconds (0.08 work units)
Thread count was 8 (of 96 available processors)

Solution count 4: 54.5297 68.2221 69.5196 70.3949 

Optimal solution found (tolerance 1.00e-06)
Best objective 5.452969249298e+01, best bound 5.452969249298e+01, gap 0.0000%

User-callback calls 783, time in user-callback 0.00 sec
