
Gurobi 13.0.0 (linux64) logging started Tue Mar 31 15:05:15 2026

Set parameter LogFile to value "logs/N=12_layers=2_presolve_on/N=12/seed=39/n_qaoa_layers=2/precond_pen=0.700.log"
Set parameter MIPGap to value 1e-06
Set parameter Threads to value 8
Gurobi Optimizer version 13.0.0 build v13.0.0rc1 (linux64 - "Oracle Linux Server 9.7")

CPU model: AMD EPYC 7643 48-Core Processor, instruction set [SSE2|AVX|AVX2]
Thread count: 48 physical cores, 96 logical processors, using up to 8 threads

Non-default parameters:
MIPGap  1e-06
Threads  8

Optimize a model with 1 rows, 12 columns and 12 nonzeros (Min)
Model fingerprint: 0x6bd0fa3e
Model has 12 linear objective coefficients and an objective constant of 4.560145168655
Model has 66 quadratic objective terms
Variable types: 0 continuous, 12 integer (12 binary)
Coefficient statistics:
  Matrix range     [1e+00, 1e+00]
  Objective range  [1e+00, 2e+00]
  QObjective range [3e-02, 2e+00]
  Bounds range     [1e+00, 1e+00]
  RHS range        [6e+00, 6e+00]
Found heuristic solution: objective 1.7899323
Presolve time: 0.00s
Presolved: 67 rows, 78 columns, 210 nonzeros
Variable types: 0 continuous, 78 integer (78 binary)

Root relaxation: objective -8.325713e+00, 16 iterations, 0.00 seconds (0.00 work units)

    Nodes    |    Current Node    |     Objective Bounds      |     Work
 Expl Unexpl |  Obj  Depth IntInf | Incumbent    BestBd   Gap | It/Node Time

     0     0   -8.32571    0   12    1.78993   -8.32571   565%     -    0s
H    0     0                      -0.1276425   -8.32571  6423%     -    0s
H    0     0                      -0.4253804   -8.32571  1857%     -    0s
H    0     0                      -1.4978421   -8.32571   456%     -    0s
H    0     0                      -4.5013258   -8.32571  85.0%     -    0s
     0     0   -4.50133    0   34   -4.50133   -4.50133  0.00%     -    0s

Cutting planes:
  Gomory: 1
  MIR: 23
  Zero half: 12
  RLT: 18
  BQP: 52

Explored 1 nodes (74 simplex iterations) in 0.01 seconds (0.00 work units)
Thread count was 8 (of 96 available processors)

Solution count 5: -4.50133 -1.49784 -0.42538 ... 1.78993
No other solutions better than -4.50133

Optimal solution found (tolerance 1.00e-06)
Best objective -4.501325758893e+00, best bound -4.501325758893e+00, gap 0.0000%

User-callback calls 165, time in user-callback 0.00 sec
