
Gurobi 13.0.0 (linux64) logging started Sun May  3 11:04:26 2026

Set parameter LogFile to value "logs/N=12_layers=1_presolve_off/N=12/seed=7/quantum_layers=1/precond_pen=0.400.log"
Set parameter MIPGap to value 1e-06
Set parameter Threads to value 8
Set parameter Presolve to value 0
Gurobi Optimizer version 13.0.0 build v13.0.0rc1 (linux64 - "Oracle Linux Server 9.7")

CPU model: AMD EPYC 7643 48-Core Processor, instruction set [SSE2|AVX|AVX2]
Thread count: 48 physical cores, 96 logical processors, using up to 8 threads

Non-default parameters:
MIPGap  1e-06
Presolve  0
Threads  8

Optimize a model with 1 rows, 12 columns and 12 nonzeros (Min)
Model fingerprint: 0x9762f723
Model has 12 linear objective coefficients and an objective constant of 4.0456959012019986e+00
Model has 66 quadratic objective terms
Variable types: 0 continuous, 12 integer (12 binary)
Coefficient statistics:
  Matrix range     [1e+00, 1e+00]
  Objective range  [6e-01, 2e+00]
  QObjective range [1e-03, 2e+00]
  Bounds range     [1e+00, 1e+00]
  RHS range        [6e+00, 6e+00]
Found heuristic solution: objective 0.5025741
Variable types: 0 continuous, 78 integer (78 binary)

Root relaxation: objective -6.994594e+00, 18 iterations, 0.00 seconds (0.00 work units)

    Nodes    |    Current Node    |     Objective Bounds      |     Work
 Expl Unexpl |  Obj  Depth IntInf | Incumbent    BestBd   Gap | It/Node Time

     0     0   -6.99459    0   12    0.50257   -6.99459  1492%     -    0s
H    0     0                      -2.0094435   -6.99459   248%     -    0s
H    0     0                      -3.1023055   -6.99459   125%     -    0s
     0     0   -3.10231    0   37   -3.10231   -3.10231  0.00%     -    0s

Cutting planes:
  Gomory: 1
  MIR: 28
  Zero half: 13
  RLT: 17
  BQP: 65

Explored 1 nodes (124 simplex iterations) in 0.01 seconds (0.00 work units)
Thread count was 8 (of 96 available processors)

Solution count 3: -3.10231 -2.00944 0.502574 
No other solutions better than -3.10231

Optimal solution found (tolerance 1.00e-06)
Best objective -3.102305474052e+00, best bound -3.102305474052e+00, gap 0.0000%

User-callback calls 67, time in user-callback 0.00 sec
