
Gurobi 13.0.0 (linux64) logging started Sun May  3 10:54:35 2026

Set parameter LogFile to value "logs/N=16_layers=1_presolve_off/N=16/seed=45/quantum_layers=1/precond_pen=0.200.log"
Set parameter MIPGap to value 1e-06
Set parameter Threads to value 8
Set parameter Presolve to value 0
Gurobi Optimizer version 13.0.0 build v13.0.0rc1 (linux64 - "Oracle Linux Server 9.7")

CPU model: AMD EPYC 7643 48-Core Processor, instruction set [SSE2|AVX|AVX2]
Thread count: 48 physical cores, 96 logical processors, using up to 8 threads

Non-default parameters:
MIPGap  1e-06
Presolve  0
Threads  8

Optimize a model with 1 rows, 16 columns and 16 nonzeros (Min)
Model fingerprint: 0xc4f63f1d
Model has 16 linear objective coefficients and an objective constant of -8.1763224070480014e+00
Model has 120 quadratic objective terms
Variable types: 0 continuous, 16 integer (16 binary)
Coefficient statistics:
  Matrix range     [1e+00, 1e+00]
  Objective range  [7e-02, 5e+00]
  QObjective range [2e-02, 3e+00]
  Bounds range     [1e+00, 1e+00]
  RHS range        [8e+00, 8e+00]
Found heuristic solution: objective 1.1518472
Variable types: 0 continuous, 136 integer (136 binary)

Root relaxation: objective -1.717454e+01, 35 iterations, 0.00 seconds (0.00 work units)

    Nodes    |    Current Node    |     Objective Bounds      |     Work
 Expl Unexpl |  Obj  Depth IntInf | Incumbent    BestBd   Gap | It/Node Time

     0     0  -17.17454    0   16    1.15185  -17.17454  1591%     -    0s
H    0     0                      -2.7534760  -17.17454   524%     -    0s
H    0     0                      -5.7786560  -17.17454   197%     -    0s
     0     0   -7.47126    0  113   -5.77866   -7.47126  29.3%     -    0s
     0     0   -6.90085    0  106   -5.77866   -6.90085  19.4%     -    0s
     0     0   -6.89884    0  106   -5.77866   -6.89884  19.4%     -    0s
     0     2   -6.89884    0  106   -5.77866   -6.89884  19.4%     -    0s
*   25     0               5      -5.8198103   -6.08802  4.61%  33.7    0s

Cutting planes:
  Gomory: 3
  MIR: 11
  Zero half: 20
  RLT: 21
  BQP: 52

Explored 30 nodes (1358 simplex iterations) in 0.06 seconds (0.05 work units)
Thread count was 8 (of 96 available processors)

Solution count 4: -5.81981 -5.77866 -2.75348 1.15185 
No other solutions better than -5.81981

Optimal solution found (tolerance 1.00e-06)
Best objective -5.819810257468e+00, best bound -5.819810257468e+00, gap 0.0000%

User-callback calls 164, time in user-callback 0.00 sec
