
Gurobi 13.0.0 (linux64) logging started Sun May  3 10:54:35 2026

Set parameter LogFile to value "logs/N=16_layers=1_presolve_off/N=16/seed=45/quantum_layers=1/precond_pen=0.500.log"
Set parameter MIPGap to value 1e-06
Set parameter Threads to value 8
Set parameter Presolve to value 0
Gurobi Optimizer version 13.0.0 build v13.0.0rc1 (linux64 - "Oracle Linux Server 9.7")

CPU model: AMD EPYC 7643 48-Core Processor, instruction set [SSE2|AVX|AVX2]
Thread count: 48 physical cores, 96 logical processors, using up to 8 threads

Non-default parameters:
MIPGap  1e-06
Presolve  0
Threads  8

Optimize a model with 1 rows, 16 columns and 16 nonzeros (Min)
Model fingerprint: 0xf354ff2d
Model has 16 linear objective coefficients and an objective constant of 6.4315624245670016e+00
Model has 120 quadratic objective terms
Variable types: 0 continuous, 16 integer (16 binary)
Coefficient statistics:
  Matrix range     [1e+00, 1e+00]
  Objective range  [1e+00, 2e+00]
  QObjective range [2e-02, 1e+00]
  Bounds range     [1e+00, 1e+00]
  RHS range        [8e+00, 8e+00]
Found heuristic solution: objective -0.1147390
Variable types: 0 continuous, 136 integer (136 binary)

Root relaxation: objective -7.589475e+00, 62 iterations, 0.00 seconds (0.00 work units)

    Nodes    |    Current Node    |     Objective Bounds      |     Work
 Expl Unexpl |  Obj  Depth IntInf | Incumbent    BestBd   Gap | It/Node Time

     0     0   -7.58947    0   16   -0.11474   -7.58947  6515%     -    0s
H    0     0                      -0.4888109   -7.58947  1453%     -    0s
H    0     0                      -0.9999366   -7.58947   659%     -    0s
H    0     0                      -1.0657852   -7.58947   612%     -    0s
H    0     0                      -2.7294882   -7.58947   178%     -    0s
     0     0   -2.79898    0   70   -2.72949   -2.79898  2.55%     -    0s
     0     0   -2.76560    0   85   -2.72949   -2.76560  1.32%     -    0s
     0     0     cutoff    0        -2.72949   -2.72949  0.00%     -    0s

Cutting planes:
  Gomory: 6
  MIR: 30
  Zero half: 23
  RLT: 25
  BQP: 126

Explored 1 nodes (480 simplex iterations) in 0.04 seconds (0.02 work units)
Thread count was 8 (of 96 available processors)

Solution count 5: -2.72949 -1.06579 -0.999937 ... -0.114739
No other solutions better than -2.72949

Optimal solution found (tolerance 1.00e-06)
Best objective -2.729488225467e+00, best bound -2.729488225467e+00, gap 0.0000%

User-callback calls 85, time in user-callback 0.00 sec
