
Gurobi 13.0.0 (linux64) logging started Sun May  3 10:54:35 2026

Set parameter LogFile to value "logs/N=16_layers=1_presolve_off/N=16/seed=45/quantum_layers=1/precond_pen=0.800.log"
Set parameter MIPGap to value 1e-06
Set parameter Threads to value 8
Set parameter Presolve to value 0
Gurobi Optimizer version 13.0.0 build v13.0.0rc1 (linux64 - "Oracle Linux Server 9.7")

CPU model: AMD EPYC 7643 48-Core Processor, instruction set [SSE2|AVX|AVX2]
Thread count: 48 physical cores, 96 logical processors, using up to 8 threads

Non-default parameters:
MIPGap  1e-06
Presolve  0
Threads  8

Optimize a model with 1 rows, 16 columns and 16 nonzeros (Min)
Model fingerprint: 0x7a5a0712
Model has 16 linear objective coefficients and an objective constant of 6.7419932778709990e+00
Model has 120 quadratic objective terms
Variable types: 0 continuous, 16 integer (16 binary)
Coefficient statistics:
  Matrix range     [1e+00, 1e+00]
  Objective range  [1e+00, 2e+00]
  QObjective range [6e-02, 9e-01]
  Bounds range     [1e+00, 1e+00]
  RHS range        [8e+00, 8e+00]
Found heuristic solution: objective -0.3167974
Variable types: 0 continuous, 136 integer (136 binary)

Root relaxation: objective -6.741993e+00, 34 iterations, 0.00 seconds (0.00 work units)

    Nodes    |    Current Node    |     Objective Bounds      |     Work
 Expl Unexpl |  Obj  Depth IntInf | Incumbent    BestBd   Gap | It/Node Time

     0     0   -6.74199    0   16   -0.31680   -6.74199  2028%     -    0s
H    0     0                      -0.6984229   -6.74199   865%     -    0s
H    0     0                      -1.4159075   -6.74199   376%     -    0s
     0     0   -1.65012    0  116   -1.41591   -1.65012  16.5%     -    0s
     0     0   -1.55603    0  122   -1.41591   -1.55603  9.90%     -    0s
     0     0   -1.55603    0  122   -1.41591   -1.55603  9.90%     -    0s
     0     2   -1.55603    0  122   -1.41591   -1.55603  9.90%     -    0s

Cutting planes:
  Gomory: 1
  MIR: 69
  Zero half: 17
  RLT: 29
  BQP: 194

Explored 9 nodes (1318 simplex iterations) in 0.14 seconds (0.11 work units)
Thread count was 8 (of 96 available processors)

Solution count 3: -1.41591 -0.698423 -0.316797 
No other solutions better than -1.41591

Optimal solution found (tolerance 1.00e-06)
Best objective -1.415907532469e+00, best bound -1.415907532469e+00, gap 0.0000%

User-callback calls 125, time in user-callback 0.00 sec
