
Gurobi 13.0.0 (linux64) logging started Tue Mar 31 15:12:53 2026

Set parameter LogFile to value "logs/N=16_layers=2_presolve_off/N=16/seed=28/n_qaoa_layers=2/precond_pen=0.500.log"
Set parameter MIPGap to value 1e-06
Set parameter Threads to value 8
Set parameter Presolve to value 0
Gurobi Optimizer version 13.0.0 build v13.0.0rc1 (linux64 - "Oracle Linux Server 9.7")

CPU model: AMD EPYC 7643 48-Core Processor, instruction set [SSE2|AVX|AVX2]
Thread count: 48 physical cores, 96 logical processors, using up to 8 threads

Non-default parameters:
MIPGap  1e-06
Presolve  0
Threads  8

Optimize a model with 1 rows, 16 columns and 16 nonzeros (Min)
Model fingerprint: 0xace6651e
Model has 16 linear objective coefficients and an objective constant of 5.7865630468230007e+00
Model has 120 quadratic objective terms
Variable types: 0 continuous, 16 integer (16 binary)
Coefficient statistics:
  Matrix range     [1e+00, 1e+00]
  Objective range  [7e-01, 2e+00]
  QObjective range [1e-05, 4e+00]
  Bounds range     [1e+00, 1e+00]
  RHS range        [8e+00, 8e+00]
Found heuristic solution: objective 0.8245463
Variable types: 0 continuous, 136 integer (136 binary)

Root relaxation: objective -1.839278e+01, 20 iterations, 0.00 seconds (0.00 work units)

    Nodes    |    Current Node    |     Objective Bounds      |     Work
 Expl Unexpl |  Obj  Depth IntInf | Incumbent    BestBd   Gap | It/Node Time

     0     0  -18.39278    0   16    0.82455  -18.39278  2331%     -    0s
H    0     0                      -0.6467396  -18.39278  2744%     -    0s
H    0     0                     -10.7805113  -18.39278  70.6%     -    0s
     0     0  -10.78051    0   68  -10.78051  -10.78051  0.00%     -    0s

Cutting planes:
  Gomory: 1
  MIR: 42
  Zero half: 34
  RLT: 34
  BQP: 158

Explored 1 nodes (207 simplex iterations) in 0.01 seconds (0.01 work units)
Thread count was 8 (of 96 available processors)

Solution count 3: -10.7805 -0.64674 0.824546 
No other solutions better than -10.7805

Optimal solution found (tolerance 1.00e-06)
Best objective -1.078051129266e+01, best bound -1.078051129266e+01, gap 0.0000%

User-callback calls 67, time in user-callback 0.00 sec
