
Gurobi 13.0.0 (linux64) logging started Tue Mar 31 15:06:56 2026

Set parameter LogFile to value "logs/N=12_layers=3_presolve_off/N=12/seed=18/n_qaoa_layers=3/precond_pen=1.000.log"
Set parameter MIPGap to value 1e-06
Set parameter Threads to value 8
Set parameter Presolve to value 0
Gurobi Optimizer version 13.0.0 build v13.0.0rc1 (linux64 - "Oracle Linux Server 9.7")

CPU model: AMD EPYC 7643 48-Core Processor, instruction set [SSE2|AVX|AVX2]
Thread count: 48 physical cores, 96 logical processors, using up to 8 threads

Non-default parameters:
MIPGap  1e-06
Presolve  0
Threads  8

Optimize a model with 1 rows, 12 columns and 12 nonzeros (Min)
Model fingerprint: 0x5e3fe694
Model has 12 linear objective coefficients and an objective constant of 5.388161860387
Model has 66 quadratic objective terms
Variable types: 0 continuous, 12 integer (12 binary)
Coefficient statistics:
  Matrix range     [1e+00, 1e+00]
  Objective range  [2e+00, 2e+00]
  QObjective range [1e-02, 2e+00]
  Bounds range     [1e+00, 1e+00]
  RHS range        [6e+00, 6e+00]
Found heuristic solution: objective -3.1504600
Variable types: 0 continuous, 78 integer (78 binary)

Root relaxation: objective -7.377073e+00, 20 iterations, 0.00 seconds (0.00 work units)

    Nodes    |    Current Node    |     Objective Bounds      |     Work
 Expl Unexpl |  Obj  Depth IntInf | Incumbent    BestBd   Gap | It/Node Time

     0     0   -7.37707    0   12   -3.15046   -7.37707   134%     -    0s
H    0     0                      -3.4173168   -7.37707   116%     -    0s
H    0     0                      -3.7830132   -7.37707  95.0%     -    0s
     0     0   -3.78301    0   35   -3.78301   -3.78301  0.00%     -    0s

Cutting planes:
  Gomory: 1
  MIR: 28
  Zero half: 12
  RLT: 15
  BQP: 64

Explored 1 nodes (109 simplex iterations) in 0.01 seconds (0.00 work units)
Thread count was 8 (of 96 available processors)

Solution count 3: -3.78301 -3.41732 -3.15046 
No other solutions better than -3.78301

Optimal solution found (tolerance 1.00e-06)
Best objective -3.783013153109e+00, best bound -3.783013153109e+00, gap 0.0000%

User-callback calls 67, time in user-callback 0.00 sec

Gurobi 13.0.0 (linux64) logging started Tue Mar 31 15:10:55 2026

Set parameter LogFile to value "logs/N=12_layers=3_presolve_off/N=12/seed=18/n_qaoa_layers=3/precond_pen=1.000.log"
Set parameter MIPGap to value 1e-06
Set parameter Threads to value 8
Set parameter Presolve to value 0
Gurobi Optimizer version 13.0.0 build v13.0.0rc1 (linux64 - "Oracle Linux Server 9.7")

CPU model: AMD EPYC 7643 48-Core Processor, instruction set [SSE2|AVX|AVX2]
Thread count: 48 physical cores, 96 logical processors, using up to 8 threads

Non-default parameters:
MIPGap  1e-06
Presolve  0
Threads  8

Optimize a model with 1 rows, 12 columns and 12 nonzeros (Min)
Model fingerprint: 0x5e3fe694
Model has 12 linear objective coefficients and an objective constant of 5.388161860387
Model has 66 quadratic objective terms
Variable types: 0 continuous, 12 integer (12 binary)
Coefficient statistics:
  Matrix range     [1e+00, 1e+00]
  Objective range  [2e+00, 2e+00]
  QObjective range [1e-02, 2e+00]
  Bounds range     [1e+00, 1e+00]
  RHS range        [6e+00, 6e+00]
Found heuristic solution: objective -3.1504600
Variable types: 0 continuous, 78 integer (78 binary)

Root relaxation: objective -7.377073e+00, 20 iterations, 0.00 seconds (0.00 work units)

    Nodes    |    Current Node    |     Objective Bounds      |     Work
 Expl Unexpl |  Obj  Depth IntInf | Incumbent    BestBd   Gap | It/Node Time

     0     0   -7.37707    0   12   -3.15046   -7.37707   134%     -    0s
H    0     0                      -3.4173168   -7.37707   116%     -    0s
H    0     0                      -3.7830132   -7.37707  95.0%     -    0s
     0     0   -3.78301    0   35   -3.78301   -3.78301  0.00%     -    0s

Cutting planes:
  Gomory: 1
  MIR: 28
  Zero half: 12
  RLT: 15
  BQP: 64

Explored 1 nodes (109 simplex iterations) in 0.01 seconds (0.00 work units)
Thread count was 8 (of 96 available processors)

Solution count 3: -3.78301 -3.41732 -3.15046 
No other solutions better than -3.78301

Optimal solution found (tolerance 1.00e-06)
Best objective -3.783013153109e+00, best bound -3.783013153109e+00, gap 0.0000%

User-callback calls 67, time in user-callback 0.00 sec
