
Gurobi 13.0.0 (linux64) logging started Sun May  3 10:53:48 2026

Set parameter LogFile to value "logs/N=16_layers=1_presolve_on/N=16/seed=18/quantum_layers=1/precond_pen=0.000.log"
Set parameter MIPGap to value 1e-06
Set parameter Threads to value 8
Gurobi Optimizer version 13.0.0 build v13.0.0rc1 (linux64 - "Oracle Linux Server 9.7")

CPU model: AMD EPYC 7643 48-Core Processor, instruction set [SSE2|AVX|AVX2]
Thread count: 48 physical cores, 96 logical processors, using up to 8 threads

Non-default parameters:
MIPGap  1e-06
Threads  8

Optimize a model with 1 rows, 16 columns and 16 nonzeros (Min)
Model fingerprint: 0x16edf7b0
Model has 16 linear objective coefficients and an objective constant of -42.953178937231
Model has 120 quadratic objective terms
Variable types: 0 continuous, 16 integer (16 binary)
Coefficient statistics:
  Matrix range     [1e+00, 1e+00]
  Objective range  [9e+00, 1e+01]
  QObjective range [2e+00, 4e+00]
  Bounds range     [1e+00, 1e+00]
  RHS range        [8e+00, 8e+00]
Found heuristic solution: objective 1.7324402
Presolve time: 0.00s
Presolved: 121 rows, 136 columns, 376 nonzeros
Variable types: 0 continuous, 136 integer (136 binary)

Root relaxation: objective -4.295318e+01, 7 iterations, 0.00 seconds (0.00 work units)

    Nodes    |    Current Node    |     Objective Bounds      |     Work
 Expl Unexpl |  Obj  Depth IntInf | Incumbent    BestBd   Gap | It/Node Time

     0     0  -42.95318    0   16    1.73244  -42.95318  2579%     -    0s
H    0     0                      -0.5007413  -42.95318  8478%     -    0s
     0     0   -6.39162    0   16   -0.50074   -6.39162  1176%     -    0s
     0     0   -6.22139    0   28   -0.50074   -6.22139  1142%     -    0s
     0     0   -3.57144    0   68   -0.50074   -3.57144   613%     -    0s
     0     0   -3.56896    0   68   -0.50074   -3.56896   613%     -    0s
     0     2   -3.51057    0   68   -0.50074   -3.51057   601%     -    0s

Cutting planes:
  Gomory: 1
  Dual implied bound: 21
  MIR: 17
  StrongCG: 1
  RLT: 14

Explored 70 nodes (2562 simplex iterations) in 0.06 seconds (0.05 work units)
Thread count was 8 (of 96 available processors)

Solution count 2: -0.500741 1.73244 

Optimal solution found (tolerance 1.00e-06)
Best objective -5.007413286030e-01, best bound -5.007413286030e-01, gap 0.0000%

User-callback calls 337, time in user-callback 0.00 sec
