
Gurobi 13.0.0 (linux64) logging started Sun May  3 11:08:59 2026

Set parameter LogFile to value "logs/N=12_layers=3_presolve_off/N=12/seed=32/quantum_layers=3/precond_pen=0.300.log"
Set parameter MIPGap to value 1e-06
Set parameter Threads to value 8
Set parameter Presolve to value 0
Gurobi Optimizer version 13.0.0 build v13.0.0rc1 (linux64 - "Oracle Linux Server 9.7")

CPU model: AMD EPYC 7643 48-Core Processor, instruction set [SSE2|AVX|AVX2]
Thread count: 48 physical cores, 96 logical processors, using up to 8 threads

Non-default parameters:
MIPGap  1e-06
Presolve  0
Threads  8

Optimize a model with 1 rows, 12 columns and 12 nonzeros (Min)
Model fingerprint: 0x38440d1a
Model has 12 linear objective coefficients and an objective constant of 1.4600206232189996e+00
Model has 66 quadratic objective terms
Variable types: 0 continuous, 12 integer (12 binary)
Coefficient statistics:
  Matrix range     [1e+00, 1e+00]
  Objective range  [2e-01, 5e+00]
  QObjective range [1e-01, 6e+00]
  Bounds range     [1e+00, 1e+00]
  RHS range        [6e+00, 6e+00]
Found heuristic solution: objective 0.5053920
Variable types: 0 continuous, 78 integer (78 binary)

Root relaxation: objective -2.353671e+01, 9 iterations, 0.00 seconds (0.00 work units)

    Nodes    |    Current Node    |     Objective Bounds      |     Work
 Expl Unexpl |  Obj  Depth IntInf | Incumbent    BestBd   Gap | It/Node Time

     0     0  -23.53671    0   12    0.50539  -23.53671  4757%     -    0s
H    0     0                      -6.7334402  -23.53671   250%     -    0s
H    0     0                     -12.0161548  -23.53671  95.9%     -    0s
     0     0  -13.93376    0   35  -12.01615  -13.93376  16.0%     -    0s

Cutting planes:
  Gomory: 6
  Cover: 5
  MIR: 12
  Zero half: 4
  RLT: 10
  BQP: 14

Explored 1 nodes (73 simplex iterations) in 0.01 seconds (0.00 work units)
Thread count was 8 (of 96 available processors)

Solution count 3: -12.0162 -6.73344 0.505392 
No other solutions better than -12.0162

Optimal solution found (tolerance 1.00e-06)
Best objective -1.201615475969e+01, best bound -1.201615475969e+01, gap 0.0000%

User-callback calls 70, time in user-callback 0.00 sec
