
Gurobi 13.0.0 (linux64) logging started Sun May  3 11:08:59 2026

Set parameter LogFile to value "logs/N=12_layers=3_presolve_off/N=12/seed=32/quantum_layers=3/precond_pen=0.700.log"
Set parameter MIPGap to value 1e-06
Set parameter Threads to value 8
Set parameter Presolve to value 0
Gurobi Optimizer version 13.0.0 build v13.0.0rc1 (linux64 - "Oracle Linux Server 9.7")

CPU model: AMD EPYC 7643 48-Core Processor, instruction set [SSE2|AVX|AVX2]
Thread count: 48 physical cores, 96 logical processors, using up to 8 threads

Non-default parameters:
MIPGap  1e-06
Presolve  0
Threads  8

Optimize a model with 1 rows, 12 columns and 12 nonzeros (Min)
Model fingerprint: 0x87b9688c
Model has 12 linear objective coefficients and an objective constant of 4.5161521262279996e+00
Model has 66 quadratic objective terms
Variable types: 0 continuous, 12 integer (12 binary)
Coefficient statistics:
  Matrix range     [1e+00, 1e+00]
  Objective range  [9e-01, 2e+00]
  QObjective range [2e-02, 4e+00]
  Bounds range     [1e+00, 1e+00]
  RHS range        [6e+00, 6e+00]
Found heuristic solution: objective 0.3379437
Variable types: 0 continuous, 78 integer (78 binary)

Root relaxation: objective -1.235957e+01, 9 iterations, 0.00 seconds (0.00 work units)

    Nodes    |    Current Node    |     Objective Bounds      |     Work
 Expl Unexpl |  Obj  Depth IntInf | Incumbent    BestBd   Gap | It/Node Time

     0     0  -12.35957    0   12    0.33794  -12.35957  3757%     -    0s
H    0     0                      -2.2715642  -12.35957   444%     -    0s
H    0     0                      -5.5099630  -12.35957   124%     -    0s
H    0     0                      -6.7049180   -7.94196  18.4%     -    0s
     0     0   -6.70492    0   46   -6.70492   -6.70492  0.00%     -    0s

Cutting planes:
  Gomory: 1
  MIR: 27
  Zero half: 15
  RLT: 17
  BQP: 59

Explored 1 nodes (92 simplex iterations) in 0.01 seconds (0.00 work units)
Thread count was 8 (of 96 available processors)

Solution count 4: -6.70492 -5.50996 -2.27156 0.337944 
No other solutions better than -6.70492

Optimal solution found (tolerance 1.00e-06)
Best objective -6.704918010030e+00, best bound -6.704918010030e+00, gap 0.0000%

User-callback calls 68, time in user-callback 0.00 sec
