
Gurobi 13.0.0 (linux64) logging started Sun May  3 11:04:21 2026

Set parameter LogFile to value "logs/N=12_layers=1_presolve_on/N=12/seed=29/quantum_layers=1/baseline.log"
Set parameter MIPGap to value 1e-06
Set parameter Threads to value 8
Gurobi Optimizer version 13.0.0 build v13.0.0rc1 (linux64 - "Oracle Linux Server 9.7")

CPU model: AMD EPYC 7643 48-Core Processor, instruction set [SSE2|AVX|AVX2]
Thread count: 48 physical cores, 96 logical processors, using up to 8 threads

Non-default parameters:
MIPGap  1e-06
Threads  8

Optimize a model with 1 rows, 12 columns and 12 nonzeros (Min)
Model fingerprint: 0x7fdaf74e
Model has 12 linear objective coefficients and an objective constant of 5.0032200604732679e-12
Model has 66 quadratic objective terms
Variable types: 0 continuous, 12 integer (12 binary)
Coefficient statistics:
  Matrix range     [1e+00, 1e+00]
  Objective range  [7e+00, 1e+01]
  QObjective range [2e-01, 8e+00]
  Bounds range     [1e+00, 1e+00]
  RHS range        [6e+00, 6e+00]
Found heuristic solution: objective 35.4278291
Presolve time: 0.00s
Presolved: 67 rows, 78 columns, 210 nonzeros
Variable types: 0 continuous, 78 integer (78 binary)

Root relaxation: objective 5.000556e-12, 8 iterations, 0.00 seconds (0.00 work units)

    Nodes    |    Current Node    |     Objective Bounds      |     Work
 Expl Unexpl |  Obj  Depth IntInf | Incumbent    BestBd   Gap | It/Node Time

     0     0    0.00000    0   12   35.42783    0.00000   100%     -    0s
H    0     0                      34.9066178    0.00000   100%     -    0s
H    0     0                      34.5392808    0.00000   100%     -    0s
H    0     0                      26.9202813    0.00000   100%     -    0s
     0     0   16.81289    0   12   26.92028   16.81289  37.5%     -    0s
     0     0   16.99580    0   18   26.92028   16.99580  36.9%     -    0s
     0     0   21.78185    0   47   26.92028   21.78185  19.1%     -    0s
     0     0   21.95339    0   47   26.92028   21.95339  18.5%     -    0s
     0     2   21.95339    0   47   26.92028   21.95339  18.5%     -    0s

Cutting planes:
  Gomory: 1
  Dual implied bound: 13
  MIR: 12
  StrongCG: 1
  RLT: 9

Explored 40 nodes (718 simplex iterations) in 0.03 seconds (0.02 work units)
Thread count was 8 (of 96 available processors)

Solution count 4: 26.9203 34.5393 34.9066 35.4278 

Optimal solution found (tolerance 1.00e-06)
Best objective 2.692028132343e+01, best bound 2.692028132343e+01, gap 0.0000%

User-callback calls 266, time in user-callback 0.00 sec
