
Gurobi 13.0.0 (linux64) logging started Sun May  3 11:06:41 2026

Set parameter LogFile to value "logs/N=12_layers=2_presolve_off/N=12/seed=28/quantum_layers=2/precond_pen=0.900.log"
Set parameter MIPGap to value 1e-06
Set parameter Threads to value 8
Set parameter Presolve to value 0
Gurobi Optimizer version 13.0.0 build v13.0.0rc1 (linux64 - "Oracle Linux Server 9.7")

CPU model: AMD EPYC 7643 48-Core Processor, instruction set [SSE2|AVX|AVX2]
Thread count: 48 physical cores, 96 logical processors, using up to 8 threads

Non-default parameters:
MIPGap  1e-06
Presolve  0
Threads  8

Optimize a model with 1 rows, 12 columns and 12 nonzeros (Min)
Model fingerprint: 0xf3af2142
Model has 12 linear objective coefficients and an objective constant of 5.2634383531469995e+00
Model has 66 quadratic objective terms
Variable types: 0 continuous, 12 integer (12 binary)
Coefficient statistics:
  Matrix range     [1e+00, 1e+00]
  Objective range  [1e+00, 2e+00]
  QObjective range [1e-02, 2e+00]
  Bounds range     [1e+00, 1e+00]
  RHS range        [6e+00, 6e+00]
Found heuristic solution: objective -1.5255062
Variable types: 0 continuous, 78 integer (78 binary)

Root relaxation: objective -5.464379e+00, 19 iterations, 0.00 seconds (0.00 work units)

    Nodes    |    Current Node    |     Objective Bounds      |     Work
 Expl Unexpl |  Obj  Depth IntInf | Incumbent    BestBd   Gap | It/Node Time

     0     0   -5.46438    0   12   -1.52551   -5.46438   258%     -    0s
H    0     0                      -2.0350162   -5.46438   169%     -    0s
H    0     0                      -2.2407120   -5.46438   144%     -    0s
     0     0   -2.24344    0   43   -2.24071   -2.24344  0.12%     -    0s

Cutting planes:
  Gomory: 7
  MIR: 90
  Zero half: 13
  RLT: 11
  BQP: 70

Explored 1 nodes (127 simplex iterations) in 0.02 seconds (0.01 work units)
Thread count was 8 (of 96 available processors)

Solution count 3: -2.24071 -2.03502 -1.52551 
No other solutions better than -2.24071

Optimal solution found (tolerance 1.00e-06)
Best objective -2.240711969619e+00, best bound -2.240711969619e+00, gap 0.0000%

User-callback calls 71, time in user-callback 0.00 sec
