
Gurobi 13.0.0 (linux64) logging started Tue Mar 31 15:12:52 2026

Set parameter LogFile to value "logs/N=16_layers=2_presolve_off/N=16/seed=23/n_qaoa_layers=2/precond_pen=0.500.log"
Set parameter MIPGap to value 1e-06
Set parameter Threads to value 8
Set parameter Presolve to value 0
Gurobi Optimizer version 13.0.0 build v13.0.0rc1 (linux64 - "Oracle Linux Server 9.7")

CPU model: AMD EPYC 7643 48-Core Processor, instruction set [SSE2|AVX|AVX2]
Thread count: 48 physical cores, 96 logical processors, using up to 8 threads

Non-default parameters:
MIPGap  1e-06
Presolve  0
Threads  8

Optimize a model with 1 rows, 16 columns and 16 nonzeros (Min)
Model fingerprint: 0x1e39354d
Model has 16 linear objective coefficients and an objective constant of 5.9107426081569994e+00
Model has 120 quadratic objective terms
Variable types: 0 continuous, 16 integer (16 binary)
Coefficient statistics:
  Matrix range     [1e+00, 1e+00]
  Objective range  [1e+00, 2e+00]
  QObjective range [3e-03, 3e+00]
  Bounds range     [1e+00, 1e+00]
  RHS range        [8e+00, 8e+00]
Found heuristic solution: objective -2.2645344
Variable types: 0 continuous, 136 integer (136 binary)

Root relaxation: objective -1.779409e+01, 27 iterations, 0.00 seconds (0.00 work units)

    Nodes    |    Current Node    |     Objective Bounds      |     Work
 Expl Unexpl |  Obj  Depth IntInf | Incumbent    BestBd   Gap | It/Node Time

     0     0  -17.79409    0   16   -2.26453  -17.79409   686%     -    0s
H    0     0                      -3.5005454  -17.79409   408%     -    0s
H    0     0                      -3.8835493  -17.79409   358%     -    0s
H    0     0                     -10.8144772  -17.79409  64.5%     -    0s
     0     0  -10.81448    0   54  -10.81448  -10.81448  0.00%     -    0s

Cutting planes:
  Gomory: 1
  MIR: 42
  Zero half: 34
  RLT: 33
  BQP: 152

Explored 1 nodes (147 simplex iterations) in 0.01 seconds (0.01 work units)
Thread count was 8 (of 96 available processors)

Solution count 4: -10.8145 -3.88355 -3.50055 -2.26453 
No other solutions better than -10.8145

Optimal solution found (tolerance 1.00e-06)
Best objective -1.081447724333e+01, best bound -1.081447724333e+01, gap 0.0000%

User-callback calls 71, time in user-callback 0.00 sec
