
Gurobi 13.0.0 (linux64) logging started Tue Mar 31 15:12:52 2026

Set parameter LogFile to value "logs/N=16_layers=2_presolve_off/N=16/seed=23/n_qaoa_layers=2/precond_pen=0.600.log"
Set parameter MIPGap to value 1e-06
Set parameter Threads to value 8
Set parameter Presolve to value 0
Gurobi Optimizer version 13.0.0 build v13.0.0rc1 (linux64 - "Oracle Linux Server 9.7")

CPU model: AMD EPYC 7643 48-Core Processor, instruction set [SSE2|AVX|AVX2]
Thread count: 48 physical cores, 96 logical processors, using up to 8 threads

Non-default parameters:
MIPGap  1e-06
Presolve  0
Threads  8

Optimize a model with 1 rows, 16 columns and 16 nonzeros (Min)
Model fingerprint: 0x1a68ee3a
Model has 16 linear objective coefficients and an objective constant of 6.1322081541650011e+00
Model has 120 quadratic objective terms
Variable types: 0 continuous, 16 integer (16 binary)
Coefficient statistics:
  Matrix range     [1e+00, 1e+00]
  Objective range  [1e+00, 2e+00]
  QObjective range [2e-02, 2e+00]
  Bounds range     [1e+00, 1e+00]
  RHS range        [8e+00, 8e+00]
Found heuristic solution: objective -1.9384277
Variable types: 0 continuous, 136 integer (136 binary)

Root relaxation: objective -1.470231e+01, 22 iterations, 0.00 seconds (0.00 work units)

    Nodes    |    Current Node    |     Objective Bounds      |     Work
 Expl Unexpl |  Obj  Depth IntInf | Incumbent    BestBd   Gap | It/Node Time

     0     0  -14.70231    0   16   -1.93843  -14.70231   658%     -    0s
H    0     0                      -2.8670803  -14.70231   413%     -    0s
H    0     0                      -3.3006206  -14.70231   345%     -    0s
H    0     0                      -8.2988636  -14.70231  77.2%     -    0s
     0     0   -8.31325    0   54   -8.29886   -8.31325  0.17%     -    0s

Cutting planes:
  Gomory: 1
  MIR: 44
  Zero half: 31
  RLT: 30
  BQP: 163

Explored 1 nodes (182 simplex iterations) in 0.02 seconds (0.01 work units)
Thread count was 8 (of 96 available processors)

Solution count 4: -8.29886 -3.30062 -2.86708 -1.93843 
No other solutions better than -8.29886

Optimal solution found (tolerance 1.00e-06)
Best objective -8.298863575571e+00, best bound -8.298863575571e+00, gap 0.0000%

User-callback calls 72, time in user-callback 0.00 sec
