
Gurobi 13.0.0 (linux64) logging started Sun May  3 10:58:34 2026

Set parameter LogFile to value "logs/N=16_layers=2_presolve_on/N=16/seed=32/quantum_layers=2/precond_pen=0.200.log"
Set parameter MIPGap to value 1e-06
Set parameter Threads to value 8
Gurobi Optimizer version 13.0.0 build v13.0.0rc1 (linux64 - "Oracle Linux Server 9.7")

CPU model: AMD EPYC 7643 48-Core Processor, instruction set [SSE2|AVX|AVX2]
Thread count: 48 physical cores, 96 logical processors, using up to 8 threads

Non-default parameters:
MIPGap  1e-06
Threads  8

Optimize a model with 1 rows, 16 columns and 16 nonzeros (Min)
Model fingerprint: 0x216efaba
Model has 16 linear objective coefficients and an objective constant of -1.8899346585587988e+01
Model has 120 quadratic objective terms
Variable types: 0 continuous, 16 integer (16 binary)
Coefficient statistics:
  Matrix range     [1e+00, 1e+00]
  Objective range  [2e-01, 8e+00]
  QObjective range [3e-02, 5e+00]
  Bounds range     [1e+00, 1e+00]
  RHS range        [8e+00, 8e+00]
Found heuristic solution: objective 4.4355341
Presolve time: 0.00s
Presolved: 121 rows, 136 columns, 376 nonzeros
Variable types: 0 continuous, 136 integer (136 binary)

Root relaxation: objective -2.649569e+01, 20 iterations, 0.00 seconds (0.00 work units)

    Nodes    |    Current Node    |     Objective Bounds      |     Work
 Expl Unexpl |  Obj  Depth IntInf | Incumbent    BestBd   Gap | It/Node Time

     0     0  -26.49569    0   16    4.43553  -26.49569   697%     -    0s
H    0     0                      -0.3846567  -26.49569  6788%     -    0s
H    0     0                      -9.7334279  -26.49569   172%     -    0s
     0     0  -14.17741    0   43   -9.73343  -14.17741  45.7%     -    0s
     0     0   -9.73343    0   93   -9.73343   -9.73343  0.00%     -    0s

Cutting planes:
  Gomory: 9
  Cover: 2
  Dual implied bound: 19
  MIR: 74
  StrongCG: 2
  Zero half: 18
  RLT: 21
  BQP: 42

Explored 1 nodes (325 simplex iterations) in 0.03 seconds (0.02 work units)
Thread count was 8 (of 96 available processors)

Solution count 3: -9.73343 -0.384657 4.43553 
No other solutions better than -9.73343

Optimal solution found (tolerance 1.00e-06)
Best objective -9.733427898032e+00, best bound -9.733427898032e+00, gap 0.0000%

User-callback calls 174, time in user-callback 0.00 sec
