
Gurobi 13.0.0 (linux64) logging started Sun May  3 10:58:34 2026

Set parameter LogFile to value "logs/N=16_layers=2_presolve_on/N=16/seed=32/quantum_layers=2/precond_pen=0.800.log"
Set parameter MIPGap to value 1e-06
Set parameter Threads to value 8
Gurobi Optimizer version 13.0.0 build v13.0.0rc1 (linux64 - "Oracle Linux Server 9.7")

CPU model: AMD EPYC 7643 48-Core Processor, instruction set [SSE2|AVX|AVX2]
Thread count: 48 physical cores, 96 logical processors, using up to 8 threads

Non-default parameters:
MIPGap  1e-06
Threads  8

Optimize a model with 1 rows, 16 columns and 16 nonzeros (Min)
Model fingerprint: 0xa5d6a3bc
Model has 16 linear objective coefficients and an objective constant of 6.4792044615880009e+00
Model has 120 quadratic objective terms
Variable types: 0 continuous, 16 integer (16 binary)
Coefficient statistics:
  Matrix range     [1e+00, 1e+00]
  Objective range  [1e+00, 2e+00]
  QObjective range [2e-02, 2e+00]
  Bounds range     [1e+00, 1e+00]
  RHS range        [8e+00, 8e+00]
Found heuristic solution: objective 1.3324405
Presolve time: 0.00s
Presolved: 121 rows, 136 columns, 376 nonzeros
Variable types: 0 continuous, 136 integer (136 binary)

Root relaxation: objective -1.063178e+01, 21 iterations, 0.00 seconds (0.00 work units)

    Nodes    |    Current Node    |     Objective Bounds      |     Work
 Expl Unexpl |  Obj  Depth IntInf | Incumbent    BestBd   Gap | It/Node Time

     0     0  -10.63178    0   16    1.33244  -10.63178   898%     -    0s
H    0     0                       0.1167101  -10.63178  9210%     -    0s
H    0     0                      -1.0783456  -10.63178   886%     -    0s
H    0     0                      -1.7766779  -10.63178   498%     -    0s
H    0     0                      -4.4668111  -10.63178   138%     -    0s
     0     0   -4.58813    0   60   -4.46681   -4.58813  2.72%     -    0s

Cutting planes:
  Gomory: 10
  Clique: 3
  MIR: 110
  Flow cover: 11
  Zero half: 31
  RLT: 17
  BQP: 125

Explored 1 nodes (254 simplex iterations) in 0.04 seconds (0.02 work units)
Thread count was 8 (of 96 available processors)

Solution count 5: -4.46681 -1.77668 -1.07835 ... 1.33244
No other solutions better than -4.46681

Optimal solution found (tolerance 1.00e-06)
Best objective -4.466811061264e+00, best bound -4.466811061264e+00, gap 0.0000%

User-callback calls 175, time in user-callback 0.00 sec
