
Gurobi 13.0.0 (linux64) logging started Sun Mar 22 16:50:43 2026

Set parameter LogFile to value "logs/N=12_presolve_off/N=12/seed=3/n_qaoa_layers=1/precond_pen=0.200.log"
Set parameter MIPGap to value 1e-06
Set parameter Threads to value 8
Set parameter Presolve to value 0
Gurobi Optimizer version 13.0.0 build v13.0.0rc1 (linux64 - "Oracle Linux Server 9.7")

CPU model: AMD EPYC 7643 48-Core Processor, instruction set [SSE2|AVX|AVX2]
Thread count: 48 physical cores, 96 logical processors, using up to 8 threads

Non-default parameters:
MIPGap  1e-06
Presolve  0
Threads  8

Optimize a model with 1 rows, 12 columns and 12 nonzeros (Min)
Model fingerprint: 0x702db7eb
Model has 12 linear objective coefficients and an objective constant of -5.925689221707
Model has 66 quadratic objective terms
Variable types: 0 continuous, 12 integer (12 binary)
Coefficient statistics:
  Matrix range     [1e+00, 1e+00]
  Objective range  [3e-01, 3e+00]
  QObjective range [4e-03, 4e+00]
  Bounds range     [1e+00, 1e+00]
  RHS range        [6e+00, 6e+00]
Found heuristic solution: objective 1.5001336
Variable types: 0 continuous, 78 integer (78 binary)

Root relaxation: objective -1.038908e+01, 7 iterations, 0.00 seconds (0.00 work units)

    Nodes    |    Current Node    |     Objective Bounds      |     Work
 Expl Unexpl |  Obj  Depth IntInf | Incumbent    BestBd   Gap | It/Node Time

     0     0  -10.38908    0   12    1.50013  -10.38908   793%     -    0s
H    0     0                      -1.2973006  -10.38908   701%     -    0s
H    0     0                      -5.1704314  -10.38908   101%     -    0s
     0     0   -5.17043    0   43   -5.17043   -5.17043  0.00%     -    0s

Cutting planes:
  Gomory: 2
  MIR: 23
  Zero half: 18
  RLT: 23
  BQP: 68

Explored 1 nodes (100 simplex iterations) in 0.01 seconds (0.00 work units)
Thread count was 8 (of 96 available processors)

Solution count 3: -5.17043 -1.2973 1.50013 
No other solutions better than -5.17043

Optimal solution found (tolerance 1.00e-06)
Best objective -5.170431445229e+00, best bound -5.170431445229e+00, gap 0.0000%

User-callback calls 67, time in user-callback 0.00 sec
