
Gurobi 13.0.0 (linux64) logging started Sun Mar 22 16:50:43 2026

Set parameter LogFile to value "logs/N=12_presolve_off/N=12/seed=3/n_qaoa_layers=1/precond_pen=0.800.log"
Set parameter MIPGap to value 1e-06
Set parameter Threads to value 8
Set parameter Presolve to value 0
Gurobi Optimizer version 13.0.0 build v13.0.0rc1 (linux64 - "Oracle Linux Server 9.7")

CPU model: AMD EPYC 7643 48-Core Processor, instruction set [SSE2|AVX|AVX2]
Thread count: 48 physical cores, 96 logical processors, using up to 8 threads

Non-default parameters:
MIPGap  1e-06
Presolve  0
Threads  8

Optimize a model with 1 rows, 12 columns and 12 nonzeros (Min)
Model fingerprint: 0x471cf817
Model has 12 linear objective coefficients and an objective constant of 4.903233375046
Model has 66 quadratic objective terms
Variable types: 0 continuous, 12 integer (12 binary)
Coefficient statistics:
  Matrix range     [1e+00, 1e+00]
  Objective range  [1e+00, 2e+00]
  QObjective range [1e-01, 1e+00]
  Bounds range     [1e+00, 1e+00]
  RHS range        [6e+00, 6e+00]
Found heuristic solution: objective -0.1942530
Variable types: 0 continuous, 78 integer (78 binary)

Root relaxation: objective -4.903233e+00, 18 iterations, 0.00 seconds (0.00 work units)

    Nodes    |    Current Node    |     Objective Bounds      |     Work
 Expl Unexpl |  Obj  Depth IntInf | Incumbent    BestBd   Gap | It/Node Time

     0     0   -4.90323    0   12   -0.19425   -4.90323  2424%     -    0s
H    0     0                      -0.4827636   -4.90323   916%     -    0s
H    0     0                      -1.0841330   -4.90323   352%     -    0s
H    0     0                      -1.3607868   -4.90323   260%     -    0s
     0     0     cutoff    0        -1.36079   -1.36079  0.00%     -    0s

Cutting planes:
  MIR: 55
  Zero half: 31
  RLT: 25
  BQP: 141

Explored 1 nodes (234 simplex iterations) in 0.01 seconds (0.01 work units)
Thread count was 8 (of 96 available processors)

Solution count 4: -1.36079 -1.08413 -0.482764 -0.194253 
No other solutions better than -1.36079

Optimal solution found (tolerance 1.00e-06)
Best objective -1.360786791382e+00, best bound -1.360786791382e+00, gap 0.0000%

User-callback calls 68, time in user-callback 0.00 sec
