
Gurobi 13.0.0 (linux64) logging started Sun May  3 10:58:43 2026

Set parameter LogFile to value "logs/N=16_layers=2_presolve_off/N=16/seed=12/quantum_layers=2/baseline.log"
Set parameter MIPGap to value 1e-06
Set parameter Threads to value 8
Set parameter Presolve to value 0
Gurobi Optimizer version 13.0.0 build v13.0.0rc1 (linux64 - "Oracle Linux Server 9.7")

CPU model: AMD EPYC 7643 48-Core Processor, instruction set [SSE2|AVX|AVX2]
Thread count: 48 physical cores, 96 logical processors, using up to 8 threads

Non-default parameters:
MIPGap  1e-06
Presolve  0
Threads  8

Optimize a model with 1 rows, 16 columns and 16 nonzeros (Min)
Model fingerprint: 0x8abf8941
Model has 16 linear objective coefficients and an objective constant of 3.0106472870272682e-12
Model has 120 quadratic objective terms
Variable types: 0 continuous, 16 integer (16 binary)
Coefficient statistics:
  Matrix range     [1e+00, 1e+00]
  Objective range  [1e+01, 2e+01]
  QObjective range [2e-02, 8e+00]
  Bounds range     [1e+00, 1e+00]
  RHS range        [8e+00, 8e+00]
Found heuristic solution: objective 69.1097745
Variable types: 0 continuous, 136 integer (136 binary)

Root relaxation: objective 3.003542e-12, 10 iterations, 0.00 seconds (0.00 work units)

    Nodes    |    Current Node    |     Objective Bounds      |     Work
 Expl Unexpl |  Obj  Depth IntInf | Incumbent    BestBd   Gap | It/Node Time

     0     0    0.00000    0   16   69.10977    0.00000   100%     -    0s
H    0     0                      66.6260397    0.00000   100%     -    0s
H    0     0                      58.2443674    0.00000   100%     -    0s
H    0     0                      54.4075737   25.05785  53.9%     -    0s
     0     0   25.35052    0   21   54.40757   25.35052  53.4%     -    0s
     0     0   26.88878    0   21   54.40757   26.88878  50.6%     -    0s
     0     0   32.53049    0   41   54.40757   32.53049  40.2%     -    0s
     0     0   32.53049    0   41   54.40757   32.53049  40.2%     -    0s
     0     2   32.53049    0   41   54.40757   32.53049  40.2%     -    0s

Cutting planes:
  Gomory: 1
  Cover: 1
  MIR: 38
  StrongCG: 2
  RLT: 13

Explored 545 nodes (14727 simplex iterations) in 0.09 seconds (0.09 work units)
Thread count was 8 (of 96 available processors)

Solution count 4: 54.4076 58.2444 66.626 69.1098 

Optimal solution found (tolerance 1.00e-06)
Best objective 5.440757373914e+01, best bound 5.440757373914e+01, gap 0.0000%

User-callback calls 1204, time in user-callback 0.00 sec
