
Gurobi 13.0.0 (linux64) logging started Sun May  3 10:58:44 2026

Set parameter LogFile to value "logs/N=16_layers=2_presolve_off/N=16/seed=12/quantum_layers=2/precond_pen=0.700.log"
Set parameter MIPGap to value 1e-06
Set parameter Threads to value 8
Set parameter Presolve to value 0
Gurobi Optimizer version 13.0.0 build v13.0.0rc1 (linux64 - "Oracle Linux Server 9.7")

CPU model: AMD EPYC 7643 48-Core Processor, instruction set [SSE2|AVX|AVX2]
Thread count: 48 physical cores, 96 logical processors, using up to 8 threads

Non-default parameters:
MIPGap  1e-06
Presolve  0
Threads  8

Optimize a model with 1 rows, 16 columns and 16 nonzeros (Min)
Model fingerprint: 0x384c7515
Model has 16 linear objective coefficients and an objective constant of 6.2503684785269993e+00
Model has 120 quadratic objective terms
Variable types: 0 continuous, 16 integer (16 binary)
Coefficient statistics:
  Matrix range     [1e+00, 1e+00]
  Objective range  [1e+00, 2e+00]
  QObjective range [2e-02, 2e+00]
  Bounds range     [1e+00, 1e+00]
  RHS range        [8e+00, 8e+00]
Found heuristic solution: objective 0.8030262
Variable types: 0 continuous, 136 integer (136 binary)

Root relaxation: objective -1.306643e+01, 30 iterations, 0.00 seconds (0.00 work units)

    Nodes    |    Current Node    |     Objective Bounds      |     Work
 Expl Unexpl |  Obj  Depth IntInf | Incumbent    BestBd   Gap | It/Node Time

     0     0  -13.06643    0   16    0.80303  -13.06643  1727%     -    0s
H    0     0                      -2.4868097  -13.06643   425%     -    0s
H    0     0                      -3.0373566  -13.06643   330%     -    0s
H    0     0                      -6.7123021  -13.06643  94.7%     -    0s
     0     0     cutoff    0        -6.71230   -6.71230  0.00%     -    0s

Cutting planes:
  Gomory: 1
  MIR: 42
  Zero half: 28
  RLT: 33
  BQP: 153

Explored 1 nodes (246 simplex iterations) in 0.01 seconds (0.01 work units)
Thread count was 8 (of 96 available processors)

Solution count 4: -6.7123 -3.03736 -2.48681 0.803026 
No other solutions better than -6.7123

Optimal solution found (tolerance 1.00e-06)
Best objective -6.712302065581e+00, best bound -6.712302065581e+00, gap 0.0000%

User-callback calls 70, time in user-callback 0.00 sec
