
Gurobi 13.0.0 (linux64) logging started Sun Mar 22 16:50:48 2026

Set parameter LogFile to value "logs/N=12_presolve_off/N=12/seed=30/n_qaoa_layers=1/precond_pen=0.300.log"
Set parameter MIPGap to value 1e-06
Set parameter Threads to value 8
Set parameter Presolve to value 0
Gurobi Optimizer version 13.0.0 build v13.0.0rc1 (linux64 - "Oracle Linux Server 9.7")

CPU model: AMD EPYC 7643 48-Core Processor, instruction set [SSE2|AVX|AVX2]
Thread count: 48 physical cores, 96 logical processors, using up to 8 threads

Non-default parameters:
MIPGap  1e-06
Presolve  0
Threads  8

Optimize a model with 1 rows, 12 columns and 12 nonzeros (Min)
Model fingerprint: 0xafba9ec0
Model has 12 linear objective coefficients and an objective constant of 2.5064188593059997e+00
Model has 66 quadratic objective terms
Variable types: 0 continuous, 12 integer (12 binary)
Coefficient statistics:
  Matrix range     [1e+00, 1e+00]
  Objective range  [2e-01, 3e+00]
  QObjective range [1e-02, 3e+00]
  Bounds range     [1e+00, 1e+00]
  RHS range        [6e+00, 6e+00]
Found heuristic solution: objective 0.2086123
Variable types: 0 continuous, 78 integer (78 binary)

Root relaxation: objective -1.060854e+01, 13 iterations, 0.00 seconds (0.00 work units)

    Nodes    |    Current Node    |     Objective Bounds      |     Work
 Expl Unexpl |  Obj  Depth IntInf | Incumbent    BestBd   Gap | It/Node Time

     0     0  -10.60854    0   12    0.20861  -10.60854  5185%     -    0s
H    0     0                      -0.1277256  -10.60854  8206%     -    0s
H    0     0                      -1.0351238  -10.60854   925%     -    0s
H    0     0                      -6.2587931  -10.60854  69.5%     -    0s
     0     0   -6.25879    0   32   -6.25879   -6.25879  0.00%     -    0s

Cutting planes:
  Gomory: 1
  MIR: 28
  Zero half: 16
  RLT: 17
  BQP: 53

Explored 1 nodes (74 simplex iterations) in 0.01 seconds (0.00 work units)
Thread count was 8 (of 96 available processors)

Solution count 4: -6.25879 -1.03512 -0.127726 0.208612 
No other solutions better than -6.25879

Optimal solution found (tolerance 1.00e-06)
Best objective -6.258793062306e+00, best bound -6.258793062306e+00, gap 0.0000%

User-callback calls 68, time in user-callback 0.00 sec
