
Gurobi 13.0.0 (linux64) logging started Sun May  3 10:53:47 2026

Set parameter LogFile to value "logs/N=16_layers=1_presolve_on/N=16/seed=17/quantum_layers=1/baseline.log"
Set parameter MIPGap to value 1e-06
Set parameter Threads to value 8
Gurobi Optimizer version 13.0.0 build v13.0.0rc1 (linux64 - "Oracle Linux Server 9.7")

CPU model: AMD EPYC 7643 48-Core Processor, instruction set [SSE2|AVX|AVX2]
Thread count: 48 physical cores, 96 logical processors, using up to 8 threads

Non-default parameters:
MIPGap  1e-06
Threads  8

Optimize a model with 1 rows, 16 columns and 16 nonzeros (Min)
Model fingerprint: 0xf70b2fe8
Model has 16 linear objective coefficients and an objective constant of -1.0030865027488289e-12
Model has 120 quadratic objective terms
Variable types: 0 continuous, 16 integer (16 binary)
Coefficient statistics:
  Matrix range     [1e+00, 1e+00]
  Objective range  [1e+01, 2e+01]
  QObjective range [5e-02, 8e+00]
  Bounds range     [1e+00, 1e+00]
  RHS range        [8e+00, 8e+00]
Found heuristic solution: objective 59.9977913
Presolve time: 0.00s
Presolved: 121 rows, 136 columns, 376 nonzeros
Variable types: 0 continuous, 136 integer (136 binary)

Root relaxation: objective -1.005751e-12, 8 iterations, 0.00 seconds (0.00 work units)

    Nodes    |    Current Node    |     Objective Bounds      |     Work
 Expl Unexpl |  Obj  Depth IntInf | Incumbent    BestBd   Gap | It/Node Time

     0     0   -0.00000    0   16   59.99779   -0.00000   100%     -    0s
H    0     0                      58.4781149   -0.00000   100%     -    0s
H    0     0                      51.4768109   -0.00000   100%     -    0s
     0     0   26.71433    0   22   51.47681   26.71433  48.1%     -    0s
     0     0   28.39602    0   24   51.47681   28.39602  44.8%     -    0s
     0     0   35.16647    0   66   51.47681   35.16647  31.7%     -    0s
     0     0   35.32596    0   66   51.47681   35.32596  31.4%     -    0s
     0     2   35.47421    0   66   51.47681   35.47421  31.1%     -    0s

Cutting planes:
  Gomory: 2
  Dual implied bound: 29
  MIR: 12
  StrongCG: 1
  RLT: 11

Explored 310 nodes (7622 simplex iterations) in 0.07 seconds (0.07 work units)
Thread count was 8 (of 96 available processors)

Solution count 3: 51.4768 58.4781 59.9978 

Optimal solution found (tolerance 1.00e-06)
Best objective 5.147681091931e+01, best bound 5.147681091931e+01, gap 0.0000%

User-callback calls 822, time in user-callback 0.00 sec
