
Gurobi 13.0.0 (linux64) logging started Sun May  3 10:53:47 2026

Set parameter LogFile to value "logs/N=16_layers=1_presolve_on/N=16/seed=17/quantum_layers=1/precond_pen=0.200.log"
Set parameter MIPGap to value 1e-06
Set parameter Threads to value 8
Gurobi Optimizer version 13.0.0 build v13.0.0rc1 (linux64 - "Oracle Linux Server 9.7")

CPU model: AMD EPYC 7643 48-Core Processor, instruction set [SSE2|AVX|AVX2]
Thread count: 48 physical cores, 96 logical processors, using up to 8 threads

Non-default parameters:
MIPGap  1e-06
Threads  8

Optimize a model with 1 rows, 16 columns and 16 nonzeros (Min)
Model fingerprint: 0x26ec8ac5
Model has 16 linear objective coefficients and an objective constant of -6.3219106190639973e+00
Model has 120 quadratic objective terms
Variable types: 0 continuous, 16 integer (16 binary)
Coefficient statistics:
  Matrix range     [1e+00, 1e+00]
  Objective range  [4e-01, 4e+00]
  QObjective range [1e-03, 4e+00]
  Bounds range     [1e+00, 1e+00]
  RHS range        [8e+00, 8e+00]
Found heuristic solution: objective 0.0335082
Presolve time: 0.00s
Presolved: 121 rows, 136 columns, 376 nonzeros
Variable types: 0 continuous, 136 integer (136 binary)

Root relaxation: objective -1.707481e+01, 17 iterations, 0.00 seconds (0.00 work units)

    Nodes    |    Current Node    |     Objective Bounds      |     Work
 Expl Unexpl |  Obj  Depth IntInf | Incumbent    BestBd   Gap | It/Node Time

     0     0  -17.07481    0   16    0.03351  -17.07481      -     -    0s
H    0     0                      -3.3431155  -17.07481   411%     -    0s
H    0     0                      -5.7624077  -17.07481   196%     -    0s
     0     0  -10.02708    0   66   -5.76241  -10.02708  74.0%     -    0s
     0     0   -9.79804    0   65   -5.76241   -9.79804  70.0%     -    0s
H    0     0                      -5.7976839   -9.79804  69.0%     -    0s
     0     0   -7.13200    0   91   -5.79768   -7.13200  23.0%     -    0s
     0     0   -7.11566    0   91   -5.79768   -7.11566  22.7%     -    0s
     0     2   -7.11566    0   91   -5.79768   -7.11566  22.7%     -    0s

Cutting planes:
  Gomory: 4
  Dual implied bound: 6
  MIR: 13
  StrongCG: 1
  Zero half: 7
  RLT: 17
  BQP: 47

Explored 46 nodes (1870 simplex iterations) in 0.06 seconds (0.05 work units)
Thread count was 8 (of 96 available processors)

Solution count 4: -5.79768 -5.76241 -3.34312 0.0335082 
No other solutions better than -5.79768

Optimal solution found (tolerance 1.00e-06)
Best objective -5.797683850620e+00, best bound -5.797683850620e+00, gap 0.0000%

User-callback calls 295, time in user-callback 0.00 sec
