
Gurobi 13.0.0 (linux64) logging started Sun May  3 10:53:48 2026

Set parameter LogFile to value "logs/N=16_layers=1_presolve_on/N=16/seed=17/quantum_layers=1/precond_pen=0.700.log"
Set parameter MIPGap to value 1e-06
Set parameter Threads to value 8
Gurobi Optimizer version 13.0.0 build v13.0.0rc1 (linux64 - "Oracle Linux Server 9.7")

CPU model: AMD EPYC 7643 48-Core Processor, instruction set [SSE2|AVX|AVX2]
Thread count: 48 physical cores, 96 logical processors, using up to 8 threads

Non-default parameters:
MIPGap  1e-06
Threads  8

Optimize a model with 1 rows, 16 columns and 16 nonzeros (Min)
Model fingerprint: 0x3d991233
Model has 16 linear objective coefficients and an objective constant of 6.7226003195939965e+00
Model has 120 quadratic objective terms
Variable types: 0 continuous, 16 integer (16 binary)
Coefficient statistics:
  Matrix range     [1e+00, 1e+00]
  Objective range  [1e+00, 2e+00]
  QObjective range [1e-02, 9e-01]
  Bounds range     [1e+00, 1e+00]
  RHS range        [8e+00, 8e+00]
Found heuristic solution: objective -0.5044800
Presolve time: 0.00s
Presolved: 121 rows, 136 columns, 376 nonzeros
Variable types: 0 continuous, 136 integer (136 binary)

Root relaxation: objective -6.725253e+00, 40 iterations, 0.00 seconds (0.00 work units)

    Nodes    |    Current Node    |     Objective Bounds      |     Work
 Expl Unexpl |  Obj  Depth IntInf | Incumbent    BestBd   Gap | It/Node Time

     0     0   -6.72525    0   16   -0.50448   -6.72525  1233%     -    0s
H    0     0                      -0.7619998   -6.72525   783%     -    0s
H    0     0                      -1.4710952   -6.72525   357%     -    0s
H    0     0                      -1.5210097   -4.83757   218%     -    0s
     0     0   -1.82412    0  111   -1.52101   -1.82412  19.9%     -    0s
     0     0   -1.59809    0  113   -1.52101   -1.59809  5.07%     -    0s
     0     0   -1.58756    0  113   -1.52101   -1.58756  4.38%     -    0s
     0     0   -1.58756    0  113   -1.52101   -1.58756  4.38%     -    0s
     0     2   -1.58756    0  112   -1.52101   -1.58756  4.38%     -    0s

Cutting planes:
  Dual implied bound: 7
  MIR: 69
  Zero half: 18
  RLT: 27
  BQP: 216

Explored 14 nodes (1684 simplex iterations) in 0.13 seconds (0.10 work units)
Thread count was 8 (of 96 available processors)

Solution count 4: -1.52101 -1.4711 -0.762 -0.50448 
No other solutions better than -1.52101

Optimal solution found (tolerance 1.00e-06)
Best objective -1.521009688954e+00, best bound -1.521009688954e+00, gap 0.0000%

User-callback calls 233, time in user-callback 0.00 sec
