
Gurobi 13.0.0 (linux64) logging started Sun May  3 10:58:38 2026

Set parameter LogFile to value "logs/N=16_layers=2_presolve_on/N=16/seed=43/quantum_layers=2/precond_pen=0.600.log"
Set parameter MIPGap to value 1e-06
Set parameter Threads to value 8
Gurobi Optimizer version 13.0.0 build v13.0.0rc1 (linux64 - "Oracle Linux Server 9.7")

CPU model: AMD EPYC 7643 48-Core Processor, instruction set [SSE2|AVX|AVX2]
Thread count: 48 physical cores, 96 logical processors, using up to 8 threads

Non-default parameters:
MIPGap  1e-06
Threads  8

Optimize a model with 1 rows, 16 columns and 16 nonzeros (Min)
Model fingerprint: 0x57112548
Model has 16 linear objective coefficients and an objective constant of 6.0427340488149994e+00
Model has 120 quadratic objective terms
Variable types: 0 continuous, 16 integer (16 binary)
Coefficient statistics:
  Matrix range     [1e+00, 1e+00]
  Objective range  [1e+00, 2e+00]
  QObjective range [7e-03, 3e+00]
  Bounds range     [1e+00, 1e+00]
  RHS range        [8e+00, 8e+00]
Found heuristic solution: objective -0.8829412
Presolve time: 0.00s
Presolved: 121 rows, 136 columns, 376 nonzeros
Variable types: 0 continuous, 136 integer (136 binary)

Root relaxation: objective -1.363755e+01, 21 iterations, 0.00 seconds (0.00 work units)

    Nodes    |    Current Node    |     Objective Bounds      |     Work
 Expl Unexpl |  Obj  Depth IntInf | Incumbent    BestBd   Gap | It/Node Time

     0     0  -13.63755    0   16   -0.88294  -13.63755  1445%     -    0s
H    0     0                      -3.0949115  -13.63755   341%     -    0s
H    0     0                      -4.4002228  -13.63755   210%     -    0s
H    0     0                      -7.2974714  -13.63755  86.9%     -    0s
H    0     0                      -7.2992994  -13.63755  86.8%     -    0s
     0     0   -7.29930    0   57   -7.29930   -7.29930  0.00%     -    0s

Cutting planes:
  MIR: 42
  Zero half: 30
  RLT: 39
  BQP: 169

Explored 1 nodes (184 simplex iterations) in 0.01 seconds (0.01 work units)
Thread count was 8 (of 96 available processors)

Solution count 5: -7.2993 -7.29747 -4.40022 ... -0.882941
No other solutions better than -7.2993

Optimal solution found (tolerance 1.00e-06)
Best objective -7.299299380591e+00, best bound -7.299299380591e+00, gap 0.0000%

User-callback calls 166, time in user-callback 0.00 sec
