
Gurobi 13.0.0 (linux64) logging started Sun May  3 11:06:42 2026

Set parameter LogFile to value "logs/N=12_layers=2_presolve_off/N=12/seed=39/quantum_layers=2/baseline.log"
Set parameter MIPGap to value 1e-06
Set parameter Threads to value 8
Set parameter Presolve to value 0
Gurobi Optimizer version 13.0.0 build v13.0.0rc1 (linux64 - "Oracle Linux Server 9.7")

CPU model: AMD EPYC 7643 48-Core Processor, instruction set [SSE2|AVX|AVX2]
Thread count: 48 physical cores, 96 logical processors, using up to 8 threads

Non-default parameters:
MIPGap  1e-06
Presolve  0
Threads  8

Optimize a model with 1 rows, 12 columns and 12 nonzeros (Min)
Model fingerprint: 0x1e105bee
Model has 12 linear objective coefficients and an objective constant of 1.9919621507824559e-12
Model has 66 quadratic objective terms
Variable types: 0 continuous, 12 integer (12 binary)
Coefficient statistics:
  Matrix range     [1e+00, 1e+00]
  Objective range  [9e+00, 1e+01]
  QObjective range [6e-02, 8e+00]
  Bounds range     [1e+00, 1e+00]
  RHS range        [6e+00, 6e+00]
Found heuristic solution: objective 40.3285842
Variable types: 0 continuous, 78 integer (78 binary)

Root relaxation: objective 1.990186e-12, 8 iterations, 0.00 seconds (0.00 work units)

    Nodes    |    Current Node    |     Objective Bounds      |     Work
 Expl Unexpl |  Obj  Depth IntInf | Incumbent    BestBd   Gap | It/Node Time

     0     0    0.00000    0   12   40.32858    0.00000   100%     -    0s
H    0     0                      37.5307086    0.00000   100%     -    0s
H    0     0                      31.1827074    0.00000   100%     -    0s
H    0     0                      29.2566267    0.00000   100%     -    0s
     0     0   17.58598    0   16   29.25663   17.58598  39.9%     -    0s
     0     0   17.88991    0   17   29.25663   17.88991  38.9%     -    0s
     0     0   17.88991    0   17   29.25663   17.88991  38.9%     -    0s
     0     0   20.98153    0   31   29.25663   20.98153  28.3%     -    0s
     0     0   21.36306    0   40   29.25663   21.36306  27.0%     -    0s
     0     0   21.36306    0   40   29.25663   21.36306  27.0%     -    0s
     0     0   23.67465    0   54   29.25663   23.67465  19.1%     -    0s
     0     0   23.67908    0   54   29.25663   23.67908  19.1%     -    0s
     0     2   23.67908    0   54   29.25663   23.67908  19.1%     -    0s

Cutting planes:
  Gomory: 1
  Cover: 3
  MIR: 20
  StrongCG: 1
  Mod-K: 2
  RLT: 8

Explored 86 nodes (1718 simplex iterations) in 0.04 seconds (0.02 work units)
Thread count was 8 (of 96 available processors)

Solution count 4: 29.2566 31.1827 37.5307 40.3286 

Optimal solution found (tolerance 1.00e-06)
Best objective 2.925662665630e+01, best bound 2.925662665630e+01, gap 0.0000%

User-callback calls 285, time in user-callback 0.00 sec
