
Gurobi 13.0.0 (linux64) logging started Sun May  3 11:06:42 2026

Set parameter LogFile to value "logs/N=12_layers=2_presolve_off/N=12/seed=39/quantum_layers=2/precond_pen=0.800.log"
Set parameter MIPGap to value 1e-06
Set parameter Threads to value 8
Set parameter Presolve to value 0
Gurobi Optimizer version 13.0.0 build v13.0.0rc1 (linux64 - "Oracle Linux Server 9.7")

CPU model: AMD EPYC 7643 48-Core Processor, instruction set [SSE2|AVX|AVX2]
Thread count: 48 physical cores, 96 logical processors, using up to 8 threads

Non-default parameters:
MIPGap  1e-06
Presolve  0
Threads  8

Optimize a model with 1 rows, 12 columns and 12 nonzeros (Min)
Model fingerprint: 0x3b1c042b
Model has 12 linear objective coefficients and an objective constant of 5.259029704576
Model has 66 quadratic objective terms
Variable types: 0 continuous, 12 integer (12 binary)
Coefficient statistics:
  Matrix range     [1e+00, 1e+00]
  Objective range  [2e+00, 2e+00]
  QObjective range [2e-03, 2e+00]
  Bounds range     [1e+00, 1e+00]
  RHS range        [6e+00, 6e+00]
Found heuristic solution: objective 0.7867705
Variable types: 0 continuous, 78 integer (78 binary)

Root relaxation: objective -5.931598e+00, 16 iterations, 0.00 seconds (0.00 work units)

    Nodes    |    Current Node    |     Objective Bounds      |     Work
 Expl Unexpl |  Obj  Depth IntInf | Incumbent    BestBd   Gap | It/Node Time

     0     0   -5.93160    0   12    0.78677   -5.93160   854%     -    0s
H    0     0                      -1.5408607   -5.93160   285%     -    0s
H    0     0                      -1.6765179   -5.93160   254%     -    0s
H    0     0                      -1.7923312   -5.93160   231%     -    0s
H    0     0                      -2.4727064   -5.93160   140%     -    0s
     0     0   -2.47271    0   41   -2.47271   -2.47271  0.00%     -    0s

Cutting planes:
  Gomory: 1
  MIR: 31
  Zero half: 15
  RLT: 21
  BQP: 81

Explored 1 nodes (122 simplex iterations) in 0.01 seconds (0.00 work units)
Thread count was 8 (of 96 available processors)

Solution count 5: -2.47271 -1.79233 -1.67652 ... 0.78677
No other solutions better than -2.47271

Optimal solution found (tolerance 1.00e-06)
Best objective -2.472706371418e+00, best bound -2.472706371418e+00, gap 0.0000%

User-callback calls 71, time in user-callback 0.00 sec
