
Gurobi 13.0.0 (linux64) logging started Sun May  3 10:54:16 2026

Set parameter LogFile to value "logs/N=16_layers=1_presolve_off/N=16/seed=15/quantum_layers=1/precond_pen=0.200.log"
Set parameter MIPGap to value 1e-06
Set parameter Threads to value 8
Set parameter Presolve to value 0
Gurobi Optimizer version 13.0.0 build v13.0.0rc1 (linux64 - "Oracle Linux Server 9.7")

CPU model: AMD EPYC 7643 48-Core Processor, instruction set [SSE2|AVX|AVX2]
Thread count: 48 physical cores, 96 logical processors, using up to 8 threads

Non-default parameters:
MIPGap  1e-06
Presolve  0
Threads  8

Optimize a model with 1 rows, 16 columns and 16 nonzeros (Min)
Model fingerprint: 0xf5994091
Model has 16 linear objective coefficients and an objective constant of -1.1350079473379001e+01
Model has 120 quadratic objective terms
Variable types: 0 continuous, 16 integer (16 binary)
Coefficient statistics:
  Matrix range     [1e+00, 1e+00]
  Objective range  [3e-01, 5e+00]
  QObjective range [2e-03, 3e+00]
  Bounds range     [1e+00, 1e+00]
  RHS range        [8e+00, 8e+00]
Found heuristic solution: objective 1.0541918
Variable types: 0 continuous, 136 integer (136 binary)

Root relaxation: objective -1.800709e+01, 10 iterations, 0.00 seconds (0.00 work units)

    Nodes    |    Current Node    |     Objective Bounds      |     Work
 Expl Unexpl |  Obj  Depth IntInf | Incumbent    BestBd   Gap | It/Node Time

     0     0  -18.00709    0   16    1.05419  -18.00709  1808%     -    0s
H    0     0                      -0.2189465  -18.00709  8124%     -    0s
H    0     0                      -0.7871667  -18.00709  2188%     -    0s
H    0     0                      -5.3698381  -18.00709   235%     -    0s
     0     0   -9.21192    0   82   -5.36984   -9.21192  71.5%     -    0s
     0     0   -7.75807    0   90   -5.36984   -7.75807  44.5%     -    0s
     0     0   -7.75278    0   90   -5.36984   -7.75278  44.4%     -    0s
     0     2   -7.75278    0   90   -5.36984   -7.75278  44.4%     -    0s

Cutting planes:
  Gomory: 2
  Cover: 1
  MIR: 9
  Zero half: 10
  RLT: 31
  BQP: 39

Explored 19 nodes (1417 simplex iterations) in 0.05 seconds (0.04 work units)
Thread count was 8 (of 96 available processors)

Solution count 4: -5.36984 -0.787167 -0.218946 1.05419 
No other solutions better than -5.36984

Optimal solution found (tolerance 1.00e-06)
Best objective -5.369838103995e+00, best bound -5.369838103995e+00, gap 0.0000%

User-callback calls 141, time in user-callback 0.00 sec
