
Gurobi 13.0.0 (linux64) logging started Sun May  3 10:54:16 2026

Set parameter LogFile to value "logs/N=16_layers=1_presolve_off/N=16/seed=15/quantum_layers=1/precond_pen=0.500.log"
Set parameter MIPGap to value 1e-06
Set parameter Threads to value 8
Set parameter Presolve to value 0
Gurobi Optimizer version 13.0.0 build v13.0.0rc1 (linux64 - "Oracle Linux Server 9.7")

CPU model: AMD EPYC 7643 48-Core Processor, instruction set [SSE2|AVX|AVX2]
Thread count: 48 physical cores, 96 logical processors, using up to 8 threads

Non-default parameters:
MIPGap  1e-06
Presolve  0
Threads  8

Optimize a model with 1 rows, 16 columns and 16 nonzeros (Min)
Model fingerprint: 0x6ced5aa6
Model has 16 linear objective coefficients and an objective constant of 6.3131806611120007e+00
Model has 120 quadratic objective terms
Variable types: 0 continuous, 16 integer (16 binary)
Coefficient statistics:
  Matrix range     [1e+00, 1e+00]
  Objective range  [1e+00, 2e+00]
  QObjective range [3e-03, 1e+00]
  Bounds range     [1e+00, 1e+00]
  RHS range        [8e+00, 8e+00]
Found heuristic solution: objective -0.1774100
Variable types: 0 continuous, 136 integer (136 binary)

Root relaxation: objective -7.891134e+00, 51 iterations, 0.00 seconds (0.00 work units)

    Nodes    |    Current Node    |     Objective Bounds      |     Work
 Expl Unexpl |  Obj  Depth IntInf | Incumbent    BestBd   Gap | It/Node Time

     0     0   -7.89113    0   16   -0.17741   -7.89113  4348%     -    0s
H    0     0                      -1.5116232   -7.89113   422%     -    0s
H    0     0                      -2.6616573   -7.89113   196%     -    0s
     0     0   -2.94160    0   70   -2.66166   -2.94160  10.5%     -    0s
H    0     0                      -2.9397400   -2.94160  0.06%     -    0s

Cutting planes:
  Gomory: 12
  MIR: 116
  StrongCG: 4
  Zero half: 28
  RLT: 27
  BQP: 162

Explored 1 nodes (356 simplex iterations) in 0.04 seconds (0.03 work units)
Thread count was 8 (of 96 available processors)

Solution count 4: -2.93974 -2.66166 -1.51162 -0.17741 
No other solutions better than -2.93974

Optimal solution found (tolerance 1.00e-06)
Best objective -2.939739959686e+00, best bound -2.939739959686e+00, gap 0.0000%

User-callback calls 78, time in user-callback 0.00 sec
