
Gurobi 13.0.0 (linux64) logging started Sun May  3 10:54:16 2026

Set parameter LogFile to value "logs/N=16_layers=1_presolve_off/N=16/seed=15/quantum_layers=1/precond_pen=0.400.log"
Set parameter MIPGap to value 1e-06
Set parameter Threads to value 8
Set parameter Presolve to value 0
Gurobi Optimizer version 13.0.0 build v13.0.0rc1 (linux64 - "Oracle Linux Server 9.7")

CPU model: AMD EPYC 7643 48-Core Processor, instruction set [SSE2|AVX|AVX2]
Thread count: 48 physical cores, 96 logical processors, using up to 8 threads

Non-default parameters:
MIPGap  1e-06
Presolve  0
Threads  8

Optimize a model with 1 rows, 16 columns and 16 nonzeros (Min)
Model fingerprint: 0x0df6a537
Model has 16 linear objective coefficients and an objective constant of 5.3168590259500013e+00
Model has 120 quadratic objective terms
Variable types: 0 continuous, 16 integer (16 binary)
Coefficient statistics:
  Matrix range     [1e+00, 1e+00]
  Objective range  [5e-01, 2e+00]
  QObjective range [3e-02, 2e+00]
  Bounds range     [1e+00, 1e+00]
  RHS range        [8e+00, 8e+00]
Found heuristic solution: objective 0.0895827
Variable types: 0 continuous, 136 integer (136 binary)

Root relaxation: objective -1.131049e+01, 29 iterations, 0.00 seconds (0.00 work units)

    Nodes    |    Current Node    |     Objective Bounds      |     Work
 Expl Unexpl |  Obj  Depth IntInf | Incumbent    BestBd   Gap | It/Node Time

     0     0  -11.31049    0   16    0.08958  -11.31049      -     -    0s
H    0     0                      -2.2227762  -11.31049   409%     -    0s
H    0     0                      -2.4794126  -11.31049   356%     -    0s
H    0     0                      -2.8744157  -11.31049   293%     -    0s
H    0     0                      -4.2998516  -11.31049   163%     -    0s
H    0     0                      -4.7031568   -4.96588  5.59%     -    0s
     0     0   -4.96588    0   67   -4.70316   -4.96588  5.59%     -    0s
H    0     0                      -4.8011857   -4.96588  3.43%     -    0s

Cutting planes:
  Gomory: 9
  Clique: 2
  MIR: 78
  StrongCG: 1
  Flow cover: 15
  Zero half: 32
  RLT: 23
  BQP: 131

Explored 1 nodes (299 simplex iterations) in 0.03 seconds (0.02 work units)
Thread count was 8 (of 96 available processors)

Solution count 7: -4.80119 -4.70316 -4.29985 ... 0.0895827
No other solutions better than -4.80119

Optimal solution found (tolerance 1.00e-06)
Best objective -4.801185727624e+00, best bound -4.801185727624e+00, gap 0.0000%

User-callback calls 83, time in user-callback 0.00 sec
