
Gurobi 13.0.0 (linux64) logging started Sun May  3 11:06:34 2026

Set parameter LogFile to value "logs/N=12_layers=2_presolve_on/N=12/seed=8/quantum_layers=2/precond_pen=0.600.log"
Set parameter MIPGap to value 1e-06
Set parameter Threads to value 8
Gurobi Optimizer version 13.0.0 build v13.0.0rc1 (linux64 - "Oracle Linux Server 9.7")

CPU model: AMD EPYC 7643 48-Core Processor, instruction set [SSE2|AVX|AVX2]
Thread count: 48 physical cores, 96 logical processors, using up to 8 threads

Non-default parameters:
MIPGap  1e-06
Threads  8

Optimize a model with 1 rows, 12 columns and 12 nonzeros (Min)
Model fingerprint: 0x5ccb6e2c
Model has 12 linear objective coefficients and an objective constant of 4.5619184227270022e+00
Model has 66 quadratic objective terms
Variable types: 0 continuous, 12 integer (12 binary)
Coefficient statistics:
  Matrix range     [1e+00, 1e+00]
  Objective range  [1e+00, 2e+00]
  QObjective range [5e-02, 2e+00]
  Bounds range     [1e+00, 1e+00]
  RHS range        [6e+00, 6e+00]
Found heuristic solution: objective -0.5625309
Presolve time: 0.00s
Presolved: 67 rows, 78 columns, 210 nonzeros
Variable types: 0 continuous, 78 integer (78 binary)

Root relaxation: objective -8.035181e+00, 12 iterations, 0.00 seconds (0.00 work units)

    Nodes    |    Current Node    |     Objective Bounds      |     Work
 Expl Unexpl |  Obj  Depth IntInf | Incumbent    BestBd   Gap | It/Node Time

     0     0   -8.03518    0   12   -0.56253   -8.03518  1328%     -    0s
H    0     0                      -1.6133019   -8.03518   398%     -    0s
H    0     0                      -2.0456414   -8.03518   293%     -    0s
H    0     0                      -4.0017221   -8.03518   101%     -    0s
     0     0   -4.00172    0   37   -4.00172   -4.00172  0.00%     -    0s

Cutting planes:
  Gomory: 2
  MIR: 25
  Zero half: 17
  RLT: 21
  BQP: 61

Explored 1 nodes (112 simplex iterations) in 0.01 seconds (0.00 work units)
Thread count was 8 (of 96 available processors)

Solution count 4: -4.00172 -2.04564 -1.6133 -0.562531 
No other solutions better than -4.00172

Optimal solution found (tolerance 1.00e-06)
Best objective -4.001722076725e+00, best bound -4.001722076725e+00, gap 0.0000%

User-callback calls 164, time in user-callback 0.00 sec
