
Gurobi 13.0.0 (linux64) logging started Sun Mar 22 16:50:46 2026

Set parameter LogFile to value "logs/N=12_presolve_off/N=12/seed=17/n_qaoa_layers=1/precond_pen=0.100.log"
Set parameter MIPGap to value 1e-06
Set parameter Threads to value 8
Set parameter Presolve to value 0
Gurobi Optimizer version 13.0.0 build v13.0.0rc1 (linux64 - "Oracle Linux Server 9.7")

CPU model: AMD EPYC 7643 48-Core Processor, instruction set [SSE2|AVX|AVX2]
Thread count: 48 physical cores, 96 logical processors, using up to 8 threads

Non-default parameters:
MIPGap  1e-06
Presolve  0
Threads  8

Optimize a model with 1 rows, 12 columns and 12 nonzeros (Min)
Model fingerprint: 0xf3d479e5
Model has 12 linear objective coefficients and an objective constant of -1.5787120681297010e+01
Model has 66 quadratic objective terms
Variable types: 0 continuous, 12 integer (12 binary)
Coefficient statistics:
  Matrix range     [1e+00, 1e+00]
  Objective range  [4e+00, 6e+00]
  QObjective range [2e-01, 4e+00]
  Bounds range     [1e+00, 1e+00]
  RHS range        [6e+00, 6e+00]
Found heuristic solution: objective 1.2179458
Variable types: 0 continuous, 78 integer (78 binary)

Root relaxation: objective -1.583467e+01, 10 iterations, 0.00 seconds (0.00 work units)

    Nodes    |    Current Node    |     Objective Bounds      |     Work
 Expl Unexpl |  Obj  Depth IntInf | Incumbent    BestBd   Gap | It/Node Time

     0     0  -15.83467    0   12    1.21795  -15.83467  1400%     -    0s
H    0     0                       0.5816006  -15.83467  2823%     -    0s
H    0     0                      -2.4634631  -15.83467   543%     -    0s
     0     0   -7.85345    0   13   -2.46346   -7.85345   219%     -    0s
     0     0   -7.74151    0   20   -2.46346   -7.74151   214%     -    0s
     0     0   -5.12966    0   28   -2.46346   -5.12966   108%     -    0s
     0     0   -5.07844    0   28   -2.46346   -5.07844   106%     -    0s
     0     2   -5.07844    0   28   -2.46346   -5.07844   106%     -    0s

Cutting planes:
  Gomory: 4
  MIR: 11
  StrongCG: 1
  RLT: 9
  BQP: 1

Explored 46 nodes (845 simplex iterations) in 0.03 seconds (0.02 work units)
Thread count was 8 (of 96 available processors)

Solution count 3: -2.46346 0.581601 1.21795 
No other solutions better than -2.46346

Optimal solution found (tolerance 1.00e-06)
Best objective -2.463463129241e+00, best bound -2.463463129241e+00, gap 0.0000%

User-callback calls 180, time in user-callback 0.00 sec
