
Gurobi 13.0.0 (linux64) logging started Sun May  3 11:01:49 2026

Set parameter LogFile to value "logs/N=16_layers=3_presolve_off/N=16/seed=1/quantum_layers=3/precond_pen=0.700.log"
Set parameter MIPGap to value 1e-06
Set parameter Threads to value 8
Set parameter Presolve to value 0
Gurobi Optimizer version 13.0.0 build v13.0.0rc1 (linux64 - "Oracle Linux Server 9.7")

CPU model: AMD EPYC 7643 48-Core Processor, instruction set [SSE2|AVX|AVX2]
Thread count: 48 physical cores, 96 logical processors, using up to 8 threads

Non-default parameters:
MIPGap  1e-06
Presolve  0
Threads  8

Optimize a model with 1 rows, 16 columns and 16 nonzeros (Min)
Model fingerprint: 0x3f73a732
Model has 16 linear objective coefficients and an objective constant of 6.3614431100900015e+00
Model has 120 quadratic objective terms
Variable types: 0 continuous, 16 integer (16 binary)
Coefficient statistics:
  Matrix range     [1e+00, 1e+00]
  Objective range  [1e+00, 2e+00]
  QObjective range [2e-02, 4e+00]
  Bounds range     [1e+00, 1e+00]
  RHS range        [8e+00, 8e+00]
Found heuristic solution: objective 1.8935932
Variable types: 0 continuous, 136 integer (136 binary)

Root relaxation: objective -1.989081e+01, 26 iterations, 0.00 seconds (0.00 work units)

    Nodes    |    Current Node    |     Objective Bounds      |     Work
 Expl Unexpl |  Obj  Depth IntInf | Incumbent    BestBd   Gap | It/Node Time

     0     0  -19.89081    0   16    1.89359  -19.89081  1150%     -    0s
H    0     0                      -4.3330350  -19.89081   359%     -    0s
H    0     0                      -4.3674273  -19.89081   355%     -    0s
H    0     0                     -10.5074568  -19.89081  89.3%     -    0s
     0     0  -11.49638    0   71  -10.50746  -11.49638  9.41%     -    0s

Cutting planes:
  Gomory: 7
  MIR: 51
  StrongCG: 5
  Flow cover: 7
  Zero half: 5
  RLT: 24
  BQP: 86

Explored 1 nodes (210 simplex iterations) in 0.02 seconds (0.01 work units)
Thread count was 8 (of 96 available processors)

Solution count 4: -10.5075 -4.36743 -4.33304 1.89359 
No other solutions better than -10.5075

Optimal solution found (tolerance 1.00e-06)
Best objective -1.050745682448e+01, best bound -1.050745682448e+01, gap 0.0000%

User-callback calls 76, time in user-callback 0.00 sec
