
Gurobi 13.0.0 (linux64) logging started Sun May  3 11:01:49 2026

Set parameter LogFile to value "logs/N=16_layers=3_presolve_off/N=16/seed=1/quantum_layers=3/precond_pen=0.300.log"
Set parameter MIPGap to value 1e-06
Set parameter Threads to value 8
Set parameter Presolve to value 0
Gurobi Optimizer version 13.0.0 build v13.0.0rc1 (linux64 - "Oracle Linux Server 9.7")

CPU model: AMD EPYC 7643 48-Core Processor, instruction set [SSE2|AVX|AVX2]
Thread count: 48 physical cores, 96 logical processors, using up to 8 threads

Non-default parameters:
MIPGap  1e-06
Presolve  0
Threads  8

Optimize a model with 1 rows, 16 columns and 16 nonzeros (Min)
Model fingerprint: 0x75760b15
Model has 16 linear objective coefficients and an objective constant of 4.992264606758
Model has 120 quadratic objective terms
Variable types: 0 continuous, 16 integer (16 binary)
Coefficient statistics:
  Matrix range     [1e+00, 1e+00]
  Objective range  [1e-02, 3e+00]
  QObjective range [3e-02, 6e+00]
  Bounds range     [1e+00, 1e+00]
  RHS range        [8e+00, 8e+00]
Found heuristic solution: objective 2.0489348
Variable types: 0 continuous, 136 integer (136 binary)

Root relaxation: objective -3.416509e+01, 10 iterations, 0.00 seconds (0.00 work units)

    Nodes    |    Current Node    |     Objective Bounds      |     Work
 Expl Unexpl |  Obj  Depth IntInf | Incumbent    BestBd   Gap | It/Node Time

     0     0  -34.16509    0   16    2.04893  -34.16509  1767%     -    0s
H    0     0                     -17.9874803  -34.16509  89.9%     -    0s
H    0     0                     -21.9569927  -34.16509  55.6%     -    0s
     0     0  -21.95699    0   53  -21.95699  -21.95699  0.00%     -    0s

Cutting planes:
  Gomory: 1
  MIR: 29
  Zero half: 37
  RLT: 32
  BQP: 118

Explored 1 nodes (117 simplex iterations) in 0.01 seconds (0.01 work units)
Thread count was 8 (of 96 available processors)

Solution count 3: -21.957 -17.9875 2.04893 
No other solutions better than -21.957

Optimal solution found (tolerance 1.00e-06)
Best objective -2.195699271639e+01, best bound -2.195699271639e+01, gap 0.0000%

User-callback calls 69, time in user-callback 0.00 sec
