
Gurobi 13.0.0 (linux64) logging started Sun Mar 22 16:50:46 2026

Set parameter LogFile to value "logs/N=12_presolve_off/N=12/seed=22/n_qaoa_layers=1/baseline.log"
Set parameter MIPGap to value 1e-06
Set parameter Threads to value 8
Set parameter Presolve to value 0
Gurobi Optimizer version 13.0.0 build v13.0.0rc1 (linux64 - "Oracle Linux Server 9.7")

CPU model: AMD EPYC 7643 48-Core Processor, instruction set [SSE2|AVX|AVX2]
Thread count: 48 physical cores, 96 logical processors, using up to 8 threads

Non-default parameters:
MIPGap  1e-06
Presolve  0
Threads  8

Optimize a model with 1 rows, 12 columns and 12 nonzeros (Min)
Model fingerprint: 0xd55e389b
Model has 12 linear objective coefficients and an objective constant of 2.0070611839173580e-12
Model has 66 quadratic objective terms
Variable types: 0 continuous, 12 integer (12 binary)
Coefficient statistics:
  Matrix range     [1e+00, 1e+00]
  Objective range  [9e+00, 2e+01]
  QObjective range [2e-01, 8e+00]
  Bounds range     [1e+00, 1e+00]
  RHS range        [6e+00, 6e+00]
Found heuristic solution: objective 41.8641561
Variable types: 0 continuous, 78 integer (78 binary)

Root relaxation: objective 2.010614e-12, 7 iterations, 0.00 seconds (0.00 work units)

    Nodes    |    Current Node    |     Objective Bounds      |     Work
 Expl Unexpl |  Obj  Depth IntInf | Incumbent    BestBd   Gap | It/Node Time

     0     0    0.00000    0   12   41.86416    0.00000   100%     -    0s
H    0     0                      37.2938817    0.00000   100%     -    0s
H    0     0                      32.4346593    0.00000   100%     -    0s
     0     0   18.93664    0   12   32.43466   18.93664  41.6%     -    0s
     0     0   19.94679    0   19   32.43466   19.94679  38.5%     -    0s
     0     0   20.04834    0   18   32.43466   20.04834  38.2%     -    0s
     0     0   22.49054    0   35   32.43466   22.49054  30.7%     -    0s
     0     0   22.96888    0   45   32.43466   22.96888  29.2%     -    0s
     0     0   25.47261    0   54   32.43466   25.47261  21.5%     -    0s
     0     0   25.52769    0   54   32.43466   25.52769  21.3%     -    0s
     0     2   25.52769    0   54   32.43466   25.52769  21.3%     -    0s
*   28    18               5      31.4631897   28.98019  7.89%  28.5    0s

Cutting planes:
  Gomory: 3
  Cover: 3
  MIR: 21
  StrongCG: 4
  RLT: 9

Explored 86 nodes (1791 simplex iterations) in 0.04 seconds (0.02 work units)
Thread count was 8 (of 96 available processors)

Solution count 4: 31.4632 32.4347 37.2939 41.8642 

Optimal solution found (tolerance 1.00e-06)
Best objective 3.146318969086e+01, best bound 3.146318969086e+01, gap 0.0000%

User-callback calls 282, time in user-callback 0.00 sec
