
Gurobi 13.0.0 (linux64) logging started Sun Mar 22 16:50:47 2026

Set parameter LogFile to value "logs/N=12_presolve_off/N=12/seed=22/n_qaoa_layers=1/precond_pen=0.200.log"
Set parameter MIPGap to value 1e-06
Set parameter Threads to value 8
Set parameter Presolve to value 0
Gurobi Optimizer version 13.0.0 build v13.0.0rc1 (linux64 - "Oracle Linux Server 9.7")

CPU model: AMD EPYC 7643 48-Core Processor, instruction set [SSE2|AVX|AVX2]
Thread count: 48 physical cores, 96 logical processors, using up to 8 threads

Non-default parameters:
MIPGap  1e-06
Presolve  0
Threads  8

Optimize a model with 1 rows, 12 columns and 12 nonzeros (Min)
Model fingerprint: 0xdb9eb19f
Model has 12 linear objective coefficients and an objective constant of -7.612382311772
Model has 66 quadratic objective terms
Variable types: 0 continuous, 12 integer (12 binary)
Coefficient statistics:
  Matrix range     [1e+00, 1e+00]
  Objective range  [2e-01, 5e+00]
  QObjective range [7e-03, 3e+00]
  Bounds range     [1e+00, 1e+00]
  RHS range        [6e+00, 6e+00]
Found heuristic solution: objective 2.8447637
Variable types: 0 continuous, 78 integer (78 binary)

Root relaxation: objective -1.207676e+01, 6 iterations, 0.00 seconds (0.00 work units)

    Nodes    |    Current Node    |     Objective Bounds      |     Work
 Expl Unexpl |  Obj  Depth IntInf | Incumbent    BestBd   Gap | It/Node Time

     0     0  -12.07676    0   12    2.84476  -12.07676   525%     -    0s
H    0     0                       0.4096462  -12.07676  3048%     -    0s
H    0     0                      -3.0416112  -12.07676   297%     -    0s
     0     0   -5.54452    0   34   -3.04161   -5.54452  82.3%     -    0s
H    0     0                      -3.3659952   -4.14043  23.0%     -    0s
H    0     0                      -3.8184373   -4.14043  8.43%     -    0s
     0     0   -3.81844    0   57   -3.81844   -3.81844  0.00%     -    0s

Cutting planes:
  Gomory: 3
  Cover: 2
  MIR: 18
  Zero half: 10
  RLT: 13
  BQP: 25

Explored 1 nodes (137 simplex iterations) in 0.01 seconds (0.01 work units)
Thread count was 8 (of 96 available processors)

Solution count 5: -3.81844 -3.366 -3.04161 ... 2.84476
No other solutions better than -3.81844

Optimal solution found (tolerance 1.00e-06)
Best objective -3.818437347596e+00, best bound -3.818437347596e+00, gap 0.0000%

User-callback calls 80, time in user-callback 0.00 sec
