
Gurobi 13.0.0 (linux64) logging started Tue Mar 31 15:06:56 2026

Set parameter LogFile to value "logs/N=12_layers=3_presolve_off/N=12/seed=17/n_qaoa_layers=3/precond_pen=0.300.log"
Set parameter MIPGap to value 1e-06
Set parameter Threads to value 8
Set parameter Presolve to value 0
Gurobi Optimizer version 13.0.0 build v13.0.0rc1 (linux64 - "Oracle Linux Server 9.7")

CPU model: AMD EPYC 7643 48-Core Processor, instruction set [SSE2|AVX|AVX2]
Thread count: 48 physical cores, 96 logical processors, using up to 8 threads

Non-default parameters:
MIPGap  1e-06
Presolve  0
Threads  8

Optimize a model with 1 rows, 12 columns and 12 nonzeros (Min)
Model fingerprint: 0xa513cd99
Model has 12 linear objective coefficients and an objective constant of 4.3946180969910014e+00
Model has 66 quadratic objective terms
Variable types: 0 continuous, 12 integer (12 binary)
Coefficient statistics:
  Matrix range     [1e+00, 1e+00]
  Objective range  [4e-01, 2e+00]
  QObjective range [9e-02, 6e+00]
  Bounds range     [1e+00, 1e+00]
  RHS range        [6e+00, 6e+00]
Found heuristic solution: objective -1.2221373
Variable types: 0 continuous, 78 integer (78 binary)

Root relaxation: objective -1.973003e+01, 8 iterations, 0.00 seconds (0.00 work units)

    Nodes    |    Current Node    |     Objective Bounds      |     Work
 Expl Unexpl |  Obj  Depth IntInf | Incumbent    BestBd   Gap | It/Node Time

     0     0  -19.73003    0   12   -1.22214  -19.73003  1514%     -    0s
H    0     0                      -5.0670239  -19.73003   289%     -    0s
H    0     0                     -17.2257677  -19.73003  14.5%     -    0s

Cutting planes:
  Gomory: 1
  MIR: 19
  Zero half: 8
  RLT: 5
  BQP: 29

Explored 1 nodes (8 simplex iterations) in 0.00 seconds (0.00 work units)
Thread count was 8 (of 96 available processors)

Solution count 3: -17.2258 -5.06702 -1.22214 
No other solutions better than -17.2258

Optimal solution found (tolerance 1.00e-06)
Best objective -1.722576767275e+01, best bound -1.722576767275e+01, gap 0.0000%

User-callback calls 62, time in user-callback 0.00 sec

Gurobi 13.0.0 (linux64) logging started Tue Mar 31 15:10:55 2026

Set parameter LogFile to value "logs/N=12_layers=3_presolve_off/N=12/seed=17/n_qaoa_layers=3/precond_pen=0.300.log"
Set parameter MIPGap to value 1e-06
Set parameter Threads to value 8
Set parameter Presolve to value 0
Gurobi Optimizer version 13.0.0 build v13.0.0rc1 (linux64 - "Oracle Linux Server 9.7")

CPU model: AMD EPYC 7643 48-Core Processor, instruction set [SSE2|AVX|AVX2]
Thread count: 48 physical cores, 96 logical processors, using up to 8 threads

Non-default parameters:
MIPGap  1e-06
Presolve  0
Threads  8

Optimize a model with 1 rows, 12 columns and 12 nonzeros (Min)
Model fingerprint: 0xa513cd99
Model has 12 linear objective coefficients and an objective constant of 4.3946180969910014e+00
Model has 66 quadratic objective terms
Variable types: 0 continuous, 12 integer (12 binary)
Coefficient statistics:
  Matrix range     [1e+00, 1e+00]
  Objective range  [4e-01, 2e+00]
  QObjective range [9e-02, 6e+00]
  Bounds range     [1e+00, 1e+00]
  RHS range        [6e+00, 6e+00]
Found heuristic solution: objective -1.2221373
Variable types: 0 continuous, 78 integer (78 binary)

Root relaxation: objective -1.973003e+01, 8 iterations, 0.00 seconds (0.00 work units)

    Nodes    |    Current Node    |     Objective Bounds      |     Work
 Expl Unexpl |  Obj  Depth IntInf | Incumbent    BestBd   Gap | It/Node Time

     0     0  -19.73003    0   12   -1.22214  -19.73003  1514%     -    0s
H    0     0                      -5.0670239  -19.73003   289%     -    0s
H    0     0                     -17.2257677  -19.73003  14.5%     -    0s

Cutting planes:
  Gomory: 1
  MIR: 19
  Zero half: 8
  RLT: 5
  BQP: 29

Explored 1 nodes (8 simplex iterations) in 0.01 seconds (0.00 work units)
Thread count was 8 (of 96 available processors)

Solution count 3: -17.2258 -5.06702 -1.22214 
No other solutions better than -17.2258

Optimal solution found (tolerance 1.00e-06)
Best objective -1.722576767275e+01, best bound -1.722576767275e+01, gap 0.0000%

User-callback calls 62, time in user-callback 0.00 sec
