
Gurobi 13.0.0 (linux64) logging started Sun May  3 11:06:42 2026

Set parameter LogFile to value "logs/N=12_layers=2_presolve_off/N=12/seed=42/quantum_layers=2/precond_pen=0.400.log"
Set parameter MIPGap to value 1e-06
Set parameter Threads to value 8
Set parameter Presolve to value 0
Gurobi Optimizer version 13.0.0 build v13.0.0rc1 (linux64 - "Oracle Linux Server 9.7")

CPU model: AMD EPYC 7643 48-Core Processor, instruction set [SSE2|AVX|AVX2]
Thread count: 48 physical cores, 96 logical processors, using up to 8 threads

Non-default parameters:
MIPGap  1e-06
Presolve  0
Threads  8

Optimize a model with 1 rows, 12 columns and 12 nonzeros (Min)
Model fingerprint: 0x33577bc3
Model has 12 linear objective coefficients and an objective constant of 3.9087045292859997e+00
Model has 66 quadratic objective terms
Variable types: 0 continuous, 12 integer (12 binary)
Coefficient statistics:
  Matrix range     [1e+00, 1e+00]
  Objective range  [3e-02, 3e+00]
  QObjective range [1e-02, 5e+00]
  Bounds range     [1e+00, 1e+00]
  RHS range        [6e+00, 6e+00]
Found heuristic solution: objective -4.9632131
Variable types: 0 continuous, 78 integer (78 binary)

Root relaxation: objective -1.181982e+01, 10 iterations, 0.00 seconds (0.00 work units)

    Nodes    |    Current Node    |     Objective Bounds      |     Work
 Expl Unexpl |  Obj  Depth IntInf | Incumbent    BestBd   Gap | It/Node Time

     0     0  -11.81982    0   12   -4.96321  -11.81982   138%     -    0s
H    0     0                      -5.8304608  -11.81982   103%     -    0s
H    0     0                      -6.7577676  -11.81982  74.9%     -    0s
     0     0   -6.75777    0   44   -6.75777   -6.75777  0.00%     -    0s

Cutting planes:
  MIR: 20
  Zero half: 15
  RLT: 19
  BQP: 54

Explored 1 nodes (84 simplex iterations) in 0.01 seconds (0.00 work units)
Thread count was 8 (of 96 available processors)

Solution count 3: -6.75777 -5.83046 -4.96321 
No other solutions better than -6.75777

Optimal solution found (tolerance 1.00e-06)
Best objective -6.757767604658e+00, best bound -6.757767604658e+00, gap 0.0000%

User-callback calls 65, time in user-callback 0.00 sec
