
Gurobi 13.0.0 (linux64) logging started Tue Mar 31 15:12:32 2026

Set parameter LogFile to value "logs/N=16_layers=2_presolve_on/N=16/seed=9/n_qaoa_layers=2/precond_pen=0.200.log"
Set parameter MIPGap to value 1e-06
Set parameter Threads to value 8
Gurobi Optimizer version 13.0.0 build v13.0.0rc1 (linux64 - "Oracle Linux Server 9.7")

CPU model: AMD EPYC 7643 48-Core Processor, instruction set [SSE2|AVX|AVX2]
Thread count: 48 physical cores, 96 logical processors, using up to 8 threads

Non-default parameters:
MIPGap  1e-06
Threads  8

Optimize a model with 1 rows, 16 columns and 16 nonzeros (Min)
Model fingerprint: 0xca0b796c
Model has 16 linear objective coefficients and an objective constant of -3.1432329314328005e+01
Model has 120 quadratic objective terms
Variable types: 0 continuous, 16 integer (16 binary)
Coefficient statistics:
  Matrix range     [1e+00, 1e+00]
  Objective range  [1e+00, 1e+01]
  QObjective range [7e-02, 5e+00]
  Bounds range     [1e+00, 1e+00]
  RHS range        [8e+00, 8e+00]
Found heuristic solution: objective 0.1677682
Presolve time: 0.00s
Presolved: 121 rows, 136 columns, 376 nonzeros
Variable types: 0 continuous, 136 integer (136 binary)

Root relaxation: objective -3.558857e+01, 8 iterations, 0.00 seconds (0.00 work units)

    Nodes    |    Current Node    |     Objective Bounds      |     Work
 Expl Unexpl |  Obj  Depth IntInf | Incumbent    BestBd   Gap | It/Node Time

     0     0  -35.58857    0   16    0.16777  -35.58857      -     -    0s
H    0     0                      -0.9703158  -35.58857  3568%     -    0s
H    0     0                      -0.9988337  -35.58857  3463%     -    0s
H    0     0                      -7.2038623  -35.58857   394%     -    0s
     0     0  -15.28722    0   50   -7.20386  -15.28722   112%     -    0s
     0     0  -11.30465    0   73   -7.20386  -11.30465  56.9%     -    0s
     0     0  -11.20520    0   73   -7.20386  -11.20520  55.5%     -    0s
     0     2  -10.98267    0   73   -7.20386  -10.98267  52.5%     -    0s

Cutting planes:
  Gomory: 2
  Cover: 1
  Dual implied bound: 24
  MIR: 11
  Zero half: 1
  RLT: 24
  BQP: 11

Explored 22 nodes (997 simplex iterations) in 0.05 seconds (0.04 work units)
Thread count was 8 (of 96 available processors)

Solution count 4: -7.20386 -0.998834 -0.970316 0.167768 
No other solutions better than -7.20386

Optimal solution found (tolerance 1.00e-06)
Best objective -7.203862290638e+00, best bound -7.203862290638e+00, gap 0.0000%

User-callback calls 239, time in user-callback 0.00 sec
