
Gurobi 13.0.0 (linux64) logging started Sun May  3 10:58:40 2026

Set parameter LogFile to value "logs/N=16_layers=2_presolve_off/N=16/seed=2/quantum_layers=2/baseline.log"
Set parameter MIPGap to value 1e-06
Set parameter Threads to value 8
Set parameter Presolve to value 0
Gurobi Optimizer version 13.0.0 build v13.0.0rc1 (linux64 - "Oracle Linux Server 9.7")

CPU model: AMD EPYC 7643 48-Core Processor, instruction set [SSE2|AVX|AVX2]
Thread count: 48 physical cores, 96 logical processors, using up to 8 threads

Non-default parameters:
MIPGap  1e-06
Presolve  0
Threads  8

Optimize a model with 1 rows, 16 columns and 16 nonzeros (Min)
Model fingerprint: 0x07c5a337
Model has 16 linear objective coefficients and an objective constant of -2.0161650127192843e-12
Model has 120 quadratic objective terms
Variable types: 0 continuous, 16 integer (16 binary)
Coefficient statistics:
  Matrix range     [1e+00, 1e+00]
  Objective range  [1e+01, 2e+01]
  QObjective range [5e-02, 8e+00]
  Bounds range     [1e+00, 1e+00]
  RHS range        [8e+00, 8e+00]
Found heuristic solution: objective 62.5654530
Variable types: 0 continuous, 136 integer (136 binary)

Root relaxation: objective -2.012612e-12, 14 iterations, 0.00 seconds (0.00 work units)

    Nodes    |    Current Node    |     Objective Bounds      |     Work
 Expl Unexpl |  Obj  Depth IntInf | Incumbent    BestBd   Gap | It/Node Time

     0     0   -0.00000    0   16   62.56545   -0.00000   100%     -    0s
H    0     0                      62.2557730   -0.00000   100%     -    0s
H    0     0                      50.3108336   -0.00000   100%     -    0s
     0     0   27.92305    0   21   50.31083   27.92305  44.5%     -    0s
     0     0   28.67420    0   23   50.31083   28.67420  43.0%     -    0s
     0     0   28.95872    0   23   50.31083   28.95872  42.4%     -    0s
     0     0   33.98227    0   31   50.31083   33.98227  32.5%     -    0s
     0     0   33.98227    0   31   50.31083   33.98227  32.5%     -    0s
     0     2   33.98227    0   31   50.31083   33.98227  32.5%     -    0s

Cutting planes:
  Cover: 3
  MIR: 20
  RLT: 11

Explored 229 nodes (6567 simplex iterations) in 0.07 seconds (0.06 work units)
Thread count was 8 (of 96 available processors)

Solution count 3: 50.3108 62.2558 62.5655 

Optimal solution found (tolerance 1.00e-06)
Best objective 5.031083355954e+01, best bound 5.031083355954e+01, gap 0.0000%

User-callback calls 562, time in user-callback 0.00 sec
