
Gurobi 13.0.0 (linux64) logging started Sun Mar 22 16:50:46 2026

Set parameter LogFile to value "logs/N=12_presolve_off/N=12/seed=19/n_qaoa_layers=1/precond_pen=0.600.log"
Set parameter MIPGap to value 1e-06
Set parameter Threads to value 8
Set parameter Presolve to value 0
Gurobi Optimizer version 13.0.0 build v13.0.0rc1 (linux64 - "Oracle Linux Server 9.7")

CPU model: AMD EPYC 7643 48-Core Processor, instruction set [SSE2|AVX|AVX2]
Thread count: 48 physical cores, 96 logical processors, using up to 8 threads

Non-default parameters:
MIPGap  1e-06
Presolve  0
Threads  8

Optimize a model with 1 rows, 12 columns and 12 nonzeros (Min)
Model fingerprint: 0x5ba66ab8
Model has 12 linear objective coefficients and an objective constant of 4.8333410568450006e+00
Model has 66 quadratic objective terms
Variable types: 0 continuous, 12 integer (12 binary)
Coefficient statistics:
  Matrix range     [1e+00, 1e+00]
  Objective range  [1e+00, 2e+00]
  QObjective range [6e-03, 1e+00]
  Bounds range     [1e+00, 1e+00]
  RHS range        [6e+00, 6e+00]
Found heuristic solution: objective 0.2365546
Variable types: 0 continuous, 78 integer (78 binary)

Root relaxation: objective -4.961229e+00, 15 iterations, 0.00 seconds (0.00 work units)

    Nodes    |    Current Node    |     Objective Bounds      |     Work
 Expl Unexpl |  Obj  Depth IntInf | Incumbent    BestBd   Gap | It/Node Time

     0     0   -4.96123    0   12    0.23655   -4.96123  2197%     -    0s
H    0     0                      -0.3747088   -4.96123  1224%     -    0s
H    0     0                      -0.7672798   -4.96123   547%     -    0s
H    0     0                      -1.5017188   -4.96123   230%     -    0s
H    0     0                      -1.5136813   -1.80911  19.5%     -    0s
     0     0   -1.80911    0   38   -1.51368   -1.80911  19.5%     -    0s
H    0     0                      -1.8003743   -1.80911  0.49%     -    0s

Cutting planes:
  Gomory: 6
  MIR: 98
  Zero half: 9
  RLT: 16
  BQP: 81

Explored 1 nodes (129 simplex iterations) in 0.02 seconds (0.01 work units)
Thread count was 8 (of 96 available processors)

Solution count 6: -1.80037 -1.51368 -1.50172 ... 0.236555
No other solutions better than -1.80037

Optimal solution found (tolerance 1.00e-06)
Best objective -1.800374281803e+00, best bound -1.800374281803e+00, gap 0.0000%

User-callback calls 77, time in user-callback 0.00 sec
