
Gurobi 13.0.0 (linux64) logging started Sun Mar 22 16:50:46 2026

Set parameter LogFile to value "logs/N=12_presolve_off/N=12/seed=19/n_qaoa_layers=1/precond_pen=0.300.log"
Set parameter MIPGap to value 1e-06
Set parameter Threads to value 8
Set parameter Presolve to value 0
Gurobi Optimizer version 13.0.0 build v13.0.0rc1 (linux64 - "Oracle Linux Server 9.7")

CPU model: AMD EPYC 7643 48-Core Processor, instruction set [SSE2|AVX|AVX2]
Thread count: 48 physical cores, 96 logical processors, using up to 8 threads

Non-default parameters:
MIPGap  1e-06
Presolve  0
Threads  8

Optimize a model with 1 rows, 12 columns and 12 nonzeros (Min)
Model fingerprint: 0x64fbcf74
Model has 12 linear objective coefficients and an objective constant of 3.342390611922
Model has 66 quadratic objective terms
Variable types: 0 continuous, 12 integer (12 binary)
Coefficient statistics:
  Matrix range     [1e+00, 1e+00]
  Objective range  [3e-01, 2e+00]
  QObjective range [5e-03, 3e+00]
  Bounds range     [1e+00, 1e+00]
  RHS range        [6e+00, 6e+00]
Found heuristic solution: objective 2.0308219
Variable types: 0 continuous, 78 integer (78 binary)

Root relaxation: objective -1.085190e+01, 12 iterations, 0.00 seconds (0.00 work units)

    Nodes    |    Current Node    |     Objective Bounds      |     Work
 Expl Unexpl |  Obj  Depth IntInf | Incumbent    BestBd   Gap | It/Node Time

     0     0  -10.85190    0   12    2.03082  -10.85190   634%     -    0s
H    0     0                      -4.7733566  -10.85190   127%     -    0s
H    0     0                      -5.7962145  -10.85190  87.2%     -    0s
     0     0   -5.79621    0   32   -5.79621   -5.79621  0.00%     -    0s

Cutting planes:
  MIR: 23
  Zero half: 9
  RLT: 15
  BQP: 52

Explored 1 nodes (79 simplex iterations) in 0.01 seconds (0.00 work units)
Thread count was 8 (of 96 available processors)

Solution count 3: -5.79621 -4.77336 2.03082 
No other solutions better than -5.79621

Optimal solution found (tolerance 1.00e-06)
Best objective -5.796214460272e+00, best bound -5.796214460272e+00, gap 0.0000%

User-callback calls 66, time in user-callback 0.00 sec
