
Gurobi 13.0.0 (linux64) logging started Sun May  3 11:04:20 2026

Set parameter LogFile to value "logs/N=12_layers=1_presolve_on/N=12/seed=23/quantum_layers=1/precond_pen=0.600.log"
Set parameter MIPGap to value 1e-06
Set parameter Threads to value 8
Gurobi Optimizer version 13.0.0 build v13.0.0rc1 (linux64 - "Oracle Linux Server 9.7")

CPU model: AMD EPYC 7643 48-Core Processor, instruction set [SSE2|AVX|AVX2]
Thread count: 48 physical cores, 96 logical processors, using up to 8 threads

Non-default parameters:
MIPGap  1e-06
Threads  8

Optimize a model with 1 rows, 12 columns and 12 nonzeros (Min)
Model fingerprint: 0xfa3c7f48
Model has 12 linear objective coefficients and an objective constant of 4.829391270691
Model has 66 quadratic objective terms
Variable types: 0 continuous, 12 integer (12 binary)
Coefficient statistics:
  Matrix range     [1e+00, 1e+00]
  Objective range  [1e+00, 2e+00]
  QObjective range [3e-02, 1e+00]
  Bounds range     [1e+00, 1e+00]
  RHS range        [6e+00, 6e+00]
Found heuristic solution: objective -0.4941094
Presolve time: 0.00s
Presolved: 67 rows, 78 columns, 210 nonzeros
Variable types: 0 continuous, 78 integer (78 binary)

Root relaxation: objective -4.948416e+00, 29 iterations, 0.00 seconds (0.00 work units)

    Nodes    |    Current Node    |     Objective Bounds      |     Work
 Expl Unexpl |  Obj  Depth IntInf | Incumbent    BestBd   Gap | It/Node Time

     0     0   -4.94842    0   12   -0.49411   -4.94842   901%     -    0s
H    0     0                      -1.2641592   -4.94842   291%     -    0s
H    0     0                      -1.9316511   -4.94842   156%     -    0s
H    0     0                      -2.2153367   -4.94842   123%     -    0s
     0     0   -2.21534    0   40   -2.21534   -2.21534  0.00%     -    0s

Cutting planes:
  Gomory: 1
  MIR: 36
  Zero half: 16
  RLT: 24
  BQP: 109

Explored 1 nodes (113 simplex iterations) in 0.01 seconds (0.00 work units)
Thread count was 8 (of 96 available processors)

Solution count 4: -2.21534 -1.93165 -1.26416 -0.494109 
No other solutions better than -2.21534

Optimal solution found (tolerance 1.00e-06)
Best objective -2.215336662791e+00, best bound -2.215336662791e+00, gap 0.0000%

User-callback calls 164, time in user-callback 0.00 sec
