
Gurobi 13.0.0 (linux64) logging started Tue Mar 31 15:06:50 2026

Set parameter LogFile to value "logs/N=12_layers=3_presolve_on/N=12/seed=12/n_qaoa_layers=3/precond_pen=0.300.log"
Set parameter MIPGap to value 1e-06
Set parameter Threads to value 8
Gurobi Optimizer version 13.0.0 build v13.0.0rc1 (linux64 - "Oracle Linux Server 9.7")

CPU model: AMD EPYC 7643 48-Core Processor, instruction set [SSE2|AVX|AVX2]
Thread count: 48 physical cores, 96 logical processors, using up to 8 threads

Non-default parameters:
MIPGap  1e-06
Threads  8

Optimize a model with 1 rows, 12 columns and 12 nonzeros (Min)
Model fingerprint: 0x5cced657
Model has 12 linear objective coefficients and an objective constant of 3.290881469762
Model has 66 quadratic objective terms
Variable types: 0 continuous, 12 integer (12 binary)
Coefficient statistics:
  Matrix range     [1e+00, 1e+00]
  Objective range  [1e-01, 3e+00]
  QObjective range [3e-01, 7e+00]
  Bounds range     [1e+00, 1e+00]
  RHS range        [6e+00, 6e+00]
Found heuristic solution: objective 1.0346773
Presolve time: 0.00s
Presolved: 67 rows, 78 columns, 210 nonzeros
Variable types: 0 continuous, 78 integer (78 binary)

Root relaxation: objective -2.456544e+01, 7 iterations, 0.00 seconds (0.00 work units)

    Nodes    |    Current Node    |     Objective Bounds      |     Work
 Expl Unexpl |  Obj  Depth IntInf | Incumbent    BestBd   Gap | It/Node Time

     0     0  -24.56544    0   12    1.03468  -24.56544  2474%     -    0s
H    0     0                     -14.7169556  -24.56544  66.9%     -    0s
H    0     0                     -22.5024201  -24.56544  9.17%     -    0s

Cutting planes:
  Gomory: 1
  MIR: 4
  Zero half: 2
  RLT: 10
  BQP: 27

Explored 1 nodes (7 simplex iterations) in 0.01 seconds (0.00 work units)
Thread count was 8 (of 96 available processors)

Solution count 3: -22.5024 -14.717 1.03468 
No other solutions better than -22.5024

Optimal solution found (tolerance 1.00e-06)
Best objective -2.250242009566e+01, best bound -2.250242009566e+01, gap 0.0000%

User-callback calls 156, time in user-callback 0.00 sec

Gurobi 13.0.0 (linux64) logging started Tue Mar 31 15:10:49 2026

Set parameter LogFile to value "logs/N=12_layers=3_presolve_on/N=12/seed=12/n_qaoa_layers=3/precond_pen=0.300.log"
Set parameter MIPGap to value 1e-06
Set parameter Threads to value 8
Gurobi Optimizer version 13.0.0 build v13.0.0rc1 (linux64 - "Oracle Linux Server 9.7")

CPU model: AMD EPYC 7643 48-Core Processor, instruction set [SSE2|AVX|AVX2]
Thread count: 48 physical cores, 96 logical processors, using up to 8 threads

Non-default parameters:
MIPGap  1e-06
Threads  8

Optimize a model with 1 rows, 12 columns and 12 nonzeros (Min)
Model fingerprint: 0x5cced657
Model has 12 linear objective coefficients and an objective constant of 3.290881469762
Model has 66 quadratic objective terms
Variable types: 0 continuous, 12 integer (12 binary)
Coefficient statistics:
  Matrix range     [1e+00, 1e+00]
  Objective range  [1e-01, 3e+00]
  QObjective range [3e-01, 7e+00]
  Bounds range     [1e+00, 1e+00]
  RHS range        [6e+00, 6e+00]
Found heuristic solution: objective 1.0346773
Presolve time: 0.00s
Presolved: 67 rows, 78 columns, 210 nonzeros
Variable types: 0 continuous, 78 integer (78 binary)

Root relaxation: objective -2.456544e+01, 7 iterations, 0.00 seconds (0.00 work units)

    Nodes    |    Current Node    |     Objective Bounds      |     Work
 Expl Unexpl |  Obj  Depth IntInf | Incumbent    BestBd   Gap | It/Node Time

     0     0  -24.56544    0   12    1.03468  -24.56544  2474%     -    0s
H    0     0                     -14.7169556  -24.56544  66.9%     -    0s
H    0     0                     -22.5024201  -24.56544  9.17%     -    0s

Cutting planes:
  Gomory: 1
  MIR: 4
  Zero half: 2
  RLT: 10
  BQP: 27

Explored 1 nodes (7 simplex iterations) in 0.01 seconds (0.00 work units)
Thread count was 8 (of 96 available processors)

Solution count 3: -22.5024 -14.717 1.03468 
No other solutions better than -22.5024

Optimal solution found (tolerance 1.00e-06)
Best objective -2.250242009566e+01, best bound -2.250242009566e+01, gap 0.0000%

User-callback calls 157, time in user-callback 0.00 sec
