
Gurobi 13.0.0 (linux64) logging started Tue Mar 31 15:05:14 2026

Set parameter LogFile to value "logs/N=12_layers=2_presolve_on/N=12/seed=27/n_qaoa_layers=2/precond_pen=0.400.log"
Set parameter MIPGap to value 1e-06
Set parameter Threads to value 8
Gurobi Optimizer version 13.0.0 build v13.0.0rc1 (linux64 - "Oracle Linux Server 9.7")

CPU model: AMD EPYC 7643 48-Core Processor, instruction set [SSE2|AVX|AVX2]
Thread count: 48 physical cores, 96 logical processors, using up to 8 threads

Non-default parameters:
MIPGap  1e-06
Threads  8

Optimize a model with 1 rows, 12 columns and 12 nonzeros (Min)
Model fingerprint: 0x73edd1ae
Model has 12 linear objective coefficients and an objective constant of 3.9896665341979993e+00
Model has 66 quadratic objective terms
Variable types: 0 continuous, 12 integer (12 binary)
Coefficient statistics:
  Matrix range     [1e+00, 1e+00]
  Objective range  [5e-01, 3e+00]
  QObjective range [2e-02, 3e+00]
  Bounds range     [1e+00, 1e+00]
  RHS range        [6e+00, 6e+00]
Found heuristic solution: objective 0.3561729
Presolve time: 0.00s
Presolved: 67 rows, 78 columns, 210 nonzeros
Variable types: 0 continuous, 78 integer (78 binary)

Root relaxation: objective -1.224660e+01, 12 iterations, 0.00 seconds (0.00 work units)

    Nodes    |    Current Node    |     Objective Bounds      |     Work
 Expl Unexpl |  Obj  Depth IntInf | Incumbent    BestBd   Gap | It/Node Time

     0     0  -12.24660    0   12    0.35617  -12.24660  3538%     -    0s
H    0     0                      -2.0879054  -12.24660   487%     -    0s
H    0     0                      -2.7118577  -12.24660   352%     -    0s
H    0     0                      -5.7083045  -12.24660   115%     -    0s
H    0     0                      -5.7265483   -7.66504  33.9%     -    0s
     0     0   -5.88420    0   38   -5.72655   -5.88420  2.75%     -    0s

Cutting planes:
  Gomory: 8
  MIR: 50
  Flow cover: 5
  Zero half: 10
  RLT: 10
  BQP: 40

Explored 1 nodes (98 simplex iterations) in 0.01 seconds (0.01 work units)
Thread count was 8 (of 96 available processors)

Solution count 5: -5.72655 -5.7083 -2.71186 ... 0.356173
No other solutions better than -5.72655

Optimal solution found (tolerance 1.00e-06)
Best objective -5.726548284162e+00, best bound -5.726548284162e+00, gap 0.0000%

User-callback calls 169, time in user-callback 0.00 sec
