
Gurobi 13.0.0 (linux64) logging started Sun May  3 11:09:00 2026

Set parameter LogFile to value "logs/N=12_layers=3_presolve_off/N=12/seed=45/quantum_layers=3/precond_pen=0.300.log"
Set parameter MIPGap to value 1e-06
Set parameter Threads to value 8
Set parameter Presolve to value 0
Gurobi Optimizer version 13.0.0 build v13.0.0rc1 (linux64 - "Oracle Linux Server 9.7")

CPU model: AMD EPYC 7643 48-Core Processor, instruction set [SSE2|AVX|AVX2]
Thread count: 48 physical cores, 96 logical processors, using up to 8 threads

Non-default parameters:
MIPGap  1e-06
Presolve  0
Threads  8

Optimize a model with 1 rows, 12 columns and 12 nonzeros (Min)
Model fingerprint: 0xe211dd4a
Model has 12 linear objective coefficients and an objective constant of 5.9792726126000040e-01
Model has 66 quadratic objective terms
Variable types: 0 continuous, 12 integer (12 binary)
Coefficient statistics:
  Matrix range     [1e+00, 1e+00]
  Objective range  [7e-01, 6e+00]
  QObjective range [2e-02, 6e+00]
  Bounds range     [1e+00, 1e+00]
  RHS range        [6e+00, 6e+00]
Found heuristic solution: objective -0.3224140
Variable types: 0 continuous, 78 integer (78 binary)

Root relaxation: objective -1.852894e+01, 9 iterations, 0.00 seconds (0.00 work units)

    Nodes    |    Current Node    |     Objective Bounds      |     Work
 Expl Unexpl |  Obj  Depth IntInf | Incumbent    BestBd   Gap | It/Node Time

     0     0  -18.52894    0   12   -0.32241  -18.52894  5647%     -    0s
H    0     0                      -7.6465240  -18.52894   142%     -    0s
H    0     0                     -12.0823527  -18.52894  53.4%     -    0s

Cutting planes:
  Gomory: 1
  MIR: 19
  Zero half: 12
  RLT: 22
  BQP: 50

Explored 1 nodes (9 simplex iterations) in 0.01 seconds (0.00 work units)
Thread count was 8 (of 96 available processors)

Solution count 3: -12.0824 -7.64652 -0.322414 
No other solutions better than -12.0824

Optimal solution found (tolerance 1.00e-06)
Best objective -1.208235266024e+01, best bound -1.208235266024e+01, gap 0.0000%

User-callback calls 62, time in user-callback 0.00 sec
