
Gurobi 13.0.0 (linux64) logging started Sun May  3 11:06:41 2026

Set parameter LogFile to value "logs/N=12_layers=2_presolve_off/N=12/seed=29/quantum_layers=2/precond_pen=0.600.log"
Set parameter MIPGap to value 1e-06
Set parameter Threads to value 8
Set parameter Presolve to value 0
Gurobi Optimizer version 13.0.0 build v13.0.0rc1 (linux64 - "Oracle Linux Server 9.7")

CPU model: AMD EPYC 7643 48-Core Processor, instruction set [SSE2|AVX|AVX2]
Thread count: 48 physical cores, 96 logical processors, using up to 8 threads

Non-default parameters:
MIPGap  1e-06
Presolve  0
Threads  8

Optimize a model with 1 rows, 12 columns and 12 nonzeros (Min)
Model fingerprint: 0x8191fa6d
Model has 12 linear objective coefficients and an objective constant of 4.432971427301
Model has 66 quadratic objective terms
Variable types: 0 continuous, 12 integer (12 binary)
Coefficient statistics:
  Matrix range     [1e+00, 1e+00]
  Objective range  [1e+00, 2e+00]
  QObjective range [9e-02, 3e+00]
  Bounds range     [1e+00, 1e+00]
  RHS range        [6e+00, 6e+00]
Found heuristic solution: objective 0.6870572
Variable types: 0 continuous, 78 integer (78 binary)

Root relaxation: objective -9.527665e+00, 17 iterations, 0.00 seconds (0.00 work units)

    Nodes    |    Current Node    |     Objective Bounds      |     Work
 Expl Unexpl |  Obj  Depth IntInf | Incumbent    BestBd   Gap | It/Node Time

     0     0   -9.52767    0   12    0.68706   -9.52767  1487%     -    0s
H    0     0                      -0.8919073   -9.52767   968%     -    0s
H    0     0                      -2.0340605   -9.52767   368%     -    0s
H    0     0                      -6.4827248   -9.52767  47.0%     -    0s

Cutting planes:
  MIR: 18
  Zero half: 19
  RLT: 16
  BQP: 52

Explored 1 nodes (17 simplex iterations) in 0.01 seconds (0.00 work units)
Thread count was 8 (of 96 available processors)

Solution count 4: -6.48272 -2.03406 -0.891907 0.687057 
No other solutions better than -6.48272

Optimal solution found (tolerance 1.00e-06)
Best objective -6.482724827801e+00, best bound -6.482724827801e+00, gap 0.0000%

User-callback calls 63, time in user-callback 0.00 sec
