
Gurobi 13.0.0 (linux64) logging started Sun May  3 11:06:41 2026

Set parameter LogFile to value "logs/N=12_layers=2_presolve_off/N=12/seed=29/quantum_layers=2/precond_pen=0.400.log"
Set parameter MIPGap to value 1e-06
Set parameter Threads to value 8
Set parameter Presolve to value 0
Gurobi Optimizer version 13.0.0 build v13.0.0rc1 (linux64 - "Oracle Linux Server 9.7")

CPU model: AMD EPYC 7643 48-Core Processor, instruction set [SSE2|AVX|AVX2]
Thread count: 48 physical cores, 96 logical processors, using up to 8 threads

Non-default parameters:
MIPGap  1e-06
Presolve  0
Threads  8

Optimize a model with 1 rows, 12 columns and 12 nonzeros (Min)
Model fingerprint: 0xab81c4e3
Model has 12 linear objective coefficients and an objective constant of 4.100949874558
Model has 66 quadratic objective terms
Variable types: 0 continuous, 12 integer (12 binary)
Coefficient statistics:
  Matrix range     [1e+00, 1e+00]
  Objective range  [9e-01, 2e+00]
  QObjective range [2e-01, 4e+00]
  Bounds range     [1e+00, 1e+00]
  RHS range        [6e+00, 6e+00]
Found heuristic solution: objective 1.6540176
Variable types: 0 continuous, 78 integer (78 binary)

Root relaxation: objective -1.364332e+01, 15 iterations, 0.00 seconds (0.00 work units)

    Nodes    |    Current Node    |     Objective Bounds      |     Work
 Expl Unexpl |  Obj  Depth IntInf | Incumbent    BestBd   Gap | It/Node Time

     0     0  -13.64332    0   12    1.65402  -13.64332   925%     -    0s
H    0     0                      -3.2646060  -13.64332   318%     -    0s
H    0     0                     -10.7353700  -13.64332  27.1%     -    0s

Cutting planes:
  Gomory: 1
  MIR: 16
  Zero half: 13
  RLT: 15
  BQP: 52

Explored 1 nodes (15 simplex iterations) in 0.01 seconds (0.00 work units)
Thread count was 8 (of 96 available processors)

Solution count 3: -10.7354 -3.26461 1.65402 
No other solutions better than -10.7354

Optimal solution found (tolerance 1.00e-06)
Best objective -1.073536998988e+01, best bound -1.073536998988e+01, gap 0.0000%

User-callback calls 62, time in user-callback 0.00 sec
