
Gurobi 13.0.0 (linux64) logging started Sun May  3 11:06:40 2026

Set parameter LogFile to value "logs/N=12_layers=2_presolve_off/N=12/seed=25/quantum_layers=2/precond_pen=0.700.log"
Set parameter MIPGap to value 1e-06
Set parameter Threads to value 8
Set parameter Presolve to value 0
Gurobi Optimizer version 13.0.0 build v13.0.0rc1 (linux64 - "Oracle Linux Server 9.7")

CPU model: AMD EPYC 7643 48-Core Processor, instruction set [SSE2|AVX|AVX2]
Thread count: 48 physical cores, 96 logical processors, using up to 8 threads

Non-default parameters:
MIPGap  1e-06
Presolve  0
Threads  8

Optimize a model with 1 rows, 12 columns and 12 nonzeros (Min)
Model fingerprint: 0xdce39dbc
Model has 12 linear objective coefficients and an objective constant of 4.609797496885
Model has 66 quadratic objective terms
Variable types: 0 continuous, 12 integer (12 binary)
Coefficient statistics:
  Matrix range     [1e+00, 1e+00]
  Objective range  [1e+00, 2e+00]
  QObjective range [1e-02, 3e+00]
  Bounds range     [1e+00, 1e+00]
  RHS range        [6e+00, 6e+00]
Found heuristic solution: objective 0.2275331
Variable types: 0 continuous, 78 integer (78 binary)

Root relaxation: objective -8.066315e+00, 22 iterations, 0.00 seconds (0.00 work units)

    Nodes    |    Current Node    |     Objective Bounds      |     Work
 Expl Unexpl |  Obj  Depth IntInf | Incumbent    BestBd   Gap | It/Node Time

     0     0   -8.06631    0   12    0.22753   -8.06631  3645%     -    0s
H    0     0                      -4.1447546   -8.06631  94.6%     -    0s
H    0     0                      -4.7199824   -8.06631  70.9%     -    0s

Cutting planes:
  Gomory: 1
  MIR: 23
  Zero half: 15
  RLT: 17
  BQP: 48

Explored 1 nodes (22 simplex iterations) in 0.01 seconds (0.00 work units)
Thread count was 8 (of 96 available processors)

Solution count 3: -4.71998 -4.14475 0.227533 
No other solutions better than -4.71998

Optimal solution found (tolerance 1.00e-06)
Best objective -4.719982422265e+00, best bound -4.719982422265e+00, gap 0.0000%

User-callback calls 62, time in user-callback 0.00 sec
