
Gurobi 13.0.0 (linux64) logging started Sun May  3 10:58:25 2026

Set parameter LogFile to value "logs/N=16_layers=2_presolve_on/N=16/seed=1/quantum_layers=2/precond_pen=0.500.log"
Set parameter MIPGap to value 1e-06
Set parameter Threads to value 8
Gurobi Optimizer version 13.0.0 build v13.0.0rc1 (linux64 - "Oracle Linux Server 9.7")

CPU model: AMD EPYC 7643 48-Core Processor, instruction set [SSE2|AVX|AVX2]
Thread count: 48 physical cores, 96 logical processors, using up to 8 threads

Non-default parameters:
MIPGap  1e-06
Threads  8

Optimize a model with 1 rows, 16 columns and 16 nonzeros (Min)
Model fingerprint: 0xa9adce8a
Model has 16 linear objective coefficients and an objective constant of 5.8597595462560026e+00
Model has 120 quadratic objective terms
Variable types: 0 continuous, 16 integer (16 binary)
Coefficient statistics:
  Matrix range     [1e+00, 1e+00]
  Objective range  [9e-01, 2e+00]
  QObjective range [1e-02, 4e+00]
  Bounds range     [1e+00, 1e+00]
  RHS range        [8e+00, 8e+00]
Found heuristic solution: objective 1.8931251
Presolve time: 0.00s
Presolved: 121 rows, 136 columns, 376 nonzeros
Variable types: 0 continuous, 136 integer (136 binary)

Root relaxation: objective -1.895094e+01, 18 iterations, 0.00 seconds (0.00 work units)

    Nodes    |    Current Node    |     Objective Bounds      |     Work
 Expl Unexpl |  Obj  Depth IntInf | Incumbent    BestBd   Gap | It/Node Time

     0     0  -18.95094    0   16    1.89313  -18.95094  1101%     -    0s
H    0     0                      -0.9565642  -18.95094  1881%     -    0s
H    0     0                      -3.2939039  -18.95094   475%     -    0s
H    0     0                      -9.7448390  -18.95094  94.5%     -    0s
     0     0  -10.63110    0   71   -9.74484  -10.63110  9.09%     -    0s
     0     0   -9.74570    0   97   -9.74484   -9.74570  0.01%     -    0s
     0     0   -9.74570    0   95   -9.74484   -9.74570  0.01%     -    0s
     0     0   -9.74570    0   95   -9.74484   -9.74570  0.01%     -    0s
     0     0   -9.74570    0   95   -9.74484   -9.74570  0.01%     -    0s

Cutting planes:
  Gomory: 5
  MIR: 15
  StrongCG: 2
  Flow cover: 1
  RLT: 9
  BQP: 60

Explored 1 nodes (313 simplex iterations) in 0.03 seconds (0.02 work units)
Thread count was 8 (of 96 available processors)

Solution count 4: -9.74484 -3.2939 -0.956564 1.89313 
No other solutions better than -9.74484

Optimal solution found (tolerance 1.00e-06)
Best objective -9.744838955228e+00, best bound -9.744838955228e+00, gap 0.0000%

User-callback calls 191, time in user-callback 0.00 sec
