
Gurobi 13.0.0 (linux64) logging started Sun May  3 11:08:51 2026

Set parameter LogFile to value "logs/N=12_layers=3_presolve_on/N=12/seed=4/quantum_layers=3/precond_pen=0.200.log"
Set parameter MIPGap to value 1e-06
Set parameter Threads to value 8
Gurobi Optimizer version 13.0.0 build v13.0.0rc1 (linux64 - "Oracle Linux Server 9.7")

CPU model: AMD EPYC 7643 48-Core Processor, instruction set [SSE2|AVX|AVX2]
Thread count: 48 physical cores, 96 logical processors, using up to 8 threads

Non-default parameters:
MIPGap  1e-06
Threads  8

Optimize a model with 1 rows, 12 columns and 12 nonzeros (Min)
Model fingerprint: 0x0381867e
Model has 12 linear objective coefficients and an objective constant of -3.6362386986750991e+01
Model has 66 quadratic objective terms
Variable types: 0 continuous, 12 integer (12 binary)
Coefficient statistics:
  Matrix range     [1e+00, 1e+00]
  Objective range  [8e+00, 1e+01]
  QObjective range [1e+00, 7e+00]
  Bounds range     [1e+00, 1e+00]
  RHS range        [6e+00, 6e+00]
Found heuristic solution: objective 3.8852837
Presolve time: 0.00s
Presolved: 67 rows, 78 columns, 210 nonzeros
Variable types: 0 continuous, 78 integer (78 binary)

Root relaxation: objective -3.636239e+01, 6 iterations, 0.00 seconds (0.00 work units)

    Nodes    |    Current Node    |     Objective Bounds      |     Work
 Expl Unexpl |  Obj  Depth IntInf | Incumbent    BestBd   Gap | It/Node Time

     0     0  -36.36239    0   12    3.88528  -36.36239  1036%     -    0s
H    0     0                       1.9663305  -36.36239  1949%     -    0s
H    0     0                      -2.1877755  -36.36239  1562%     -    0s
     0     0   -3.91107    0   12   -2.18778   -3.91107  78.8%     -    0s
     0     0   -3.91107    0   17   -2.18778   -3.91107  78.8%     -    0s
     0     0   -2.85104    0   42   -2.18778   -2.85104  30.3%     -    0s
     0     0   -2.75922    0   42   -2.18778   -2.75922  26.1%     -    0s
     0     0   -2.75922    0   42   -2.18778   -2.75922  26.1%     -    0s
     0     2   -2.70216    0   42   -2.18778   -2.70216  23.5%     -    0s

Cutting planes:
  Gomory: 1
  Dual implied bound: 16
  MIR: 8
  Flow cover: 2
  RLT: 8

Explored 9 nodes (270 simplex iterations) in 0.02 seconds (0.01 work units)
Thread count was 8 (of 96 available processors)

Solution count 3: -2.18778 1.96633 3.88528 
No other solutions better than -2.18778

Optimal solution found (tolerance 1.00e-06)
Best objective -2.187775470385e+00, best bound -2.187775470385e+00, gap 0.0000%

User-callback calls 203, time in user-callback 0.00 sec
