
Gurobi 13.0.0 (linux64) logging started Tue Mar 31 15:06:59 2026

Set parameter LogFile to value "logs/N=12_layers=3_presolve_off/N=12/seed=48/n_qaoa_layers=3/precond_pen=0.300.log"
Set parameter MIPGap to value 1e-06
Set parameter Threads to value 8
Set parameter Presolve to value 0
Gurobi Optimizer version 13.0.0 build v13.0.0rc1 (linux64 - "Oracle Linux Server 9.7")

CPU model: AMD EPYC 7643 48-Core Processor, instruction set [SSE2|AVX|AVX2]
Thread count: 48 physical cores, 96 logical processors, using up to 8 threads

Non-default parameters:
MIPGap  1e-06
Presolve  0
Threads  8

Optimize a model with 1 rows, 12 columns and 12 nonzeros (Min)
Model fingerprint: 0x97976d7a
Model has 12 linear objective coefficients and an objective constant of 3.6919849972110015e+00
Model has 66 quadratic objective terms
Variable types: 0 continuous, 12 integer (12 binary)
Coefficient statistics:
  Matrix range     [1e+00, 1e+00]
  Objective range  [3e-01, 3e+00]
  QObjective range [3e-02, 6e+00]
  Bounds range     [1e+00, 1e+00]
  RHS range        [6e+00, 6e+00]
Found heuristic solution: objective -1.2969128
Variable types: 0 continuous, 78 integer (78 binary)

Root relaxation: objective -1.803137e+01, 12 iterations, 0.00 seconds (0.00 work units)

    Nodes    |    Current Node    |     Objective Bounds      |     Work
 Expl Unexpl |  Obj  Depth IntInf | Incumbent    BestBd   Gap | It/Node Time

     0     0  -18.03137    0   12   -1.29691  -18.03137  1290%     -    0s
H    0     0                      -4.6321266  -18.03137   289%     -    0s
H    0     0                      -6.5623010  -18.03137   175%     -    0s
H    0     0                     -11.0450107  -18.03137  63.3%     -    0s
H    0     0                     -13.7935402  -18.03137  30.7%     -    0s

Cutting planes:
  Gomory: 1
  MIR: 15
  Zero half: 11
  RLT: 15
  BQP: 43

Explored 1 nodes (12 simplex iterations) in 0.01 seconds (0.00 work units)
Thread count was 8 (of 96 available processors)

Solution count 5: -13.7935 -11.045 -6.5623 ... -1.29691
No other solutions better than -13.7935

Optimal solution found (tolerance 1.00e-06)
Best objective -1.379354020811e+01, best bound -1.379354020811e+01, gap 0.0000%

User-callback calls 66, time in user-callback 0.00 sec

Gurobi 13.0.0 (linux64) logging started Tue Mar 31 15:10:58 2026

Set parameter LogFile to value "logs/N=12_layers=3_presolve_off/N=12/seed=48/n_qaoa_layers=3/precond_pen=0.300.log"
Set parameter MIPGap to value 1e-06
Set parameter Threads to value 8
Set parameter Presolve to value 0
Gurobi Optimizer version 13.0.0 build v13.0.0rc1 (linux64 - "Oracle Linux Server 9.7")

CPU model: AMD EPYC 7643 48-Core Processor, instruction set [SSE2|AVX|AVX2]
Thread count: 48 physical cores, 96 logical processors, using up to 8 threads

Non-default parameters:
MIPGap  1e-06
Presolve  0
Threads  8

Optimize a model with 1 rows, 12 columns and 12 nonzeros (Min)
Model fingerprint: 0x97976d7a
Model has 12 linear objective coefficients and an objective constant of 3.6919849972110015e+00
Model has 66 quadratic objective terms
Variable types: 0 continuous, 12 integer (12 binary)
Coefficient statistics:
  Matrix range     [1e+00, 1e+00]
  Objective range  [3e-01, 3e+00]
  QObjective range [3e-02, 6e+00]
  Bounds range     [1e+00, 1e+00]
  RHS range        [6e+00, 6e+00]
Found heuristic solution: objective -1.2969128
Variable types: 0 continuous, 78 integer (78 binary)

Root relaxation: objective -1.803137e+01, 12 iterations, 0.00 seconds (0.00 work units)

    Nodes    |    Current Node    |     Objective Bounds      |     Work
 Expl Unexpl |  Obj  Depth IntInf | Incumbent    BestBd   Gap | It/Node Time

     0     0  -18.03137    0   12   -1.29691  -18.03137  1290%     -    0s
H    0     0                      -4.6321266  -18.03137   289%     -    0s
H    0     0                      -6.5623010  -18.03137   175%     -    0s
H    0     0                     -11.0450107  -18.03137  63.3%     -    0s
H    0     0                     -13.7935402  -18.03137  30.7%     -    0s

Cutting planes:
  Gomory: 1
  MIR: 15
  Zero half: 11
  RLT: 15
  BQP: 43

Explored 1 nodes (12 simplex iterations) in 0.01 seconds (0.00 work units)
Thread count was 8 (of 96 available processors)

Solution count 5: -13.7935 -11.045 -6.5623 ... -1.29691
No other solutions better than -13.7935

Optimal solution found (tolerance 1.00e-06)
Best objective -1.379354020811e+01, best bound -1.379354020811e+01, gap 0.0000%

User-callback calls 66, time in user-callback 0.00 sec
