
Gurobi 13.0.0 (linux64) logging started Sun May  3 10:54:18 2026

Set parameter LogFile to value "logs/N=16_layers=1_presolve_off/N=16/seed=17/quantum_layers=1/precond_pen=0.800.log"
Set parameter MIPGap to value 1e-06
Set parameter Threads to value 8
Set parameter Presolve to value 0
Gurobi Optimizer version 13.0.0 build v13.0.0rc1 (linux64 - "Oracle Linux Server 9.7")

CPU model: AMD EPYC 7643 48-Core Processor, instruction set [SSE2|AVX|AVX2]
Thread count: 48 physical cores, 96 logical processors, using up to 8 threads

Non-default parameters:
MIPGap  1e-06
Presolve  0
Threads  8

Optimize a model with 1 rows, 16 columns and 16 nonzeros (Min)
Model fingerprint: 0xf96af7fa
Model has 16 linear objective coefficients and an objective constant of 6.749492907461
Model has 120 quadratic objective terms
Variable types: 0 continuous, 16 integer (16 binary)
Coefficient statistics:
  Matrix range     [1e+00, 1e+00]
  Objective range  [2e+00, 2e+00]
  QObjective range [8e-02, 8e-01]
  Bounds range     [1e+00, 1e+00]
  RHS range        [8e+00, 8e+00]
Found heuristic solution: objective -0.4960188
Variable types: 0 continuous, 136 integer (136 binary)

Root relaxation: objective -6.749493e+00, 30 iterations, 0.00 seconds (0.00 work units)

    Nodes    |    Current Node    |     Objective Bounds      |     Work
 Expl Unexpl |  Obj  Depth IntInf | Incumbent    BestBd   Gap | It/Node Time

     0     0   -6.74949    0   16   -0.49602   -6.74949  1261%     -    0s
H    0     0                      -0.7196211   -6.74949   838%     -    0s
H    0     0                      -1.2798054   -6.74949   427%     -    0s
H    0     0                      -1.3193559   -4.94443   275%     -    0s
     0     0   -1.57863    0  112   -1.31936   -1.57863  19.7%     -    0s
     0     0   -1.37210    0  126   -1.31936   -1.37210  4.00%     -    0s
     0     0   -1.36781    0  126   -1.31936   -1.36781  3.67%     -    0s
     0     2   -1.36781    0  126   -1.31936   -1.36781  3.67%     -    0s

Cutting planes:
  MIR: 48
  StrongCG: 1
  Zero half: 5
  RLT: 29
  BQP: 168

Explored 15 nodes (1778 simplex iterations) in 0.15 seconds (0.12 work units)
Thread count was 8 (of 96 available processors)

Solution count 4: -1.31936 -1.27981 -0.719621 -0.496019 
No other solutions better than -1.31936

Optimal solution found (tolerance 1.00e-06)
Best objective -1.319355916953e+00, best bound -1.319355916953e+00, gap 0.0000%

User-callback calls 138, time in user-callback 0.00 sec
