
Gurobi 13.0.0 (linux64) logging started Sun May  3 10:54:17 2026

Set parameter LogFile to value "logs/N=16_layers=1_presolve_off/N=16/seed=17/quantum_layers=1/precond_pen=0.400.log"
Set parameter MIPGap to value 1e-06
Set parameter Threads to value 8
Set parameter Presolve to value 0
Gurobi Optimizer version 13.0.0 build v13.0.0rc1 (linux64 - "Oracle Linux Server 9.7")

CPU model: AMD EPYC 7643 48-Core Processor, instruction set [SSE2|AVX|AVX2]
Thread count: 48 physical cores, 96 logical processors, using up to 8 threads

Non-default parameters:
MIPGap  1e-06
Presolve  0
Threads  8

Optimize a model with 1 rows, 16 columns and 16 nonzeros (Min)
Model fingerprint: 0x01df7c63
Model has 16 linear objective coefficients and an objective constant of 5.7959498592349981e+00
Model has 120 quadratic objective terms
Variable types: 0 continuous, 16 integer (16 binary)
Coefficient statistics:
  Matrix range     [1e+00, 1e+00]
  Objective range  [9e-01, 2e+00]
  QObjective range [3e-04, 2e+00]
  Bounds range     [1e+00, 1e+00]
  RHS range        [8e+00, 8e+00]
Found heuristic solution: objective -0.5376246
Variable types: 0 continuous, 136 integer (136 binary)

Root relaxation: objective -9.792342e+00, 24 iterations, 0.00 seconds (0.00 work units)

    Nodes    |    Current Node    |     Objective Bounds      |     Work
 Expl Unexpl |  Obj  Depth IntInf | Incumbent    BestBd   Gap | It/Node Time

     0     0   -9.79234    0   16   -0.53762   -9.79234  1721%     -    0s
H    0     0                      -2.9584691   -9.79234   231%     -    0s
H    0     0                      -3.8705528   -9.79234   153%     -    0s
     0     0   -4.41560    0   69   -3.87055   -4.41560  14.1%     -    0s
     0     0   -3.87055    0  116   -3.87055   -3.87055  0.00%     -    0s

Cutting planes:
  Gomory: 8
  MIR: 61
  Zero half: 16
  RLT: 28
  BQP: 138

Explored 1 nodes (400 simplex iterations) in 0.03 seconds (0.03 work units)
Thread count was 8 (of 96 available processors)

Solution count 3: -3.87055 -2.95847 -0.537625 
No other solutions better than -3.87055

Optimal solution found (tolerance 1.00e-06)
Best objective -3.870552796585e+00, best bound -3.870552796585e+00, gap 0.0000%

User-callback calls 80, time in user-callback 0.00 sec
