
Gurobi 13.0.0 (linux64) logging started Sun May  3 10:54:18 2026

Set parameter LogFile to value "logs/N=16_layers=1_presolve_off/N=16/seed=17/quantum_layers=1/precond_pen=0.500.log"
Set parameter MIPGap to value 1e-06
Set parameter Threads to value 8
Set parameter Presolve to value 0
Gurobi Optimizer version 13.0.0 build v13.0.0rc1 (linux64 - "Oracle Linux Server 9.7")

CPU model: AMD EPYC 7643 48-Core Processor, instruction set [SSE2|AVX|AVX2]
Thread count: 48 physical cores, 96 logical processors, using up to 8 threads

Non-default parameters:
MIPGap  1e-06
Presolve  0
Threads  8

Optimize a model with 1 rows, 16 columns and 16 nonzeros (Min)
Model fingerprint: 0x20de8868
Model has 16 linear objective coefficients and an objective constant of 6.4842903935259981e+00
Model has 120 quadratic objective terms
Variable types: 0 continuous, 16 integer (16 binary)
Coefficient statistics:
  Matrix range     [1e+00, 1e+00]
  Objective range  [1e+00, 2e+00]
  QObjective range [1e-02, 1e+00]
  Bounds range     [1e+00, 1e+00]
  RHS range        [8e+00, 8e+00]
Found heuristic solution: objective -0.5326378
Variable types: 0 continuous, 136 integer (136 binary)

Root relaxation: objective -7.567568e+00, 39 iterations, 0.00 seconds (0.00 work units)

    Nodes    |    Current Node    |     Objective Bounds      |     Work
 Expl Unexpl |  Obj  Depth IntInf | Incumbent    BestBd   Gap | It/Node Time

     0     0   -7.56757    0   16   -0.53264   -7.56757  1321%     -    0s
H    0     0                      -0.6004300   -7.56757  1160%     -    0s
H    0     0                      -0.6036548   -7.56757  1154%     -    0s
H    0     0                      -1.0181033   -7.56757   643%     -    0s
H    0     0                      -2.3535096   -7.56757   222%     -    0s
H    0     0                      -2.4569875   -5.46249   122%     -    0s
     0     0   -2.54807    0  122   -2.45699   -2.54807  3.71%     -    0s
     0     0   -2.45699    0  125   -2.45699   -2.45699  0.00%     -    0s

Cutting planes:
  Gomory: 5
  MIR: 32
  Zero half: 9
  RLT: 24
  BQP: 129

Explored 1 nodes (615 simplex iterations) in 0.05 seconds (0.03 work units)
Thread count was 8 (of 96 available processors)

Solution count 6: -2.45699 -2.35351 -1.0181 ... -0.532638
No other solutions better than -2.45699

Optimal solution found (tolerance 1.00e-06)
Best objective -2.456987478528e+00, best bound -2.456987478528e+00, gap 0.0000%

User-callback calls 86, time in user-callback 0.00 sec
