
Gurobi 13.0.0 (linux64) logging started Sun May  3 10:54:17 2026

Set parameter LogFile to value "logs/N=16_layers=1_presolve_off/N=16/seed=17/quantum_layers=1/precond_pen=0.000.log"
Set parameter MIPGap to value 1e-06
Set parameter Threads to value 8
Set parameter Presolve to value 0
Gurobi Optimizer version 13.0.0 build v13.0.0rc1 (linux64 - "Oracle Linux Server 9.7")

CPU model: AMD EPYC 7643 48-Core Processor, instruction set [SSE2|AVX|AVX2]
Thread count: 48 physical cores, 96 logical processors, using up to 8 threads

Non-default parameters:
MIPGap  1e-06
Presolve  0
Threads  8

Optimize a model with 1 rows, 16 columns and 16 nonzeros (Min)
Model fingerprint: 0x9739f57d
Model has 16 linear objective coefficients and an objective constant of -4.4360776920697987e+01
Model has 120 quadratic objective terms
Variable types: 0 continuous, 16 integer (16 binary)
Coefficient statistics:
  Matrix range     [1e+00, 1e+00]
  Objective range  [9e+00, 1e+01]
  QObjective range [2e+00, 4e+00]
  Bounds range     [1e+00, 1e+00]
  RHS range        [8e+00, 8e+00]
Found heuristic solution: objective 2.7761739
Variable types: 0 continuous, 136 integer (136 binary)

Root relaxation: objective -4.436078e+01, 7 iterations, 0.00 seconds (0.00 work units)

    Nodes    |    Current Node    |     Objective Bounds      |     Work
 Expl Unexpl |  Obj  Depth IntInf | Incumbent    BestBd   Gap | It/Node Time

     0     0  -44.36078    0   16    2.77617  -44.36078  1698%     -    0s
H    0     0                       2.4255704  -44.36078  1929%     -    0s
H    0     0                       0.5836459  -44.36078  7701%     -    0s
     0     0   -4.40089    0   22    0.58365   -4.40089   854%     -    0s
     0     0   -4.21546    0   28    0.58365   -4.21546   822%     -    0s
     0     0   -3.25209    0   54    0.58365   -3.25209   657%     -    0s
     0     0   -3.21965    0   54    0.58365   -3.21965   652%     -    0s
     0     2   -3.19769    0   54    0.58365   -3.19769   648%     -    0s
*   67    20               8       0.5537844   -1.25810   327%  37.9    0s

Cutting planes:
  Gomory: 1
  MIR: 14
  StrongCG: 1
  RLT: 14

Explored 162 nodes (5323 simplex iterations) in 0.07 seconds (0.07 work units)
Thread count was 8 (of 96 available processors)

Solution count 4: 0.553784 0.583646 2.42557 2.77617 

Optimal solution found (tolerance 1.00e-06)
Best objective 5.537843743260e-01, best bound 5.537843743260e-01, gap 0.0000%

User-callback calls 429, time in user-callback 0.00 sec
