
Gurobi 13.0.0 (linux64) logging started Sun May  3 10:58:35 2026

Set parameter LogFile to value "logs/N=16_layers=2_presolve_on/N=16/seed=34/quantum_layers=2/baseline.log"
Set parameter MIPGap to value 1e-06
Set parameter Threads to value 8
Gurobi Optimizer version 13.0.0 build v13.0.0rc1 (linux64 - "Oracle Linux Server 9.7")

CPU model: AMD EPYC 7643 48-Core Processor, instruction set [SSE2|AVX|AVX2]
Thread count: 48 physical cores, 96 logical processors, using up to 8 threads

Non-default parameters:
MIPGap  1e-06
Threads  8

Optimize a model with 1 rows, 16 columns and 16 nonzeros (Min)
Model fingerprint: 0xda7fcc3c
Model has 16 linear objective coefficients and an objective constant of -1.9799925587982159e-12
Model has 120 quadratic objective terms
Variable types: 0 continuous, 16 integer (16 binary)
Coefficient statistics:
  Matrix range     [1e+00, 1e+00]
  Objective range  [1e+01, 2e+01]
  QObjective range [3e-02, 8e+00]
  Bounds range     [1e+00, 1e+00]
  RHS range        [8e+00, 8e+00]
Found heuristic solution: objective 67.8271440
Presolve time: 0.00s
Presolved: 121 rows, 136 columns, 376 nonzeros
Variable types: 0 continuous, 136 integer (136 binary)

Root relaxation: objective -1.982657e-12, 8 iterations, 0.00 seconds (0.00 work units)

    Nodes    |    Current Node    |     Objective Bounds      |     Work
 Expl Unexpl |  Obj  Depth IntInf | Incumbent    BestBd   Gap | It/Node Time

     0     0   -0.00000    0   16   67.82714   -0.00000   100%     -    0s
H    0     0                      66.2936642   -0.00000   100%     -    0s
H    0     0                      57.6606758   -0.00000   100%     -    0s
H    0     0                      55.6420431   -0.00000   100%     -    0s
     0     0   28.51238    0   23   55.64204   28.51238  48.8%     -    0s
     0     0   29.58276    0   21   55.64204   29.58276  46.8%     -    0s
     0     0   36.63932    0   65   55.64204   36.63932  34.2%     -    0s
     0     0   36.65258    0   65   55.64204   36.65258  34.1%     -    0s
     0     2   36.75071    0   65   55.64204   36.75071  34.0%     -    0s

Cutting planes:
  Gomory: 2
  Dual implied bound: 30
  MIR: 14
  RLT: 12

Explored 238 nodes (6296 simplex iterations) in 0.07 seconds (0.07 work units)
Thread count was 8 (of 96 available processors)

Solution count 4: 55.642 57.6607 66.2937 67.8271 

Optimal solution found (tolerance 1.00e-06)
Best objective 5.564204311779e+01, best bound 5.564204311779e+01, gap 0.0000%

User-callback calls 676, time in user-callback 0.00 sec
