
Gurobi 13.0.0 (linux64) logging started Sun May  3 10:54:30 2026

Set parameter LogFile to value "logs/N=16_layers=1_presolve_off/N=16/seed=38/quantum_layers=1/baseline.log"
Set parameter MIPGap to value 1e-06
Set parameter Threads to value 8
Set parameter Presolve to value 0
Gurobi Optimizer version 13.0.0 build v13.0.0rc1 (linux64 - "Oracle Linux Server 9.7")

CPU model: AMD EPYC 7643 48-Core Processor, instruction set [SSE2|AVX|AVX2]
Thread count: 48 physical cores, 96 logical processors, using up to 8 threads

Non-default parameters:
MIPGap  1e-06
Presolve  0
Threads  8

Optimize a model with 1 rows, 16 columns and 16 nonzeros (Min)
Model fingerprint: 0x8dfe8b28
Model has 16 linear objective coefficients and an objective constant of 9.8651642410629847e-13
Model has 120 quadratic objective terms
Variable types: 0 continuous, 16 integer (16 binary)
Coefficient statistics:
  Matrix range     [1e+00, 1e+00]
  Objective range  [1e+01, 2e+01]
  QObjective range [3e-02, 8e+00]
  Bounds range     [1e+00, 1e+00]
  RHS range        [8e+00, 8e+00]
Found heuristic solution: objective 53.2324229
Variable types: 0 continuous, 136 integer (136 binary)

Root relaxation: objective 9.811874e-13, 11 iterations, 0.00 seconds (0.00 work units)

    Nodes    |    Current Node    |     Objective Bounds      |     Work
 Expl Unexpl |  Obj  Depth IntInf | Incumbent    BestBd   Gap | It/Node Time

     0     0    0.00000    0   16   53.23242    0.00000   100%     -    0s
H    0     0                      49.2276037    0.00000   100%     -    0s
H    0     0                      48.9200748   21.55479  55.9%     -    0s
     0     0   22.40517    0   29   48.92007   22.40517  54.2%     -    0s
     0     0   22.47123    0   31   48.92007   22.47123  54.1%     -    0s
     0     0   28.99943    0   46   48.92007   28.99943  40.7%     -    0s
     0     0   28.99943    0   46   48.92007   28.99943  40.7%     -    0s
     0     2   28.99943    0   46   48.92007   28.99943  40.7%     -    0s

Cutting planes:
  Gomory: 3
  MIR: 20
  StrongCG: 1
  RLT: 13

Explored 443 nodes (9373 simplex iterations) in 0.08 seconds (0.08 work units)
Thread count was 8 (of 96 available processors)

Solution count 3: 48.9201 49.2276 53.2324 

Optimal solution found (tolerance 1.00e-06)
Best objective 4.892007484624e+01, best bound 4.892007484624e+01, gap 0.0000%

User-callback calls 996, time in user-callback 0.00 sec
