
Gurobi 13.0.0 (linux64) logging started Sun May  3 10:54:30 2026

Set parameter LogFile to value "logs/N=16_layers=1_presolve_off/N=16/seed=38/quantum_layers=1/precond_pen=0.000.log"
Set parameter MIPGap to value 1e-06
Set parameter Threads to value 8
Set parameter Presolve to value 0
Gurobi Optimizer version 13.0.0 build v13.0.0rc1 (linux64 - "Oracle Linux Server 9.7")

CPU model: AMD EPYC 7643 48-Core Processor, instruction set [SSE2|AVX|AVX2]
Thread count: 48 physical cores, 96 logical processors, using up to 8 threads

Non-default parameters:
MIPGap  1e-06
Presolve  0
Threads  8

Optimize a model with 1 rows, 16 columns and 16 nonzeros (Min)
Model fingerprint: 0xcbceb170
Model has 16 linear objective coefficients and an objective constant of -4.1850290433569008e+01
Model has 120 quadratic objective terms
Variable types: 0 continuous, 16 integer (16 binary)
Coefficient statistics:
  Matrix range     [1e+00, 1e+00]
  Objective range  [1e+01, 1e+01]
  QObjective range [2e+00, 4e+00]
  Bounds range     [1e+00, 1e+00]
  RHS range        [8e+00, 8e+00]
Found heuristic solution: objective 1.1298794
Variable types: 0 continuous, 136 integer (136 binary)

Root relaxation: objective -4.185029e+01, 8 iterations, 0.00 seconds (0.00 work units)

    Nodes    |    Current Node    |     Objective Bounds      |     Work
 Expl Unexpl |  Obj  Depth IntInf | Incumbent    BestBd   Gap | It/Node Time

     0     0  -41.85029    0   16    1.12988  -41.85029  3804%     -    0s
H    0     0                       0.6734372  -41.85029  6314%     -    0s
H    0     0                       0.5450036  -41.85029  7779%     -    0s
H    0     0                      -0.1236488  -41.85029      -     -    0s
     0     0   -5.24068    0   22   -0.12365   -5.24068  4138%     -    0s
     0     0   -5.16917    0   22   -0.12365   -5.16917  4081%     -    0s
     0     0   -4.15978    0   47   -0.12365   -4.15978  3264%     -    0s
     0     0   -4.12084    0   47   -0.12365   -4.12084  3233%     -    0s
     0     2   -4.07731    0   47   -0.12365   -4.07731  3197%     -    0s
*  110    12               7      -0.1674975   -1.63707   877%  35.4    0s

Cutting planes:
  Gomory: 1
  Cover: 1
  MIR: 23
  RLT: 14

Explored 157 nodes (5375 simplex iterations) in 0.06 seconds (0.06 work units)
Thread count was 8 (of 96 available processors)

Solution count 5: -0.167498 -0.123649 0.545004 ... 1.12988

Optimal solution found (tolerance 1.00e-06)
Best objective -1.674975387610e-01, best bound -1.674975387610e-01, gap 0.0000%

User-callback calls 421, time in user-callback 0.00 sec
