
Gurobi 13.0.0 (linux64) logging started Sun May  3 10:54:31 2026

Set parameter LogFile to value "logs/N=16_layers=1_presolve_off/N=16/seed=38/quantum_layers=1/precond_pen=0.700.log"
Set parameter MIPGap to value 1e-06
Set parameter Threads to value 8
Set parameter Presolve to value 0
Gurobi Optimizer version 13.0.0 build v13.0.0rc1 (linux64 - "Oracle Linux Server 9.7")

CPU model: AMD EPYC 7643 48-Core Processor, instruction set [SSE2|AVX|AVX2]
Thread count: 48 physical cores, 96 logical processors, using up to 8 threads

Non-default parameters:
MIPGap  1e-06
Presolve  0
Threads  8

Optimize a model with 1 rows, 16 columns and 16 nonzeros (Min)
Model fingerprint: 0x9fa85715
Model has 16 linear objective coefficients and an objective constant of 6.726559421294
Model has 120 quadratic objective terms
Variable types: 0 continuous, 16 integer (16 binary)
Coefficient statistics:
  Matrix range     [1e+00, 1e+00]
  Objective range  [1e+00, 2e+00]
  QObjective range [2e-03, 8e-01]
  Bounds range     [1e+00, 1e+00]
  RHS range        [8e+00, 8e+00]
Found heuristic solution: objective -1.0874979
Variable types: 0 continuous, 136 integer (136 binary)

Root relaxation: objective -6.734051e+00, 48 iterations, 0.00 seconds (0.00 work units)

    Nodes    |    Current Node    |     Objective Bounds      |     Work
 Expl Unexpl |  Obj  Depth IntInf | Incumbent    BestBd   Gap | It/Node Time

     0     0   -6.73405    0   16   -1.08750   -6.73405   519%     -    0s
H    0     0                      -1.1391481   -6.73405   491%     -    0s
H    0     0                      -1.4354024   -6.73405   369%     -    0s
H    0     0                      -1.5611852   -5.01093   221%     -    0s
     0     0   -2.05073    0  107   -1.56119   -2.05073  31.4%     -    0s
H    0     0                      -1.5965024   -2.05073  28.5%     -    0s
     0     0   -1.68209    0  120   -1.59650   -1.68209  5.36%     -    0s
     0     0   -1.67846    0  120   -1.59650   -1.67846  5.13%     -    0s
     0     0   -1.67846    0  117   -1.59650   -1.67846  5.13%     -    0s
     0     2   -1.67846    0  115   -1.59650   -1.67846  5.13%     -    0s

Cutting planes:
  MIR: 61
  Zero half: 15
  RLT: 24
  BQP: 223

Explored 23 nodes (1907 simplex iterations) in 0.14 seconds (0.11 work units)
Thread count was 8 (of 96 available processors)

Solution count 5: -1.5965 -1.56119 -1.4354 ... -1.0875
No other solutions better than -1.5965

Optimal solution found (tolerance 1.00e-06)
Best objective -1.596502367700e+00, best bound -1.596502367700e+00, gap 0.0000%

User-callback calls 161, time in user-callback 0.00 sec
