
Gurobi 13.0.0 (linux64) logging started Sun May  3 11:04:30 2026

Set parameter LogFile to value "logs/N=12_layers=1_presolve_off/N=12/seed=31/quantum_layers=1/precond_pen=0.100.log"
Set parameter MIPGap to value 1e-06
Set parameter Threads to value 8
Set parameter Presolve to value 0
Gurobi Optimizer version 13.0.0 build v13.0.0rc1 (linux64 - "Oracle Linux Server 9.7")

CPU model: AMD EPYC 7643 48-Core Processor, instruction set [SSE2|AVX|AVX2]
Thread count: 48 physical cores, 96 logical processors, using up to 8 threads

Non-default parameters:
MIPGap  1e-06
Presolve  0
Threads  8

Optimize a model with 1 rows, 12 columns and 12 nonzeros (Min)
Model fingerprint: 0xcdd0bee0
Model has 12 linear objective coefficients and an objective constant of -1.8589469798932011e+01
Model has 66 quadratic objective terms
Variable types: 0 continuous, 12 integer (12 binary)
Coefficient statistics:
  Matrix range     [1e+00, 1e+00]
  Objective range  [4e+00, 8e+00]
  QObjective range [2e-01, 4e+00]
  Bounds range     [1e+00, 1e+00]
  RHS range        [6e+00, 6e+00]
Found heuristic solution: objective 0.2964349
Variable types: 0 continuous, 78 integer (78 binary)

Root relaxation: objective -1.863953e+01, 4 iterations, 0.00 seconds (0.00 work units)

    Nodes    |    Current Node    |     Objective Bounds      |     Work
 Expl Unexpl |  Obj  Depth IntInf | Incumbent    BestBd   Gap | It/Node Time

     0     0  -18.63953    0   12    0.29643  -18.63953  6388%     -    0s
H    0     0                       0.2520379  -18.63953  7496%     -    0s
H    0     0                      -1.3670554  -18.63953  1263%     -    0s
     0     0   -6.01554    0   13   -1.36706   -6.01554   340%     -    0s
     0     0   -5.70959    0   22   -1.36706   -5.70959   318%     -    0s
     0     0   -5.70333    0   20   -1.36706   -5.70333   317%     -    0s
     0     0   -4.80501    0   27   -1.36706   -4.80501   251%     -    0s
     0     0   -4.59031    0   28   -1.36706   -4.59031   236%     -    0s
     0     0   -4.55655    0   28   -1.36706   -4.55655   233%     -    0s
     0     0   -3.05496    0   37   -1.36706   -3.05496   123%     -    0s
     0     0   -3.05496    0   37   -1.36706   -3.05496   123%     -    0s
     0     2   -3.05496    0   37   -1.36706   -3.05496   123%     -    0s

Cutting planes:
  Gomory: 4
  Cover: 6
  MIR: 12
  StrongCG: 1
  RLT: 10

Explored 49 nodes (1042 simplex iterations) in 0.04 seconds (0.02 work units)
Thread count was 8 (of 96 available processors)

Solution count 3: -1.36706 0.252038 0.296435 
No other solutions better than -1.36706

Optimal solution found (tolerance 1.00e-06)
Best objective -1.367055357496e+00, best bound -1.367055357496e+00, gap 0.0000%

User-callback calls 209, time in user-callback 0.00 sec
