
Gurobi 13.0.0 (linux64) logging started Sun May  3 10:54:05 2026

Set parameter LogFile to value "logs/N=16_layers=1_presolve_on/N=16/seed=45/quantum_layers=1/precond_pen=0.400.log"
Set parameter MIPGap to value 1e-06
Set parameter Threads to value 8
Gurobi Optimizer version 13.0.0 build v13.0.0rc1 (linux64 - "Oracle Linux Server 9.7")

CPU model: AMD EPYC 7643 48-Core Processor, instruction set [SSE2|AVX|AVX2]
Thread count: 48 physical cores, 96 logical processors, using up to 8 threads

Non-default parameters:
MIPGap  1e-06
Threads  8

Optimize a model with 1 rows, 16 columns and 16 nonzeros (Min)
Model fingerprint: 0x8424a4b9
Model has 16 linear objective coefficients and an objective constant of 5.7074456625959984e+00
Model has 120 quadratic objective terms
Variable types: 0 continuous, 16 integer (16 binary)
Coefficient statistics:
  Matrix range     [1e+00, 1e+00]
  Objective range  [6e-01, 2e+00]
  QObjective range [4e-02, 2e+00]
  Bounds range     [1e+00, 1e+00]
  RHS range        [8e+00, 8e+00]
Found heuristic solution: objective 0.1466957
Presolve time: 0.00s
Presolved: 121 rows, 136 columns, 376 nonzeros
Variable types: 0 continuous, 136 integer (136 binary)

Root relaxation: objective -1.042263e+01, 40 iterations, 0.00 seconds (0.00 work units)

    Nodes    |    Current Node    |     Objective Bounds      |     Work
 Expl Unexpl |  Obj  Depth IntInf | Incumbent    BestBd   Gap | It/Node Time

     0     0  -10.42263    0   16    0.14670  -10.42263  7205%     -    0s
H    0     0                      -2.9455987  -10.42263   254%     -    0s
H    0     0                      -4.1130082  -10.42263   153%     -    0s
H    0     0                      -4.3476452  -10.42263   140%     -    0s
     0     0   -4.60122    0   87   -4.34765   -4.60122  5.83%     -    0s
     0     0     cutoff    0        -4.34765   -4.34765  0.00%     -    0s

Cutting planes:
  Gomory: 10
  MIR: 56
  StrongCG: 1
  Flow cover: 6
  Zero half: 25
  RLT: 18
  BQP: 115

Explored 1 nodes (389 simplex iterations) in 0.03 seconds (0.02 work units)
Thread count was 8 (of 96 available processors)

Solution count 4: -4.34765 -4.11301 -2.9456 0.146696 
No other solutions better than -4.34765

Optimal solution found (tolerance 1.00e-06)
Best objective -4.347645247640e+00, best bound -4.347645247640e+00, gap 0.0000%

User-callback calls 177, time in user-callback 0.00 sec
