
Gurobi 13.0.0 (linux64) logging started Sun May  3 11:04:27 2026

Set parameter LogFile to value "logs/N=12_layers=1_presolve_off/N=12/seed=13/quantum_layers=1/precond_pen=0.600.log"
Set parameter MIPGap to value 1e-06
Set parameter Threads to value 8
Set parameter Presolve to value 0
Gurobi Optimizer version 13.0.0 build v13.0.0rc1 (linux64 - "Oracle Linux Server 9.7")

CPU model: AMD EPYC 7643 48-Core Processor, instruction set [SSE2|AVX|AVX2]
Thread count: 48 physical cores, 96 logical processors, using up to 8 threads

Non-default parameters:
MIPGap  1e-06
Presolve  0
Threads  8

Optimize a model with 1 rows, 12 columns and 12 nonzeros (Min)
Model fingerprint: 0xad4beed4
Model has 12 linear objective coefficients and an objective constant of 4.7421211845730005e+00
Model has 66 quadratic objective terms
Variable types: 0 continuous, 12 integer (12 binary)
Coefficient statistics:
  Matrix range     [1e+00, 1e+00]
  Objective range  [1e+00, 2e+00]
  QObjective range [3e-03, 2e+00]
  Bounds range     [1e+00, 1e+00]
  RHS range        [6e+00, 6e+00]
Found heuristic solution: objective -0.0560489
Variable types: 0 continuous, 78 integer (78 binary)

Root relaxation: objective -5.025375e+00, 19 iterations, 0.00 seconds (0.00 work units)

    Nodes    |    Current Node    |     Objective Bounds      |     Work
 Expl Unexpl |  Obj  Depth IntInf | Incumbent    BestBd   Gap | It/Node Time

     0     0   -5.02537    0   12   -0.05605   -5.02537  8866%     -    0s
H    0     0                      -0.0747240   -5.02537  6625%     -    0s
H    0     0                      -0.8876584   -5.02537   466%     -    0s
H    0     0                      -1.4832222   -5.02537   239%     -    0s
H    0     0                      -2.2581182   -5.02537   123%     -    0s
H    0     0                      -2.3405756   -3.03330  29.6%     -    0s
     0     0   -2.34058    0   40   -2.34058   -2.34058  0.00%     -    0s

Cutting planes:
  Gomory: 1
  MIR: 41
  Zero half: 17
  RLT: 21
  BQP: 92

Explored 1 nodes (125 simplex iterations) in 0.01 seconds (0.00 work units)
Thread count was 8 (of 96 available processors)

Solution count 6: -2.34058 -2.25812 -1.48322 ... -0.0560489
No other solutions better than -2.34058

Optimal solution found (tolerance 1.00e-06)
Best objective -2.340575609769e+00, best bound -2.340575609769e+00, gap 0.0000%

User-callback calls 73, time in user-callback 0.00 sec
