
Gurobi 13.0.0 (linux64) logging started Sun May  3 11:04:27 2026

Set parameter LogFile to value "logs/N=12_layers=1_presolve_off/N=12/seed=13/quantum_layers=1/precond_pen=0.200.log"
Set parameter MIPGap to value 1e-06
Set parameter Threads to value 8
Set parameter Presolve to value 0
Gurobi Optimizer version 13.0.0 build v13.0.0rc1 (linux64 - "Oracle Linux Server 9.7")

CPU model: AMD EPYC 7643 48-Core Processor, instruction set [SSE2|AVX|AVX2]
Thread count: 48 physical cores, 96 logical processors, using up to 8 threads

Non-default parameters:
MIPGap  1e-06
Presolve  0
Threads  8

Optimize a model with 1 rows, 12 columns and 12 nonzeros (Min)
Model fingerprint: 0xdb69e248
Model has 12 linear objective coefficients and an objective constant of -7.9644496362130006e+00
Model has 66 quadratic objective terms
Variable types: 0 continuous, 12 integer (12 binary)
Coefficient statistics:
  Matrix range     [1e+00, 1e+00]
  Objective range  [1e+00, 4e+00]
  QObjective range [4e-02, 4e+00]
  Bounds range     [1e+00, 1e+00]
  RHS range        [6e+00, 6e+00]
Found heuristic solution: objective 1.1747818
Variable types: 0 continuous, 78 integer (78 binary)

Root relaxation: objective -1.289844e+01, 7 iterations, 0.00 seconds (0.00 work units)

    Nodes    |    Current Node    |     Objective Bounds      |     Work
 Expl Unexpl |  Obj  Depth IntInf | Incumbent    BestBd   Gap | It/Node Time

     0     0  -12.89844    0   12    1.17478  -12.89844  1198%     -    0s
H    0     0                      -0.9534700  -12.89844  1253%     -    0s
H    0     0                      -4.8895128  -12.89844   164%     -    0s
     0     0   -5.82232    0   31   -4.88951   -5.82232  19.1%     -    0s
H    0     0                      -4.9413235   -5.82232  17.8%     -    0s

Cutting planes:
  Gomory: 3
  Cover: 4
  MIR: 23
  StrongCG: 1
  Zero half: 13
  RLT: 18
  BQP: 18

Explored 1 nodes (89 simplex iterations) in 0.01 seconds (0.01 work units)
Thread count was 8 (of 96 available processors)

Solution count 4: -4.94132 -4.88951 -0.95347 1.17478 
No other solutions better than -4.94132

Optimal solution found (tolerance 1.00e-06)
Best objective -4.941323526071e+00, best bound -4.941323526071e+00, gap 0.0000%

User-callback calls 73, time in user-callback 0.00 sec
