
Gurobi 13.0.0 (linux64) logging started Sun May  3 11:04:29 2026

Set parameter LogFile to value "logs/N=12_layers=1_presolve_off/N=12/seed=23/quantum_layers=1/precond_pen=0.400.log"
Set parameter MIPGap to value 1e-06
Set parameter Threads to value 8
Set parameter Presolve to value 0
Gurobi Optimizer version 13.0.0 build v13.0.0rc1 (linux64 - "Oracle Linux Server 9.7")

CPU model: AMD EPYC 7643 48-Core Processor, instruction set [SSE2|AVX|AVX2]
Thread count: 48 physical cores, 96 logical processors, using up to 8 threads

Non-default parameters:
MIPGap  1e-06
Presolve  0
Threads  8

Optimize a model with 1 rows, 12 columns and 12 nonzeros (Min)
Model fingerprint: 0xa135738f
Model has 12 linear objective coefficients and an objective constant of 4.080550305057
Model has 66 quadratic objective terms
Variable types: 0 continuous, 12 integer (12 binary)
Coefficient statistics:
  Matrix range     [1e+00, 1e+00]
  Objective range  [7e-01, 2e+00]
  QObjective range [2e-02, 3e+00]
  Bounds range     [1e+00, 1e+00]
  RHS range        [6e+00, 6e+00]
Found heuristic solution: objective -0.4549909
Variable types: 0 continuous, 78 integer (78 binary)

Root relaxation: objective -8.121295e+00, 16 iterations, 0.00 seconds (0.00 work units)

    Nodes    |    Current Node    |     Objective Bounds      |     Work
 Expl Unexpl |  Obj  Depth IntInf | Incumbent    BestBd   Gap | It/Node Time

     0     0   -8.12130    0   12   -0.45499   -8.12130  1685%     -    0s
H    0     0                      -1.2766634   -8.12130   536%     -    0s
H    0     0                      -5.1093078   -8.12130  59.0%     -    0s

Cutting planes:
  Gomory: 1
  MIR: 32
  Zero half: 13
  RLT: 14
  BQP: 51

Explored 1 nodes (16 simplex iterations) in 0.00 seconds (0.00 work units)
Thread count was 8 (of 96 available processors)

Solution count 3: -5.10931 -1.27666 -0.454991 
No other solutions better than -5.10931

Optimal solution found (tolerance 1.00e-06)
Best objective -5.109307799627e+00, best bound -5.109307799627e+00, gap 0.0000%

User-callback calls 62, time in user-callback 0.00 sec
