
Gurobi 13.0.0 (linux64) logging started Sun May  3 11:04:28 2026

Set parameter LogFile to value "logs/N=12_layers=1_presolve_off/N=12/seed=23/quantum_layers=1/precond_pen=0.100.log"
Set parameter MIPGap to value 1e-06
Set parameter Threads to value 8
Set parameter Presolve to value 0
Gurobi Optimizer version 13.0.0 build v13.0.0rc1 (linux64 - "Oracle Linux Server 9.7")

CPU model: AMD EPYC 7643 48-Core Processor, instruction set [SSE2|AVX|AVX2]
Thread count: 48 physical cores, 96 logical processors, using up to 8 threads

Non-default parameters:
MIPGap  1e-06
Presolve  0
Threads  8

Optimize a model with 1 rows, 12 columns and 12 nonzeros (Min)
Model fingerprint: 0x5667bd9e
Model has 12 linear objective coefficients and an objective constant of -19.417358333172
Model has 66 quadratic objective terms
Variable types: 0 continuous, 12 integer (12 binary)
Coefficient statistics:
  Matrix range     [1e+00, 1e+00]
  Objective range  [5e+00, 7e+00]
  QObjective range [4e-01, 4e+00]
  Bounds range     [1e+00, 1e+00]
  RHS range        [6e+00, 6e+00]
Found heuristic solution: objective 2.1520829
Variable types: 0 continuous, 78 integer (78 binary)

Root relaxation: objective -1.941736e+01, 10 iterations, 0.00 seconds (0.00 work units)

    Nodes    |    Current Node    |     Objective Bounds      |     Work
 Expl Unexpl |  Obj  Depth IntInf | Incumbent    BestBd   Gap | It/Node Time

     0     0  -19.41736    0   12    2.15208  -19.41736  1002%     -    0s
H    0     0                       1.0201649  -19.41736  2003%     -    0s
H    0     0                       0.9292026  -19.41736  2190%     -    0s
H    0     0                      -3.0635040  -19.41736   534%     -    0s
     0     0   -7.39757    0   12   -3.06350   -7.39757   141%     -    0s
     0     0   -7.21913    0   18   -3.06350   -7.21913   136%     -    0s
     0     0   -5.71408    0   29   -3.06350   -5.71408  86.5%     -    0s
     0     0   -5.71408    0   29   -3.06350   -5.71408  86.5%     -    0s
     0     2   -5.70869    0   29   -3.06350   -5.70869  86.3%     -    0s

Cutting planes:
  Gomory: 3
  MIR: 12
  RLT: 8

Explored 19 nodes (467 simplex iterations) in 0.02 seconds (0.01 work units)
Thread count was 8 (of 96 available processors)

Solution count 4: -3.0635 0.929203 1.02016 2.15208 
No other solutions better than -3.0635

Optimal solution found (tolerance 1.00e-06)
Best objective -3.063503952564e+00, best bound -3.063503952564e+00, gap 0.0000%

User-callback calls 127, time in user-callback 0.00 sec
