
Gurobi 13.0.0 (linux64) logging started Sun May  3 10:58:47 2026

Set parameter LogFile to value "logs/N=16_layers=2_presolve_off/N=16/seed=23/quantum_layers=2/precond_pen=0.800.log"
Set parameter MIPGap to value 1e-06
Set parameter Threads to value 8
Set parameter Presolve to value 0
Gurobi Optimizer version 13.0.0 build v13.0.0rc1 (linux64 - "Oracle Linux Server 9.7")

CPU model: AMD EPYC 7643 48-Core Processor, instruction set [SSE2|AVX|AVX2]
Thread count: 48 physical cores, 96 logical processors, using up to 8 threads

Non-default parameters:
MIPGap  1e-06
Presolve  0
Threads  8

Optimize a model with 1 rows, 16 columns and 16 nonzeros (Min)
Model fingerprint: 0x0f024256
Model has 16 linear objective coefficients and an objective constant of 6.5283991690899974e+00
Model has 120 quadratic objective terms
Variable types: 0 continuous, 16 integer (16 binary)
Coefficient statistics:
  Matrix range     [1e+00, 1e+00]
  Objective range  [1e+00, 2e+00]
  QObjective range [2e-02, 2e+00]
  Bounds range     [1e+00, 1e+00]
  RHS range        [8e+00, 8e+00]
Found heuristic solution: objective -1.4254204
Variable types: 0 continuous, 136 integer (136 binary)

Root relaxation: objective -1.013864e+01, 53 iterations, 0.00 seconds (0.00 work units)

    Nodes    |    Current Node    |     Objective Bounds      |     Work
 Expl Unexpl |  Obj  Depth IntInf | Incumbent    BestBd   Gap | It/Node Time

     0     0  -10.13864    0   16   -1.42542  -10.13864   611%     -    0s
H    0     0                      -1.7341951  -10.13864   485%     -    0s
H    0     0                      -1.8550365  -10.13864   447%     -    0s
H    0     0                      -2.9663125  -10.13864   242%     -    0s
H    0     0                      -5.0944061  -10.13864  99.0%     -    0s
     0     0     cutoff    0        -5.09441   -5.09441  0.00%     -    0s

Cutting planes:
  Gomory: 2
  MIR: 41
  Zero half: 27
  RLT: 37
  BQP: 180

Explored 1 nodes (240 simplex iterations) in 0.01 seconds (0.01 work units)
Thread count was 8 (of 96 available processors)

Solution count 5: -5.09441 -2.96631 -1.85504 ... -1.42542
No other solutions better than -5.09441

Optimal solution found (tolerance 1.00e-06)
Best objective -5.094406103116e+00, best bound -5.094406103116e+00, gap 0.0000%

User-callback calls 72, time in user-callback 0.00 sec
