
Gurobi 13.0.0 (linux64) logging started Sun May  3 10:58:52 2026

Set parameter LogFile to value "logs/N=16_layers=2_presolve_off/N=16/seed=41/quantum_layers=2/baseline.log"
Set parameter MIPGap to value 1e-06
Set parameter Threads to value 8
Set parameter Presolve to value 0
Gurobi Optimizer version 13.0.0 build v13.0.0rc1 (linux64 - "Oracle Linux Server 9.7")

CPU model: AMD EPYC 7643 48-Core Processor, instruction set [SSE2|AVX|AVX2]
Thread count: 48 physical cores, 96 logical processors, using up to 8 threads

Non-default parameters:
MIPGap  1e-06
Presolve  0
Threads  8

Optimize a model with 1 rows, 16 columns and 16 nonzeros (Min)
Model fingerprint: 0xe93b38ed
Model has 16 linear objective coefficients and an objective constant of 4.9639459209771530e-12
Model has 120 quadratic objective terms
Variable types: 0 continuous, 16 integer (16 binary)
Coefficient statistics:
  Matrix range     [1e+00, 1e+00]
  Objective range  [1e+01, 2e+01]
  QObjective range [3e-01, 8e+00]
  Bounds range     [1e+00, 1e+00]
  RHS range        [8e+00, 8e+00]
Found heuristic solution: objective 68.5077367
Variable types: 0 continuous, 136 integer (136 binary)

Root relaxation: objective 4.965722e-12, 15 iterations, 0.00 seconds (0.00 work units)

    Nodes    |    Current Node    |     Objective Bounds      |     Work
 Expl Unexpl |  Obj  Depth IntInf | Incumbent    BestBd   Gap | It/Node Time

     0     0    0.00000    0   16   68.50774    0.00000   100%     -    0s
H    0     0                      67.3101448    0.00000   100%     -    0s
H    0     0                      58.8252429    0.00000   100%     -    0s
     0     0   26.46715    0   16   58.82524   26.46715  55.0%     -    0s
     0     0   26.65969    0   24   58.82524   26.65969  54.7%     -    0s
     0     0   34.28311    0   43   58.82524   34.28311  41.7%     -    0s
     0     0   34.28311    0   43   58.82524   34.28311  41.7%     -    0s
     0     2   34.67356    0   43   58.82524   34.67356  41.1%     -    0s

Cutting planes:
  MIR: 18
  RLT: 11

Explored 646 nodes (13441 simplex iterations) in 0.09 seconds (0.09 work units)
Thread count was 8 (of 96 available processors)

Solution count 3: 58.8252 67.3101 68.5077 

Optimal solution found (tolerance 1.00e-06)
Best objective 5.882524293108e+01, best bound 5.882524293108e+01, gap 0.0000%

User-callback calls 1401, time in user-callback 0.00 sec
