
Gurobi 13.0.0 (linux64) logging started Sun May  3 11:04:29 2026

Set parameter LogFile to value "logs/N=12_layers=1_presolve_off/N=12/seed=27/quantum_layers=1/precond_pen=0.100.log"
Set parameter MIPGap to value 1e-06
Set parameter Threads to value 8
Set parameter Presolve to value 0
Gurobi Optimizer version 13.0.0 build v13.0.0rc1 (linux64 - "Oracle Linux Server 9.7")

CPU model: AMD EPYC 7643 48-Core Processor, instruction set [SSE2|AVX|AVX2]
Thread count: 48 physical cores, 96 logical processors, using up to 8 threads

Non-default parameters:
MIPGap  1e-06
Presolve  0
Threads  8

Optimize a model with 1 rows, 12 columns and 12 nonzeros (Min)
Model fingerprint: 0xc7f02253
Model has 12 linear objective coefficients and an objective constant of -1.5419128898485006e+01
Model has 66 quadratic objective terms
Variable types: 0 continuous, 12 integer (12 binary)
Coefficient statistics:
  Matrix range     [1e+00, 1e+00]
  Objective range  [3e+00, 7e+00]
  QObjective range [8e-02, 4e+00]
  Bounds range     [1e+00, 1e+00]
  RHS range        [6e+00, 6e+00]
Found heuristic solution: objective 2.0193689
Variable types: 0 continuous, 78 integer (78 binary)

Root relaxation: objective -1.552930e+01, 7 iterations, 0.00 seconds (0.00 work units)

    Nodes    |    Current Node    |     Objective Bounds      |     Work
 Expl Unexpl |  Obj  Depth IntInf | Incumbent    BestBd   Gap | It/Node Time

     0     0  -15.52930    0   12    2.01937  -15.52930   869%     -    0s
H    0     0                       0.2030837  -15.52930  7747%     -    0s
H    0     0                      -1.3669934  -15.52930  1036%     -    0s
     0     0   -6.44266    0   14   -1.36699   -6.44266   371%     -    0s
     0     0   -5.48816    0   34   -1.36699   -5.48816   301%     -    0s
     0     0   -5.08989    0   34   -1.36699   -5.08989   272%     -    0s
     0     0   -5.01965    0   33   -1.36699   -5.01965   267%     -    0s
     0     0   -1.53273    0   57   -1.36699   -1.53273  12.1%     -    0s
     0     0   -1.44191    0   57   -1.36699   -1.44191  5.48%     -    0s
     0     2   -1.44191    0   57   -1.36699   -1.44191  5.48%     -    0s

Cutting planes:
  Gomory: 3
  Cover: 1
  MIR: 13
  StrongCG: 1
  Zero half: 2
  Mod-K: 1
  RLT: 14

Explored 66 nodes (1440 simplex iterations) in 0.05 seconds (0.03 work units)
Thread count was 8 (of 96 available processors)

Solution count 3: -1.36699 0.203084 2.01937 
No other solutions better than -1.36699

Optimal solution found (tolerance 1.00e-06)
Best objective -1.366993397715e+00, best bound -1.366993397715e+00, gap 0.0000%

User-callback calls 240, time in user-callback 0.00 sec
