
Gurobi 13.0.0 (linux64) logging started Sun May  3 11:04:29 2026

Set parameter LogFile to value "logs/N=12_layers=1_presolve_off/N=12/seed=27/quantum_layers=1/precond_pen=0.600.log"
Set parameter MIPGap to value 1e-06
Set parameter Threads to value 8
Set parameter Presolve to value 0
Gurobi Optimizer version 13.0.0 build v13.0.0rc1 (linux64 - "Oracle Linux Server 9.7")

CPU model: AMD EPYC 7643 48-Core Processor, instruction set [SSE2|AVX|AVX2]
Thread count: 48 physical cores, 96 logical processors, using up to 8 threads

Non-default parameters:
MIPGap  1e-06
Presolve  0
Threads  8

Optimize a model with 1 rows, 12 columns and 12 nonzeros (Min)
Model fingerprint: 0x40678873
Model has 12 linear objective coefficients and an objective constant of 4.777271447415
Model has 66 quadratic objective terms
Variable types: 0 continuous, 12 integer (12 binary)
Coefficient statistics:
  Matrix range     [1e+00, 1e+00]
  Objective range  [1e+00, 2e+00]
  QObjective range [5e-03, 1e+00]
  Bounds range     [1e+00, 1e+00]
  RHS range        [6e+00, 6e+00]
Found heuristic solution: objective -0.2365186
Variable types: 0 continuous, 78 integer (78 binary)

Root relaxation: objective -5.017262e+00, 19 iterations, 0.00 seconds (0.00 work units)

    Nodes    |    Current Node    |     Objective Bounds      |     Work
 Expl Unexpl |  Obj  Depth IntInf | Incumbent    BestBd   Gap | It/Node Time

     0     0   -5.01726    0   12   -0.23652   -5.01726  2021%     -    0s
H    0     0                      -1.4566251   -5.01726   244%     -    0s
H    0     0                      -1.6138249   -5.01726   211%     -    0s
H    0     0                      -1.6168570   -5.01726   210%     -    0s
H    0     0                      -1.6778117   -1.69043  0.75%     -    0s
     0     0   -1.67781    0   59   -1.67781   -1.67781  0.00%     -    0s

Cutting planes:
  Gomory: 1
  MIR: 34
  Zero half: 19
  RLT: 21
  BQP: 82

Explored 1 nodes (194 simplex iterations) in 0.01 seconds (0.00 work units)
Thread count was 8 (of 96 available processors)

Solution count 5: -1.67781 -1.61686 -1.61382 ... -0.236519
No other solutions better than -1.67781

Optimal solution found (tolerance 1.00e-06)
Best objective -1.677811701217e+00, best bound -1.677811701217e+00, gap 0.0000%

User-callback calls 71, time in user-callback 0.00 sec
