
Gurobi 13.0.0 (linux64) logging started Sun May  3 11:04:29 2026

Set parameter LogFile to value "logs/N=12_layers=1_presolve_off/N=12/seed=27/quantum_layers=1/precond_pen=0.200.log"
Set parameter MIPGap to value 1e-06
Set parameter Threads to value 8
Set parameter Presolve to value 0
Gurobi Optimizer version 13.0.0 build v13.0.0rc1 (linux64 - "Oracle Linux Server 9.7")

CPU model: AMD EPYC 7643 48-Core Processor, instruction set [SSE2|AVX|AVX2]
Thread count: 48 physical cores, 96 logical processors, using up to 8 threads

Non-default parameters:
MIPGap  1e-06
Presolve  0
Threads  8

Optimize a model with 1 rows, 12 columns and 12 nonzeros (Min)
Model fingerprint: 0x897b0fb9
Model has 12 linear objective coefficients and an objective constant of -4.146100998174
Model has 66 quadratic objective terms
Variable types: 0 continuous, 12 integer (12 binary)
Coefficient statistics:
  Matrix range     [1e+00, 1e+00]
  Objective range  [2e-01, 3e+00]
  QObjective range [1e-02, 3e+00]
  Bounds range     [1e+00, 1e+00]
  RHS range        [6e+00, 6e+00]
Found heuristic solution: objective 1.2141033
Variable types: 0 continuous, 78 integer (78 binary)

Root relaxation: objective -1.010035e+01, 9 iterations, 0.00 seconds (0.00 work units)

    Nodes    |    Current Node    |     Objective Bounds      |     Work
 Expl Unexpl |  Obj  Depth IntInf | Incumbent    BestBd   Gap | It/Node Time

     0     0  -10.10035    0   12    1.21410  -10.10035   932%     -    0s
H    0     0                      -3.0801693  -10.10035   228%     -    0s
H    0     0                      -3.3413669  -10.10035   202%     -    0s
     0     0   -5.09441    0   59   -3.34137   -5.09441  52.5%     -    0s
     0     0   -4.80989    0   59   -3.34137   -4.80989  43.9%     -    0s
     0     0   -3.34137    0   58   -3.34137   -3.34137  0.00%     -    0s

Cutting planes:
  Gomory: 5
  MIR: 15
  Zero half: 8
  RLT: 16
  BQP: 24

Explored 1 nodes (170 simplex iterations) in 0.01 seconds (0.01 work units)
Thread count was 8 (of 96 available processors)

Solution count 3: -3.34137 -3.08017 1.2141 
No other solutions better than -3.34137

Optimal solution found (tolerance 1.00e-06)
Best objective -3.341366925722e+00, best bound -3.341366925722e+00, gap 0.0000%

User-callback calls 77, time in user-callback 0.00 sec
