
Gurobi 13.0.0 (linux64) logging started Sun May  3 11:04:29 2026

Set parameter LogFile to value "logs/N=12_layers=1_presolve_off/N=12/seed=27/quantum_layers=1/precond_pen=0.500.log"
Set parameter MIPGap to value 1e-06
Set parameter Threads to value 8
Set parameter Presolve to value 0
Gurobi Optimizer version 13.0.0 build v13.0.0rc1 (linux64 - "Oracle Linux Server 9.7")

CPU model: AMD EPYC 7643 48-Core Processor, instruction set [SSE2|AVX|AVX2]
Thread count: 48 physical cores, 96 logical processors, using up to 8 threads

Non-default parameters:
MIPGap  1e-06
Presolve  0
Threads  8

Optimize a model with 1 rows, 12 columns and 12 nonzeros (Min)
Model fingerprint: 0x6ef9f573
Model has 12 linear objective coefficients and an objective constant of 4.587243049662
Model has 66 quadratic objective terms
Variable types: 0 continuous, 12 integer (12 binary)
Coefficient statistics:
  Matrix range     [1e+00, 1e+00]
  Objective range  [1e+00, 2e+00]
  QObjective range [8e-03, 2e+00]
  Bounds range     [1e+00, 1e+00]
  RHS range        [6e+00, 6e+00]
Found heuristic solution: objective -0.1436047
Variable types: 0 continuous, 78 integer (78 binary)

Root relaxation: objective -5.839699e+00, 14 iterations, 0.00 seconds (0.00 work units)

    Nodes    |    Current Node    |     Objective Bounds      |     Work
 Expl Unexpl |  Obj  Depth IntInf | Incumbent    BestBd   Gap | It/Node Time

     0     0   -5.83970    0   12   -0.14360   -5.83970  3967%     -    0s
H    0     0                      -1.0688824   -5.83970   446%     -    0s
H    0     0                      -1.2031518   -5.83970   385%     -    0s
H    0     0                      -2.0957390   -5.83970   179%     -    0s
H    0     0                      -2.1155855   -5.83970   176%     -    0s
H    0     0                      -2.1767622   -2.23807  2.82%     -    0s
     0     0   -2.23807    0   33   -2.17676   -2.23807  2.82%     -    0s

Cutting planes:
  Gomory: 7
  Cover: 1
  MIR: 55
  StrongCG: 6
  Flow cover: 12
  Zero half: 20
  RLT: 14
  BQP: 65

Explored 1 nodes (141 simplex iterations) in 0.02 seconds (0.01 work units)
Thread count was 8 (of 96 available processors)

Solution count 6: -2.17676 -2.11559 -2.09574 ... -0.143605
No other solutions better than -2.17676

Optimal solution found (tolerance 1.00e-06)
Best objective -2.176762158430e+00, best bound -2.176762158430e+00, gap 0.0000%

User-callback calls 80, time in user-callback 0.00 sec
