
Gurobi 13.0.0 (linux64) logging started Tue Mar 31 15:12:40 2026

Set parameter LogFile to value "logs/N=16_layers=2_presolve_on/N=16/seed=35/n_qaoa_layers=2/precond_pen=0.600.log"
Set parameter MIPGap to value 1e-06
Set parameter Threads to value 8
Gurobi Optimizer version 13.0.0 build v13.0.0rc1 (linux64 - "Oracle Linux Server 9.7")

CPU model: AMD EPYC 7643 48-Core Processor, instruction set [SSE2|AVX|AVX2]
Thread count: 48 physical cores, 96 logical processors, using up to 8 threads

Non-default parameters:
MIPGap  1e-06
Threads  8

Optimize a model with 1 rows, 16 columns and 16 nonzeros (Min)
Model fingerprint: 0x9a2bdc6d
Model has 16 linear objective coefficients and an objective constant of 6.1052326148250007e+00
Model has 120 quadratic objective terms
Variable types: 0 continuous, 16 integer (16 binary)
Coefficient statistics:
  Matrix range     [1e+00, 1e+00]
  Objective range  [1e+00, 2e+00]
  QObjective range [1e-02, 3e+00]
  Bounds range     [1e+00, 1e+00]
  RHS range        [8e+00, 8e+00]
Found heuristic solution: objective 0.8864607
Presolve time: 0.00s
Presolved: 121 rows, 136 columns, 376 nonzeros
Variable types: 0 continuous, 136 integer (136 binary)

Root relaxation: objective -1.488906e+01, 24 iterations, 0.00 seconds (0.00 work units)

    Nodes    |    Current Node    |     Objective Bounds      |     Work
 Expl Unexpl |  Obj  Depth IntInf | Incumbent    BestBd   Gap | It/Node Time

     0     0  -14.88906    0   16    0.88646  -14.88906  1780%     -    0s
H    0     0                      -4.0595362  -14.88906   267%     -    0s
H    0     0                      -6.9886339  -14.88906   113%     -    0s
     0     0     cutoff    0        -6.98863   -6.98863  0.00%     -    0s

Cutting planes:
  Gomory: 1
  MIR: 42
  Zero half: 27
  RLT: 37
  BQP: 170

Explored 1 nodes (258 simplex iterations) in 0.02 seconds (0.01 work units)
Thread count was 8 (of 96 available processors)

Solution count 3: -6.98863 -4.05954 0.886461 
No other solutions better than -6.98863

Optimal solution found (tolerance 1.00e-06)
Best objective -6.988633908107e+00, best bound -6.988633908107e+00, gap 0.0000%

User-callback calls 163, time in user-callback 0.00 sec
