
Gurobi 13.0.0 (linux64) logging started Sun May  3 11:06:35 2026

Set parameter LogFile to value "logs/N=12_layers=2_presolve_on/N=12/seed=25/quantum_layers=2/baseline.log"
Set parameter MIPGap to value 1e-06
Set parameter Threads to value 8
Gurobi Optimizer version 13.0.0 build v13.0.0rc1 (linux64 - "Oracle Linux Server 9.7")

CPU model: AMD EPYC 7643 48-Core Processor, instruction set [SSE2|AVX|AVX2]
Thread count: 48 physical cores, 96 logical processors, using up to 8 threads

Non-default parameters:
MIPGap  1e-06
Threads  8

Optimize a model with 1 rows, 12 columns and 12 nonzeros (Min)
Model fingerprint: 0xe0d20c37
Model has 12 linear objective coefficients
Model has 66 quadratic objective terms
Variable types: 0 continuous, 12 integer (12 binary)
Coefficient statistics:
  Matrix range     [1e+00, 1e+00]
  Objective range  [7e+00, 1e+01]
  QObjective range [2e-03, 8e+00]
  Bounds range     [1e+00, 1e+00]
  RHS range        [6e+00, 6e+00]
Found heuristic solution: objective 32.7113970
Presolve time: 0.00s
Presolved: 67 rows, 78 columns, 210 nonzeros
Variable types: 0 continuous, 78 integer (78 binary)

Root relaxation: objective -6.772360e-15, 9 iterations, 0.00 seconds (0.00 work units)

    Nodes    |    Current Node    |     Objective Bounds      |     Work
 Expl Unexpl |  Obj  Depth IntInf | Incumbent    BestBd   Gap | It/Node Time

     0     0   -0.00000    0   12   32.71140   -0.00000   100%     -    0s
H    0     0                      31.2238268   -0.00000   100%     -    0s
H    0     0                      28.4228033   -0.00000   100%     -    0s
H    0     0                      23.8391544   -0.00000   100%     -    0s
     0     0   16.64531    0   17   23.83915   16.64531  30.2%     -    0s
     0     0   17.20135    0   18   23.83915   17.20135  27.8%     -    0s
     0     0   20.14244    0   39   23.83915   20.14244  15.5%     -    0s
     0     0   20.14529    0   39   23.83915   20.14529  15.5%     -    0s
     0     2   20.14529    0   39   23.83915   20.14529  15.5%     -    0s

Cutting planes:
  Gomory: 4
  Dual implied bound: 12
  MIR: 11
  StrongCG: 1
  RLT: 7

Explored 29 nodes (752 simplex iterations) in 0.03 seconds (0.02 work units)
Thread count was 8 (of 96 available processors)

Solution count 4: 23.8392 28.4228 31.2238 32.7114 

Optimal solution found (tolerance 1.00e-06)
Best objective 2.383915435438e+01, best bound 2.383915435438e+01, gap 0.0000%

User-callback calls 244, time in user-callback 0.00 sec
