
Gurobi 13.0.0 (linux64) logging started Sun May  3 10:54:36 2026

Set parameter LogFile to value "logs/N=16_layers=1_presolve_off/N=16/seed=47/quantum_layers=1/precond_pen=0.200.log"
Set parameter MIPGap to value 1e-06
Set parameter Threads to value 8
Set parameter Presolve to value 0
Gurobi Optimizer version 13.0.0 build v13.0.0rc1 (linux64 - "Oracle Linux Server 9.7")

CPU model: AMD EPYC 7643 48-Core Processor, instruction set [SSE2|AVX|AVX2]
Thread count: 48 physical cores, 96 logical processors, using up to 8 threads

Non-default parameters:
MIPGap  1e-06
Presolve  0
Threads  8

Optimize a model with 1 rows, 16 columns and 16 nonzeros (Min)
Model fingerprint: 0x13db6343
Model has 16 linear objective coefficients and an objective constant of -12.930662676328
Model has 120 quadratic objective terms
Variable types: 0 continuous, 16 integer (16 binary)
Coefficient statistics:
  Matrix range     [1e+00, 1e+00]
  Objective range  [1e+00, 6e+00]
  QObjective range [1e-02, 3e+00]
  Bounds range     [1e+00, 1e+00]
  RHS range        [8e+00, 8e+00]
Found heuristic solution: objective 3.6684507
Variable types: 0 continuous, 136 integer (136 binary)

Root relaxation: objective -1.880905e+01, 10 iterations, 0.00 seconds (0.00 work units)

    Nodes    |    Current Node    |     Objective Bounds      |     Work
 Expl Unexpl |  Obj  Depth IntInf | Incumbent    BestBd   Gap | It/Node Time

     0     0  -18.80905    0   16    3.66845  -18.80905   613%     -    0s
H    0     0                       1.0023887  -18.80905  1976%     -    0s
H    0     0                       0.8554716  -18.80905  2299%     -    0s
H    0     0                      -5.0946589  -18.80905   269%     -    0s
     0     0  -10.07656    0   69   -5.09466  -10.07656  97.8%     -    0s
     0     0   -8.13832    0   70   -5.09466   -8.13832  59.7%     -    0s
     0     0   -8.13832    0   70   -5.09466   -8.13832  59.7%     -    0s
     0     2   -8.13832    0   70   -5.09466   -8.13832  59.7%     -    0s
H    7    14                      -5.6730061   -7.10104  25.2%  60.6    0s

Cutting planes:
  Gomory: 4
  Cover: 1
  MIR: 19
  Zero half: 1
  RLT: 21
  BQP: 51

Explored 28 nodes (1272 simplex iterations) in 0.04 seconds (0.03 work units)
Thread count was 8 (of 96 available processors)

Solution count 5: -5.67301 -5.09466 0.855472 ... 3.66845
No other solutions better than -5.67301

Optimal solution found (tolerance 1.00e-06)
Best objective -5.673006102676e+00, best bound -5.673006102676e+00, gap 0.0000%

User-callback calls 156, time in user-callback 0.00 sec
