
Gurobi 13.0.0 (linux64) logging started Sun May  3 10:53:58 2026

Set parameter LogFile to value "logs/N=16_layers=1_presolve_on/N=16/seed=34/quantum_layers=1/precond_pen=0.400.log"
Set parameter MIPGap to value 1e-06
Set parameter Threads to value 8
Gurobi Optimizer version 13.0.0 build v13.0.0rc1 (linux64 - "Oracle Linux Server 9.7")

CPU model: AMD EPYC 7643 48-Core Processor, instruction set [SSE2|AVX|AVX2]
Thread count: 48 physical cores, 96 logical processors, using up to 8 threads

Non-default parameters:
MIPGap  1e-06
Threads  8

Optimize a model with 1 rows, 16 columns and 16 nonzeros (Min)
Model fingerprint: 0x36e9ca67
Model has 16 linear objective coefficients and an objective constant of 5.2971696840619993e+00
Model has 120 quadratic objective terms
Variable types: 0 continuous, 16 integer (16 binary)
Coefficient statistics:
  Matrix range     [1e+00, 1e+00]
  Objective range  [5e-01, 2e+00]
  QObjective range [2e-02, 3e+00]
  Bounds range     [1e+00, 1e+00]
  RHS range        [8e+00, 8e+00]
Found heuristic solution: objective 0.0968861
Presolve time: 0.00s
Presolved: 121 rows, 136 columns, 376 nonzeros
Variable types: 0 continuous, 136 integer (136 binary)

Root relaxation: objective -1.203022e+01, 30 iterations, 0.00 seconds (0.00 work units)

    Nodes    |    Current Node    |     Objective Bounds      |     Work
 Expl Unexpl |  Obj  Depth IntInf | Incumbent    BestBd   Gap | It/Node Time

     0     0  -12.03022    0   16    0.09689  -12.03022      -     -    0s
H    0     0                      -1.5202428  -12.03022   691%     -    0s
H    0     0                      -2.2109808  -12.03022   444%     -    0s
H    0     0                      -5.5172769  -12.03022   118%     -    0s
     0     0   -5.80787    0   52   -5.51728   -5.80787  5.27%     -    0s
     0     0   -5.64115    0   84   -5.51728   -5.64115  2.25%     -    0s
     0     0     cutoff    0        -5.51728   -5.51728  0.00%     -    0s

Cutting planes:
  MIR: 50
  Zero half: 25
  RLT: 29
  BQP: 189

Explored 1 nodes (366 simplex iterations) in 0.02 seconds (0.01 work units)
Thread count was 8 (of 96 available processors)

Solution count 4: -5.51728 -2.21098 -1.52024 0.0968861 
No other solutions better than -5.51728

Optimal solution found (tolerance 1.00e-06)
Best objective -5.517276917264e+00, best bound -5.517276917264e+00, gap 0.0000%

User-callback calls 168, time in user-callback 0.00 sec
