
Gurobi 13.0.0 (linux64) logging started Sun May  3 10:53:58 2026

Set parameter LogFile to value "logs/N=16_layers=1_presolve_on/N=16/seed=34/quantum_layers=1/precond_pen=0.600.log"
Set parameter MIPGap to value 1e-06
Set parameter Threads to value 8
Gurobi Optimizer version 13.0.0 build v13.0.0rc1 (linux64 - "Oracle Linux Server 9.7")

CPU model: AMD EPYC 7643 48-Core Processor, instruction set [SSE2|AVX|AVX2]
Thread count: 48 physical cores, 96 logical processors, using up to 8 threads

Non-default parameters:
MIPGap  1e-06
Threads  8

Optimize a model with 1 rows, 16 columns and 16 nonzeros (Min)
Model fingerprint: 0x4c09570c
Model has 16 linear objective coefficients and an objective constant of 6.5971942579189973e+00
Model has 120 quadratic objective terms
Variable types: 0 continuous, 16 integer (16 binary)
Coefficient statistics:
  Matrix range     [1e+00, 1e+00]
  Objective range  [1e+00, 2e+00]
  QObjective range [1e-03, 1e+00]
  Bounds range     [1e+00, 1e+00]
  RHS range        [8e+00, 8e+00]
Found heuristic solution: objective -0.2831804
Presolve time: 0.00s
Presolved: 121 rows, 136 columns, 376 nonzeros
Variable types: 0 continuous, 136 integer (136 binary)

Root relaxation: objective -7.005639e+00, 45 iterations, 0.00 seconds (0.00 work units)

    Nodes    |    Current Node    |     Objective Bounds      |     Work
 Expl Unexpl |  Obj  Depth IntInf | Incumbent    BestBd   Gap | It/Node Time

     0     0   -7.00564    0   16   -0.28318   -7.00564  2374%     -    0s
H    0     0                      -1.3867808   -7.00564   405%     -    0s
H    0     0                      -2.2580148   -7.00564   210%     -    0s
H    0     0                      -2.3951613   -5.14053   115%     -    0s
     0     0   -2.40547    0   86   -2.39516   -2.40547  0.43%     -    0s

Cutting planes:
  Gomory: 3
  MIR: 55
  Flow cover: 10
  Zero half: 22
  RLT: 23
  BQP: 184

Explored 1 nodes (412 simplex iterations) in 0.04 seconds (0.03 work units)
Thread count was 8 (of 96 available processors)

Solution count 4: -2.39516 -2.25801 -1.38678 -0.28318 
No other solutions better than -2.39516

Optimal solution found (tolerance 1.00e-06)
Best objective -2.395161286475e+00, best bound -2.395161286475e+00, gap 0.0000%

User-callback calls 173, time in user-callback 0.00 sec
