
Gurobi 13.0.0 (linux64) logging started Sun May  3 10:53:58 2026

Set parameter LogFile to value "logs/N=16_layers=1_presolve_on/N=16/seed=34/quantum_layers=1/precond_pen=0.000.log"
Set parameter MIPGap to value 1e-06
Set parameter Threads to value 8
Gurobi Optimizer version 13.0.0 build v13.0.0rc1 (linux64 - "Oracle Linux Server 9.7")

CPU model: AMD EPYC 7643 48-Core Processor, instruction set [SSE2|AVX|AVX2]
Thread count: 48 physical cores, 96 logical processors, using up to 8 threads

Non-default parameters:
MIPGap  1e-06
Threads  8

Optimize a model with 1 rows, 16 columns and 16 nonzeros (Min)
Model fingerprint: 0x5360df65
Model has 16 linear objective coefficients and an objective constant of -4.4146772365021022e+01
Model has 120 quadratic objective terms
Variable types: 0 continuous, 16 integer (16 binary)
Coefficient statistics:
  Matrix range     [1e+00, 1e+00]
  Objective range  [1e+01, 1e+01]
  QObjective range [2e+00, 4e+00]
  Bounds range     [1e+00, 1e+00]
  RHS range        [8e+00, 8e+00]
Found heuristic solution: objective 2.8665034
Presolve time: 0.00s
Presolved: 121 rows, 136 columns, 376 nonzeros
Variable types: 0 continuous, 136 integer (136 binary)

Root relaxation: objective -4.414677e+01, 7 iterations, 0.00 seconds (0.00 work units)

    Nodes    |    Current Node    |     Objective Bounds      |     Work
 Expl Unexpl |  Obj  Depth IntInf | Incumbent    BestBd   Gap | It/Node Time

     0     0  -44.14677    0   16    2.86650  -44.14677  1640%     -    0s
H    0     0                       2.6305164  -44.14677  1778%     -    0s
H    0     0                       0.0419910  -44.14677      -     -    0s
     0     0   -4.88642    0   28    0.04199   -4.88642      -     -    0s
     0     0   -4.85063    0   26    0.04199   -4.85063      -     -    0s
     0     0   -2.49036    0   63    0.04199   -2.49036  6031%     -    0s
     0     0   -2.46364    0   63    0.04199   -2.46364  5967%     -    0s
     0     2   -2.42365    0   63    0.04199   -2.42365  5872%     -    0s

Cutting planes:
  Gomory: 2
  Dual implied bound: 27
  MIR: 10
  RLT: 14

Explored 33 nodes (1435 simplex iterations) in 0.05 seconds (0.04 work units)
Thread count was 8 (of 96 available processors)

Solution count 3: 0.041991 2.63052 2.8665 

Optimal solution found (tolerance 1.00e-06)
Best objective 4.199098320499e-02, best bound 4.199098320499e-02, gap 0.0000%

User-callback calls 259, time in user-callback 0.00 sec
