
Gurobi 13.0.0 (linux64) logging started Sun May  3 10:58:43 2026

Set parameter LogFile to value "logs/N=16_layers=2_presolve_off/N=16/seed=11/quantum_layers=2/baseline.log"
Set parameter MIPGap to value 1e-06
Set parameter Threads to value 8
Set parameter Presolve to value 0
Gurobi Optimizer version 13.0.0 build v13.0.0rc1 (linux64 - "Oracle Linux Server 9.7")

CPU model: AMD EPYC 7643 48-Core Processor, instruction set [SSE2|AVX|AVX2]
Thread count: 48 physical cores, 96 logical processors, using up to 8 threads

Non-default parameters:
MIPGap  1e-06
Presolve  0
Threads  8

Optimize a model with 1 rows, 16 columns and 16 nonzeros (Min)
Model fingerprint: 0xd13ca415
Model has 16 linear objective coefficients and an objective constant of 4.9859283368647311e-12
Model has 120 quadratic objective terms
Variable types: 0 continuous, 16 integer (16 binary)
Coefficient statistics:
  Matrix range     [1e+00, 1e+00]
  Objective range  [1e+01, 2e+01]
  QObjective range [1e-01, 8e+00]
  Bounds range     [1e+00, 1e+00]
  RHS range        [8e+00, 8e+00]
Found heuristic solution: objective 52.9937705
Variable types: 0 continuous, 136 integer (136 binary)

Root relaxation: objective 4.986817e-12, 8 iterations, 0.00 seconds (0.00 work units)

    Nodes    |    Current Node    |     Objective Bounds      |     Work
 Expl Unexpl |  Obj  Depth IntInf | Incumbent    BestBd   Gap | It/Node Time

     0     0    0.00000    0   16   52.99377    0.00000   100%     -    0s
H    0     0                      47.4846072    0.00000   100%     -    0s
     0     0   23.42532    0   16   47.48461   23.42532  50.7%     -    0s
     0     0   24.01346    0   19   47.48461   24.01346  49.4%     -    0s
     0     0   28.38673    0   43   47.48461   28.38673  40.2%     -    0s
     0     0   28.38673    0   43   47.48461   28.38673  40.2%     -    0s
     0     2   28.38673    0   43   47.48461   28.38673  40.2%     -    0s
*  143   105               9      46.9789729   34.49944  26.6%  23.4    0s
*  155   105               8      46.5803316   34.49944  25.9%  23.3    0s
*  218    84              10      45.2550181   34.49944  23.8%  21.5    0s

Cutting planes:
  Gomory: 4
  MIR: 40
  StrongCG: 2
  Mod-K: 1
  RLT: 13

Explored 462 nodes (8806 simplex iterations) in 0.08 seconds (0.07 work units)
Thread count was 8 (of 96 available processors)

Solution count 5: 45.255 46.5803 46.979 ... 52.9938

Optimal solution found (tolerance 1.00e-06)
Best objective 4.525501814483e+01, best bound 4.525501814483e+01, gap 0.0000%

User-callback calls 1039, time in user-callback 0.00 sec
