
Gurobi 13.0.0 (linux64) logging started Sun May  3 10:58:43 2026

Set parameter LogFile to value "logs/N=16_layers=2_presolve_off/N=16/seed=11/quantum_layers=2/precond_pen=0.800.log"
Set parameter MIPGap to value 1e-06
Set parameter Threads to value 8
Set parameter Presolve to value 0
Gurobi Optimizer version 13.0.0 build v13.0.0rc1 (linux64 - "Oracle Linux Server 9.7")

CPU model: AMD EPYC 7643 48-Core Processor, instruction set [SSE2|AVX|AVX2]
Thread count: 48 physical cores, 96 logical processors, using up to 8 threads

Non-default parameters:
MIPGap  1e-06
Presolve  0
Threads  8

Optimize a model with 1 rows, 16 columns and 16 nonzeros (Min)
Model fingerprint: 0x247b4923
Model has 16 linear objective coefficients and an objective constant of 6.5020351086770019e+00
Model has 120 quadratic objective terms
Variable types: 0 continuous, 16 integer (16 binary)
Coefficient statistics:
  Matrix range     [1e+00, 1e+00]
  Objective range  [1e+00, 2e+00]
  QObjective range [4e-03, 2e+00]
  Bounds range     [1e+00, 1e+00]
  RHS range        [8e+00, 8e+00]
Found heuristic solution: objective -1.6113825
Variable types: 0 continuous, 136 integer (136 binary)

Root relaxation: objective -1.087198e+01, 30 iterations, 0.00 seconds (0.00 work units)

    Nodes    |    Current Node    |     Objective Bounds      |     Work
 Expl Unexpl |  Obj  Depth IntInf | Incumbent    BestBd   Gap | It/Node Time

     0     0  -10.87198    0   16   -1.61138  -10.87198   575%     -    0s
H    0     0                      -2.5413143  -10.87198   328%     -    0s
H    0     0                      -3.5967295  -10.87198   202%     -    0s
H    0     0                      -4.9256719  -10.87198   121%     -    0s
     0     0   -5.29451    0   53   -4.92567   -5.29451  7.49%     -    0s

Cutting planes:
  Gomory: 5
  MIR: 122
  StrongCG: 9
  Flow cover: 2
  Zero half: 30
  RLT: 28
  BQP: 159

Explored 1 nodes (228 simplex iterations) in 0.04 seconds (0.03 work units)
Thread count was 8 (of 96 available processors)

Solution count 4: -4.92567 -3.59673 -2.54131 -1.61138 
No other solutions better than -4.92567

Optimal solution found (tolerance 1.00e-06)
Best objective -4.925671899721e+00, best bound -4.925671899721e+00, gap 0.0000%

User-callback calls 79, time in user-callback 0.00 sec
