
Gurobi 13.0.0 (linux64) logging started Tue Mar 31 15:12:53 2026

Set parameter LogFile to value "logs/N=16_layers=2_presolve_off/N=16/seed=29/n_qaoa_layers=2/precond_pen=0.500.log"
Set parameter MIPGap to value 1e-06
Set parameter Threads to value 8
Set parameter Presolve to value 0
Gurobi Optimizer version 13.0.0 build v13.0.0rc1 (linux64 - "Oracle Linux Server 9.7")

CPU model: AMD EPYC 7643 48-Core Processor, instruction set [SSE2|AVX|AVX2]
Thread count: 48 physical cores, 96 logical processors, using up to 8 threads

Non-default parameters:
MIPGap  1e-06
Presolve  0
Threads  8

Optimize a model with 1 rows, 16 columns and 16 nonzeros (Min)
Model fingerprint: 0xc1d34d9b
Model has 16 linear objective coefficients and an objective constant of 5.8677505693789982e+00
Model has 120 quadratic objective terms
Variable types: 0 continuous, 16 integer (16 binary)
Coefficient statistics:
  Matrix range     [1e+00, 1e+00]
  Objective range  [9e-01, 2e+00]
  QObjective range [5e-03, 3e+00]
  Bounds range     [1e+00, 1e+00]
  RHS range        [8e+00, 8e+00]
Found heuristic solution: objective -2.9660503
Variable types: 0 continuous, 136 integer (136 binary)

Root relaxation: objective -1.712004e+01, 21 iterations, 0.00 seconds (0.00 work units)

    Nodes    |    Current Node    |     Objective Bounds      |     Work
 Expl Unexpl |  Obj  Depth IntInf | Incumbent    BestBd   Gap | It/Node Time

     0     0  -17.12004    0   16   -2.96605  -17.12004   477%     -    0s
H    0     0                      -9.2630475  -17.12004  84.8%     -    0s
     0     0   -9.31373    0   62   -9.26305   -9.31373  0.55%     -    0s
     0     0     cutoff    0        -9.26305   -9.26305  0.00%     -    0s

Cutting planes:
  Gomory: 1
  MIR: 50
  Zero half: 23
  RLT: 32
  BQP: 164

Explored 1 nodes (221 simplex iterations) in 0.01 seconds (0.01 work units)
Thread count was 8 (of 96 available processors)

Solution count 2: -9.26305 -2.96605 
No other solutions better than -9.26305

Optimal solution found (tolerance 1.00e-06)
Best objective -9.263047519383e+00, best bound -9.263047519383e+00, gap 0.0000%

User-callback calls 68, time in user-callback 0.00 sec
