
Gurobi 13.0.0 (linux64) logging started Tue Mar 31 15:05:16 2026

Set parameter LogFile to value "logs/N=12_layers=2_presolve_on/N=12/seed=48/n_qaoa_layers=2/precond_pen=0.500.log"
Set parameter MIPGap to value 1e-06
Set parameter Threads to value 8
Gurobi Optimizer version 13.0.0 build v13.0.0rc1 (linux64 - "Oracle Linux Server 9.7")

CPU model: AMD EPYC 7643 48-Core Processor, instruction set [SSE2|AVX|AVX2]
Thread count: 48 physical cores, 96 logical processors, using up to 8 threads

Non-default parameters:
MIPGap  1e-06
Threads  8

Optimize a model with 1 rows, 12 columns and 12 nonzeros (Min)
Model fingerprint: 0x3214ddc5
Model has 12 linear objective coefficients and an objective constant of 4.2423308694089990e+00
Model has 66 quadratic objective terms
Variable types: 0 continuous, 12 integer (12 binary)
Coefficient statistics:
  Matrix range     [1e+00, 1e+00]
  Objective range  [1e+00, 2e+00]
  QObjective range [4e-02, 4e+00]
  Bounds range     [1e+00, 1e+00]
  RHS range        [6e+00, 6e+00]
Found heuristic solution: objective -1.1324509
Presolve time: 0.00s
Presolved: 67 rows, 78 columns, 210 nonzeros
Variable types: 0 continuous, 78 integer (78 binary)

Root relaxation: objective -1.058074e+01, 13 iterations, 0.00 seconds (0.00 work units)

    Nodes    |    Current Node    |     Objective Bounds      |     Work
 Expl Unexpl |  Obj  Depth IntInf | Incumbent    BestBd   Gap | It/Node Time

     0     0  -10.58074    0   12   -1.13245  -10.58074   834%     -    0s
H    0     0                      -5.0089562  -10.58074   111%     -    0s
H    0     0                      -5.4279090  -10.58074  94.9%     -    0s
H    0     0                      -5.9661931  -10.58074  77.3%     -    0s
     0     0   -5.96619    0   41   -5.96619   -5.96619  0.00%     -    0s

Cutting planes:
  Gomory: 1
  MIR: 19
  Zero half: 14
  RLT: 19
  BQP: 54

Explored 1 nodes (93 simplex iterations) in 0.01 seconds (0.00 work units)
Thread count was 8 (of 96 available processors)

Solution count 4: -5.96619 -5.42791 -5.00896 -1.13245 
No other solutions better than -5.96619

Optimal solution found (tolerance 1.00e-06)
Best objective -5.966193090053e+00, best bound -5.966193090053e+00, gap 0.0000%

User-callback calls 164, time in user-callback 0.00 sec
