
Gurobi 13.0.0 (linux64) logging started Tue Mar 31 15:05:16 2026

Set parameter LogFile to value "logs/N=12_layers=2_presolve_on/N=12/seed=48/n_qaoa_layers=2/precond_pen=0.400.log"
Set parameter MIPGap to value 1e-06
Set parameter Threads to value 8
Gurobi Optimizer version 13.0.0 build v13.0.0rc1 (linux64 - "Oracle Linux Server 9.7")

CPU model: AMD EPYC 7643 48-Core Processor, instruction set [SSE2|AVX|AVX2]
Thread count: 48 physical cores, 96 logical processors, using up to 8 threads

Non-default parameters:
MIPGap  1e-06
Threads  8

Optimize a model with 1 rows, 12 columns and 12 nonzeros (Min)
Model fingerprint: 0x03443533
Model has 12 linear objective coefficients and an objective constant of 3.9923734580500003e+00
Model has 66 quadratic objective terms
Variable types: 0 continuous, 12 integer (12 binary)
Coefficient statistics:
  Matrix range     [1e+00, 1e+00]
  Objective range  [8e-01, 2e+00]
  QObjective range [4e-02, 5e+00]
  Bounds range     [1e+00, 1e+00]
  RHS range        [6e+00, 6e+00]
Found heuristic solution: objective -1.1962331
Presolve time: 0.00s
Presolved: 67 rows, 78 columns, 210 nonzeros
Variable types: 0 continuous, 78 integer (78 binary)

Root relaxation: objective -1.250675e+01, 12 iterations, 0.00 seconds (0.00 work units)

    Nodes    |    Current Node    |     Objective Bounds      |     Work
 Expl Unexpl |  Obj  Depth IntInf | Incumbent    BestBd   Gap | It/Node Time

     0     0  -12.50675    0   12   -1.19623  -12.50675   946%     -    0s
H    0     0                      -2.0364525  -12.50675   514%     -    0s
H    0     0                      -6.6235581  -12.50675  88.8%     -    0s
H    0     0                      -6.6386075  -12.50675  88.4%     -    0s
H    0     0                      -7.4434737  -12.50675  68.0%     -    0s

Cutting planes:
  Gomory: 1
  MIR: 18
  Zero half: 14
  RLT: 20
  BQP: 55

Explored 1 nodes (12 simplex iterations) in 0.01 seconds (0.00 work units)
Thread count was 8 (of 96 available processors)

Solution count 5: -7.44347 -6.63861 -6.62356 ... -1.19623
No other solutions better than -7.44347

Optimal solution found (tolerance 1.00e-06)
Best objective -7.443473661492e+00, best bound -7.443473661492e+00, gap 0.0000%

User-callback calls 161, time in user-callback 0.00 sec
