
Gurobi 13.0.0 (linux64) logging started Sun May  3 11:04:24 2026

Set parameter LogFile to value "logs/N=12_layers=1_presolve_on/N=12/seed=46/quantum_layers=1/precond_pen=0.600.log"
Set parameter MIPGap to value 1e-06
Set parameter Threads to value 8
Gurobi Optimizer version 13.0.0 build v13.0.0rc1 (linux64 - "Oracle Linux Server 9.7")

CPU model: AMD EPYC 7643 48-Core Processor, instruction set [SSE2|AVX|AVX2]
Thread count: 48 physical cores, 96 logical processors, using up to 8 threads

Non-default parameters:
MIPGap  1e-06
Threads  8

Optimize a model with 1 rows, 12 columns and 12 nonzeros (Min)
Model fingerprint: 0x8284f7f9
Model has 12 linear objective coefficients and an objective constant of 4.7762697916490007e+00
Model has 66 quadratic objective terms
Variable types: 0 continuous, 12 integer (12 binary)
Coefficient statistics:
  Matrix range     [1e+00, 1e+00]
  Objective range  [1e+00, 2e+00]
  QObjective range [7e-04, 1e+00]
  Bounds range     [1e+00, 1e+00]
  RHS range        [6e+00, 6e+00]
Found heuristic solution: objective -0.5470364
Presolve time: 0.00s
Presolved: 67 rows, 78 columns, 210 nonzeros
Variable types: 0 continuous, 78 integer (78 binary)

Root relaxation: objective -4.888019e+00, 22 iterations, 0.00 seconds (0.00 work units)

    Nodes    |    Current Node    |     Objective Bounds      |     Work
 Expl Unexpl |  Obj  Depth IntInf | Incumbent    BestBd   Gap | It/Node Time

     0     0   -4.88802    0   12   -0.54704   -4.88802   794%     -    0s
H    0     0                      -0.6173774   -4.88802   692%     -    0s
H    0     0                      -1.7937647   -4.88802   173%     -    0s
     0     0   -1.79376    0   41   -1.79376   -1.79376  0.00%     -    0s

Cutting planes:
  Gomory: 1
  MIR: 32
  Zero half: 21
  RLT: 24
  BQP: 128

Explored 1 nodes (159 simplex iterations) in 0.01 seconds (0.01 work units)
Thread count was 8 (of 96 available processors)

Solution count 3: -1.79376 -0.617377 -0.547036 
No other solutions better than -1.79376

Optimal solution found (tolerance 1.00e-06)
Best objective -1.793764661497e+00, best bound -1.793764661497e+00, gap 0.0000%

User-callback calls 162, time in user-callback 0.00 sec
