
Gurobi 13.0.0 (linux64) logging started Sun May  3 11:04:24 2026

Set parameter LogFile to value "logs/N=12_layers=1_presolve_on/N=12/seed=46/quantum_layers=1/precond_pen=0.200.log"
Set parameter MIPGap to value 1e-06
Set parameter Threads to value 8
Gurobi Optimizer version 13.0.0 build v13.0.0rc1 (linux64 - "Oracle Linux Server 9.7")

CPU model: AMD EPYC 7643 48-Core Processor, instruction set [SSE2|AVX|AVX2]
Thread count: 48 physical cores, 96 logical processors, using up to 8 threads

Non-default parameters:
MIPGap  1e-06
Threads  8

Optimize a model with 1 rows, 12 columns and 12 nonzeros (Min)
Model fingerprint: 0x64dec803
Model has 12 linear objective coefficients and an objective constant of -4.9480100228119985e+00
Model has 66 quadratic objective terms
Variable types: 0 continuous, 12 integer (12 binary)
Coefficient statistics:
  Matrix range     [1e+00, 1e+00]
  Objective range  [8e-01, 4e+00]
  QObjective range [2e-02, 4e+00]
  Bounds range     [1e+00, 1e+00]
  RHS range        [6e+00, 6e+00]
Found heuristic solution: objective 0.1839942
Presolve time: 0.00s
Presolved: 67 rows, 78 columns, 210 nonzeros
Variable types: 0 continuous, 78 integer (78 binary)

Root relaxation: objective -1.178081e+01, 11 iterations, 0.00 seconds (0.00 work units)

    Nodes    |    Current Node    |     Objective Bounds      |     Work
 Expl Unexpl |  Obj  Depth IntInf | Incumbent    BestBd   Gap | It/Node Time

     0     0  -11.78081    0   12    0.18399  -11.78081  6503%     -    0s
H    0     0                      -3.0349644  -11.78081   288%     -    0s
H    0     0                      -4.5216295  -11.78081   161%     -    0s
     0     0   -5.92105    0   48   -4.52163   -5.92105  30.9%     -    0s

Cutting planes:
  Gomory: 10
  Cover: 1
  Dual implied bound: 3
  MIR: 12
  Zero half: 6
  RLT: 11
  BQP: 27

Explored 1 nodes (100 simplex iterations) in 0.01 seconds (0.01 work units)
Thread count was 8 (of 96 available processors)

Solution count 3: -4.52163 -3.03496 0.183994 
No other solutions better than -4.52163

Optimal solution found (tolerance 1.00e-06)
Best objective -4.521629515526e+00, best bound -4.521629515526e+00, gap 0.0000%

User-callback calls 167, time in user-callback 0.00 sec
