
Gurobi 13.0.0 (linux64) logging started Tue Mar 31 15:12:50 2026

Set parameter LogFile to value "logs/N=16_layers=2_presolve_off/N=16/seed=17/n_qaoa_layers=2/precond_pen=1.000.log"
Set parameter MIPGap to value 1e-06
Set parameter Threads to value 8
Set parameter Presolve to value 0
Gurobi Optimizer version 13.0.0 build v13.0.0rc1 (linux64 - "Oracle Linux Server 9.7")

CPU model: AMD EPYC 7643 48-Core Processor, instruction set [SSE2|AVX|AVX2]
Thread count: 48 physical cores, 96 logical processors, using up to 8 threads

Non-default parameters:
MIPGap  1e-06
Presolve  0
Threads  8

Optimize a model with 1 rows, 16 columns and 16 nonzeros (Min)
Model fingerprint: 0x60d47762
Model has 16 linear objective coefficients and an objective constant of 7.3257159645459984e+00
Model has 120 quadratic objective terms
Variable types: 0 continuous, 16 integer (16 binary)
Coefficient statistics:
  Matrix range     [1e+00, 1e+00]
  Objective range  [2e+00, 2e+00]
  QObjective range [3e-03, 1e+00]
  Bounds range     [1e+00, 1e+00]
  RHS range        [8e+00, 8e+00]
Found heuristic solution: objective -0.5498316
Variable types: 0 continuous, 136 integer (136 binary)

Root relaxation: objective -7.336832e+00, 40 iterations, 0.00 seconds (0.00 work units)

    Nodes    |    Current Node    |     Objective Bounds      |     Work
 Expl Unexpl |  Obj  Depth IntInf | Incumbent    BestBd   Gap | It/Node Time

     0     0   -7.33683    0   16   -0.54983   -7.33683  1234%     -    0s
H    0     0                      -0.8663613   -7.33683   747%     -    0s
H    0     0                      -1.7139309   -7.33683   328%     -    0s
H    0     0                      -1.7683155   -5.35261   203%     -    0s
     0     0   -2.11299    0  115   -1.76832   -2.11299  19.5%     -    0s
     0     0   -1.88525    0  111   -1.76832   -1.88525  6.61%     -    0s
     0     0   -1.87990    0  111   -1.76832   -1.87990  6.31%     -    0s
     0     0   -1.87990    0  111   -1.76832   -1.87990  6.31%     -    0s
     0     2   -1.87990    0  111   -1.76832   -1.87990  6.31%     -    0s

Cutting planes:
  MIR: 61
  StrongCG: 5
  Zero half: 19
  RLT: 28
  BQP: 232

Explored 17 nodes (1498 simplex iterations) in 0.12 seconds (0.10 work units)
Thread count was 8 (of 96 available processors)

Solution count 4: -1.76832 -1.71393 -0.866361 -0.549832 
No other solutions better than -1.76832

Optimal solution found (tolerance 1.00e-06)
Best objective -1.768315515916e+00, best bound -1.768315515916e+00, gap 0.0000%

User-callback calls 149, time in user-callback 0.00 sec
