
Gurobi 13.0.0 (linux64) logging started Tue Mar 31 15:12:50 2026

Set parameter LogFile to value "logs/N=16_layers=2_presolve_off/N=16/seed=17/n_qaoa_layers=2/precond_pen=0.800.log"
Set parameter MIPGap to value 1e-06
Set parameter Threads to value 8
Set parameter Presolve to value 0
Gurobi Optimizer version 13.0.0 build v13.0.0rc1 (linux64 - "Oracle Linux Server 9.7")

CPU model: AMD EPYC 7643 48-Core Processor, instruction set [SSE2|AVX|AVX2]
Thread count: 48 physical cores, 96 logical processors, using up to 8 threads

Non-default parameters:
MIPGap  1e-06
Presolve  0
Threads  8

Optimize a model with 1 rows, 16 columns and 16 nonzeros (Min)
Model fingerprint: 0xc081f150
Model has 16 linear objective coefficients and an objective constant of 6.6039026408599977e+00
Model has 120 quadratic objective terms
Variable types: 0 continuous, 16 integer (16 binary)
Coefficient statistics:
  Matrix range     [1e+00, 1e+00]
  Objective range  [1e+00, 2e+00]
  QObjective range [2e-04, 2e+00]
  Bounds range     [1e+00, 1e+00]
  RHS range        [8e+00, 8e+00]
Found heuristic solution: objective -0.5807101
Variable types: 0 continuous, 136 integer (136 binary)

Root relaxation: objective -9.231338e+00, 36 iterations, 0.00 seconds (0.00 work units)

    Nodes    |    Current Node    |     Objective Bounds      |     Work
 Expl Unexpl |  Obj  Depth IntInf | Incumbent    BestBd   Gap | It/Node Time

     0     0   -9.23134    0   16   -0.58071   -9.23134  1490%     -    0s
H    0     0                      -1.3116266   -9.23134   604%     -    0s
H    0     0                      -1.8693936   -9.23134   394%     -    0s
H    0     0                      -2.0580849   -9.23134   349%     -    0s
H    0     0                      -3.4798850   -9.23134   165%     -    0s
H    0     0                      -3.5740680   -9.23134   158%     -    0s
     0     0   -3.91147    0   66   -3.57407   -3.91147  9.44%     -    0s
     0     0   -3.57407    0  114   -3.57407   -3.57407  0.00%     -    0s

Cutting planes:
  Gomory: 11
  MIR: 181
  Flow cover: 7
  Zero half: 21
  RLT: 22
  BQP: 160

Explored 1 nodes (454 simplex iterations) in 0.04 seconds (0.03 work units)
Thread count was 8 (of 96 available processors)

Solution count 6: -3.57407 -3.47988 -2.05808 ... -0.58071
No other solutions better than -3.57407

Optimal solution found (tolerance 1.00e-06)
Best objective -3.574068029794e+00, best bound -3.574068029794e+00, gap 0.0000%

User-callback calls 86, time in user-callback 0.00 sec
