
Gurobi 13.0.0 (linux64) logging started Tue Mar 31 15:12:50 2026

Set parameter LogFile to value "logs/N=16_layers=2_presolve_off/N=16/seed=17/n_qaoa_layers=2/precond_pen=0.400.log"
Set parameter MIPGap to value 1e-06
Set parameter Threads to value 8
Set parameter Presolve to value 0
Gurobi Optimizer version 13.0.0 build v13.0.0rc1 (linux64 - "Oracle Linux Server 9.7")

CPU model: AMD EPYC 7643 48-Core Processor, instruction set [SSE2|AVX|AVX2]
Thread count: 48 physical cores, 96 logical processors, using up to 8 threads

Non-default parameters:
MIPGap  1e-06
Presolve  0
Threads  8

Optimize a model with 1 rows, 16 columns and 16 nonzeros (Min)
Model fingerprint: 0x18aaa50b
Model has 16 linear objective coefficients and an objective constant of 5.5880471479279992e+00
Model has 120 quadratic objective terms
Variable types: 0 continuous, 16 integer (16 binary)
Coefficient statistics:
  Matrix range     [1e+00, 1e+00]
  Objective range  [6e-01, 2e+00]
  QObjective range [2e-02, 4e+00]
  Bounds range     [1e+00, 1e+00]
  RHS range        [8e+00, 8e+00]
Found heuristic solution: objective -0.6168002
Variable types: 0 continuous, 136 integer (136 binary)

Root relaxation: objective -1.918977e+01, 19 iterations, 0.00 seconds (0.00 work units)

    Nodes    |    Current Node    |     Objective Bounds      |     Work
 Expl Unexpl |  Obj  Depth IntInf | Incumbent    BestBd   Gap | It/Node Time

     0     0  -19.18977    0   16   -0.61680  -19.18977  3011%     -    0s
H    0     0                      -5.8934541  -19.18977   226%     -    0s
H    0     0                      -8.3967062  -19.18977   129%     -    0s
H    0     0                      -9.0381656  -19.18977   112%     -    0s
     0     0  -10.24799    0   59   -9.03817  -10.24799  13.4%     -    0s
H    0     0                      -9.3829283  -10.24799  9.22%     -    0s

Cutting planes:
  Gomory: 10
  MIR: 100
  StrongCG: 7
  Zero half: 23
  RLT: 28
  BQP: 124

Explored 1 nodes (218 simplex iterations) in 0.03 seconds (0.02 work units)
Thread count was 8 (of 96 available processors)

Solution count 5: -9.38293 -9.03817 -8.39671 ... -0.6168
No other solutions better than -9.38293

Optimal solution found (tolerance 1.00e-06)
Best objective -9.382928334984e+00, best bound -9.382928334984e+00, gap 0.0000%

User-callback calls 78, time in user-callback 0.00 sec
