
Gurobi 13.0.0 (linux64) logging started Tue Mar 31 15:12:50 2026

Set parameter LogFile to value "logs/N=16_layers=2_presolve_off/N=16/seed=17/n_qaoa_layers=2/precond_pen=0.700.log"
Set parameter MIPGap to value 1e-06
Set parameter Threads to value 8
Set parameter Presolve to value 0
Gurobi Optimizer version 13.0.0 build v13.0.0rc1 (linux64 - "Oracle Linux Server 9.7")

CPU model: AMD EPYC 7643 48-Core Processor, instruction set [SSE2|AVX|AVX2]
Thread count: 48 physical cores, 96 logical processors, using up to 8 threads

Non-default parameters:
MIPGap  1e-06
Presolve  0
Threads  8

Optimize a model with 1 rows, 16 columns and 16 nonzeros (Min)
Model fingerprint: 0x82ef49f3
Model has 16 linear objective coefficients and an objective constant of 6.4335266102909978e+00
Model has 120 quadratic objective terms
Variable types: 0 continuous, 16 integer (16 binary)
Coefficient statistics:
  Matrix range     [1e+00, 1e+00]
  Objective range  [1e+00, 2e+00]
  QObjective range [1e-03, 2e+00]
  Bounds range     [1e+00, 1e+00]
  RHS range        [8e+00, 8e+00]
Found heuristic solution: objective -0.5959921
Variable types: 0 continuous, 136 integer (136 binary)

Root relaxation: objective -1.072316e+01, 30 iterations, 0.00 seconds (0.00 work units)

    Nodes    |    Current Node    |     Objective Bounds      |     Work
 Expl Unexpl |  Obj  Depth IntInf | Incumbent    BestBd   Gap | It/Node Time

     0     0  -10.72316    0   16   -0.59599  -10.72316  1699%     -    0s
H    0     0                      -2.3793724  -10.72316   351%     -    0s
H    0     0                      -2.8363636  -10.72316   278%     -    0s
H    0     0                      -4.4411326  -10.72316   141%     -    0s
     0     0   -4.94974    0   70   -4.44113   -4.94974  11.5%     -    0s
     0     0   -4.44113    0  105   -4.44113   -4.44113  0.00%     -    0s

Cutting planes:
  Gomory: 16
  MIR: 149
  Flow cover: 2
  Zero half: 20
  RLT: 19
  BQP: 123

Explored 1 nodes (420 simplex iterations) in 0.04 seconds (0.03 work units)
Thread count was 8 (of 96 available processors)

Solution count 4: -4.44113 -2.83636 -2.37937 -0.595992 
No other solutions better than -4.44113

Optimal solution found (tolerance 1.00e-06)
Best objective -4.441132593875e+00, best bound -4.441132593875e+00, gap 0.0000%

User-callback calls 82, time in user-callback 0.00 sec
