
Gurobi 13.0.0 (linux64) logging started Sun Mar 22 16:50:45 2026

Set parameter LogFile to value "logs/N=12_presolve_off/N=12/seed=12/n_qaoa_layers=1/precond_pen=0.300.log"
Set parameter MIPGap to value 1e-06
Set parameter Threads to value 8
Set parameter Presolve to value 0
Gurobi Optimizer version 13.0.0 build v13.0.0rc1 (linux64 - "Oracle Linux Server 9.7")

CPU model: AMD EPYC 7643 48-Core Processor, instruction set [SSE2|AVX|AVX2]
Thread count: 48 physical cores, 96 logical processors, using up to 8 threads

Non-default parameters:
MIPGap  1e-06
Presolve  0
Threads  8

Optimize a model with 1 rows, 12 columns and 12 nonzeros (Min)
Model fingerprint: 0xe2c1b84b
Model has 12 linear objective coefficients and an objective constant of 2.3079993730459991e+00
Model has 66 quadratic objective terms
Variable types: 0 continuous, 12 integer (12 binary)
Coefficient statistics:
  Matrix range     [1e+00, 1e+00]
  Objective range  [9e-02, 2e+00]
  QObjective range [4e-02, 4e+00]
  Bounds range     [1e+00, 1e+00]
  RHS range        [6e+00, 6e+00]
Found heuristic solution: objective -0.5209438
Variable types: 0 continuous, 78 integer (78 binary)

Root relaxation: objective -1.139254e+01, 9 iterations, 0.00 seconds (0.00 work units)

    Nodes    |    Current Node    |     Objective Bounds      |     Work
 Expl Unexpl |  Obj  Depth IntInf | Incumbent    BestBd   Gap | It/Node Time

     0     0  -11.39254    0   12   -0.52094  -11.39254  2087%     -    0s
H    0     0                      -1.0499048  -11.39254   985%     -    0s
H    0     0                      -1.6117054  -11.39254   607%     -    0s
H    0     0                      -2.5163506  -11.39254   353%     -    0s
H    0     0                      -6.3606468  -11.39254  79.1%     -    0s

Cutting planes:
  Gomory: 2
  MIR: 25
  Zero half: 11
  RLT: 17
  BQP: 49

Explored 1 nodes (9 simplex iterations) in 0.01 seconds (0.00 work units)
Thread count was 8 (of 96 available processors)

Solution count 5: -6.36065 -2.51635 -1.61171 ... -0.520944
No other solutions better than -6.36065

Optimal solution found (tolerance 1.00e-06)
Best objective -6.360646757560e+00, best bound -6.360646757560e+00, gap 0.0000%

User-callback calls 66, time in user-callback 0.00 sec
