
Gurobi 13.0.0 (linux64) logging started Sun Mar 22 16:50:45 2026

Set parameter LogFile to value "logs/N=12_presolve_off/N=12/seed=12/n_qaoa_layers=1/precond_pen=0.700.log"
Set parameter MIPGap to value 1e-06
Set parameter Threads to value 8
Set parameter Presolve to value 0
Gurobi Optimizer version 13.0.0 build v13.0.0rc1 (linux64 - "Oracle Linux Server 9.7")

CPU model: AMD EPYC 7643 48-Core Processor, instruction set [SSE2|AVX|AVX2]
Thread count: 48 physical cores, 96 logical processors, using up to 8 threads

Non-default parameters:
MIPGap  1e-06
Presolve  0
Threads  8

Optimize a model with 1 rows, 12 columns and 12 nonzeros (Min)
Model fingerprint: 0x0929adf0
Model has 12 linear objective coefficients and an objective constant of 4.8510795591439990e+00
Model has 66 quadratic objective terms
Variable types: 0 continuous, 12 integer (12 binary)
Coefficient statistics:
  Matrix range     [1e+00, 1e+00]
  Objective range  [1e+00, 2e+00]
  QObjective range [1e-03, 1e+00]
  Bounds range     [1e+00, 1e+00]
  RHS range        [6e+00, 6e+00]
Found heuristic solution: objective -0.6027662
Variable types: 0 continuous, 78 integer (78 binary)

Root relaxation: objective -4.851452e+00, 18 iterations, 0.00 seconds (0.00 work units)

    Nodes    |    Current Node    |     Objective Bounds      |     Work
 Expl Unexpl |  Obj  Depth IntInf | Incumbent    BestBd   Gap | It/Node Time

     0     0   -4.85145    0   12   -0.60277   -4.85145   705%     -    0s
H    0     0                      -1.1004194   -4.85145   341%     -    0s
H    0     0                      -1.6887156   -4.85145   187%     -    0s
     0     0   -1.68872    0   42   -1.68872   -1.68872  0.00%     -    0s

Cutting planes:
  Gomory: 1
  MIR: 50
  Zero half: 22
  RLT: 25
  BQP: 137

Explored 1 nodes (147 simplex iterations) in 0.01 seconds (0.00 work units)
Thread count was 8 (of 96 available processors)

Solution count 3: -1.68872 -1.10042 -0.602766 
No other solutions better than -1.68872

Optimal solution found (tolerance 1.00e-06)
Best objective -1.688715603626e+00, best bound -1.688715603626e+00, gap 0.0000%

User-callback calls 68, time in user-callback 0.00 sec
