
Gurobi 13.0.0 (linux64) logging started Sun May  3 11:04:17 2026

Set parameter LogFile to value "logs/N=12_layers=1_presolve_on/N=12/seed=7/quantum_layers=1/precond_pen=0.100.log"
Set parameter MIPGap to value 1e-06
Set parameter Threads to value 8
Gurobi Optimizer version 13.0.0 build v13.0.0rc1 (linux64 - "Oracle Linux Server 9.7")

CPU model: AMD EPYC 7643 48-Core Processor, instruction set [SSE2|AVX|AVX2]
Thread count: 48 physical cores, 96 logical processors, using up to 8 threads

Non-default parameters:
MIPGap  1e-06
Threads  8

Optimize a model with 1 rows, 12 columns and 12 nonzeros (Min)
Model fingerprint: 0xd4d8a75f
Model has 12 linear objective coefficients and an objective constant of -17.36939503582
Model has 66 quadratic objective terms
Variable types: 0 continuous, 12 integer (12 binary)
Coefficient statistics:
  Matrix range     [1e+00, 1e+00]
  Objective range  [3e+00, 8e+00]
  QObjective range [5e-02, 4e+00]
  Bounds range     [1e+00, 1e+00]
  RHS range        [6e+00, 6e+00]
Found heuristic solution: objective 2.1592232
Presolve time: 0.00s
Presolved: 67 rows, 78 columns, 210 nonzeros
Variable types: 0 continuous, 78 integer (78 binary)

Root relaxation: objective -1.736940e+01, 6 iterations, 0.00 seconds (0.00 work units)

    Nodes    |    Current Node    |     Objective Bounds      |     Work
 Expl Unexpl |  Obj  Depth IntInf | Incumbent    BestBd   Gap | It/Node Time

     0     0  -17.36940    0   12    2.15922  -17.36940   904%     -    0s
H    0     0                       1.9965336  -17.36940   970%     -    0s
H    0     0                       1.1946512  -17.36940  1554%     -    0s
H    0     0                      -1.4588783  -17.36940  1091%     -    0s
     0     0   -5.51938    0   18   -1.45888   -5.51938   278%     -    0s
     0     0   -5.51938    0   19   -1.45888   -5.51938   278%     -    0s
     0     0   -3.88353    0   39   -1.45888   -3.88353   166%     -    0s
     0     0   -3.87837    0   39   -1.45888   -3.87837   166%     -    0s
     0     2   -3.70023    0   39   -1.45888   -3.70023   154%     -    0s

Cutting planes:
  Gomory: 1
  Cover: 1
  Dual implied bound: 14
  MIR: 9
  RLT: 8

Explored 23 nodes (495 simplex iterations) in 0.03 seconds (0.01 work units)
Thread count was 8 (of 96 available processors)

Solution count 4: -1.45888 1.19465 1.99653 2.15922 
No other solutions better than -1.45888

Optimal solution found (tolerance 1.00e-06)
Best objective -1.458878256528e+00, best bound -1.458878256528e+00, gap 0.0000%

User-callback calls 232, time in user-callback 0.00 sec
