
Gurobi 13.0.0 (linux64) logging started Sun May  3 11:04:17 2026

Set parameter LogFile to value "logs/N=12_layers=1_presolve_on/N=12/seed=7/quantum_layers=1/precond_pen=0.200.log"
Set parameter MIPGap to value 1e-06
Set parameter Threads to value 8
Gurobi Optimizer version 13.0.0 build v13.0.0rc1 (linux64 - "Oracle Linux Server 9.7")

CPU model: AMD EPYC 7643 48-Core Processor, instruction set [SSE2|AVX|AVX2]
Thread count: 48 physical cores, 96 logical processors, using up to 8 threads

Non-default parameters:
MIPGap  1e-06
Threads  8

Optimize a model with 1 rows, 12 columns and 12 nonzeros (Min)
Model fingerprint: 0xde085566
Model has 12 linear objective coefficients and an objective constant of -5.0745651459930023e+00
Model has 66 quadratic objective terms
Variable types: 0 continuous, 12 integer (12 binary)
Coefficient statistics:
  Matrix range     [1e+00, 1e+00]
  Objective range  [7e-02, 4e+00]
  QObjective range [3e-02, 4e+00]
  Bounds range     [1e+00, 1e+00]
  RHS range        [6e+00, 6e+00]
Found heuristic solution: objective 1.4345082
Presolve time: 0.00s
Presolved: 67 rows, 78 columns, 210 nonzeros
Variable types: 0 continuous, 78 integer (78 binary)

Root relaxation: objective -1.084382e+01, 9 iterations, 0.00 seconds (0.00 work units)

    Nodes    |    Current Node    |     Objective Bounds      |     Work
 Expl Unexpl |  Obj  Depth IntInf | Incumbent    BestBd   Gap | It/Node Time

     0     0  -10.84382    0   12    1.43451  -10.84382   856%     -    0s
H    0     0                      -0.2848647  -10.84382  3707%     -    0s
H    0     0                      -0.5799880  -10.84382  1770%     -    0s
H    0     0                      -3.8420885  -10.84382   182%     -    0s
     0     0   -3.84209    0   47   -3.84209   -3.84209  0.00%     -    0s

Cutting planes:
  Gomory: 1
  MIR: 21
  Zero half: 21
  RLT: 21
  BQP: 61

Explored 1 nodes (140 simplex iterations) in 0.01 seconds (0.00 work units)
Thread count was 8 (of 96 available processors)

Solution count 4: -3.84209 -0.579988 -0.284865 1.43451 
No other solutions better than -3.84209

Optimal solution found (tolerance 1.00e-06)
Best objective -3.842088533113e+00, best bound -3.842088533113e+00, gap 0.0000%

User-callback calls 165, time in user-callback 0.00 sec
