
Gurobi 13.0.0 (linux64) logging started Sun May  3 11:06:40 2026

Set parameter LogFile to value "logs/N=12_layers=2_presolve_off/N=12/seed=22/quantum_layers=2/precond_pen=0.500.log"
Set parameter MIPGap to value 1e-06
Set parameter Threads to value 8
Set parameter Presolve to value 0
Gurobi Optimizer version 13.0.0 build v13.0.0rc1 (linux64 - "Oracle Linux Server 9.7")

CPU model: AMD EPYC 7643 48-Core Processor, instruction set [SSE2|AVX|AVX2]
Thread count: 48 physical cores, 96 logical processors, using up to 8 threads

Non-default parameters:
MIPGap  1e-06
Presolve  0
Threads  8

Optimize a model with 1 rows, 12 columns and 12 nonzeros (Min)
Model fingerprint: 0xaaf37624
Model has 12 linear objective coefficients and an objective constant of 4.035634310386
Model has 66 quadratic objective terms
Variable types: 0 continuous, 12 integer (12 binary)
Coefficient statistics:
  Matrix range     [1e+00, 1e+00]
  Objective range  [3e-01, 3e+00]
  QObjective range [2e-02, 4e+00]
  Bounds range     [1e+00, 1e+00]
  RHS range        [6e+00, 6e+00]
Found heuristic solution: objective 2.2932783
Variable types: 0 continuous, 78 integer (78 binary)

Root relaxation: objective -1.079409e+01, 16 iterations, 0.00 seconds (0.00 work units)

    Nodes    |    Current Node    |     Objective Bounds      |     Work
 Expl Unexpl |  Obj  Depth IntInf | Incumbent    BestBd   Gap | It/Node Time

     0     0  -10.79409    0   12    2.29328  -10.79409   571%     -    0s
H    0     0                      -1.0907782  -10.79409   890%     -    0s
H    0     0                      -1.3756710  -10.79409   685%     -    0s
H    0     0                      -6.6496050  -10.79409  62.3%     -    0s

Cutting planes:
  Gomory: 1
  MIR: 22
  Zero half: 16
  RLT: 16
  BQP: 53

Explored 1 nodes (16 simplex iterations) in 0.01 seconds (0.00 work units)
Thread count was 8 (of 96 available processors)

Solution count 4: -6.6496 -1.37567 -1.09078 2.29328 
No other solutions better than -6.6496

Optimal solution found (tolerance 1.00e-06)
Best objective -6.649604961496e+00, best bound -6.649604961496e+00, gap 0.0000%

User-callback calls 64, time in user-callback 0.00 sec
