
Gurobi 13.0.0 (linux64) logging started Sun May  3 11:06:40 2026

Set parameter LogFile to value "logs/N=12_layers=2_presolve_off/N=12/seed=22/quantum_layers=2/precond_pen=0.700.log"
Set parameter MIPGap to value 1e-06
Set parameter Threads to value 8
Set parameter Presolve to value 0
Gurobi Optimizer version 13.0.0 build v13.0.0rc1 (linux64 - "Oracle Linux Server 9.7")

CPU model: AMD EPYC 7643 48-Core Processor, instruction set [SSE2|AVX|AVX2]
Thread count: 48 physical cores, 96 logical processors, using up to 8 threads

Non-default parameters:
MIPGap  1e-06
Presolve  0
Threads  8

Optimize a model with 1 rows, 12 columns and 12 nonzeros (Min)
Model fingerprint: 0x8bc0948b
Model has 12 linear objective coefficients and an objective constant of 4.5772873054709988e+00
Model has 66 quadratic objective terms
Variable types: 0 continuous, 12 integer (12 binary)
Coefficient statistics:
  Matrix range     [1e+00, 1e+00]
  Objective range  [1e+00, 2e+00]
  QObjective range [1e-03, 3e+00]
  Bounds range     [1e+00, 1e+00]
  RHS range        [6e+00, 6e+00]
Found heuristic solution: objective 1.4072641
Variable types: 0 continuous, 78 integer (78 binary)

Root relaxation: objective -7.112139e+00, 23 iterations, 0.00 seconds (0.00 work units)

    Nodes    |    Current Node    |     Objective Bounds      |     Work
 Expl Unexpl |  Obj  Depth IntInf | Incumbent    BestBd   Gap | It/Node Time

     0     0   -7.11214    0   12    1.40726   -7.11214   605%     -    0s
H    0     0                      -0.7525933   -7.11214   845%     -    0s
H    0     0                      -1.0452676   -7.11214   580%     -    0s
H    0     0                      -3.1225757   -7.11214   128%     -    0s
H    0     0                      -4.0755878   -7.11214  74.5%     -    0s

Cutting planes:
  Gomory: 1
  MIR: 25
  Zero half: 14
  RLT: 17
  BQP: 66

Explored 1 nodes (23 simplex iterations) in 0.01 seconds (0.00 work units)
Thread count was 8 (of 96 available processors)

Solution count 5: -4.07559 -3.12258 -1.04527 ... 1.40726
No other solutions better than -4.07559

Optimal solution found (tolerance 1.00e-06)
Best objective -4.075587815031e+00, best bound -4.075587815031e+00, gap 0.0000%

User-callback calls 66, time in user-callback 0.00 sec
