
Gurobi 13.0.0 (linux64) logging started Sun May  3 10:54:15 2026

Set parameter LogFile to value "logs/N=16_layers=1_presolve_off/N=16/seed=12/quantum_layers=1/precond_pen=0.200.log"
Set parameter MIPGap to value 1e-06
Set parameter Threads to value 8
Set parameter Presolve to value 0
Gurobi Optimizer version 13.0.0 build v13.0.0rc1 (linux64 - "Oracle Linux Server 9.7")

CPU model: AMD EPYC 7643 48-Core Processor, instruction set [SSE2|AVX|AVX2]
Thread count: 48 physical cores, 96 logical processors, using up to 8 threads

Non-default parameters:
MIPGap  1e-06
Presolve  0
Threads  8

Optimize a model with 1 rows, 16 columns and 16 nonzeros (Min)
Model fingerprint: 0x4ea5acbc
Model has 16 linear objective coefficients and an objective constant of -10.402990144022
Model has 120 quadratic objective terms
Variable types: 0 continuous, 16 integer (16 binary)
Coefficient statistics:
  Matrix range     [1e+00, 1e+00]
  Objective range  [3e-01, 5e+00]
  QObjective range [2e-02, 3e+00]
  Bounds range     [1e+00, 1e+00]
  RHS range        [8e+00, 8e+00]
Found heuristic solution: objective 2.0387479
Variable types: 0 continuous, 136 integer (136 binary)

Root relaxation: objective -1.817402e+01, 25 iterations, 0.00 seconds (0.00 work units)

    Nodes    |    Current Node    |     Objective Bounds      |     Work
 Expl Unexpl |  Obj  Depth IntInf | Incumbent    BestBd   Gap | It/Node Time

     0     0  -18.17402    0   16    2.03875  -18.17402   991%     -    0s
H    0     0                       0.9546263  -18.17402  2004%     -    0s
H    0     0                      -0.4798463  -18.17402  3687%     -    0s
H    0     0                      -6.7934466  -18.17402   168%     -    0s
     0     0   -8.46300    0   93   -6.79345   -8.46300  24.6%     -    0s
     0     0   -6.79345    0  111   -6.79345   -6.79345  0.00%     -    0s

Cutting planes:
  Gomory: 6
  Cover: 1
  MIR: 29
  Zero half: 16
  Mod-K: 1
  RLT: 31
  BQP: 65

Explored 1 nodes (442 simplex iterations) in 0.04 seconds (0.03 work units)
Thread count was 8 (of 96 available processors)

Solution count 4: -6.79345 -0.479846 0.954626 2.03875 
No other solutions better than -6.79345

Optimal solution found (tolerance 1.00e-06)
Best objective -6.793446606150e+00, best bound -6.793446606150e+00, gap 0.0000%

User-callback calls 84, time in user-callback 0.00 sec
