
Gurobi 13.0.0 (linux64) logging started Sun May  3 10:54:15 2026

Set parameter LogFile to value "logs/N=16_layers=1_presolve_off/N=16/seed=12/quantum_layers=1/precond_pen=0.800.log"
Set parameter MIPGap to value 1e-06
Set parameter Threads to value 8
Set parameter Presolve to value 0
Gurobi Optimizer version 13.0.0 build v13.0.0rc1 (linux64 - "Oracle Linux Server 9.7")

CPU model: AMD EPYC 7643 48-Core Processor, instruction set [SSE2|AVX|AVX2]
Thread count: 48 physical cores, 96 logical processors, using up to 8 threads

Non-default parameters:
MIPGap  1e-06
Presolve  0
Threads  8

Optimize a model with 1 rows, 16 columns and 16 nonzeros (Min)
Model fingerprint: 0x1f3e2386
Model has 16 linear objective coefficients and an objective constant of 6.7337050820810012e+00
Model has 120 quadratic objective terms
Variable types: 0 continuous, 16 integer (16 binary)
Coefficient statistics:
  Matrix range     [1e+00, 1e+00]
  Objective range  [2e+00, 2e+00]
  QObjective range [7e-02, 8e-01]
  Bounds range     [1e+00, 1e+00]
  RHS range        [8e+00, 8e+00]
Found heuristic solution: objective -0.2199485
Variable types: 0 continuous, 136 integer (136 binary)

Root relaxation: objective -6.733705e+00, 40 iterations, 0.00 seconds (0.00 work units)

    Nodes    |    Current Node    |     Objective Bounds      |     Work
 Expl Unexpl |  Obj  Depth IntInf | Incumbent    BestBd   Gap | It/Node Time

     0     0   -6.73371    0   16   -0.21995   -6.73371  2961%     -    0s
H    0     0                      -0.4966866   -6.73371  1256%     -    0s
H    0     0                      -1.7363871   -6.73371   288%     -    0s
     0     0     cutoff    0        -1.73639   -1.73639  0.00%     -    0s

Cutting planes:
  Gomory: 1
  MIR: 101
  Zero half: 47
  RLT: 41
  BQP: 401

Explored 1 nodes (562 simplex iterations) in 0.03 seconds (0.03 work units)
Thread count was 8 (of 96 available processors)

Solution count 3: -1.73639 -0.496687 -0.219948 
No other solutions better than -1.73639

Optimal solution found (tolerance 1.00e-06)
Best objective -1.736387060597e+00, best bound -1.736387060597e+00, gap 0.0000%

User-callback calls 67, time in user-callback 0.00 sec
