
Gurobi 13.0.0 (linux64) logging started Sun May  3 11:08:51 2026

Set parameter LogFile to value "logs/N=12_layers=3_presolve_on/N=12/seed=3/quantum_layers=3/precond_pen=0.600.log"
Set parameter MIPGap to value 1e-06
Set parameter Threads to value 8
Gurobi Optimizer version 13.0.0 build v13.0.0rc1 (linux64 - "Oracle Linux Server 9.7")

CPU model: AMD EPYC 7643 48-Core Processor, instruction set [SSE2|AVX|AVX2]
Thread count: 48 physical cores, 96 logical processors, using up to 8 threads

Non-default parameters:
MIPGap  1e-06
Threads  8

Optimize a model with 1 rows, 12 columns and 12 nonzeros (Min)
Model fingerprint: 0x09d6c10f
Model has 12 linear objective coefficients and an objective constant of 4.675649141253
Model has 66 quadratic objective terms
Variable types: 0 continuous, 12 integer (12 binary)
Coefficient statistics:
  Matrix range     [1e+00, 1e+00]
  Objective range  [1e+00, 2e+00]
  QObjective range [1e-02, 4e+00]
  Bounds range     [1e+00, 1e+00]
  RHS range        [6e+00, 6e+00]
Found heuristic solution: objective 1.3663932
Presolve time: 0.00s
Presolved: 67 rows, 78 columns, 210 nonzeros
Variable types: 0 continuous, 78 integer (78 binary)

Root relaxation: objective -1.329387e+01, 11 iterations, 0.00 seconds (0.00 work units)

    Nodes    |    Current Node    |     Objective Bounds      |     Work
 Expl Unexpl |  Obj  Depth IntInf | Incumbent    BestBd   Gap | It/Node Time

     0     0  -13.29387    0   12    1.36639  -13.29387  1073%     -    0s
H    0     0                      -0.7504846  -13.29387  1671%     -    0s
H    0     0                      -0.9174729  -13.29387  1349%     -    0s
H    0     0                      -4.0225307  -13.29387   230%     -    0s
H    0     0                      -9.6643889  -13.29387  37.6%     -    0s

Cutting planes:
  Gomory: 1
  MIR: 16
  Zero half: 16
  RLT: 10
  BQP: 49

Explored 1 nodes (11 simplex iterations) in 0.01 seconds (0.00 work units)
Thread count was 8 (of 96 available processors)

Solution count 5: -9.66439 -4.02253 -0.917473 ... 1.36639
No other solutions better than -9.66439

Optimal solution found (tolerance 1.00e-06)
Best objective -9.664388858823e+00, best bound -9.664388858823e+00, gap 0.0000%

User-callback calls 161, time in user-callback 0.00 sec
