
Gurobi 13.0.0 (linux64) logging started Sun May  3 10:54:27 2026

Set parameter LogFile to value "logs/N=16_layers=1_presolve_off/N=16/seed=33/quantum_layers=1/baseline.log"
Set parameter MIPGap to value 1e-06
Set parameter Threads to value 8
Set parameter Presolve to value 0
Gurobi Optimizer version 13.0.0 build v13.0.0rc1 (linux64 - "Oracle Linux Server 9.7")

CPU model: AMD EPYC 7643 48-Core Processor, instruction set [SSE2|AVX|AVX2]
Thread count: 48 physical cores, 96 logical processors, using up to 8 threads

Non-default parameters:
MIPGap  1e-06
Presolve  0
Threads  8

Optimize a model with 1 rows, 16 columns and 16 nonzeros (Min)
Model fingerprint: 0xb8a89d6d
Model has 16 linear objective coefficients and an objective constant of -5.01831909360817e-12
Model has 120 quadratic objective terms
Variable types: 0 continuous, 16 integer (16 binary)
Coefficient statistics:
  Matrix range     [1e+00, 1e+00]
  Objective range  [1e+01, 2e+01]
  QObjective range [1e-01, 8e+00]
  Bounds range     [1e+00, 1e+00]
  RHS range        [8e+00, 8e+00]
Found heuristic solution: objective 61.5148766
Variable types: 0 continuous, 136 integer (136 binary)

Root relaxation: objective -5.025425e-12, 9 iterations, 0.00 seconds (0.00 work units)

    Nodes    |    Current Node    |     Objective Bounds      |     Work
 Expl Unexpl |  Obj  Depth IntInf | Incumbent    BestBd   Gap | It/Node Time

     0     0   -0.00000    0   16   61.51488   -0.00000   100%     -    0s
H    0     0                      51.0231245   -0.00000   100%     -    0s
     0     0   25.68809    0   25   51.02312   25.68809  49.7%     -    0s
     0     0   26.76683    0   29   51.02312   26.76683  47.5%     -    0s
     0     0   31.90357    0   43   51.02312   31.90357  37.5%     -    0s
     0     0   31.90357    0   43   51.02312   31.90357  37.5%     -    0s
     0     2   31.90357    0   43   51.02312   31.90357  37.5%     -    0s

Cutting planes:
  Gomory: 1
  MIR: 17
  StrongCG: 2
  RLT: 13

Explored 423 nodes (10073 simplex iterations) in 0.08 seconds (0.08 work units)
Thread count was 8 (of 96 available processors)

Solution count 2: 51.0231 61.5149 

Optimal solution found (tolerance 1.00e-06)
Best objective 5.102312453202e+01, best bound 5.102312453202e+01, gap 0.0000%

User-callback calls 956, time in user-callback 0.00 sec
