
Gurobi 13.0.0 (linux64) logging started Sun May  3 10:54:27 2026

Set parameter LogFile to value "logs/N=16_layers=1_presolve_off/N=16/seed=33/quantum_layers=1/precond_pen=0.500.log"
Set parameter MIPGap to value 1e-06
Set parameter Threads to value 8
Set parameter Presolve to value 0
Gurobi Optimizer version 13.0.0 build v13.0.0rc1 (linux64 - "Oracle Linux Server 9.7")

CPU model: AMD EPYC 7643 48-Core Processor, instruction set [SSE2|AVX|AVX2]
Thread count: 48 physical cores, 96 logical processors, using up to 8 threads

Non-default parameters:
MIPGap  1e-06
Presolve  0
Threads  8

Optimize a model with 1 rows, 16 columns and 16 nonzeros (Min)
Model fingerprint: 0x2285c114
Model has 16 linear objective coefficients and an objective constant of 6.3954555703719969e+00
Model has 120 quadratic objective terms
Variable types: 0 continuous, 16 integer (16 binary)
Coefficient statistics:
  Matrix range     [1e+00, 1e+00]
  Objective range  [1e+00, 2e+00]
  QObjective range [6e-03, 1e+00]
  Bounds range     [1e+00, 1e+00]
  RHS range        [8e+00, 8e+00]
Found heuristic solution: objective -0.5045497
Variable types: 0 continuous, 136 integer (136 binary)

Root relaxation: objective -7.535931e+00, 48 iterations, 0.00 seconds (0.00 work units)

    Nodes    |    Current Node    |     Objective Bounds      |     Work
 Expl Unexpl |  Obj  Depth IntInf | Incumbent    BestBd   Gap | It/Node Time

     0     0   -7.53593    0   16   -0.50455   -7.53593  1394%     -    0s
H    0     0                      -1.5884048   -7.53593   374%     -    0s
H    0     0                      -2.9399902   -7.53593   156%     -    0s
H    0     0                      -2.9882381   -5.41591  81.2%     -    0s
     0     0   -3.04121    0   98   -2.98824   -3.04121  1.77%     -    0s

Cutting planes:
  Gomory: 6
  Clique: 4
  MIR: 33
  Zero half: 15
  RLT: 26
  BQP: 130

Explored 1 nodes (345 simplex iterations) in 0.03 seconds (0.02 work units)
Thread count was 8 (of 96 available processors)

Solution count 4: -2.98824 -2.93999 -1.5884 -0.50455 
No other solutions better than -2.98824

Optimal solution found (tolerance 1.00e-06)
Best objective -2.988238118098e+00, best bound -2.988238118098e+00, gap 0.0000%

User-callback calls 77, time in user-callback 0.00 sec
