
Gurobi 13.0.0 (linux64) logging started Sun May  3 10:54:27 2026

Set parameter LogFile to value "logs/N=16_layers=1_presolve_off/N=16/seed=33/quantum_layers=1/precond_pen=0.400.log"
Set parameter MIPGap to value 1e-06
Set parameter Threads to value 8
Set parameter Presolve to value 0
Gurobi Optimizer version 13.0.0 build v13.0.0rc1 (linux64 - "Oracle Linux Server 9.7")

CPU model: AMD EPYC 7643 48-Core Processor, instruction set [SSE2|AVX|AVX2]
Thread count: 48 physical cores, 96 logical processors, using up to 8 threads

Non-default parameters:
MIPGap  1e-06
Presolve  0
Threads  8

Optimize a model with 1 rows, 16 columns and 16 nonzeros (Min)
Model fingerprint: 0x5b721fd4
Model has 16 linear objective coefficients and an objective constant of 5.5796175684930018e+00
Model has 120 quadratic objective terms
Variable types: 0 continuous, 16 integer (16 binary)
Coefficient statistics:
  Matrix range     [1e+00, 1e+00]
  Objective range  [6e-01, 2e+00]
  QObjective range [4e-03, 2e+00]
  Bounds range     [1e+00, 1e+00]
  RHS range        [8e+00, 8e+00]
Found heuristic solution: objective -0.5271616
Variable types: 0 continuous, 136 integer (136 binary)

Root relaxation: objective -1.020084e+01, 30 iterations, 0.00 seconds (0.00 work units)

    Nodes    |    Current Node    |     Objective Bounds      |     Work
 Expl Unexpl |  Obj  Depth IntInf | Incumbent    BestBd   Gap | It/Node Time

     0     0  -10.20084    0   16   -0.52716  -10.20084  1835%     -    0s
H    0     0                      -1.1553015  -10.20084   783%     -    0s
H    0     0                      -1.1560655  -10.20084   782%     -    0s
H    0     0                      -1.9683596  -10.20084   418%     -    0s
H    0     0                      -4.8453692  -10.20084   111%     -    0s
     0     0   -5.01596    0   66   -4.84537   -5.01596  3.52%     -    0s

Cutting planes:
  Gomory: 9
  Clique: 1
  MIR: 97
  StrongCG: 3
  Flow cover: 6
  Zero half: 18
  RLT: 20
  BQP: 137

Explored 1 nodes (260 simplex iterations) in 0.03 seconds (0.02 work units)
Thread count was 8 (of 96 available processors)

Solution count 5: -4.84537 -1.96836 -1.15607 ... -0.527162
No other solutions better than -4.84537

Optimal solution found (tolerance 1.00e-06)
Best objective -4.845369214423e+00, best bound -4.845369214423e+00, gap 0.0000%

User-callback calls 81, time in user-callback 0.00 sec
