
Gurobi 13.0.0 (linux64) logging started Sun May  3 10:54:28 2026

Set parameter LogFile to value "logs/N=16_layers=1_presolve_off/N=16/seed=33/quantum_layers=1/precond_pen=1.000.log"
Set parameter MIPGap to value 1e-06
Set parameter Threads to value 8
Set parameter Presolve to value 0
Gurobi Optimizer version 13.0.0 build v13.0.0rc1 (linux64 - "Oracle Linux Server 9.7")

CPU model: AMD EPYC 7643 48-Core Processor, instruction set [SSE2|AVX|AVX2]
Thread count: 48 physical cores, 96 logical processors, using up to 8 threads

Non-default parameters:
MIPGap  1e-06
Presolve  0
Threads  8

Optimize a model with 1 rows, 16 columns and 16 nonzeros (Min)
Model fingerprint: 0x4c11f6dd
Model has 16 linear objective coefficients and an objective constant of 6.7644900217710031e+00
Model has 120 quadratic objective terms
Variable types: 0 continuous, 16 integer (16 binary)
Coefficient statistics:
  Matrix range     [1e+00, 1e+00]
  Objective range  [1e+00, 2e+00]
  QObjective range [2e-01, 7e-01]
  Bounds range     [1e+00, 1e+00]
  RHS range        [8e+00, 8e+00]
Found heuristic solution: objective -0.4735404
Variable types: 0 continuous, 136 integer (136 binary)

Root relaxation: objective -6.764490e+00, 41 iterations, 0.00 seconds (0.00 work units)

    Nodes    |    Current Node    |     Objective Bounds      |     Work
 Expl Unexpl |  Obj  Depth IntInf | Incumbent    BestBd   Gap | It/Node Time

     0     0   -6.76449    0   16   -0.47354   -6.76449  1328%     -    0s
H    0     0                      -0.8428268   -6.76449   703%     -    0s
H    0     0                      -1.2141074   -6.76449   457%     -    0s
     0     0   -1.29108    0  123   -1.21411   -1.29108  6.34%     -    0s
     0     0   -1.22858    0  117   -1.21411   -1.22858  1.19%     -    0s
     0     0   -1.22858    0  117   -1.21411   -1.22858  1.19%     -    0s
     0     0   -1.22858    0  116   -1.21411   -1.22858  1.19%     -    0s
H    0     0                      -1.2223393   -1.22858  0.51%     -    0s
     0     2   -1.22858    0  116   -1.22234   -1.22858  0.51%     -    0s

Cutting planes:
  Cover: 3
  MIR: 53
  StrongCG: 1
  Zero half: 14
  RLT: 28
  BQP: 158

Explored 3 nodes (1124 simplex iterations) in 0.14 seconds (0.09 work units)
Thread count was 8 (of 96 available processors)

Solution count 4: -1.22234 -1.21411 -0.842827 -0.47354 
No other solutions better than -1.22234

Optimal solution found (tolerance 1.00e-06)
Best objective -1.222339303953e+00, best bound -1.222339303953e+00, gap 0.0000%

User-callback calls 111, time in user-callback 0.00 sec
