
Gurobi 13.0.0 (linux64) logging started Sun Mar 22 16:50:50 2026

Set parameter LogFile to value "logs/N=12_presolve_off/N=12/seed=43/n_qaoa_layers=1/precond_pen=0.100.log"
Set parameter MIPGap to value 1e-06
Set parameter Threads to value 8
Set parameter Presolve to value 0
Gurobi Optimizer version 13.0.0 build v13.0.0rc1 (linux64 - "Oracle Linux Server 9.7")

CPU model: AMD EPYC 7643 48-Core Processor, instruction set [SSE2|AVX|AVX2]
Thread count: 48 physical cores, 96 logical processors, using up to 8 threads

Non-default parameters:
MIPGap  1e-06
Presolve  0
Threads  8

Optimize a model with 1 rows, 12 columns and 12 nonzeros (Min)
Model fingerprint: 0xfe1d7de4
Model has 12 linear objective coefficients and an objective constant of -1.4642988136337005e+01
Model has 66 quadratic objective terms
Variable types: 0 continuous, 12 integer (12 binary)
Coefficient statistics:
  Matrix range     [1e+00, 1e+00]
  Objective range  [3e+00, 6e+00]
  QObjective range [1e-02, 4e+00]
  Bounds range     [1e+00, 1e+00]
  RHS range        [6e+00, 6e+00]
Found heuristic solution: objective 0.6959641
Variable types: 0 continuous, 78 integer (78 binary)

Root relaxation: objective -1.482388e+01, 8 iterations, 0.00 seconds (0.00 work units)

    Nodes    |    Current Node    |     Objective Bounds      |     Work
 Expl Unexpl |  Obj  Depth IntInf | Incumbent    BestBd   Gap | It/Node Time

     0     0  -14.82388    0   12    0.69596  -14.82388  2230%     -    0s
H    0     0                       0.4084239  -14.82388  3730%     -    0s
H    0     0                      -3.7177967  -14.82388   299%     -    0s
     0     0   -6.64545    0   20   -3.71780   -6.64545  78.7%     -    0s
     0     0   -3.71780    0   29   -3.71780   -3.71780  0.00%     -    0s

Cutting planes:
  Gomory: 2
  Cover: 1
  MIR: 18
  Mod-K: 1
  RLT: 11
  BQP: 2

Explored 1 nodes (124 simplex iterations) in 0.01 seconds (0.01 work units)
Thread count was 8 (of 96 available processors)

Solution count 3: -3.7178 0.408424 0.695964 
No other solutions better than -3.7178

Optimal solution found (tolerance 1.00e-06)
Best objective -3.717796729923e+00, best bound -3.717796729923e+00, gap 0.0000%

User-callback calls 74, time in user-callback 0.00 sec
