
Gurobi 13.0.0 (linux64) logging started Sun Mar 22 16:50:50 2026

Set parameter LogFile to value "logs/N=12_presolve_off/N=12/seed=43/n_qaoa_layers=1/precond_pen=0.400.log"
Set parameter MIPGap to value 1e-06
Set parameter Threads to value 8
Set parameter Presolve to value 0
Gurobi Optimizer version 13.0.0 build v13.0.0rc1 (linux64 - "Oracle Linux Server 9.7")

CPU model: AMD EPYC 7643 48-Core Processor, instruction set [SSE2|AVX|AVX2]
Thread count: 48 physical cores, 96 logical processors, using up to 8 threads

Non-default parameters:
MIPGap  1e-06
Presolve  0
Threads  8

Optimize a model with 1 rows, 12 columns and 12 nonzeros (Min)
Model fingerprint: 0x9d0f6393
Model has 12 linear objective coefficients and an objective constant of 4.3474730546829994e+00
Model has 66 quadratic objective terms
Variable types: 0 continuous, 12 integer (12 binary)
Coefficient statistics:
  Matrix range     [1e+00, 1e+00]
  Objective range  [1e+00, 2e+00]
  QObjective range [2e-02, 2e+00]
  Bounds range     [1e+00, 1e+00]
  RHS range        [6e+00, 6e+00]
Found heuristic solution: objective -1.2345388
Variable types: 0 continuous, 78 integer (78 binary)

Root relaxation: objective -7.092786e+00, 15 iterations, 0.00 seconds (0.00 work units)

    Nodes    |    Current Node    |     Objective Bounds      |     Work
 Expl Unexpl |  Obj  Depth IntInf | Incumbent    BestBd   Gap | It/Node Time

     0     0   -7.09279    0   12   -1.23454   -7.09279   475%     -    0s
H    0     0                      -2.3728815   -7.09279   199%     -    0s
H    0     0                      -4.1977082   -7.09279  69.0%     -    0s

Cutting planes:
  Gomory: 1
  MIR: 30
  Zero half: 6
  RLT: 19
  BQP: 60

Explored 1 nodes (15 simplex iterations) in 0.01 seconds (0.00 work units)
Thread count was 8 (of 96 available processors)

Solution count 3: -4.19771 -2.37288 -1.23454 
No other solutions better than -4.19771

Optimal solution found (tolerance 1.00e-06)
Best objective -4.197708213077e+00, best bound -4.197708213077e+00, gap 0.0000%

User-callback calls 62, time in user-callback 0.00 sec
