
Gurobi 13.0.0 (linux64) logging started Sun May  3 10:53:44 2026

Set parameter LogFile to value "logs/N=16_layers=1_presolve_on/N=16/seed=10/quantum_layers=1/precond_pen=0.400.log"
Set parameter MIPGap to value 1e-06
Set parameter Threads to value 8
Gurobi Optimizer version 13.0.0 build v13.0.0rc1 (linux64 - "Oracle Linux Server 9.7")

CPU model: AMD EPYC 7643 48-Core Processor, instruction set [SSE2|AVX|AVX2]
Thread count: 48 physical cores, 96 logical processors, using up to 8 threads

Non-default parameters:
MIPGap  1e-06
Threads  8

Optimize a model with 1 rows, 16 columns and 16 nonzeros (Min)
Model fingerprint: 0x4b14b44d
Model has 16 linear objective coefficients and an objective constant of 5.6550847632609988e+00
Model has 120 quadratic objective terms
Variable types: 0 continuous, 16 integer (16 binary)
Coefficient statistics:
  Matrix range     [1e+00, 1e+00]
  Objective range  [8e-01, 2e+00]
  QObjective range [1e-02, 2e+00]
  Bounds range     [1e+00, 1e+00]
  RHS range        [8e+00, 8e+00]
Found heuristic solution: objective 0.4991055
Presolve time: 0.00s
Presolved: 121 rows, 136 columns, 376 nonzeros
Variable types: 0 continuous, 136 integer (136 binary)

Root relaxation: objective -1.063397e+01, 28 iterations, 0.00 seconds (0.00 work units)

    Nodes    |    Current Node    |     Objective Bounds      |     Work
 Expl Unexpl |  Obj  Depth IntInf | Incumbent    BestBd   Gap | It/Node Time

     0     0  -10.63397    0   16    0.49911  -10.63397  2231%     -    0s
H    0     0                      -1.8235651  -10.63397   483%     -    0s
H    0     0                      -3.7034545  -10.63397   187%     -    0s
H    0     0                      -4.3118124  -10.63397   147%     -    0s
H    0     0                      -4.5234333   -8.46845  87.2%     -    0s
     0     0   -4.68853    0   63   -4.52343   -4.68853  3.65%     -    0s
     0     0   -4.61735    0   73   -4.52343   -4.61735  2.08%     -    0s
     0     0   -4.55791    0   63   -4.52343   -4.55791  0.76%     -    0s
     0     0     cutoff    0        -4.52343   -4.52343  0.00%     -    0s

Cutting planes:
  Gomory: 2
  MIR: 49
  Zero half: 32
  RLT: 40
  BQP: 185

Explored 1 nodes (298 simplex iterations) in 0.02 seconds (0.01 work units)
Thread count was 8 (of 96 available processors)

Solution count 5: -4.52343 -4.31181 -3.70345 ... 0.499106
No other solutions better than -4.52343

Optimal solution found (tolerance 1.00e-06)
Best objective -4.523433300829e+00, best bound -4.523433300829e+00, gap 0.0000%

User-callback calls 171, time in user-callback 0.00 sec
