
Gurobi 13.0.0 (linux64) logging started Sun May  3 10:53:44 2026

Set parameter LogFile to value "logs/N=16_layers=1_presolve_on/N=16/seed=10/quantum_layers=1/precond_pen=0.600.log"
Set parameter MIPGap to value 1e-06
Set parameter Threads to value 8
Gurobi Optimizer version 13.0.0 build v13.0.0rc1 (linux64 - "Oracle Linux Server 9.7")

CPU model: AMD EPYC 7643 48-Core Processor, instruction set [SSE2|AVX|AVX2]
Thread count: 48 physical cores, 96 logical processors, using up to 8 threads

Non-default parameters:
MIPGap  1e-06
Threads  8

Optimize a model with 1 rows, 16 columns and 16 nonzeros (Min)
Model fingerprint: 0x0cce92c0
Model has 16 linear objective coefficients and an objective constant of 6.636458420567
Model has 120 quadratic objective terms
Variable types: 0 continuous, 16 integer (16 binary)
Coefficient statistics:
  Matrix range     [1e+00, 1e+00]
  Objective range  [1e+00, 2e+00]
  QObjective range [4e-03, 1e+00]
  Bounds range     [1e+00, 1e+00]
  RHS range        [8e+00, 8e+00]
Found heuristic solution: objective -0.0889217
Presolve time: 0.00s
Presolved: 121 rows, 136 columns, 376 nonzeros
Variable types: 0 continuous, 136 integer (136 binary)

Root relaxation: objective -6.831068e+00, 40 iterations, 0.00 seconds (0.00 work units)

    Nodes    |    Current Node    |     Objective Bounds      |     Work
 Expl Unexpl |  Obj  Depth IntInf | Incumbent    BestBd   Gap | It/Node Time

     0     0   -6.83107    0   16   -0.08892   -6.83107  7582%     -    0s
H    0     0                      -0.1304600   -6.83107  5136%     -    0s
H    0     0                      -1.9904737   -6.83107   243%     -    0s
H    0     0                      -2.0804890   -6.83107   228%     -    0s
     0     0   -2.14269    0  108   -2.08049   -2.14269  2.99%     -    0s

Cutting planes:
  Gomory: 8
  Cover: 1
  Dual implied bound: 7
  MIR: 53
  Zero half: 21
  RLT: 34
  BQP: 191

Explored 1 nodes (497 simplex iterations) in 0.06 seconds (0.04 work units)
Thread count was 8 (of 96 available processors)

Solution count 4: -2.08049 -1.99047 -0.13046 -0.0889217 
No other solutions better than -2.08049

Optimal solution found (tolerance 1.00e-06)
Best objective -2.080488996277e+00, best bound -2.080488996277e+00, gap 0.0000%

User-callback calls 176, time in user-callback 0.00 sec
