
Gurobi 13.0.0 (linux64) logging started Sun May  3 10:53:44 2026

Set parameter LogFile to value "logs/N=16_layers=1_presolve_on/N=16/seed=10/quantum_layers=1/precond_pen=0.800.log"
Set parameter MIPGap to value 1e-06
Set parameter Threads to value 8
Gurobi Optimizer version 13.0.0 build v13.0.0rc1 (linux64 - "Oracle Linux Server 9.7")

CPU model: AMD EPYC 7643 48-Core Processor, instruction set [SSE2|AVX|AVX2]
Thread count: 48 physical cores, 96 logical processors, using up to 8 threads

Non-default parameters:
MIPGap  1e-06
Threads  8

Optimize a model with 1 rows, 16 columns and 16 nonzeros (Min)
Model fingerprint: 0x51e051b0
Model has 16 linear objective coefficients and an objective constant of 6.7410584845689989e+00
Model has 120 quadratic objective terms
Variable types: 0 continuous, 16 integer (16 binary)
Coefficient statistics:
  Matrix range     [1e+00, 1e+00]
  Objective range  [1e+00, 2e+00]
  QObjective range [7e-02, 8e-01]
  Bounds range     [1e+00, 1e+00]
  RHS range        [8e+00, 8e+00]
Found heuristic solution: objective -0.2343623
Presolve time: 0.00s
Presolved: 121 rows, 136 columns, 376 nonzeros
Variable types: 0 continuous, 136 integer (136 binary)

Root relaxation: objective -6.741058e+00, 35 iterations, 0.00 seconds (0.00 work units)

    Nodes    |    Current Node    |     Objective Bounds      |     Work
 Expl Unexpl |  Obj  Depth IntInf | Incumbent    BestBd   Gap | It/Node Time

     0     0   -6.74106    0   16   -0.23436   -6.74106  2776%     -    0s
H    0     0                      -0.8054564   -6.74106   737%     -    0s
H    0     0                      -1.2737565   -6.74106   429%     -    0s
H    0     0                      -1.3997772   -4.88741   249%     -    0s
H    0     0                      -1.4552214   -1.64555  13.1%     -    0s
     0     0   -1.64555    0  111   -1.45522   -1.64555  13.1%     -    0s
     0     0   -1.45522    0  113   -1.45522   -1.45522  0.00%     -    0s

Cutting planes:
  Gomory: 3
  Dual implied bound: 9
  MIR: 75
  Zero half: 28
  RLT: 34
  BQP: 257

Explored 1 nodes (1075 simplex iterations) in 0.10 seconds (0.07 work units)
Thread count was 8 (of 96 available processors)

Solution count 5: -1.45522 -1.39978 -1.27376 ... -0.234362
No other solutions better than -1.45522

Optimal solution found (tolerance 1.00e-06)
Best objective -1.455221369231e+00, best bound -1.455221369231e+00, gap 0.0000%

User-callback calls 183, time in user-callback 0.00 sec
