
Gurobi 13.0.0 (linux64) logging started Sun Mar 22 16:50:46 2026

Set parameter LogFile to value "logs/N=12_presolve_off/N=12/seed=21/n_qaoa_layers=1/precond_pen=0.100.log"
Set parameter MIPGap to value 1e-06
Set parameter Threads to value 8
Set parameter Presolve to value 0
Gurobi Optimizer version 13.0.0 build v13.0.0rc1 (linux64 - "Oracle Linux Server 9.7")

CPU model: AMD EPYC 7643 48-Core Processor, instruction set [SSE2|AVX|AVX2]
Thread count: 48 physical cores, 96 logical processors, using up to 8 threads

Non-default parameters:
MIPGap  1e-06
Presolve  0
Threads  8

Optimize a model with 1 rows, 12 columns and 12 nonzeros (Min)
Model fingerprint: 0x70c092a5
Model has 12 linear objective coefficients and an objective constant of -1.5625782585332002e+01
Model has 66 quadratic objective terms
Variable types: 0 continuous, 12 integer (12 binary)
Coefficient statistics:
  Matrix range     [1e+00, 1e+00]
  Objective range  [3e+00, 6e+00]
  QObjective range [2e-01, 4e+00]
  Bounds range     [1e+00, 1e+00]
  RHS range        [6e+00, 6e+00]
Found heuristic solution: objective 0.7844750
Variable types: 0 continuous, 78 integer (78 binary)

Root relaxation: objective -1.574640e+01, 6 iterations, 0.00 seconds (0.00 work units)

    Nodes    |    Current Node    |     Objective Bounds      |     Work
 Expl Unexpl |  Obj  Depth IntInf | Incumbent    BestBd   Gap | It/Node Time

     0     0  -15.74640    0   12    0.78448  -15.74640  2107%     -    0s
H    0     0                      -0.8203673  -15.74640  1819%     -    0s
H    0     0                      -1.4513701  -15.74640   985%     -    0s
H    0     0                      -1.7150987   -8.85259   416%     -    0s
     0     0   -7.17941    0   24   -1.71510   -7.17941   319%     -    0s
     0     0   -4.90969    0   31   -1.71510   -4.90969   186%     -    0s
     0     0   -4.68578    0   28   -1.71510   -4.68578   173%     -    0s
     0     0   -2.38335    0   52   -1.71510   -2.38335  39.0%     -    0s
     0     0   -2.33456    0   52   -1.71510   -2.33456  36.1%     -    0s
     0     2   -2.33456    0   52   -1.71510   -2.33456  36.1%     -    0s

Cutting planes:
  Gomory: 3
  Cover: 2
  MIR: 15
  StrongCG: 1
  Mod-K: 1
  RLT: 9
  BQP: 1

Explored 60 nodes (1323 simplex iterations) in 0.04 seconds (0.03 work units)
Thread count was 8 (of 96 available processors)

Solution count 4: -1.7151 -1.45137 -0.820367 0.784475 
No other solutions better than -1.7151

Optimal solution found (tolerance 1.00e-06)
Best objective -1.715098693916e+00, best bound -1.715098693916e+00, gap 0.0000%

User-callback calls 226, time in user-callback 0.00 sec
