
Gurobi 13.0.0 (linux64) logging started Sun May  3 10:58:42 2026

Set parameter LogFile to value "logs/N=16_layers=2_presolve_off/N=16/seed=6/quantum_layers=2/precond_pen=1.000.log"
Set parameter MIPGap to value 1e-06
Set parameter Threads to value 8
Set parameter Presolve to value 0
Gurobi Optimizer version 13.0.0 build v13.0.0rc1 (linux64 - "Oracle Linux Server 9.7")

CPU model: AMD EPYC 7643 48-Core Processor, instruction set [SSE2|AVX|AVX2]
Thread count: 48 physical cores, 96 logical processors, using up to 8 threads

Non-default parameters:
MIPGap  1e-06
Presolve  0
Threads  8

Optimize a model with 1 rows, 16 columns and 16 nonzeros (Min)
Model fingerprint: 0x8f0f46ab
Model has 16 linear objective coefficients and an objective constant of 7.2764765293679972e+00
Model has 120 quadratic objective terms
Variable types: 0 continuous, 16 integer (16 binary)
Coefficient statistics:
  Matrix range     [1e+00, 1e+00]
  Objective range  [2e+00, 2e+00]
  QObjective range [3e-03, 1e+00]
  Bounds range     [1e+00, 1e+00]
  RHS range        [8e+00, 8e+00]
Found heuristic solution: objective -0.2856206
Variable types: 0 continuous, 136 integer (136 binary)

Root relaxation: objective -7.356315e+00, 33 iterations, 0.00 seconds (0.00 work units)

    Nodes    |    Current Node    |     Objective Bounds      |     Work
 Expl Unexpl |  Obj  Depth IntInf | Incumbent    BestBd   Gap | It/Node Time

     0     0   -7.35631    0   16   -0.28562   -7.35631  2476%     -    0s
H    0     0                      -0.4410289   -7.35631  1568%     -    0s
H    0     0                      -2.0003227   -7.35631   268%     -    0s
H    0     0                      -2.1084538   -5.53998   163%     -    0s
H    0     0                      -2.1554614   -5.53998   157%     -    0s
     0     0   -2.26706    0  103   -2.15546   -2.26706  5.18%     -    0s
     0     0   -2.15546    0  111   -2.15546   -2.15546  0.00%     -    0s

Cutting planes:
  Gomory: 7
  MIR: 79
  Zero half: 17
  RLT: 30
  BQP: 233

Explored 1 nodes (759 simplex iterations) in 0.08 seconds (0.05 work units)
Thread count was 8 (of 96 available processors)

Solution count 5: -2.15546 -2.10845 -2.00032 ... -0.285621
No other solutions better than -2.15546

Optimal solution found (tolerance 1.00e-06)
Best objective -2.155461407292e+00, best bound -2.155461407292e+00, gap 0.0000%

User-callback calls 87, time in user-callback 0.00 sec
