
Gurobi 13.0.0 (linux64) logging started Sun May  3 10:58:42 2026

Set parameter LogFile to value "logs/N=16_layers=2_presolve_off/N=16/seed=6/quantum_layers=2/precond_pen=0.800.log"
Set parameter MIPGap to value 1e-06
Set parameter Threads to value 8
Set parameter Presolve to value 0
Gurobi Optimizer version 13.0.0 build v13.0.0rc1 (linux64 - "Oracle Linux Server 9.7")

CPU model: AMD EPYC 7643 48-Core Processor, instruction set [SSE2|AVX|AVX2]
Thread count: 48 physical cores, 96 logical processors, using up to 8 threads

Non-default parameters:
MIPGap  1e-06
Presolve  0
Threads  8

Optimize a model with 1 rows, 16 columns and 16 nonzeros (Min)
Model fingerprint: 0x8864964d
Model has 16 linear objective coefficients and an objective constant of 6.4775279540789992e+00
Model has 120 quadratic objective terms
Variable types: 0 continuous, 16 integer (16 binary)
Coefficient statistics:
  Matrix range     [1e+00, 1e+00]
  Objective range  [2e+00, 2e+00]
  QObjective range [1e-03, 2e+00]
  Bounds range     [1e+00, 1e+00]
  RHS range        [8e+00, 8e+00]
Found heuristic solution: objective 0.0650042
Variable types: 0 continuous, 136 integer (136 binary)

Root relaxation: objective -1.068371e+01, 42 iterations, 0.00 seconds (0.00 work units)

    Nodes    |    Current Node    |     Objective Bounds      |     Work
 Expl Unexpl |  Obj  Depth IntInf | Incumbent    BestBd   Gap | It/Node Time

     0     0  -10.68371    0   16    0.06500  -10.68371      -     -    0s
H    0     0                      -1.3516830  -10.68371   690%     -    0s
H    0     0                      -1.7376961  -10.68371   515%     -    0s
H    0     0                      -1.8352717  -10.68371   482%     -    0s
H    0     0                      -4.3580500  -10.68371   145%     -    0s
H    0     0                      -4.5498460   -8.05548  77.0%     -    0s
     0     0   -4.69285    0   64   -4.54985   -4.69285  3.14%     -    0s

Cutting planes:
  Gomory: 12
  MIR: 100
  StrongCG: 5
  Flow cover: 1
  Zero half: 32
  RLT: 25
  BQP: 152

Explored 1 nodes (313 simplex iterations) in 0.03 seconds (0.02 work units)
Thread count was 8 (of 96 available processors)

Solution count 6: -4.54985 -4.35805 -1.83527 ... 0.0650042
No other solutions better than -4.54985

Optimal solution found (tolerance 1.00e-06)
Best objective -4.549846044643e+00, best bound -4.549846044643e+00, gap 0.0000%

User-callback calls 82, time in user-callback 0.00 sec
