
Gurobi 13.0.0 (linux64) logging started Sun May  3 10:58:27 2026

Set parameter LogFile to value "logs/N=16_layers=2_presolve_on/N=16/seed=8/quantum_layers=2/precond_pen=0.700.log"
Set parameter MIPGap to value 1e-06
Set parameter Threads to value 8
Gurobi Optimizer version 13.0.0 build v13.0.0rc1 (linux64 - "Oracle Linux Server 9.7")

CPU model: AMD EPYC 7643 48-Core Processor, instruction set [SSE2|AVX|AVX2]
Thread count: 48 physical cores, 96 logical processors, using up to 8 threads

Non-default parameters:
MIPGap  1e-06
Threads  8

Optimize a model with 1 rows, 16 columns and 16 nonzeros (Min)
Model fingerprint: 0x7dc2ff2f
Model has 16 linear objective coefficients and an objective constant of 6.4417077643920013e+00
Model has 120 quadratic objective terms
Variable types: 0 continuous, 16 integer (16 binary)
Coefficient statistics:
  Matrix range     [1e+00, 1e+00]
  Objective range  [1e+00, 2e+00]
  QObjective range [8e-03, 2e+00]
  Bounds range     [1e+00, 1e+00]
  RHS range        [8e+00, 8e+00]
Found heuristic solution: objective -2.4940639
Presolve time: 0.00s
Presolved: 121 rows, 136 columns, 376 nonzeros
Variable types: 0 continuous, 136 integer (136 binary)

Root relaxation: objective -1.142036e+01, 42 iterations, 0.00 seconds (0.00 work units)

    Nodes    |    Current Node    |     Objective Bounds      |     Work
 Expl Unexpl |  Obj  Depth IntInf | Incumbent    BestBd   Gap | It/Node Time

     0     0  -11.42036    0   16   -2.49406  -11.42036   358%     -    0s
H    0     0                      -3.1217947  -11.42036   266%     -    0s
H    0     0                      -5.2897285  -11.42036   116%     -    0s
     0     0   -5.65201    0   54   -5.28973   -5.65201  6.85%     -    0s

Cutting planes:
  Gomory: 5
  MIR: 208
  StrongCG: 29
  Flow cover: 9
  Zero half: 24
  RLT: 27
  BQP: 164

Explored 1 nodes (236 simplex iterations) in 0.04 seconds (0.03 work units)
Thread count was 8 (of 96 available processors)

Solution count 3: -5.28973 -3.12179 -2.49406 
No other solutions better than -5.28973

Optimal solution found (tolerance 1.00e-06)
Best objective -5.289728527444e+00, best bound -5.289728527444e+00, gap 0.0000%

User-callback calls 171, time in user-callback 0.00 sec
