
Gurobi 13.0.0 (linux64) logging started Sun May  3 11:08:52 2026

Set parameter LogFile to value "logs/N=12_layers=3_presolve_on/N=12/seed=15/quantum_layers=3/precond_pen=1.000.log"
Set parameter MIPGap to value 1e-06
Set parameter Threads to value 8
Gurobi Optimizer version 13.0.0 build v13.0.0rc1 (linux64 - "Oracle Linux Server 9.7")

CPU model: AMD EPYC 7643 48-Core Processor, instruction set [SSE2|AVX|AVX2]
Thread count: 48 physical cores, 96 logical processors, using up to 8 threads

Non-default parameters:
MIPGap  1e-06
Threads  8

Optimize a model with 1 rows, 12 columns and 12 nonzeros (Min)
Model fingerprint: 0xe96c1be0
Model has 12 linear objective coefficients and an objective constant of 5.6146930835989970e+00
Model has 66 quadratic objective terms
Variable types: 0 continuous, 12 integer (12 binary)
Coefficient statistics:
  Matrix range     [1e+00, 1e+00]
  Objective range  [2e+00, 2e+00]
  QObjective range [1e-02, 2e+00]
  Bounds range     [1e+00, 1e+00]
  RHS range        [6e+00, 6e+00]
Found heuristic solution: objective -1.4241892
Presolve time: 0.00s
Presolved: 67 rows, 78 columns, 210 nonzeros
Variable types: 0 continuous, 78 integer (78 binary)

Root relaxation: objective -6.529579e+00, 15 iterations, 0.00 seconds (0.00 work units)

    Nodes    |    Current Node    |     Objective Bounds      |     Work
 Expl Unexpl |  Obj  Depth IntInf | Incumbent    BestBd   Gap | It/Node Time

     0     0   -6.52958    0   12   -1.42419   -6.52958   358%     -    0s
H    0     0                      -2.2032964   -6.52958   196%     -    0s
H    0     0                      -2.5105269   -6.52958   160%     -    0s
H    0     0                      -2.9381505   -6.52958   122%     -    0s
     0     0     cutoff    0        -2.93815   -2.93815  0.00%     -    0s

Cutting planes:
  Gomory: 2
  MIR: 21
  Zero half: 13
  RLT: 23
  BQP: 74

Explored 1 nodes (103 simplex iterations) in 0.01 seconds (0.00 work units)
Thread count was 8 (of 96 available processors)

Solution count 4: -2.93815 -2.51053 -2.2033 -1.42419 
No other solutions better than -2.93815

Optimal solution found (tolerance 1.00e-06)
Best objective -2.938150461095e+00, best bound -2.938150461095e+00, gap 0.0000%

User-callback calls 164, time in user-callback 0.00 sec
