
Gurobi 13.0.0 (linux64) logging started Tue Mar 31 15:12:43 2026

Set parameter LogFile to value "logs/N=16_layers=2_presolve_on/N=16/seed=45/n_qaoa_layers=2/precond_pen=0.800.log"
Set parameter MIPGap to value 1e-06
Set parameter Threads to value 8
Gurobi Optimizer version 13.0.0 build v13.0.0rc1 (linux64 - "Oracle Linux Server 9.7")

CPU model: AMD EPYC 7643 48-Core Processor, instruction set [SSE2|AVX|AVX2]
Thread count: 48 physical cores, 96 logical processors, using up to 8 threads

Non-default parameters:
MIPGap  1e-06
Threads  8

Optimize a model with 1 rows, 16 columns and 16 nonzeros (Min)
Model fingerprint: 0x19bed8f0
Model has 16 linear objective coefficients and an objective constant of 6.5737420624229967e+00
Model has 120 quadratic objective terms
Variable types: 0 continuous, 16 integer (16 binary)
Coefficient statistics:
  Matrix range     [1e+00, 1e+00]
  Objective range  [1e+00, 2e+00]
  QObjective range [2e-03, 2e+00]
  Bounds range     [1e+00, 1e+00]
  RHS range        [8e+00, 8e+00]
Found heuristic solution: objective -0.0002810
Presolve time: 0.00s
Presolved: 121 rows, 136 columns, 376 nonzeros
Variable types: 0 continuous, 136 integer (136 binary)

Root relaxation: objective -9.646817e+00, 53 iterations, 0.00 seconds (0.00 work units)

    Nodes    |    Current Node    |     Objective Bounds      |     Work
 Expl Unexpl |  Obj  Depth IntInf | Incumbent    BestBd   Gap | It/Node Time

     0     0   -9.64682    0   16   -0.00028   -9.64682      -     -    0s
H    0     0                      -1.2415240   -9.64682   677%     -    0s
H    0     0                      -1.4463386   -9.64682   567%     -    0s
H    0     0                      -1.9369959   -9.64682   398%     -    0s
H    0     0                      -3.8090494   -9.64682   153%     -    0s
     0     0   -4.24330    0   89   -3.80905   -4.24330  11.4%     -    0s
H    0     0                      -4.0128800   -4.24330  5.74%     -    0s
     0     0     cutoff    0        -4.01288   -4.01288  0.00%     -    0s

Cutting planes:
  Gomory: 9
  MIR: 24
  Zero half: 24
  RLT: 12
  BQP: 100

Explored 1 nodes (355 simplex iterations) in 0.03 seconds (0.02 work units)
Thread count was 8 (of 96 available processors)

Solution count 6: -4.01288 -3.80905 -1.937 ... -0.000281012
No other solutions better than -4.01288

Optimal solution found (tolerance 1.00e-06)
Best objective -4.012879951347e+00, best bound -4.012879951347e+00, gap 0.0000%

User-callback calls 180, time in user-callback 0.00 sec
