
Gurobi 13.0.0 (linux64) logging started Sun May  3 10:54:12 2026

Set parameter LogFile to value "logs/N=16_layers=1_presolve_off/N=16/seed=7/quantum_layers=1/precond_pen=1.000.log"
Set parameter MIPGap to value 1e-06
Set parameter Threads to value 8
Set parameter Presolve to value 0
Gurobi Optimizer version 13.0.0 build v13.0.0rc1 (linux64 - "Oracle Linux Server 9.7")

CPU model: AMD EPYC 7643 48-Core Processor, instruction set [SSE2|AVX|AVX2]
Thread count: 48 physical cores, 96 logical processors, using up to 8 threads

Non-default parameters:
MIPGap  1e-06
Presolve  0
Threads  8

Optimize a model with 1 rows, 16 columns and 16 nonzeros (Min)
Model fingerprint: 0x10bb5697
Model has 16 linear objective coefficients and an objective constant of 6.7713518752180022e+00
Model has 120 quadratic objective terms
Variable types: 0 continuous, 16 integer (16 binary)
Coefficient statistics:
  Matrix range     [1e+00, 1e+00]
  Objective range  [2e+00, 2e+00]
  QObjective range [2e-01, 7e-01]
  Bounds range     [1e+00, 1e+00]
  RHS range        [8e+00, 8e+00]
Found heuristic solution: objective -0.6105602
Variable types: 0 continuous, 136 integer (136 binary)

Root relaxation: objective -6.771352e+00, 54 iterations, 0.00 seconds (0.00 work units)

    Nodes    |    Current Node    |     Objective Bounds      |     Work
 Expl Unexpl |  Obj  Depth IntInf | Incumbent    BestBd   Gap | It/Node Time

     0     0   -6.77135    0   16   -0.61056   -6.77135  1009%     -    0s
H    0     0                      -0.8282431   -6.77135   718%     -    0s
H    0     0                      -1.2306441   -6.77135   450%     -    0s
     0     0   -1.28976    0  103   -1.23064   -1.28976  4.80%     -    0s
     0     0   -1.26759    0  120   -1.23064   -1.26759  3.00%     -    0s
     0     0   -1.26759    0  120   -1.23064   -1.26759  3.00%     -    0s
     0     0   -1.26759    0  120   -1.23064   -1.26759  3.00%     -    0s
     0     2   -1.26715    0  120   -1.23064   -1.26715  2.97%     -    0s

Cutting planes:
  Gomory: 2
  Cover: 4
  MIR: 57
  StrongCG: 1
  Zero half: 11
  RLT: 30
  BQP: 169

Explored 7 nodes (1362 simplex iterations) in 0.16 seconds (0.11 work units)
Thread count was 8 (of 96 available processors)

Solution count 3: -1.23064 -0.828243 -0.61056 
No other solutions better than -1.23064

Optimal solution found (tolerance 1.00e-06)
Best objective -1.230644093868e+00, best bound -1.230644093868e+00, gap 0.0000%

User-callback calls 124, time in user-callback 0.00 sec
