
Gurobi 13.0.0 (linux64) logging started Sun May  3 10:54:12 2026

Set parameter LogFile to value "logs/N=16_layers=1_presolve_off/N=16/seed=7/quantum_layers=1/precond_pen=0.500.log"
Set parameter MIPGap to value 1e-06
Set parameter Threads to value 8
Set parameter Presolve to value 0
Gurobi Optimizer version 13.0.0 build v13.0.0rc1 (linux64 - "Oracle Linux Server 9.7")

CPU model: AMD EPYC 7643 48-Core Processor, instruction set [SSE2|AVX|AVX2]
Thread count: 48 physical cores, 96 logical processors, using up to 8 threads

Non-default parameters:
MIPGap  1e-06
Presolve  0
Threads  8

Optimize a model with 1 rows, 16 columns and 16 nonzeros (Min)
Model fingerprint: 0x92d14792
Model has 16 linear objective coefficients and an objective constant of 6.380922848594
Model has 120 quadratic objective terms
Variable types: 0 continuous, 16 integer (16 binary)
Coefficient statistics:
  Matrix range     [1e+00, 1e+00]
  Objective range  [1e+00, 2e+00]
  QObjective range [1e-03, 1e+00]
  Bounds range     [1e+00, 1e+00]
  RHS range        [8e+00, 8e+00]
Found heuristic solution: objective -0.9573685
Variable types: 0 continuous, 136 integer (136 binary)

Root relaxation: objective -8.126781e+00, 49 iterations, 0.00 seconds (0.00 work units)

    Nodes    |    Current Node    |     Objective Bounds      |     Work
 Expl Unexpl |  Obj  Depth IntInf | Incumbent    BestBd   Gap | It/Node Time

     0     0   -8.12678    0   16   -0.95737   -8.12678   749%     -    0s
H    0     0                      -3.0781451   -8.12678   164%     -    0s
     0     0   -3.16443    0   76   -3.07815   -3.16443  2.80%     -    0s

Cutting planes:
  Gomory: 10
  MIR: 42
  Zero half: 21
  RLT: 31
  BQP: 170

Explored 1 nodes (411 simplex iterations) in 0.04 seconds (0.02 work units)
Thread count was 8 (of 96 available processors)

Solution count 2: -3.07815 -0.957369 
No other solutions better than -3.07815

Optimal solution found (tolerance 1.00e-06)
Best objective -3.078145117404e+00, best bound -3.078145117404e+00, gap 0.0000%

User-callback calls 73, time in user-callback 0.00 sec
