
Gurobi 13.0.0 (linux64) logging started Sun May  3 10:54:12 2026

Set parameter LogFile to value "logs/N=16_layers=1_presolve_off/N=16/seed=7/quantum_layers=1/precond_pen=0.400.log"
Set parameter MIPGap to value 1e-06
Set parameter Threads to value 8
Set parameter Presolve to value 0
Gurobi Optimizer version 13.0.0 build v13.0.0rc1 (linux64 - "Oracle Linux Server 9.7")

CPU model: AMD EPYC 7643 48-Core Processor, instruction set [SSE2|AVX|AVX2]
Thread count: 48 physical cores, 96 logical processors, using up to 8 threads

Non-default parameters:
MIPGap  1e-06
Presolve  0
Threads  8

Optimize a model with 1 rows, 16 columns and 16 nonzeros (Min)
Model fingerprint: 0x587c0bef
Model has 16 linear objective coefficients and an objective constant of 5.5528871525020023e+00
Model has 120 quadratic objective terms
Variable types: 0 continuous, 16 integer (16 binary)
Coefficient statistics:
  Matrix range     [1e+00, 1e+00]
  Objective range  [5e-01, 2e+00]
  QObjective range [5e-02, 2e+00]
  Bounds range     [1e+00, 1e+00]
  RHS range        [8e+00, 8e+00]
Found heuristic solution: objective -1.2646008
Variable types: 0 continuous, 136 integer (136 binary)

Root relaxation: objective -1.150246e+01, 31 iterations, 0.00 seconds (0.00 work units)

    Nodes    |    Current Node    |     Objective Bounds      |     Work
 Expl Unexpl |  Obj  Depth IntInf | Incumbent    BestBd   Gap | It/Node Time

     0     0  -11.50246    0   16   -1.26460  -11.50246   810%     -    0s
H    0     0                      -3.3771540  -11.50246   241%     -    0s
H    0     0                      -4.9814621  -11.50246   131%     -    0s
     0     0   -5.39606    0   66   -4.98146   -5.39606  8.32%     -    0s
     0     0   -5.35136    0   67   -4.98146   -5.35136  7.43%     -    0s

Cutting planes:
  Gomory: 5
  MIR: 80
  StrongCG: 4
  Zero half: 16
  RLT: 27
  BQP: 121

Explored 1 nodes (258 simplex iterations) in 0.03 seconds (0.02 work units)
Thread count was 8 (of 96 available processors)

Solution count 3: -4.98146 -3.37715 -1.2646 
No other solutions better than -4.98146

Optimal solution found (tolerance 1.00e-06)
Best objective -4.981462071160e+00, best bound -4.981462071160e+00, gap 0.0000%

User-callback calls 79, time in user-callback 0.00 sec
