
Gurobi 13.0.0 (linux64) logging started Sun May  3 10:54:12 2026

Set parameter LogFile to value "logs/N=16_layers=1_presolve_off/N=16/seed=7/quantum_layers=1/precond_pen=0.700.log"
Set parameter MIPGap to value 1e-06
Set parameter Threads to value 8
Set parameter Presolve to value 0
Gurobi Optimizer version 13.0.0 build v13.0.0rc1 (linux64 - "Oracle Linux Server 9.7")

CPU model: AMD EPYC 7643 48-Core Processor, instruction set [SSE2|AVX|AVX2]
Thread count: 48 physical cores, 96 logical processors, using up to 8 threads

Non-default parameters:
MIPGap  1e-06
Presolve  0
Threads  8

Optimize a model with 1 rows, 16 columns and 16 nonzeros (Min)
Model fingerprint: 0x53ec46b1
Model has 16 linear objective coefficients and an objective constant of 6.7113456012679986e+00
Model has 120 quadratic objective terms
Variable types: 0 continuous, 16 integer (16 binary)
Coefficient statistics:
  Matrix range     [1e+00, 1e+00]
  Objective range  [1e+00, 2e+00]
  QObjective range [2e-02, 9e-01]
  Bounds range     [1e+00, 1e+00]
  RHS range        [8e+00, 8e+00]
Found heuristic solution: objective -0.7221971
Variable types: 0 continuous, 136 integer (136 binary)

Root relaxation: objective -6.711346e+00, 45 iterations, 0.00 seconds (0.00 work units)

    Nodes    |    Current Node    |     Objective Bounds      |     Work
 Expl Unexpl |  Obj  Depth IntInf | Incumbent    BestBd   Gap | It/Node Time

     0     0   -6.71135    0   16   -0.72220   -6.71135   829%     -    0s
H    0     0                      -0.8427041   -6.71135   696%     -    0s
H    0     0                      -1.7993745   -6.71135   273%     -    0s
     0     0   -1.79937    0  102   -1.79937   -1.79937  0.00%     -    0s

Cutting planes:
  Gomory: 1
  MIR: 101
  Zero half: 47
  RLT: 44
  BQP: 398

Explored 1 nodes (794 simplex iterations) in 0.07 seconds (0.05 work units)
Thread count was 8 (of 96 available processors)

Solution count 3: -1.79937 -0.842704 -0.722197 
No other solutions better than -1.79937

Optimal solution found (tolerance 1.00e-06)
Best objective -1.799374515756e+00, best bound -1.799374515756e+00, gap 0.0000%

User-callback calls 70, time in user-callback 0.00 sec
