
Gurobi 13.0.0 (linux64) logging started Sun May  3 10:54:12 2026

Set parameter LogFile to value "logs/N=16_layers=1_presolve_off/N=16/seed=7/quantum_layers=1/precond_pen=0.200.log"
Set parameter MIPGap to value 1e-06
Set parameter Threads to value 8
Set parameter Presolve to value 0
Gurobi Optimizer version 13.0.0 build v13.0.0rc1 (linux64 - "Oracle Linux Server 9.7")

CPU model: AMD EPYC 7643 48-Core Processor, instruction set [SSE2|AVX|AVX2]
Thread count: 48 physical cores, 96 logical processors, using up to 8 threads

Non-default parameters:
MIPGap  1e-06
Presolve  0
Threads  8

Optimize a model with 1 rows, 16 columns and 16 nonzeros (Min)
Model fingerprint: 0x0707bb96
Model has 16 linear objective coefficients and an objective constant of -8.127057497253
Model has 120 quadratic objective terms
Variable types: 0 continuous, 16 integer (16 binary)
Coefficient statistics:
  Matrix range     [1e+00, 1e+00]
  Objective range  [3e-01, 5e+00]
  QObjective range [5e-02, 3e+00]
  Bounds range     [1e+00, 1e+00]
  RHS range        [8e+00, 8e+00]
Found heuristic solution: objective -0.4528673
Variable types: 0 continuous, 136 integer (136 binary)

Root relaxation: objective -1.739177e+01, 18 iterations, 0.00 seconds (0.00 work units)

    Nodes    |    Current Node    |     Objective Bounds      |     Work
 Expl Unexpl |  Obj  Depth IntInf | Incumbent    BestBd   Gap | It/Node Time

     0     0  -17.39177    0   16   -0.45287  -17.39177  3740%     -    0s
H    0     0                      -2.1279197  -17.39177   717%     -    0s
H    0     0                      -2.6570121  -17.39177   555%     -    0s
H    0     0                      -6.6335342  -17.39177   162%     -    0s
     0     0   -8.05652    0   56   -6.63353   -8.05652  21.5%     -    0s
     0     0   -6.63353    0   98   -6.63353   -6.63353  0.00%     -    0s

Cutting planes:
  Gomory: 4
  Cover: 2
  MIR: 115
  StrongCG: 6
  Zero half: 15
  RLT: 32
  BQP: 103

Explored 1 nodes (349 simplex iterations) in 0.04 seconds (0.03 work units)
Thread count was 8 (of 96 available processors)

Solution count 4: -6.63353 -2.65701 -2.12792 -0.452867 
No other solutions better than -6.63353

Optimal solution found (tolerance 1.00e-06)
Best objective -6.633534221305e+00, best bound -6.633534221305e+00, gap 0.0000%

User-callback calls 85, time in user-callback 0.00 sec
