
Gurobi 13.0.0 (linux64) logging started Sun May  3 10:54:12 2026

Set parameter LogFile to value "logs/N=16_layers=1_presolve_off/N=16/seed=7/quantum_layers=1/precond_pen=0.000.log"
Set parameter MIPGap to value 1e-06
Set parameter Threads to value 8
Set parameter Presolve to value 0
Gurobi Optimizer version 13.0.0 build v13.0.0rc1 (linux64 - "Oracle Linux Server 9.7")

CPU model: AMD EPYC 7643 48-Core Processor, instruction set [SSE2|AVX|AVX2]
Thread count: 48 physical cores, 96 logical processors, using up to 8 threads

Non-default parameters:
MIPGap  1e-06
Presolve  0
Threads  8

Optimize a model with 1 rows, 16 columns and 16 nonzeros (Min)
Model fingerprint: 0x63a4fbc0
Model has 16 linear objective coefficients and an objective constant of -4.3276583224814019e+01
Model has 120 quadratic objective terms
Variable types: 0 continuous, 16 integer (16 binary)
Coefficient statistics:
  Matrix range     [1e+00, 1e+00]
  Objective range  [1e+01, 1e+01]
  QObjective range [2e+00, 4e+00]
  Bounds range     [1e+00, 1e+00]
  RHS range        [8e+00, 8e+00]
Found heuristic solution: objective 2.5382236
Variable types: 0 continuous, 136 integer (136 binary)

Root relaxation: objective -4.327658e+01, 6 iterations, 0.00 seconds (0.00 work units)

    Nodes    |    Current Node    |     Objective Bounds      |     Work
 Expl Unexpl |  Obj  Depth IntInf | Incumbent    BestBd   Gap | It/Node Time

     0     0  -43.27658    0   16    2.53822  -43.27658  1805%     -    0s
H    0     0                      -0.3067469  -43.27658      -     -    0s
     0     0   -5.43990    0   28   -0.30675   -5.43990  1673%     -    0s
     0     0   -5.40650    0   33   -0.30675   -5.40650  1663%     -    0s
     0     0   -4.27785    0   44   -0.30675   -4.27785  1295%     -    0s
     0     0   -4.27294    0   44   -0.30675   -4.27294  1293%     -    0s
     0     2   -4.27064    0   44   -0.30675   -4.27064  1292%     -    0s

Cutting planes:
  Gomory: 2
  Cover: 1
  MIR: 15
  RLT: 14

Explored 121 nodes (4222 simplex iterations) in 0.06 seconds (0.06 work units)
Thread count was 8 (of 96 available processors)

Solution count 2: -0.306747 2.53822 

Optimal solution found (tolerance 1.00e-06)
Best objective -3.067468643120e-01, best bound -3.067468643120e-01, gap 0.0000%

User-callback calls 344, time in user-callback 0.00 sec
