
Gurobi 13.0.0 (linux64) logging started Tue Mar 31 15:12:34 2026

Set parameter LogFile to value "logs/N=16_layers=2_presolve_on/N=16/seed=15/n_qaoa_layers=2/precond_pen=0.400.log"
Set parameter MIPGap to value 1e-06
Set parameter Threads to value 8
Gurobi Optimizer version 13.0.0 build v13.0.0rc1 (linux64 - "Oracle Linux Server 9.7")

CPU model: AMD EPYC 7643 48-Core Processor, instruction set [SSE2|AVX|AVX2]
Thread count: 48 physical cores, 96 logical processors, using up to 8 threads

Non-default parameters:
MIPGap  1e-06
Threads  8

Optimize a model with 1 rows, 16 columns and 16 nonzeros (Min)
Model fingerprint: 0x8204d64c
Model has 16 linear objective coefficients and an objective constant of 5.456600960998
Model has 120 quadratic objective terms
Variable types: 0 continuous, 16 integer (16 binary)
Coefficient statistics:
  Matrix range     [1e+00, 1e+00]
  Objective range  [2e-01, 3e+00]
  QObjective range [3e-03, 4e+00]
  Bounds range     [1e+00, 1e+00]
  RHS range        [8e+00, 8e+00]
Found heuristic solution: objective 0.5216183
Presolve time: 0.00s
Presolved: 121 rows, 136 columns, 376 nonzeros
Variable types: 0 continuous, 136 integer (136 binary)

Root relaxation: objective -1.982228e+01, 16 iterations, 0.00 seconds (0.00 work units)

    Nodes    |    Current Node    |     Objective Bounds      |     Work
 Expl Unexpl |  Obj  Depth IntInf | Incumbent    BestBd   Gap | It/Node Time

     0     0  -19.82228    0   16    0.52162  -19.82228  3900%     -    0s
H    0     0                      -0.2798349  -19.82228  6984%     -    0s
H    0     0                      -2.1938199  -19.82228   804%     -    0s
H    0     0                      -4.6717710  -19.82228   324%     -    0s
H    0     0                      -8.8709733  -19.82228   123%     -    0s
H    0     0                     -10.5759652  -14.88727  40.8%     -    0s
     0     0  -11.07486    0   62  -10.57597  -11.07486  4.72%     -    0s
     0     0  -10.71393    0   70  -10.57597  -10.71393  1.30%     -    0s
     0     0     cutoff    0       -10.57597  -10.57597  0.00%     -    0s

Cutting planes:
  MIR: 40
  Zero half: 40
  RLT: 36
  BQP: 154

Explored 1 nodes (240 simplex iterations) in 0.02 seconds (0.01 work units)
Thread count was 8 (of 96 available processors)

Solution count 6: -10.576 -8.87097 -4.67177 ... 0.521618
No other solutions better than -10.576

Optimal solution found (tolerance 1.00e-06)
Best objective -1.057596524022e+01, best bound -1.057596524022e+01, gap 0.0000%

User-callback calls 170, time in user-callback 0.00 sec
