
Gurobi 13.0.0 (linux64) logging started Tue Mar 31 15:12:33 2026

Set parameter LogFile to value "logs/N=16_layers=2_presolve_on/N=16/seed=12/n_qaoa_layers=2/precond_pen=0.500.log"
Set parameter MIPGap to value 1e-06
Set parameter Threads to value 8
Gurobi Optimizer version 13.0.0 build v13.0.0rc1 (linux64 - "Oracle Linux Server 9.7")

CPU model: AMD EPYC 7643 48-Core Processor, instruction set [SSE2|AVX|AVX2]
Thread count: 48 physical cores, 96 logical processors, using up to 8 threads

Non-default parameters:
MIPGap  1e-06
Threads  8

Optimize a model with 1 rows, 16 columns and 16 nonzeros (Min)
Model fingerprint: 0x479135dc
Model has 16 linear objective coefficients and an objective constant of 5.8091927436330018e+00
Model has 120 quadratic objective terms
Variable types: 0 continuous, 16 integer (16 binary)
Coefficient statistics:
  Matrix range     [1e+00, 1e+00]
  Objective range  [9e-01, 2e+00]
  QObjective range [8e-03, 3e+00]
  Bounds range     [1e+00, 1e+00]
  RHS range        [8e+00, 8e+00]
Found heuristic solution: objective 1.6567604
Presolve time: 0.00s
Presolved: 121 rows, 136 columns, 376 nonzeros
Variable types: 0 continuous, 136 integer (136 binary)

Root relaxation: objective -1.876020e+01, 14 iterations, 0.00 seconds (0.00 work units)

    Nodes    |    Current Node    |     Objective Bounds      |     Work
 Expl Unexpl |  Obj  Depth IntInf | Incumbent    BestBd   Gap | It/Node Time

     0     0  -18.76020    0   16    1.65676  -18.76020  1232%     -    0s
H    0     0                      -3.4282785  -18.76020   447%     -    0s
H    0     0                     -10.5594561  -18.76020  77.7%     -    0s
     0     0  -10.90622    0   59  -10.55946  -10.90622  3.28%     -    0s
     0     0  -10.61207    0   62  -10.55946  -10.61207  0.50%     -    0s
     0     0 infeasible    0       -10.55946  -10.55946  0.00%     -    0s

Cutting planes:
  Gomory: 1
  MIR: 45
  Zero half: 35
  RLT: 28
  BQP: 153

Explored 1 nodes (234 simplex iterations) in 0.02 seconds (0.01 work units)
Thread count was 8 (of 96 available processors)

Solution count 3: -10.5595 -3.42828 1.65676 
No other solutions better than -10.5595

Optimal solution found (tolerance 1.00e-06)
Best objective -1.055945607792e+01, best bound -1.055945607792e+01, gap 0.0000%

User-callback calls 166, time in user-callback 0.00 sec
