
Gurobi 13.0.0 (linux64) logging started Tue Mar 31 15:12:33 2026

Set parameter LogFile to value "logs/N=16_layers=2_presolve_on/N=16/seed=12/n_qaoa_layers=2/precond_pen=0.600.log"
Set parameter MIPGap to value 1e-06
Set parameter Threads to value 8
Gurobi Optimizer version 13.0.0 build v13.0.0rc1 (linux64 - "Oracle Linux Server 9.7")

CPU model: AMD EPYC 7643 48-Core Processor, instruction set [SSE2|AVX|AVX2]
Thread count: 48 physical cores, 96 logical processors, using up to 8 threads

Non-default parameters:
MIPGap  1e-06
Threads  8

Optimize a model with 1 rows, 16 columns and 16 nonzeros (Min)
Model fingerprint: 0xaf98155c
Model has 16 linear objective coefficients and an objective constant of 6.0324755219119979e+00
Model has 120 quadratic objective terms
Variable types: 0 continuous, 16 integer (16 binary)
Coefficient statistics:
  Matrix range     [1e+00, 1e+00]
  Objective range  [1e+00, 2e+00]
  QObjective range [3e-03, 3e+00]
  Bounds range     [1e+00, 1e+00]
  RHS range        [8e+00, 8e+00]
Found heuristic solution: objective 1.1821206
Presolve time: 0.00s
Presolved: 121 rows, 136 columns, 376 nonzeros
Variable types: 0 continuous, 136 integer (136 binary)

Root relaxation: objective -1.571612e+01, 21 iterations, 0.00 seconds (0.00 work units)

    Nodes    |    Current Node    |     Objective Bounds      |     Work
 Expl Unexpl |  Obj  Depth IntInf | Incumbent    BestBd   Gap | It/Node Time

     0     0  -15.71612    0   16    1.18212  -15.71612  1429%     -    0s
H    0     0                      -3.3662687  -15.71612   367%     -    0s
H    0     0                      -8.4271014  -15.71612  86.5%     -    0s
     0     0   -8.42710    0   72   -8.42710   -8.42710  0.00%     -    0s

Cutting planes:
  MIR: 41
  Zero half: 33
  RLT: 34
  BQP: 155

Explored 1 nodes (227 simplex iterations) in 0.02 seconds (0.01 work units)
Thread count was 8 (of 96 available processors)

Solution count 3: -8.4271 -3.36627 1.18212 
No other solutions better than -8.4271

Optimal solution found (tolerance 1.00e-06)
Best objective -8.427101354488e+00, best bound -8.427101354488e+00, gap 0.0000%

User-callback calls 163, time in user-callback 0.00 sec
