
Gurobi 13.0.0 (linux64) logging started Tue Mar 31 15:14:00 2026

Set parameter LogFile to value "logs/N=16_layers=3_presolve_off/N=16/seed=1/n_qaoa_layers=3/precond_pen=0.200.log"
Set parameter MIPGap to value 1e-06
Set parameter Threads to value 8
Set parameter Presolve to value 0
Gurobi Optimizer version 13.0.0 build v13.0.0rc1 (linux64 - "Oracle Linux Server 9.7")

CPU model: AMD EPYC 7643 48-Core Processor, instruction set [SSE2|AVX|AVX2]
Thread count: 48 physical cores, 96 logical processors, using up to 8 threads

Non-default parameters:
MIPGap  1e-06
Presolve  0
Threads  8

Optimize a model with 1 rows, 16 columns and 16 nonzeros (Min)
Model fingerprint: 0x4ea9e46d
Model has 16 linear objective coefficients and an objective constant of -24.806855522855
Model has 120 quadratic objective terms
Variable types: 0 continuous, 16 integer (16 binary)
Coefficient statistics:
  Matrix range     [1e+00, 1e+00]
  Objective range  [2e-01, 1e+01]
  QObjective range [2e-02, 6e+00]
  Bounds range     [1e+00, 1e+00]
  RHS range        [8e+00, 8e+00]
Found heuristic solution: objective 3.8955594
Variable types: 0 continuous, 136 integer (136 binary)

Root relaxation: objective -3.329182e+01, 14 iterations, 0.00 seconds (0.00 work units)

    Nodes    |    Current Node    |     Objective Bounds      |     Work
 Expl Unexpl |  Obj  Depth IntInf | Incumbent    BestBd   Gap | It/Node Time

     0     0  -33.29182    0   16    3.89556  -33.29182   955%     -    0s
H    0     0                       0.5618829  -33.29182  6025%     -    0s
H    0     0                      -0.7469568  -33.29182  4357%     -    0s
H    0     0                     -12.3774596  -33.29182   169%     -    0s
     0     0  -17.44155    0   62  -12.37746  -17.44155  40.9%     -    0s
     0     0  -17.34127    0   63  -12.37746  -17.34127  40.1%     -    0s
     0     0  -13.55420    0   51  -12.37746  -13.55420  9.51%     -    0s
     0     0  -13.52236    0   51  -12.37746  -13.52236  9.25%     -    0s
     0     2  -13.52236    0   51  -12.37746  -13.52236  9.25%     -    0s

Cutting planes:
  Gomory: 4
  Cover: 1
  MIR: 10
  Zero half: 4
  RLT: 25
  BQP: 33

Explored 34 nodes (1399 simplex iterations) in 0.04 seconds (0.03 work units)
Thread count was 8 (of 96 available processors)

Solution count 4: -12.3775 -0.746957 0.561883 3.89556 
No other solutions better than -12.3775

Optimal solution found (tolerance 1.00e-06)
Best objective -1.237745961101e+01, best bound -1.237745961101e+01, gap 0.0000%

User-callback calls 171, time in user-callback 0.00 sec
