
Gurobi 13.0.0 (linux64) logging started Tue Mar 31 15:14:00 2026

Set parameter LogFile to value "logs/N=16_layers=3_presolve_off/N=16/seed=1/n_qaoa_layers=3/precond_pen=0.400.log"
Set parameter MIPGap to value 1e-06
Set parameter Threads to value 8
Set parameter Presolve to value 0
Gurobi Optimizer version 13.0.0 build v13.0.0rc1 (linux64 - "Oracle Linux Server 9.7")

CPU model: AMD EPYC 7643 48-Core Processor, instruction set [SSE2|AVX|AVX2]
Thread count: 48 physical cores, 96 logical processors, using up to 8 threads

Non-default parameters:
MIPGap  1e-06
Presolve  0
Threads  8

Optimize a model with 1 rows, 16 columns and 16 nonzeros (Min)
Model fingerprint: 0x0b7a6dc3
Model has 16 linear objective coefficients and an objective constant of 6.279568271138
Model has 120 quadratic objective terms
Variable types: 0 continuous, 16 integer (16 binary)
Coefficient statistics:
  Matrix range     [1e+00, 1e+00]
  Objective range  [9e-01, 2e+00]
  QObjective range [4e-02, 5e+00]
  Bounds range     [1e+00, 1e+00]
  RHS range        [8e+00, 8e+00]
Found heuristic solution: objective 1.7824375
Variable types: 0 continuous, 136 integer (136 binary)

Root relaxation: objective -2.916512e+01, 18 iterations, 0.00 seconds (0.00 work units)

    Nodes    |    Current Node    |     Objective Bounds      |     Work
 Expl Unexpl |  Obj  Depth IntInf | Incumbent    BestBd   Gap | It/Node Time

     0     0  -29.16512    0   16    1.78244  -29.16512  1736%     -    0s
H    0     0                     -16.6505925  -29.16512  75.2%     -    0s
H    0     0                     -17.9761508  -29.16512  62.2%     -    0s
     0     0  -17.97615    0   54  -17.97615  -17.97615  0.00%     -    0s

Cutting planes:
  Gomory: 1
  MIR: 32
  Zero half: 39
  RLT: 34
  BQP: 131

Explored 1 nodes (134 simplex iterations) in 0.01 seconds (0.01 work units)
Thread count was 8 (of 96 available processors)

Solution count 3: -17.9762 -16.6506 1.78244 
No other solutions better than -17.9762

Optimal solution found (tolerance 1.00e-06)
Best objective -1.797615076281e+01, best bound -1.797615076281e+01, gap 0.0000%

User-callback calls 67, time in user-callback 0.00 sec
