
Gurobi 13.0.0 (linux64) logging started Sun May  3 10:53:53 2026

Set parameter LogFile to value "logs/N=16_layers=1_presolve_on/N=16/seed=26/quantum_layers=1/precond_pen=0.200.log"
Set parameter MIPGap to value 1e-06
Set parameter Threads to value 8
Gurobi Optimizer version 13.0.0 build v13.0.0rc1 (linux64 - "Oracle Linux Server 9.7")

CPU model: AMD EPYC 7643 48-Core Processor, instruction set [SSE2|AVX|AVX2]
Thread count: 48 physical cores, 96 logical processors, using up to 8 threads

Non-default parameters:
MIPGap  1e-06
Threads  8

Optimize a model with 1 rows, 16 columns and 16 nonzeros (Min)
Model fingerprint: 0x78e05d72
Model has 16 linear objective coefficients and an objective constant of -8.2455860599600026e+00
Model has 120 quadratic objective terms
Variable types: 0 continuous, 16 integer (16 binary)
Coefficient statistics:
  Matrix range     [1e+00, 1e+00]
  Objective range  [2e-01, 4e+00]
  QObjective range [1e-02, 3e+00]
  Bounds range     [1e+00, 1e+00]
  RHS range        [8e+00, 8e+00]
Found heuristic solution: objective 1.8046372
Presolve time: 0.00s
Presolved: 121 rows, 136 columns, 376 nonzeros
Variable types: 0 continuous, 136 integer (136 binary)

Root relaxation: objective -1.819022e+01, 20 iterations, 0.00 seconds (0.00 work units)

    Nodes    |    Current Node    |     Objective Bounds      |     Work
 Expl Unexpl |  Obj  Depth IntInf | Incumbent    BestBd   Gap | It/Node Time

     0     0  -18.19022    0   16    1.80464  -18.19022  1108%     -    0s
H    0     0                      -3.6682543  -18.19022   396%     -    0s
H    0     0                      -8.5690348  -18.19022   112%     -    0s
     0     0   -9.91446    0   60   -8.56903   -9.91446  15.7%     -    0s

Cutting planes:
  Gomory: 11
  Dual implied bound: 2
  MIR: 78
  StrongCG: 3
  Flow cover: 11
  Zero half: 33
  RLT: 27
  BQP: 107

Explored 1 nodes (232 simplex iterations) in 0.03 seconds (0.02 work units)
Thread count was 8 (of 96 available processors)

Solution count 3: -8.56903 -3.66825 1.80464 
No other solutions better than -8.56903

Optimal solution found (tolerance 1.00e-06)
Best objective -8.569034788594e+00, best bound -8.569034788594e+00, gap 0.0000%

User-callback calls 171, time in user-callback 0.00 sec
