
Gurobi 13.0.0 (linux64) logging started Sun May  3 10:53:53 2026

Set parameter LogFile to value "logs/N=16_layers=1_presolve_on/N=16/seed=26/quantum_layers=1/precond_pen=0.500.log"
Set parameter MIPGap to value 1e-06
Set parameter Threads to value 8
Gurobi Optimizer version 13.0.0 build v13.0.0rc1 (linux64 - "Oracle Linux Server 9.7")

CPU model: AMD EPYC 7643 48-Core Processor, instruction set [SSE2|AVX|AVX2]
Thread count: 48 physical cores, 96 logical processors, using up to 8 threads

Non-default parameters:
MIPGap  1e-06
Threads  8

Optimize a model with 1 rows, 16 columns and 16 nonzeros (Min)
Model fingerprint: 0xd808edfe
Model has 16 linear objective coefficients and an objective constant of 6.3808977497220010e+00
Model has 120 quadratic objective terms
Variable types: 0 continuous, 16 integer (16 binary)
Coefficient statistics:
  Matrix range     [1e+00, 1e+00]
  Objective range  [1e+00, 2e+00]
  QObjective range [5e-03, 1e+00]
  Bounds range     [1e+00, 1e+00]
  RHS range        [8e+00, 8e+00]
Found heuristic solution: objective 0.0305087
Presolve time: 0.00s
Presolved: 121 rows, 136 columns, 376 nonzeros
Variable types: 0 continuous, 136 integer (136 binary)

Root relaxation: objective -8.149861e+00, 39 iterations, 0.00 seconds (0.00 work units)

    Nodes    |    Current Node    |     Objective Bounds      |     Work
 Expl Unexpl |  Obj  Depth IntInf | Incumbent    BestBd   Gap | It/Node Time

     0     0   -8.14986    0   16    0.03051   -8.14986      -     -    0s
H    0     0                      -1.4373868   -8.14986   467%     -    0s
H    0     0                      -1.6791083   -8.14986   385%     -    0s
H    0     0                      -3.6071137   -8.14986   126%     -    0s
     0     0     cutoff    0        -3.60711   -3.60711  0.00%     -    0s

Cutting planes:
  Gomory: 2
  MIR: 53
  Zero half: 25
  RLT: 40
  BQP: 191

Explored 1 nodes (256 simplex iterations) in 0.02 seconds (0.01 work units)
Thread count was 8 (of 96 available processors)

Solution count 4: -3.60711 -1.67911 -1.43739 0.0305087 
No other solutions better than -3.60711

Optimal solution found (tolerance 1.00e-06)
Best objective -3.607113664646e+00, best bound -3.607113664646e+00, gap 0.0000%

User-callback calls 165, time in user-callback 0.00 sec
