
Gurobi 13.0.0 (linux64) logging started Sun May  3 10:58:36 2026

Set parameter LogFile to value "logs/N=16_layers=2_presolve_on/N=16/seed=38/quantum_layers=2/baseline.log"
Set parameter MIPGap to value 1e-06
Set parameter Threads to value 8
Gurobi Optimizer version 13.0.0 build v13.0.0rc1 (linux64 - "Oracle Linux Server 9.7")

CPU model: AMD EPYC 7643 48-Core Processor, instruction set [SSE2|AVX|AVX2]
Thread count: 48 physical cores, 96 logical processors, using up to 8 threads

Non-default parameters:
MIPGap  1e-06
Threads  8

Optimize a model with 1 rows, 16 columns and 16 nonzeros (Min)
Model fingerprint: 0x8dfe8b28
Model has 16 linear objective coefficients and an objective constant of 9.8651642410629847e-13
Model has 120 quadratic objective terms
Variable types: 0 continuous, 16 integer (16 binary)
Coefficient statistics:
  Matrix range     [1e+00, 1e+00]
  Objective range  [1e+01, 2e+01]
  QObjective range [3e-02, 8e+00]
  Bounds range     [1e+00, 1e+00]
  RHS range        [8e+00, 8e+00]
Found heuristic solution: objective 53.2324229
Presolve time: 0.00s
Presolved: 121 rows, 136 columns, 376 nonzeros
Variable types: 0 continuous, 136 integer (136 binary)

Root relaxation: objective 9.811874e-13, 11 iterations, 0.00 seconds (0.00 work units)

    Nodes    |    Current Node    |     Objective Bounds      |     Work
 Expl Unexpl |  Obj  Depth IntInf | Incumbent    BestBd   Gap | It/Node Time

     0     0    0.00000    0   16   53.23242    0.00000   100%     -    0s
H    0     0                      49.2276037    0.00000   100%     -    0s
H    0     0                      48.9200748    0.00000   100%     -    0s
     0     0   24.21023    0   29   48.92007   24.21023  50.5%     -    0s
     0     0   24.21023    0   31   48.92007   24.21023  50.5%     -    0s
     0     0   32.09337    0   70   48.92007   32.09337  34.4%     -    0s
     0     0   32.21790    0   70   48.92007   32.21790  34.1%     -    0s
     0     2   32.21790    0   70   48.92007   32.21790  34.1%     -    0s

Cutting planes:
  Gomory: 3
  Cover: 1
  Dual implied bound: 32
  MIR: 27
  StrongCG: 5
  RLT: 13

Explored 315 nodes (7933 simplex iterations) in 0.08 seconds (0.08 work units)
Thread count was 8 (of 96 available processors)

Solution count 3: 48.9201 49.2276 53.2324 

Optimal solution found (tolerance 1.00e-06)
Best objective 4.892007484624e+01, best bound 4.892007484624e+01, gap 0.0000%

User-callback calls 831, time in user-callback 0.00 sec
