
Gurobi 13.0.0 (linux64) logging started Tue Mar 31 15:06:51 2026

Set parameter LogFile to value "logs/N=12_layers=3_presolve_on/N=12/seed=20/n_qaoa_layers=3/precond_pen=0.800.log"
Set parameter MIPGap to value 1e-06
Set parameter Threads to value 8
Gurobi Optimizer version 13.0.0 build v13.0.0rc1 (linux64 - "Oracle Linux Server 9.7")

CPU model: AMD EPYC 7643 48-Core Processor, instruction set [SSE2|AVX|AVX2]
Thread count: 48 physical cores, 96 logical processors, using up to 8 threads

Non-default parameters:
MIPGap  1e-06
Threads  8

Optimize a model with 1 rows, 12 columns and 12 nonzeros (Min)
Model fingerprint: 0x0f3bc663
Model has 12 linear objective coefficients and an objective constant of 4.460085082479
Model has 66 quadratic objective terms
Variable types: 0 continuous, 12 integer (12 binary)
Coefficient statistics:
  Matrix range     [1e+00, 1e+00]
  Objective range  [1e+00, 2e+00]
  QObjective range [1e-02, 3e+00]
  Bounds range     [1e+00, 1e+00]
  RHS range        [6e+00, 6e+00]
Found heuristic solution: objective 2.0675365
Presolve time: 0.00s
Presolved: 67 rows, 78 columns, 210 nonzeros
Variable types: 0 continuous, 78 integer (78 binary)

Root relaxation: objective -1.184943e+01, 12 iterations, 0.00 seconds (0.00 work units)

    Nodes    |    Current Node    |     Objective Bounds      |     Work
 Expl Unexpl |  Obj  Depth IntInf | Incumbent    BestBd   Gap | It/Node Time

     0     0  -11.84943    0   12    2.06754  -11.84943   673%     -    0s
H    0     0                      -3.3457873  -11.84943   254%     -    0s
H    0     0                      -5.1443487  -11.84943   130%     -    0s
H    0     0                      -6.3894277  -11.84943  85.5%     -    0s
H    0     0                      -6.8444455  -11.84943  73.1%     -    0s

Cutting planes:
  Gomory: 1
  MIR: 18
  Zero half: 16
  RLT: 18
  BQP: 55

Explored 1 nodes (12 simplex iterations) in 0.01 seconds (0.00 work units)
Thread count was 8 (of 96 available processors)

Solution count 5: -6.84445 -6.38943 -5.14435 ... 2.06754
No other solutions better than -6.84445

Optimal solution found (tolerance 1.00e-06)
Best objective -6.844445457685e+00, best bound -6.844445457685e+00, gap 0.0000%

User-callback calls 161, time in user-callback 0.00 sec

Gurobi 13.0.0 (linux64) logging started Tue Mar 31 15:10:50 2026

Set parameter LogFile to value "logs/N=12_layers=3_presolve_on/N=12/seed=20/n_qaoa_layers=3/precond_pen=0.800.log"
Set parameter MIPGap to value 1e-06
Set parameter Threads to value 8
Gurobi Optimizer version 13.0.0 build v13.0.0rc1 (linux64 - "Oracle Linux Server 9.7")

CPU model: AMD EPYC 7643 48-Core Processor, instruction set [SSE2|AVX|AVX2]
Thread count: 48 physical cores, 96 logical processors, using up to 8 threads

Non-default parameters:
MIPGap  1e-06
Threads  8

Optimize a model with 1 rows, 12 columns and 12 nonzeros (Min)
Model fingerprint: 0x0f3bc663
Model has 12 linear objective coefficients and an objective constant of 4.460085082479
Model has 66 quadratic objective terms
Variable types: 0 continuous, 12 integer (12 binary)
Coefficient statistics:
  Matrix range     [1e+00, 1e+00]
  Objective range  [1e+00, 2e+00]
  QObjective range [1e-02, 3e+00]
  Bounds range     [1e+00, 1e+00]
  RHS range        [6e+00, 6e+00]
Found heuristic solution: objective 2.0675365
Presolve time: 0.00s
Presolved: 67 rows, 78 columns, 210 nonzeros
Variable types: 0 continuous, 78 integer (78 binary)

Root relaxation: objective -1.184943e+01, 12 iterations, 0.00 seconds (0.00 work units)

    Nodes    |    Current Node    |     Objective Bounds      |     Work
 Expl Unexpl |  Obj  Depth IntInf | Incumbent    BestBd   Gap | It/Node Time

     0     0  -11.84943    0   12    2.06754  -11.84943   673%     -    0s
H    0     0                      -3.3457873  -11.84943   254%     -    0s
H    0     0                      -5.1443487  -11.84943   130%     -    0s
H    0     0                      -6.3894277  -11.84943  85.5%     -    0s
H    0     0                      -6.8444455  -11.84943  73.1%     -    0s

Cutting planes:
  Gomory: 1
  MIR: 18
  Zero half: 16
  RLT: 18
  BQP: 55

Explored 1 nodes (12 simplex iterations) in 0.01 seconds (0.00 work units)
Thread count was 8 (of 96 available processors)

Solution count 5: -6.84445 -6.38943 -5.14435 ... 2.06754
No other solutions better than -6.84445

Optimal solution found (tolerance 1.00e-06)
Best objective -6.844445457685e+00, best bound -6.844445457685e+00, gap 0.0000%

User-callback calls 160, time in user-callback 0.00 sec
