
Gurobi 13.0.0 (linux64) logging started Tue Mar 31 15:06:51 2026

Set parameter LogFile to value "logs/N=12_layers=3_presolve_on/N=12/seed=20/n_qaoa_layers=3/precond_pen=1.000.log"
Set parameter MIPGap to value 1e-06
Set parameter Threads to value 8
Gurobi Optimizer version 13.0.0 build v13.0.0rc1 (linux64 - "Oracle Linux Server 9.7")

CPU model: AMD EPYC 7643 48-Core Processor, instruction set [SSE2|AVX|AVX2]
Thread count: 48 physical cores, 96 logical processors, using up to 8 threads

Non-default parameters:
MIPGap  1e-06
Threads  8

Optimize a model with 1 rows, 12 columns and 12 nonzeros (Min)
Model fingerprint: 0x0e04523a
Model has 12 linear objective coefficients and an objective constant of 5.6801158822060005e+00
Model has 66 quadratic objective terms
Variable types: 0 continuous, 12 integer (12 binary)
Coefficient statistics:
  Matrix range     [1e+00, 1e+00]
  Objective range  [2e+00, 2e+00]
  QObjective range [9e-03, 2e+00]
  Bounds range     [1e+00, 1e+00]
  RHS range        [6e+00, 6e+00]
Found heuristic solution: objective 0.4051966
Presolve time: 0.00s
Presolved: 67 rows, 78 columns, 210 nonzeros
Variable types: 0 continuous, 78 integer (78 binary)

Root relaxation: objective -6.592434e+00, 19 iterations, 0.00 seconds (0.00 work units)

    Nodes    |    Current Node    |     Objective Bounds      |     Work
 Expl Unexpl |  Obj  Depth IntInf | Incumbent    BestBd   Gap | It/Node Time

     0     0   -6.59243    0   12    0.40520   -6.59243  1727%     -    0s
H    0     0                      -1.6252800   -6.59243   306%     -    0s
H    0     0                      -2.1098766   -6.59243   212%     -    0s
H    0     0                      -2.7232684   -6.59243   142%     -    0s
     0     0     cutoff    0        -2.72327   -2.72327  0.00%     -    0s

Cutting planes:
  Gomory: 1
  MIR: 31
  Zero half: 23
  RLT: 28
  BQP: 93

Explored 1 nodes (123 simplex iterations) in 0.01 seconds (0.00 work units)
Thread count was 8 (of 96 available processors)

Solution count 4: -2.72327 -2.10988 -1.62528 0.405197 
No other solutions better than -2.72327

Optimal solution found (tolerance 1.00e-06)
Best objective -2.723268378160e+00, best bound -2.723268378160e+00, gap 0.0000%

User-callback calls 165, time in user-callback 0.00 sec

Gurobi 13.0.0 (linux64) logging started Tue Mar 31 15:10:50 2026

Set parameter LogFile to value "logs/N=12_layers=3_presolve_on/N=12/seed=20/n_qaoa_layers=3/precond_pen=1.000.log"
Set parameter MIPGap to value 1e-06
Set parameter Threads to value 8
Gurobi Optimizer version 13.0.0 build v13.0.0rc1 (linux64 - "Oracle Linux Server 9.7")

CPU model: AMD EPYC 7643 48-Core Processor, instruction set [SSE2|AVX|AVX2]
Thread count: 48 physical cores, 96 logical processors, using up to 8 threads

Non-default parameters:
MIPGap  1e-06
Threads  8

Optimize a model with 1 rows, 12 columns and 12 nonzeros (Min)
Model fingerprint: 0x0e04523a
Model has 12 linear objective coefficients and an objective constant of 5.6801158822060005e+00
Model has 66 quadratic objective terms
Variable types: 0 continuous, 12 integer (12 binary)
Coefficient statistics:
  Matrix range     [1e+00, 1e+00]
  Objective range  [2e+00, 2e+00]
  QObjective range [9e-03, 2e+00]
  Bounds range     [1e+00, 1e+00]
  RHS range        [6e+00, 6e+00]
Found heuristic solution: objective 0.4051966
Presolve time: 0.00s
Presolved: 67 rows, 78 columns, 210 nonzeros
Variable types: 0 continuous, 78 integer (78 binary)

Root relaxation: objective -6.592434e+00, 19 iterations, 0.00 seconds (0.00 work units)

    Nodes    |    Current Node    |     Objective Bounds      |     Work
 Expl Unexpl |  Obj  Depth IntInf | Incumbent    BestBd   Gap | It/Node Time

     0     0   -6.59243    0   12    0.40520   -6.59243  1727%     -    0s
H    0     0                      -1.6252800   -6.59243   306%     -    0s
H    0     0                      -2.1098766   -6.59243   212%     -    0s
H    0     0                      -2.7232684   -6.59243   142%     -    0s
     0     0     cutoff    0        -2.72327   -2.72327  0.00%     -    0s

Cutting planes:
  Gomory: 1
  MIR: 31
  Zero half: 23
  RLT: 28
  BQP: 93

Explored 1 nodes (123 simplex iterations) in 0.01 seconds (0.00 work units)
Thread count was 8 (of 96 available processors)

Solution count 4: -2.72327 -2.10988 -1.62528 0.405197 
No other solutions better than -2.72327

Optimal solution found (tolerance 1.00e-06)
Best objective -2.723268378160e+00, best bound -2.723268378160e+00, gap 0.0000%

User-callback calls 164, time in user-callback 0.00 sec
