
Gurobi 13.0.0 (linux64) logging started Tue Mar 31 15:06:51 2026

Set parameter LogFile to value "logs/N=12_layers=3_presolve_on/N=12/seed=20/n_qaoa_layers=3/precond_pen=0.600.log"
Set parameter MIPGap to value 1e-06
Set parameter Threads to value 8
Gurobi Optimizer version 13.0.0 build v13.0.0rc1 (linux64 - "Oracle Linux Server 9.7")

CPU model: AMD EPYC 7643 48-Core Processor, instruction set [SSE2|AVX|AVX2]
Thread count: 48 physical cores, 96 logical processors, using up to 8 threads

Non-default parameters:
MIPGap  1e-06
Threads  8

Optimize a model with 1 rows, 12 columns and 12 nonzeros (Min)
Model fingerprint: 0xe8b457fd
Model has 12 linear objective coefficients and an objective constant of 4.5286713684350008e+00
Model has 66 quadratic objective terms
Variable types: 0 continuous, 12 integer (12 binary)
Coefficient statistics:
  Matrix range     [1e+00, 1e+00]
  Objective range  [9e-01, 2e+00]
  QObjective range [4e-02, 4e+00]
  Bounds range     [1e+00, 1e+00]
  RHS range        [6e+00, 6e+00]
Found heuristic solution: objective 2.4388619
Presolve time: 0.00s
Presolved: 67 rows, 78 columns, 210 nonzeros
Variable types: 0 continuous, 78 integer (78 binary)

Root relaxation: objective -1.349562e+01, 13 iterations, 0.00 seconds (0.00 work units)

    Nodes    |    Current Node    |     Objective Bounds      |     Work
 Expl Unexpl |  Obj  Depth IntInf | Incumbent    BestBd   Gap | It/Node Time

     0     0  -13.49562    0   12    2.43886  -13.49562   653%     -    0s
H    0     0                      -3.7353552  -13.49562   261%     -    0s
H    0     0                      -5.9752397  -13.49562   126%     -    0s
H    0     0                      -7.5590114  -13.49562  78.5%     -    0s
H    0     0                      -7.9209930  -13.49562  70.4%     -    0s

Cutting planes:
  Gomory: 1
  MIR: 15
  Zero half: 16
  RLT: 17
  BQP: 55

Explored 1 nodes (13 simplex iterations) in 0.01 seconds (0.00 work units)
Thread count was 8 (of 96 available processors)

Solution count 5: -7.92099 -7.55901 -5.97524 ... 2.43886
No other solutions better than -7.92099

Optimal solution found (tolerance 1.00e-06)
Best objective -7.920992985659e+00, best bound -7.920992985659e+00, gap 0.0000%

User-callback calls 160, time in user-callback 0.00 sec

Gurobi 13.0.0 (linux64) logging started Tue Mar 31 15:10:50 2026

Set parameter LogFile to value "logs/N=12_layers=3_presolve_on/N=12/seed=20/n_qaoa_layers=3/precond_pen=0.600.log"
Set parameter MIPGap to value 1e-06
Set parameter Threads to value 8
Gurobi Optimizer version 13.0.0 build v13.0.0rc1 (linux64 - "Oracle Linux Server 9.7")

CPU model: AMD EPYC 7643 48-Core Processor, instruction set [SSE2|AVX|AVX2]
Thread count: 48 physical cores, 96 logical processors, using up to 8 threads

Non-default parameters:
MIPGap  1e-06
Threads  8

Optimize a model with 1 rows, 12 columns and 12 nonzeros (Min)
Model fingerprint: 0xe8b457fd
Model has 12 linear objective coefficients and an objective constant of 4.5286713684350008e+00
Model has 66 quadratic objective terms
Variable types: 0 continuous, 12 integer (12 binary)
Coefficient statistics:
  Matrix range     [1e+00, 1e+00]
  Objective range  [9e-01, 2e+00]
  QObjective range [4e-02, 4e+00]
  Bounds range     [1e+00, 1e+00]
  RHS range        [6e+00, 6e+00]
Found heuristic solution: objective 2.4388619
Presolve time: 0.00s
Presolved: 67 rows, 78 columns, 210 nonzeros
Variable types: 0 continuous, 78 integer (78 binary)

Root relaxation: objective -1.349562e+01, 13 iterations, 0.00 seconds (0.00 work units)

    Nodes    |    Current Node    |     Objective Bounds      |     Work
 Expl Unexpl |  Obj  Depth IntInf | Incumbent    BestBd   Gap | It/Node Time

     0     0  -13.49562    0   12    2.43886  -13.49562   653%     -    0s
H    0     0                      -3.7353552  -13.49562   261%     -    0s
H    0     0                      -5.9752397  -13.49562   126%     -    0s
H    0     0                      -7.5590114  -13.49562  78.5%     -    0s
H    0     0                      -7.9209930  -13.49562  70.4%     -    0s

Cutting planes:
  Gomory: 1
  MIR: 15
  Zero half: 16
  RLT: 17
  BQP: 55

Explored 1 nodes (13 simplex iterations) in 0.01 seconds (0.00 work units)
Thread count was 8 (of 96 available processors)

Solution count 5: -7.92099 -7.55901 -5.97524 ... 2.43886
No other solutions better than -7.92099

Optimal solution found (tolerance 1.00e-06)
Best objective -7.920992985659e+00, best bound -7.920992985659e+00, gap 0.0000%

User-callback calls 160, time in user-callback 0.00 sec
