
Gurobi 13.0.0 (linux64) logging started Tue Mar 31 15:06:51 2026

Set parameter LogFile to value "logs/N=12_layers=3_presolve_on/N=12/seed=20/n_qaoa_layers=3/precond_pen=0.400.log"
Set parameter MIPGap to value 1e-06
Set parameter Threads to value 8
Gurobi Optimizer version 13.0.0 build v13.0.0rc1 (linux64 - "Oracle Linux Server 9.7")

CPU model: AMD EPYC 7643 48-Core Processor, instruction set [SSE2|AVX|AVX2]
Thread count: 48 physical cores, 96 logical processors, using up to 8 threads

Non-default parameters:
MIPGap  1e-06
Threads  8

Optimize a model with 1 rows, 12 columns and 12 nonzeros (Min)
Model fingerprint: 0x0a691fe5
Model has 12 linear objective coefficients and an objective constant of 4.571974509871
Model has 66 quadratic objective terms
Variable types: 0 continuous, 12 integer (12 binary)
Coefficient statistics:
  Matrix range     [1e+00, 1e+00]
  Objective range  [3e-01, 2e+00]
  QObjective range [6e-03, 5e+00]
  Bounds range     [1e+00, 1e+00]
  RHS range        [6e+00, 6e+00]
Found heuristic solution: objective 3.2766001
Presolve time: 0.00s
Presolved: 67 rows, 78 columns, 210 nonzeros
Variable types: 0 continuous, 78 integer (78 binary)

Root relaxation: objective -1.693984e+01, 9 iterations, 0.00 seconds (0.00 work units)

    Nodes    |    Current Node    |     Objective Bounds      |     Work
 Expl Unexpl |  Obj  Depth IntInf | Incumbent    BestBd   Gap | It/Node Time

     0     0  -16.93984    0   12    3.27660  -16.93984   617%     -    0s
H    0     0                      -2.5230846  -16.93984   571%     -    0s
H    0     0                     -10.5114936  -16.93984  61.2%     -    0s
H    0     0                     -10.7424167  -16.93984  57.7%     -    0s

Cutting planes:
  MIR: 20
  Zero half: 17
  RLT: 21
  BQP: 53

Explored 1 nodes (9 simplex iterations) in 0.01 seconds (0.00 work units)
Thread count was 8 (of 96 available processors)

Solution count 4: -10.7424 -10.5115 -2.52308 3.2766 
No other solutions better than -10.7424

Optimal solution found (tolerance 1.00e-06)
Best objective -1.074241668709e+01, best bound -1.074241668709e+01, gap 0.0000%

User-callback calls 157, time in user-callback 0.00 sec

Gurobi 13.0.0 (linux64) logging started Tue Mar 31 15:10:50 2026

Set parameter LogFile to value "logs/N=12_layers=3_presolve_on/N=12/seed=20/n_qaoa_layers=3/precond_pen=0.400.log"
Set parameter MIPGap to value 1e-06
Set parameter Threads to value 8
Gurobi Optimizer version 13.0.0 build v13.0.0rc1 (linux64 - "Oracle Linux Server 9.7")

CPU model: AMD EPYC 7643 48-Core Processor, instruction set [SSE2|AVX|AVX2]
Thread count: 48 physical cores, 96 logical processors, using up to 8 threads

Non-default parameters:
MIPGap  1e-06
Threads  8

Optimize a model with 1 rows, 12 columns and 12 nonzeros (Min)
Model fingerprint: 0x0a691fe5
Model has 12 linear objective coefficients and an objective constant of 4.571974509871
Model has 66 quadratic objective terms
Variable types: 0 continuous, 12 integer (12 binary)
Coefficient statistics:
  Matrix range     [1e+00, 1e+00]
  Objective range  [3e-01, 2e+00]
  QObjective range [6e-03, 5e+00]
  Bounds range     [1e+00, 1e+00]
  RHS range        [6e+00, 6e+00]
Found heuristic solution: objective 3.2766001
Presolve time: 0.00s
Presolved: 67 rows, 78 columns, 210 nonzeros
Variable types: 0 continuous, 78 integer (78 binary)

Root relaxation: objective -1.693984e+01, 9 iterations, 0.00 seconds (0.00 work units)

    Nodes    |    Current Node    |     Objective Bounds      |     Work
 Expl Unexpl |  Obj  Depth IntInf | Incumbent    BestBd   Gap | It/Node Time

     0     0  -16.93984    0   12    3.27660  -16.93984   617%     -    0s
H    0     0                      -2.5230846  -16.93984   571%     -    0s
H    0     0                     -10.5114936  -16.93984  61.2%     -    0s
H    0     0                     -10.7424167  -16.93984  57.7%     -    0s

Cutting planes:
  MIR: 20
  Zero half: 17
  RLT: 21
  BQP: 53

Explored 1 nodes (9 simplex iterations) in 0.01 seconds (0.00 work units)
Thread count was 8 (of 96 available processors)

Solution count 4: -10.7424 -10.5115 -2.52308 3.2766 
No other solutions better than -10.7424

Optimal solution found (tolerance 1.00e-06)
Best objective -1.074241668709e+01, best bound -1.074241668709e+01, gap 0.0000%

User-callback calls 157, time in user-callback 0.00 sec
