
Gurobi 13.0.0 (linux64) logging started Tue Mar 31 15:05:12 2026

Set parameter LogFile to value "logs/N=12_layers=2_presolve_on/N=12/seed=10/n_qaoa_layers=2/precond_pen=0.700.log"
Set parameter MIPGap to value 1e-06
Set parameter Threads to value 8
Gurobi Optimizer version 13.0.0 build v13.0.0rc1 (linux64 - "Oracle Linux Server 9.7")

CPU model: AMD EPYC 7643 48-Core Processor, instruction set [SSE2|AVX|AVX2]
Thread count: 48 physical cores, 96 logical processors, using up to 8 threads

Non-default parameters:
MIPGap  1e-06
Threads  8

Optimize a model with 1 rows, 12 columns and 12 nonzeros (Min)
Model fingerprint: 0x0aa23b83
Model has 12 linear objective coefficients and an objective constant of 4.581271643947
Model has 66 quadratic objective terms
Variable types: 0 continuous, 12 integer (12 binary)
Coefficient statistics:
  Matrix range     [1e+00, 1e+00]
  Objective range  [1e+00, 2e+00]
  QObjective range [3e-02, 3e+00]
  Bounds range     [1e+00, 1e+00]
  RHS range        [6e+00, 6e+00]
Found heuristic solution: objective -2.2995323
Presolve time: 0.00s
Presolved: 67 rows, 78 columns, 210 nonzeros
Variable types: 0 continuous, 78 integer (78 binary)

Root relaxation: objective -7.857623e+00, 17 iterations, 0.00 seconds (0.00 work units)

    Nodes    |    Current Node    |     Objective Bounds      |     Work
 Expl Unexpl |  Obj  Depth IntInf | Incumbent    BestBd   Gap | It/Node Time

     0     0   -7.85762    0   12   -2.29953   -7.85762   242%     -    0s
H    0     0                      -2.4228248   -7.85762   224%     -    0s
H    0     0                      -2.7959585   -7.85762   181%     -    0s
H    0     0                      -4.2490579   -7.85762  84.9%     -    0s
     0     0     cutoff    0        -4.24906   -4.24906  0.00%     -    0s

Cutting planes:
  Gomory: 2
  MIR: 20
  Zero half: 10
  RLT: 16
  BQP: 66

Explored 1 nodes (93 simplex iterations) in 0.01 seconds (0.00 work units)
Thread count was 8 (of 96 available processors)

Solution count 4: -4.24906 -2.79596 -2.42282 -2.29953 
No other solutions better than -4.24906

Optimal solution found (tolerance 1.00e-06)
Best objective -4.249057911061e+00, best bound -4.249057911061e+00, gap 0.0000%

User-callback calls 163, time in user-callback 0.00 sec
