
Gurobi 13.0.0 (linux64) logging started Tue Mar 31 15:12:34 2026

Set parameter LogFile to value "logs/N=16_layers=2_presolve_on/N=16/seed=16/n_qaoa_layers=2/precond_pen=0.600.log"
Set parameter MIPGap to value 1e-06
Set parameter Threads to value 8
Gurobi Optimizer version 13.0.0 build v13.0.0rc1 (linux64 - "Oracle Linux Server 9.7")

CPU model: AMD EPYC 7643 48-Core Processor, instruction set [SSE2|AVX|AVX2]
Thread count: 48 physical cores, 96 logical processors, using up to 8 threads

Non-default parameters:
MIPGap  1e-06
Threads  8

Optimize a model with 1 rows, 16 columns and 16 nonzeros (Min)
Model fingerprint: 0x4b514ad1
Model has 16 linear objective coefficients and an objective constant of 6.1539313661239969e+00
Model has 120 quadratic objective terms
Variable types: 0 continuous, 16 integer (16 binary)
Coefficient statistics:
  Matrix range     [1e+00, 1e+00]
  Objective range  [1e+00, 2e+00]
  QObjective range [1e-03, 3e+00]
  Bounds range     [1e+00, 1e+00]
  RHS range        [8e+00, 8e+00]
Found heuristic solution: objective 0.2182841
Presolve time: 0.00s
Presolved: 121 rows, 136 columns, 376 nonzeros
Variable types: 0 continuous, 136 integer (136 binary)

Root relaxation: objective -1.434087e+01, 39 iterations, 0.00 seconds (0.00 work units)

    Nodes    |    Current Node    |     Objective Bounds      |     Work
 Expl Unexpl |  Obj  Depth IntInf | Incumbent    BestBd   Gap | It/Node Time

     0     0  -14.34087    0   16    0.21828  -14.34087  6670%     -    0s
H    0     0                      -0.4917096  -14.34087  2817%     -    0s
H    0     0                      -1.5799259  -14.34087   808%     -    0s
H    0     0                      -8.0074210  -14.34087  79.1%     -    0s
     0     0   -8.41216    0   56   -8.00742   -8.41216  5.05%     -    0s
     0     0     cutoff    0        -8.00742   -8.00742  0.00%     -    0s

Cutting planes:
  Gomory: 1
  MIR: 51
  Zero half: 29
  RLT: 37
  BQP: 165

Explored 1 nodes (224 simplex iterations) in 0.01 seconds (0.01 work units)
Thread count was 8 (of 96 available processors)

Solution count 4: -8.00742 -1.57993 -0.49171 0.218284 
No other solutions better than -8.00742

Optimal solution found (tolerance 1.00e-06)
Best objective -8.007421034078e+00, best bound -8.007421034078e+00, gap 0.0000%

User-callback calls 166, time in user-callback 0.00 sec
