
Gurobi 13.0.0 (linux64) logging started Tue Mar 31 15:12:34 2026

Set parameter LogFile to value "logs/N=16_layers=2_presolve_on/N=16/seed=16/n_qaoa_layers=2/precond_pen=0.500.log"
Set parameter MIPGap to value 1e-06
Set parameter Threads to value 8
Gurobi Optimizer version 13.0.0 build v13.0.0rc1 (linux64 - "Oracle Linux Server 9.7")

CPU model: AMD EPYC 7643 48-Core Processor, instruction set [SSE2|AVX|AVX2]
Thread count: 48 physical cores, 96 logical processors, using up to 8 threads

Non-default parameters:
MIPGap  1e-06
Threads  8

Optimize a model with 1 rows, 16 columns and 16 nonzeros (Min)
Model fingerprint: 0x5a87cfaa
Model has 16 linear objective coefficients and an objective constant of 5.9355480680039978e+00
Model has 120 quadratic objective terms
Variable types: 0 continuous, 16 integer (16 binary)
Coefficient statistics:
  Matrix range     [1e+00, 1e+00]
  Objective range  [1e+00, 2e+00]
  QObjective range [2e-02, 4e+00]
  Bounds range     [1e+00, 1e+00]
  RHS range        [8e+00, 8e+00]
Found heuristic solution: objective 0.6183113
Presolve time: 0.00s
Presolved: 121 rows, 136 columns, 376 nonzeros
Variable types: 0 continuous, 136 integer (136 binary)

Root relaxation: objective -1.757193e+01, 35 iterations, 0.00 seconds (0.00 work units)

    Nodes    |    Current Node    |     Objective Bounds      |     Work
 Expl Unexpl |  Obj  Depth IntInf | Incumbent    BestBd   Gap | It/Node Time

     0     0  -17.57193    0   16    0.61831  -17.57193  2942%     -    0s
H    0     0                      -2.1318027  -17.57193   724%     -    0s
H    0     0                     -10.4951405  -17.57193  67.4%     -    0s
     0     0  -10.49514    0   47  -10.49514  -10.49514  0.00%     -    0s

Cutting planes:
  Gomory: 1
  MIR: 49
  Zero half: 27
  RLT: 32
  BQP: 150

Explored 1 nodes (184 simplex iterations) in 0.01 seconds (0.01 work units)
Thread count was 8 (of 96 available processors)

Solution count 3: -10.4951 -2.1318 0.618311 
No other solutions better than -10.4951

Optimal solution found (tolerance 1.00e-06)
Best objective -1.049514054724e+01, best bound -1.049514054724e+01, gap 0.0000%

User-callback calls 164, time in user-callback 0.00 sec
