
Gurobi 13.0.0 (linux64) logging started Sun May  3 10:53:39 2026

Set parameter LogFile to value "logs/N=16_layers=1_presolve_on/N=16/seed=2/quantum_layers=1/precond_pen=0.200.log"
Set parameter MIPGap to value 1e-06
Set parameter Threads to value 8
Gurobi Optimizer version 13.0.0 build v13.0.0rc1 (linux64 - "Oracle Linux Server 9.7")

CPU model: AMD EPYC 7643 48-Core Processor, instruction set [SSE2|AVX|AVX2]
Thread count: 48 physical cores, 96 logical processors, using up to 8 threads

Non-default parameters:
MIPGap  1e-06
Threads  8

Optimize a model with 1 rows, 16 columns and 16 nonzeros (Min)
Model fingerprint: 0x8e04f297
Model has 16 linear objective coefficients and an objective constant of -7.5114954473430009e+00
Model has 120 quadratic objective terms
Variable types: 0 continuous, 16 integer (16 binary)
Coefficient statistics:
  Matrix range     [1e+00, 1e+00]
  Objective range  [2e-02, 4e+00]
  QObjective range [2e-02, 3e+00]
  Bounds range     [1e+00, 1e+00]
  RHS range        [8e+00, 8e+00]
Found heuristic solution: objective 0.5579348
Presolve time: 0.00s
Presolved: 121 rows, 136 columns, 376 nonzeros
Variable types: 0 continuous, 136 integer (136 binary)

Root relaxation: objective -1.807068e+01, 27 iterations, 0.00 seconds (0.00 work units)

    Nodes    |    Current Node    |     Objective Bounds      |     Work
 Expl Unexpl |  Obj  Depth IntInf | Incumbent    BestBd   Gap | It/Node Time

     0     0  -18.07068    0   16    0.55793  -18.07068  3339%     -    0s
H    0     0                      -1.7687236  -18.07068   922%     -    0s
H    0     0                      -1.8329283  -18.07068   886%     -    0s
H    0     0                      -7.8853708  -18.07068   129%     -    0s
     0     0   -8.50172    0  103   -7.88537   -8.50172  7.82%     -    0s
     0     0   -8.49254    0  102   -7.88537   -8.49254  7.70%     -    0s

Cutting planes:
  Gomory: 3
  Clique: 2
  MIR: 22
  Zero half: 28
  RLT: 28
  BQP: 73

Explored 1 nodes (317 simplex iterations) in 0.03 seconds (0.02 work units)
Thread count was 8 (of 96 available processors)

Solution count 4: -7.88537 -1.83293 -1.76872 0.557935 
No other solutions better than -7.88537

Optimal solution found (tolerance 1.00e-06)
Best objective -7.885370817093e+00, best bound -7.885370817093e+00, gap 0.0000%

User-callback calls 175, time in user-callback 0.00 sec
