
Gurobi 13.0.0 (linux64) logging started Sun May  3 10:53:39 2026

Set parameter LogFile to value "logs/N=16_layers=1_presolve_on/N=16/seed=2/quantum_layers=1/precond_pen=0.500.log"
Set parameter MIPGap to value 1e-06
Set parameter Threads to value 8
Gurobi Optimizer version 13.0.0 build v13.0.0rc1 (linux64 - "Oracle Linux Server 9.7")

CPU model: AMD EPYC 7643 48-Core Processor, instruction set [SSE2|AVX|AVX2]
Thread count: 48 physical cores, 96 logical processors, using up to 8 threads

Non-default parameters:
MIPGap  1e-06
Threads  8

Optimize a model with 1 rows, 16 columns and 16 nonzeros (Min)
Model fingerprint: 0x3d19817e
Model has 16 linear objective coefficients and an objective constant of 6.355597537681
Model has 120 quadratic objective terms
Variable types: 0 continuous, 16 integer (16 binary)
Coefficient statistics:
  Matrix range     [1e+00, 1e+00]
  Objective range  [1e+00, 2e+00]
  QObjective range [8e-03, 1e+00]
  Bounds range     [1e+00, 1e+00]
  RHS range        [8e+00, 8e+00]
Found heuristic solution: objective -0.3891334
Presolve time: 0.00s
Presolved: 121 rows, 136 columns, 376 nonzeros
Variable types: 0 continuous, 136 integer (136 binary)

Root relaxation: objective -7.940530e+00, 41 iterations, 0.00 seconds (0.00 work units)

    Nodes    |    Current Node    |     Objective Bounds      |     Work
 Expl Unexpl |  Obj  Depth IntInf | Incumbent    BestBd   Gap | It/Node Time

     0     0   -7.94053    0   16   -0.38913   -7.94053  1941%     -    0s
H    0     0                      -0.9579091   -7.94053   729%     -    0s
H    0     0                      -1.2702838   -7.94053   525%     -    0s
H    0     0                      -3.3325197   -7.94053   138%     -    0s
     0     0   -3.52421    0   70   -3.33252   -3.52421  5.75%     -    0s
     0     0   -3.42844    0   71   -3.33252   -3.42844  2.88%     -    0s

Cutting planes:
  Gomory: 15
  MIR: 156
  StrongCG: 1
  Flow cover: 5
  Zero half: 20
  RLT: 28
  BQP: 159

Explored 1 nodes (293 simplex iterations) in 0.03 seconds (0.02 work units)
Thread count was 8 (of 96 available processors)

Solution count 4: -3.33252 -1.27028 -0.957909 -0.389133 
No other solutions better than -3.33252

Optimal solution found (tolerance 1.00e-06)
Best objective -3.332519695707e+00, best bound -3.332519695707e+00, gap 0.0000%

User-callback calls 178, time in user-callback 0.00 sec
