
Gurobi 13.0.0 (linux64) logging started Sun May  3 10:53:39 2026

Set parameter LogFile to value "logs/N=16_layers=1_presolve_on/N=16/seed=2/quantum_layers=1/precond_pen=0.600.log"
Set parameter MIPGap to value 1e-06
Set parameter Threads to value 8
Gurobi Optimizer version 13.0.0 build v13.0.0rc1 (linux64 - "Oracle Linux Server 9.7")

CPU model: AMD EPYC 7643 48-Core Processor, instruction set [SSE2|AVX|AVX2]
Thread count: 48 physical cores, 96 logical processors, using up to 8 threads

Non-default parameters:
MIPGap  1e-06
Threads  8

Optimize a model with 1 rows, 16 columns and 16 nonzeros (Min)
Model fingerprint: 0xc63a408f
Model has 16 linear objective coefficients and an objective constant of 6.6085046304140018e+00
Model has 120 quadratic objective terms
Variable types: 0 continuous, 16 integer (16 binary)
Coefficient statistics:
  Matrix range     [1e+00, 1e+00]
  Objective range  [1e+00, 2e+00]
  QObjective range [2e-03, 1e+00]
  Bounds range     [1e+00, 1e+00]
  RHS range        [8e+00, 8e+00]
Found heuristic solution: objective -0.4243264
Presolve time: 0.00s
Presolved: 121 rows, 136 columns, 376 nonzeros
Variable types: 0 continuous, 136 integer (136 binary)

Root relaxation: objective -6.924994e+00, 47 iterations, 0.00 seconds (0.00 work units)

    Nodes    |    Current Node    |     Objective Bounds      |     Work
 Expl Unexpl |  Obj  Depth IntInf | Incumbent    BestBd   Gap | It/Node Time

     0     0   -6.92499    0   16   -0.42433   -6.92499  1532%     -    0s
H    0     0                      -0.6192796   -6.92499  1018%     -    0s
H    0     0                      -2.4259705   -6.92499   185%     -    0s
     0     0   -2.48564    0   64   -2.42597   -2.48564  2.46%     -    0s
     0     0   -2.48564    0   64   -2.42597   -2.48564  2.46%     -    0s

Cutting planes:
  Gomory: 3
  MIR: 221
  StrongCG: 2
  Flow cover: 6
  Zero half: 31
  RLT: 35
  BQP: 229

Explored 1 nodes (331 simplex iterations) in 0.05 seconds (0.04 work units)
Thread count was 8 (of 96 available processors)

Solution count 3: -2.42597 -0.61928 -0.424326 
No other solutions better than -2.42597

Optimal solution found (tolerance 1.00e-06)
Best objective -2.425970455234e+00, best bound -2.425970455234e+00, gap 0.0000%

User-callback calls 177, time in user-callback 0.00 sec
