
Gurobi 13.0.0 (linux64) logging started Sun May  3 10:58:31 2026

Set parameter LogFile to value "logs/N=16_layers=2_presolve_on/N=16/seed=20/quantum_layers=2/precond_pen=1.000.log"
Set parameter MIPGap to value 1e-06
Set parameter Threads to value 8
Gurobi Optimizer version 13.0.0 build v13.0.0rc1 (linux64 - "Oracle Linux Server 9.7")

CPU model: AMD EPYC 7643 48-Core Processor, instruction set [SSE2|AVX|AVX2]
Thread count: 48 physical cores, 96 logical processors, using up to 8 threads

Non-default parameters:
MIPGap  1e-06
Threads  8

Optimize a model with 1 rows, 16 columns and 16 nonzeros (Min)
Model fingerprint: 0xec16efcf
Model has 16 linear objective coefficients and an objective constant of 7.3201640436990019e+00
Model has 120 quadratic objective terms
Variable types: 0 continuous, 16 integer (16 binary)
Coefficient statistics:
  Matrix range     [1e+00, 1e+00]
  Objective range  [2e+00, 2e+00]
  QObjective range [2e-02, 1e+00]
  Bounds range     [1e+00, 1e+00]
  RHS range        [8e+00, 8e+00]
Found heuristic solution: objective -0.0367454
Presolve time: 0.00s
Presolved: 121 rows, 136 columns, 376 nonzeros
Variable types: 0 continuous, 136 integer (136 binary)

Root relaxation: objective -7.381590e+00, 38 iterations, 0.00 seconds (0.00 work units)

    Nodes    |    Current Node    |     Objective Bounds      |     Work
 Expl Unexpl |  Obj  Depth IntInf | Incumbent    BestBd   Gap | It/Node Time

     0     0   -7.38159    0   16   -0.03675   -7.38159      -     -    0s
H    0     0                      -1.0805534   -7.38159   583%     -    0s
H    0     0                      -1.8791469   -7.38159   293%     -    0s
H    0     0                      -1.9660575   -2.05615  4.58%     -    0s
     0     0   -1.96606    0  117   -1.96606   -1.96606  0.00%     -    0s

Cutting planes:
  Gomory: 1
  MIR: 91
  Zero half: 38
  RLT: 42
  BQP: 375

Explored 1 nodes (653 simplex iterations) in 0.07 seconds (0.04 work units)
Thread count was 8 (of 96 available processors)

Solution count 4: -1.96606 -1.87915 -1.08055 -0.0367454 
No other solutions better than -1.96606

Optimal solution found (tolerance 1.00e-06)
Best objective -1.966057484351e+00, best bound -1.966057484351e+00, gap 0.0000%

User-callback calls 167, time in user-callback 0.00 sec
