
Gurobi 13.0.0 (linux64) logging started Sun Mar 22 16:50:49 2026

Set parameter LogFile to value "logs/N=12_presolve_off/N=12/seed=36/n_qaoa_layers=1/precond_pen=0.400.log"
Set parameter MIPGap to value 1e-06
Set parameter Threads to value 8
Set parameter Presolve to value 0
Gurobi Optimizer version 13.0.0 build v13.0.0rc1 (linux64 - "Oracle Linux Server 9.7")

CPU model: AMD EPYC 7643 48-Core Processor, instruction set [SSE2|AVX|AVX2]
Thread count: 48 physical cores, 96 logical processors, using up to 8 threads

Non-default parameters:
MIPGap  1e-06
Presolve  0
Threads  8

Optimize a model with 1 rows, 12 columns and 12 nonzeros (Min)
Model fingerprint: 0xde55c183
Model has 12 linear objective coefficients and an objective constant of 4.072699419228
Model has 66 quadratic objective terms
Variable types: 0 continuous, 12 integer (12 binary)
Coefficient statistics:
  Matrix range     [1e+00, 1e+00]
  Objective range  [5e-01, 2e+00]
  QObjective range [1e-03, 2e+00]
  Bounds range     [1e+00, 1e+00]
  RHS range        [6e+00, 6e+00]
Found heuristic solution: objective -0.7981992
Variable types: 0 continuous, 78 integer (78 binary)

Root relaxation: objective -7.251877e+00, 19 iterations, 0.00 seconds (0.00 work units)

    Nodes    |    Current Node    |     Objective Bounds      |     Work
 Expl Unexpl |  Obj  Depth IntInf | Incumbent    BestBd   Gap | It/Node Time

     0     0   -7.25188    0   12   -0.79820   -7.25188   809%     -    0s
H    0     0                      -2.5383807   -7.25188   186%     -    0s
H    0     0                      -4.4770049   -7.25188  62.0%     -    0s

Cutting planes:
  Gomory: 1
  MIR: 28
  Zero half: 14
  RLT: 17
  BQP: 68

Explored 1 nodes (19 simplex iterations) in 0.01 seconds (0.00 work units)
Thread count was 8 (of 96 available processors)

Solution count 3: -4.477 -2.53838 -0.798199 
No other solutions better than -4.477

Optimal solution found (tolerance 1.00e-06)
Best objective -4.477004859666e+00, best bound -4.477004859666e+00, gap 0.0000%

User-callback calls 62, time in user-callback 0.00 sec
