
Gurobi 13.0.0 (linux64) logging started Sun May  3 11:04:17 2026

Set parameter LogFile to value "logs/N=12_layers=1_presolve_on/N=12/seed=8/quantum_layers=1/precond_pen=0.100.log"
Set parameter MIPGap to value 1e-06
Set parameter Threads to value 8
Gurobi Optimizer version 13.0.0 build v13.0.0rc1 (linux64 - "Oracle Linux Server 9.7")

CPU model: AMD EPYC 7643 48-Core Processor, instruction set [SSE2|AVX|AVX2]
Thread count: 48 physical cores, 96 logical processors, using up to 8 threads

Non-default parameters:
MIPGap  1e-06
Threads  8

Optimize a model with 1 rows, 12 columns and 12 nonzeros (Min)
Model fingerprint: 0xf7715950
Model has 12 linear objective coefficients and an objective constant of -1.5256245572476994e+01
Model has 66 quadratic objective terms
Variable types: 0 continuous, 12 integer (12 binary)
Coefficient statistics:
  Matrix range     [1e+00, 1e+00]
  Objective range  [4e+00, 7e+00]
  QObjective range [1e-01, 4e+00]
  Bounds range     [1e+00, 1e+00]
  RHS range        [6e+00, 6e+00]
Found heuristic solution: objective 1.3200475
Presolve time: 0.00s
Presolved: 67 rows, 78 columns, 210 nonzeros
Variable types: 0 continuous, 78 integer (78 binary)

Root relaxation: objective -1.528993e+01, 6 iterations, 0.00 seconds (0.00 work units)

    Nodes    |    Current Node    |     Objective Bounds      |     Work
 Expl Unexpl |  Obj  Depth IntInf | Incumbent    BestBd   Gap | It/Node Time

     0     0  -15.28993    0   12    1.32005  -15.28993  1258%     -    0s
H    0     0                       0.9916385  -15.28993  1642%     -    0s
H    0     0                       0.3382944  -15.28993  4620%     -    0s
H    0     0                      -1.8481020  -15.28993   727%     -    0s
     0     0   -6.80208    0   16   -1.84810   -6.80208   268%     -    0s
     0     0   -4.36687    0   43   -1.84810   -4.36687   136%     -    0s
     0     0   -4.34245    0   43   -1.84810   -4.34245   135%     -    0s
     0     2   -4.34245    0   43   -1.84810   -4.34245   135%     -    0s

Cutting planes:
  Gomory: 1
  Dual implied bound: 14
  MIR: 11
  Zero half: 1
  RLT: 11
  BQP: 1

Explored 33 nodes (704 simplex iterations) in 0.03 seconds (0.02 work units)
Thread count was 8 (of 96 available processors)

Solution count 4: -1.8481 0.338294 0.991638 1.32005 
No other solutions better than -1.8481

Optimal solution found (tolerance 1.00e-06)
Best objective -1.848101998433e+00, best bound -1.848101998433e+00, gap 0.0000%

User-callback calls 250, time in user-callback 0.00 sec
