
Gurobi 13.0.0 (linux64) logging started Sun May  3 11:08:52 2026

Set parameter LogFile to value "logs/N=12_layers=3_presolve_on/N=12/seed=14/quantum_layers=3/precond_pen=0.200.log"
Set parameter MIPGap to value 1e-06
Set parameter Threads to value 8
Gurobi Optimizer version 13.0.0 build v13.0.0rc1 (linux64 - "Oracle Linux Server 9.7")

CPU model: AMD EPYC 7643 48-Core Processor, instruction set [SSE2|AVX|AVX2]
Thread count: 48 physical cores, 96 logical processors, using up to 8 threads

Non-default parameters:
MIPGap  1e-06
Threads  8

Optimize a model with 1 rows, 12 columns and 12 nonzeros (Min)
Model fingerprint: 0x4b9a0eff
Model has 12 linear objective coefficients and an objective constant of -2.9897718558324989e+01
Model has 66 quadratic objective terms
Variable types: 0 continuous, 12 integer (12 binary)
Coefficient statistics:
  Matrix range     [1e+00, 1e+00]
  Objective range  [6e+00, 1e+01]
  QObjective range [2e-01, 7e+00]
  Bounds range     [1e+00, 1e+00]
  RHS range        [6e+00, 6e+00]
Found heuristic solution: objective 2.9549477
Presolve time: 0.00s
Presolved: 67 rows, 78 columns, 210 nonzeros
Variable types: 0 continuous, 78 integer (78 binary)

Root relaxation: objective -3.614324e+01, 7 iterations, 0.00 seconds (0.00 work units)

    Nodes    |    Current Node    |     Objective Bounds      |     Work
 Expl Unexpl |  Obj  Depth IntInf | Incumbent    BestBd   Gap | It/Node Time

     0     0  -36.14324    0   12    2.95495  -36.14324  1323%     -    0s
H    0     0                       1.3204452  -36.14324  2837%     -    0s
H    0     0                       0.1906012  -36.14324      -     -    0s
H    0     0                      -2.3986242  -36.14324  1407%     -    0s
     0     0   -7.49095    0   29   -2.39862   -7.49095   212%     -    0s
     0     0   -6.07845    0   46   -2.39862   -6.07845   153%     -    0s
     0     0   -6.05361    0   46   -2.39862   -6.05361   152%     -    0s
     0     2   -5.91205    0   46   -2.39862   -5.91205   146%     -    0s

Cutting planes:
  Gomory: 2
  Dual implied bound: 12
  MIR: 8
  RLT: 11
  BQP: 3

Explored 30 nodes (700 simplex iterations) in 0.03 seconds (0.02 work units)
Thread count was 8 (of 96 available processors)

Solution count 4: -2.39862 0.190601 1.32045 2.95495 
No other solutions better than -2.39862

Optimal solution found (tolerance 1.00e-06)
Best objective -2.398624160229e+00, best bound -2.398624160229e+00, gap 0.0000%

User-callback calls 241, time in user-callback 0.00 sec
