
Gurobi 13.0.0 (linux64) logging started Sun May  3 11:08:52 2026

Set parameter LogFile to value "logs/N=12_layers=3_presolve_on/N=12/seed=14/quantum_layers=3/precond_pen=0.600.log"
Set parameter MIPGap to value 1e-06
Set parameter Threads to value 8
Gurobi Optimizer version 13.0.0 build v13.0.0rc1 (linux64 - "Oracle Linux Server 9.7")

CPU model: AMD EPYC 7643 48-Core Processor, instruction set [SSE2|AVX|AVX2]
Thread count: 48 physical cores, 96 logical processors, using up to 8 threads

Non-default parameters:
MIPGap  1e-06
Threads  8

Optimize a model with 1 rows, 12 columns and 12 nonzeros (Min)
Model fingerprint: 0xb5a08bf1
Model has 12 linear objective coefficients and an objective constant of 4.5806474887930015e+00
Model has 66 quadratic objective terms
Variable types: 0 continuous, 12 integer (12 binary)
Coefficient statistics:
  Matrix range     [1e+00, 1e+00]
  Objective range  [1e+00, 2e+00]
  QObjective range [2e-02, 4e+00]
  Bounds range     [1e+00, 1e+00]
  RHS range        [6e+00, 6e+00]
Found heuristic solution: objective -1.2841370
Presolve time: 0.00s
Presolved: 67 rows, 78 columns, 210 nonzeros
Variable types: 0 continuous, 78 integer (78 binary)

Root relaxation: objective -1.277578e+01, 13 iterations, 0.00 seconds (0.00 work units)

    Nodes    |    Current Node    |     Objective Bounds      |     Work
 Expl Unexpl |  Obj  Depth IntInf | Incumbent    BestBd   Gap | It/Node Time

     0     0  -12.77578    0   12   -1.28414  -12.77578   895%     -    0s
H    0     0                      -4.7963146  -12.77578   166%     -    0s
H    0     0                      -8.6103820  -12.77578  48.4%     -    0s
H    0     0                      -9.7985054  -12.77578  30.4%     -    0s

Cutting planes:
  Gomory: 1
  MIR: 12
  Zero half: 13
  RLT: 11
  BQP: 43

Explored 1 nodes (13 simplex iterations) in 0.01 seconds (0.00 work units)
Thread count was 8 (of 96 available processors)

Solution count 4: -9.79851 -8.61038 -4.79631 -1.28414 
No other solutions better than -9.79851

Optimal solution found (tolerance 1.00e-06)
Best objective -9.798505354329e+00, best bound -9.798505354329e+00, gap 0.0000%

User-callback calls 159, time in user-callback 0.00 sec
