
Gurobi 13.0.0 (linux64) logging started Tue Mar 31 15:06:54 2026

Set parameter LogFile to value "logs/N=12_layers=3_presolve_on/N=12/seed=44/n_qaoa_layers=3/precond_pen=0.600.log"
Set parameter MIPGap to value 1e-06
Set parameter Threads to value 8
Gurobi Optimizer version 13.0.0 build v13.0.0rc1 (linux64 - "Oracle Linux Server 9.7")

CPU model: AMD EPYC 7643 48-Core Processor, instruction set [SSE2|AVX|AVX2]
Thread count: 48 physical cores, 96 logical processors, using up to 8 threads

Non-default parameters:
MIPGap  1e-06
Threads  8

Optimize a model with 1 rows, 12 columns and 12 nonzeros (Min)
Model fingerprint: 0x1887e1c7
Model has 12 linear objective coefficients and an objective constant of 4.7284832291879990e+00
Model has 66 quadratic objective terms
Variable types: 0 continuous, 12 integer (12 binary)
Coefficient statistics:
  Matrix range     [1e+00, 1e+00]
  Objective range  [1e+00, 2e+00]
  QObjective range [7e-02, 4e+00]
  Bounds range     [1e+00, 1e+00]
  RHS range        [6e+00, 6e+00]
Found heuristic solution: objective 1.8758603
Presolve time: 0.00s
Presolved: 67 rows, 78 columns, 210 nonzeros
Variable types: 0 continuous, 78 integer (78 binary)

Root relaxation: objective -1.547228e+01, 10 iterations, 0.00 seconds (0.00 work units)

    Nodes    |    Current Node    |     Objective Bounds      |     Work
 Expl Unexpl |  Obj  Depth IntInf | Incumbent    BestBd   Gap | It/Node Time

     0     0  -15.47228    0   12    1.87586  -15.47228   925%     -    0s
H    0     0                      -3.2940453  -15.47228   370%     -    0s
H    0     0                      -4.5620147  -15.47228   239%     -    0s
H    0     0                      -9.4065140  -15.47228  64.5%     -    0s
H    0     0                      -9.4293025  -15.47228  64.1%     -    0s

Cutting planes:
  Gomory: 1
  MIR: 15
  Zero half: 15
  RLT: 15
  BQP: 52

Explored 1 nodes (10 simplex iterations) in 0.01 seconds (0.00 work units)
Thread count was 8 (of 96 available processors)

Solution count 5: -9.4293 -9.40651 -4.56201 ... 1.87586
No other solutions better than -9.4293

Optimal solution found (tolerance 1.00e-06)
Best objective -9.429302541340e+00, best bound -9.429302541340e+00, gap 0.0000%

User-callback calls 161, time in user-callback 0.00 sec

Gurobi 13.0.0 (linux64) logging started Tue Mar 31 15:10:52 2026

Set parameter LogFile to value "logs/N=12_layers=3_presolve_on/N=12/seed=44/n_qaoa_layers=3/precond_pen=0.600.log"
Set parameter MIPGap to value 1e-06
Set parameter Threads to value 8
Gurobi Optimizer version 13.0.0 build v13.0.0rc1 (linux64 - "Oracle Linux Server 9.7")

CPU model: AMD EPYC 7643 48-Core Processor, instruction set [SSE2|AVX|AVX2]
Thread count: 48 physical cores, 96 logical processors, using up to 8 threads

Non-default parameters:
MIPGap  1e-06
Threads  8

Optimize a model with 1 rows, 12 columns and 12 nonzeros (Min)
Model fingerprint: 0x1887e1c7
Model has 12 linear objective coefficients and an objective constant of 4.7284832291879990e+00
Model has 66 quadratic objective terms
Variable types: 0 continuous, 12 integer (12 binary)
Coefficient statistics:
  Matrix range     [1e+00, 1e+00]
  Objective range  [1e+00, 2e+00]
  QObjective range [7e-02, 4e+00]
  Bounds range     [1e+00, 1e+00]
  RHS range        [6e+00, 6e+00]
Found heuristic solution: objective 1.8758603
Presolve time: 0.00s
Presolved: 67 rows, 78 columns, 210 nonzeros
Variable types: 0 continuous, 78 integer (78 binary)

Root relaxation: objective -1.547228e+01, 10 iterations, 0.00 seconds (0.00 work units)

    Nodes    |    Current Node    |     Objective Bounds      |     Work
 Expl Unexpl |  Obj  Depth IntInf | Incumbent    BestBd   Gap | It/Node Time

     0     0  -15.47228    0   12    1.87586  -15.47228   925%     -    0s
H    0     0                      -3.2940453  -15.47228   370%     -    0s
H    0     0                      -4.5620147  -15.47228   239%     -    0s
H    0     0                      -9.4065140  -15.47228  64.5%     -    0s
H    0     0                      -9.4293025  -15.47228  64.1%     -    0s

Cutting planes:
  Gomory: 1
  MIR: 15
  Zero half: 15
  RLT: 15
  BQP: 52

Explored 1 nodes (10 simplex iterations) in 0.02 seconds (0.00 work units)
Thread count was 8 (of 96 available processors)

Solution count 5: -9.4293 -9.40651 -4.56201 ... 1.87586
No other solutions better than -9.4293

Optimal solution found (tolerance 1.00e-06)
Best objective -9.429302541340e+00, best bound -9.429302541340e+00, gap 0.0000%

User-callback calls 162, time in user-callback 0.00 sec
