
Gurobi 13.0.0 (linux64) logging started Tue Mar 31 15:06:54 2026

Set parameter LogFile to value "logs/N=12_layers=3_presolve_on/N=12/seed=44/n_qaoa_layers=3/precond_pen=0.200.log"
Set parameter MIPGap to value 1e-06
Set parameter Threads to value 8
Gurobi Optimizer version 13.0.0 build v13.0.0rc1 (linux64 - "Oracle Linux Server 9.7")

CPU model: AMD EPYC 7643 48-Core Processor, instruction set [SSE2|AVX|AVX2]
Thread count: 48 physical cores, 96 logical processors, using up to 8 threads

Non-default parameters:
MIPGap  1e-06
Threads  8

Optimize a model with 1 rows, 12 columns and 12 nonzeros (Min)
Model fingerprint: 0x0aadba23
Model has 12 linear objective coefficients and an objective constant of -17.125298342365
Model has 66 quadratic objective terms
Variable types: 0 continuous, 12 integer (12 binary)
Coefficient statistics:
  Matrix range     [1e+00, 1e+00]
  Objective range  [5e+00, 6e+00]
  QObjective range [1e-01, 7e+00]
  Bounds range     [1e+00, 1e+00]
  RHS range        [6e+00, 6e+00]
Found heuristic solution: objective 3.4276351
Presolve time: 0.00s
Presolved: 67 rows, 78 columns, 210 nonzeros
Variable types: 0 continuous, 78 integer (78 binary)

Root relaxation: objective -2.043278e+01, 11 iterations, 0.00 seconds (0.00 work units)

    Nodes    |    Current Node    |     Objective Bounds      |     Work
 Expl Unexpl |  Obj  Depth IntInf | Incumbent    BestBd   Gap | It/Node Time

     0     0  -20.43278    0   12    3.42764  -20.43278   696%     -    0s
H    0     0                       0.7490754  -20.43278  2828%     -    0s
H    0     0                       0.5062119  -20.43278  4136%     -    0s
H    0     0                     -10.4714424  -20.43278  95.1%     -    0s
     0     0  -10.47144    0   41  -10.47144  -10.47144  0.00%     -    0s

Cutting planes:
  Gomory: 1
  MIR: 10
  Zero half: 16
  RLT: 23
  BQP: 36

Explored 1 nodes (94 simplex iterations) in 0.01 seconds (0.00 work units)
Thread count was 8 (of 96 available processors)

Solution count 4: -10.4714 0.506212 0.749075 3.42764 
No other solutions better than -10.4714

Optimal solution found (tolerance 1.00e-06)
Best objective -1.047144240799e+01, best bound -1.047144240799e+01, gap 0.0000%

User-callback calls 164, time in user-callback 0.00 sec

Gurobi 13.0.0 (linux64) logging started Tue Mar 31 15:10:52 2026

Set parameter LogFile to value "logs/N=12_layers=3_presolve_on/N=12/seed=44/n_qaoa_layers=3/precond_pen=0.200.log"
Set parameter MIPGap to value 1e-06
Set parameter Threads to value 8
Gurobi Optimizer version 13.0.0 build v13.0.0rc1 (linux64 - "Oracle Linux Server 9.7")

CPU model: AMD EPYC 7643 48-Core Processor, instruction set [SSE2|AVX|AVX2]
Thread count: 48 physical cores, 96 logical processors, using up to 8 threads

Non-default parameters:
MIPGap  1e-06
Threads  8

Optimize a model with 1 rows, 12 columns and 12 nonzeros (Min)
Model fingerprint: 0x0aadba23
Model has 12 linear objective coefficients and an objective constant of -17.125298342365
Model has 66 quadratic objective terms
Variable types: 0 continuous, 12 integer (12 binary)
Coefficient statistics:
  Matrix range     [1e+00, 1e+00]
  Objective range  [5e+00, 6e+00]
  QObjective range [1e-01, 7e+00]
  Bounds range     [1e+00, 1e+00]
  RHS range        [6e+00, 6e+00]
Found heuristic solution: objective 3.4276351
Presolve time: 0.00s
Presolved: 67 rows, 78 columns, 210 nonzeros
Variable types: 0 continuous, 78 integer (78 binary)

Root relaxation: objective -2.043278e+01, 11 iterations, 0.00 seconds (0.00 work units)

    Nodes    |    Current Node    |     Objective Bounds      |     Work
 Expl Unexpl |  Obj  Depth IntInf | Incumbent    BestBd   Gap | It/Node Time

     0     0  -20.43278    0   12    3.42764  -20.43278   696%     -    0s
H    0     0                       0.7490754  -20.43278  2828%     -    0s
H    0     0                       0.5062119  -20.43278  4136%     -    0s
H    0     0                     -10.4714424  -20.43278  95.1%     -    0s
     0     0  -10.47144    0   41  -10.47144  -10.47144  0.00%     -    0s

Cutting planes:
  Gomory: 1
  MIR: 10
  Zero half: 16
  RLT: 23
  BQP: 36

Explored 1 nodes (94 simplex iterations) in 0.01 seconds (0.00 work units)
Thread count was 8 (of 96 available processors)

Solution count 4: -10.4714 0.506212 0.749075 3.42764 
No other solutions better than -10.4714

Optimal solution found (tolerance 1.00e-06)
Best objective -1.047144240799e+01, best bound -1.047144240799e+01, gap 0.0000%

User-callback calls 164, time in user-callback 0.00 sec
