
Gurobi 13.0.0 (linux64) logging started Sun May  3 11:04:31 2026

Set parameter LogFile to value "logs/N=12_layers=1_presolve_off/N=12/seed=35/quantum_layers=1/precond_pen=0.300.log"
Set parameter MIPGap to value 1e-06
Set parameter Threads to value 8
Set parameter Presolve to value 0
Gurobi Optimizer version 13.0.0 build v13.0.0rc1 (linux64 - "Oracle Linux Server 9.7")

CPU model: AMD EPYC 7643 48-Core Processor, instruction set [SSE2|AVX|AVX2]
Thread count: 48 physical cores, 96 logical processors, using up to 8 threads

Non-default parameters:
MIPGap  1e-06
Presolve  0
Threads  8

Optimize a model with 1 rows, 12 columns and 12 nonzeros (Min)
Model fingerprint: 0xe9ec09a1
Model has 12 linear objective coefficients and an objective constant of 2.349378227645
Model has 66 quadratic objective terms
Variable types: 0 continuous, 12 integer (12 binary)
Coefficient statistics:
  Matrix range     [1e+00, 1e+00]
  Objective range  [2e-01, 3e+00]
  QObjective range [3e-02, 3e+00]
  Bounds range     [1e+00, 1e+00]
  RHS range        [6e+00, 6e+00]
Found heuristic solution: objective 0.5075489
Variable types: 0 continuous, 78 integer (78 binary)

Root relaxation: objective -1.054746e+01, 10 iterations, 0.00 seconds (0.00 work units)

    Nodes    |    Current Node    |     Objective Bounds      |     Work
 Expl Unexpl |  Obj  Depth IntInf | Incumbent    BestBd   Gap | It/Node Time

     0     0  -10.54746    0   12    0.50755  -10.54746  2178%     -    0s
H    0     0                      -1.5427237  -10.54746   584%     -    0s
H    0     0                      -2.8472269  -10.54746   270%     -    0s
H    0     0                      -4.1767133  -10.54746   153%     -    0s
H    0     0                      -4.3247591  -10.54746   144%     -    0s
H    0     0                      -5.4865605   -7.17266  30.7%     -    0s
     0     0   -5.48656    0   29   -5.48656   -5.48656  0.00%     -    0s

Cutting planes:
  Gomory: 1
  MIR: 21
  Zero half: 13
  RLT: 24
  BQP: 54

Explored 1 nodes (85 simplex iterations) in 0.01 seconds (0.00 work units)
Thread count was 8 (of 96 available processors)

Solution count 6: -5.48656 -4.32476 -4.17671 ... 0.507549
No other solutions better than -5.48656

Optimal solution found (tolerance 1.00e-06)
Best objective -5.486560490569e+00, best bound -5.486560490569e+00, gap 0.0000%

User-callback calls 72, time in user-callback 0.00 sec
