
Gurobi 13.0.0 (linux64) logging started Sun May  3 11:04:32 2026

Set parameter LogFile to value "logs/N=12_layers=1_presolve_off/N=12/seed=44/quantum_layers=1/precond_pen=0.500.log"
Set parameter MIPGap to value 1e-06
Set parameter Threads to value 8
Set parameter Presolve to value 0
Gurobi Optimizer version 13.0.0 build v13.0.0rc1 (linux64 - "Oracle Linux Server 9.7")

CPU model: AMD EPYC 7643 48-Core Processor, instruction set [SSE2|AVX|AVX2]
Thread count: 48 physical cores, 96 logical processors, using up to 8 threads

Non-default parameters:
MIPGap  1e-06
Presolve  0
Threads  8

Optimize a model with 1 rows, 12 columns and 12 nonzeros (Min)
Model fingerprint: 0x80b3fa0e
Model has 12 linear objective coefficients and an objective constant of 4.649163300631
Model has 66 quadratic objective terms
Variable types: 0 continuous, 12 integer (12 binary)
Coefficient statistics:
  Matrix range     [1e+00, 1e+00]
  Objective range  [1e+00, 2e+00]
  QObjective range [3e-02, 2e+00]
  Bounds range     [1e+00, 1e+00]
  RHS range        [6e+00, 6e+00]
Found heuristic solution: objective 0.2823918
Variable types: 0 continuous, 78 integer (78 binary)

Root relaxation: objective -6.373151e+00, 13 iterations, 0.00 seconds (0.00 work units)

    Nodes    |    Current Node    |     Objective Bounds      |     Work
 Expl Unexpl |  Obj  Depth IntInf | Incumbent    BestBd   Gap | It/Node Time

     0     0   -6.37315    0   12    0.28239   -6.37315  2357%     -    0s
H    0     0                      -1.3261121   -6.37315   381%     -    0s
H    0     0                      -1.6996179   -6.37315   275%     -    0s
H    0     0                      -2.9487810   -6.37315   116%     -    0s
     0     0   -2.94878    0   48   -2.94878   -2.94878  0.00%     -    0s

Cutting planes:
  MIR: 21
  Zero half: 12
  RLT: 15
  BQP: 77

Explored 1 nodes (112 simplex iterations) in 0.01 seconds (0.00 work units)
Thread count was 8 (of 96 available processors)

Solution count 4: -2.94878 -1.69962 -1.32611 0.282392 
No other solutions better than -2.94878

Optimal solution found (tolerance 1.00e-06)
Best objective -2.948781012709e+00, best bound -2.948781012709e+00, gap 0.0000%

User-callback calls 68, time in user-callback 0.00 sec
