
Gurobi 13.0.0 (linux64) logging started Sun May  3 11:04:32 2026

Set parameter LogFile to value "logs/N=12_layers=1_presolve_off/N=12/seed=44/quantum_layers=1/precond_pen=0.100.log"
Set parameter MIPGap to value 1e-06
Set parameter Threads to value 8
Set parameter Presolve to value 0
Gurobi Optimizer version 13.0.0 build v13.0.0rc1 (linux64 - "Oracle Linux Server 9.7")

CPU model: AMD EPYC 7643 48-Core Processor, instruction set [SSE2|AVX|AVX2]
Thread count: 48 physical cores, 96 logical processors, using up to 8 threads

Non-default parameters:
MIPGap  1e-06
Presolve  0
Threads  8

Optimize a model with 1 rows, 12 columns and 12 nonzeros (Min)
Model fingerprint: 0x814e6d1c
Model has 12 linear objective coefficients and an objective constant of -18.692154132851
Model has 66 quadratic objective terms
Variable types: 0 continuous, 12 integer (12 binary)
Coefficient statistics:
  Matrix range     [1e+00, 1e+00]
  Objective range  [6e+00, 7e+00]
  QObjective range [6e-01, 4e+00]
  Bounds range     [1e+00, 1e+00]
  RHS range        [6e+00, 6e+00]
Found heuristic solution: objective 2.9024551
Variable types: 0 continuous, 78 integer (78 binary)

Root relaxation: objective -1.869215e+01, 7 iterations, 0.00 seconds (0.00 work units)

    Nodes    |    Current Node    |     Objective Bounds      |     Work
 Expl Unexpl |  Obj  Depth IntInf | Incumbent    BestBd   Gap | It/Node Time

     0     0  -18.69215    0   12    2.90246  -18.69215   744%     -    0s
H    0     0                       2.3678647  -18.69215   889%     -    0s
H    0     0                      -2.0994206  -18.69215   790%     -    0s
     0     0   -7.39160    0   16   -2.09942   -7.39160   252%     -    0s
     0     0   -5.79627    0   38   -2.09942   -5.79627   176%     -    0s
     0     0   -5.79627    0   38   -2.09942   -5.79627   176%     -    0s
     0     2   -5.79627    0   38   -2.09942   -5.79627   176%     -    0s

Cutting planes:
  Gomory: 2
  Cover: 1
  MIR: 13
  StrongCG: 2
  RLT: 10

Explored 39 nodes (973 simplex iterations) in 0.03 seconds (0.02 work units)
Thread count was 8 (of 96 available processors)

Solution count 3: -2.09942 2.36786 2.90246 
No other solutions better than -2.09942

Optimal solution found (tolerance 1.00e-06)
Best objective -2.099420642317e+00, best bound -2.099420642317e+00, gap 0.0000%

User-callback calls 163, time in user-callback 0.00 sec
