
Gurobi 13.0.0 (linux64) logging started Sun May  3 11:04:32 2026

Set parameter LogFile to value "logs/N=12_layers=1_presolve_off/N=12/seed=44/quantum_layers=1/precond_pen=0.600.log"
Set parameter MIPGap to value 1e-06
Set parameter Threads to value 8
Set parameter Presolve to value 0
Gurobi Optimizer version 13.0.0 build v13.0.0rc1 (linux64 - "Oracle Linux Server 9.7")

CPU model: AMD EPYC 7643 48-Core Processor, instruction set [SSE2|AVX|AVX2]
Thread count: 48 physical cores, 96 logical processors, using up to 8 threads

Non-default parameters:
MIPGap  1e-06
Presolve  0
Threads  8

Optimize a model with 1 rows, 12 columns and 12 nonzeros (Min)
Model fingerprint: 0x6905424d
Model has 12 linear objective coefficients and an objective constant of 4.8328398070960006e+00
Model has 66 quadratic objective terms
Variable types: 0 continuous, 12 integer (12 binary)
Coefficient statistics:
  Matrix range     [1e+00, 1e+00]
  Objective range  [2e+00, 2e+00]
  QObjective range [4e-04, 1e+00]
  Bounds range     [1e+00, 1e+00]
  RHS range        [6e+00, 6e+00]
Found heuristic solution: objective 0.0216799
Variable types: 0 continuous, 78 integer (78 binary)

Root relaxation: objective -5.183681e+00, 14 iterations, 0.00 seconds (0.00 work units)

    Nodes    |    Current Node    |     Objective Bounds      |     Work
 Expl Unexpl |  Obj  Depth IntInf | Incumbent    BestBd   Gap | It/Node Time

     0     0   -5.18368    0   12    0.02168   -5.18368      -     -    0s
H    0     0                      -1.1790689   -5.18368   340%     -    0s
H    0     0                      -1.3042816   -5.18368   297%     -    0s
H    0     0                      -1.5645915   -5.18368   231%     -    0s
H    0     0                      -2.1097561   -5.18368   146%     -    0s
     0     0   -2.11321    0   52   -2.10976   -2.11321  0.16%     -    0s
     0     0     cutoff    0        -2.10976   -2.10976  0.00%     -    0s

Cutting planes:
  Gomory: 1
  MIR: 24
  Zero half: 16
  RLT: 24
  BQP: 79

Explored 1 nodes (147 simplex iterations) in 0.01 seconds (0.00 work units)
Thread count was 8 (of 96 available processors)

Solution count 5: -2.10976 -1.56459 -1.30428 ... 0.0216799
No other solutions better than -2.10976

Optimal solution found (tolerance 1.00e-06)
Best objective -2.109756115016e+00, best bound -2.109756115016e+00, gap 0.0000%

User-callback calls 73, time in user-callback 0.00 sec
