
Gurobi 13.0.0 (linux64) logging started Sun May  3 11:04:33 2026

Set parameter LogFile to value "logs/N=12_layers=1_presolve_off/N=12/seed=47/quantum_layers=1/precond_pen=0.200.log"
Set parameter MIPGap to value 1e-06
Set parameter Threads to value 8
Set parameter Presolve to value 0
Gurobi Optimizer version 13.0.0 build v13.0.0rc1 (linux64 - "Oracle Linux Server 9.7")

CPU model: AMD EPYC 7643 48-Core Processor, instruction set [SSE2|AVX|AVX2]
Thread count: 48 physical cores, 96 logical processors, using up to 8 threads

Non-default parameters:
MIPGap  1e-06
Presolve  0
Threads  8

Optimize a model with 1 rows, 12 columns and 12 nonzeros (Min)
Model fingerprint: 0x4d91e493
Model has 12 linear objective coefficients and an objective constant of -9.455084934432
Model has 66 quadratic objective terms
Variable types: 0 continuous, 12 integer (12 binary)
Coefficient statistics:
  Matrix range     [1e+00, 1e+00]
  Objective range  [1e+00, 5e+00]
  QObjective range [4e-02, 4e+00]
  Bounds range     [1e+00, 1e+00]
  RHS range        [6e+00, 6e+00]
Found heuristic solution: objective 0.9077944
Variable types: 0 continuous, 78 integer (78 binary)

Root relaxation: objective -1.213748e+01, 9 iterations, 0.00 seconds (0.00 work units)

    Nodes    |    Current Node    |     Objective Bounds      |     Work
 Expl Unexpl |  Obj  Depth IntInf | Incumbent    BestBd   Gap | It/Node Time

     0     0  -12.13748    0   12    0.90779  -12.13748  1437%     -    0s
H    0     0                       0.0246346  -12.13748      -     -    0s
H    0     0                      -0.0740342  -12.13748      -     -    0s
H    0     0                      -3.8735959  -12.13748   213%     -    0s
     0     0   -6.56806    0   31   -3.87360   -6.56806  69.6%     -    0s

Cutting planes:
  Gomory: 11
  Cover: 3
  MIR: 29
  StrongCG: 1
  Zero half: 16
  RLT: 16
  BQP: 20

Explored 1 nodes (93 simplex iterations) in 0.01 seconds (0.01 work units)
Thread count was 8 (of 96 available processors)

Solution count 4: -3.8736 -0.0740342 0.0246346 0.907794 
No other solutions better than -3.8736

Optimal solution found (tolerance 1.00e-06)
Best objective -3.873595870084e+00, best bound -3.873595870084e+00, gap 0.0000%

User-callback calls 74, time in user-callback 0.00 sec
