
Gurobi 13.0.0 (linux64) logging started Tue Mar 31 15:06:56 2026

Set parameter LogFile to value "logs/N=12_layers=3_presolve_off/N=12/seed=16/n_qaoa_layers=3/precond_pen=0.300.log"
Set parameter MIPGap to value 1e-06
Set parameter Threads to value 8
Set parameter Presolve to value 0
Gurobi Optimizer version 13.0.0 build v13.0.0rc1 (linux64 - "Oracle Linux Server 9.7")

CPU model: AMD EPYC 7643 48-Core Processor, instruction set [SSE2|AVX|AVX2]
Thread count: 48 physical cores, 96 logical processors, using up to 8 threads

Non-default parameters:
MIPGap  1e-06
Presolve  0
Threads  8

Optimize a model with 1 rows, 12 columns and 12 nonzeros (Min)
Model fingerprint: 0xf4c03fb5
Model has 12 linear objective coefficients and an objective constant of 2.1254923918770006e+00
Model has 66 quadratic objective terms
Variable types: 0 continuous, 12 integer (12 binary)
Coefficient statistics:
  Matrix range     [1e+00, 1e+00]
  Objective range  [5e-01, 3e+00]
  QObjective range [2e-02, 7e+00]
  Bounds range     [1e+00, 1e+00]
  RHS range        [6e+00, 6e+00]
Found heuristic solution: objective -1.1525878
Variable types: 0 continuous, 78 integer (78 binary)

Root relaxation: objective -1.850688e+01, 11 iterations, 0.00 seconds (0.00 work units)

    Nodes    |    Current Node    |     Objective Bounds      |     Work
 Expl Unexpl |  Obj  Depth IntInf | Incumbent    BestBd   Gap | It/Node Time

     0     0  -18.50688    0   12   -1.15259  -18.50688  1506%     -    0s
H    0     0                      -4.3535746  -18.50688   325%     -    0s
H    0     0                     -13.4889338  -18.50688  37.2%     -    0s

Cutting planes:
  Gomory: 1
  MIR: 22
  Zero half: 7
  RLT: 14
  BQP: 43

Explored 1 nodes (11 simplex iterations) in 0.01 seconds (0.00 work units)
Thread count was 8 (of 96 available processors)

Solution count 3: -13.4889 -4.35357 -1.15259 
No other solutions better than -13.4889

Optimal solution found (tolerance 1.00e-06)
Best objective -1.348893376136e+01, best bound -1.348893376136e+01, gap 0.0000%

User-callback calls 62, time in user-callback 0.00 sec

Gurobi 13.0.0 (linux64) logging started Tue Mar 31 15:10:55 2026

Set parameter LogFile to value "logs/N=12_layers=3_presolve_off/N=12/seed=16/n_qaoa_layers=3/precond_pen=0.300.log"
Set parameter MIPGap to value 1e-06
Set parameter Threads to value 8
Set parameter Presolve to value 0
Gurobi Optimizer version 13.0.0 build v13.0.0rc1 (linux64 - "Oracle Linux Server 9.7")

CPU model: AMD EPYC 7643 48-Core Processor, instruction set [SSE2|AVX|AVX2]
Thread count: 48 physical cores, 96 logical processors, using up to 8 threads

Non-default parameters:
MIPGap  1e-06
Presolve  0
Threads  8

Optimize a model with 1 rows, 12 columns and 12 nonzeros (Min)
Model fingerprint: 0xf4c03fb5
Model has 12 linear objective coefficients and an objective constant of 2.1254923918770006e+00
Model has 66 quadratic objective terms
Variable types: 0 continuous, 12 integer (12 binary)
Coefficient statistics:
  Matrix range     [1e+00, 1e+00]
  Objective range  [5e-01, 3e+00]
  QObjective range [2e-02, 7e+00]
  Bounds range     [1e+00, 1e+00]
  RHS range        [6e+00, 6e+00]
Found heuristic solution: objective -1.1525878
Variable types: 0 continuous, 78 integer (78 binary)

Root relaxation: objective -1.850688e+01, 11 iterations, 0.00 seconds (0.00 work units)

    Nodes    |    Current Node    |     Objective Bounds      |     Work
 Expl Unexpl |  Obj  Depth IntInf | Incumbent    BestBd   Gap | It/Node Time

     0     0  -18.50688    0   12   -1.15259  -18.50688  1506%     -    0s
H    0     0                      -4.3535746  -18.50688   325%     -    0s
H    0     0                     -13.4889338  -18.50688  37.2%     -    0s

Cutting planes:
  Gomory: 1
  MIR: 22
  Zero half: 7
  RLT: 14
  BQP: 43

Explored 1 nodes (11 simplex iterations) in 0.01 seconds (0.00 work units)
Thread count was 8 (of 96 available processors)

Solution count 3: -13.4889 -4.35357 -1.15259 
No other solutions better than -13.4889

Optimal solution found (tolerance 1.00e-06)
Best objective -1.348893376136e+01, best bound -1.348893376136e+01, gap 0.0000%

User-callback calls 62, time in user-callback 0.00 sec
