
Gurobi 13.0.0 (linux64) logging started Tue Mar 31 15:05:11 2026

Set parameter LogFile to value "logs/N=12_layers=2_presolve_on/N=12/seed=2/n_qaoa_layers=2/precond_pen=0.700.log"
Set parameter MIPGap to value 1e-06
Set parameter Threads to value 8
Gurobi Optimizer version 13.0.0 build v13.0.0rc1 (linux64 - "Oracle Linux Server 9.7")

CPU model: AMD EPYC 7643 48-Core Processor, instruction set [SSE2|AVX|AVX2]
Thread count: 48 physical cores, 96 logical processors, using up to 8 threads

Non-default parameters:
MIPGap  1e-06
Threads  8

Optimize a model with 1 rows, 12 columns and 12 nonzeros (Min)
Model fingerprint: 0x28c34e12
Model has 12 linear objective coefficients and an objective constant of 4.563470559522
Model has 66 quadratic objective terms
Variable types: 0 continuous, 12 integer (12 binary)
Coefficient statistics:
  Matrix range     [1e+00, 1e+00]
  Objective range  [1e+00, 2e+00]
  QObjective range [2e-02, 3e+00]
  Bounds range     [1e+00, 1e+00]
  RHS range        [6e+00, 6e+00]
Found heuristic solution: objective -0.5434178
Presolve time: 0.00s
Presolved: 67 rows, 78 columns, 210 nonzeros
Variable types: 0 continuous, 78 integer (78 binary)

Root relaxation: objective -8.587364e+00, 14 iterations, 0.00 seconds (0.00 work units)

    Nodes    |    Current Node    |     Objective Bounds      |     Work
 Expl Unexpl |  Obj  Depth IntInf | Incumbent    BestBd   Gap | It/Node Time

     0     0   -8.58736    0   12   -0.54342   -8.58736  1480%     -    0s
H    0     0                      -4.1381460   -8.58736   108%     -    0s
H    0     0                      -5.9507707   -8.58736  44.3%     -    0s

Cutting planes:
  MIR: 20
  Zero half: 10
  RLT: 15
  BQP: 57

Explored 1 nodes (14 simplex iterations) in 0.01 seconds (0.00 work units)
Thread count was 8 (of 96 available processors)

Solution count 3: -5.95077 -4.13815 -0.543418 
No other solutions better than -5.95077

Optimal solution found (tolerance 1.00e-06)
Best objective -5.950770748386e+00, best bound -5.950770748386e+00, gap 0.0000%

User-callback calls 156, time in user-callback 0.00 sec
