
Gurobi 13.0.0 (linux64) logging started Tue Mar 31 15:06:50 2026

Set parameter LogFile to value "logs/N=12_layers=3_presolve_on/N=12/seed=8/n_qaoa_layers=3/precond_pen=0.800.log"
Set parameter MIPGap to value 1e-06
Set parameter Threads to value 8
Gurobi Optimizer version 13.0.0 build v13.0.0rc1 (linux64 - "Oracle Linux Server 9.7")

CPU model: AMD EPYC 7643 48-Core Processor, instruction set [SSE2|AVX|AVX2]
Thread count: 48 physical cores, 96 logical processors, using up to 8 threads

Non-default parameters:
MIPGap  1e-06
Threads  8

Optimize a model with 1 rows, 12 columns and 12 nonzeros (Min)
Model fingerprint: 0xf24b462e
Model has 12 linear objective coefficients and an objective constant of 5.3452538673980010e+00
Model has 66 quadratic objective terms
Variable types: 0 continuous, 12 integer (12 binary)
Coefficient statistics:
  Matrix range     [1e+00, 1e+00]
  Objective range  [2e+00, 2e+00]
  QObjective range [5e-03, 2e+00]
  Bounds range     [1e+00, 1e+00]
  RHS range        [6e+00, 6e+00]
Found heuristic solution: objective -0.5950991
Presolve time: 0.00s
Presolved: 67 rows, 78 columns, 210 nonzeros
Variable types: 0 continuous, 78 integer (78 binary)

Root relaxation: objective -7.658057e+00, 14 iterations, 0.00 seconds (0.00 work units)

    Nodes    |    Current Node    |     Objective Bounds      |     Work
 Expl Unexpl |  Obj  Depth IntInf | Incumbent    BestBd   Gap | It/Node Time

     0     0   -7.65806    0   12   -0.59510   -7.65806  1187%     -    0s
H    0     0                      -1.8859020   -7.65806   306%     -    0s
H    0     0                      -1.9347502   -7.65806   296%     -    0s
H    0     0                      -3.2838904   -7.65806   133%     -    0s
H    0     0                      -3.6001316   -7.65806   113%     -    0s
     0     0     cutoff    0        -3.60013   -3.60013  0.00%     -    0s

Cutting planes:
  Gomory: 1
  MIR: 25
  Zero half: 18
  RLT: 20
  BQP: 61

Explored 1 nodes (130 simplex iterations) in 0.01 seconds (0.00 work units)
Thread count was 8 (of 96 available processors)

Solution count 5: -3.60013 -3.28389 -1.93475 ... -0.595099
No other solutions better than -3.60013

Optimal solution found (tolerance 1.00e-06)
Best objective -3.600131568800e+00, best bound -3.600131568800e+00, gap 0.0000%

User-callback calls 166, time in user-callback 0.00 sec

Gurobi 13.0.0 (linux64) logging started Tue Mar 31 15:10:49 2026

Set parameter LogFile to value "logs/N=12_layers=3_presolve_on/N=12/seed=8/n_qaoa_layers=3/precond_pen=0.800.log"
Set parameter MIPGap to value 1e-06
Set parameter Threads to value 8
Gurobi Optimizer version 13.0.0 build v13.0.0rc1 (linux64 - "Oracle Linux Server 9.7")

CPU model: AMD EPYC 7643 48-Core Processor, instruction set [SSE2|AVX|AVX2]
Thread count: 48 physical cores, 96 logical processors, using up to 8 threads

Non-default parameters:
MIPGap  1e-06
Threads  8

Optimize a model with 1 rows, 12 columns and 12 nonzeros (Min)
Model fingerprint: 0xf24b462e
Model has 12 linear objective coefficients and an objective constant of 5.3452538673980010e+00
Model has 66 quadratic objective terms
Variable types: 0 continuous, 12 integer (12 binary)
Coefficient statistics:
  Matrix range     [1e+00, 1e+00]
  Objective range  [2e+00, 2e+00]
  QObjective range [5e-03, 2e+00]
  Bounds range     [1e+00, 1e+00]
  RHS range        [6e+00, 6e+00]
Found heuristic solution: objective -0.5950991
Presolve time: 0.00s
Presolved: 67 rows, 78 columns, 210 nonzeros
Variable types: 0 continuous, 78 integer (78 binary)

Root relaxation: objective -7.658057e+00, 14 iterations, 0.00 seconds (0.00 work units)

    Nodes    |    Current Node    |     Objective Bounds      |     Work
 Expl Unexpl |  Obj  Depth IntInf | Incumbent    BestBd   Gap | It/Node Time

     0     0   -7.65806    0   12   -0.59510   -7.65806  1187%     -    0s
H    0     0                      -1.8859020   -7.65806   306%     -    0s
H    0     0                      -1.9347502   -7.65806   296%     -    0s
H    0     0                      -3.2838904   -7.65806   133%     -    0s
H    0     0                      -3.6001316   -7.65806   113%     -    0s
     0     0     cutoff    0        -3.60013   -3.60013  0.00%     -    0s

Cutting planes:
  Gomory: 1
  MIR: 25
  Zero half: 18
  RLT: 20
  BQP: 61

Explored 1 nodes (130 simplex iterations) in 0.01 seconds (0.00 work units)
Thread count was 8 (of 96 available processors)

Solution count 5: -3.60013 -3.28389 -1.93475 ... -0.595099
No other solutions better than -3.60013

Optimal solution found (tolerance 1.00e-06)
Best objective -3.600131568800e+00, best bound -3.600131568800e+00, gap 0.0000%

User-callback calls 166, time in user-callback 0.00 sec
