
Gurobi 13.0.0 (linux64) logging started Sun May  3 11:08:59 2026

Set parameter LogFile to value "logs/N=12_layers=3_presolve_off/N=12/seed=31/quantum_layers=3/precond_pen=0.200.log"
Set parameter MIPGap to value 1e-06
Set parameter Threads to value 8
Set parameter Presolve to value 0
Gurobi Optimizer version 13.0.0 build v13.0.0rc1 (linux64 - "Oracle Linux Server 9.7")

CPU model: AMD EPYC 7643 48-Core Processor, instruction set [SSE2|AVX|AVX2]
Thread count: 48 physical cores, 96 logical processors, using up to 8 threads

Non-default parameters:
MIPGap  1e-06
Presolve  0
Threads  8

Optimize a model with 1 rows, 12 columns and 12 nonzeros (Min)
Model fingerprint: 0x9a328ba2
Model has 12 linear objective coefficients and an objective constant of -1.9692752402022997e+01
Model has 66 quadratic objective terms
Variable types: 0 continuous, 12 integer (12 binary)
Coefficient statistics:
  Matrix range     [1e+00, 1e+00]
  Objective range  [5e-01, 1e+01]
  QObjective range [2e-01, 6e+00]
  Bounds range     [1e+00, 1e+00]
  RHS range        [6e+00, 6e+00]
Found heuristic solution: objective 0.9230471
Variable types: 0 continuous, 78 integer (78 binary)

Root relaxation: objective -2.593812e+01, 7 iterations, 0.00 seconds (0.00 work units)

    Nodes    |    Current Node    |     Objective Bounds      |     Work
 Expl Unexpl |  Obj  Depth IntInf | Incumbent    BestBd   Gap | It/Node Time

     0     0  -25.93812    0   12    0.92305  -25.93812  2910%     -    0s
H    0     0                       0.0082574  -25.93812      -     -    0s
H    0     0                      -2.6654514  -25.93812   873%     -    0s
H    0     0                      -5.7125588  -25.93812   354%     -    0s
     0     0  -14.10205    0   39   -5.71256  -14.10205   147%     -    0s
     0     0   -6.25116    0   32   -5.71256   -6.25116  9.43%     -    0s
     0     0   -6.19854    0   32   -5.71256   -6.19854  8.51%     -    0s
     0     2   -6.19854    0   32   -5.71256   -6.19854  8.51%     -    0s

Cutting planes:
  Gomory: 2
  Cover: 2
  MIR: 1
  Zero half: 2
  Mod-K: 1
  RLT: 18
  BQP: 4

Explored 36 nodes (833 simplex iterations) in 0.02 seconds (0.01 work units)
Thread count was 8 (of 96 available processors)

Solution count 4: -5.71256 -2.66545 0.00825743 0.923047 
No other solutions better than -5.71256

Optimal solution found (tolerance 1.00e-06)
Best objective -5.712558823389e+00, best bound -5.712558823389e+00, gap 0.0000%

User-callback calls 162, time in user-callback 0.00 sec
