
Gurobi 13.0.0 (linux64) logging started Sun May  3 10:54:13 2026

Set parameter LogFile to value "logs/N=16_layers=1_presolve_off/N=16/seed=8/quantum_layers=1/precond_pen=0.700.log"
Set parameter MIPGap to value 1e-06
Set parameter Threads to value 8
Set parameter Presolve to value 0
Gurobi Optimizer version 13.0.0 build v13.0.0rc1 (linux64 - "Oracle Linux Server 9.7")

CPU model: AMD EPYC 7643 48-Core Processor, instruction set [SSE2|AVX|AVX2]
Thread count: 48 physical cores, 96 logical processors, using up to 8 threads

Non-default parameters:
MIPGap  1e-06
Presolve  0
Threads  8

Optimize a model with 1 rows, 16 columns and 16 nonzeros (Min)
Model fingerprint: 0x91082d26
Model has 16 linear objective coefficients and an objective constant of 6.7477842194379996e+00
Model has 120 quadratic objective terms
Variable types: 0 continuous, 16 integer (16 binary)
Coefficient statistics:
  Matrix range     [1e+00, 1e+00]
  Objective range  [2e+00, 2e+00]
  QObjective range [2e-03, 9e-01]
  Bounds range     [1e+00, 1e+00]
  RHS range        [8e+00, 8e+00]
Found heuristic solution: objective -0.9758425
Variable types: 0 continuous, 136 integer (136 binary)

Root relaxation: objective -6.766681e+00, 42 iterations, 0.00 seconds (0.00 work units)

    Nodes    |    Current Node    |     Objective Bounds      |     Work
 Expl Unexpl |  Obj  Depth IntInf | Incumbent    BestBd   Gap | It/Node Time

     0     0   -6.76668    0   16   -0.97584   -6.76668   593%     -    0s
H    0     0                      -1.6651339   -6.76668   306%     -    0s
     0     0   -1.99105    0  107   -1.66513   -1.99105  19.6%     -    0s
     0     0   -1.72446    0  113   -1.66513   -1.72446  3.56%     -    0s
     0     0   -1.71232    0  113   -1.66513   -1.71232  2.83%     -    0s
     0     2   -1.71232    0  113   -1.66513   -1.71232  2.83%     -    0s

Cutting planes:
  Gomory: 1
  MIR: 64
  Zero half: 13
  RLT: 25
  BQP: 203

Explored 15 nodes (1327 simplex iterations) in 0.11 seconds (0.09 work units)
Thread count was 8 (of 96 available processors)

Solution count 2: -1.66513 -0.975843 
No other solutions better than -1.66513

Optimal solution found (tolerance 1.00e-06)
Best objective -1.665133948352e+00, best bound -1.665133948352e+00, gap 0.0000%

User-callback calls 136, time in user-callback 0.00 sec
