
Gurobi 13.0.0 (linux64) logging started Sun May  3 10:54:12 2026

Set parameter LogFile to value "logs/N=16_layers=1_presolve_off/N=16/seed=8/quantum_layers=1/precond_pen=0.600.log"
Set parameter MIPGap to value 1e-06
Set parameter Threads to value 8
Set parameter Presolve to value 0
Gurobi Optimizer version 13.0.0 build v13.0.0rc1 (linux64 - "Oracle Linux Server 9.7")

CPU model: AMD EPYC 7643 48-Core Processor, instruction set [SSE2|AVX|AVX2]
Thread count: 48 physical cores, 96 logical processors, using up to 8 threads

Non-default parameters:
MIPGap  1e-06
Presolve  0
Threads  8

Optimize a model with 1 rows, 16 columns and 16 nonzeros (Min)
Model fingerprint: 0x74792b37
Model has 16 linear objective coefficients and an objective constant of 6.7007153126210017e+00
Model has 120 quadratic objective terms
Variable types: 0 continuous, 16 integer (16 binary)
Coefficient statistics:
  Matrix range     [1e+00, 1e+00]
  Objective range  [2e+00, 2e+00]
  QObjective range [3e-03, 1e+00]
  Bounds range     [1e+00, 1e+00]
  RHS range        [8e+00, 8e+00]
Found heuristic solution: objective -1.1376073
Variable types: 0 continuous, 136 integer (136 binary)

Root relaxation: objective -7.031434e+00, 63 iterations, 0.00 seconds (0.00 work units)

    Nodes    |    Current Node    |     Objective Bounds      |     Work
 Expl Unexpl |  Obj  Depth IntInf | Incumbent    BestBd   Gap | It/Node Time

     0     0   -7.03143    0   16   -1.13761   -7.03143   518%     -    0s
H    0     0                      -1.1877870   -7.03143   492%     -    0s
H    0     0                      -2.0412632   -7.03143   244%     -    0s
     0     0   -2.21332    0  126   -2.04126   -2.21332  8.43%     -    0s

Cutting planes:
  Gomory: 5
  MIR: 54
  Zero half: 13
  RLT: 34
  BQP: 198

Explored 1 nodes (590 simplex iterations) in 0.06 seconds (0.04 work units)
Thread count was 8 (of 96 available processors)

Solution count 3: -2.04126 -1.18779 -1.13761 
No other solutions better than -2.04126

Optimal solution found (tolerance 1.00e-06)
Best objective -2.041263224153e+00, best bound -2.041263224153e+00, gap 0.0000%

User-callback calls 76, time in user-callback 0.00 sec
