
Gurobi 13.0.0 (linux64) logging started Sun May  3 10:54:12 2026

Set parameter LogFile to value "logs/N=16_layers=1_presolve_off/N=16/seed=8/quantum_layers=1/precond_pen=0.400.log"
Set parameter MIPGap to value 1e-06
Set parameter Threads to value 8
Set parameter Presolve to value 0
Gurobi Optimizer version 13.0.0 build v13.0.0rc1 (linux64 - "Oracle Linux Server 9.7")

CPU model: AMD EPYC 7643 48-Core Processor, instruction set [SSE2|AVX|AVX2]
Thread count: 48 physical cores, 96 logical processors, using up to 8 threads

Non-default parameters:
MIPGap  1e-06
Presolve  0
Threads  8

Optimize a model with 1 rows, 16 columns and 16 nonzeros (Min)
Model fingerprint: 0x691f77ab
Model has 16 linear objective coefficients and an objective constant of 5.9914765588649983e+00
Model has 120 quadratic objective terms
Variable types: 0 continuous, 16 integer (16 binary)
Coefficient statistics:
  Matrix range     [1e+00, 1e+00]
  Objective range  [1e+00, 2e+00]
  QObjective range [9e-03, 2e+00]
  Bounds range     [1e+00, 1e+00]
  RHS range        [8e+00, 8e+00]
Found heuristic solution: objective -2.1622880
Variable types: 0 continuous, 136 integer (136 binary)

Root relaxation: objective -1.043119e+01, 39 iterations, 0.00 seconds (0.00 work units)

    Nodes    |    Current Node    |     Objective Bounds      |     Work
 Expl Unexpl |  Obj  Depth IntInf | Incumbent    BestBd   Gap | It/Node Time

     0     0  -10.43119    0   16   -2.16229  -10.43119   382%     -    0s
H    0     0                      -3.8580506  -10.43119   170%     -    0s
H    0     0                      -4.4189186  -10.43119   136%     -    0s
     0     0   -4.78696    0   54   -4.41892   -4.78696  8.33%     -    0s

Cutting planes:
  Gomory: 7
  Cover: 1
  MIR: 222
  StrongCG: 24
  Flow cover: 20
  Zero half: 17
  RLT: 30
  BQP: 168

Explored 1 nodes (240 simplex iterations) in 0.04 seconds (0.03 work units)
Thread count was 8 (of 96 available processors)

Solution count 3: -4.41892 -3.85805 -2.16229 
No other solutions better than -4.41892

Optimal solution found (tolerance 1.00e-06)
Best objective -4.418918605835e+00, best bound -4.418918605835e+00, gap 0.0000%

User-callback calls 78, time in user-callback 0.00 sec
