
Gurobi 13.0.0 (linux64) logging started Sun May  3 10:54:26 2026

Set parameter LogFile to value "logs/N=16_layers=1_presolve_off/N=16/seed=31/quantum_layers=1/baseline.log"
Set parameter MIPGap to value 1e-06
Set parameter Threads to value 8
Set parameter Presolve to value 0
Gurobi Optimizer version 13.0.0 build v13.0.0rc1 (linux64 - "Oracle Linux Server 9.7")

CPU model: AMD EPYC 7643 48-Core Processor, instruction set [SSE2|AVX|AVX2]
Thread count: 48 physical cores, 96 logical processors, using up to 8 threads

Non-default parameters:
MIPGap  1e-06
Presolve  0
Threads  8

Optimize a model with 1 rows, 16 columns and 16 nonzeros (Min)
Model fingerprint: 0xe1882044
Model has 16 linear objective coefficients and an objective constant of 4.0211167728898545e-12
Model has 120 quadratic objective terms
Variable types: 0 continuous, 16 integer (16 binary)
Coefficient statistics:
  Matrix range     [1e+00, 1e+00]
  Objective range  [1e+01, 2e+01]
  QObjective range [1e-01, 8e+00]
  Bounds range     [1e+00, 1e+00]
  RHS range        [8e+00, 8e+00]
Found heuristic solution: objective 70.7905621
Variable types: 0 continuous, 136 integer (136 binary)

Root relaxation: objective 4.014011e-12, 9 iterations, 0.00 seconds (0.00 work units)

    Nodes    |    Current Node    |     Objective Bounds      |     Work
 Expl Unexpl |  Obj  Depth IntInf | Incumbent    BestBd   Gap | It/Node Time

     0     0    0.00000    0   16   70.79056    0.00000   100%     -    0s
H    0     0                      67.0221595    0.00000   100%     -    0s
H    0     0                      55.6313922    0.00000   100%     -    0s
H    0     0                      55.1004749   22.91485  58.4%     -    0s
     0     0   23.16870    0   21   55.10047   23.16870  58.0%     -    0s
     0     0   23.46288    0   21   55.10047   23.46288  57.4%     -    0s
     0     0   23.53787    0   24   55.10047   23.53787  57.3%     -    0s
     0     0   29.73138    0   49   55.10047   29.73138  46.0%     -    0s
     0     0   29.75360    0   49   55.10047   29.75360  46.0%     -    0s
     0     2   29.75360    0   49   55.10047   29.75360  46.0%     -    0s
*  118    82              12      55.0037977   41.01180  25.4%  31.0    0s

Cutting planes:
  Gomory: 2
  Cover: 4
  MIR: 38
  StrongCG: 1
  RLT: 13

Explored 625 nodes (14878 simplex iterations) in 0.09 seconds (0.10 work units)
Thread count was 8 (of 96 available processors)

Solution count 5: 55.0038 55.1005 55.6314 ... 70.7906

Optimal solution found (tolerance 1.00e-06)
Best objective 5.500379766134e+01, best bound 5.500379766134e+01, gap 0.0000%

User-callback calls 1373, time in user-callback 0.00 sec
