
Gurobi 13.0.0 (linux64) logging started Sun May  3 10:54:26 2026

Set parameter LogFile to value "logs/N=16_layers=1_presolve_off/N=16/seed=31/quantum_layers=1/precond_pen=0.200.log"
Set parameter MIPGap to value 1e-06
Set parameter Threads to value 8
Set parameter Presolve to value 0
Gurobi Optimizer version 13.0.0 build v13.0.0rc1 (linux64 - "Oracle Linux Server 9.7")

CPU model: AMD EPYC 7643 48-Core Processor, instruction set [SSE2|AVX|AVX2]
Thread count: 48 physical cores, 96 logical processors, using up to 8 threads

Non-default parameters:
MIPGap  1e-06
Presolve  0
Threads  8

Optimize a model with 1 rows, 16 columns and 16 nonzeros (Min)
Model fingerprint: 0x9f2bc9b2
Model has 16 linear objective coefficients and an objective constant of -8.6083989737650022e+00
Model has 120 quadratic objective terms
Variable types: 0 continuous, 16 integer (16 binary)
Coefficient statistics:
  Matrix range     [1e+00, 1e+00]
  Objective range  [5e-01, 5e+00]
  QObjective range [3e-02, 3e+00]
  Bounds range     [1e+00, 1e+00]
  RHS range        [8e+00, 8e+00]
Found heuristic solution: objective 2.9003739
Variable types: 0 continuous, 136 integer (136 binary)

Root relaxation: objective -1.596024e+01, 13 iterations, 0.00 seconds (0.00 work units)

    Nodes    |    Current Node    |     Objective Bounds      |     Work
 Expl Unexpl |  Obj  Depth IntInf | Incumbent    BestBd   Gap | It/Node Time

     0     0  -15.96024    0   16    2.90037  -15.96024   650%     -    0s
H    0     0                       0.1981313  -15.96024  8155%     -    0s
H    0     0                      -0.5606196  -15.96024  2747%     -    0s
H    0     0                      -4.7560841  -15.96024   236%     -    0s
     0     0   -7.58703    0  102   -4.75608   -7.58703  59.5%     -    0s
     0     0   -6.87110    0  104   -4.75608   -6.87110  44.5%     -    0s
     0     0   -6.87110    0  104   -4.75608   -6.87110  44.5%     -    0s
     0     2   -6.87110    0  104   -4.75608   -6.87110  44.5%     -    0s
*   45     2               7      -5.0248327   -5.06662  0.83%  36.6    0s

Cutting planes:
  Gomory: 2
  MIR: 17
  Zero half: 10
  RLT: 26
  BQP: 42

Explored 50 nodes (2090 simplex iterations) in 0.06 seconds (0.05 work units)
Thread count was 8 (of 96 available processors)

Solution count 5: -5.02483 -4.75608 -0.56062 ... 2.90037
No other solutions better than -5.02483

Optimal solution found (tolerance 1.00e-06)
Best objective -5.024832652339e+00, best bound -5.024832652339e+00, gap 0.0000%

User-callback calls 206, time in user-callback 0.00 sec
