
Gurobi 13.0.0 (linux64) logging started Sun May  3 10:54:26 2026

Set parameter LogFile to value "logs/N=16_layers=1_presolve_off/N=16/seed=31/quantum_layers=1/precond_pen=0.500.log"
Set parameter MIPGap to value 1e-06
Set parameter Threads to value 8
Set parameter Presolve to value 0
Gurobi Optimizer version 13.0.0 build v13.0.0rc1 (linux64 - "Oracle Linux Server 9.7")

CPU model: AMD EPYC 7643 48-Core Processor, instruction set [SSE2|AVX|AVX2]
Thread count: 48 physical cores, 96 logical processors, using up to 8 threads

Non-default parameters:
MIPGap  1e-06
Presolve  0
Threads  8

Optimize a model with 1 rows, 16 columns and 16 nonzeros (Min)
Model fingerprint: 0x1c058e27
Model has 16 linear objective coefficients and an objective constant of 6.3967095090319965e+00
Model has 120 quadratic objective terms
Variable types: 0 continuous, 16 integer (16 binary)
Coefficient statistics:
  Matrix range     [1e+00, 1e+00]
  Objective range  [1e+00, 2e+00]
  QObjective range [2e-03, 1e+00]
  Bounds range     [1e+00, 1e+00]
  RHS range        [8e+00, 8e+00]
Found heuristic solution: objective 0.9091886
Variable types: 0 continuous, 136 integer (136 binary)

Root relaxation: objective -8.168201e+00, 47 iterations, 0.00 seconds (0.00 work units)

    Nodes    |    Current Node    |     Objective Bounds      |     Work
 Expl Unexpl |  Obj  Depth IntInf | Incumbent    BestBd   Gap | It/Node Time

     0     0   -8.16820    0   16    0.90919   -8.16820   998%     -    0s
H    0     0                      -1.0754488   -8.16820   660%     -    0s
H    0     0                      -2.2224445   -8.16820   268%     -    0s
H    0     0                      -2.6360895   -8.16820   210%     -    0s
H    0     0                      -2.7869396   -2.80169  0.53%     -    0s
     0     0   -2.80169    0  124   -2.78694   -2.80169  0.53%     -    0s

Cutting planes:
  Gomory: 4
  Clique: 1
  MIR: 24
  Zero half: 12
  RLT: 12
  BQP: 87

Explored 1 nodes (630 simplex iterations) in 0.05 seconds (0.03 work units)
Thread count was 8 (of 96 available processors)

Solution count 5: -2.78694 -2.63609 -2.22244 ... 0.909189
No other solutions better than -2.78694

Optimal solution found (tolerance 1.00e-06)
Best objective -2.786939582182e+00, best bound -2.786939582182e+00, gap 0.0000%

User-callback calls 79, time in user-callback 0.00 sec
