
Gurobi 13.0.0 (linux64) logging started Sun May  3 10:54:26 2026

Set parameter LogFile to value "logs/N=16_layers=1_presolve_off/N=16/seed=31/quantum_layers=1/precond_pen=0.600.log"
Set parameter MIPGap to value 1e-06
Set parameter Threads to value 8
Set parameter Presolve to value 0
Gurobi Optimizer version 13.0.0 build v13.0.0rc1 (linux64 - "Oracle Linux Server 9.7")

CPU model: AMD EPYC 7643 48-Core Processor, instruction set [SSE2|AVX|AVX2]
Thread count: 48 physical cores, 96 logical processors, using up to 8 threads

Non-default parameters:
MIPGap  1e-06
Presolve  0
Threads  8

Optimize a model with 1 rows, 16 columns and 16 nonzeros (Min)
Model fingerprint: 0xaf7b5e9a
Model has 16 linear objective coefficients and an objective constant of 6.6367364114220013e+00
Model has 120 quadratic objective terms
Variable types: 0 continuous, 16 integer (16 binary)
Coefficient statistics:
  Matrix range     [1e+00, 1e+00]
  Objective range  [1e+00, 2e+00]
  QObjective range [1e-02, 1e+00]
  Bounds range     [1e+00, 1e+00]
  RHS range        [8e+00, 8e+00]
Found heuristic solution: objective 0.4966038
Variable types: 0 continuous, 136 integer (136 binary)

Root relaxation: objective -7.026199e+00, 45 iterations, 0.00 seconds (0.00 work units)

    Nodes    |    Current Node    |     Objective Bounds      |     Work
 Expl Unexpl |  Obj  Depth IntInf | Incumbent    BestBd   Gap | It/Node Time

     0     0   -7.02620    0   16    0.49660   -7.02620  1515%     -    0s
H    0     0                      -0.4055729   -7.02620  1632%     -    0s
H    0     0                      -0.8194594   -7.02620   757%     -    0s
H    0     0                      -1.1632057   -7.02620   504%     -    0s
H    0     0                      -2.0481471   -7.02620   243%     -    0s
     0     0   -2.29646    0  127   -2.04815   -2.29646  12.1%     -    0s
     0     0   -2.04815    0  129   -2.04815   -2.04815  0.00%     -    0s

Cutting planes:
  Gomory: 4
  MIR: 43
  Zero half: 14
  RLT: 44
  BQP: 187

Explored 1 nodes (606 simplex iterations) in 0.06 seconds (0.04 work units)
Thread count was 8 (of 96 available processors)

Solution count 5: -2.04815 -1.16321 -0.819459 ... 0.496604
No other solutions better than -2.04815

Optimal solution found (tolerance 1.00e-06)
Best objective -2.048147068168e+00, best bound -2.048147068168e+00, gap 0.0000%

User-callback calls 86, time in user-callback 0.00 sec
