
Gurobi 13.0.0 (linux64) logging started Sun May  3 10:54:37 2026

Set parameter LogFile to value "logs/N=16_layers=1_presolve_off/N=16/seed=48/quantum_layers=1/precond_pen=0.200.log"
Set parameter MIPGap to value 1e-06
Set parameter Threads to value 8
Set parameter Presolve to value 0
Gurobi Optimizer version 13.0.0 build v13.0.0rc1 (linux64 - "Oracle Linux Server 9.7")

CPU model: AMD EPYC 7643 48-Core Processor, instruction set [SSE2|AVX|AVX2]
Thread count: 48 physical cores, 96 logical processors, using up to 8 threads

Non-default parameters:
MIPGap  1e-06
Presolve  0
Threads  8

Optimize a model with 1 rows, 16 columns and 16 nonzeros (Min)
Model fingerprint: 0xa68628a1
Model has 16 linear objective coefficients and an objective constant of -7.8383724859579980e+00
Model has 120 quadratic objective terms
Variable types: 0 continuous, 16 integer (16 binary)
Coefficient statistics:
  Matrix range     [1e+00, 1e+00]
  Objective range  [3e-01, 4e+00]
  QObjective range [2e-02, 3e+00]
  Bounds range     [1e+00, 1e+00]
  RHS range        [8e+00, 8e+00]
Found heuristic solution: objective -0.6189894
Variable types: 0 continuous, 136 integer (136 binary)

Root relaxation: objective -1.648378e+01, 20 iterations, 0.00 seconds (0.00 work units)

    Nodes    |    Current Node    |     Objective Bounds      |     Work
 Expl Unexpl |  Obj  Depth IntInf | Incumbent    BestBd   Gap | It/Node Time

     0     0  -16.48378    0   16   -0.61899  -16.48378  2563%     -    0s
H    0     0                      -1.5953423  -16.48378   933%     -    0s
H    0     0                      -2.6258014  -16.48378   528%     -    0s
H    0     0                      -6.2011513  -16.48378   166%     -    0s
     0     0   -7.89931    0   95   -6.20115   -7.89931  27.4%     -    0s
     0     0   -7.59008    0  102   -6.20115   -7.59008  22.4%     -    0s
     0     0   -7.55742    0  102   -6.20115   -7.55742  21.9%     -    0s
     0     2   -7.55742    0  102   -6.20115   -7.55742  21.9%     -    0s
*   21     7               4      -6.4042281   -6.74506  5.32%  33.4    0s

Cutting planes:
  Gomory: 1
  MIR: 19
  Zero half: 15
  RLT: 21
  BQP: 76

Explored 30 nodes (1072 simplex iterations) in 0.05 seconds (0.04 work units)
Thread count was 8 (of 96 available processors)

Solution count 5: -6.40423 -6.20115 -2.6258 ... -0.618989
No other solutions better than -6.40423

Optimal solution found (tolerance 1.00e-06)
Best objective -6.404228111208e+00, best bound -6.404228111208e+00, gap 0.0000%

User-callback calls 161, time in user-callback 0.00 sec
