
Gurobi 13.0.0 (linux64) logging started Sun May  3 10:54:37 2026

Set parameter LogFile to value "logs/N=16_layers=1_presolve_off/N=16/seed=48/quantum_layers=1/precond_pen=0.400.log"
Set parameter MIPGap to value 1e-06
Set parameter Threads to value 8
Set parameter Presolve to value 0
Gurobi Optimizer version 13.0.0 build v13.0.0rc1 (linux64 - "Oracle Linux Server 9.7")

CPU model: AMD EPYC 7643 48-Core Processor, instruction set [SSE2|AVX|AVX2]
Thread count: 48 physical cores, 96 logical processors, using up to 8 threads

Non-default parameters:
MIPGap  1e-06
Presolve  0
Threads  8

Optimize a model with 1 rows, 16 columns and 16 nonzeros (Min)
Model fingerprint: 0x35e18c4f
Model has 16 linear objective coefficients and an objective constant of 5.698002107816
Model has 120 quadratic objective terms
Variable types: 0 continuous, 16 integer (16 binary)
Coefficient statistics:
  Matrix range     [1e+00, 1e+00]
  Objective range  [9e-01, 2e+00]
  QObjective range [2e-02, 2e+00]
  Bounds range     [1e+00, 1e+00]
  RHS range        [8e+00, 8e+00]
Found heuristic solution: objective -1.1235860
Variable types: 0 continuous, 136 integer (136 binary)

Root relaxation: objective -1.155991e+01, 27 iterations, 0.00 seconds (0.00 work units)

    Nodes    |    Current Node    |     Objective Bounds      |     Work
 Expl Unexpl |  Obj  Depth IntInf | Incumbent    BestBd   Gap | It/Node Time

     0     0  -11.55991    0   16   -1.12359  -11.55991   929%     -    0s
H    0     0                      -4.6389697  -11.55991   149%     -    0s
H    0     0                      -4.7278575  -11.55991   145%     -    0s
H    0     0                      -4.8069760  -11.55991   140%     -    0s
     0     0   -5.26353    0   90   -4.80698   -5.26353  9.50%     -    0s
     0     0   -4.80698    0  109   -4.80698   -4.80698  0.00%     -    0s

Cutting planes:
  Gomory: 16
  MIR: 44
  Zero half: 19
  RLT: 20
  BQP: 108

Explored 1 nodes (417 simplex iterations) in 0.03 seconds (0.02 work units)
Thread count was 8 (of 96 available processors)

Solution count 4: -4.80698 -4.72786 -4.63897 -1.12359 
No other solutions better than -4.80698

Optimal solution found (tolerance 1.00e-06)
Best objective -4.806976006272e+00, best bound -4.806976006272e+00, gap 0.0000%

User-callback calls 80, time in user-callback 0.00 sec
