
Gurobi 13.0.0 (linux64) logging started Sun May  3 11:04:21 2026

Set parameter LogFile to value "logs/N=12_layers=1_presolve_on/N=12/seed=32/quantum_layers=1/baseline.log"
Set parameter MIPGap to value 1e-06
Set parameter Threads to value 8
Gurobi Optimizer version 13.0.0 build v13.0.0rc1 (linux64 - "Oracle Linux Server 9.7")

CPU model: AMD EPYC 7643 48-Core Processor, instruction set [SSE2|AVX|AVX2]
Thread count: 48 physical cores, 96 logical processors, using up to 8 threads

Non-default parameters:
MIPGap  1e-06
Threads  8

Optimize a model with 1 rows, 12 columns and 12 nonzeros (Min)
Model fingerprint: 0xfa50cb61
Model has 12 linear objective coefficients and an objective constant of -9.9120711638533976e-13
Model has 66 quadratic objective terms
Variable types: 0 continuous, 12 integer (12 binary)
Coefficient statistics:
  Matrix range     [1e+00, 1e+00]
  Objective range  [9e+00, 2e+01]
  QObjective range [7e-02, 8e+00]
  Bounds range     [1e+00, 1e+00]
  RHS range        [6e+00, 6e+00]
Found heuristic solution: objective 38.8372133
Presolve time: 0.00s
Presolved: 67 rows, 78 columns, 210 nonzeros
Variable types: 0 continuous, 78 integer (78 binary)

Root relaxation: objective -9.929835e-13, 8 iterations, 0.00 seconds (0.00 work units)

    Nodes    |    Current Node    |     Objective Bounds      |     Work
 Expl Unexpl |  Obj  Depth IntInf | Incumbent    BestBd   Gap | It/Node Time

     0     0   -0.00000    0   12   38.83721   -0.00000   100%     -    0s
H    0     0                      38.7052556   -0.00000   100%     -    0s
H    0     0                      37.2975516   -0.00000   100%     -    0s
H    0     0                      32.1215550   -0.00000   100%     -    0s
H    0     0                      31.9878847   17.78775  44.4%     -    0s
     0     0   19.55455    0   22   31.98788   19.55455  38.9%     -    0s
     0     0   20.09223    0   20   31.98788   20.09223  37.2%     -    0s
     0     0   24.43979    0   43   31.98788   24.43979  23.6%     -    0s
     0     0   24.60208    0   43   31.98788   24.60208  23.1%     -    0s
     0     2   24.60208    0   43   31.98788   24.60208  23.1%     -    0s

Cutting planes:
  Gomory: 3
  Dual implied bound: 8
  MIR: 8
  RLT: 9

Explored 66 nodes (1294 simplex iterations) in 0.03 seconds (0.02 work units)
Thread count was 8 (of 96 available processors)

Solution count 5: 31.9879 32.1216 37.2976 ... 38.8372

Optimal solution found (tolerance 1.00e-06)
Best objective 3.198788466092e+01, best bound 3.198788466092e+01, gap 0.0000%

User-callback calls 318, time in user-callback 0.00 sec
