
Gurobi 13.0.0 (linux64) logging started Sun May  3 11:04:21 2026

Set parameter LogFile to value "logs/N=12_layers=1_presolve_on/N=12/seed=32/quantum_layers=1/precond_pen=0.300.log"
Set parameter MIPGap to value 1e-06
Set parameter Threads to value 8
Gurobi Optimizer version 13.0.0 build v13.0.0rc1 (linux64 - "Oracle Linux Server 9.7")

CPU model: AMD EPYC 7643 48-Core Processor, instruction set [SSE2|AVX|AVX2]
Thread count: 48 physical cores, 96 logical processors, using up to 8 threads

Non-default parameters:
MIPGap  1e-06
Threads  8

Optimize a model with 1 rows, 12 columns and 12 nonzeros (Min)
Model fingerprint: 0x08367319
Model has 12 linear objective coefficients and an objective constant of 2.324711162088
Model has 66 quadratic objective terms
Variable types: 0 continuous, 12 integer (12 binary)
Coefficient statistics:
  Matrix range     [1e+00, 1e+00]
  Objective range  [4e-02, 3e+00]
  QObjective range [3e-02, 3e+00]
  Bounds range     [1e+00, 1e+00]
  RHS range        [6e+00, 6e+00]
Found heuristic solution: objective 0.6372649
Presolve time: 0.00s
Presolved: 67 rows, 78 columns, 210 nonzeros
Variable types: 0 continuous, 78 integer (78 binary)

Root relaxation: objective -1.169177e+01, 12 iterations, 0.00 seconds (0.00 work units)

    Nodes    |    Current Node    |     Objective Bounds      |     Work
 Expl Unexpl |  Obj  Depth IntInf | Incumbent    BestBd   Gap | It/Node Time

     0     0  -11.69177    0   12    0.63726  -11.69177  1935%     -    0s
H    0     0                      -0.2489070  -11.69177  4597%     -    0s
H    0     0                      -1.8075291  -11.69177   547%     -    0s
H    0     0                      -2.5693637  -11.69177   355%     -    0s
H    0     0                      -5.3195851  -11.69177   120%     -    0s
     0     0   -6.00621    0   43   -5.31959   -6.00621  12.9%     -    0s
     0     0   -5.31959    0   38   -5.31959   -5.31959  0.00%     -    0s

Cutting planes:
  MIR: 11
  Zero half: 8
  RLT: 10
  BQP: 27

Explored 1 nodes (113 simplex iterations) in 0.01 seconds (0.00 work units)
Thread count was 8 (of 96 available processors)

Solution count 5: -5.31959 -2.56936 -1.80753 ... 0.637265
No other solutions better than -5.31959

Optimal solution found (tolerance 1.00e-06)
Best objective -5.319585079280e+00, best bound -5.319585079280e+00, gap 0.0000%

User-callback calls 169, time in user-callback 0.00 sec
