
Gurobi 13.0.0 (linux64) logging started Sun May  3 11:04:21 2026

Set parameter LogFile to value "logs/N=12_layers=1_presolve_on/N=12/seed=32/quantum_layers=1/precond_pen=0.100.log"
Set parameter MIPGap to value 1e-06
Set parameter Threads to value 8
Gurobi Optimizer version 13.0.0 build v13.0.0rc1 (linux64 - "Oracle Linux Server 9.7")

CPU model: AMD EPYC 7643 48-Core Processor, instruction set [SSE2|AVX|AVX2]
Thread count: 48 physical cores, 96 logical processors, using up to 8 threads

Non-default parameters:
MIPGap  1e-06
Threads  8

Optimize a model with 1 rows, 12 columns and 12 nonzeros (Min)
Model fingerprint: 0xf7d9d826
Model has 12 linear objective coefficients and an objective constant of -18.978134727643
Model has 66 quadratic objective terms
Variable types: 0 continuous, 12 integer (12 binary)
Coefficient statistics:
  Matrix range     [1e+00, 1e+00]
  Objective range  [5e+00, 8e+00]
  QObjective range [6e-01, 4e+00]
  Bounds range     [1e+00, 1e+00]
  RHS range        [6e+00, 6e+00]
Found heuristic solution: objective 2.2361286
Presolve time: 0.00s
Presolved: 67 rows, 78 columns, 210 nonzeros
Variable types: 0 continuous, 78 integer (78 binary)

Root relaxation: objective -1.897813e+01, 7 iterations, 0.00 seconds (0.00 work units)

    Nodes    |    Current Node    |     Objective Bounds      |     Work
 Expl Unexpl |  Obj  Depth IntInf | Incumbent    BestBd   Gap | It/Node Time

     0     0  -18.97813    0   12    2.23613  -18.97813   949%     -    0s
H    0     0                      -1.1316092  -18.97813  1577%     -    0s
     0     0   -6.10486    0   17   -1.13161   -6.10486   439%     -    0s
     0     0   -3.88185    0   33   -1.13161   -3.88185   243%     -    0s
     0     0   -3.87250    0   33   -1.13161   -3.87250   242%     -    0s
     0     2   -3.75268    0   33   -1.13161   -3.75268   232%     -    0s
H    5     7                      -1.2567828   -2.70356   115%  33.0    0s
H   12     8                      -1.2784179   -1.98666  55.4%  28.3    0s

Cutting planes:
  Dual implied bound: 14
  MIR: 8
  StrongCG: 2
  RLT: 10

Explored 24 nodes (607 simplex iterations) in 0.03 seconds (0.02 work units)
Thread count was 8 (of 96 available processors)

Solution count 4: -1.27842 -1.25678 -1.13161 2.23613 
No other solutions better than -1.27842

Optimal solution found (tolerance 1.00e-06)
Best objective -1.278417899385e+00, best bound -1.278417899385e+00, gap 0.0000%

User-callback calls 230, time in user-callback 0.00 sec
