
Gurobi 13.0.0 (linux64) logging started Sun May  3 10:58:46 2026

Set parameter LogFile to value "logs/N=16_layers=2_presolve_off/N=16/seed=19/quantum_layers=2/precond_pen=0.700.log"
Set parameter MIPGap to value 1e-06
Set parameter Threads to value 8
Set parameter Presolve to value 0
Gurobi Optimizer version 13.0.0 build v13.0.0rc1 (linux64 - "Oracle Linux Server 9.7")

CPU model: AMD EPYC 7643 48-Core Processor, instruction set [SSE2|AVX|AVX2]
Thread count: 48 physical cores, 96 logical processors, using up to 8 threads

Non-default parameters:
MIPGap  1e-06
Presolve  0
Threads  8

Optimize a model with 1 rows, 16 columns and 16 nonzeros (Min)
Model fingerprint: 0x1a5d0dd4
Model has 16 linear objective coefficients and an objective constant of 6.3031950079329988e+00
Model has 120 quadratic objective terms
Variable types: 0 continuous, 16 integer (16 binary)
Coefficient statistics:
  Matrix range     [1e+00, 1e+00]
  Objective range  [1e+00, 2e+00]
  QObjective range [8e-03, 3e+00]
  Bounds range     [1e+00, 1e+00]
  RHS range        [8e+00, 8e+00]
Found heuristic solution: objective 1.5863830
Variable types: 0 continuous, 136 integer (136 binary)

Root relaxation: objective -1.242005e+01, 39 iterations, 0.00 seconds (0.00 work units)

    Nodes    |    Current Node    |     Objective Bounds      |     Work
 Expl Unexpl |  Obj  Depth IntInf | Incumbent    BestBd   Gap | It/Node Time

     0     0  -12.42005    0   16    1.58638  -12.42005   883%     -    0s
H    0     0                      -0.8023060  -12.42005  1448%     -    0s
H    0     0                      -1.2763211  -12.42005   873%     -    0s
H    0     0                      -1.8549881  -12.42005   570%     -    0s
H    0     0                      -7.0205768  -12.42005  76.9%     -    0s
     0     0   -7.02058    0   78   -7.02058   -7.02058  0.00%     -    0s

Cutting planes:
  Gomory: 1
  MIR: 51
  Zero half: 25
  RLT: 39
  BQP: 154

Explored 1 nodes (227 simplex iterations) in 0.01 seconds (0.01 work units)
Thread count was 8 (of 96 available processors)

Solution count 5: -7.02058 -1.85499 -1.27632 ... 1.58638
No other solutions better than -7.02058

Optimal solution found (tolerance 1.00e-06)
Best objective -7.020576796877e+00, best bound -7.020576796877e+00, gap 0.0000%

User-callback calls 72, time in user-callback 0.00 sec
