
Gurobi 13.0.0 (linux64) logging started Sun May  3 11:04:27 2026

Set parameter LogFile to value "logs/N=12_layers=1_presolve_off/N=12/seed=17/quantum_layers=1/precond_pen=0.800.log"
Set parameter MIPGap to value 1e-06
Set parameter Threads to value 8
Set parameter Presolve to value 0
Gurobi Optimizer version 13.0.0 build v13.0.0rc1 (linux64 - "Oracle Linux Server 9.7")

CPU model: AMD EPYC 7643 48-Core Processor, instruction set [SSE2|AVX|AVX2]
Thread count: 48 physical cores, 96 logical processors, using up to 8 threads

Non-default parameters:
MIPGap  1e-06
Presolve  0
Threads  8

Optimize a model with 1 rows, 12 columns and 12 nonzeros (Min)
Model fingerprint: 0xc15f1338
Model has 12 linear objective coefficients and an objective constant of 4.9110851841169989e+00
Model has 66 quadratic objective terms
Variable types: 0 continuous, 12 integer (12 binary)
Coefficient statistics:
  Matrix range     [1e+00, 1e+00]
  Objective range  [2e+00, 2e+00]
  QObjective range [8e-02, 1e+00]
  Bounds range     [1e+00, 1e+00]
  RHS range        [6e+00, 6e+00]
Found heuristic solution: objective -0.5516136
Variable types: 0 continuous, 78 integer (78 binary)

Root relaxation: objective -4.911085e+00, 17 iterations, 0.00 seconds (0.00 work units)

    Nodes    |    Current Node    |     Objective Bounds      |     Work
 Expl Unexpl |  Obj  Depth IntInf | Incumbent    BestBd   Gap | It/Node Time

     0     0   -4.91109    0   12   -0.55161   -4.91109   790%     -    0s
H    0     0                      -0.8293863   -4.91109   492%     -    0s
H    0     0                      -0.9957638   -4.91109   393%     -    0s
H    0     0                      -1.2232809   -4.91109   301%     -    0s
     0     0   -1.22328    0   63   -1.22328   -1.22328  0.00%     -    0s

Cutting planes:
  Gomory: 1
  MIR: 55
  Zero half: 27
  RLT: 26
  BQP: 144

Explored 1 nodes (444 simplex iterations) in 0.02 seconds (0.01 work units)
Thread count was 8 (of 96 available processors)

Solution count 4: -1.22328 -0.995764 -0.829386 -0.551614 
No other solutions better than -1.22328

Optimal solution found (tolerance 1.00e-06)
Best objective -1.223280908911e+00, best bound -1.223280908911e+00, gap 0.0000%

User-callback calls 70, time in user-callback 0.00 sec
