
Gurobi 13.0.0 (linux64) logging started Sun May  3 11:04:27 2026

Set parameter LogFile to value "logs/N=12_layers=1_presolve_off/N=12/seed=17/quantum_layers=1/precond_pen=0.300.log"
Set parameter MIPGap to value 1e-06
Set parameter Threads to value 8
Set parameter Presolve to value 0
Gurobi Optimizer version 13.0.0 build v13.0.0rc1 (linux64 - "Oracle Linux Server 9.7")

CPU model: AMD EPYC 7643 48-Core Processor, instruction set [SSE2|AVX|AVX2]
Thread count: 48 physical cores, 96 logical processors, using up to 8 threads

Non-default parameters:
MIPGap  1e-06
Presolve  0
Threads  8

Optimize a model with 1 rows, 12 columns and 12 nonzeros (Min)
Model fingerprint: 0x5b8f67a1
Model has 12 linear objective coefficients and an objective constant of 3.685846475959
Model has 66 quadratic objective terms
Variable types: 0 continuous, 12 integer (12 binary)
Coefficient statistics:
  Matrix range     [1e+00, 1e+00]
  Objective range  [6e-01, 2e+00]
  QObjective range [2e-02, 3e+00]
  Bounds range     [1e+00, 1e+00]
  RHS range        [6e+00, 6e+00]
Found heuristic solution: objective -0.9450179
Variable types: 0 continuous, 78 integer (78 binary)

Root relaxation: objective -1.038233e+01, 12 iterations, 0.00 seconds (0.00 work units)

    Nodes    |    Current Node    |     Objective Bounds      |     Work
 Expl Unexpl |  Obj  Depth IntInf | Incumbent    BestBd   Gap | It/Node Time

     0     0  -10.38233    0   12   -0.94502  -10.38233   999%     -    0s
H    0     0                      -2.8359141  -10.38233   266%     -    0s
H    0     0                      -4.1211695  -10.38233   152%     -    0s
H    0     0                      -5.5001795  -10.38233  88.8%     -    0s
     0     0   -5.50018    0   37   -5.50018   -5.50018  0.00%     -    0s

Cutting planes:
  MIR: 21
  Zero half: 17
  RLT: 14
  BQP: 59

Explored 1 nodes (61 simplex iterations) in 0.01 seconds (0.00 work units)
Thread count was 8 (of 96 available processors)

Solution count 4: -5.50018 -4.12117 -2.83591 -0.945018 
No other solutions better than -5.50018

Optimal solution found (tolerance 1.00e-06)
Best objective -5.500179472483e+00, best bound -5.500179472483e+00, gap 0.0000%

User-callback calls 67, time in user-callback 0.00 sec
