
Gurobi 13.0.0 (linux64) logging started Sun May  3 10:53:58 2026

Set parameter LogFile to value "logs/N=16_layers=1_presolve_on/N=16/seed=35/quantum_layers=1/precond_pen=0.200.log"
Set parameter MIPGap to value 1e-06
Set parameter Threads to value 8
Gurobi Optimizer version 13.0.0 build v13.0.0rc1 (linux64 - "Oracle Linux Server 9.7")

CPU model: AMD EPYC 7643 48-Core Processor, instruction set [SSE2|AVX|AVX2]
Thread count: 48 physical cores, 96 logical processors, using up to 8 threads

Non-default parameters:
MIPGap  1e-06
Threads  8

Optimize a model with 1 rows, 16 columns and 16 nonzeros (Min)
Model fingerprint: 0x4d34f116
Model has 16 linear objective coefficients and an objective constant of -5.8094529291819983e+00
Model has 120 quadratic objective terms
Variable types: 0 continuous, 16 integer (16 binary)
Coefficient statistics:
  Matrix range     [1e+00, 1e+00]
  Objective range  [1e-02, 4e+00]
  QObjective range [9e-05, 3e+00]
  Bounds range     [1e+00, 1e+00]
  RHS range        [8e+00, 8e+00]
Found heuristic solution: objective 2.0239274
Presolve time: 0.00s
Presolved: 121 rows, 136 columns, 376 nonzeros
Variable types: 0 continuous, 136 integer (136 binary)

Root relaxation: objective -1.649955e+01, 8 iterations, 0.00 seconds (0.00 work units)

    Nodes    |    Current Node    |     Objective Bounds      |     Work
 Expl Unexpl |  Obj  Depth IntInf | Incumbent    BestBd   Gap | It/Node Time

     0     0  -16.49955    0   16    2.02393  -16.49955   915%     -    0s
H    0     0                       1.4911050  -16.49955  1207%     -    0s
H    0     0                       0.1709324  -16.49955  9753%     -    0s
H    0     0                       0.0798386  -16.49955      -     -    0s
H    0     0                      -5.4870571  -16.49955   201%     -    0s
H    0     0                      -5.6813015  -16.49955   190%     -    0s
H    0     0                      -5.9315405   -9.87653  66.5%     -    0s
     0     0   -9.49055    0   57   -5.93154   -9.49055  60.0%     -    0s
H    0     0                      -6.4163465   -9.49055  47.9%     -    0s
     0     0   -6.41635    0   90   -6.41635   -6.41635  0.00%     -    0s

Cutting planes:
  Gomory: 8
  Dual implied bound: 2
  MIR: 105
  StrongCG: 12
  Zero half: 40
  Mod-K: 2
  RLT: 36
  BQP: 145

Explored 1 nodes (338 simplex iterations) in 0.04 seconds (0.03 work units)
Thread count was 8 (of 96 available processors)

Solution count 8: -6.41635 -5.93154 -5.6813 ... 2.02393
No other solutions better than -6.41635

Optimal solution found (tolerance 1.00e-06)
Best objective -6.416346515402e+00, best bound -6.416346515402e+00, gap 0.0000%

User-callback calls 186, time in user-callback 0.00 sec
