
Gurobi 13.0.0 (linux64) logging started Sun May  3 10:53:59 2026

Set parameter LogFile to value "logs/N=16_layers=1_presolve_on/N=16/seed=35/quantum_layers=1/precond_pen=0.800.log"
Set parameter MIPGap to value 1e-06
Set parameter Threads to value 8
Gurobi Optimizer version 13.0.0 build v13.0.0rc1 (linux64 - "Oracle Linux Server 9.7")

CPU model: AMD EPYC 7643 48-Core Processor, instruction set [SSE2|AVX|AVX2]
Thread count: 48 physical cores, 96 logical processors, using up to 8 threads

Non-default parameters:
MIPGap  1e-06
Threads  8

Optimize a model with 1 rows, 16 columns and 16 nonzeros (Min)
Model fingerprint: 0x82d75438
Model has 16 linear objective coefficients and an objective constant of 6.7331806136219994e+00
Model has 120 quadratic objective terms
Variable types: 0 continuous, 16 integer (16 binary)
Coefficient statistics:
  Matrix range     [1e+00, 1e+00]
  Objective range  [1e+00, 2e+00]
  QObjective range [8e-02, 9e-01]
  Bounds range     [1e+00, 1e+00]
  RHS range        [8e+00, 8e+00]
Found heuristic solution: objective -0.3009415
Presolve time: 0.00s
Presolved: 121 rows, 136 columns, 376 nonzeros
Variable types: 0 continuous, 136 integer (136 binary)

Root relaxation: objective -6.733181e+00, 32 iterations, 0.00 seconds (0.00 work units)

    Nodes    |    Current Node    |     Objective Bounds      |     Work
 Expl Unexpl |  Obj  Depth IntInf | Incumbent    BestBd   Gap | It/Node Time

     0     0   -6.73318    0   16   -0.30094   -6.73318  2137%     -    0s
H    0     0                      -0.5744894   -6.73318  1072%     -    0s
H    0     0                      -1.3820759   -6.73318   387%     -    0s
H    0     0                      -1.5187113   -5.00411   229%     -    0s
     0     0   -1.68570    0  105   -1.51871   -1.68570  11.0%     -    0s
     0     0   -1.56207    0  123   -1.51871   -1.56207  2.86%     -    0s
     0     0   -1.56207    0  123   -1.51871   -1.56207  2.86%     -    0s
     0     0   -1.56207    0  123   -1.51871   -1.56207  2.86%     -    0s
     0     2   -1.56207    0  123   -1.51871   -1.56207  2.86%     -    0s

Cutting planes:
  Gomory: 1
  Dual implied bound: 7
  MIR: 64
  StrongCG: 1
  Zero half: 21
  RLT: 31
  BQP: 227

Explored 3 nodes (902 simplex iterations) in 0.10 seconds (0.08 work units)
Thread count was 8 (of 96 available processors)

Solution count 4: -1.51871 -1.38208 -0.574489 -0.300941 
No other solutions better than -1.51871

Optimal solution found (tolerance 1.00e-06)
Best objective -1.518711257512e+00, best bound -1.518711257512e+00, gap 0.0000%

User-callback calls 209, time in user-callback 0.00 sec
