
Gurobi 13.0.0 (linux64) logging started Sun May  3 10:53:49 2026

Set parameter LogFile to value "logs/N=16_layers=1_presolve_on/N=16/seed=20/quantum_layers=1/baseline.log"
Set parameter MIPGap to value 1e-06
Set parameter Threads to value 8
Gurobi Optimizer version 13.0.0 build v13.0.0rc1 (linux64 - "Oracle Linux Server 9.7")

CPU model: AMD EPYC 7643 48-Core Processor, instruction set [SSE2|AVX|AVX2]
Thread count: 48 physical cores, 96 logical processors, using up to 8 threads

Non-default parameters:
MIPGap  1e-06
Threads  8

Optimize a model with 1 rows, 16 columns and 16 nonzeros (Min)
Model fingerprint: 0x91eaa158
Model has 16 linear objective coefficients and an objective constant of 9.9187325020011485e-13
Model has 120 quadratic objective terms
Variable types: 0 continuous, 16 integer (16 binary)
Coefficient statistics:
  Matrix range     [1e+00, 1e+00]
  Objective range  [1e+01, 2e+01]
  QObjective range [4e-02, 8e+00]
  Bounds range     [1e+00, 1e+00]
  RHS range        [8e+00, 8e+00]
Found heuristic solution: objective 62.5433480
Presolve time: 0.00s
Presolved: 121 rows, 136 columns, 376 nonzeros
Variable types: 0 continuous, 136 integer (136 binary)

Root relaxation: objective 9.936496e-13, 12 iterations, 0.00 seconds (0.00 work units)

    Nodes    |    Current Node    |     Objective Bounds      |     Work
 Expl Unexpl |  Obj  Depth IntInf | Incumbent    BestBd   Gap | It/Node Time

     0     0    0.00000    0   16   62.54335    0.00000   100%     -    0s
H    0     0                      58.8871088    0.00000   100%     -    0s
H    0     0                      48.8488161    0.00000   100%     -    0s
     0     0   23.44630    0   16   48.84882   23.44630  52.0%     -    0s
     0     0   26.15267    0   24   48.84882   26.15267  46.5%     -    0s
     0     0   33.52451    0   61   48.84882   33.52451  31.4%     -    0s
     0     0   33.82948    0   61   48.84882   33.82948  30.7%     -    0s
     0     2   33.86392    0   61   48.84882   33.86392  30.7%     -    0s

Cutting planes:
  Gomory: 1
  Cover: 1
  Dual implied bound: 27
  MIR: 11
  RLT: 14

Explored 106 nodes (3495 simplex iterations) in 0.06 seconds (0.06 work units)
Thread count was 8 (of 96 available processors)

Solution count 3: 48.8488 58.8871 62.5433 

Optimal solution found (tolerance 1.00e-06)
Best objective 4.884881610320e+01, best bound 4.884881610320e+01, gap 0.0000%

User-callback calls 407, time in user-callback 0.00 sec
