
Gurobi 13.0.0 (linux64) logging started Sun May  3 10:53:49 2026

Set parameter LogFile to value "logs/N=16_layers=1_presolve_on/N=16/seed=20/quantum_layers=1/precond_pen=0.000.log"
Set parameter MIPGap to value 1e-06
Set parameter Threads to value 8
Gurobi Optimizer version 13.0.0 build v13.0.0rc1 (linux64 - "Oracle Linux Server 9.7")

CPU model: AMD EPYC 7643 48-Core Processor, instruction set [SSE2|AVX|AVX2]
Thread count: 48 physical cores, 96 logical processors, using up to 8 threads

Non-default parameters:
MIPGap  1e-06
Threads  8

Optimize a model with 1 rows, 16 columns and 16 nonzeros (Min)
Model fingerprint: 0x8112cd24
Model has 16 linear objective coefficients and an objective constant of -4.3377551933849013e+01
Model has 120 quadratic objective terms
Variable types: 0 continuous, 16 integer (16 binary)
Coefficient statistics:
  Matrix range     [1e+00, 1e+00]
  Objective range  [1e+01, 1e+01]
  QObjective range [2e+00, 4e+00]
  Bounds range     [1e+00, 1e+00]
  RHS range        [8e+00, 8e+00]
Found heuristic solution: objective 3.7225934
Presolve time: 0.00s
Presolved: 121 rows, 136 columns, 376 nonzeros
Variable types: 0 continuous, 136 integer (136 binary)

Root relaxation: objective -4.337755e+01, 6 iterations, 0.00 seconds (0.00 work units)

    Nodes    |    Current Node    |     Objective Bounds      |     Work
 Expl Unexpl |  Obj  Depth IntInf | Incumbent    BestBd   Gap | It/Node Time

     0     0  -43.37755    0   16    3.72259  -43.37755  1265%     -    0s
H    0     0                       3.3976511  -43.37755  1377%     -    0s
H    0     0                       3.2178950  -43.37755  1448%     -    0s
H    0     0                      -0.1195664  -43.37755      -     -    0s
     0     0   -5.10255    0   16   -0.11957   -5.10255  4168%     -    0s
     0     0   -4.93226    0   20   -0.11957   -4.93226  4025%     -    0s
     0     0   -3.22260    0   61   -0.11957   -3.22260  2595%     -    0s
     0     0   -3.20470    0   61   -0.11957   -3.20470  2580%     -    0s
     0     2   -3.14751    0   61   -0.11957   -3.14751  2532%     -    0s
H   14    16                      -0.3305201   -1.49108   351%  50.9    0s

Cutting planes:
  Gomory: 3
  Dual implied bound: 28
  MIR: 11
  RLT: 14

Explored 40 nodes (1711 simplex iterations) in 0.06 seconds (0.05 work units)
Thread count was 8 (of 96 available processors)

Solution count 5: -0.33052 -0.119566 3.21789 ... 3.72259

Optimal solution found (tolerance 1.00e-06)
Best objective -3.305201243050e-01, best bound -3.305201243050e-01, gap 0.0000%

User-callback calls 278, time in user-callback 0.00 sec
