
Gurobi 13.0.0 (linux64) logging started Sun May  3 10:53:50 2026

Set parameter LogFile to value "logs/N=16_layers=1_presolve_on/N=16/seed=20/quantum_layers=1/precond_pen=1.000.log"
Set parameter MIPGap to value 1e-06
Set parameter Threads to value 8
Gurobi Optimizer version 13.0.0 build v13.0.0rc1 (linux64 - "Oracle Linux Server 9.7")

CPU model: AMD EPYC 7643 48-Core Processor, instruction set [SSE2|AVX|AVX2]
Thread count: 48 physical cores, 96 logical processors, using up to 8 threads

Non-default parameters:
MIPGap  1e-06
Threads  8

Optimize a model with 1 rows, 16 columns and 16 nonzeros (Min)
Model fingerprint: 0x64bd79ed
Model has 16 linear objective coefficients and an objective constant of 6.7669403017280008e+00
Model has 120 quadratic objective terms
Variable types: 0 continuous, 16 integer (16 binary)
Coefficient statistics:
  Matrix range     [1e+00, 1e+00]
  Objective range  [1e+00, 2e+00]
  QObjective range [2e-01, 7e-01]
  Bounds range     [1e+00, 1e+00]
  RHS range        [8e+00, 8e+00]
Found heuristic solution: objective -0.2283700
Presolve time: 0.00s
Presolved: 121 rows, 136 columns, 376 nonzeros
Variable types: 0 continuous, 136 integer (136 binary)

Root relaxation: objective -6.766940e+00, 44 iterations, 0.00 seconds (0.00 work units)

    Nodes    |    Current Node    |     Objective Bounds      |     Work
 Expl Unexpl |  Obj  Depth IntInf | Incumbent    BestBd   Gap | It/Node Time

     0     0   -6.76694    0   16   -0.22837   -6.76694  2863%     -    0s
H    0     0                      -0.4116613   -6.76694  1544%     -    0s
H    0     0                      -0.4131280   -6.76694  1538%     -    0s
H    0     0                      -0.6572469   -6.76694   930%     -    0s
H    0     0                      -1.1292647   -6.76694   499%     -    0s
     0     0   -1.21030    0  109   -1.12926   -1.21030  7.18%     -    0s
H    0     0                      -1.1741107   -1.18647  1.05%     -    0s
     0     0   -1.17411    0  119   -1.17411   -1.17411  0.00%     -    0s

Cutting planes:
  Gomory: 5
  Dual implied bound: 14
  MIR: 81
  StrongCG: 2
  Zero half: 23
  RLT: 33
  BQP: 267

Explored 1 nodes (1670 simplex iterations) in 0.15 seconds (0.11 work units)
Thread count was 8 (of 96 available processors)

Solution count 6: -1.17411 -1.12926 -0.657247 ... -0.22837
No other solutions better than -1.17411

Optimal solution found (tolerance 1.00e-06)
Best objective -1.174110662994e+00, best bound -1.174110662994e+00, gap 0.0000%

User-callback calls 186, time in user-callback 0.00 sec
