
Gurobi 13.0.0 (linux64) logging started Sun May  3 10:54:25 2026

Set parameter LogFile to value "logs/N=16_layers=1_presolve_off/N=16/seed=29/quantum_layers=1/precond_pen=0.000.log"
Set parameter MIPGap to value 1e-06
Set parameter Threads to value 8
Set parameter Presolve to value 0
Gurobi Optimizer version 13.0.0 build v13.0.0rc1 (linux64 - "Oracle Linux Server 9.7")

CPU model: AMD EPYC 7643 48-Core Processor, instruction set [SSE2|AVX|AVX2]
Thread count: 48 physical cores, 96 logical processors, using up to 8 threads

Non-default parameters:
MIPGap  1e-06
Presolve  0
Threads  8

Optimize a model with 1 rows, 16 columns and 16 nonzeros (Min)
Model fingerprint: 0xab2fa211
Model has 16 linear objective coefficients and an objective constant of -4.2172437951031981e+01
Model has 120 quadratic objective terms
Variable types: 0 continuous, 16 integer (16 binary)
Coefficient statistics:
  Matrix range     [1e+00, 1e+00]
  Objective range  [9e+00, 1e+01]
  QObjective range [1e+00, 4e+00]
  Bounds range     [1e+00, 1e+00]
  RHS range        [8e+00, 8e+00]
Found heuristic solution: objective 1.8574226
Variable types: 0 continuous, 136 integer (136 binary)

Root relaxation: objective -4.217244e+01, 13 iterations, 0.00 seconds (0.00 work units)

    Nodes    |    Current Node    |     Objective Bounds      |     Work
 Expl Unexpl |  Obj  Depth IntInf | Incumbent    BestBd   Gap | It/Node Time

     0     0  -42.17244    0   16    1.85742  -42.17244  2370%     -    0s
H    0     0                      -0.5068804  -42.17244  8220%     -    0s
     0     0   -5.55303    0   16   -0.50688   -5.55303   996%     -    0s
     0     0   -5.40866    0   24   -0.50688   -5.40866   967%     -    0s
     0     0   -3.97092    0   44   -0.50688   -3.97092   683%     -    0s
     0     0   -3.92962    0   44   -0.50688   -3.92962   675%     -    0s
     0     2   -3.91954    0   44   -0.50688   -3.91954   673%     -    0s

Cutting planes:
  Gomory: 1
  MIR: 14
  RLT: 14

Explored 104 nodes (3424 simplex iterations) in 0.06 seconds (0.05 work units)
Thread count was 8 (of 96 available processors)

Solution count 2: -0.50688 1.85742 

Optimal solution found (tolerance 1.00e-06)
Best objective -5.068804250300e-01, best bound -5.068804250300e-01, gap 0.0000%

User-callback calls 305, time in user-callback 0.00 sec
